Initialized native services in: C:\Users\Malik\.gradle\native
Initialized jansi services in: C:\Users\Malik\.gradle\native
Received JVM installation metadata from 'C:\Program Files\Java': {JAVA_HOME=C:\Program Files\Java, JAVA_VERSION=21.0.4, JAVA_VENDOR=Red Hat, Inc., RUNTIME_NAME=OpenJDK Runtime Environment, RUNTIME_VERSION=21.0.4+7-LTS, VM_NAME=OpenJDK 64-Bit Server VM, VM_VERSION=21.0.4+7-LTS, VM_VENDOR=Red Hat, Inc., OS_ARCH=amd64}
To honour the JVM settings for this build a single-use Daemon process will be forked. For more on this, please refer to https://docs.gradle.org/8.9/userguide/gradle_daemon.html#sec:disabling_the_daemon in the Gradle documentation.
Starting process 'Gradle build daemon'. Working directory: C:\Users\Malik\.gradle\daemon\8.9 Command: C:\Program Files\Java\bin\java.exe -XX:MaxMetaspaceSize=1024m -XX:+UseG1GC -XX:+UseStringDeduplication --add-opens=java.base/java.util=ALL-UNNAMED --add-opens=java.base/java.lang=ALL-UNNAMED --add-opens=java.base/java.lang.invoke=ALL-UNNAMED --add-opens=java.prefs/java.util.prefs=ALL-UNNAMED --add-exports=jdk.compiler/com.sun.tools.javac.api=ALL-UNNAMED --add-exports=jdk.compiler/com.sun.tools.javac.util=ALL-UNNAMED --add-opens=java.base/java.nio.charset=ALL-UNNAMED --add-opens=java.base/java.net=ALL-UNNAMED --add-opens=java.base/java.util.concurrent.atomic=ALL-UNNAMED -Xmx4096m -Dfile.encoding=UTF-8 -Duser.country=GB -Duser.language=en -Duser.variant -cp C:\Users\Malik\.gradle\wrapper\dists\gradle-8.9-all\6m0mbzute7p0zdleavqlib88a\gradle-8.9\lib\gradle-daemon-main-8.9.jar -javaagent:C:\Users\Malik\.gradle\wrapper\dists\gradle-8.9-all\6m0mbzute7p0zdleavqlib88a\gradle-8.9\lib\agents\gradle-instrumentation-agent-8.9.jar org.gradle.launcher.daemon.bootstrap.GradleDaemon 8.9
Successfully started process 'Gradle build daemon'
An attempt to start the daemon took 3.017 secs.
The client will now receive all logging from the daemon (pid: 18088). The daemon log file: C:\Users\Malik\.gradle\daemon\8.9\daemon-18088.out.log
Daemon will be stopped at the end of the build 
Using 2 worker leases.
Received JVM installation metadata from 'C:\Program Files\Java': {JAVA_HOME=C:\Program Files\Java, JAVA_VERSION=21.0.4, JAVA_VENDOR=Red Hat, Inc., RUNTIME_NAME=OpenJDK Runtime Environment, RUNTIME_VERSION=21.0.4+7-LTS, VM_NAME=OpenJDK 64-Bit Server VM, VM_VERSION=21.0.4+7-LTS, VM_VENDOR=Red Hat, Inc., OS_ARCH=amd64}
Watching the file system is configured to be disabled
File system watching is inactive
Starting Build
Settings evaluated using settings file 'D:\cursor working\debxtrem\settings.gradle'.
Projects loaded. Root project using build file 'D:\cursor working\debxtrem\build.gradle'.
Included projects: [root project 'DebridXtreamIPTV', project ':app']

> Configure project :
Evaluating root project 'DebridXtreamIPTV' using build file 'D:\cursor working\debxtrem\build.gradle'.
Transforming gradle-8.7.1.jar (com.android.tools.build:gradle:8.7.1) with InstrumentationAnalysisTransform
Transforming kotlin-gradle-plugin-model-1.9.25.jar (org.jetbrains.kotlin:kotlin-gradle-plugin-model:1.9.25) with InstrumentationAnalysisTransform
Transforming kotlin-gradle-plugin-api-1.9.25.jar (org.jetbrains.kotlin:kotlin-gradle-plugin-api:1.9.25) with InstrumentationAnalysisTransform
Transforming kotlin-gradle-plugin-1.9.25-gradle82.jar (org.jetbrains.kotlin:kotlin-gradle-plugin:1.9.25) with InstrumentationAnalysisTransform
Transforming hilt-android-gradle-plugin-2.51.1.jar (com.google.dagger:hilt-android-gradle-plugin:2.51.1) with InstrumentationAnalysisTransform
Transforming google-services-4.4.2.jar (com.google.gms:google-services:4.4.2) with InstrumentationAnalysisTransform
Transforming gradle-settings-api-8.7.1.jar (com.android.tools.build:gradle-settings-api:8.7.1) with InstrumentationAnalysisTransform
Transforming lint-model-31.7.1.jar (com.android.tools.lint:lint-model:31.7.1) with InstrumentationAnalysisTransform
Transforming builder-8.7.1.jar (com.android.tools.build:builder:8.7.1) with InstrumentationAnalysisTransform
Transforming manifest-merger-31.7.1.jar (com.android.tools.build:manifest-merger:31.7.1) with InstrumentationAnalysisTransform
Transforming sdk-common-31.7.1.jar (com.android.tools:sdk-common:31.7.1) with InstrumentationAnalysisTransform
Transforming sdklib-31.7.1.jar (com.android.tools:sdklib:31.7.1) with InstrumentationAnalysisTransform
Transforming repository-31.7.1.jar (com.android.tools:repository:31.7.1) with InstrumentationAnalysisTransform
Transforming gradle-api-8.7.1.jar (com.android.tools.build:gradle-api:8.7.1) with InstrumentationAnalysisTransform
Transforming builder-test-api-8.7.1.jar (com.android.tools.build:builder-test-api:8.7.1) with InstrumentationAnalysisTransform
Transforming ddmlib-31.7.1.jar (com.android.tools.ddms:ddmlib:31.7.1) with InstrumentationAnalysisTransform
Transforming aaptcompiler-8.7.1.jar (com.android.tools.build:aaptcompiler:8.7.1) with InstrumentationAnalysisTransform
Transforming bundletool-1.17.1.jar (com.android.tools.build:bundletool:1.17.1) with InstrumentationAnalysisTransform
Transforming aapt2-proto-8.7.1-12006047.jar (com.android.tools.build:aapt2-proto:8.7.1-12006047) with InstrumentationAnalysisTransform
Transforming crash-31.7.1.jar (com.android.tools.analytics-library:crash:31.7.1) with InstrumentationAnalysisTransform
Transforming tracker-31.7.1.jar (com.android.tools.analytics-library:tracker:31.7.1) with InstrumentationAnalysisTransform
Transforming shared-31.7.1.jar (com.android.tools.analytics-library:shared:31.7.1) with InstrumentationAnalysisTransform
Transforming lint-typedef-remover-31.7.1.jar (com.android.tools.lint:lint-typedef-remover:31.7.1) with InstrumentationAnalysisTransform
Transforming databinding-compiler-common-8.7.1.jar (androidx.databinding:databinding-compiler-common:8.7.1) with InstrumentationAnalysisTransform
Transforming databinding-common-8.7.1.jar (androidx.databinding:databinding-common:8.7.1) with InstrumentationAnalysisTransform
Transforming baseLibrary-8.7.1.jar (com.android.databinding:baseLibrary:8.7.1) with InstrumentationAnalysisTransform
Transforming layoutlib-api-31.7.1.jar (com.android.tools.layoutlib:layoutlib-api:31.7.1) with InstrumentationAnalysisTransform
Transforming android-device-provider-ddmlib-proto-31.7.1.jar (com.android.tools.utp:android-device-provider-ddmlib-proto:31.7.1) with InstrumentationAnalysisTransform
Transforming android-device-provider-gradle-proto-31.7.1.jar (com.android.tools.utp:android-device-provider-gradle-proto:31.7.1) with InstrumentationAnalysisTransform
Transforming android-device-provider-profile-proto-31.7.1.jar (com.android.tools.utp:android-device-provider-profile-proto:31.7.1) with InstrumentationAnalysisTransform
Transforming android-test-plugin-host-additional-test-output-proto-31.7.1.jar (com.android.tools.utp:android-test-plugin-host-additional-test-output-proto:31.7.1) with InstrumentationAnalysisTransform
Transforming android-test-plugin-host-coverage-proto-31.7.1.jar (com.android.tools.utp:android-test-plugin-host-coverage-proto:31.7.1) with InstrumentationAnalysisTransform
Transforming android-test-plugin-host-emulator-control-proto-31.7.1.jar (com.android.tools.utp:android-test-plugin-host-emulator-control-proto:31.7.1) with InstrumentationAnalysisTransform
Transforming android-test-plugin-host-logcat-proto-31.7.1.jar (com.android.tools.utp:android-test-plugin-host-logcat-proto:31.7.1) with InstrumentationAnalysisTransform
Transforming android-test-plugin-host-apk-installer-proto-31.7.1.jar (com.android.tools.utp:android-test-plugin-host-apk-installer-proto:31.7.1) with InstrumentationAnalysisTransform
Transforming android-test-plugin-host-retention-proto-31.7.1.jar (com.android.tools.utp:android-test-plugin-host-retention-proto:31.7.1) with InstrumentationAnalysisTransform
Transforming android-test-plugin-result-listener-gradle-proto-31.7.1.jar (com.android.tools.utp:android-test-plugin-result-listener-gradle-proto:31.7.1) with InstrumentationAnalysisTransform
Transforming builder-model-8.7.1.jar (com.android.tools.build:builder-model:8.7.1) with InstrumentationAnalysisTransform
Transforming jetifier-processor-1.0.0-beta10.jar (com.android.tools.build.jetifier:jetifier-processor:1.0.0-beta10) with InstrumentationAnalysisTransform
Transforming jetifier-core-1.0.0-beta10.jar (com.android.tools.build.jetifier:jetifier-core:1.0.0-beta10) with InstrumentationAnalysisTransform
Transforming kotlin-reflect-1.9.20.jar (org.jetbrains.kotlin:kotlin-reflect:1.9.20) with InstrumentationAnalysisTransform
Transforming kotlin-stdlib-jdk7-1.9.20.jar (org.jetbrains.kotlin:kotlin-stdlib-jdk7:1.9.20) with InstrumentationAnalysisTransform
Transforming kotlin-stdlib-1.9.20.jar (org.jetbrains.kotlin:kotlin-stdlib:1.9.20) with InstrumentationAnalysisTransform
Transforming strict-version-matcher-plugin-1.2.4.jar (com.google.android.gms:strict-version-matcher-plugin:1.2.4) with InstrumentationAnalysisTransform
Transforming dvlib-31.7.1.jar (com.android.tools:dvlib:31.7.1) with InstrumentationAnalysisTransform
Transforming common-31.7.1.jar (com.android.tools:common:31.7.1) with InstrumentationAnalysisTransform
Transforming kotlin-stdlib-jdk8-1.9.20.jar (org.jetbrains.kotlin:kotlin-stdlib-jdk8:1.9.20) with InstrumentationAnalysisTransform
Transforming transform-api-2.0.0-deprecated-use-gradle-api.jar (com.android.tools.build:transform-api:2.0.0-deprecated-use-gradle-api) with InstrumentationAnalysisTransform
Transforming httpmime-4.5.6.jar (org.apache.httpcomponents:httpmime:4.5.6) with InstrumentationAnalysisTransform
Transforming commons-io-2.13.0.jar (commons-io:commons-io:2.13.0) with InstrumentationAnalysisTransform
Transforming asm-commons-9.6.jar (org.ow2.asm:asm-commons:9.6) with InstrumentationAnalysisTransform
Transforming asm-util-9.6.jar (org.ow2.asm:asm-util:9.6) with InstrumentationAnalysisTransform
Transforming asm-analysis-9.6.jar (org.ow2.asm:asm-analysis:9.6) with InstrumentationAnalysisTransform
Transforming asm-tree-9.6.jar (org.ow2.asm:asm-tree:9.6) with InstrumentationAnalysisTransform
Transforming asm-9.6.jar (org.ow2.asm:asm:9.6) with InstrumentationAnalysisTransform
Transforming apkzlib-8.7.1.jar (com.android.tools.build:apkzlib:8.7.1) with InstrumentationAnalysisTransform
Transforming bcpkix-jdk18on-1.77.jar (org.bouncycastle:bcpkix-jdk18on:1.77) with InstrumentationAnalysisTransform
Transforming jaxb-runtime-2.3.2.jar (org.glassfish.jaxb:jaxb-runtime:2.3.2) with InstrumentationAnalysisTransform
Transforming jopt-simple-4.9.jar (net.sf.jopt-simple:jopt-simple:4.9) with InstrumentationAnalysisTransform
Transforming javapoet-1.13.0.jar (com.squareup:javapoet:1.13.0) with InstrumentationAnalysisTransform
Transforming protobuf-java-util-3.22.3.jar (com.google.protobuf:protobuf-java-util:3.22.3) with InstrumentationAnalysisTransform
Transforming grpc-protobuf-1.57.0.jar (io.grpc:grpc-protobuf:1.57.0) with InstrumentationAnalysisTransform
Transforming tink-1.7.0.jar (com.google.crypto.tink:tink:1.7.0) with InstrumentationAnalysisTransform
Transforming protos-31.7.1.jar (com.android.tools.analytics-library:protos:31.7.1) with InstrumentationAnalysisTransform
Transforming proto-google-common-protos-2.17.0.jar (com.google.api.grpc:proto-google-common-protos:2.17.0) with InstrumentationAnalysisTransform
Transforming protobuf-java-3.22.3.jar (com.google.protobuf:protobuf-java:3.22.3) with InstrumentationAnalysisTransform
Transforming grpc-netty-1.57.0.jar (io.grpc:grpc-netty:1.57.0) with InstrumentationAnalysisTransform
Transforming grpc-core-1.57.0.jar (io.grpc:grpc-core:1.57.0) with InstrumentationAnalysisTransform
Transforming gson-2.10.1.jar (com.google.code.gson:gson:2.10.1) with InstrumentationAnalysisTransform
Transforming grpc-stub-1.57.0.jar (io.grpc:grpc-stub:1.57.0) with InstrumentationAnalysisTransform
Transforming core-proto-0.0.9-alpha02.jar (com.google.testing.platform:core-proto:0.0.9-alpha02) with InstrumentationAnalysisTransform
Transforming tensorflow-lite-metadata-0.1.0-rc2.jar (org.tensorflow:tensorflow-lite-metadata:0.1.0-rc2) with InstrumentationAnalysisTransform
Transforming flatbuffers-java-1.12.0.jar (com.google.flatbuffers:flatbuffers-java:1.12.0) with InstrumentationAnalysisTransform
Transforming kotlin-gradle-plugin-idea-proto-1.9.25.jar (org.jetbrains.kotlin:kotlin-gradle-plugin-idea-proto:1.9.25) with InstrumentationAnalysisTransform
Transforming kotlin-gradle-plugin-idea-1.9.25.jar (org.jetbrains.kotlin:kotlin-gradle-plugin-idea:1.9.25) with InstrumentationAnalysisTransform
Transforming kotlin-klib-commonizer-api-1.9.25.jar (org.jetbrains.kotlin:kotlin-klib-commonizer-api:1.9.25) with InstrumentationAnalysisTransform
Transforming kotlin-native-utils-1.9.25.jar (org.jetbrains.kotlin:kotlin-native-utils:1.9.25) with InstrumentationAnalysisTransform
Transforming kotlin-util-klib-1.9.25.jar (org.jetbrains.kotlin:kotlin-util-klib:1.9.25) with InstrumentationAnalysisTransform
Transforming kotlin-build-tools-api-1.9.25.jar (org.jetbrains.kotlin:kotlin-build-tools-api:1.9.25) with InstrumentationAnalysisTransform
Transforming kotlin-android-extensions-1.9.25.jar (org.jetbrains.kotlin:kotlin-android-extensions:1.9.25) with InstrumentationAnalysisTransform
Transforming kotlin-compiler-runner-1.9.25.jar (org.jetbrains.kotlin:kotlin-compiler-runner:1.9.25) with InstrumentationAnalysisTransform
Transforming kotlin-compiler-embeddable-1.9.25.jar (org.jetbrains.kotlin:kotlin-compiler-embeddable:1.9.25) with InstrumentationAnalysisTransform
Transforming kotlin-scripting-compiler-embeddable-1.9.25.jar (org.jetbrains.kotlin:kotlin-scripting-compiler-embeddable:1.9.25) with InstrumentationAnalysisTransform
Transforming kotlin-scripting-compiler-impl-embeddable-1.9.25.jar (org.jetbrains.kotlin:kotlin-scripting-compiler-impl-embeddable:1.9.25) with InstrumentationAnalysisTransform
Transforming jimfs-1.1.jar (com.google.jimfs:jimfs:1.1) with InstrumentationAnalysisTransform
Transforming grpc-context-1.57.0.jar (io.grpc:grpc-context:1.57.0) with InstrumentationAnalysisTransform
Transforming grpc-protobuf-lite-1.57.0.jar (io.grpc:grpc-protobuf-lite:1.57.0) with InstrumentationAnalysisTransform
Transforming grpc-api-1.57.0.jar (io.grpc:grpc-api:1.57.0) with InstrumentationAnalysisTransform
Transforming guava-32.0.1-jre.jar (com.google.guava:guava:32.0.1-jre) with InstrumentationAnalysisTransform
Transforming dagger-2.28.3.jar (com.google.dagger:dagger:2.28.3) with InstrumentationAnalysisTransform
Transforming javax.inject-1.jar (javax.inject:javax.inject:1) with InstrumentationAnalysisTransform
Transforming kxml2-2.3.0.jar (net.sf.kxml:kxml2:2.3.0) with InstrumentationAnalysisTransform
Transforming bcutil-jdk18on-1.77.jar (org.bouncycastle:bcutil-jdk18on:1.77) with InstrumentationAnalysisTransform
Transforming bcprov-jdk18on-1.77.jar (org.bouncycastle:bcprov-jdk18on:1.77) with InstrumentationAnalysisTransform
Transforming trove4j-1.0.20200330.jar (org.jetbrains.intellij.deps:trove4j:1.0.20200330) with InstrumentationAnalysisTransform
Transforming commons-compress-1.21.jar (org.apache.commons:commons-compress:1.21) with InstrumentationAnalysisTransform
Transforming httpclient-4.5.14.jar (org.apache.httpcomponents:httpclient:4.5.14) with InstrumentationAnalysisTransform
Transforming httpcore-4.4.16.jar (org.apache.httpcomponents:httpcore:4.4.16) with InstrumentationAnalysisTransform
Transforming javax.activation-1.2.0.jar (com.sun.activation:javax.activation:1.2.0) with InstrumentationAnalysisTransform
Transforming annotations-23.0.0.jar (org.jetbrains:annotations:23.0.0) with InstrumentationAnalysisTransform
Transforming signflinger-8.7.1.jar (com.android:signflinger:8.7.1) with InstrumentationAnalysisTransform
Transforming zipflinger-8.7.1.jar (com.android:zipflinger:8.7.1) with InstrumentationAnalysisTransform
Transforming annotations-31.7.1.jar (com.android.tools:annotations:31.7.1) with InstrumentationAnalysisTransform
Transforming jna-platform-5.6.0.jar (net.java.dev.jna:jna-platform:5.6.0) with InstrumentationAnalysisTransform
Transforming juniversalchardet-1.0.3.jar (com.googlecode.juniversalchardet:juniversalchardet:1.0.3) with InstrumentationAnalysisTransform
Transforming javax.annotation-api-1.3.2.jar (javax.annotation:javax.annotation-api:1.3.2) with InstrumentationAnalysisTransform
Transforming stax-ex-1.8.1.jar (org.jvnet.staxex:stax-ex:1.8.1) with InstrumentationAnalysisTransform
Transforming jakarta.xml.bind-api-2.3.2.jar (jakarta.xml.bind:jakarta.xml.bind-api:2.3.2) with InstrumentationAnalysisTransform
Transforming txw2-2.3.2.jar (org.glassfish.jaxb:txw2:2.3.2) with InstrumentationAnalysisTransform
Transforming istack-commons-runtime-3.0.8.jar (com.sun.istack:istack-commons-runtime:3.0.8) with InstrumentationAnalysisTransform
Transforming FastInfoset-1.2.16.jar (com.sun.xml.fastinfoset:FastInfoset:1.2.16) with InstrumentationAnalysisTransform
Transforming jakarta.activation-api-1.2.1.jar (jakarta.activation:jakarta.activation-api:1.2.1) with InstrumentationAnalysisTransform
Transforming auto-value-annotations-1.6.2.jar (com.google.auto.value:auto-value-annotations:1.6.2) with InstrumentationAnalysisTransform
Transforming error_prone_annotations-2.18.0.jar (com.google.errorprone:error_prone_annotations:2.18.0) with InstrumentationAnalysisTransform
Transforming jose4j-0.9.5.jar (org.bitbucket.b_c:jose4j:0.9.5) with InstrumentationAnalysisTransform
Transforming slf4j-api-1.7.30.jar (org.slf4j:slf4j-api:1.7.30) with InstrumentationAnalysisTransform
Transforming jdom2-2.0.6.jar (org.jdom:jdom2:2.0.6) with InstrumentationAnalysisTransform
Transforming jsr305-3.0.2.jar (com.google.code.findbugs:jsr305:3.0.2) with InstrumentationAnalysisTransform
Transforming j2objc-annotations-2.8.jar (com.google.j2objc:j2objc-annotations:2.8) with InstrumentationAnalysisTransform
Transforming annotations-4.1.1.4.jar (com.google.android:annotations:4.1.1.4) with InstrumentationAnalysisTransform
Transforming animal-sniffer-annotations-1.23.jar (org.codehaus.mojo:animal-sniffer-annotations:1.23) with InstrumentationAnalysisTransform
Transforming perfmark-api-0.26.0.jar (io.perfmark:perfmark-api:0.26.0) with InstrumentationAnalysisTransform
Transforming netty-codec-http2-4.1.93.Final.jar (io.netty:netty-codec-http2:4.1.93.Final) with InstrumentationAnalysisTransform
Transforming netty-handler-proxy-4.1.93.Final.jar (io.netty:netty-handler-proxy:4.1.93.Final) with InstrumentationAnalysisTransform
Transforming netty-codec-http-4.1.93.Final.jar (io.netty:netty-codec-http:4.1.93.Final) with InstrumentationAnalysisTransform
Transforming netty-handler-4.1.93.Final.jar (io.netty:netty-handler:4.1.93.Final) with InstrumentationAnalysisTransform
Transforming netty-transport-native-unix-common-4.1.93.Final.jar (io.netty:netty-transport-native-unix-common:4.1.93.Final) with InstrumentationAnalysisTransform
Transforming checker-qual-3.33.0.jar (org.checkerframework:checker-qual:3.33.0) with InstrumentationAnalysisTransform
Transforming commons-codec-1.11.jar (commons-codec:commons-codec:1.11) with InstrumentationAnalysisTransform
Transforming apksig-8.7.1.jar (com.android.tools.build:apksig:8.7.1) with InstrumentationAnalysisTransform
Transforming javawriter-2.5.0.jar (com.squareup:javawriter:2.5.0) with InstrumentationAnalysisTransform
Transforming kotlin-gradle-plugin-annotations-1.9.25.jar (org.jetbrains.kotlin:kotlin-gradle-plugin-annotations:1.9.25) with InstrumentationAnalysisTransform
Transforming kotlin-project-model-1.9.25.jar (org.jetbrains.kotlin:kotlin-project-model:1.9.25) with InstrumentationAnalysisTransform
Transforming kotlin-tooling-core-1.9.25.jar (org.jetbrains.kotlin:kotlin-tooling-core:1.9.25) with InstrumentationAnalysisTransform
Transforming kotlin-util-io-1.9.25.jar (org.jetbrains.kotlin:kotlin-util-io:1.9.25) with InstrumentationAnalysisTransform
Transforming kotlin-daemon-embeddable-1.9.25.jar (org.jetbrains.kotlin:kotlin-daemon-embeddable:1.9.25) with InstrumentationAnalysisTransform
Transforming kotlin-daemon-client-1.9.25.jar (org.jetbrains.kotlin:kotlin-daemon-client:1.9.25) with InstrumentationAnalysisTransform
Transforming kotlinx-coroutines-core-jvm-1.5.0.jar (org.jetbrains.kotlinx:kotlinx-coroutines-core-jvm:1.5.0) with InstrumentationAnalysisTransform
Transforming kotlin-scripting-jvm-1.9.25.jar (org.jetbrains.kotlin:kotlin-scripting-jvm:1.9.25) with InstrumentationAnalysisTransform
Transforming kotlin-scripting-common-1.9.25.jar (org.jetbrains.kotlin:kotlin-scripting-common:1.9.25) with InstrumentationAnalysisTransform
Transforming failureaccess-1.0.1.jar (com.google.guava:failureaccess:1.0.1) with InstrumentationAnalysisTransform
Transforming listenablefuture-9999.0-empty-to-avoid-conflict-with-guava.jar (com.google.guava:listenablefuture:9999.0-empty-to-avoid-conflict-with-guava) with InstrumentationAnalysisTransform
Transforming commons-logging-1.2.jar (commons-logging:commons-logging:1.2) with InstrumentationAnalysisTransform
Transforming jna-5.6.0.jar (net.java.dev.jna:jna:5.6.0) with InstrumentationAnalysisTransform
Transforming netty-codec-socks-4.1.93.Final.jar (io.netty:netty-codec-socks:4.1.93.Final) with InstrumentationAnalysisTransform
Transforming netty-codec-4.1.93.Final.jar (io.netty:netty-codec:4.1.93.Final) with InstrumentationAnalysisTransform
Transforming netty-transport-4.1.93.Final.jar (io.netty:netty-transport:4.1.93.Final) with InstrumentationAnalysisTransform
Transforming netty-buffer-4.1.93.Final.jar (io.netty:netty-buffer:4.1.93.Final) with InstrumentationAnalysisTransform
Transforming netty-resolver-4.1.93.Final.jar (io.netty:netty-resolver:4.1.93.Final) with InstrumentationAnalysisTransform
Transforming netty-common-4.1.93.Final.jar (io.netty:netty-common:4.1.93.Final) with InstrumentationAnalysisTransform
Transforming gradle-8.7.1.jar (com.android.tools.build:gradle:8.7.1) with InstrumentationAnalysisTransform
Transforming gradle-8.7.1.jar (com.android.tools.build:gradle:8.7.1) with MergeInstrumentationAnalysisTransform
Transforming kotlin-gradle-plugin-model-1.9.25.jar (org.jetbrains.kotlin:kotlin-gradle-plugin-model:1.9.25) with InstrumentationAnalysisTransform
Transforming kotlin-gradle-plugin-model-1.9.25.jar (org.jetbrains.kotlin:kotlin-gradle-plugin-model:1.9.25) with MergeInstrumentationAnalysisTransform
Transforming kotlin-gradle-plugin-api-1.9.25.jar (org.jetbrains.kotlin:kotlin-gradle-plugin-api:1.9.25) with InstrumentationAnalysisTransform
Transforming kotlin-gradle-plugin-api-1.9.25.jar (org.jetbrains.kotlin:kotlin-gradle-plugin-api:1.9.25) with MergeInstrumentationAnalysisTransform
Transforming kotlin-gradle-plugin-1.9.25-gradle82.jar (org.jetbrains.kotlin:kotlin-gradle-plugin:1.9.25) with InstrumentationAnalysisTransform
Transforming kotlin-gradle-plugin-1.9.25-gradle82.jar (org.jetbrains.kotlin:kotlin-gradle-plugin:1.9.25) with MergeInstrumentationAnalysisTransform
Transforming hilt-android-gradle-plugin-2.51.1.jar (com.google.dagger:hilt-android-gradle-plugin:2.51.1) with InstrumentationAnalysisTransform
Transforming hilt-android-gradle-plugin-2.51.1.jar (com.google.dagger:hilt-android-gradle-plugin:2.51.1) with MergeInstrumentationAnalysisTransform
Transforming google-services-4.4.2.jar (com.google.gms:google-services:4.4.2) with InstrumentationAnalysisTransform
Transforming google-services-4.4.2.jar (com.google.gms:google-services:4.4.2) with MergeInstrumentationAnalysisTransform
Transforming gradle-settings-api-8.7.1.jar (com.android.tools.build:gradle-settings-api:8.7.1) with InstrumentationAnalysisTransform
Transforming gradle-settings-api-8.7.1.jar (com.android.tools.build:gradle-settings-api:8.7.1) with MergeInstrumentationAnalysisTransform
Transforming lint-model-31.7.1.jar (com.android.tools.lint:lint-model:31.7.1) with InstrumentationAnalysisTransform
Transforming lint-model-31.7.1.jar (com.android.tools.lint:lint-model:31.7.1) with MergeInstrumentationAnalysisTransform
Transforming builder-8.7.1.jar (com.android.tools.build:builder:8.7.1) with InstrumentationAnalysisTransform
Transforming builder-8.7.1.jar (com.android.tools.build:builder:8.7.1) with MergeInstrumentationAnalysisTransform
Transforming manifest-merger-31.7.1.jar (com.android.tools.build:manifest-merger:31.7.1) with InstrumentationAnalysisTransform
Transforming manifest-merger-31.7.1.jar (com.android.tools.build:manifest-merger:31.7.1) with MergeInstrumentationAnalysisTransform
Transforming sdk-common-31.7.1.jar (com.android.tools:sdk-common:31.7.1) with InstrumentationAnalysisTransform
Transforming sdk-common-31.7.1.jar (com.android.tools:sdk-common:31.7.1) with MergeInstrumentationAnalysisTransform
Transforming sdklib-31.7.1.jar (com.android.tools:sdklib:31.7.1) with InstrumentationAnalysisTransform
Transforming sdklib-31.7.1.jar (com.android.tools:sdklib:31.7.1) with MergeInstrumentationAnalysisTransform
Transforming repository-31.7.1.jar (com.android.tools:repository:31.7.1) with InstrumentationAnalysisTransform
Transforming repository-31.7.1.jar (com.android.tools:repository:31.7.1) with MergeInstrumentationAnalysisTransform
Transforming gradle-api-8.7.1.jar (com.android.tools.build:gradle-api:8.7.1) with InstrumentationAnalysisTransform
Transforming gradle-api-8.7.1.jar (com.android.tools.build:gradle-api:8.7.1) with MergeInstrumentationAnalysisTransform
Transforming builder-test-api-8.7.1.jar (com.android.tools.build:builder-test-api:8.7.1) with InstrumentationAnalysisTransform
Transforming builder-test-api-8.7.1.jar (com.android.tools.build:builder-test-api:8.7.1) with MergeInstrumentationAnalysisTransform
Transforming ddmlib-31.7.1.jar (com.android.tools.ddms:ddmlib:31.7.1) with InstrumentationAnalysisTransform
Transforming ddmlib-31.7.1.jar (com.android.tools.ddms:ddmlib:31.7.1) with MergeInstrumentationAnalysisTransform
Transforming aaptcompiler-8.7.1.jar (com.android.tools.build:aaptcompiler:8.7.1) with InstrumentationAnalysisTransform
Transforming aaptcompiler-8.7.1.jar (com.android.tools.build:aaptcompiler:8.7.1) with MergeInstrumentationAnalysisTransform
Transforming bundletool-1.17.1.jar (com.android.tools.build:bundletool:1.17.1) with InstrumentationAnalysisTransform
Transforming bundletool-1.17.1.jar (com.android.tools.build:bundletool:1.17.1) with MergeInstrumentationAnalysisTransform
Transforming aapt2-proto-8.7.1-12006047.jar (com.android.tools.build:aapt2-proto:8.7.1-12006047) with InstrumentationAnalysisTransform
Transforming aapt2-proto-8.7.1-12006047.jar (com.android.tools.build:aapt2-proto:8.7.1-12006047) with MergeInstrumentationAnalysisTransform
Transforming crash-31.7.1.jar (com.android.tools.analytics-library:crash:31.7.1) with InstrumentationAnalysisTransform
Transforming crash-31.7.1.jar (com.android.tools.analytics-library:crash:31.7.1) with MergeInstrumentationAnalysisTransform
Transforming tracker-31.7.1.jar (com.android.tools.analytics-library:tracker:31.7.1) with InstrumentationAnalysisTransform
Transforming tracker-31.7.1.jar (com.android.tools.analytics-library:tracker:31.7.1) with MergeInstrumentationAnalysisTransform
Transforming shared-31.7.1.jar (com.android.tools.analytics-library:shared:31.7.1) with InstrumentationAnalysisTransform
Transforming shared-31.7.1.jar (com.android.tools.analytics-library:shared:31.7.1) with MergeInstrumentationAnalysisTransform
Transforming lint-typedef-remover-31.7.1.jar (com.android.tools.lint:lint-typedef-remover:31.7.1) with InstrumentationAnalysisTransform
Transforming lint-typedef-remover-31.7.1.jar (com.android.tools.lint:lint-typedef-remover:31.7.1) with MergeInstrumentationAnalysisTransform
Transforming databinding-compiler-common-8.7.1.jar (androidx.databinding:databinding-compiler-common:8.7.1) with InstrumentationAnalysisTransform
Transforming databinding-compiler-common-8.7.1.jar (androidx.databinding:databinding-compiler-common:8.7.1) with MergeInstrumentationAnalysisTransform
Transforming databinding-common-8.7.1.jar (androidx.databinding:databinding-common:8.7.1) with InstrumentationAnalysisTransform
Transforming databinding-common-8.7.1.jar (androidx.databinding:databinding-common:8.7.1) with MergeInstrumentationAnalysisTransform
Transforming baseLibrary-8.7.1.jar (com.android.databinding:baseLibrary:8.7.1) with InstrumentationAnalysisTransform
Transforming baseLibrary-8.7.1.jar (com.android.databinding:baseLibrary:8.7.1) with MergeInstrumentationAnalysisTransform
Transforming layoutlib-api-31.7.1.jar (com.android.tools.layoutlib:layoutlib-api:31.7.1) with InstrumentationAnalysisTransform
Transforming layoutlib-api-31.7.1.jar (com.android.tools.layoutlib:layoutlib-api:31.7.1) with MergeInstrumentationAnalysisTransform
Transforming android-device-provider-ddmlib-proto-31.7.1.jar (com.android.tools.utp:android-device-provider-ddmlib-proto:31.7.1) with InstrumentationAnalysisTransform
Transforming android-device-provider-ddmlib-proto-31.7.1.jar (com.android.tools.utp:android-device-provider-ddmlib-proto:31.7.1) with MergeInstrumentationAnalysisTransform
Transforming android-device-provider-gradle-proto-31.7.1.jar (com.android.tools.utp:android-device-provider-gradle-proto:31.7.1) with InstrumentationAnalysisTransform
Transforming android-device-provider-gradle-proto-31.7.1.jar (com.android.tools.utp:android-device-provider-gradle-proto:31.7.1) with MergeInstrumentationAnalysisTransform
Transforming android-device-provider-profile-proto-31.7.1.jar (com.android.tools.utp:android-device-provider-profile-proto:31.7.1) with InstrumentationAnalysisTransform
Transforming android-device-provider-profile-proto-31.7.1.jar (com.android.tools.utp:android-device-provider-profile-proto:31.7.1) with MergeInstrumentationAnalysisTransform
Transforming android-test-plugin-host-additional-test-output-proto-31.7.1.jar (com.android.tools.utp:android-test-plugin-host-additional-test-output-proto:31.7.1) with InstrumentationAnalysisTransform
Transforming android-test-plugin-host-additional-test-output-proto-31.7.1.jar (com.android.tools.utp:android-test-plugin-host-additional-test-output-proto:31.7.1) with MergeInstrumentationAnalysisTransform
Transforming android-test-plugin-host-coverage-proto-31.7.1.jar (com.android.tools.utp:android-test-plugin-host-coverage-proto:31.7.1) with InstrumentationAnalysisTransform
Transforming android-test-plugin-host-coverage-proto-31.7.1.jar (com.android.tools.utp:android-test-plugin-host-coverage-proto:31.7.1) with MergeInstrumentationAnalysisTransform
Transforming android-test-plugin-host-emulator-control-proto-31.7.1.jar (com.android.tools.utp:android-test-plugin-host-emulator-control-proto:31.7.1) with InstrumentationAnalysisTransform
Transforming android-test-plugin-host-emulator-control-proto-31.7.1.jar (com.android.tools.utp:android-test-plugin-host-emulator-control-proto:31.7.1) with MergeInstrumentationAnalysisTransform
Transforming android-test-plugin-host-logcat-proto-31.7.1.jar (com.android.tools.utp:android-test-plugin-host-logcat-proto:31.7.1) with InstrumentationAnalysisTransform
Transforming android-test-plugin-host-logcat-proto-31.7.1.jar (com.android.tools.utp:android-test-plugin-host-logcat-proto:31.7.1) with MergeInstrumentationAnalysisTransform
Transforming android-test-plugin-host-apk-installer-proto-31.7.1.jar (com.android.tools.utp:android-test-plugin-host-apk-installer-proto:31.7.1) with InstrumentationAnalysisTransform
Transforming android-test-plugin-host-apk-installer-proto-31.7.1.jar (com.android.tools.utp:android-test-plugin-host-apk-installer-proto:31.7.1) with MergeInstrumentationAnalysisTransform
Transforming android-test-plugin-host-retention-proto-31.7.1.jar (com.android.tools.utp:android-test-plugin-host-retention-proto:31.7.1) with InstrumentationAnalysisTransform
Transforming gradle-8.7.1.jar (com.android.tools.build:gradle:8.7.1) with ExternalDependencyInstrumentingArtifactTransform
Transforming android-test-plugin-host-retention-proto-31.7.1.jar (com.android.tools.utp:android-test-plugin-host-retention-proto:31.7.1) with MergeInstrumentationAnalysisTransform
Transforming android-test-plugin-result-listener-gradle-proto-31.7.1.jar (com.android.tools.utp:android-test-plugin-result-listener-gradle-proto:31.7.1) with InstrumentationAnalysisTransform
Transforming android-test-plugin-result-listener-gradle-proto-31.7.1.jar (com.android.tools.utp:android-test-plugin-result-listener-gradle-proto:31.7.1) with MergeInstrumentationAnalysisTransform
Transforming builder-model-8.7.1.jar (com.android.tools.build:builder-model:8.7.1) with InstrumentationAnalysisTransform
Transforming builder-model-8.7.1.jar (com.android.tools.build:builder-model:8.7.1) with MergeInstrumentationAnalysisTransform
Transforming jetifier-processor-1.0.0-beta10.jar (com.android.tools.build.jetifier:jetifier-processor:1.0.0-beta10) with InstrumentationAnalysisTransform
Transforming jetifier-processor-1.0.0-beta10.jar (com.android.tools.build.jetifier:jetifier-processor:1.0.0-beta10) with MergeInstrumentationAnalysisTransform
Transforming jetifier-core-1.0.0-beta10.jar (com.android.tools.build.jetifier:jetifier-core:1.0.0-beta10) with InstrumentationAnalysisTransform
Transforming jetifier-core-1.0.0-beta10.jar (com.android.tools.build.jetifier:jetifier-core:1.0.0-beta10) with MergeInstrumentationAnalysisTransform
Transforming kotlin-reflect-1.9.20.jar (org.jetbrains.kotlin:kotlin-reflect:1.9.20) with InstrumentationAnalysisTransform
Transforming kotlin-reflect-1.9.20.jar (org.jetbrains.kotlin:kotlin-reflect:1.9.20) with MergeInstrumentationAnalysisTransform
Transforming kotlin-stdlib-jdk7-1.9.20.jar (org.jetbrains.kotlin:kotlin-stdlib-jdk7:1.9.20) with InstrumentationAnalysisTransform
Transforming kotlin-stdlib-jdk7-1.9.20.jar (org.jetbrains.kotlin:kotlin-stdlib-jdk7:1.9.20) with MergeInstrumentationAnalysisTransform
Transforming kotlin-stdlib-1.9.20.jar (org.jetbrains.kotlin:kotlin-stdlib:1.9.20) with InstrumentationAnalysisTransform
Transforming kotlin-stdlib-1.9.20.jar (org.jetbrains.kotlin:kotlin-stdlib:1.9.20) with MergeInstrumentationAnalysisTransform
Transforming strict-version-matcher-plugin-1.2.4.jar (com.google.android.gms:strict-version-matcher-plugin:1.2.4) with InstrumentationAnalysisTransform
Transforming strict-version-matcher-plugin-1.2.4.jar (com.google.android.gms:strict-version-matcher-plugin:1.2.4) with MergeInstrumentationAnalysisTransform
Transforming dvlib-31.7.1.jar (com.android.tools:dvlib:31.7.1) with InstrumentationAnalysisTransform
Transforming dvlib-31.7.1.jar (com.android.tools:dvlib:31.7.1) with MergeInstrumentationAnalysisTransform
Transforming common-31.7.1.jar (com.android.tools:common:31.7.1) with InstrumentationAnalysisTransform
Transforming common-31.7.1.jar (com.android.tools:common:31.7.1) with MergeInstrumentationAnalysisTransform
Transforming kotlin-stdlib-jdk8-1.9.20.jar (org.jetbrains.kotlin:kotlin-stdlib-jdk8:1.9.20) with InstrumentationAnalysisTransform
Transforming kotlin-stdlib-jdk8-1.9.20.jar (org.jetbrains.kotlin:kotlin-stdlib-jdk8:1.9.20) with MergeInstrumentationAnalysisTransform
Transforming transform-api-2.0.0-deprecated-use-gradle-api.jar (com.android.tools.build:transform-api:2.0.0-deprecated-use-gradle-api) with InstrumentationAnalysisTransform
Transforming transform-api-2.0.0-deprecated-use-gradle-api.jar (com.android.tools.build:transform-api:2.0.0-deprecated-use-gradle-api) with MergeInstrumentationAnalysisTransform
Transforming httpmime-4.5.6.jar (org.apache.httpcomponents:httpmime:4.5.6) with InstrumentationAnalysisTransform
Transforming httpmime-4.5.6.jar (org.apache.httpcomponents:httpmime:4.5.6) with MergeInstrumentationAnalysisTransform
Transforming commons-io-2.13.0.jar (commons-io:commons-io:2.13.0) with InstrumentationAnalysisTransform
Transforming commons-io-2.13.0.jar (commons-io:commons-io:2.13.0) with MergeInstrumentationAnalysisTransform
Transforming asm-commons-9.6.jar (org.ow2.asm:asm-commons:9.6) with InstrumentationAnalysisTransform
Transforming asm-commons-9.6.jar (org.ow2.asm:asm-commons:9.6) with MergeInstrumentationAnalysisTransform
Transforming asm-util-9.6.jar (org.ow2.asm:asm-util:9.6) with InstrumentationAnalysisTransform
Transforming asm-util-9.6.jar (org.ow2.asm:asm-util:9.6) with MergeInstrumentationAnalysisTransform
Transforming asm-analysis-9.6.jar (org.ow2.asm:asm-analysis:9.6) with InstrumentationAnalysisTransform
Transforming asm-analysis-9.6.jar (org.ow2.asm:asm-analysis:9.6) with MergeInstrumentationAnalysisTransform
Transforming asm-tree-9.6.jar (org.ow2.asm:asm-tree:9.6) with InstrumentationAnalysisTransform
Transforming asm-tree-9.6.jar (org.ow2.asm:asm-tree:9.6) with MergeInstrumentationAnalysisTransform
Transforming asm-9.6.jar (org.ow2.asm:asm:9.6) with InstrumentationAnalysisTransform
Transforming asm-9.6.jar (org.ow2.asm:asm:9.6) with MergeInstrumentationAnalysisTransform
Transforming apkzlib-8.7.1.jar (com.android.tools.build:apkzlib:8.7.1) with InstrumentationAnalysisTransform
Transforming apkzlib-8.7.1.jar (com.android.tools.build:apkzlib:8.7.1) with MergeInstrumentationAnalysisTransform
Transforming bcpkix-jdk18on-1.77.jar (org.bouncycastle:bcpkix-jdk18on:1.77) with InstrumentationAnalysisTransform
Transforming bcpkix-jdk18on-1.77.jar (org.bouncycastle:bcpkix-jdk18on:1.77) with MergeInstrumentationAnalysisTransform
Transforming jaxb-runtime-2.3.2.jar (org.glassfish.jaxb:jaxb-runtime:2.3.2) with InstrumentationAnalysisTransform
Transforming jaxb-runtime-2.3.2.jar (org.glassfish.jaxb:jaxb-runtime:2.3.2) with MergeInstrumentationAnalysisTransform
Transforming jopt-simple-4.9.jar (net.sf.jopt-simple:jopt-simple:4.9) with InstrumentationAnalysisTransform
Transforming jopt-simple-4.9.jar (net.sf.jopt-simple:jopt-simple:4.9) with MergeInstrumentationAnalysisTransform
Transforming javapoet-1.13.0.jar (com.squareup:javapoet:1.13.0) with InstrumentationAnalysisTransform
Transforming javapoet-1.13.0.jar (com.squareup:javapoet:1.13.0) with MergeInstrumentationAnalysisTransform
Transforming protobuf-java-util-3.22.3.jar (com.google.protobuf:protobuf-java-util:3.22.3) with InstrumentationAnalysisTransform
Transforming protobuf-java-util-3.22.3.jar (com.google.protobuf:protobuf-java-util:3.22.3) with MergeInstrumentationAnalysisTransform
Transforming grpc-protobuf-1.57.0.jar (io.grpc:grpc-protobuf:1.57.0) with InstrumentationAnalysisTransform
Transforming grpc-protobuf-1.57.0.jar (io.grpc:grpc-protobuf:1.57.0) with MergeInstrumentationAnalysisTransform
Transforming tink-1.7.0.jar (com.google.crypto.tink:tink:1.7.0) with InstrumentationAnalysisTransform
Transforming tink-1.7.0.jar (com.google.crypto.tink:tink:1.7.0) with MergeInstrumentationAnalysisTransform
Transforming protos-31.7.1.jar (com.android.tools.analytics-library:protos:31.7.1) with InstrumentationAnalysisTransform
Transforming protos-31.7.1.jar (com.android.tools.analytics-library:protos:31.7.1) with MergeInstrumentationAnalysisTransform
Transforming proto-google-common-protos-2.17.0.jar (com.google.api.grpc:proto-google-common-protos:2.17.0) with InstrumentationAnalysisTransform
Transforming proto-google-common-protos-2.17.0.jar (com.google.api.grpc:proto-google-common-protos:2.17.0) with MergeInstrumentationAnalysisTransform
Transforming protobuf-java-3.22.3.jar (com.google.protobuf:protobuf-java:3.22.3) with InstrumentationAnalysisTransform
Transforming protobuf-java-3.22.3.jar (com.google.protobuf:protobuf-java:3.22.3) with MergeInstrumentationAnalysisTransform
Transforming grpc-netty-1.57.0.jar (io.grpc:grpc-netty:1.57.0) with InstrumentationAnalysisTransform
Transforming grpc-netty-1.57.0.jar (io.grpc:grpc-netty:1.57.0) with MergeInstrumentationAnalysisTransform
Transforming grpc-core-1.57.0.jar (io.grpc:grpc-core:1.57.0) with InstrumentationAnalysisTransform
Transforming grpc-core-1.57.0.jar (io.grpc:grpc-core:1.57.0) with MergeInstrumentationAnalysisTransform
Transforming gson-2.10.1.jar (com.google.code.gson:gson:2.10.1) with InstrumentationAnalysisTransform
Transforming gson-2.10.1.jar (com.google.code.gson:gson:2.10.1) with MergeInstrumentationAnalysisTransform
Transforming grpc-stub-1.57.0.jar (io.grpc:grpc-stub:1.57.0) with InstrumentationAnalysisTransform
Transforming grpc-stub-1.57.0.jar (io.grpc:grpc-stub:1.57.0) with MergeInstrumentationAnalysisTransform
Transforming core-proto-0.0.9-alpha02.jar (com.google.testing.platform:core-proto:0.0.9-alpha02) with InstrumentationAnalysisTransform
Transforming core-proto-0.0.9-alpha02.jar (com.google.testing.platform:core-proto:0.0.9-alpha02) with MergeInstrumentationAnalysisTransform
Transforming tensorflow-lite-metadata-0.1.0-rc2.jar (org.tensorflow:tensorflow-lite-metadata:0.1.0-rc2) with InstrumentationAnalysisTransform
Transforming tensorflow-lite-metadata-0.1.0-rc2.jar (org.tensorflow:tensorflow-lite-metadata:0.1.0-rc2) with MergeInstrumentationAnalysisTransform
Transforming flatbuffers-java-1.12.0.jar (com.google.flatbuffers:flatbuffers-java:1.12.0) with InstrumentationAnalysisTransform
Transforming flatbuffers-java-1.12.0.jar (com.google.flatbuffers:flatbuffers-java:1.12.0) with MergeInstrumentationAnalysisTransform
Transforming kotlin-gradle-plugin-idea-proto-1.9.25.jar (org.jetbrains.kotlin:kotlin-gradle-plugin-idea-proto:1.9.25) with InstrumentationAnalysisTransform
Transforming kotlin-gradle-plugin-idea-proto-1.9.25.jar (org.jetbrains.kotlin:kotlin-gradle-plugin-idea-proto:1.9.25) with MergeInstrumentationAnalysisTransform
Transforming kotlin-gradle-plugin-idea-1.9.25.jar (org.jetbrains.kotlin:kotlin-gradle-plugin-idea:1.9.25) with InstrumentationAnalysisTransform
Transforming kotlin-gradle-plugin-idea-1.9.25.jar (org.jetbrains.kotlin:kotlin-gradle-plugin-idea:1.9.25) with MergeInstrumentationAnalysisTransform
Transforming kotlin-klib-commonizer-api-1.9.25.jar (org.jetbrains.kotlin:kotlin-klib-commonizer-api:1.9.25) with InstrumentationAnalysisTransform
Transforming kotlin-klib-commonizer-api-1.9.25.jar (org.jetbrains.kotlin:kotlin-klib-commonizer-api:1.9.25) with MergeInstrumentationAnalysisTransform
Transforming kotlin-native-utils-1.9.25.jar (org.jetbrains.kotlin:kotlin-native-utils:1.9.25) with InstrumentationAnalysisTransform
Transforming kotlin-native-utils-1.9.25.jar (org.jetbrains.kotlin:kotlin-native-utils:1.9.25) with MergeInstrumentationAnalysisTransform
Transforming kotlin-gradle-plugin-model-1.9.25.jar (org.jetbrains.kotlin:kotlin-gradle-plugin-model:1.9.25) with ExternalDependencyInstrumentingArtifactTransform
Transforming kotlin-util-klib-1.9.25.jar (org.jetbrains.kotlin:kotlin-util-klib:1.9.25) with InstrumentationAnalysisTransform
Transforming kotlin-util-klib-1.9.25.jar (org.jetbrains.kotlin:kotlin-util-klib:1.9.25) with MergeInstrumentationAnalysisTransform
Transforming kotlin-build-tools-api-1.9.25.jar (org.jetbrains.kotlin:kotlin-build-tools-api:1.9.25) with InstrumentationAnalysisTransform
Transforming kotlin-build-tools-api-1.9.25.jar (org.jetbrains.kotlin:kotlin-build-tools-api:1.9.25) with MergeInstrumentationAnalysisTransform
Transforming kotlin-android-extensions-1.9.25.jar (org.jetbrains.kotlin:kotlin-android-extensions:1.9.25) with InstrumentationAnalysisTransform
Transforming kotlin-android-extensions-1.9.25.jar (org.jetbrains.kotlin:kotlin-android-extensions:1.9.25) with MergeInstrumentationAnalysisTransform
Transforming kotlin-compiler-runner-1.9.25.jar (org.jetbrains.kotlin:kotlin-compiler-runner:1.9.25) with InstrumentationAnalysisTransform
Transforming kotlin-compiler-runner-1.9.25.jar (org.jetbrains.kotlin:kotlin-compiler-runner:1.9.25) with MergeInstrumentationAnalysisTransform
Transforming kotlin-compiler-embeddable-1.9.25.jar (org.jetbrains.kotlin:kotlin-compiler-embeddable:1.9.25) with InstrumentationAnalysisTransform
Transforming kotlin-compiler-embeddable-1.9.25.jar (org.jetbrains.kotlin:kotlin-compiler-embeddable:1.9.25) with MergeInstrumentationAnalysisTransform
Transforming kotlin-scripting-compiler-embeddable-1.9.25.jar (org.jetbrains.kotlin:kotlin-scripting-compiler-embeddable:1.9.25) with InstrumentationAnalysisTransform
Transforming kotlin-scripting-compiler-embeddable-1.9.25.jar (org.jetbrains.kotlin:kotlin-scripting-compiler-embeddable:1.9.25) with MergeInstrumentationAnalysisTransform
Transforming kotlin-scripting-compiler-impl-embeddable-1.9.25.jar (org.jetbrains.kotlin:kotlin-scripting-compiler-impl-embeddable:1.9.25) with InstrumentationAnalysisTransform
Transforming kotlin-scripting-compiler-impl-embeddable-1.9.25.jar (org.jetbrains.kotlin:kotlin-scripting-compiler-impl-embeddable:1.9.25) with MergeInstrumentationAnalysisTransform
Transforming jimfs-1.1.jar (com.google.jimfs:jimfs:1.1) with InstrumentationAnalysisTransform
Transforming jimfs-1.1.jar (com.google.jimfs:jimfs:1.1) with MergeInstrumentationAnalysisTransform
Transforming grpc-context-1.57.0.jar (io.grpc:grpc-context:1.57.0) with InstrumentationAnalysisTransform
Transforming grpc-context-1.57.0.jar (io.grpc:grpc-context:1.57.0) with MergeInstrumentationAnalysisTransform
Transforming grpc-protobuf-lite-1.57.0.jar (io.grpc:grpc-protobuf-lite:1.57.0) with InstrumentationAnalysisTransform
Transforming grpc-protobuf-lite-1.57.0.jar (io.grpc:grpc-protobuf-lite:1.57.0) with MergeInstrumentationAnalysisTransform
Transforming grpc-api-1.57.0.jar (io.grpc:grpc-api:1.57.0) with InstrumentationAnalysisTransform
Transforming grpc-api-1.57.0.jar (io.grpc:grpc-api:1.57.0) with MergeInstrumentationAnalysisTransform
Transforming guava-32.0.1-jre.jar (com.google.guava:guava:32.0.1-jre) with InstrumentationAnalysisTransform
Transforming guava-32.0.1-jre.jar (com.google.guava:guava:32.0.1-jre) with MergeInstrumentationAnalysisTransform
Transforming dagger-2.28.3.jar (com.google.dagger:dagger:2.28.3) with InstrumentationAnalysisTransform
Transforming dagger-2.28.3.jar (com.google.dagger:dagger:2.28.3) with MergeInstrumentationAnalysisTransform
Transforming javax.inject-1.jar (javax.inject:javax.inject:1) with InstrumentationAnalysisTransform
Transforming javax.inject-1.jar (javax.inject:javax.inject:1) with MergeInstrumentationAnalysisTransform
Transforming kxml2-2.3.0.jar (net.sf.kxml:kxml2:2.3.0) with InstrumentationAnalysisTransform
Transforming kxml2-2.3.0.jar (net.sf.kxml:kxml2:2.3.0) with MergeInstrumentationAnalysisTransform
Transforming bcutil-jdk18on-1.77.jar (org.bouncycastle:bcutil-jdk18on:1.77) with InstrumentationAnalysisTransform
Transforming bcutil-jdk18on-1.77.jar (org.bouncycastle:bcutil-jdk18on:1.77) with MergeInstrumentationAnalysisTransform
Transforming bcprov-jdk18on-1.77.jar (org.bouncycastle:bcprov-jdk18on:1.77) with InstrumentationAnalysisTransform
Transforming bcprov-jdk18on-1.77.jar (org.bouncycastle:bcprov-jdk18on:1.77) with MergeInstrumentationAnalysisTransform
Transforming trove4j-1.0.20200330.jar (org.jetbrains.intellij.deps:trove4j:1.0.20200330) with InstrumentationAnalysisTransform
Transforming trove4j-1.0.20200330.jar (org.jetbrains.intellij.deps:trove4j:1.0.20200330) with MergeInstrumentationAnalysisTransform
Transforming commons-compress-1.21.jar (org.apache.commons:commons-compress:1.21) with InstrumentationAnalysisTransform
Transforming commons-compress-1.21.jar (org.apache.commons:commons-compress:1.21) with MergeInstrumentationAnalysisTransform
Transforming httpclient-4.5.14.jar (org.apache.httpcomponents:httpclient:4.5.14) with InstrumentationAnalysisTransform
Transforming httpclient-4.5.14.jar (org.apache.httpcomponents:httpclient:4.5.14) with MergeInstrumentationAnalysisTransform
Transforming httpcore-4.4.16.jar (org.apache.httpcomponents:httpcore:4.4.16) with InstrumentationAnalysisTransform
Transforming httpcore-4.4.16.jar (org.apache.httpcomponents:httpcore:4.4.16) with MergeInstrumentationAnalysisTransform
Transforming javax.activation-1.2.0.jar (com.sun.activation:javax.activation:1.2.0) with InstrumentationAnalysisTransform
Transforming javax.activation-1.2.0.jar (com.sun.activation:javax.activation:1.2.0) with MergeInstrumentationAnalysisTransform
Transforming annotations-23.0.0.jar (org.jetbrains:annotations:23.0.0) with InstrumentationAnalysisTransform
Transforming annotations-23.0.0.jar (org.jetbrains:annotations:23.0.0) with MergeInstrumentationAnalysisTransform
Transforming signflinger-8.7.1.jar (com.android:signflinger:8.7.1) with InstrumentationAnalysisTransform
Transforming signflinger-8.7.1.jar (com.android:signflinger:8.7.1) with MergeInstrumentationAnalysisTransform
Transforming zipflinger-8.7.1.jar (com.android:zipflinger:8.7.1) with InstrumentationAnalysisTransform
Transforming zipflinger-8.7.1.jar (com.android:zipflinger:8.7.1) with MergeInstrumentationAnalysisTransform
Transforming annotations-31.7.1.jar (com.android.tools:annotations:31.7.1) with InstrumentationAnalysisTransform
Transforming annotations-31.7.1.jar (com.android.tools:annotations:31.7.1) with MergeInstrumentationAnalysisTransform
Transforming jna-platform-5.6.0.jar (net.java.dev.jna:jna-platform:5.6.0) with InstrumentationAnalysisTransform
Transforming jna-platform-5.6.0.jar (net.java.dev.jna:jna-platform:5.6.0) with MergeInstrumentationAnalysisTransform
Transforming juniversalchardet-1.0.3.jar (com.googlecode.juniversalchardet:juniversalchardet:1.0.3) with InstrumentationAnalysisTransform
Transforming juniversalchardet-1.0.3.jar (com.googlecode.juniversalchardet:juniversalchardet:1.0.3) with MergeInstrumentationAnalysisTransform
Transforming javax.annotation-api-1.3.2.jar (javax.annotation:javax.annotation-api:1.3.2) with InstrumentationAnalysisTransform
Transforming kotlin-gradle-plugin-api-1.9.25.jar (org.jetbrains.kotlin:kotlin-gradle-plugin-api:1.9.25) with ExternalDependencyInstrumentingArtifactTransform
Transforming javax.annotation-api-1.3.2.jar (javax.annotation:javax.annotation-api:1.3.2) with MergeInstrumentationAnalysisTransform
Transforming stax-ex-1.8.1.jar (org.jvnet.staxex:stax-ex:1.8.1) with InstrumentationAnalysisTransform
Transforming stax-ex-1.8.1.jar (org.jvnet.staxex:stax-ex:1.8.1) with MergeInstrumentationAnalysisTransform
Transforming jakarta.xml.bind-api-2.3.2.jar (jakarta.xml.bind:jakarta.xml.bind-api:2.3.2) with InstrumentationAnalysisTransform
Transforming jakarta.xml.bind-api-2.3.2.jar (jakarta.xml.bind:jakarta.xml.bind-api:2.3.2) with MergeInstrumentationAnalysisTransform
Transforming txw2-2.3.2.jar (org.glassfish.jaxb:txw2:2.3.2) with InstrumentationAnalysisTransform
Transforming txw2-2.3.2.jar (org.glassfish.jaxb:txw2:2.3.2) with MergeInstrumentationAnalysisTransform
Transforming istack-commons-runtime-3.0.8.jar (com.sun.istack:istack-commons-runtime:3.0.8) with InstrumentationAnalysisTransform
Transforming istack-commons-runtime-3.0.8.jar (com.sun.istack:istack-commons-runtime:3.0.8) with MergeInstrumentationAnalysisTransform
Transforming FastInfoset-1.2.16.jar (com.sun.xml.fastinfoset:FastInfoset:1.2.16) with InstrumentationAnalysisTransform
Transforming FastInfoset-1.2.16.jar (com.sun.xml.fastinfoset:FastInfoset:1.2.16) with MergeInstrumentationAnalysisTransform
Transforming jakarta.activation-api-1.2.1.jar (jakarta.activation:jakarta.activation-api:1.2.1) with InstrumentationAnalysisTransform
Transforming jakarta.activation-api-1.2.1.jar (jakarta.activation:jakarta.activation-api:1.2.1) with MergeInstrumentationAnalysisTransform
Transforming auto-value-annotations-1.6.2.jar (com.google.auto.value:auto-value-annotations:1.6.2) with InstrumentationAnalysisTransform
Transforming auto-value-annotations-1.6.2.jar (com.google.auto.value:auto-value-annotations:1.6.2) with MergeInstrumentationAnalysisTransform
Transforming error_prone_annotations-2.18.0.jar (com.google.errorprone:error_prone_annotations:2.18.0) with InstrumentationAnalysisTransform
Transforming error_prone_annotations-2.18.0.jar (com.google.errorprone:error_prone_annotations:2.18.0) with MergeInstrumentationAnalysisTransform
Transforming jose4j-0.9.5.jar (org.bitbucket.b_c:jose4j:0.9.5) with InstrumentationAnalysisTransform
Transforming jose4j-0.9.5.jar (org.bitbucket.b_c:jose4j:0.9.5) with MergeInstrumentationAnalysisTransform
Transforming slf4j-api-1.7.30.jar (org.slf4j:slf4j-api:1.7.30) with InstrumentationAnalysisTransform
Transforming slf4j-api-1.7.30.jar (org.slf4j:slf4j-api:1.7.30) with MergeInstrumentationAnalysisTransform
Transforming jdom2-2.0.6.jar (org.jdom:jdom2:2.0.6) with InstrumentationAnalysisTransform
Transforming jdom2-2.0.6.jar (org.jdom:jdom2:2.0.6) with MergeInstrumentationAnalysisTransform
Transforming jsr305-3.0.2.jar (com.google.code.findbugs:jsr305:3.0.2) with InstrumentationAnalysisTransform
Transforming jsr305-3.0.2.jar (com.google.code.findbugs:jsr305:3.0.2) with MergeInstrumentationAnalysisTransform
Transforming j2objc-annotations-2.8.jar (com.google.j2objc:j2objc-annotations:2.8) with InstrumentationAnalysisTransform
Transforming j2objc-annotations-2.8.jar (com.google.j2objc:j2objc-annotations:2.8) with MergeInstrumentationAnalysisTransform
Transforming annotations-4.1.1.4.jar (com.google.android:annotations:4.1.1.4) with InstrumentationAnalysisTransform
Transforming annotations-4.1.1.4.jar (com.google.android:annotations:4.1.1.4) with MergeInstrumentationAnalysisTransform
Transforming animal-sniffer-annotations-1.23.jar (org.codehaus.mojo:animal-sniffer-annotations:1.23) with InstrumentationAnalysisTransform
Transforming animal-sniffer-annotations-1.23.jar (org.codehaus.mojo:animal-sniffer-annotations:1.23) with MergeInstrumentationAnalysisTransform
Transforming perfmark-api-0.26.0.jar (io.perfmark:perfmark-api:0.26.0) with InstrumentationAnalysisTransform
Transforming perfmark-api-0.26.0.jar (io.perfmark:perfmark-api:0.26.0) with MergeInstrumentationAnalysisTransform
Transforming netty-codec-http2-4.1.93.Final.jar (io.netty:netty-codec-http2:4.1.93.Final) with InstrumentationAnalysisTransform
Transforming netty-codec-http2-4.1.93.Final.jar (io.netty:netty-codec-http2:4.1.93.Final) with MergeInstrumentationAnalysisTransform
Transforming netty-handler-proxy-4.1.93.Final.jar (io.netty:netty-handler-proxy:4.1.93.Final) with InstrumentationAnalysisTransform
Transforming netty-handler-proxy-4.1.93.Final.jar (io.netty:netty-handler-proxy:4.1.93.Final) with MergeInstrumentationAnalysisTransform
Transforming netty-codec-http-4.1.93.Final.jar (io.netty:netty-codec-http:4.1.93.Final) with InstrumentationAnalysisTransform
Transforming netty-codec-http-4.1.93.Final.jar (io.netty:netty-codec-http:4.1.93.Final) with MergeInstrumentationAnalysisTransform
Transforming netty-handler-4.1.93.Final.jar (io.netty:netty-handler:4.1.93.Final) with InstrumentationAnalysisTransform
Transforming netty-handler-4.1.93.Final.jar (io.netty:netty-handler:4.1.93.Final) with MergeInstrumentationAnalysisTransform
Transforming netty-transport-native-unix-common-4.1.93.Final.jar (io.netty:netty-transport-native-unix-common:4.1.93.Final) with InstrumentationAnalysisTransform
Transforming netty-transport-native-unix-common-4.1.93.Final.jar (io.netty:netty-transport-native-unix-common:4.1.93.Final) with MergeInstrumentationAnalysisTransform
Transforming checker-qual-3.33.0.jar (org.checkerframework:checker-qual:3.33.0) with InstrumentationAnalysisTransform
Transforming checker-qual-3.33.0.jar (org.checkerframework:checker-qual:3.33.0) with MergeInstrumentationAnalysisTransform
Transforming commons-codec-1.11.jar (commons-codec:commons-codec:1.11) with InstrumentationAnalysisTransform
Transforming commons-codec-1.11.jar (commons-codec:commons-codec:1.11) with MergeInstrumentationAnalysisTransform
Transforming apksig-8.7.1.jar (com.android.tools.build:apksig:8.7.1) with InstrumentationAnalysisTransform
Transforming apksig-8.7.1.jar (com.android.tools.build:apksig:8.7.1) with MergeInstrumentationAnalysisTransform
Transforming javawriter-2.5.0.jar (com.squareup:javawriter:2.5.0) with InstrumentationAnalysisTransform
Transforming javawriter-2.5.0.jar (com.squareup:javawriter:2.5.0) with MergeInstrumentationAnalysisTransform
Transforming kotlin-gradle-plugin-annotations-1.9.25.jar (org.jetbrains.kotlin:kotlin-gradle-plugin-annotations:1.9.25) with InstrumentationAnalysisTransform
Transforming kotlin-gradle-plugin-annotations-1.9.25.jar (org.jetbrains.kotlin:kotlin-gradle-plugin-annotations:1.9.25) with MergeInstrumentationAnalysisTransform
Transforming kotlin-project-model-1.9.25.jar (org.jetbrains.kotlin:kotlin-project-model:1.9.25) with InstrumentationAnalysisTransform
Transforming kotlin-project-model-1.9.25.jar (org.jetbrains.kotlin:kotlin-project-model:1.9.25) with MergeInstrumentationAnalysisTransform
Transforming kotlin-tooling-core-1.9.25.jar (org.jetbrains.kotlin:kotlin-tooling-core:1.9.25) with InstrumentationAnalysisTransform
Transforming kotlin-tooling-core-1.9.25.jar (org.jetbrains.kotlin:kotlin-tooling-core:1.9.25) with MergeInstrumentationAnalysisTransform
Transforming kotlin-util-io-1.9.25.jar (org.jetbrains.kotlin:kotlin-util-io:1.9.25) with InstrumentationAnalysisTransform
Transforming kotlin-util-io-1.9.25.jar (org.jetbrains.kotlin:kotlin-util-io:1.9.25) with MergeInstrumentationAnalysisTransform
Transforming kotlin-daemon-embeddable-1.9.25.jar (org.jetbrains.kotlin:kotlin-daemon-embeddable:1.9.25) with InstrumentationAnalysisTransform
Transforming kotlin-daemon-embeddable-1.9.25.jar (org.jetbrains.kotlin:kotlin-daemon-embeddable:1.9.25) with MergeInstrumentationAnalysisTransform
Transforming kotlin-daemon-client-1.9.25.jar (org.jetbrains.kotlin:kotlin-daemon-client:1.9.25) with InstrumentationAnalysisTransform
Transforming kotlin-daemon-client-1.9.25.jar (org.jetbrains.kotlin:kotlin-daemon-client:1.9.25) with MergeInstrumentationAnalysisTransform
Transforming kotlinx-coroutines-core-jvm-1.5.0.jar (org.jetbrains.kotlinx:kotlinx-coroutines-core-jvm:1.5.0) with InstrumentationAnalysisTransform
Transforming kotlinx-coroutines-core-jvm-1.5.0.jar (org.jetbrains.kotlinx:kotlinx-coroutines-core-jvm:1.5.0) with MergeInstrumentationAnalysisTransform
Transforming kotlin-scripting-jvm-1.9.25.jar (org.jetbrains.kotlin:kotlin-scripting-jvm:1.9.25) with InstrumentationAnalysisTransform
Transforming kotlin-scripting-jvm-1.9.25.jar (org.jetbrains.kotlin:kotlin-scripting-jvm:1.9.25) with MergeInstrumentationAnalysisTransform
Transforming kotlin-gradle-plugin-1.9.25-gradle82.jar (org.jetbrains.kotlin:kotlin-gradle-plugin:1.9.25) with ExternalDependencyInstrumentingArtifactTransform
Transforming kotlin-scripting-common-1.9.25.jar (org.jetbrains.kotlin:kotlin-scripting-common:1.9.25) with InstrumentationAnalysisTransform
Transforming kotlin-scripting-common-1.9.25.jar (org.jetbrains.kotlin:kotlin-scripting-common:1.9.25) with MergeInstrumentationAnalysisTransform
Transforming failureaccess-1.0.1.jar (com.google.guava:failureaccess:1.0.1) with InstrumentationAnalysisTransform
Transforming failureaccess-1.0.1.jar (com.google.guava:failureaccess:1.0.1) with MergeInstrumentationAnalysisTransform
Transforming listenablefuture-9999.0-empty-to-avoid-conflict-with-guava.jar (com.google.guava:listenablefuture:9999.0-empty-to-avoid-conflict-with-guava) with InstrumentationAnalysisTransform
Transforming listenablefuture-9999.0-empty-to-avoid-conflict-with-guava.jar (com.google.guava:listenablefuture:9999.0-empty-to-avoid-conflict-with-guava) with MergeInstrumentationAnalysisTransform
Transforming commons-logging-1.2.jar (commons-logging:commons-logging:1.2) with InstrumentationAnalysisTransform
Transforming commons-logging-1.2.jar (commons-logging:commons-logging:1.2) with MergeInstrumentationAnalysisTransform
Transforming jna-5.6.0.jar (net.java.dev.jna:jna:5.6.0) with InstrumentationAnalysisTransform
Transforming jna-5.6.0.jar (net.java.dev.jna:jna:5.6.0) with MergeInstrumentationAnalysisTransform
Transforming netty-codec-socks-4.1.93.Final.jar (io.netty:netty-codec-socks:4.1.93.Final) with InstrumentationAnalysisTransform
Transforming netty-codec-socks-4.1.93.Final.jar (io.netty:netty-codec-socks:4.1.93.Final) with MergeInstrumentationAnalysisTransform
Transforming netty-codec-4.1.93.Final.jar (io.netty:netty-codec:4.1.93.Final) with InstrumentationAnalysisTransform
Transforming netty-codec-4.1.93.Final.jar (io.netty:netty-codec:4.1.93.Final) with MergeInstrumentationAnalysisTransform
Transforming netty-transport-4.1.93.Final.jar (io.netty:netty-transport:4.1.93.Final) with InstrumentationAnalysisTransform
Transforming netty-transport-4.1.93.Final.jar (io.netty:netty-transport:4.1.93.Final) with MergeInstrumentationAnalysisTransform
Transforming netty-buffer-4.1.93.Final.jar (io.netty:netty-buffer:4.1.93.Final) with InstrumentationAnalysisTransform
Transforming netty-buffer-4.1.93.Final.jar (io.netty:netty-buffer:4.1.93.Final) with MergeInstrumentationAnalysisTransform
Transforming netty-resolver-4.1.93.Final.jar (io.netty:netty-resolver:4.1.93.Final) with InstrumentationAnalysisTransform
Transforming netty-resolver-4.1.93.Final.jar (io.netty:netty-resolver:4.1.93.Final) with MergeInstrumentationAnalysisTransform
Transforming netty-common-4.1.93.Final.jar (io.netty:netty-common:4.1.93.Final) with InstrumentationAnalysisTransform
Transforming netty-common-4.1.93.Final.jar (io.netty:netty-common:4.1.93.Final) with MergeInstrumentationAnalysisTransform
Transforming hilt-android-gradle-plugin-2.51.1.jar (com.google.dagger:hilt-android-gradle-plugin:2.51.1) with ExternalDependencyInstrumentingArtifactTransform
Transforming google-services-4.4.2.jar (com.google.gms:google-services:4.4.2) with ExternalDependencyInstrumentingArtifactTransform
Transforming gradle-settings-api-8.7.1.jar (com.android.tools.build:gradle-settings-api:8.7.1) with ExternalDependencyInstrumentingArtifactTransform
Transforming lint-model-31.7.1.jar (com.android.tools.lint:lint-model:31.7.1) with ExternalDependencyInstrumentingArtifactTransform
Transforming builder-8.7.1.jar (com.android.tools.build:builder:8.7.1) with ExternalDependencyInstrumentingArtifactTransform
Transforming manifest-merger-31.7.1.jar (com.android.tools.build:manifest-merger:31.7.1) with ExternalDependencyInstrumentingArtifactTransform
Transforming sdk-common-31.7.1.jar (com.android.tools:sdk-common:31.7.1) with ExternalDependencyInstrumentingArtifactTransform
Transforming sdklib-31.7.1.jar (com.android.tools:sdklib:31.7.1) with ExternalDependencyInstrumentingArtifactTransform
Transforming repository-31.7.1.jar (com.android.tools:repository:31.7.1) with ExternalDependencyInstrumentingArtifactTransform
Transforming gradle-api-8.7.1.jar (com.android.tools.build:gradle-api:8.7.1) with ExternalDependencyInstrumentingArtifactTransform
Transforming builder-test-api-8.7.1.jar (com.android.tools.build:builder-test-api:8.7.1) with ExternalDependencyInstrumentingArtifactTransform
Transforming ddmlib-31.7.1.jar (com.android.tools.ddms:ddmlib:31.7.1) with ExternalDependencyInstrumentingArtifactTransform
Transforming aaptcompiler-8.7.1.jar (com.android.tools.build:aaptcompiler:8.7.1) with ExternalDependencyInstrumentingArtifactTransform
Transforming bundletool-1.17.1.jar (com.android.tools.build:bundletool:1.17.1) with ExternalDependencyInstrumentingArtifactTransform
Transforming aapt2-proto-8.7.1-12006047.jar (com.android.tools.build:aapt2-proto:8.7.1-12006047) with ExternalDependencyInstrumentingArtifactTransform
Transforming crash-31.7.1.jar (com.android.tools.analytics-library:crash:31.7.1) with ExternalDependencyInstrumentingArtifactTransform
Transforming tracker-31.7.1.jar (com.android.tools.analytics-library:tracker:31.7.1) with ExternalDependencyInstrumentingArtifactTransform
Transforming shared-31.7.1.jar (com.android.tools.analytics-library:shared:31.7.1) with ExternalDependencyInstrumentingArtifactTransform
Transforming lint-typedef-remover-31.7.1.jar (com.android.tools.lint:lint-typedef-remover:31.7.1) with ExternalDependencyInstrumentingArtifactTransform
Transforming databinding-compiler-common-8.7.1.jar (androidx.databinding:databinding-compiler-common:8.7.1) with ExternalDependencyInstrumentingArtifactTransform
Transforming databinding-common-8.7.1.jar (androidx.databinding:databinding-common:8.7.1) with ExternalDependencyInstrumentingArtifactTransform
Transforming baseLibrary-8.7.1.jar (com.android.databinding:baseLibrary:8.7.1) with ExternalDependencyInstrumentingArtifactTransform
Transforming layoutlib-api-31.7.1.jar (com.android.tools.layoutlib:layoutlib-api:31.7.1) with ExternalDependencyInstrumentingArtifactTransform
Transforming android-device-provider-ddmlib-proto-31.7.1.jar (com.android.tools.utp:android-device-provider-ddmlib-proto:31.7.1) with ExternalDependencyInstrumentingArtifactTransform
Transforming android-device-provider-profile-proto-31.7.1.jar (com.android.tools.utp:android-device-provider-profile-proto:31.7.1) with ExternalDependencyInstrumentingArtifactTransform
Transforming android-device-provider-gradle-proto-31.7.1.jar (com.android.tools.utp:android-device-provider-gradle-proto:31.7.1) with ExternalDependencyInstrumentingArtifactTransform
Transforming android-test-plugin-host-coverage-proto-31.7.1.jar (com.android.tools.utp:android-test-plugin-host-coverage-proto:31.7.1) with ExternalDependencyInstrumentingArtifactTransform
Transforming android-test-plugin-host-additional-test-output-proto-31.7.1.jar (com.android.tools.utp:android-test-plugin-host-additional-test-output-proto:31.7.1) with ExternalDependencyInstrumentingArtifactTransform
Transforming android-test-plugin-host-emulator-control-proto-31.7.1.jar (com.android.tools.utp:android-test-plugin-host-emulator-control-proto:31.7.1) with ExternalDependencyInstrumentingArtifactTransform
Transforming android-test-plugin-host-logcat-proto-31.7.1.jar (com.android.tools.utp:android-test-plugin-host-logcat-proto:31.7.1) with ExternalDependencyInstrumentingArtifactTransform
Transforming android-test-plugin-host-apk-installer-proto-31.7.1.jar (com.android.tools.utp:android-test-plugin-host-apk-installer-proto:31.7.1) with ExternalDependencyInstrumentingArtifactTransform
Transforming android-test-plugin-host-retention-proto-31.7.1.jar (com.android.tools.utp:android-test-plugin-host-retention-proto:31.7.1) with ExternalDependencyInstrumentingArtifactTransform
Transforming android-test-plugin-result-listener-gradle-proto-31.7.1.jar (com.android.tools.utp:android-test-plugin-result-listener-gradle-proto:31.7.1) with ExternalDependencyInstrumentingArtifactTransform
Transforming builder-model-8.7.1.jar (com.android.tools.build:builder-model:8.7.1) with ExternalDependencyInstrumentingArtifactTransform
Transforming jetifier-processor-1.0.0-beta10.jar (com.android.tools.build.jetifier:jetifier-processor:1.0.0-beta10) with ExternalDependencyInstrumentingArtifactTransform
Transforming jetifier-core-1.0.0-beta10.jar (com.android.tools.build.jetifier:jetifier-core:1.0.0-beta10) with ExternalDependencyInstrumentingArtifactTransform
Transforming kotlin-reflect-1.9.20.jar (org.jetbrains.kotlin:kotlin-reflect:1.9.20) with ExternalDependencyInstrumentingArtifactTransform
Transforming kotlin-stdlib-jdk7-1.9.20.jar (org.jetbrains.kotlin:kotlin-stdlib-jdk7:1.9.20) with ExternalDependencyInstrumentingArtifactTransform
Transforming kotlin-stdlib-1.9.20.jar (org.jetbrains.kotlin:kotlin-stdlib:1.9.20) with ExternalDependencyInstrumentingArtifactTransform
Transforming strict-version-matcher-plugin-1.2.4.jar (com.google.android.gms:strict-version-matcher-plugin:1.2.4) with ExternalDependencyInstrumentingArtifactTransform
Transforming dvlib-31.7.1.jar (com.android.tools:dvlib:31.7.1) with ExternalDependencyInstrumentingArtifactTransform
Transforming common-31.7.1.jar (com.android.tools:common:31.7.1) with ExternalDependencyInstrumentingArtifactTransform
Transforming kotlin-stdlib-jdk8-1.9.20.jar (org.jetbrains.kotlin:kotlin-stdlib-jdk8:1.9.20) with ExternalDependencyInstrumentingArtifactTransform
Transforming transform-api-2.0.0-deprecated-use-gradle-api.jar (com.android.tools.build:transform-api:2.0.0-deprecated-use-gradle-api) with ExternalDependencyInstrumentingArtifactTransform
Transforming httpmime-4.5.6.jar (org.apache.httpcomponents:httpmime:4.5.6) with ExternalDependencyInstrumentingArtifactTransform
Transforming commons-io-2.13.0.jar (commons-io:commons-io:2.13.0) with ExternalDependencyInstrumentingArtifactTransform
Transforming asm-commons-9.6.jar (org.ow2.asm:asm-commons:9.6) with ExternalDependencyInstrumentingArtifactTransform
Transforming asm-util-9.6.jar (org.ow2.asm:asm-util:9.6) with ExternalDependencyInstrumentingArtifactTransform
Transforming asm-analysis-9.6.jar (org.ow2.asm:asm-analysis:9.6) with ExternalDependencyInstrumentingArtifactTransform
Transforming asm-tree-9.6.jar (org.ow2.asm:asm-tree:9.6) with ExternalDependencyInstrumentingArtifactTransform
Transforming asm-9.6.jar (org.ow2.asm:asm:9.6) with ExternalDependencyInstrumentingArtifactTransform
Transforming apkzlib-8.7.1.jar (com.android.tools.build:apkzlib:8.7.1) with ExternalDependencyInstrumentingArtifactTransform
Transforming bcpkix-jdk18on-1.77.jar (org.bouncycastle:bcpkix-jdk18on:1.77) with ExternalDependencyInstrumentingArtifactTransform
Transforming jaxb-runtime-2.3.2.jar (org.glassfish.jaxb:jaxb-runtime:2.3.2) with ExternalDependencyInstrumentingArtifactTransform
Transforming jopt-simple-4.9.jar (net.sf.jopt-simple:jopt-simple:4.9) with ExternalDependencyInstrumentingArtifactTransform
Transforming javapoet-1.13.0.jar (com.squareup:javapoet:1.13.0) with ExternalDependencyInstrumentingArtifactTransform
Transforming grpc-protobuf-1.57.0.jar (io.grpc:grpc-protobuf:1.57.0) with ExternalDependencyInstrumentingArtifactTransform
Transforming protobuf-java-util-3.22.3.jar (com.google.protobuf:protobuf-java-util:3.22.3) with ExternalDependencyInstrumentingArtifactTransform
Transforming tink-1.7.0.jar (com.google.crypto.tink:tink:1.7.0) with ExternalDependencyInstrumentingArtifactTransform
Transforming protos-31.7.1.jar (com.android.tools.analytics-library:protos:31.7.1) with ExternalDependencyInstrumentingArtifactTransform
Transforming proto-google-common-protos-2.17.0.jar (com.google.api.grpc:proto-google-common-protos:2.17.0) with ExternalDependencyInstrumentingArtifactTransform
Transforming protobuf-java-3.22.3.jar (com.google.protobuf:protobuf-java:3.22.3) with ExternalDependencyInstrumentingArtifactTransform
Transforming grpc-netty-1.57.0.jar (io.grpc:grpc-netty:1.57.0) with ExternalDependencyInstrumentingArtifactTransform
Transforming grpc-core-1.57.0.jar (io.grpc:grpc-core:1.57.0) with ExternalDependencyInstrumentingArtifactTransform
Transforming grpc-stub-1.57.0.jar (io.grpc:grpc-stub:1.57.0) with ExternalDependencyInstrumentingArtifactTransform
Transforming gson-2.10.1.jar (com.google.code.gson:gson:2.10.1) with ExternalDependencyInstrumentingArtifactTransform
Transforming core-proto-0.0.9-alpha02.jar (com.google.testing.platform:core-proto:0.0.9-alpha02) with ExternalDependencyInstrumentingArtifactTransform
Transforming tensorflow-lite-metadata-0.1.0-rc2.jar (org.tensorflow:tensorflow-lite-metadata:0.1.0-rc2) with ExternalDependencyInstrumentingArtifactTransform
Transforming kotlin-gradle-plugin-idea-proto-1.9.25.jar (org.jetbrains.kotlin:kotlin-gradle-plugin-idea-proto:1.9.25) with ExternalDependencyInstrumentingArtifactTransform
Transforming flatbuffers-java-1.12.0.jar (com.google.flatbuffers:flatbuffers-java:1.12.0) with ExternalDependencyInstrumentingArtifactTransform
Transforming kotlin-klib-commonizer-api-1.9.25.jar (org.jetbrains.kotlin:kotlin-klib-commonizer-api:1.9.25) with ExternalDependencyInstrumentingArtifactTransform
Transforming kotlin-gradle-plugin-idea-1.9.25.jar (org.jetbrains.kotlin:kotlin-gradle-plugin-idea:1.9.25) with ExternalDependencyInstrumentingArtifactTransform
Transforming kotlin-native-utils-1.9.25.jar (org.jetbrains.kotlin:kotlin-native-utils:1.9.25) with ExternalDependencyInstrumentingArtifactTransform
Transforming kotlin-util-klib-1.9.25.jar (org.jetbrains.kotlin:kotlin-util-klib:1.9.25) with ExternalDependencyInstrumentingArtifactTransform
Transforming kotlin-build-tools-api-1.9.25.jar (org.jetbrains.kotlin:kotlin-build-tools-api:1.9.25) with ExternalDependencyInstrumentingArtifactTransform
Transforming kotlin-android-extensions-1.9.25.jar (org.jetbrains.kotlin:kotlin-android-extensions:1.9.25) with ExternalDependencyInstrumentingArtifactTransform
Transforming kotlin-compiler-runner-1.9.25.jar (org.jetbrains.kotlin:kotlin-compiler-runner:1.9.25) with ExternalDependencyInstrumentingArtifactTransform
Transforming kotlin-compiler-embeddable-1.9.25.jar (org.jetbrains.kotlin:kotlin-compiler-embeddable:1.9.25) with ExternalDependencyInstrumentingArtifactTransform
Transforming kotlin-scripting-compiler-impl-embeddable-1.9.25.jar (org.jetbrains.kotlin:kotlin-scripting-compiler-impl-embeddable:1.9.25) with ExternalDependencyInstrumentingArtifactTransform
Transforming kotlin-scripting-compiler-embeddable-1.9.25.jar (org.jetbrains.kotlin:kotlin-scripting-compiler-embeddable:1.9.25) with ExternalDependencyInstrumentingArtifactTransform
Transforming grpc-context-1.57.0.jar (io.grpc:grpc-context:1.57.0) with ExternalDependencyInstrumentingArtifactTransform
Transforming jimfs-1.1.jar (com.google.jimfs:jimfs:1.1) with ExternalDependencyInstrumentingArtifactTransform
Transforming grpc-protobuf-lite-1.57.0.jar (io.grpc:grpc-protobuf-lite:1.57.0) with ExternalDependencyInstrumentingArtifactTransform
Transforming grpc-api-1.57.0.jar (io.grpc:grpc-api:1.57.0) with ExternalDependencyInstrumentingArtifactTransform
Transforming dagger-2.28.3.jar (com.google.dagger:dagger:2.28.3) with ExternalDependencyInstrumentingArtifactTransform
Transforming guava-32.0.1-jre.jar (com.google.guava:guava:32.0.1-jre) with ExternalDependencyInstrumentingArtifactTransform
Transforming javax.inject-1.jar (javax.inject:javax.inject:1) with ExternalDependencyInstrumentingArtifactTransform
Transforming kxml2-2.3.0.jar (net.sf.kxml:kxml2:2.3.0) with ExternalDependencyInstrumentingArtifactTransform
Transforming bcutil-jdk18on-1.77.jar (org.bouncycastle:bcutil-jdk18on:1.77) with ExternalDependencyInstrumentingArtifactTransform
Transforming bcprov-jdk18on-1.77.jar (org.bouncycastle:bcprov-jdk18on:1.77) with ExternalDependencyInstrumentingArtifactTransform
Transforming trove4j-1.0.20200330.jar (org.jetbrains.intellij.deps:trove4j:1.0.20200330) with ExternalDependencyInstrumentingArtifactTransform
Transforming commons-compress-1.21.jar (org.apache.commons:commons-compress:1.21) with ExternalDependencyInstrumentingArtifactTransform
Transforming httpclient-4.5.14.jar (org.apache.httpcomponents:httpclient:4.5.14) with ExternalDependencyInstrumentingArtifactTransform
Transforming httpcore-4.4.16.jar (org.apache.httpcomponents:httpcore:4.4.16) with ExternalDependencyInstrumentingArtifactTransform
Transforming javax.activation-1.2.0.jar (com.sun.activation:javax.activation:1.2.0) with ExternalDependencyInstrumentingArtifactTransform
Transforming annotations-23.0.0.jar (org.jetbrains:annotations:23.0.0) with ExternalDependencyInstrumentingArtifactTransform
Transforming signflinger-8.7.1.jar (com.android:signflinger:8.7.1) with ExternalDependencyInstrumentingArtifactTransform
Transforming zipflinger-8.7.1.jar (com.android:zipflinger:8.7.1) with ExternalDependencyInstrumentingArtifactTransform
Transforming annotations-31.7.1.jar (com.android.tools:annotations:31.7.1) with ExternalDependencyInstrumentingArtifactTransform
Transforming jna-platform-5.6.0.jar (net.java.dev.jna:jna-platform:5.6.0) with ExternalDependencyInstrumentingArtifactTransform
Transforming juniversalchardet-1.0.3.jar (com.googlecode.juniversalchardet:juniversalchardet:1.0.3) with ExternalDependencyInstrumentingArtifactTransform
Transforming javax.annotation-api-1.3.2.jar (javax.annotation:javax.annotation-api:1.3.2) with ExternalDependencyInstrumentingArtifactTransform
Transforming stax-ex-1.8.1.jar (org.jvnet.staxex:stax-ex:1.8.1) with ExternalDependencyInstrumentingArtifactTransform
Transforming jakarta.xml.bind-api-2.3.2.jar (jakarta.xml.bind:jakarta.xml.bind-api:2.3.2) with ExternalDependencyInstrumentingArtifactTransform
Transforming txw2-2.3.2.jar (org.glassfish.jaxb:txw2:2.3.2) with ExternalDependencyInstrumentingArtifactTransform
Transforming istack-commons-runtime-3.0.8.jar (com.sun.istack:istack-commons-runtime:3.0.8) with ExternalDependencyInstrumentingArtifactTransform
Transforming FastInfoset-1.2.16.jar (com.sun.xml.fastinfoset:FastInfoset:1.2.16) with ExternalDependencyInstrumentingArtifactTransform
Transforming jakarta.activation-api-1.2.1.jar (jakarta.activation:jakarta.activation-api:1.2.1) with ExternalDependencyInstrumentingArtifactTransform
Transforming auto-value-annotations-1.6.2.jar (com.google.auto.value:auto-value-annotations:1.6.2) with ExternalDependencyInstrumentingArtifactTransform
Transforming error_prone_annotations-2.18.0.jar (com.google.errorprone:error_prone_annotations:2.18.0) with ExternalDependencyInstrumentingArtifactTransform
Transforming jose4j-0.9.5.jar (org.bitbucket.b_c:jose4j:0.9.5) with ExternalDependencyInstrumentingArtifactTransform
Transforming slf4j-api-1.7.30.jar (org.slf4j:slf4j-api:1.7.30) with ExternalDependencyInstrumentingArtifactTransform
Transforming jdom2-2.0.6.jar (org.jdom:jdom2:2.0.6) with ExternalDependencyInstrumentingArtifactTransform
Transforming jsr305-3.0.2.jar (com.google.code.findbugs:jsr305:3.0.2) with ExternalDependencyInstrumentingArtifactTransform
Transforming j2objc-annotations-2.8.jar (com.google.j2objc:j2objc-annotations:2.8) with ExternalDependencyInstrumentingArtifactTransform
Transforming annotations-4.1.1.4.jar (com.google.android:annotations:4.1.1.4) with ExternalDependencyInstrumentingArtifactTransform
Transforming animal-sniffer-annotations-1.23.jar (org.codehaus.mojo:animal-sniffer-annotations:1.23) with ExternalDependencyInstrumentingArtifactTransform
Transforming perfmark-api-0.26.0.jar (io.perfmark:perfmark-api:0.26.0) with ExternalDependencyInstrumentingArtifactTransform
Transforming netty-codec-http2-4.1.93.Final.jar (io.netty:netty-codec-http2:4.1.93.Final) with ExternalDependencyInstrumentingArtifactTransform
Transforming netty-handler-proxy-4.1.93.Final.jar (io.netty:netty-handler-proxy:4.1.93.Final) with ExternalDependencyInstrumentingArtifactTransform
Transforming netty-codec-http-4.1.93.Final.jar (io.netty:netty-codec-http:4.1.93.Final) with ExternalDependencyInstrumentingArtifactTransform
Transforming netty-handler-4.1.93.Final.jar (io.netty:netty-handler:4.1.93.Final) with ExternalDependencyInstrumentingArtifactTransform
Transforming checker-qual-3.33.0.jar (org.checkerframework:checker-qual:3.33.0) with ExternalDependencyInstrumentingArtifactTransform
Transforming netty-transport-native-unix-common-4.1.93.Final.jar (io.netty:netty-transport-native-unix-common:4.1.93.Final) with ExternalDependencyInstrumentingArtifactTransform
Transforming commons-codec-1.11.jar (commons-codec:commons-codec:1.11) with ExternalDependencyInstrumentingArtifactTransform
Transforming apksig-8.7.1.jar (com.android.tools.build:apksig:8.7.1) with ExternalDependencyInstrumentingArtifactTransform
Transforming javawriter-2.5.0.jar (com.squareup:javawriter:2.5.0) with ExternalDependencyInstrumentingArtifactTransform
Transforming kotlin-gradle-plugin-annotations-1.9.25.jar (org.jetbrains.kotlin:kotlin-gradle-plugin-annotations:1.9.25) with ExternalDependencyInstrumentingArtifactTransform
Transforming kotlin-project-model-1.9.25.jar (org.jetbrains.kotlin:kotlin-project-model:1.9.25) with ExternalDependencyInstrumentingArtifactTransform
Transforming kotlin-tooling-core-1.9.25.jar (org.jetbrains.kotlin:kotlin-tooling-core:1.9.25) with ExternalDependencyInstrumentingArtifactTransform
Transforming kotlin-util-io-1.9.25.jar (org.jetbrains.kotlin:kotlin-util-io:1.9.25) with ExternalDependencyInstrumentingArtifactTransform
Transforming kotlin-daemon-embeddable-1.9.25.jar (org.jetbrains.kotlin:kotlin-daemon-embeddable:1.9.25) with ExternalDependencyInstrumentingArtifactTransform
Transforming kotlin-daemon-client-1.9.25.jar (org.jetbrains.kotlin:kotlin-daemon-client:1.9.25) with ExternalDependencyInstrumentingArtifactTransform
Transforming kotlinx-coroutines-core-jvm-1.5.0.jar (org.jetbrains.kotlinx:kotlinx-coroutines-core-jvm:1.5.0) with ExternalDependencyInstrumentingArtifactTransform
Transforming kotlin-scripting-jvm-1.9.25.jar (org.jetbrains.kotlin:kotlin-scripting-jvm:1.9.25) with ExternalDependencyInstrumentingArtifactTransform
Transforming kotlin-scripting-common-1.9.25.jar (org.jetbrains.kotlin:kotlin-scripting-common:1.9.25) with ExternalDependencyInstrumentingArtifactTransform
Transforming failureaccess-1.0.1.jar (com.google.guava:failureaccess:1.0.1) with ExternalDependencyInstrumentingArtifactTransform
Transforming listenablefuture-9999.0-empty-to-avoid-conflict-with-guava.jar (com.google.guava:listenablefuture:9999.0-empty-to-avoid-conflict-with-guava) with ExternalDependencyInstrumentingArtifactTransform
Transforming commons-logging-1.2.jar (commons-logging:commons-logging:1.2) with ExternalDependencyInstrumentingArtifactTransform
Transforming jna-5.6.0.jar (net.java.dev.jna:jna:5.6.0) with ExternalDependencyInstrumentingArtifactTransform
Transforming netty-codec-socks-4.1.93.Final.jar (io.netty:netty-codec-socks:4.1.93.Final) with ExternalDependencyInstrumentingArtifactTransform
Transforming netty-codec-4.1.93.Final.jar (io.netty:netty-codec:4.1.93.Final) with ExternalDependencyInstrumentingArtifactTransform
Transforming netty-transport-4.1.93.Final.jar (io.netty:netty-transport:4.1.93.Final) with ExternalDependencyInstrumentingArtifactTransform
Transforming netty-buffer-4.1.93.Final.jar (io.netty:netty-buffer:4.1.93.Final) with ExternalDependencyInstrumentingArtifactTransform
Transforming netty-resolver-4.1.93.Final.jar (io.netty:netty-resolver:4.1.93.Final) with ExternalDependencyInstrumentingArtifactTransform
Transforming netty-common-4.1.93.Final.jar (io.netty:netty-common:4.1.93.Final) with ExternalDependencyInstrumentingArtifactTransform

> Configure project :app
Evaluating project ':app' using build file 'D:\cursor working\debxtrem\app\build.gradle'.
Using default execution profile
Build report service is registered. Unique build id: 4e2d836a-3c0c-4a0b-bb61-1fd30b1f21c0
Using Kotlin Gradle Plugin gradle82 variant
All projects evaluated.
Task path ':app:compileDebugUnitTestKotlin' matched project ':app'
Task name matched 'compileDebugUnitTestKotlin'
Selected primary task 'compileDebugUnitTestKotlin' from project :app
Tasks to be executed: [task ':app:checkKotlinGradlePluginConfigurationErrors', task ':app:preBuild', task ':app:preDebugBuild', task ':app:dataBindingMergeDependencyArtifactsDebug', task ':app:generateDebugResValues', task ':app:generateDebugResources', task ':app:processDebugGoogleServices', task ':app:mergeDebugResources', task ':app:packageDebugResources', task ':app:parseDebugLocalResources', task ':app:dataBindingGenBaseClassesDebug', task ':app:generateDebugBuildConfig', task ':app:checkDebugAarMetadata', task ':app:mapDebugSourceSetPaths', task ':app:createDebugCompatibleScreenManifests', task ':app:extractDeepLinksDebug', task ':app:processDebugMainManifest', task ':app:processDebugManifest', task ':app:processDebugManifestForPackage', task ':app:processDebugResources', task ':app:kaptGenerateStubsDebugKotlin', task ':app:kaptDebugKotlin', task ':app:compileDebugKotlin', task ':app:javaPreCompileDebug', task ':app:compileDebugJavaWithJavac', task ':app:hiltAggregateDepsDebug', task ':app:hiltJavaCompileDebug', task ':app:bundleDebugClassesToCompileJar', task ':app:kaptGenerateStubsDebugUnitTestKotlin', task ':app:kaptDebugUnitTestKotlin', task ':app:compileDebugUnitTestKotlin']
Tasks that were excluded: []
Resolve mutations for :app:checkKotlinGradlePluginConfigurationErrors (Thread[#64,included builds,5,main]) started.
:app:checkKotlinGradlePluginConfigurationErrors (Thread[#64,included builds,5,main]) started.

> Task :app:checkKotlinGradlePluginConfigurationErrors
Caching disabled for task ':app:checkKotlinGradlePluginConfigurationErrors' because:
  Build cache is disabled
Task ':app:checkKotlinGradlePluginConfigurationErrors' is not up-to-date because:
  Task has not declared any outputs despite executing actions.
Resolve mutations for :app:preBuild (Thread[#64,included builds,5,main]) started.
:app:preBuild (Thread[#64,included builds,5,main]) started.

> Task :app:preBuild UP-TO-DATE
Skipping task ':app:preBuild' as it has no actions.
Resolve mutations for :app:preDebugBuild (Thread[#64,included builds,5,main]) started.
:app:preDebugBuild (Thread[#64,included builds,5,main]) started.

> Task :app:preDebugBuild UP-TO-DATE
Skipping task ':app:preDebugBuild' as it has no actions.
Resolve mutations for :app:dataBindingMergeDependencyArtifactsDebug (Thread[#64,included builds,5,main]) started.
:app:dataBindingMergeDependencyArtifactsDebug (Thread[#64,included builds,5,main]) started.

> Task :app:dataBindingMergeDependencyArtifactsDebug
Registered task dependencies: app:debugCompileClasspath
Skipping misunderstood TO dep string: androidx.compose.ui:ui-tooling
Skipping misunderstood TO dep string: androidx.compose.ui:ui-test-manifest
Skipping misunderstood TO dep string: androidx.compose.ui:ui
Skipping misunderstood TO dep string: androidx.compose.ui:ui-graphics
Skipping misunderstood TO dep string: androidx.compose.ui:ui-tooling-preview
Skipping misunderstood TO dep string: androidx.compose.material3:material3
Skipping misunderstood TO dep string: com.google.firebase:firebase-firestore-ktx
Skipping misunderstood TO dep string: com.google.firebase:firebase-analytics-ktx
Starting dependency analysis
Transforming viewbinding-8.7.1.aar (androidx.databinding:viewbinding:8.7.1) with JetifyTransform
Transforming preference-ktx-1.2.1.aar (androidx.preference:preference-ktx:1.2.1) with JetifyTransform
Transforming preference-ktx-1.2.1.aar (androidx.preference:preference-ktx:1.2.1) with ExtractAarTransform
Transforming viewbinding-8.7.1.aar (androidx.databinding:viewbinding:8.7.1) with ExtractAarTransform
Transforming viewbinding-8.7.1.aar (androidx.databinding:viewbinding:8.7.1) with AarTransform
Transforming preference-ktx-1.2.1.aar (androidx.preference:preference-ktx:1.2.1) with AarTransform
Transforming appcompat-resources-1.7.0.aar (androidx.appcompat:appcompat-resources:1.7.0) with JetifyTransform
Transforming material-1.12.0.aar (com.google.android.material:material:1.12.0) with JetifyTransform
Transforming material-1.12.0.aar (com.google.android.material:material:1.12.0) with ExtractAarTransform
Transforming appcompat-resources-1.7.0.aar (androidx.appcompat:appcompat-resources:1.7.0) with ExtractAarTransform
Transforming appcompat-resources-1.7.0.aar (androidx.appcompat:appcompat-resources:1.7.0) with AarTransform
Transforming preference-1.2.1.aar (androidx.preference:preference:1.2.1) with JetifyTransform
Transforming material-1.12.0.aar (com.google.android.material:material:1.12.0) with AarTransform
Transforming preference-1.2.1.aar (androidx.preference:preference:1.2.1) with ExtractAarTransform
Transforming appcompat-1.7.0.aar (androidx.appcompat:appcompat:1.7.0) with JetifyTransform
Transforming appcompat-1.7.0.aar (androidx.appcompat:appcompat:1.7.0) with ExtractAarTransform
Transforming preference-1.2.1.aar (androidx.preference:preference:1.2.1) with AarTransform
Transforming okhttp3-integration-4.16.0.aar (com.github.bumptech.glide:okhttp3-integration:4.16.0) with JetifyTransform
Transforming okhttp3-integration-4.16.0.aar (com.github.bumptech.glide:okhttp3-integration:4.16.0) with ExtractAarTransform
Transforming okhttp3-integration-4.16.0.aar (com.github.bumptech.glide:okhttp3-integration:4.16.0) with AarTransform
Transforming glide-4.16.0.aar (com.github.bumptech.glide:glide:4.16.0) with JetifyTransform
Transforming glide-4.16.0.aar (com.github.bumptech.glide:glide:4.16.0) with ExtractAarTransform
Transforming appcompat-1.7.0.aar (androidx.appcompat:appcompat:1.7.0) with AarTransform
Transforming hilt-work-1.2.0.aar (androidx.hilt:hilt-work:1.2.0) with JetifyTransform
Transforming glide-4.16.0.aar (com.github.bumptech.glide:glide:4.16.0) with AarTransform
Transforming hilt-work-1.2.0.aar (androidx.hilt:hilt-work:1.2.0) with ExtractAarTransform
Transforming hilt-android-2.51.1.aar (com.google.dagger:hilt-android:2.51.1) with JetifyTransform
Transforming hilt-android-2.51.1.aar (com.google.dagger:hilt-android:2.51.1) with ExtractAarTransform
Transforming hilt-work-1.2.0.aar (androidx.hilt:hilt-work:1.2.0) with AarTransform
Transforming hilt-android-2.51.1.aar (com.google.dagger:hilt-android:2.51.1) with AarTransform
Transforming viewpager2-1.1.0-beta02.aar (androidx.viewpager2:viewpager2:1.1.0-beta02) with JetifyTransform
Transforming firebase-firestore-ktx-25.0.0.aar (com.google.firebase:firebase-firestore-ktx:25.0.0) with JetifyTransform
Transforming viewpager2-1.1.0-beta02.aar (androidx.viewpager2:viewpager2:1.1.0-beta02) with ExtractAarTransform
Transforming firebase-firestore-ktx-25.0.0.aar (com.google.firebase:firebase-firestore-ktx:25.0.0) with ExtractAarTransform
Transforming viewpager2-1.1.0-beta02.aar (androidx.viewpager2:viewpager2:1.1.0-beta02) with AarTransform
Transforming firebase-firestore-ktx-25.0.0.aar (com.google.firebase:firebase-firestore-ktx:25.0.0) with AarTransform
Transforming firebase-appcheck-interop-17.0.0.aar (com.google.firebase:firebase-appcheck-interop:17.0.0) with JetifyTransform
Transforming firebase-firestore-25.0.0.aar (com.google.firebase:firebase-firestore:25.0.0) with JetifyTransform
Transforming firebase-appcheck-interop-17.0.0.aar (com.google.firebase:firebase-appcheck-interop:17.0.0) with ExtractAarTransform
Transforming firebase-firestore-25.0.0.aar (com.google.firebase:firebase-firestore:25.0.0) with ExtractAarTransform
Transforming firebase-appcheck-interop-17.0.0.aar (com.google.firebase:firebase-appcheck-interop:17.0.0) with AarTransform
Transforming firebase-firestore-25.0.0.aar (com.google.firebase:firebase-firestore:25.0.0) with AarTransform
Transforming firebase-auth-interop-19.0.2.aar (com.google.firebase:firebase-auth-interop:19.0.2) with JetifyTransform
Transforming firebase-analytics-ktx-22.0.2.aar (com.google.firebase:firebase-analytics-ktx:22.0.2) with JetifyTransform
Transforming firebase-auth-interop-19.0.2.aar (com.google.firebase:firebase-auth-interop:19.0.2) with ExtractAarTransform
Transforming firebase-analytics-ktx-22.0.2.aar (com.google.firebase:firebase-analytics-ktx:22.0.2) with ExtractAarTransform
Transforming firebase-auth-interop-19.0.2.aar (com.google.firebase:firebase-auth-interop:19.0.2) with AarTransform
Transforming firebase-analytics-22.0.2.aar (com.google.firebase:firebase-analytics:22.0.2) with JetifyTransform
Transforming firebase-analytics-ktx-22.0.2.aar (com.google.firebase:firebase-analytics-ktx:22.0.2) with AarTransform
Transforming play-services-measurement-api-22.0.2.aar (com.google.android.gms:play-services-measurement-api:22.0.2) with JetifyTransform
Transforming firebase-analytics-22.0.2.aar (com.google.firebase:firebase-analytics:22.0.2) with ExtractAarTransform
Transforming play-services-measurement-api-22.0.2.aar (com.google.android.gms:play-services-measurement-api:22.0.2) with ExtractAarTransform
Transforming firebase-analytics-22.0.2.aar (com.google.firebase:firebase-analytics:22.0.2) with AarTransform
Transforming firebase-installations-18.0.0.aar (com.google.firebase:firebase-installations:18.0.0) with JetifyTransform
Transforming play-services-measurement-api-22.0.2.aar (com.google.android.gms:play-services-measurement-api:22.0.2) with AarTransform
Transforming firebase-installations-18.0.0.aar (com.google.firebase:firebase-installations:18.0.0) with ExtractAarTransform
Transforming firebase-common-ktx-21.0.0.aar (com.google.firebase:firebase-common-ktx:21.0.0) with JetifyTransform
Transforming firebase-common-ktx-21.0.0.aar (com.google.firebase:firebase-common-ktx:21.0.0) with ExtractAarTransform
Transforming firebase-installations-18.0.0.aar (com.google.firebase:firebase-installations:18.0.0) with AarTransform
Transforming firebase-common-ktx-21.0.0.aar (com.google.firebase:firebase-common-ktx:21.0.0) with JetifyTransform
Transforming firebase-common-ktx-21.0.0.aar (com.google.firebase:firebase-common-ktx:21.0.0) with ExtractAarTransform
Transforming firebase-common-ktx-21.0.0.aar (com.google.firebase:firebase-common-ktx:21.0.0) with AarTransform
Transforming firebase-common-ktx-21.0.0.aar (com.google.firebase:firebase-common-ktx:21.0.0) with AarTransform
Transforming firebase-common-21.0.0.aar (com.google.firebase:firebase-common:21.0.0) with JetifyTransform
Transforming firebase-common-21.0.0.aar (com.google.firebase:firebase-common:21.0.0) with JetifyTransform
Transforming firebase-common-21.0.0.aar (com.google.firebase:firebase-common:21.0.0) with ExtractAarTransform
Transforming firebase-common-21.0.0.aar (com.google.firebase:firebase-common:21.0.0) with ExtractAarTransform
Transforming firebase-common-21.0.0.aar (com.google.firebase:firebase-common:21.0.0) with AarTransform
Transforming firebase-common-21.0.0.aar (com.google.firebase:firebase-common:21.0.0) with AarTransform
Transforming room-runtime-2.6.1.aar (androidx.room:room-runtime:2.6.1) with JetifyTransform
Transforming room-ktx-2.6.1.aar (androidx.room:room-ktx:2.6.1) with JetifyTransform
Transforming room-runtime-2.6.1.aar (androidx.room:room-runtime:2.6.1) with ExtractAarTransform
Transforming room-ktx-2.6.1.aar (androidx.room:room-ktx:2.6.1) with ExtractAarTransform
Transforming room-runtime-2.6.1.aar (androidx.room:room-runtime:2.6.1) with AarTransform
Transforming room-ktx-2.6.1.aar (androidx.room:room-ktx:2.6.1) with AarTransform
Transforming paging-common-release.aar (androidx.paging:paging-common-android:3.3.2) with JetifyTransform
Transforming room-paging-2.6.1.aar (androidx.room:room-paging:2.6.1) with JetifyTransform
Transforming room-paging-2.6.1.aar (androidx.room:room-paging:2.6.1) with ExtractAarTransform
Transforming paging-common-release.aar (androidx.paging:paging-common-android:3.3.2) with ExtractAarTransform
Transforming paging-common-release.aar (androidx.paging:paging-common-android:3.3.2) with AarTransform
Transforming room-paging-2.6.1.aar (androidx.room:room-paging:2.6.1) with AarTransform
Transforming paging-runtime-3.3.2.aar (androidx.paging:paging-runtime:3.3.2) with JetifyTransform
Transforming paging-runtime-ktx-3.3.2.aar (androidx.paging:paging-runtime-ktx:3.3.2) with JetifyTransform
Transforming paging-runtime-3.3.2.aar (androidx.paging:paging-runtime:3.3.2) with ExtractAarTransform
Transforming paging-runtime-ktx-3.3.2.aar (androidx.paging:paging-runtime-ktx:3.3.2) with ExtractAarTransform
Transforming paging-runtime-3.3.2.aar (androidx.paging:paging-runtime:3.3.2) with AarTransform
Transforming paging-runtime-ktx-3.3.2.aar (androidx.paging:paging-runtime-ktx:3.3.2) with AarTransform
Transforming activity-compose-1.9.3.aar (androidx.activity:activity-compose:1.9.3) with JetifyTransform
Transforming material3-release.aar (androidx.compose.material3:material3-android:1.2.0) with JetifyTransform
Transforming activity-compose-1.9.3.aar (androidx.activity:activity-compose:1.9.3) with ExtractAarTransform
Transforming material3-release.aar (androidx.compose.material3:material3-android:1.2.0) with ExtractAarTransform
Transforming activity-compose-1.9.3.aar (androidx.activity:activity-compose:1.9.3) with AarTransform
Transforming ui-util-release.aar (androidx.compose.ui:ui-util-android:1.6.2) with JetifyTransform
Transforming ui-util-release.aar (androidx.compose.ui:ui-util-android:1.6.2) with ExtractAarTransform
Transforming ui-util-release.aar (androidx.compose.ui:ui-util-android:1.6.2) with AarTransform
Transforming ui-unit-release.aar (androidx.compose.ui:ui-unit-android:1.6.2) with JetifyTransform
Transforming ui-unit-release.aar (androidx.compose.ui:ui-unit-android:1.6.2) with ExtractAarTransform
Transforming ui-unit-release.aar (androidx.compose.ui:ui-unit-android:1.6.2) with AarTransform
Transforming ui-text-release.aar (androidx.compose.ui:ui-text-android:1.6.2) with JetifyTransform
Transforming material3-release.aar (androidx.compose.material3:material3-android:1.2.0) with AarTransform
Transforming ui-text-release.aar (androidx.compose.ui:ui-text-android:1.6.2) with ExtractAarTransform
Transforming coil-compose-2.6.0.aar (io.coil-kt:coil-compose:2.6.0) with JetifyTransform
Transforming ui-text-release.aar (androidx.compose.ui:ui-text-android:1.6.2) with AarTransform
Transforming coil-compose-2.6.0.aar (io.coil-kt:coil-compose:2.6.0) with ExtractAarTransform
Transforming coil-compose-base-2.6.0.aar (io.coil-kt:coil-compose-base:2.6.0) with JetifyTransform
Transforming coil-compose-2.6.0.aar (io.coil-kt:coil-compose:2.6.0) with AarTransform
Transforming coil-compose-base-2.6.0.aar (io.coil-kt:coil-compose-base:2.6.0) with ExtractAarTransform
Transforming foundation-layout-release.aar (androidx.compose.foundation:foundation-layout-android:1.6.2) with JetifyTransform
Transforming coil-compose-base-2.6.0.aar (io.coil-kt:coil-compose-base:2.6.0) with AarTransform
Transforming foundation-layout-release.aar (androidx.compose.foundation:foundation-layout-android:1.6.2) with ExtractAarTransform
Transforming material-icons-core-release.aar (androidx.compose.material:material-icons-core-android:1.6.2) with JetifyTransform
Transforming foundation-layout-release.aar (androidx.compose.foundation:foundation-layout-android:1.6.2) with AarTransform
Transforming material-icons-core-release.aar (androidx.compose.material:material-icons-core-android:1.6.2) with ExtractAarTransform
Transforming material-ripple-release.aar (androidx.compose.material:material-ripple-android:1.6.2) with JetifyTransform
Transforming material-icons-core-release.aar (androidx.compose.material:material-icons-core-android:1.6.2) with AarTransform
Transforming material-ripple-release.aar (androidx.compose.material:material-ripple-android:1.6.2) with ExtractAarTransform
Transforming foundation-release.aar (androidx.compose.foundation:foundation-android:1.6.2) with JetifyTransform
Transforming foundation-release.aar (androidx.compose.foundation:foundation-android:1.6.2) with ExtractAarTransform
Transforming material-ripple-release.aar (androidx.compose.material:material-ripple-android:1.6.2) with AarTransform
Transforming animation-core-release.aar (androidx.compose.animation:animation-core-android:1.6.2) with JetifyTransform
Transforming animation-core-release.aar (androidx.compose.animation:animation-core-android:1.6.2) with ExtractAarTransform
Transforming animation-core-release.aar (androidx.compose.animation:animation-core-android:1.6.2) with AarTransform
Transforming animation-release.aar (androidx.compose.animation:animation-android:1.6.2) with JetifyTransform
Transforming animation-release.aar (androidx.compose.animation:animation-android:1.6.2) with ExtractAarTransform
Transforming animation-release.aar (androidx.compose.animation:animation-android:1.6.2) with AarTransform
Transforming ui-geometry-release.aar (androidx.compose.ui:ui-geometry-android:1.6.2) with JetifyTransform
Transforming ui-geometry-release.aar (androidx.compose.ui:ui-geometry-android:1.6.2) with ExtractAarTransform
Transforming ui-geometry-release.aar (androidx.compose.ui:ui-geometry-android:1.6.2) with AarTransform
Transforming foundation-release.aar (androidx.compose.foundation:foundation-android:1.6.2) with AarTransform
Transforming ui-tooling-preview-release.aar (androidx.compose.ui:ui-tooling-preview-android:1.6.2) with JetifyTransform
Transforming ui-tooling-data-release.aar (androidx.compose.ui:ui-tooling-data-android:1.6.2) with JetifyTransform
Transforming ui-tooling-preview-release.aar (androidx.compose.ui:ui-tooling-preview-android:1.6.2) with ExtractAarTransform
Transforming ui-tooling-data-release.aar (androidx.compose.ui:ui-tooling-data-android:1.6.2) with ExtractAarTransform
Transforming ui-tooling-preview-release.aar (androidx.compose.ui:ui-tooling-preview-android:1.6.2) with AarTransform
Transforming ui-tooling-data-release.aar (androidx.compose.ui:ui-tooling-data-android:1.6.2) with AarTransform
Transforming ui-graphics-release.aar (androidx.compose.ui:ui-graphics-android:1.6.2) with JetifyTransform
Transforming recyclerview-1.3.2.aar (androidx.recyclerview:recyclerview:1.3.2) with JetifyTransform
Transforming recyclerview-1.3.2.aar (androidx.recyclerview:recyclerview:1.3.2) with ExtractAarTransform
Transforming ui-graphics-release.aar (androidx.compose.ui:ui-graphics-android:1.6.2) with ExtractAarTransform
Transforming ui-graphics-release.aar (androidx.compose.ui:ui-graphics-android:1.6.2) with AarTransform
Transforming recyclerview-1.3.2.aar (androidx.recyclerview:recyclerview:1.3.2) with AarTransform
Transforming drawerlayout-1.1.1.aar (androidx.drawerlayout:drawerlayout:1.1.1) with JetifyTransform
Transforming coordinatorlayout-1.1.0.aar (androidx.coordinatorlayout:coordinatorlayout:1.1.0) with JetifyTransform
Transforming drawerlayout-1.1.1.aar (androidx.drawerlayout:drawerlayout:1.1.1) with ExtractAarTransform
Transforming coordinatorlayout-1.1.0.aar (androidx.coordinatorlayout:coordinatorlayout:1.1.0) with ExtractAarTransform
Transforming drawerlayout-1.1.1.aar (androidx.drawerlayout:drawerlayout:1.1.1) with AarTransform
Transforming coordinatorlayout-1.1.0.aar (androidx.coordinatorlayout:coordinatorlayout:1.1.0) with AarTransform
Transforming dynamicanimation-1.0.0.aar (androidx.dynamicanimation:dynamicanimation:1.0.0) with JetifyTransform
Transforming transition-1.5.0.aar (androidx.transition:transition:1.5.0) with JetifyTransform
Transforming dynamicanimation-1.0.0.aar (androidx.dynamicanimation:dynamicanimation:1.0.0) with ExtractAarTransform
Transforming transition-1.5.0.aar (androidx.transition:transition:1.5.0) with ExtractAarTransform
Transforming dynamicanimation-1.0.0.aar (androidx.dynamicanimation:dynamicanimation:1.0.0) with AarTransform
Transforming transition-1.5.0.aar (androidx.transition:transition:1.5.0) with AarTransform
Transforming vectordrawable-animated-1.1.0.aar (androidx.vectordrawable:vectordrawable-animated:1.1.0) with JetifyTransform
Transforming vectordrawable-animated-1.1.0.aar (androidx.vectordrawable:vectordrawable-animated:1.1.0) with ExtractAarTransform
Transforming vectordrawable-1.1.0.aar (androidx.vectordrawable:vectordrawable:1.1.0) with JetifyTransform
Transforming vectordrawable-1.1.0.aar (androidx.vectordrawable:vectordrawable:1.1.0) with ExtractAarTransform
Transforming vectordrawable-animated-1.1.0.aar (androidx.vectordrawable:vectordrawable-animated:1.1.0) with AarTransform
Transforming vectordrawable-1.1.0.aar (androidx.vectordrawable:vectordrawable:1.1.0) with JetifyTransform
Transforming vectordrawable-1.1.0.aar (androidx.vectordrawable:vectordrawable:1.1.0) with ExtractAarTransform
Transforming vectordrawable-1.1.0.aar (androidx.vectordrawable:vectordrawable:1.1.0) with AarTransform
Transforming vectordrawable-1.1.0.aar (androidx.vectordrawable:vectordrawable:1.1.0) with AarTransform
Transforming slidingpanelayout-1.2.0.aar (androidx.slidingpanelayout:slidingpanelayout:1.2.0) with JetifyTransform
Transforming viewpager-1.0.0.aar (androidx.viewpager:viewpager:1.0.0) with JetifyTransform
Transforming slidingpanelayout-1.2.0.aar (androidx.slidingpanelayout:slidingpanelayout:1.2.0) with ExtractAarTransform
Transforming viewpager-1.0.0.aar (androidx.viewpager:viewpager:1.0.0) with ExtractAarTransform
Transforming viewpager-1.0.0.aar (androidx.viewpager:viewpager:1.0.0) with AarTransform
Transforming slidingpanelayout-1.2.0.aar (androidx.slidingpanelayout:slidingpanelayout:1.2.0) with AarTransform
Transforming customview-1.1.0.aar (androidx.customview:customview:1.1.0) with JetifyTransform
Transforming customview-1.1.0.aar (androidx.customview:customview:1.1.0) with JetifyTransform
Transforming customview-1.1.0.aar (androidx.customview:customview:1.1.0) with ExtractAarTransform
Transforming customview-1.1.0.aar (androidx.customview:customview:1.1.0) with ExtractAarTransform
Transforming customview-1.1.0.aar (androidx.customview:customview:1.1.0) with AarTransform
Transforming customview-1.1.0.aar (androidx.customview:customview:1.1.0) with AarTransform
Transforming play-services-measurement-sdk-22.0.2.aar (com.google.android.gms:play-services-measurement-sdk:22.0.2) with JetifyTransform
Transforming play-services-measurement-22.0.2.aar (com.google.android.gms:play-services-measurement:22.0.2) with JetifyTransform
Transforming play-services-measurement-22.0.2.aar (com.google.android.gms:play-services-measurement:22.0.2) with ExtractAarTransform
Transforming play-services-measurement-sdk-22.0.2.aar (com.google.android.gms:play-services-measurement-sdk:22.0.2) with ExtractAarTransform
Transforming play-services-measurement-22.0.2.aar (com.google.android.gms:play-services-measurement:22.0.2) with AarTransform
Transforming play-services-measurement-sdk-22.0.2.aar (com.google.android.gms:play-services-measurement-sdk:22.0.2) with AarTransform
Transforming play-services-measurement-impl-22.0.2.aar (com.google.android.gms:play-services-measurement-impl:22.0.2) with JetifyTransform
Transforming play-services-measurement-impl-22.0.2.aar (com.google.android.gms:play-services-measurement-impl:22.0.2) with JetifyTransform
Transforming play-services-measurement-impl-22.0.2.aar (com.google.android.gms:play-services-measurement-impl:22.0.2) with ExtractAarTransform
Transforming play-services-measurement-impl-22.0.2.aar (com.google.android.gms:play-services-measurement-impl:22.0.2) with ExtractAarTransform
Transforming play-services-measurement-impl-22.0.2.aar (com.google.android.gms:play-services-measurement-impl:22.0.2) with AarTransform
Transforming play-services-measurement-impl-22.0.2.aar (com.google.android.gms:play-services-measurement-impl:22.0.2) with AarTransform
Transforming play-services-stats-17.0.2.aar (com.google.android.gms:play-services-stats:17.0.2) with JetifyTransform
Transforming play-services-stats-17.0.2.aar (com.google.android.gms:play-services-stats:17.0.2) with JetifyTransform
Transforming play-services-stats-17.0.2.aar (com.google.android.gms:play-services-stats:17.0.2) with ExtractAarTransform
Transforming play-services-stats-17.0.2.aar (com.google.android.gms:play-services-stats:17.0.2) with ExtractAarTransform
Transforming play-services-stats-17.0.2.aar (com.google.android.gms:play-services-stats:17.0.2) with AarTransform
Transforming play-services-stats-17.0.2.aar (com.google.android.gms:play-services-stats:17.0.2) with AarTransform
Transforming legacy-support-core-utils-1.0.0.aar (androidx.legacy:legacy-support-core-utils:1.0.0) with JetifyTransform
Transforming legacy-support-core-utils-1.0.0.aar (androidx.legacy:legacy-support-core-utils:1.0.0) with JetifyTransform
Transforming legacy-support-core-utils-1.0.0.aar (androidx.legacy:legacy-support-core-utils:1.0.0) with ExtractAarTransform
Transforming legacy-support-core-utils-1.0.0.aar (androidx.legacy:legacy-support-core-utils:1.0.0) with ExtractAarTransform
Transforming legacy-support-core-utils-1.0.0.aar (androidx.legacy:legacy-support-core-utils:1.0.0) with AarTransform
Transforming legacy-support-core-utils-1.0.0.aar (androidx.legacy:legacy-support-core-utils:1.0.0) with AarTransform
Transforming loader-1.0.0.aar (androidx.loader:loader:1.0.0) with JetifyTransform
Transforming loader-1.0.0.aar (androidx.loader:loader:1.0.0) with JetifyTransform
Transforming loader-1.0.0.aar (androidx.loader:loader:1.0.0) with ExtractAarTransform
Transforming loader-1.0.0.aar (androidx.loader:loader:1.0.0) with ExtractAarTransform
Transforming loader-1.0.0.aar (androidx.loader:loader:1.0.0) with AarTransform
Transforming loader-1.0.0.aar (androidx.loader:loader:1.0.0) with AarTransform
Transforming firebase-database-collection-18.0.1.aar (com.google.firebase:firebase-database-collection:18.0.1) with JetifyTransform
Transforming play-services-base-18.0.1.aar (com.google.android.gms:play-services-base:18.0.1) with JetifyTransform
Transforming play-services-base-18.0.1.aar (com.google.android.gms:play-services-base:18.0.1) with ExtractAarTransform
Transforming firebase-database-collection-18.0.1.aar (com.google.firebase:firebase-database-collection:18.0.1) with ExtractAarTransform
Transforming firebase-database-collection-18.0.1.aar (com.google.firebase:firebase-database-collection:18.0.1) with AarTransform
Transforming play-services-base-18.0.1.aar (com.google.android.gms:play-services-base:18.0.1) with JetifyTransform
Transforming play-services-base-18.0.1.aar (com.google.android.gms:play-services-base:18.0.1) with ExtractAarTransform
Transforming play-services-base-18.0.1.aar (com.google.android.gms:play-services-base:18.0.1) with AarTransform
Transforming play-services-base-18.0.1.aar (com.google.android.gms:play-services-base:18.0.1) with AarTransform
Transforming core-1.13.1.aar (androidx.core:core:1.13.1) with JetifyTransform
Transforming core-1.13.1.aar (androidx.core:core:1.13.1) with JetifyTransform
Transforming core-1.13.1.aar (androidx.core:core:1.13.1) with ExtractAarTransform
Transforming core-1.13.1.aar (androidx.core:core:1.13.1) with ExtractAarTransform
Transforming core-1.13.1.aar (androidx.core:core:1.13.1) with AarTransform
Transforming core-1.13.1.aar (androidx.core:core:1.13.1) with AarTransform
Transforming lifecycle-viewmodel-release.aar (androidx.lifecycle:lifecycle-viewmodel-android:2.8.7) with JetifyTransform
Transforming lifecycle-viewmodel-2.8.7.aar (androidx.lifecycle:lifecycle-viewmodel:2.8.7) with JetifyTransform
Transforming lifecycle-viewmodel-2.8.7.aar (androidx.lifecycle:lifecycle-viewmodel:2.8.7) with ExtractAarTransform
Transforming lifecycle-viewmodel-release.aar (androidx.lifecycle:lifecycle-viewmodel-android:2.8.7) with ExtractAarTransform
Transforming lifecycle-viewmodel-2.8.7.aar (androidx.lifecycle:lifecycle-viewmodel:2.8.7) with AarTransform
Transforming lifecycle-viewmodel-release.aar (androidx.lifecycle:lifecycle-viewmodel-android:2.8.7) with AarTransform
Transforming coil-2.6.0.aar (io.coil-kt:coil:2.6.0) with JetifyTransform
Transforming coil-base-2.6.0.aar (io.coil-kt:coil-base:2.6.0) with JetifyTransform
Transforming coil-2.6.0.aar (io.coil-kt:coil:2.6.0) with ExtractAarTransform
Transforming coil-base-2.6.0.aar (io.coil-kt:coil-base:2.6.0) with ExtractAarTransform
Transforming coil-2.6.0.aar (io.coil-kt:coil:2.6.0) with AarTransform
Transforming coil-base-2.6.0.aar (io.coil-kt:coil-base:2.6.0) with AarTransform
Transforming lifecycle-runtime-release.aar (androidx.lifecycle:lifecycle-runtime-android:2.8.7) with JetifyTransform
Transforming lifecycle-livedata-core-2.8.7.aar (androidx.lifecycle:lifecycle-livedata-core:2.8.7) with JetifyTransform
Transforming lifecycle-runtime-release.aar (androidx.lifecycle:lifecycle-runtime-android:2.8.7) with ExtractAarTransform
Transforming lifecycle-livedata-core-2.8.7.aar (androidx.lifecycle:lifecycle-livedata-core:2.8.7) with ExtractAarTransform
Transforming lifecycle-runtime-release.aar (androidx.lifecycle:lifecycle-runtime-android:2.8.7) with AarTransform
Transforming lifecycle-livedata-core-2.8.7.aar (androidx.lifecycle:lifecycle-livedata-core:2.8.7) with AarTransform
Transforming lifecycle-runtime-compose-release.aar (androidx.lifecycle:lifecycle-runtime-compose-android:2.8.7) with JetifyTransform
Transforming lifecycle-viewmodel-compose-release.aar (androidx.lifecycle:lifecycle-viewmodel-compose-android:2.8.7) with JetifyTransform
Transforming lifecycle-runtime-compose-release.aar (androidx.lifecycle:lifecycle-runtime-compose-android:2.8.7) with ExtractAarTransform
Transforming lifecycle-viewmodel-compose-release.aar (androidx.lifecycle:lifecycle-viewmodel-compose-android:2.8.7) with ExtractAarTransform
Transforming lifecycle-runtime-compose-release.aar (androidx.lifecycle:lifecycle-runtime-compose-android:2.8.7) with AarTransform
Transforming lifecycle-viewmodel-compose-release.aar (androidx.lifecycle:lifecycle-viewmodel-compose-android:2.8.7) with AarTransform
Transforming ui-release.aar (androidx.compose.ui:ui-android:1.6.2) with JetifyTransform
Transforming ui-tooling-release.aar (androidx.compose.ui:ui-tooling-android:1.6.2) with JetifyTransform
Transforming ui-release.aar (androidx.compose.ui:ui-android:1.6.2) with ExtractAarTransform
Transforming ui-tooling-release.aar (androidx.compose.ui:ui-tooling-android:1.6.2) with ExtractAarTransform
Transforming ui-tooling-release.aar (androidx.compose.ui:ui-tooling-android:1.6.2) with AarTransform
Transforming ui-test-manifest-1.6.2.aar (androidx.compose.ui:ui-test-manifest:1.6.2) with JetifyTransform
Transforming ui-test-manifest-1.6.2.aar (androidx.compose.ui:ui-test-manifest:1.6.2) with ExtractAarTransform
Transforming ui-test-manifest-1.6.2.aar (androidx.compose.ui:ui-test-manifest:1.6.2) with AarTransform
Transforming activity-1.9.3.aar (androidx.activity:activity:1.9.3) with JetifyTransform
Transforming activity-1.9.3.aar (androidx.activity:activity:1.9.3) with ExtractAarTransform
Transforming activity-1.9.3.aar (androidx.activity:activity:1.9.3) with AarTransform
Transforming lifecycle-viewmodel-savedstate-2.8.7.aar (androidx.lifecycle:lifecycle-viewmodel-savedstate:2.8.7) with JetifyTransform
Transforming ui-release.aar (androidx.compose.ui:ui-android:1.6.2) with AarTransform
Transforming lifecycle-viewmodel-savedstate-2.8.7.aar (androidx.lifecycle:lifecycle-viewmodel-savedstate:2.8.7) with ExtractAarTransform
Transforming lifecycle-runtime-ktx-release.aar (androidx.lifecycle:lifecycle-runtime-ktx-android:2.8.7) with JetifyTransform
Transforming lifecycle-runtime-ktx-release.aar (androidx.lifecycle:lifecycle-runtime-ktx-android:2.8.7) with ExtractAarTransform
Transforming lifecycle-viewmodel-savedstate-2.8.7.aar (androidx.lifecycle:lifecycle-viewmodel-savedstate:2.8.7) with AarTransform
Transforming work-runtime-ktx-2.9.1.aar (androidx.work:work-runtime-ktx:2.9.1) with JetifyTransform
Transforming lifecycle-runtime-ktx-release.aar (androidx.lifecycle:lifecycle-runtime-ktx-android:2.8.7) with AarTransform
Transforming work-runtime-ktx-2.9.1.aar (androidx.work:work-runtime-ktx:2.9.1) with ExtractAarTransform
Transforming work-runtime-2.9.1.aar (androidx.work:work-runtime:2.9.1) with JetifyTransform
Transforming work-runtime-2.9.1.aar (androidx.work:work-runtime:2.9.1) with ExtractAarTransform
Transforming work-runtime-ktx-2.9.1.aar (androidx.work:work-runtime-ktx:2.9.1) with AarTransform
Transforming lifecycle-livedata-2.8.7.aar (androidx.lifecycle:lifecycle-livedata:2.8.7) with JetifyTransform
Transforming work-runtime-2.9.1.aar (androidx.work:work-runtime:2.9.1) with AarTransform
Transforming lifecycle-livedata-2.8.7.aar (androidx.lifecycle:lifecycle-livedata:2.8.7) with ExtractAarTransform
Transforming lifecycle-livedata-2.8.7.aar (androidx.lifecycle:lifecycle-livedata:2.8.7) with JetifyTransform
Transforming lifecycle-livedata-2.8.7.aar (androidx.lifecycle:lifecycle-livedata:2.8.7) with ExtractAarTransform
Transforming lifecycle-livedata-2.8.7.aar (androidx.lifecycle:lifecycle-livedata:2.8.7) with AarTransform
Transforming lifecycle-livedata-2.8.7.aar (androidx.lifecycle:lifecycle-livedata:2.8.7) with AarTransform
Transforming lifecycle-livedata-core-ktx-2.8.7.aar (androidx.lifecycle:lifecycle-livedata-core-ktx:2.8.7) with JetifyTransform
Transforming lifecycle-livedata-ktx-2.8.7.aar (androidx.lifecycle:lifecycle-livedata-ktx:2.8.7) with JetifyTransform
Transforming lifecycle-livedata-core-ktx-2.8.7.aar (androidx.lifecycle:lifecycle-livedata-core-ktx:2.8.7) with ExtractAarTransform
Transforming lifecycle-livedata-ktx-2.8.7.aar (androidx.lifecycle:lifecycle-livedata-ktx:2.8.7) with ExtractAarTransform
Transforming lifecycle-livedata-core-ktx-2.8.7.aar (androidx.lifecycle:lifecycle-livedata-core-ktx:2.8.7) with AarTransform
Transforming lifecycle-livedata-ktx-2.8.7.aar (androidx.lifecycle:lifecycle-livedata-ktx:2.8.7) with AarTransform
Transforming runtime-saveable-release.aar (androidx.compose.runtime:runtime-saveable-android:1.7.1) with JetifyTransform
Transforming lifecycle-viewmodel-ktx-2.8.7.aar (androidx.lifecycle:lifecycle-viewmodel-ktx:2.8.7) with JetifyTransform
Transforming lifecycle-viewmodel-ktx-2.8.7.aar (androidx.lifecycle:lifecycle-viewmodel-ktx:2.8.7) with ExtractAarTransform
Transforming runtime-saveable-release.aar (androidx.compose.runtime:runtime-saveable-android:1.7.1) with ExtractAarTransform
Transforming lifecycle-viewmodel-ktx-2.8.7.aar (androidx.lifecycle:lifecycle-viewmodel-ktx:2.8.7) with AarTransform
Transforming runtime-saveable-release.aar (androidx.compose.runtime:runtime-saveable-android:1.7.1) with AarTransform
Transforming runtime-release.aar (androidx.compose.runtime:runtime-android:1.7.1) with JetifyTransform
Transforming ads-adservices-java-1.0.0-beta05.aar (androidx.privacysandbox.ads:ads-adservices-java:1.0.0-beta05) with JetifyTransform
Transforming runtime-release.aar (androidx.compose.runtime:runtime-android:1.7.1) with ExtractAarTransform
Transforming ads-adservices-java-1.0.0-beta05.aar (androidx.privacysandbox.ads:ads-adservices-java:1.0.0-beta05) with ExtractAarTransform
Transforming runtime-release.aar (androidx.compose.runtime:runtime-android:1.7.1) with AarTransform
Transforming ads-adservices-java-1.0.0-beta05.aar (androidx.privacysandbox.ads:ads-adservices-java:1.0.0-beta05) with AarTransform
Transforming ads-adservices-1.0.0-beta05.aar (androidx.privacysandbox.ads:ads-adservices:1.0.0-beta05) with JetifyTransform
Transforming firebase-installations-interop-17.1.1.aar (com.google.firebase:firebase-installations-interop:17.1.1) with JetifyTransform
Transforming ads-adservices-1.0.0-beta05.aar (androidx.privacysandbox.ads:ads-adservices:1.0.0-beta05) with ExtractAarTransform
Transforming firebase-installations-interop-17.1.1.aar (com.google.firebase:firebase-installations-interop:17.1.1) with ExtractAarTransform
Transforming ads-adservices-1.0.0-beta05.aar (androidx.privacysandbox.ads:ads-adservices:1.0.0-beta05) with AarTransform
Transforming firebase-installations-interop-17.1.1.aar (com.google.firebase:firebase-installations-interop:17.1.1) with JetifyTransform
Transforming firebase-installations-interop-17.1.1.aar (com.google.firebase:firebase-installations-interop:17.1.1) with AarTransform
Transforming firebase-installations-interop-17.1.1.aar (com.google.firebase:firebase-installations-interop:17.1.1) with ExtractAarTransform
Transforming firebase-installations-interop-17.1.1.aar (com.google.firebase:firebase-installations-interop:17.1.1) with AarTransform
Transforming play-services-tasks-18.2.0.aar (com.google.android.gms:play-services-tasks:18.2.0) with JetifyTransform
Transforming play-services-tasks-18.2.0.aar (com.google.android.gms:play-services-tasks:18.2.0) with JetifyTransform
Transforming play-services-tasks-18.2.0.aar (com.google.android.gms:play-services-tasks:18.2.0) with ExtractAarTransform
Transforming play-services-tasks-18.2.0.aar (com.google.android.gms:play-services-tasks:18.2.0) with ExtractAarTransform
Transforming play-services-tasks-18.2.0.aar (com.google.android.gms:play-services-tasks:18.2.0) with AarTransform
Transforming play-services-tasks-18.2.0.aar (com.google.android.gms:play-services-tasks:18.2.0) with AarTransform
Transforming play-services-tasks-18.2.0.aar (com.google.android.gms:play-services-tasks:18.2.0) with JetifyTransform
Transforming play-services-tasks-18.2.0.aar (com.google.android.gms:play-services-tasks:18.2.0) with ExtractAarTransform
Transforming play-services-ads-identifier-18.0.0.aar (com.google.android.gms:play-services-ads-identifier:18.0.0) with JetifyTransform
Transforming play-services-tasks-18.2.0.aar (com.google.android.gms:play-services-tasks:18.2.0) with AarTransform
Transforming play-services-ads-identifier-18.0.0.aar (com.google.android.gms:play-services-ads-identifier:18.0.0) with JetifyTransform
Transforming play-services-ads-identifier-18.0.0.aar (com.google.android.gms:play-services-ads-identifier:18.0.0) with ExtractAarTransform
Transforming play-services-ads-identifier-18.0.0.aar (com.google.android.gms:play-services-ads-identifier:18.0.0) with ExtractAarTransform
Transforming play-services-ads-identifier-18.0.0.aar (com.google.android.gms:play-services-ads-identifier:18.0.0) with AarTransform
Transforming play-services-ads-identifier-18.0.0.aar (com.google.android.gms:play-services-ads-identifier:18.0.0) with AarTransform
Transforming play-services-measurement-sdk-api-22.0.2.aar (com.google.android.gms:play-services-measurement-sdk-api:22.0.2) with JetifyTransform
Transforming play-services-measurement-base-22.0.2.aar (com.google.android.gms:play-services-measurement-base:22.0.2) with JetifyTransform
Transforming play-services-measurement-base-22.0.2.aar (com.google.android.gms:play-services-measurement-base:22.0.2) with ExtractAarTransform
Transforming play-services-measurement-sdk-api-22.0.2.aar (com.google.android.gms:play-services-measurement-sdk-api:22.0.2) with ExtractAarTransform
Transforming play-services-measurement-sdk-api-22.0.2.aar (com.google.android.gms:play-services-measurement-sdk-api:22.0.2) with AarTransform
Transforming play-services-measurement-base-22.0.2.aar (com.google.android.gms:play-services-measurement-base:22.0.2) with AarTransform
Transforming firebase-measurement-connector-19.0.0.aar (com.google.firebase:firebase-measurement-connector:19.0.0) with JetifyTransform
Transforming play-services-basement-18.4.0.aar (com.google.android.gms:play-services-basement:18.4.0) with JetifyTransform
Transforming play-services-basement-18.4.0.aar (com.google.android.gms:play-services-basement:18.4.0) with ExtractAarTransform
Transforming firebase-measurement-connector-19.0.0.aar (com.google.firebase:firebase-measurement-connector:19.0.0) with ExtractAarTransform
Transforming firebase-measurement-connector-19.0.0.aar (com.google.firebase:firebase-measurement-connector:19.0.0) with AarTransform
Transforming play-services-basement-18.4.0.aar (com.google.android.gms:play-services-basement:18.4.0) with AarTransform
Transforming play-services-basement-18.4.0.aar (com.google.android.gms:play-services-basement:18.4.0) with JetifyTransform
Transforming play-services-basement-18.4.0.aar (com.google.android.gms:play-services-basement:18.4.0) with ExtractAarTransform
Transforming play-services-basement-18.4.0.aar (com.google.android.gms:play-services-basement:18.4.0) with AarTransform
Transforming fragment-1.8.5.aar (androidx.fragment:fragment:1.8.5) with JetifyTransform
Transforming fragment-1.8.5.aar (androidx.fragment:fragment:1.8.5) with JetifyTransform
Transforming fragment-1.8.5.aar (androidx.fragment:fragment:1.8.5) with ExtractAarTransform
Transforming fragment-1.8.5.aar (androidx.fragment:fragment:1.8.5) with ExtractAarTransform
Transforming fragment-1.8.5.aar (androidx.fragment:fragment:1.8.5) with AarTransform
Transforming fragment-1.8.5.aar (androidx.fragment:fragment:1.8.5) with AarTransform
Transforming fragment-ktx-1.8.5.aar (androidx.fragment:fragment-ktx:1.8.5) with JetifyTransform
Transforming activity-ktx-1.9.3.aar (androidx.activity:activity-ktx:1.9.3) with JetifyTransform
Transforming activity-ktx-1.9.3.aar (androidx.activity:activity-ktx:1.9.3) with ExtractAarTransform
Transforming fragment-ktx-1.8.5.aar (androidx.fragment:fragment-ktx:1.8.5) with ExtractAarTransform
Transforming activity-ktx-1.9.3.aar (androidx.activity:activity-ktx:1.9.3) with AarTransform
Transforming fragment-ktx-1.8.5.aar (androidx.fragment:fragment-ktx:1.8.5) with AarTransform
Transforming core-ktx-1.13.1.aar (androidx.core:core-ktx:1.13.1) with JetifyTransform
Transforming flexbox-3.0.0.aar (com.google.android.flexbox:flexbox:3.0.0) with JetifyTransform
Transforming core-ktx-1.13.1.aar (androidx.core:core-ktx:1.13.1) with ExtractAarTransform
Transforming flexbox-3.0.0.aar (com.google.android.flexbox:flexbox:3.0.0) with ExtractAarTransform
Transforming flexbox-3.0.0.aar (com.google.android.flexbox:flexbox:3.0.0) with AarTransform
Transforming core-ktx-1.13.1.aar (androidx.core:core-ktx:1.13.1) with AarTransform
Transforming savedstate-ktx-1.2.1.aar (androidx.savedstate:savedstate-ktx:1.2.1) with JetifyTransform
Transforming savedstate-1.2.1.aar (androidx.savedstate:savedstate:1.2.1) with JetifyTransform
Transforming savedstate-ktx-1.2.1.aar (androidx.savedstate:savedstate-ktx:1.2.1) with ExtractAarTransform
Transforming savedstate-1.2.1.aar (androidx.savedstate:savedstate:1.2.1) with ExtractAarTransform
Transforming savedstate-ktx-1.2.1.aar (androidx.savedstate:savedstate-ktx:1.2.1) with AarTransform
Transforming savedstate-1.2.1.aar (androidx.savedstate:savedstate:1.2.1) with AarTransform
Transforming media3-ffmpeg-decoder-1.5.0+1.aar (org.jellyfin.media3:media3-ffmpeg-decoder:1.5.0+1) with JetifyTransform
Transforming media3-exoplayer-1.5.0.aar (androidx.media3:media3-exoplayer:1.5.0) with JetifyTransform
Transforming media3-ffmpeg-decoder-1.5.0+1.aar (org.jellyfin.media3:media3-ffmpeg-decoder:1.5.0+1) with ExtractAarTransform
Transforming media3-exoplayer-1.5.0.aar (androidx.media3:media3-exoplayer:1.5.0) with ExtractAarTransform
Transforming media3-ffmpeg-decoder-1.5.0+1.aar (org.jellyfin.media3:media3-ffmpeg-decoder:1.5.0+1) with AarTransform
Transforming media3-exoplayer-1.5.0.aar (androidx.media3:media3-exoplayer:1.5.0) with JetifyTransform
Transforming media3-exoplayer-1.5.0.aar (androidx.media3:media3-exoplayer:1.5.0) with ExtractAarTransform
Transforming media3-exoplayer-1.5.0.aar (androidx.media3:media3-exoplayer:1.5.0) with AarTransform
Transforming media3-exoplayer-1.5.0.aar (androidx.media3:media3-exoplayer:1.5.0) with AarTransform
Transforming media3-container-1.5.0.aar (androidx.media3:media3-container:1.5.0) with JetifyTransform
Transforming media3-common-1.5.0.aar (androidx.media3:media3-common:1.5.0) with JetifyTransform
Transforming media3-container-1.5.0.aar (androidx.media3:media3-container:1.5.0) with ExtractAarTransform
Transforming media3-common-1.5.0.aar (androidx.media3:media3-common:1.5.0) with ExtractAarTransform
Transforming media3-common-1.5.0.aar (androidx.media3:media3-common:1.5.0) with AarTransform
Transforming media3-container-1.5.0.aar (androidx.media3:media3-container:1.5.0) with AarTransform
Transforming annotation-experimental-1.4.1.aar (androidx.annotation:annotation-experimental:1.4.1) with JetifyTransform
Transforming media3-datasource-okhttp-1.5.0.aar (androidx.media3:media3-datasource-okhttp:1.5.0) with JetifyTransform
Transforming annotation-experimental-1.4.1.aar (androidx.annotation:annotation-experimental:1.4.1) with ExtractAarTransform
Transforming media3-datasource-okhttp-1.5.0.aar (androidx.media3:media3-datasource-okhttp:1.5.0) with ExtractAarTransform
Transforming media3-datasource-okhttp-1.5.0.aar (androidx.media3:media3-datasource-okhttp:1.5.0) with AarTransform
Transforming annotation-experimental-1.4.1.aar (androidx.annotation:annotation-experimental:1.4.1) with AarTransform
Transforming cursoradapter-1.0.0.aar (androidx.cursoradapter:cursoradapter:1.0.0) with JetifyTransform
Transforming security-crypto-1.1.0-alpha06.aar (androidx.security:security-crypto:1.1.0-alpha06) with JetifyTransform
Transforming cursoradapter-1.0.0.aar (androidx.cursoradapter:cursoradapter:1.0.0) with ExtractAarTransform
Transforming security-crypto-1.1.0-alpha06.aar (androidx.security:security-crypto:1.1.0-alpha06) with ExtractAarTransform
Transforming cursoradapter-1.0.0.aar (androidx.cursoradapter:cursoradapter:1.0.0) with AarTransform
Transforming security-crypto-1.1.0-alpha06.aar (androidx.security:security-crypto:1.1.0-alpha06) with AarTransform
Transforming cardview-1.0.0.aar (androidx.cardview:cardview:1.0.0) with JetifyTransform
Transforming cardview-1.0.0.aar (androidx.cardview:cardview:1.0.0) with ExtractAarTransform
Transforming sqlite-framework-2.4.0.aar (androidx.sqlite:sqlite-framework:2.4.0) with JetifyTransform
Transforming sqlite-framework-2.4.0.aar (androidx.sqlite:sqlite-framework:2.4.0) with ExtractAarTransform
Transforming cardview-1.0.0.aar (androidx.cardview:cardview:1.0.0) with AarTransform
Transforming sqlite-2.4.0.aar (androidx.sqlite:sqlite:2.4.0) with JetifyTransform
Transforming sqlite-framework-2.4.0.aar (androidx.sqlite:sqlite-framework:2.4.0) with AarTransform
Transforming sqlite-2.4.0.aar (androidx.sqlite:sqlite:2.4.0) with ExtractAarTransform
Transforming gifdecoder-4.16.0.aar (com.github.bumptech.glide:gifdecoder:4.16.0) with JetifyTransform
Transforming gifdecoder-4.16.0.aar (com.github.bumptech.glide:gifdecoder:4.16.0) with ExtractAarTransform
Transforming sqlite-2.4.0.aar (androidx.sqlite:sqlite:2.4.0) with AarTransform
Transforming versionedparcelable-1.1.1.aar (androidx.versionedparcelable:versionedparcelable:1.1.1) with JetifyTransform
Transforming gifdecoder-4.16.0.aar (com.github.bumptech.glide:gifdecoder:4.16.0) with AarTransform
Transforming versionedparcelable-1.1.1.aar (androidx.versionedparcelable:versionedparcelable:1.1.1) with ExtractAarTransform
Transforming core-runtime-2.2.0.aar (androidx.arch.core:core-runtime:2.2.0) with JetifyTransform
Transforming core-runtime-2.2.0.aar (androidx.arch.core:core-runtime:2.2.0) with ExtractAarTransform
Transforming versionedparcelable-1.1.1.aar (androidx.versionedparcelable:versionedparcelable:1.1.1) with AarTransform
Transforming interpolator-1.0.0.aar (androidx.interpolator:interpolator:1.0.0) with JetifyTransform
Transforming core-runtime-2.2.0.aar (androidx.arch.core:core-runtime:2.2.0) with AarTransform
Transforming interpolator-1.0.0.aar (androidx.interpolator:interpolator:1.0.0) with ExtractAarTransform
Transforming documentfile-1.0.0.aar (androidx.documentfile:documentfile:1.0.0) with JetifyTransform
Transforming documentfile-1.0.0.aar (androidx.documentfile:documentfile:1.0.0) with ExtractAarTransform
Transforming interpolator-1.0.0.aar (androidx.interpolator:interpolator:1.0.0) with AarTransform
Transforming localbroadcastmanager-1.0.0.aar (androidx.localbroadcastmanager:localbroadcastmanager:1.0.0) with JetifyTransform
Transforming documentfile-1.0.0.aar (androidx.documentfile:documentfile:1.0.0) with AarTransform
Transforming localbroadcastmanager-1.0.0.aar (androidx.localbroadcastmanager:localbroadcastmanager:1.0.0) with ExtractAarTransform
Transforming print-1.0.0.aar (androidx.print:print:1.0.0) with JetifyTransform
Transforming print-1.0.0.aar (androidx.print:print:1.0.0) with ExtractAarTransform
Transforming localbroadcastmanager-1.0.0.aar (androidx.localbroadcastmanager:localbroadcastmanager:1.0.0) with AarTransform
Transforming multidex-2.0.1.aar (androidx.multidex:multidex:2.0.1) with JetifyTransform
Transforming print-1.0.0.aar (androidx.print:print:1.0.0) with AarTransform
Transforming multidex-2.0.1.aar (androidx.multidex:multidex:2.0.1) with ExtractAarTransform
Transforming constraintlayout-2.1.4.aar (androidx.constraintlayout:constraintlayout:2.1.4) with JetifyTransform
Transforming constraintlayout-2.1.4.aar (androidx.constraintlayout:constraintlayout:2.1.4) with ExtractAarTransform
Transforming multidex-2.0.1.aar (androidx.multidex:multidex:2.0.1) with AarTransform
Transforming media3-exoplayer-hls-1.5.0.aar (androidx.media3:media3-exoplayer-hls:1.5.0) with JetifyTransform
Transforming constraintlayout-2.1.4.aar (androidx.constraintlayout:constraintlayout:2.1.4) with AarTransform
Transforming media3-exoplayer-hls-1.5.0.aar (androidx.media3:media3-exoplayer-hls:1.5.0) with ExtractAarTransform
Transforming media3-ui-1.5.0.aar (androidx.media3:media3-ui:1.5.0) with JetifyTransform
Transforming media3-exoplayer-hls-1.5.0.aar (androidx.media3:media3-exoplayer-hls:1.5.0) with AarTransform
Transforming media3-ui-1.5.0.aar (androidx.media3:media3-ui:1.5.0) with ExtractAarTransform
Transforming media3-extractor-1.5.0.aar (androidx.media3:media3-extractor:1.5.0) with JetifyTransform
Transforming media3-extractor-1.5.0.aar (androidx.media3:media3-extractor:1.5.0) with ExtractAarTransform
Transforming media3-extractor-1.5.0.aar (androidx.media3:media3-extractor:1.5.0) with AarTransform
Transforming zxing-android-embedded-4.3.0.aar (com.journeyapps:zxing-android-embedded:4.3.0) with JetifyTransform
Transforming zxing-android-embedded-4.3.0.aar (com.journeyapps:zxing-android-embedded:4.3.0) with ExtractAarTransform
Transforming zxing-android-embedded-4.3.0.aar (com.journeyapps:zxing-android-embedded:4.3.0) with AarTransform
Transforming startup-runtime-1.1.1.aar (androidx.startup:startup-runtime:1.1.1) with JetifyTransform
Transforming startup-runtime-1.1.1.aar (androidx.startup:startup-runtime:1.1.1) with ExtractAarTransform
Transforming startup-runtime-1.1.1.aar (androidx.startup:startup-runtime:1.1.1) with AarTransform
Transforming tracing-1.0.0.aar (androidx.tracing:tracing:1.0.0) with JetifyTransform
Transforming tracing-1.0.0.aar (androidx.tracing:tracing:1.0.0) with ExtractAarTransform
Transforming tracing-1.0.0.aar (androidx.tracing:tracing:1.0.0) with AarTransform
Transforming exifinterface-1.3.7.aar (androidx.exifinterface:exifinterface:1.3.7) with JetifyTransform
Transforming exifinterface-1.3.7.aar (androidx.exifinterface:exifinterface:1.3.7) with ExtractAarTransform
Transforming exifinterface-1.3.7.aar (androidx.exifinterface:exifinterface:1.3.7) with AarTransform
Transforming media3-database-1.5.0.aar (androidx.media3:media3-database:1.5.0) with JetifyTransform
Transforming media3-database-1.5.0.aar (androidx.media3:media3-database:1.5.0) with ExtractAarTransform
Transforming media3-database-1.5.0.aar (androidx.media3:media3-database:1.5.0) with AarTransform
Transforming media3-ui-1.5.0.aar (androidx.media3:media3-ui:1.5.0) with AarTransform
Transforming media3-datasource-1.5.0.aar (androidx.media3:media3-datasource:1.5.0) with JetifyTransform
Transforming media3-decoder-1.5.0.aar (androidx.media3:media3-decoder:1.5.0) with JetifyTransform
Transforming media3-datasource-1.5.0.aar (androidx.media3:media3-datasource:1.5.0) with ExtractAarTransform
Transforming media3-decoder-1.5.0.aar (androidx.media3:media3-decoder:1.5.0) with ExtractAarTransform
Transforming media3-decoder-1.5.0.aar (androidx.media3:media3-decoder:1.5.0) with AarTransform
Transforming media3-datasource-1.5.0.aar (androidx.media3:media3-datasource:1.5.0) with AarTransform
Transforming media3-decoder-1.5.0.aar (androidx.media3:media3-decoder:1.5.0) with JetifyTransform
Transforming media3-decoder-1.5.0.aar (androidx.media3:media3-decoder:1.5.0) with ExtractAarTransform
Transforming firebase-components-18.0.0.aar (com.google.firebase:firebase-components:18.0.0) with JetifyTransform
Transforming media3-decoder-1.5.0.aar (androidx.media3:media3-decoder:1.5.0) with AarTransform
Transforming firebase-components-18.0.0.aar (com.google.firebase:firebase-components:18.0.0) with JetifyTransform
Transforming firebase-components-18.0.0.aar (com.google.firebase:firebase-components:18.0.0) with ExtractAarTransform
Transforming firebase-components-18.0.0.aar (com.google.firebase:firebase-components:18.0.0) with ExtractAarTransform
Transforming firebase-components-18.0.0.aar (com.google.firebase:firebase-components:18.0.0) with AarTransform
Transforming firebase-components-18.0.0.aar (com.google.firebase:firebase-components:18.0.0) with AarTransform
Transforming dagger-lint-aar-2.51.1.aar (com.google.dagger:dagger-lint-aar:2.51.1) with JetifyTransform
Transforming protolite-well-known-types-18.0.0.aar (com.google.firebase:protolite-well-known-types:18.0.0) with JetifyTransform
Transforming protolite-well-known-types-18.0.0.aar (com.google.firebase:protolite-well-known-types:18.0.0) with ExtractAarTransform
Transforming dagger-lint-aar-2.51.1.aar (com.google.dagger:dagger-lint-aar:2.51.1) with ExtractAarTransform
Transforming dagger-lint-aar-2.51.1.aar (com.google.dagger:dagger-lint-aar:2.51.1) with AarTransform
Transforming protolite-well-known-types-18.0.0.aar (com.google.firebase:protolite-well-known-types:18.0.0) with AarTransform
Transforming viewbinding-8.7.1.aar (androidx.databinding:viewbinding:8.7.1) with JetifyTransform
Transforming viewbinding-8.7.1.aar (androidx.databinding:viewbinding:8.7.1) with ExtractAarTransform
Transforming viewbinding-8.7.1.aar (androidx.databinding:viewbinding:8.7.1) with AarTransform
Transforming material-1.12.0.aar (com.google.android.material:material:1.12.0) with JetifyTransform
Transforming material-1.12.0.aar (com.google.android.material:material:1.12.0) with ExtractAarTransform
Transforming material-1.12.0.aar (com.google.android.material:material:1.12.0) with AarTransform
Transforming constraintlayout-2.1.4.aar (androidx.constraintlayout:constraintlayout:2.1.4) with JetifyTransform
Transforming constraintlayout-2.1.4.aar (androidx.constraintlayout:constraintlayout:2.1.4) with ExtractAarTransform
Transforming constraintlayout-2.1.4.aar (androidx.constraintlayout:constraintlayout:2.1.4) with AarTransform
Transforming coil-compose-2.6.0.aar (io.coil-kt:coil-compose:2.6.0) with JetifyTransform
Transforming coil-compose-2.6.0.aar (io.coil-kt:coil-compose:2.6.0) with ExtractAarTransform
Transforming coil-compose-2.6.0.aar (io.coil-kt:coil-compose:2.6.0) with AarTransform
Transforming coil-compose-base-2.6.0.aar (io.coil-kt:coil-compose-base:2.6.0) with JetifyTransform
Transforming coil-compose-base-2.6.0.aar (io.coil-kt:coil-compose-base:2.6.0) with ExtractAarTransform
Transforming coil-compose-base-2.6.0.aar (io.coil-kt:coil-compose-base:2.6.0) with AarTransform
Transforming coil-2.6.0.aar (io.coil-kt:coil:2.6.0) with JetifyTransform
Transforming coil-2.6.0.aar (io.coil-kt:coil:2.6.0) with ExtractAarTransform
Transforming coil-2.6.0.aar (io.coil-kt:coil:2.6.0) with AarTransform
Transforming coil-base-2.6.0.aar (io.coil-kt:coil-base:2.6.0) with JetifyTransform
Transforming coil-base-2.6.0.aar (io.coil-kt:coil-base:2.6.0) with ExtractAarTransform
Transforming coil-base-2.6.0.aar (io.coil-kt:coil-base:2.6.0) with AarTransform
Transforming appcompat-resources-1.7.0.aar (androidx.appcompat:appcompat-resources:1.7.0) with JetifyTransform
Transforming appcompat-resources-1.7.0.aar (androidx.appcompat:appcompat-resources:1.7.0) with ExtractAarTransform
Transforming appcompat-resources-1.7.0.aar (androidx.appcompat:appcompat-resources:1.7.0) with AarTransform
Transforming preference-ktx-1.2.1.aar (androidx.preference:preference-ktx:1.2.1) with JetifyTransform
Transforming preference-ktx-1.2.1.aar (androidx.preference:preference-ktx:1.2.1) with ExtractAarTransform
Transforming preference-ktx-1.2.1.aar (androidx.preference:preference-ktx:1.2.1) with AarTransform
Transforming preference-1.2.1.aar (androidx.preference:preference:1.2.1) with JetifyTransform
Transforming preference-1.2.1.aar (androidx.preference:preference:1.2.1) with ExtractAarTransform
Transforming preference-1.2.1.aar (androidx.preference:preference:1.2.1) with AarTransform
Transforming appcompat-1.7.0.aar (androidx.appcompat:appcompat:1.7.0) with JetifyTransform
Transforming appcompat-1.7.0.aar (androidx.appcompat:appcompat:1.7.0) with ExtractAarTransform
Transforming appcompat-1.7.0.aar (androidx.appcompat:appcompat:1.7.0) with AarTransform
Transforming okhttp3-integration-4.16.0.aar (com.github.bumptech.glide:okhttp3-integration:4.16.0) with JetifyTransform
Transforming okhttp3-integration-4.16.0.aar (com.github.bumptech.glide:okhttp3-integration:4.16.0) with ExtractAarTransform
Transforming okhttp3-integration-4.16.0.aar (com.github.bumptech.glide:okhttp3-integration:4.16.0) with AarTransform
Transforming glide-4.16.0.aar (com.github.bumptech.glide:glide:4.16.0) with JetifyTransform
Transforming glide-4.16.0.aar (com.github.bumptech.glide:glide:4.16.0) with ExtractAarTransform
Transforming glide-4.16.0.aar (com.github.bumptech.glide:glide:4.16.0) with AarTransform
Transforming hilt-work-1.2.0.aar (androidx.hilt:hilt-work:1.2.0) with JetifyTransform
Transforming hilt-work-1.2.0.aar (androidx.hilt:hilt-work:1.2.0) with ExtractAarTransform
Transforming hilt-work-1.2.0.aar (androidx.hilt:hilt-work:1.2.0) with AarTransform
Transforming hilt-android-2.51.1.aar (com.google.dagger:hilt-android:2.51.1) with JetifyTransform
Transforming hilt-android-2.51.1.aar (com.google.dagger:hilt-android:2.51.1) with ExtractAarTransform
Transforming hilt-android-2.51.1.aar (com.google.dagger:hilt-android:2.51.1) with AarTransform
Transforming media3-exoplayer-hls-1.5.0.aar (androidx.media3:media3-exoplayer-hls:1.5.0) with JetifyTransform
Transforming media3-exoplayer-hls-1.5.0.aar (androidx.media3:media3-exoplayer-hls:1.5.0) with ExtractAarTransform
Transforming media3-exoplayer-hls-1.5.0.aar (androidx.media3:media3-exoplayer-hls:1.5.0) with AarTransform
Transforming media3-ffmpeg-decoder-1.5.0+1.aar (org.jellyfin.media3:media3-ffmpeg-decoder:1.5.0+1) with JetifyTransform
Transforming media3-ffmpeg-decoder-1.5.0+1.aar (org.jellyfin.media3:media3-ffmpeg-decoder:1.5.0+1) with ExtractAarTransform
Transforming media3-ffmpeg-decoder-1.5.0+1.aar (org.jellyfin.media3:media3-ffmpeg-decoder:1.5.0+1) with AarTransform
Transforming media3-exoplayer-1.5.0.aar (androidx.media3:media3-exoplayer:1.5.0) with JetifyTransform
Transforming media3-exoplayer-1.5.0.aar (androidx.media3:media3-exoplayer:1.5.0) with ExtractAarTransform
Transforming media3-exoplayer-1.5.0.aar (androidx.media3:media3-exoplayer:1.5.0) with AarTransform
Transforming media3-datasource-okhttp-1.5.0.aar (androidx.media3:media3-datasource-okhttp:1.5.0) with JetifyTransform
Transforming media3-datasource-okhttp-1.5.0.aar (androidx.media3:media3-datasource-okhttp:1.5.0) with ExtractAarTransform
Transforming media3-datasource-okhttp-1.5.0.aar (androidx.media3:media3-datasource-okhttp:1.5.0) with AarTransform
Transforming media3-extractor-1.5.0.aar (androidx.media3:media3-extractor:1.5.0) with JetifyTransform
Transforming media3-extractor-1.5.0.aar (androidx.media3:media3-extractor:1.5.0) with ExtractAarTransform
Transforming media3-extractor-1.5.0.aar (androidx.media3:media3-extractor:1.5.0) with AarTransform
Transforming media3-container-1.5.0.aar (androidx.media3:media3-container:1.5.0) with JetifyTransform
Transforming media3-container-1.5.0.aar (androidx.media3:media3-container:1.5.0) with ExtractAarTransform
Transforming media3-container-1.5.0.aar (androidx.media3:media3-container:1.5.0) with AarTransform
Transforming media3-datasource-1.5.0.aar (androidx.media3:media3-datasource:1.5.0) with JetifyTransform
Transforming media3-datasource-1.5.0.aar (androidx.media3:media3-datasource:1.5.0) with ExtractAarTransform
Transforming media3-datasource-1.5.0.aar (androidx.media3:media3-datasource:1.5.0) with AarTransform
Transforming media3-decoder-1.5.0.aar (androidx.media3:media3-decoder:1.5.0) with JetifyTransform
Transforming media3-decoder-1.5.0.aar (androidx.media3:media3-decoder:1.5.0) with ExtractAarTransform
Transforming media3-decoder-1.5.0.aar (androidx.media3:media3-decoder:1.5.0) with AarTransform
Transforming media3-database-1.5.0.aar (androidx.media3:media3-database:1.5.0) with JetifyTransform
Transforming media3-database-1.5.0.aar (androidx.media3:media3-database:1.5.0) with ExtractAarTransform
Transforming media3-database-1.5.0.aar (androidx.media3:media3-database:1.5.0) with AarTransform
Transforming media3-common-1.5.0.aar (androidx.media3:media3-common:1.5.0) with JetifyTransform
Transforming media3-common-1.5.0.aar (androidx.media3:media3-common:1.5.0) with ExtractAarTransform
Transforming media3-common-1.5.0.aar (androidx.media3:media3-common:1.5.0) with AarTransform
Transforming media3-ui-1.5.0.aar (androidx.media3:media3-ui:1.5.0) with JetifyTransform
Transforming media3-ui-1.5.0.aar (androidx.media3:media3-ui:1.5.0) with ExtractAarTransform
Transforming media3-ui-1.5.0.aar (androidx.media3:media3-ui:1.5.0) with AarTransform
Transforming work-runtime-ktx-2.9.1.aar (androidx.work:work-runtime-ktx:2.9.1) with JetifyTransform
Transforming work-runtime-ktx-2.9.1.aar (androidx.work:work-runtime-ktx:2.9.1) with ExtractAarTransform
Transforming work-runtime-ktx-2.9.1.aar (androidx.work:work-runtime-ktx:2.9.1) with AarTransform
Transforming work-runtime-2.9.1.aar (androidx.work:work-runtime:2.9.1) with JetifyTransform
Transforming work-runtime-2.9.1.aar (androidx.work:work-runtime:2.9.1) with ExtractAarTransform
Transforming work-runtime-2.9.1.aar (androidx.work:work-runtime:2.9.1) with AarTransform
Transforming room-ktx-2.6.1.aar (androidx.room:room-ktx:2.6.1) with JetifyTransform
Transforming room-ktx-2.6.1.aar (androidx.room:room-ktx:2.6.1) with ExtractAarTransform
Transforming room-ktx-2.6.1.aar (androidx.room:room-ktx:2.6.1) with AarTransform
Transforming room-runtime-2.6.1.aar (androidx.room:room-runtime:2.6.1) with JetifyTransform
Transforming room-runtime-2.6.1.aar (androidx.room:room-runtime:2.6.1) with ExtractAarTransform
Transforming room-runtime-2.6.1.aar (androidx.room:room-runtime:2.6.1) with AarTransform
Transforming room-paging-2.6.1.aar (androidx.room:room-paging:2.6.1) with JetifyTransform
Transforming room-paging-2.6.1.aar (androidx.room:room-paging:2.6.1) with ExtractAarTransform
Transforming room-paging-2.6.1.aar (androidx.room:room-paging:2.6.1) with AarTransform
Transforming paging-common-release.aar (androidx.paging:paging-common-android:3.3.2) with JetifyTransform
Transforming paging-common-release.aar (androidx.paging:paging-common-android:3.3.2) with ExtractAarTransform
Transforming paging-common-release.aar (androidx.paging:paging-common-android:3.3.2) with AarTransform
Transforming paging-runtime-ktx-3.3.2.aar (androidx.paging:paging-runtime-ktx:3.3.2) with JetifyTransform
Transforming paging-runtime-ktx-3.3.2.aar (androidx.paging:paging-runtime-ktx:3.3.2) with ExtractAarTransform
Transforming paging-runtime-ktx-3.3.2.aar (androidx.paging:paging-runtime-ktx:3.3.2) with AarTransform
Transforming paging-runtime-3.3.2.aar (androidx.paging:paging-runtime:3.3.2) with JetifyTransform
Transforming paging-runtime-3.3.2.aar (androidx.paging:paging-runtime:3.3.2) with ExtractAarTransform
Transforming paging-runtime-3.3.2.aar (androidx.paging:paging-runtime:3.3.2) with AarTransform
Transforming recyclerview-1.3.2.aar (androidx.recyclerview:recyclerview:1.3.2) with JetifyTransform
Transforming recyclerview-1.3.2.aar (androidx.recyclerview:recyclerview:1.3.2) with ExtractAarTransform
Transforming recyclerview-1.3.2.aar (androidx.recyclerview:recyclerview:1.3.2) with AarTransform
Transforming viewpager2-1.1.0-beta02.aar (androidx.viewpager2:viewpager2:1.1.0-beta02) with JetifyTransform
Transforming viewpager2-1.1.0-beta02.aar (androidx.viewpager2:viewpager2:1.1.0-beta02) with ExtractAarTransform
Transforming viewpager2-1.1.0-beta02.aar (androidx.viewpager2:viewpager2:1.1.0-beta02) with AarTransform
Transforming firebase-firestore-ktx-25.0.0.aar (com.google.firebase:firebase-firestore-ktx:25.0.0) with JetifyTransform
Transforming firebase-firestore-ktx-25.0.0.aar (com.google.firebase:firebase-firestore-ktx:25.0.0) with ExtractAarTransform
Transforming firebase-firestore-ktx-25.0.0.aar (com.google.firebase:firebase-firestore-ktx:25.0.0) with AarTransform
Transforming firebase-analytics-ktx-22.0.2.aar (com.google.firebase:firebase-analytics-ktx:22.0.2) with JetifyTransform
Transforming firebase-analytics-ktx-22.0.2.aar (com.google.firebase:firebase-analytics-ktx:22.0.2) with ExtractAarTransform
Transforming firebase-analytics-ktx-22.0.2.aar (com.google.firebase:firebase-analytics-ktx:22.0.2) with AarTransform
Transforming material3-release.aar (androidx.compose.material3:material3-android:1.2.0) with JetifyTransform
Transforming material3-release.aar (androidx.compose.material3:material3-android:1.2.0) with ExtractAarTransform
Transforming material3-release.aar (androidx.compose.material3:material3-android:1.2.0) with AarTransform
Transforming material-ripple-release.aar (androidx.compose.material:material-ripple-android:1.6.2) with JetifyTransform
Transforming material-ripple-release.aar (androidx.compose.material:material-ripple-android:1.6.2) with ExtractAarTransform
Transforming material-ripple-release.aar (androidx.compose.material:material-ripple-android:1.6.2) with AarTransform
Transforming material-icons-core-release.aar (androidx.compose.material:material-icons-core-android:1.6.2) with JetifyTransform
Transforming material-icons-core-release.aar (androidx.compose.material:material-icons-core-android:1.6.2) with ExtractAarTransform
Transforming material-icons-core-release.aar (androidx.compose.material:material-icons-core-android:1.6.2) with AarTransform
Transforming animation-core-release.aar (androidx.compose.animation:animation-core-android:1.6.2) with JetifyTransform
Transforming animation-core-release.aar (androidx.compose.animation:animation-core-android:1.6.2) with ExtractAarTransform
Transforming animation-core-release.aar (androidx.compose.animation:animation-core-android:1.6.2) with AarTransform
Transforming animation-release.aar (androidx.compose.animation:animation-android:1.6.2) with JetifyTransform
Transforming animation-release.aar (androidx.compose.animation:animation-android:1.6.2) with ExtractAarTransform
Transforming animation-release.aar (androidx.compose.animation:animation-android:1.6.2) with AarTransform
Transforming foundation-layout-release.aar (androidx.compose.foundation:foundation-layout-android:1.6.2) with JetifyTransform
Transforming material-release.aar (androidx.compose.material:material-android:1.6.2) with JetifyTransform
Transforming foundation-layout-release.aar (androidx.compose.foundation:foundation-layout-android:1.6.2) with ExtractAarTransform
Transforming foundation-layout-release.aar (androidx.compose.foundation:foundation-layout-android:1.6.2) with AarTransform
Transforming foundation-release.aar (androidx.compose.foundation:foundation-android:1.6.2) with JetifyTransform
Transforming foundation-release.aar (androidx.compose.foundation:foundation-android:1.6.2) with ExtractAarTransform
Transforming foundation-release.aar (androidx.compose.foundation:foundation-android:1.6.2) with AarTransform
Transforming ui-tooling-data-release.aar (androidx.compose.ui:ui-tooling-data-android:1.6.2) with JetifyTransform
Transforming ui-tooling-data-release.aar (androidx.compose.ui:ui-tooling-data-android:1.6.2) with ExtractAarTransform
Transforming ui-tooling-data-release.aar (androidx.compose.ui:ui-tooling-data-android:1.6.2) with AarTransform
Transforming ui-unit-release.aar (androidx.compose.ui:ui-unit-android:1.6.2) with JetifyTransform
Transforming ui-unit-release.aar (androidx.compose.ui:ui-unit-android:1.6.2) with ExtractAarTransform
Transforming ui-unit-release.aar (androidx.compose.ui:ui-unit-android:1.6.2) with AarTransform
Transforming ui-geometry-release.aar (androidx.compose.ui:ui-geometry-android:1.6.2) with JetifyTransform
Transforming ui-geometry-release.aar (androidx.compose.ui:ui-geometry-android:1.6.2) with ExtractAarTransform
Transforming ui-geometry-release.aar (androidx.compose.ui:ui-geometry-android:1.6.2) with AarTransform
Transforming ui-util-release.aar (androidx.compose.ui:ui-util-android:1.6.2) with JetifyTransform
Transforming ui-util-release.aar (androidx.compose.ui:ui-util-android:1.6.2) with ExtractAarTransform
Transforming ui-util-release.aar (androidx.compose.ui:ui-util-android:1.6.2) with AarTransform
Transforming ui-text-release.aar (androidx.compose.ui:ui-text-android:1.6.2) with JetifyTransform
Transforming ui-text-release.aar (androidx.compose.ui:ui-text-android:1.6.2) with ExtractAarTransform
Transforming ui-text-release.aar (androidx.compose.ui:ui-text-android:1.6.2) with AarTransform
Transforming ui-tooling-preview-release.aar (androidx.compose.ui:ui-tooling-preview-android:1.6.2) with JetifyTransform
Transforming ui-tooling-preview-release.aar (androidx.compose.ui:ui-tooling-preview-android:1.6.2) with ExtractAarTransform
Transforming material-release.aar (androidx.compose.material:material-android:1.6.2) with ExtractAarTransform
Transforming ui-tooling-preview-release.aar (androidx.compose.ui:ui-tooling-preview-android:1.6.2) with AarTransform
Transforming ui-graphics-release.aar (androidx.compose.ui:ui-graphics-android:1.6.2) with JetifyTransform
Transforming ui-graphics-release.aar (androidx.compose.ui:ui-graphics-android:1.6.2) with ExtractAarTransform
Transforming ui-graphics-release.aar (androidx.compose.ui:ui-graphics-android:1.6.2) with AarTransform
Transforming ui-tooling-release.aar (androidx.compose.ui:ui-tooling-android:1.6.2) with JetifyTransform
Transforming ui-tooling-release.aar (androidx.compose.ui:ui-tooling-android:1.6.2) with ExtractAarTransform
Transforming ui-tooling-release.aar (androidx.compose.ui:ui-tooling-android:1.6.2) with AarTransform
Transforming activity-compose-1.9.3.aar (androidx.activity:activity-compose:1.9.3) with JetifyTransform
Transforming activity-compose-1.9.3.aar (androidx.activity:activity-compose:1.9.3) with ExtractAarTransform
Transforming activity-compose-1.9.3.aar (androidx.activity:activity-compose:1.9.3) with AarTransform
Transforming slidingpanelayout-1.2.0.aar (androidx.slidingpanelayout:slidingpanelayout:1.2.0) with JetifyTransform
Transforming slidingpanelayout-1.2.0.aar (androidx.slidingpanelayout:slidingpanelayout:1.2.0) with ExtractAarTransform
Transforming slidingpanelayout-1.2.0.aar (androidx.slidingpanelayout:slidingpanelayout:1.2.0) with AarTransform
Transforming transition-1.5.0.aar (androidx.transition:transition:1.5.0) with JetifyTransform
Transforming transition-1.5.0.aar (androidx.transition:transition:1.5.0) with ExtractAarTransform
Transforming transition-1.5.0.aar (androidx.transition:transition:1.5.0) with AarTransform
Transforming dynamicanimation-1.0.0.aar (androidx.dynamicanimation:dynamicanimation:1.0.0) with JetifyTransform
Transforming dynamicanimation-1.0.0.aar (androidx.dynamicanimation:dynamicanimation:1.0.0) with ExtractAarTransform
Transforming dynamicanimation-1.0.0.aar (androidx.dynamicanimation:dynamicanimation:1.0.0) with AarTransform
Transforming loader-1.0.0.aar (androidx.loader:loader:1.0.0) with JetifyTransform
Transforming loader-1.0.0.aar (androidx.loader:loader:1.0.0) with ExtractAarTransform
Transforming loader-1.0.0.aar (androidx.loader:loader:1.0.0) with AarTransform
Transforming drawerlayout-1.1.1.aar (androidx.drawerlayout:drawerlayout:1.1.1) with JetifyTransform
Transforming drawerlayout-1.1.1.aar (androidx.drawerlayout:drawerlayout:1.1.1) with ExtractAarTransform
Transforming drawerlayout-1.1.1.aar (androidx.drawerlayout:drawerlayout:1.1.1) with AarTransform
Transforming coordinatorlayout-1.1.0.aar (androidx.coordinatorlayout:coordinatorlayout:1.1.0) with JetifyTransform
Transforming coordinatorlayout-1.1.0.aar (androidx.coordinatorlayout:coordinatorlayout:1.1.0) with ExtractAarTransform
Transforming coordinatorlayout-1.1.0.aar (androidx.coordinatorlayout:coordinatorlayout:1.1.0) with AarTransform
Transforming vectordrawable-animated-1.1.0.aar (androidx.vectordrawable:vectordrawable-animated:1.1.0) with JetifyTransform
Transforming vectordrawable-animated-1.1.0.aar (androidx.vectordrawable:vectordrawable-animated:1.1.0) with ExtractAarTransform
Transforming vectordrawable-animated-1.1.0.aar (androidx.vectordrawable:vectordrawable-animated:1.1.0) with AarTransform
Transforming vectordrawable-1.1.0.aar (androidx.vectordrawable:vectordrawable:1.1.0) with JetifyTransform
Transforming vectordrawable-1.1.0.aar (androidx.vectordrawable:vectordrawable:1.1.0) with ExtractAarTransform
Transforming vectordrawable-1.1.0.aar (androidx.vectordrawable:vectordrawable:1.1.0) with AarTransform
Transforming viewpager-1.0.0.aar (androidx.viewpager:viewpager:1.0.0) with JetifyTransform
Transforming viewpager-1.0.0.aar (androidx.viewpager:viewpager:1.0.0) with ExtractAarTransform
Transforming viewpager-1.0.0.aar (androidx.viewpager:viewpager:1.0.0) with AarTransform
Transforming customview-1.1.0.aar (androidx.customview:customview:1.1.0) with JetifyTransform
Transforming customview-1.1.0.aar (androidx.customview:customview:1.1.0) with ExtractAarTransform
Transforming customview-1.1.0.aar (androidx.customview:customview:1.1.0) with AarTransform
Transforming core-1.13.1.aar (androidx.core:core:1.13.1) with JetifyTransform
Transforming core-1.13.1.aar (androidx.core:core:1.13.1) with ExtractAarTransform
Transforming core-1.13.1.aar (androidx.core:core:1.13.1) with AarTransform
Transforming savedstate-ktx-1.2.1.aar (androidx.savedstate:savedstate-ktx:1.2.1) with JetifyTransform
Transforming savedstate-ktx-1.2.1.aar (androidx.savedstate:savedstate-ktx:1.2.1) with ExtractAarTransform
Transforming savedstate-ktx-1.2.1.aar (androidx.savedstate:savedstate-ktx:1.2.1) with AarTransform
Transforming savedstate-1.2.1.aar (androidx.savedstate:savedstate:1.2.1) with JetifyTransform
Transforming savedstate-1.2.1.aar (androidx.savedstate:savedstate:1.2.1) with ExtractAarTransform
Transforming savedstate-1.2.1.aar (androidx.savedstate:savedstate:1.2.1) with AarTransform
Transforming lifecycle-runtime-release.aar (androidx.lifecycle:lifecycle-runtime-android:2.8.7) with JetifyTransform
Transforming lifecycle-runtime-release.aar (androidx.lifecycle:lifecycle-runtime-android:2.8.7) with ExtractAarTransform
Transforming lifecycle-runtime-release.aar (androidx.lifecycle:lifecycle-runtime-android:2.8.7) with AarTransform
Transforming lifecycle-viewmodel-release.aar (androidx.lifecycle:lifecycle-viewmodel-android:2.8.7) with JetifyTransform
Transforming material-release.aar (androidx.compose.material:material-android:1.6.2) with AarTransform
Transforming lifecycle-viewmodel-release.aar (androidx.lifecycle:lifecycle-viewmodel-android:2.8.7) with ExtractAarTransform
Transforming lifecycle-viewmodel-release.aar (androidx.lifecycle:lifecycle-viewmodel-android:2.8.7) with AarTransform
Transforming lifecycle-livedata-core-2.8.7.aar (androidx.lifecycle:lifecycle-livedata-core:2.8.7) with JetifyTransform
Transforming lifecycle-livedata-core-2.8.7.aar (androidx.lifecycle:lifecycle-livedata-core:2.8.7) with ExtractAarTransform
Transforming lifecycle-livedata-core-2.8.7.aar (androidx.lifecycle:lifecycle-livedata-core:2.8.7) with AarTransform
Transforming lifecycle-runtime-compose-release.aar (androidx.lifecycle:lifecycle-runtime-compose-android:2.8.7) with JetifyTransform
Transforming lifecycle-runtime-compose-release.aar (androidx.lifecycle:lifecycle-runtime-compose-android:2.8.7) with ExtractAarTransform
Transforming lifecycle-runtime-compose-release.aar (androidx.lifecycle:lifecycle-runtime-compose-android:2.8.7) with AarTransform
Transforming lifecycle-viewmodel-compose-release.aar (androidx.lifecycle:lifecycle-viewmodel-compose-android:2.8.7) with JetifyTransform
Transforming lifecycle-viewmodel-compose-release.aar (androidx.lifecycle:lifecycle-viewmodel-compose-android:2.8.7) with ExtractAarTransform
Transforming lifecycle-viewmodel-compose-release.aar (androidx.lifecycle:lifecycle-viewmodel-compose-android:2.8.7) with AarTransform
Transforming ui-release.aar (androidx.compose.ui:ui-android:1.6.2) with JetifyTransform
Transforming ui-release.aar (androidx.compose.ui:ui-android:1.6.2) with ExtractAarTransform
Transforming ui-release.aar (androidx.compose.ui:ui-android:1.6.2) with AarTransform
Transforming ui-test-manifest-1.6.2.aar (androidx.compose.ui:ui-test-manifest:1.6.2) with JetifyTransform
Transforming ui-test-manifest-1.6.2.aar (androidx.compose.ui:ui-test-manifest:1.6.2) with ExtractAarTransform
Transforming ui-test-manifest-1.6.2.aar (androidx.compose.ui:ui-test-manifest:1.6.2) with AarTransform
Transforming activity-1.9.3.aar (androidx.activity:activity:1.9.3) with JetifyTransform
Transforming activity-1.9.3.aar (androidx.activity:activity:1.9.3) with ExtractAarTransform
Transforming activity-1.9.3.aar (androidx.activity:activity:1.9.3) with AarTransform
Transforming lifecycle-viewmodel-savedstate-2.8.7.aar (androidx.lifecycle:lifecycle-viewmodel-savedstate:2.8.7) with JetifyTransform
Transforming lifecycle-viewmodel-savedstate-2.8.7.aar (androidx.lifecycle:lifecycle-viewmodel-savedstate:2.8.7) with ExtractAarTransform
Transforming lifecycle-viewmodel-savedstate-2.8.7.aar (androidx.lifecycle:lifecycle-viewmodel-savedstate:2.8.7) with AarTransform
Transforming emoji2-views-helper-1.3.0.aar (androidx.emoji2:emoji2-views-helper:1.3.0) with JetifyTransform
Transforming lifecycle-runtime-ktx-release.aar (androidx.lifecycle:lifecycle-runtime-ktx-android:2.8.7) with JetifyTransform
Transforming lifecycle-runtime-ktx-release.aar (androidx.lifecycle:lifecycle-runtime-ktx-android:2.8.7) with ExtractAarTransform
Transforming lifecycle-runtime-ktx-release.aar (androidx.lifecycle:lifecycle-runtime-ktx-android:2.8.7) with AarTransform
Transforming lifecycle-livedata-2.8.7.aar (androidx.lifecycle:lifecycle-livedata:2.8.7) with JetifyTransform
Transforming lifecycle-livedata-2.8.7.aar (androidx.lifecycle:lifecycle-livedata:2.8.7) with ExtractAarTransform
Transforming lifecycle-livedata-2.8.7.aar (androidx.lifecycle:lifecycle-livedata:2.8.7) with AarTransform
Transforming lifecycle-livedata-core-ktx-2.8.7.aar (androidx.lifecycle:lifecycle-livedata-core-ktx:2.8.7) with JetifyTransform
Transforming lifecycle-livedata-core-ktx-2.8.7.aar (androidx.lifecycle:lifecycle-livedata-core-ktx:2.8.7) with ExtractAarTransform
Transforming lifecycle-livedata-core-ktx-2.8.7.aar (androidx.lifecycle:lifecycle-livedata-core-ktx:2.8.7) with AarTransform
Transforming lifecycle-livedata-ktx-2.8.7.aar (androidx.lifecycle:lifecycle-livedata-ktx:2.8.7) with JetifyTransform
Transforming lifecycle-livedata-ktx-2.8.7.aar (androidx.lifecycle:lifecycle-livedata-ktx:2.8.7) with ExtractAarTransform
Transforming lifecycle-livedata-ktx-2.8.7.aar (androidx.lifecycle:lifecycle-livedata-ktx:2.8.7) with AarTransform
Transforming lifecycle-viewmodel-ktx-2.8.7.aar (androidx.lifecycle:lifecycle-viewmodel-ktx:2.8.7) with JetifyTransform
Transforming lifecycle-viewmodel-ktx-2.8.7.aar (androidx.lifecycle:lifecycle-viewmodel-ktx:2.8.7) with ExtractAarTransform
Transforming lifecycle-viewmodel-ktx-2.8.7.aar (androidx.lifecycle:lifecycle-viewmodel-ktx:2.8.7) with AarTransform
Transforming runtime-saveable-release.aar (androidx.compose.runtime:runtime-saveable-android:1.7.1) with JetifyTransform
Transforming runtime-saveable-release.aar (androidx.compose.runtime:runtime-saveable-android:1.7.1) with ExtractAarTransform
Transforming runtime-saveable-release.aar (androidx.compose.runtime:runtime-saveable-android:1.7.1) with AarTransform
Transforming runtime-release.aar (androidx.compose.runtime:runtime-android:1.7.1) with JetifyTransform
Transforming runtime-release.aar (androidx.compose.runtime:runtime-android:1.7.1) with ExtractAarTransform
Transforming runtime-release.aar (androidx.compose.runtime:runtime-android:1.7.1) with AarTransform
Transforming play-services-tasks-18.2.0.aar (com.google.android.gms:play-services-tasks:18.2.0) with JetifyTransform
Transforming play-services-tasks-18.2.0.aar (com.google.android.gms:play-services-tasks:18.2.0) with ExtractAarTransform
Transforming play-services-tasks-18.2.0.aar (com.google.android.gms:play-services-tasks:18.2.0) with AarTransform
Transforming fragment-1.8.5.aar (androidx.fragment:fragment:1.8.5) with JetifyTransform
Transforming fragment-1.8.5.aar (androidx.fragment:fragment:1.8.5) with ExtractAarTransform
Transforming fragment-1.8.5.aar (androidx.fragment:fragment:1.8.5) with AarTransform
Transforming fragment-ktx-1.8.5.aar (androidx.fragment:fragment-ktx:1.8.5) with JetifyTransform
Transforming fragment-ktx-1.8.5.aar (androidx.fragment:fragment-ktx:1.8.5) with ExtractAarTransform
Transforming fragment-ktx-1.8.5.aar (androidx.fragment:fragment-ktx:1.8.5) with AarTransform
Transforming activity-ktx-1.9.3.aar (androidx.activity:activity-ktx:1.9.3) with JetifyTransform
Transforming activity-ktx-1.9.3.aar (androidx.activity:activity-ktx:1.9.3) with ExtractAarTransform
Transforming activity-ktx-1.9.3.aar (androidx.activity:activity-ktx:1.9.3) with AarTransform
Transforming core-ktx-1.13.1.aar (androidx.core:core-ktx:1.13.1) with JetifyTransform
Transforming core-ktx-1.13.1.aar (androidx.core:core-ktx:1.13.1) with ExtractAarTransform
Transforming core-ktx-1.13.1.aar (androidx.core:core-ktx:1.13.1) with AarTransform
Transforming flexbox-3.0.0.aar (com.google.android.flexbox:flexbox:3.0.0) with JetifyTransform
Transforming flexbox-3.0.0.aar (com.google.android.flexbox:flexbox:3.0.0) with ExtractAarTransform
Transforming flexbox-3.0.0.aar (com.google.android.flexbox:flexbox:3.0.0) with AarTransform
Transforming emoji2-views-helper-1.3.0.aar (androidx.emoji2:emoji2-views-helper:1.3.0) with ExtractAarTransform
Transforming sqlite-framework-2.4.0.aar (androidx.sqlite:sqlite-framework:2.4.0) with JetifyTransform
Transforming sqlite-framework-2.4.0.aar (androidx.sqlite:sqlite-framework:2.4.0) with ExtractAarTransform
Transforming sqlite-framework-2.4.0.aar (androidx.sqlite:sqlite-framework:2.4.0) with AarTransform
Transforming sqlite-2.4.0.aar (androidx.sqlite:sqlite:2.4.0) with JetifyTransform
Transforming sqlite-2.4.0.aar (androidx.sqlite:sqlite:2.4.0) with ExtractAarTransform
Transforming sqlite-2.4.0.aar (androidx.sqlite:sqlite:2.4.0) with AarTransform
Transforming security-crypto-1.1.0-alpha06.aar (androidx.security:security-crypto:1.1.0-alpha06) with JetifyTransform
Transforming security-crypto-1.1.0-alpha06.aar (androidx.security:security-crypto:1.1.0-alpha06) with ExtractAarTransform
Transforming security-crypto-1.1.0-alpha06.aar (androidx.security:security-crypto:1.1.0-alpha06) with AarTransform
Transforming cursoradapter-1.0.0.aar (androidx.cursoradapter:cursoradapter:1.0.0) with JetifyTransform
Transforming cursoradapter-1.0.0.aar (androidx.cursoradapter:cursoradapter:1.0.0) with ExtractAarTransform
Transforming cursoradapter-1.0.0.aar (androidx.cursoradapter:cursoradapter:1.0.0) with AarTransform
Transforming cardview-1.0.0.aar (androidx.cardview:cardview:1.0.0) with JetifyTransform
Transforming cardview-1.0.0.aar (androidx.cardview:cardview:1.0.0) with ExtractAarTransform
Transforming cardview-1.0.0.aar (androidx.cardview:cardview:1.0.0) with AarTransform
Transforming core-runtime-2.2.0.aar (androidx.arch.core:core-runtime:2.2.0) with JetifyTransform
Transforming core-runtime-2.2.0.aar (androidx.arch.core:core-runtime:2.2.0) with ExtractAarTransform
Transforming core-runtime-2.2.0.aar (androidx.arch.core:core-runtime:2.2.0) with AarTransform
Transforming gifdecoder-4.16.0.aar (com.github.bumptech.glide:gifdecoder:4.16.0) with JetifyTransform
Transforming gifdecoder-4.16.0.aar (com.github.bumptech.glide:gifdecoder:4.16.0) with ExtractAarTransform
Transforming gifdecoder-4.16.0.aar (com.github.bumptech.glide:gifdecoder:4.16.0) with AarTransform
Transforming startup-runtime-1.1.1.aar (androidx.startup:startup-runtime:1.1.1) with JetifyTransform
Transforming startup-runtime-1.1.1.aar (androidx.startup:startup-runtime:1.1.1) with ExtractAarTransform
Transforming startup-runtime-1.1.1.aar (androidx.startup:startup-runtime:1.1.1) with AarTransform
Transforming tracing-1.0.0.aar (androidx.tracing:tracing:1.0.0) with JetifyTransform
Transforming tracing-1.0.0.aar (androidx.tracing:tracing:1.0.0) with ExtractAarTransform
Transforming tracing-1.0.0.aar (androidx.tracing:tracing:1.0.0) with AarTransform
Transforming interpolator-1.0.0.aar (androidx.interpolator:interpolator:1.0.0) with JetifyTransform
Transforming interpolator-1.0.0.aar (androidx.interpolator:interpolator:1.0.0) with ExtractAarTransform
Transforming interpolator-1.0.0.aar (androidx.interpolator:interpolator:1.0.0) with AarTransform
Transforming versionedparcelable-1.1.1.aar (androidx.versionedparcelable:versionedparcelable:1.1.1) with JetifyTransform
Transforming versionedparcelable-1.1.1.aar (androidx.versionedparcelable:versionedparcelable:1.1.1) with ExtractAarTransform
Transforming versionedparcelable-1.1.1.aar (androidx.versionedparcelable:versionedparcelable:1.1.1) with AarTransform
Transforming exifinterface-1.3.7.aar (androidx.exifinterface:exifinterface:1.3.7) with JetifyTransform
Transforming exifinterface-1.3.7.aar (androidx.exifinterface:exifinterface:1.3.7) with ExtractAarTransform
Transforming exifinterface-1.3.7.aar (androidx.exifinterface:exifinterface:1.3.7) with AarTransform
Transforming annotation-experimental-1.4.1.aar (androidx.annotation:annotation-experimental:1.4.1) with JetifyTransform
Transforming annotation-experimental-1.4.1.aar (androidx.annotation:annotation-experimental:1.4.1) with ExtractAarTransform
Transforming annotation-experimental-1.4.1.aar (androidx.annotation:annotation-experimental:1.4.1) with AarTransform
Transforming multidex-2.0.1.aar (androidx.multidex:multidex:2.0.1) with JetifyTransform
Transforming multidex-2.0.1.aar (androidx.multidex:multidex:2.0.1) with ExtractAarTransform
Transforming multidex-2.0.1.aar (androidx.multidex:multidex:2.0.1) with AarTransform
Transforming zxing-android-embedded-4.3.0.aar (com.journeyapps:zxing-android-embedded:4.3.0) with JetifyTransform
Transforming zxing-android-embedded-4.3.0.aar (com.journeyapps:zxing-android-embedded:4.3.0) with ExtractAarTransform
Transforming zxing-android-embedded-4.3.0.aar (com.journeyapps:zxing-android-embedded:4.3.0) with AarTransform
Transforming dagger-lint-aar-2.51.1.aar (com.google.dagger:dagger-lint-aar:2.51.1) with JetifyTransform
Transforming dagger-lint-aar-2.51.1.aar (com.google.dagger:dagger-lint-aar:2.51.1) with ExtractAarTransform
Transforming dagger-lint-aar-2.51.1.aar (com.google.dagger:dagger-lint-aar:2.51.1) with AarTransform
Transforming emoji2-1.3.0.aar (androidx.emoji2:emoji2:1.3.0) with JetifyTransform
Transforming emoji2-views-helper-1.3.0.aar (androidx.emoji2:emoji2-views-helper:1.3.0) with AarTransform
Transforming emoji2-1.3.0.aar (androidx.emoji2:emoji2:1.3.0) with ExtractAarTransform
Transforming media-1.7.0.aar (androidx.media:media:1.7.0) with JetifyTransform
Transforming media-1.7.0.aar (androidx.media:media:1.7.0) with ExtractAarTransform
Transforming emoji2-1.3.0.aar (androidx.emoji2:emoji2:1.3.0) with AarTransform
Transforming autofill-1.0.0.aar (androidx.autofill:autofill:1.0.0) with JetifyTransform
Transforming media-1.7.0.aar (androidx.media:media:1.7.0) with AarTransform
Transforming autofill-1.0.0.aar (androidx.autofill:autofill:1.0.0) with ExtractAarTransform
Transforming window-1.0.0.aar (androidx.window:window:1.0.0) with JetifyTransform
Transforming autofill-1.0.0.aar (androidx.autofill:autofill:1.0.0) with AarTransform
Transforming lifecycle-service-2.8.7.aar (androidx.lifecycle:lifecycle-service:2.8.7) with JetifyTransform
Transforming window-1.0.0.aar (androidx.window:window:1.0.0) with ExtractAarTransform
Transforming lifecycle-service-2.8.7.aar (androidx.lifecycle:lifecycle-service:2.8.7) with ExtractAarTransform
Transforming window-1.0.0.aar (androidx.window:window:1.0.0) with AarTransform
Transforming lifecycle-process-2.8.7.aar (androidx.lifecycle:lifecycle-process:2.8.7) with JetifyTransform
Transforming lifecycle-service-2.8.7.aar (androidx.lifecycle:lifecycle-service:2.8.7) with AarTransform
Transforming accompanist-drawablepainter-0.32.0.aar (com.google.accompanist:accompanist-drawablepainter:0.32.0) with JetifyTransform
Transforming lifecycle-process-2.8.7.aar (androidx.lifecycle:lifecycle-process:2.8.7) with ExtractAarTransform
Transforming accompanist-drawablepainter-0.32.0.aar (com.google.accompanist:accompanist-drawablepainter:0.32.0) with ExtractAarTransform
Transforming lifecycle-process-2.8.7.aar (androidx.lifecycle:lifecycle-process:2.8.7) with AarTransform
Transforming accompanist-drawablepainter-0.32.0.aar (com.google.accompanist:accompanist-drawablepainter:0.32.0) with AarTransform
Transforming ads-adservices-1.0.0-beta05.aar (androidx.privacysandbox.ads:ads-adservices:1.0.0-beta05) with JetifyTransform
Transforming ads-adservices-1.0.0-beta05.aar (androidx.privacysandbox.ads:ads-adservices:1.0.0-beta05) with ExtractAarTransform
Transforming ads-adservices-1.0.0-beta05.aar (androidx.privacysandbox.ads:ads-adservices:1.0.0-beta05) with AarTransform
Transforming customview-poolingcontainer-1.0.0.aar (androidx.customview:customview-poolingcontainer:1.0.0) with JetifyTransform
Transforming profileinstaller-1.3.1.aar (androidx.profileinstaller:profileinstaller:1.3.1) with JetifyTransform
Transforming customview-poolingcontainer-1.0.0.aar (androidx.customview:customview-poolingcontainer:1.0.0) with ExtractAarTransform
Transforming profileinstaller-1.3.1.aar (androidx.profileinstaller:profileinstaller:1.3.1) with ExtractAarTransform
Transforming customview-poolingcontainer-1.0.0.aar (androidx.customview:customview-poolingcontainer:1.0.0) with AarTransform
Transforming profileinstaller-1.3.1.aar (androidx.profileinstaller:profileinstaller:1.3.1) with AarTransform
Transforming grpc-android-1.57.2.aar (io.grpc:grpc-android:1.57.2) with JetifyTransform
Transforming grpc-android-1.57.2.aar (io.grpc:grpc-android:1.57.2) with ExtractAarTransform
Transforming grpc-android-1.57.2.aar (io.grpc:grpc-android:1.57.2) with AarTransform
Caching disabled for task ':app:dataBindingMergeDependencyArtifactsDebug' because:
  Build cache is disabled
  Caching has been disabled for the task
Skipping task ':app:dataBindingMergeDependencyArtifactsDebug' as it is up-to-date.

> Task :app:dataBindingMergeDependencyArtifactsDebug UP-TO-DATE
Resolve mutations for :app:generateDebugResValues (Thread[#64,included builds,5,main]) started.
:app:generateDebugResValues (Thread[#64,included builds,5,main]) started.

> Task :app:generateDebugResValues UP-TO-DATE
Caching disabled for task ':app:generateDebugResValues' because:
  Build cache is disabled
Skipping task ':app:generateDebugResValues' as it is up-to-date.
Resolve mutations for :app:generateDebugResources (Thread[#64,included builds,5,main]) started.
:app:generateDebugResources (Thread[#64,included builds,5,main]) started.

> Task :app:generateDebugResources UP-TO-DATE
Caching disabled for task ':app:generateDebugResources' because:
  Build cache is disabled
Skipping task ':app:generateDebugResources' as it is up-to-date.
Resolve mutations for :app:processDebugGoogleServices (Thread[#64,included builds,5,main]) started.
:app:processDebugGoogleServices (Thread[#64,included builds,5,main]) started.

> Task :app:processDebugGoogleServices UP-TO-DATE
Caching disabled for task ':app:processDebugGoogleServices' because:
  Build cache is disabled
Skipping task ':app:processDebugGoogleServices' as it is up-to-date.
Resolve mutations for :app:mergeDebugResources (Thread[#64,included builds,5,main]) started.
:app:mergeDebugResources (Thread[#64,included builds,5,main]) started.

> Task :app:mergeDebugResources UP-TO-DATE
Transforming viewbinding-8.7.1.aar (androidx.databinding:viewbinding:8.7.1) with JetifyTransform
Transforming viewbinding-8.7.1.aar (androidx.databinding:viewbinding:8.7.1) with ExtractAarTransform
Transforming viewbinding-8.7.1.aar (androidx.databinding:viewbinding:8.7.1) with AarTransform
Transforming material-1.12.0.aar (com.google.android.material:material:1.12.0) with JetifyTransform
Transforming material-1.12.0.aar (com.google.android.material:material:1.12.0) with ExtractAarTransform
Transforming material-1.12.0.aar (com.google.android.material:material:1.12.0) with AarTransform
Transforming constraintlayout-2.1.4.aar (androidx.constraintlayout:constraintlayout:2.1.4) with JetifyTransform
Transforming constraintlayout-2.1.4.aar (androidx.constraintlayout:constraintlayout:2.1.4) with ExtractAarTransform
Transforming constraintlayout-2.1.4.aar (androidx.constraintlayout:constraintlayout:2.1.4) with AarTransform
Transforming coil-compose-2.6.0.aar (io.coil-kt:coil-compose:2.6.0) with JetifyTransform
Transforming coil-compose-2.6.0.aar (io.coil-kt:coil-compose:2.6.0) with ExtractAarTransform
Transforming coil-compose-2.6.0.aar (io.coil-kt:coil-compose:2.6.0) with AarTransform
Transforming coil-compose-base-2.6.0.aar (io.coil-kt:coil-compose-base:2.6.0) with JetifyTransform
Transforming coil-compose-base-2.6.0.aar (io.coil-kt:coil-compose-base:2.6.0) with ExtractAarTransform
Transforming coil-compose-base-2.6.0.aar (io.coil-kt:coil-compose-base:2.6.0) with AarTransform
Transforming coil-2.6.0.aar (io.coil-kt:coil:2.6.0) with JetifyTransform
Transforming coil-2.6.0.aar (io.coil-kt:coil:2.6.0) with ExtractAarTransform
Transforming coil-2.6.0.aar (io.coil-kt:coil:2.6.0) with AarTransform
Transforming coil-base-2.6.0.aar (io.coil-kt:coil-base:2.6.0) with JetifyTransform
Transforming coil-base-2.6.0.aar (io.coil-kt:coil-base:2.6.0) with ExtractAarTransform
Transforming coil-base-2.6.0.aar (io.coil-kt:coil-base:2.6.0) with AarTransform
Transforming appcompat-resources-1.7.0.aar (androidx.appcompat:appcompat-resources:1.7.0) with JetifyTransform
Transforming appcompat-resources-1.7.0.aar (androidx.appcompat:appcompat-resources:1.7.0) with ExtractAarTransform
Transforming appcompat-resources-1.7.0.aar (androidx.appcompat:appcompat-resources:1.7.0) with AarTransform
Transforming preference-ktx-1.2.1.aar (androidx.preference:preference-ktx:1.2.1) with JetifyTransform
Transforming preference-ktx-1.2.1.aar (androidx.preference:preference-ktx:1.2.1) with ExtractAarTransform
Transforming preference-ktx-1.2.1.aar (androidx.preference:preference-ktx:1.2.1) with AarTransform
Transforming preference-1.2.1.aar (androidx.preference:preference:1.2.1) with JetifyTransform
Transforming preference-1.2.1.aar (androidx.preference:preference:1.2.1) with ExtractAarTransform
Transforming preference-1.2.1.aar (androidx.preference:preference:1.2.1) with AarTransform
Transforming appcompat-1.7.0.aar (androidx.appcompat:appcompat:1.7.0) with JetifyTransform
Transforming appcompat-1.7.0.aar (androidx.appcompat:appcompat:1.7.0) with ExtractAarTransform
Transforming appcompat-1.7.0.aar (androidx.appcompat:appcompat:1.7.0) with AarTransform
Transforming okhttp3-integration-4.16.0.aar (com.github.bumptech.glide:okhttp3-integration:4.16.0) with JetifyTransform
Transforming okhttp3-integration-4.16.0.aar (com.github.bumptech.glide:okhttp3-integration:4.16.0) with ExtractAarTransform
Transforming okhttp3-integration-4.16.0.aar (com.github.bumptech.glide:okhttp3-integration:4.16.0) with AarTransform
Transforming glide-4.16.0.aar (com.github.bumptech.glide:glide:4.16.0) with JetifyTransform
Transforming glide-4.16.0.aar (com.github.bumptech.glide:glide:4.16.0) with ExtractAarTransform
Transforming glide-4.16.0.aar (com.github.bumptech.glide:glide:4.16.0) with AarTransform
Transforming hilt-work-1.2.0.aar (androidx.hilt:hilt-work:1.2.0) with JetifyTransform
Transforming hilt-work-1.2.0.aar (androidx.hilt:hilt-work:1.2.0) with ExtractAarTransform
Transforming hilt-work-1.2.0.aar (androidx.hilt:hilt-work:1.2.0) with AarTransform
Transforming hilt-android-2.51.1.aar (com.google.dagger:hilt-android:2.51.1) with JetifyTransform
Transforming hilt-android-2.51.1.aar (com.google.dagger:hilt-android:2.51.1) with ExtractAarTransform
Transforming hilt-android-2.51.1.aar (com.google.dagger:hilt-android:2.51.1) with AarTransform
Transforming media3-exoplayer-hls-1.5.0.aar (androidx.media3:media3-exoplayer-hls:1.5.0) with JetifyTransform
Transforming media3-exoplayer-hls-1.5.0.aar (androidx.media3:media3-exoplayer-hls:1.5.0) with ExtractAarTransform
Transforming media3-exoplayer-hls-1.5.0.aar (androidx.media3:media3-exoplayer-hls:1.5.0) with AarTransform
Transforming media3-ffmpeg-decoder-1.5.0+1.aar (org.jellyfin.media3:media3-ffmpeg-decoder:1.5.0+1) with JetifyTransform
Transforming media3-ffmpeg-decoder-1.5.0+1.aar (org.jellyfin.media3:media3-ffmpeg-decoder:1.5.0+1) with ExtractAarTransform
Transforming media3-ffmpeg-decoder-1.5.0+1.aar (org.jellyfin.media3:media3-ffmpeg-decoder:1.5.0+1) with AarTransform
Transforming media3-exoplayer-1.5.0.aar (androidx.media3:media3-exoplayer:1.5.0) with JetifyTransform
Transforming media3-exoplayer-1.5.0.aar (androidx.media3:media3-exoplayer:1.5.0) with ExtractAarTransform
Transforming media3-exoplayer-1.5.0.aar (androidx.media3:media3-exoplayer:1.5.0) with AarTransform
Transforming media3-exoplayer-1.5.0.aar (androidx.media3:media3-exoplayer:1.5.0) with JetifyTransform
Transforming media3-exoplayer-1.5.0.aar (androidx.media3:media3-exoplayer:1.5.0) with ExtractAarTransform
Transforming media3-exoplayer-1.5.0.aar (androidx.media3:media3-exoplayer:1.5.0) with AarTransform
Transforming media3-datasource-okhttp-1.5.0.aar (androidx.media3:media3-datasource-okhttp:1.5.0) with JetifyTransform
Transforming media3-datasource-okhttp-1.5.0.aar (androidx.media3:media3-datasource-okhttp:1.5.0) with ExtractAarTransform
Transforming media3-datasource-okhttp-1.5.0.aar (androidx.media3:media3-datasource-okhttp:1.5.0) with AarTransform
Transforming media3-extractor-1.5.0.aar (androidx.media3:media3-extractor:1.5.0) with JetifyTransform
Transforming media3-extractor-1.5.0.aar (androidx.media3:media3-extractor:1.5.0) with ExtractAarTransform
Transforming media3-extractor-1.5.0.aar (androidx.media3:media3-extractor:1.5.0) with AarTransform
Transforming media3-container-1.5.0.aar (androidx.media3:media3-container:1.5.0) with JetifyTransform
Transforming media3-container-1.5.0.aar (androidx.media3:media3-container:1.5.0) with ExtractAarTransform
Transforming media3-container-1.5.0.aar (androidx.media3:media3-container:1.5.0) with AarTransform
Transforming media3-datasource-1.5.0.aar (androidx.media3:media3-datasource:1.5.0) with JetifyTransform
Transforming media3-datasource-1.5.0.aar (androidx.media3:media3-datasource:1.5.0) with ExtractAarTransform
Transforming media3-datasource-1.5.0.aar (androidx.media3:media3-datasource:1.5.0) with AarTransform
Transforming media3-decoder-1.5.0.aar (androidx.media3:media3-decoder:1.5.0) with JetifyTransform
Transforming media3-decoder-1.5.0.aar (androidx.media3:media3-decoder:1.5.0) with ExtractAarTransform
Transforming media3-decoder-1.5.0.aar (androidx.media3:media3-decoder:1.5.0) with AarTransform
Transforming media3-decoder-1.5.0.aar (androidx.media3:media3-decoder:1.5.0) with JetifyTransform
Transforming media3-decoder-1.5.0.aar (androidx.media3:media3-decoder:1.5.0) with ExtractAarTransform
Transforming media3-decoder-1.5.0.aar (androidx.media3:media3-decoder:1.5.0) with AarTransform
Transforming media3-database-1.5.0.aar (androidx.media3:media3-database:1.5.0) with JetifyTransform
Transforming media3-database-1.5.0.aar (androidx.media3:media3-database:1.5.0) with ExtractAarTransform
Transforming media3-database-1.5.0.aar (androidx.media3:media3-database:1.5.0) with AarTransform
Transforming media3-common-1.5.0.aar (androidx.media3:media3-common:1.5.0) with JetifyTransform
Transforming media3-common-1.5.0.aar (androidx.media3:media3-common:1.5.0) with ExtractAarTransform
Transforming media3-common-1.5.0.aar (androidx.media3:media3-common:1.5.0) with AarTransform
Transforming media3-ui-1.5.0.aar (androidx.media3:media3-ui:1.5.0) with JetifyTransform
Transforming media3-ui-1.5.0.aar (androidx.media3:media3-ui:1.5.0) with ExtractAarTransform
Transforming media3-ui-1.5.0.aar (androidx.media3:media3-ui:1.5.0) with AarTransform
Transforming work-runtime-ktx-2.9.1.aar (androidx.work:work-runtime-ktx:2.9.1) with JetifyTransform
Transforming work-runtime-ktx-2.9.1.aar (androidx.work:work-runtime-ktx:2.9.1) with ExtractAarTransform
Transforming work-runtime-ktx-2.9.1.aar (androidx.work:work-runtime-ktx:2.9.1) with AarTransform
Transforming work-runtime-2.9.1.aar (androidx.work:work-runtime:2.9.1) with JetifyTransform
Transforming work-runtime-2.9.1.aar (androidx.work:work-runtime:2.9.1) with ExtractAarTransform
Transforming work-runtime-2.9.1.aar (androidx.work:work-runtime:2.9.1) with AarTransform
Transforming room-ktx-2.6.1.aar (androidx.room:room-ktx:2.6.1) with JetifyTransform
Transforming room-ktx-2.6.1.aar (androidx.room:room-ktx:2.6.1) with ExtractAarTransform
Transforming room-ktx-2.6.1.aar (androidx.room:room-ktx:2.6.1) with AarTransform
Transforming room-runtime-2.6.1.aar (androidx.room:room-runtime:2.6.1) with JetifyTransform
Transforming room-runtime-2.6.1.aar (androidx.room:room-runtime:2.6.1) with ExtractAarTransform
Transforming room-runtime-2.6.1.aar (androidx.room:room-runtime:2.6.1) with AarTransform
Transforming room-paging-2.6.1.aar (androidx.room:room-paging:2.6.1) with JetifyTransform
Transforming room-paging-2.6.1.aar (androidx.room:room-paging:2.6.1) with ExtractAarTransform
Transforming room-paging-2.6.1.aar (androidx.room:room-paging:2.6.1) with AarTransform
Transforming paging-common-release.aar (androidx.paging:paging-common-android:3.3.2) with JetifyTransform
Transforming paging-common-release.aar (androidx.paging:paging-common-android:3.3.2) with ExtractAarTransform
Transforming paging-common-release.aar (androidx.paging:paging-common-android:3.3.2) with AarTransform
Transforming paging-runtime-ktx-3.3.2.aar (androidx.paging:paging-runtime-ktx:3.3.2) with JetifyTransform
Transforming paging-runtime-ktx-3.3.2.aar (androidx.paging:paging-runtime-ktx:3.3.2) with ExtractAarTransform
Transforming paging-runtime-ktx-3.3.2.aar (androidx.paging:paging-runtime-ktx:3.3.2) with AarTransform
Transforming paging-runtime-3.3.2.aar (androidx.paging:paging-runtime:3.3.2) with JetifyTransform
Transforming paging-runtime-3.3.2.aar (androidx.paging:paging-runtime:3.3.2) with ExtractAarTransform
Transforming paging-runtime-3.3.2.aar (androidx.paging:paging-runtime:3.3.2) with AarTransform
Transforming recyclerview-1.3.2.aar (androidx.recyclerview:recyclerview:1.3.2) with JetifyTransform
Transforming recyclerview-1.3.2.aar (androidx.recyclerview:recyclerview:1.3.2) with ExtractAarTransform
Transforming recyclerview-1.3.2.aar (androidx.recyclerview:recyclerview:1.3.2) with AarTransform
Transforming viewpager2-1.1.0-beta02.aar (androidx.viewpager2:viewpager2:1.1.0-beta02) with JetifyTransform
Transforming viewpager2-1.1.0-beta02.aar (androidx.viewpager2:viewpager2:1.1.0-beta02) with ExtractAarTransform
Transforming viewpager2-1.1.0-beta02.aar (androidx.viewpager2:viewpager2:1.1.0-beta02) with AarTransform
Transforming firebase-firestore-ktx-25.0.0.aar (com.google.firebase:firebase-firestore-ktx:25.0.0) with JetifyTransform
Transforming firebase-firestore-ktx-25.0.0.aar (com.google.firebase:firebase-firestore-ktx:25.0.0) with ExtractAarTransform
Transforming firebase-firestore-ktx-25.0.0.aar (com.google.firebase:firebase-firestore-ktx:25.0.0) with AarTransform
Transforming firebase-firestore-25.0.0.aar (com.google.firebase:firebase-firestore:25.0.0) with JetifyTransform
Transforming firebase-firestore-25.0.0.aar (com.google.firebase:firebase-firestore:25.0.0) with ExtractAarTransform
Transforming firebase-firestore-25.0.0.aar (com.google.firebase:firebase-firestore:25.0.0) with AarTransform
Transforming firebase-appcheck-interop-17.0.0.aar (com.google.firebase:firebase-appcheck-interop:17.0.0) with JetifyTransform
Transforming firebase-appcheck-interop-17.0.0.aar (com.google.firebase:firebase-appcheck-interop:17.0.0) with ExtractAarTransform
Transforming firebase-appcheck-interop-17.0.0.aar (com.google.firebase:firebase-appcheck-interop:17.0.0) with AarTransform
Transforming firebase-database-collection-18.0.1.aar (com.google.firebase:firebase-database-collection:18.0.1) with JetifyTransform
Transforming firebase-database-collection-18.0.1.aar (com.google.firebase:firebase-database-collection:18.0.1) with ExtractAarTransform
Transforming firebase-database-collection-18.0.1.aar (com.google.firebase:firebase-database-collection:18.0.1) with AarTransform
Transforming play-services-base-18.0.1.aar (com.google.android.gms:play-services-base:18.0.1) with JetifyTransform
Transforming play-services-base-18.0.1.aar (com.google.android.gms:play-services-base:18.0.1) with ExtractAarTransform
Transforming play-services-base-18.0.1.aar (com.google.android.gms:play-services-base:18.0.1) with AarTransform
Transforming play-services-base-18.0.1.aar (com.google.android.gms:play-services-base:18.0.1) with JetifyTransform
Transforming play-services-base-18.0.1.aar (com.google.android.gms:play-services-base:18.0.1) with ExtractAarTransform
Transforming play-services-base-18.0.1.aar (com.google.android.gms:play-services-base:18.0.1) with AarTransform
Transforming play-services-base-18.0.1.aar (com.google.android.gms:play-services-base:18.0.1) with JetifyTransform
Transforming play-services-base-18.0.1.aar (com.google.android.gms:play-services-base:18.0.1) with ExtractAarTransform
Transforming play-services-base-18.0.1.aar (com.google.android.gms:play-services-base:18.0.1) with AarTransform
Transforming firebase-analytics-ktx-22.0.2.aar (com.google.firebase:firebase-analytics-ktx:22.0.2) with JetifyTransform
Transforming firebase-analytics-ktx-22.0.2.aar (com.google.firebase:firebase-analytics-ktx:22.0.2) with ExtractAarTransform
Transforming firebase-analytics-ktx-22.0.2.aar (com.google.firebase:firebase-analytics-ktx:22.0.2) with AarTransform
Transforming firebase-analytics-22.0.2.aar (com.google.firebase:firebase-analytics:22.0.2) with JetifyTransform
Transforming firebase-analytics-22.0.2.aar (com.google.firebase:firebase-analytics:22.0.2) with ExtractAarTransform
Transforming firebase-analytics-22.0.2.aar (com.google.firebase:firebase-analytics:22.0.2) with AarTransform
Transforming play-services-measurement-api-22.0.2.aar (com.google.android.gms:play-services-measurement-api:22.0.2) with JetifyTransform
Transforming play-services-measurement-api-22.0.2.aar (com.google.android.gms:play-services-measurement-api:22.0.2) with ExtractAarTransform
Transforming play-services-measurement-api-22.0.2.aar (com.google.android.gms:play-services-measurement-api:22.0.2) with AarTransform
Transforming firebase-installations-18.0.0.aar (com.google.firebase:firebase-installations:18.0.0) with JetifyTransform
Transforming firebase-installations-18.0.0.aar (com.google.firebase:firebase-installations:18.0.0) with ExtractAarTransform
Transforming firebase-installations-18.0.0.aar (com.google.firebase:firebase-installations:18.0.0) with AarTransform
Transforming firebase-common-ktx-21.0.0.aar (com.google.firebase:firebase-common-ktx:21.0.0) with JetifyTransform
Transforming firebase-common-ktx-21.0.0.aar (com.google.firebase:firebase-common-ktx:21.0.0) with ExtractAarTransform
Transforming firebase-common-ktx-21.0.0.aar (com.google.firebase:firebase-common-ktx:21.0.0) with AarTransform
Transforming firebase-common-ktx-21.0.0.aar (com.google.firebase:firebase-common-ktx:21.0.0) with JetifyTransform
Transforming firebase-common-ktx-21.0.0.aar (com.google.firebase:firebase-common-ktx:21.0.0) with ExtractAarTransform
Transforming firebase-common-ktx-21.0.0.aar (com.google.firebase:firebase-common-ktx:21.0.0) with AarTransform
Transforming firebase-common-ktx-21.0.0.aar (com.google.firebase:firebase-common-ktx:21.0.0) with JetifyTransform
Transforming firebase-common-ktx-21.0.0.aar (com.google.firebase:firebase-common-ktx:21.0.0) with ExtractAarTransform
Transforming firebase-common-ktx-21.0.0.aar (com.google.firebase:firebase-common-ktx:21.0.0) with AarTransform
Transforming firebase-common-ktx-21.0.0.aar (com.google.firebase:firebase-common-ktx:21.0.0) with JetifyTransform
Transforming firebase-common-ktx-21.0.0.aar (com.google.firebase:firebase-common-ktx:21.0.0) with ExtractAarTransform
Transforming firebase-common-ktx-21.0.0.aar (com.google.firebase:firebase-common-ktx:21.0.0) with AarTransform
Transforming firebase-common-ktx-21.0.0.aar (com.google.firebase:firebase-common-ktx:21.0.0) with JetifyTransform
Transforming firebase-common-ktx-21.0.0.aar (com.google.firebase:firebase-common-ktx:21.0.0) with ExtractAarTransform
Transforming firebase-common-ktx-21.0.0.aar (com.google.firebase:firebase-common-ktx:21.0.0) with AarTransform
Transforming firebase-common-21.0.0.aar (com.google.firebase:firebase-common:21.0.0) with JetifyTransform
Transforming firebase-common-21.0.0.aar (com.google.firebase:firebase-common:21.0.0) with ExtractAarTransform
Transforming firebase-common-21.0.0.aar (com.google.firebase:firebase-common:21.0.0) with AarTransform
Transforming firebase-common-21.0.0.aar (com.google.firebase:firebase-common:21.0.0) with JetifyTransform
Transforming firebase-common-21.0.0.aar (com.google.firebase:firebase-common:21.0.0) with ExtractAarTransform
Transforming firebase-common-21.0.0.aar (com.google.firebase:firebase-common:21.0.0) with AarTransform
Transforming firebase-common-21.0.0.aar (com.google.firebase:firebase-common:21.0.0) with JetifyTransform
Transforming firebase-common-21.0.0.aar (com.google.firebase:firebase-common:21.0.0) with ExtractAarTransform
Transforming firebase-common-21.0.0.aar (com.google.firebase:firebase-common:21.0.0) with AarTransform
Transforming firebase-common-21.0.0.aar (com.google.firebase:firebase-common:21.0.0) with JetifyTransform
Transforming firebase-common-21.0.0.aar (com.google.firebase:firebase-common:21.0.0) with ExtractAarTransform
Transforming firebase-common-21.0.0.aar (com.google.firebase:firebase-common:21.0.0) with AarTransform
Transforming firebase-common-21.0.0.aar (com.google.firebase:firebase-common:21.0.0) with JetifyTransform
Transforming firebase-common-21.0.0.aar (com.google.firebase:firebase-common:21.0.0) with ExtractAarTransform
Transforming firebase-common-21.0.0.aar (com.google.firebase:firebase-common:21.0.0) with AarTransform
Transforming firebase-common-21.0.0.aar (com.google.firebase:firebase-common:21.0.0) with JetifyTransform
Transforming firebase-common-21.0.0.aar (com.google.firebase:firebase-common:21.0.0) with ExtractAarTransform
Transforming firebase-common-21.0.0.aar (com.google.firebase:firebase-common:21.0.0) with AarTransform
Transforming play-services-measurement-22.0.2.aar (com.google.android.gms:play-services-measurement:22.0.2) with JetifyTransform
Transforming play-services-measurement-22.0.2.aar (com.google.android.gms:play-services-measurement:22.0.2) with ExtractAarTransform
Transforming play-services-measurement-22.0.2.aar (com.google.android.gms:play-services-measurement:22.0.2) with AarTransform
Transforming play-services-measurement-sdk-22.0.2.aar (com.google.android.gms:play-services-measurement-sdk:22.0.2) with JetifyTransform
Transforming play-services-measurement-sdk-22.0.2.aar (com.google.android.gms:play-services-measurement-sdk:22.0.2) with ExtractAarTransform
Transforming play-services-measurement-sdk-22.0.2.aar (com.google.android.gms:play-services-measurement-sdk:22.0.2) with AarTransform
Transforming firebase-auth-interop-19.0.2.aar (com.google.firebase:firebase-auth-interop:19.0.2) with JetifyTransform
Transforming firebase-auth-interop-19.0.2.aar (com.google.firebase:firebase-auth-interop:19.0.2) with ExtractAarTransform
Transforming firebase-auth-interop-19.0.2.aar (com.google.firebase:firebase-auth-interop:19.0.2) with AarTransform
Transforming play-services-measurement-impl-22.0.2.aar (com.google.android.gms:play-services-measurement-impl:22.0.2) with JetifyTransform
Transforming play-services-measurement-impl-22.0.2.aar (com.google.android.gms:play-services-measurement-impl:22.0.2) with ExtractAarTransform
Transforming play-services-measurement-impl-22.0.2.aar (com.google.android.gms:play-services-measurement-impl:22.0.2) with AarTransform
Transforming play-services-measurement-impl-22.0.2.aar (com.google.android.gms:play-services-measurement-impl:22.0.2) with JetifyTransform
Transforming play-services-measurement-impl-22.0.2.aar (com.google.android.gms:play-services-measurement-impl:22.0.2) with ExtractAarTransform
Transforming play-services-measurement-impl-22.0.2.aar (com.google.android.gms:play-services-measurement-impl:22.0.2) with AarTransform
Transforming play-services-ads-identifier-18.0.0.aar (com.google.android.gms:play-services-ads-identifier:18.0.0) with JetifyTransform
Transforming play-services-ads-identifier-18.0.0.aar (com.google.android.gms:play-services-ads-identifier:18.0.0) with ExtractAarTransform
Transforming play-services-ads-identifier-18.0.0.aar (com.google.android.gms:play-services-ads-identifier:18.0.0) with AarTransform
Transforming play-services-ads-identifier-18.0.0.aar (com.google.android.gms:play-services-ads-identifier:18.0.0) with JetifyTransform
Transforming play-services-ads-identifier-18.0.0.aar (com.google.android.gms:play-services-ads-identifier:18.0.0) with ExtractAarTransform
Transforming play-services-ads-identifier-18.0.0.aar (com.google.android.gms:play-services-ads-identifier:18.0.0) with AarTransform
Transforming play-services-ads-identifier-18.0.0.aar (com.google.android.gms:play-services-ads-identifier:18.0.0) with JetifyTransform
Transforming play-services-ads-identifier-18.0.0.aar (com.google.android.gms:play-services-ads-identifier:18.0.0) with ExtractAarTransform
Transforming play-services-ads-identifier-18.0.0.aar (com.google.android.gms:play-services-ads-identifier:18.0.0) with AarTransform
Transforming play-services-measurement-sdk-api-22.0.2.aar (com.google.android.gms:play-services-measurement-sdk-api:22.0.2) with JetifyTransform
Transforming play-services-measurement-sdk-api-22.0.2.aar (com.google.android.gms:play-services-measurement-sdk-api:22.0.2) with ExtractAarTransform
Transforming play-services-measurement-sdk-api-22.0.2.aar (com.google.android.gms:play-services-measurement-sdk-api:22.0.2) with AarTransform
Transforming play-services-measurement-base-22.0.2.aar (com.google.android.gms:play-services-measurement-base:22.0.2) with JetifyTransform
Transforming play-services-measurement-base-22.0.2.aar (com.google.android.gms:play-services-measurement-base:22.0.2) with ExtractAarTransform
Transforming play-services-measurement-base-22.0.2.aar (com.google.android.gms:play-services-measurement-base:22.0.2) with AarTransform
Transforming play-services-measurement-base-22.0.2.aar (com.google.android.gms:play-services-measurement-base:22.0.2) with JetifyTransform
Transforming play-services-measurement-base-22.0.2.aar (com.google.android.gms:play-services-measurement-base:22.0.2) with ExtractAarTransform
Transforming play-services-measurement-base-22.0.2.aar (com.google.android.gms:play-services-measurement-base:22.0.2) with AarTransform
Transforming play-services-measurement-base-22.0.2.aar (com.google.android.gms:play-services-measurement-base:22.0.2) with JetifyTransform
Transforming play-services-measurement-base-22.0.2.aar (com.google.android.gms:play-services-measurement-base:22.0.2) with ExtractAarTransform
Transforming play-services-measurement-base-22.0.2.aar (com.google.android.gms:play-services-measurement-base:22.0.2) with AarTransform
Transforming play-services-measurement-base-22.0.2.aar (com.google.android.gms:play-services-measurement-base:22.0.2) with JetifyTransform
Transforming play-services-measurement-base-22.0.2.aar (com.google.android.gms:play-services-measurement-base:22.0.2) with ExtractAarTransform
Transforming play-services-measurement-base-22.0.2.aar (com.google.android.gms:play-services-measurement-base:22.0.2) with AarTransform
Transforming play-services-measurement-base-22.0.2.aar (com.google.android.gms:play-services-measurement-base:22.0.2) with JetifyTransform
Transforming play-services-measurement-base-22.0.2.aar (com.google.android.gms:play-services-measurement-base:22.0.2) with ExtractAarTransform
Transforming play-services-measurement-base-22.0.2.aar (com.google.android.gms:play-services-measurement-base:22.0.2) with AarTransform
Transforming play-services-stats-17.0.2.aar (com.google.android.gms:play-services-stats:17.0.2) with JetifyTransform
Transforming play-services-stats-17.0.2.aar (com.google.android.gms:play-services-stats:17.0.2) with ExtractAarTransform
Transforming play-services-stats-17.0.2.aar (com.google.android.gms:play-services-stats:17.0.2) with AarTransform
Transforming play-services-stats-17.0.2.aar (com.google.android.gms:play-services-stats:17.0.2) with JetifyTransform
Transforming play-services-stats-17.0.2.aar (com.google.android.gms:play-services-stats:17.0.2) with ExtractAarTransform
Transforming play-services-stats-17.0.2.aar (com.google.android.gms:play-services-stats:17.0.2) with AarTransform
Transforming material3-release.aar (androidx.compose.material3:material3-android:1.2.0) with JetifyTransform
Transforming material3-release.aar (androidx.compose.material3:material3-android:1.2.0) with ExtractAarTransform
Transforming material3-release.aar (androidx.compose.material3:material3-android:1.2.0) with AarTransform
Transforming material-ripple-release.aar (androidx.compose.material:material-ripple-android:1.6.2) with JetifyTransform
Transforming material-ripple-release.aar (androidx.compose.material:material-ripple-android:1.6.2) with ExtractAarTransform
Transforming material-ripple-release.aar (androidx.compose.material:material-ripple-android:1.6.2) with AarTransform
Transforming material-icons-core-release.aar (androidx.compose.material:material-icons-core-android:1.6.2) with JetifyTransform
Transforming material-icons-core-release.aar (androidx.compose.material:material-icons-core-android:1.6.2) with ExtractAarTransform
Transforming material-icons-core-release.aar (androidx.compose.material:material-icons-core-android:1.6.2) with AarTransform
Transforming material-release.aar (androidx.compose.material:material-android:1.6.2) with JetifyTransform
Transforming material-release.aar (androidx.compose.material:material-android:1.6.2) with ExtractAarTransform
Transforming material-release.aar (androidx.compose.material:material-android:1.6.2) with AarTransform
Transforming animation-core-release.aar (androidx.compose.animation:animation-core-android:1.6.2) with JetifyTransform
Transforming animation-core-release.aar (androidx.compose.animation:animation-core-android:1.6.2) with ExtractAarTransform
Transforming animation-core-release.aar (androidx.compose.animation:animation-core-android:1.6.2) with AarTransform
Transforming animation-release.aar (androidx.compose.animation:animation-android:1.6.2) with JetifyTransform
Transforming animation-release.aar (androidx.compose.animation:animation-android:1.6.2) with ExtractAarTransform
Transforming animation-release.aar (androidx.compose.animation:animation-android:1.6.2) with AarTransform
Transforming foundation-layout-release.aar (androidx.compose.foundation:foundation-layout-android:1.6.2) with JetifyTransform
Transforming foundation-layout-release.aar (androidx.compose.foundation:foundation-layout-android:1.6.2) with ExtractAarTransform
Transforming foundation-layout-release.aar (androidx.compose.foundation:foundation-layout-android:1.6.2) with AarTransform
Transforming foundation-release.aar (androidx.compose.foundation:foundation-android:1.6.2) with JetifyTransform
Transforming foundation-release.aar (androidx.compose.foundation:foundation-android:1.6.2) with ExtractAarTransform
Transforming foundation-release.aar (androidx.compose.foundation:foundation-android:1.6.2) with AarTransform
Transforming ui-tooling-data-release.aar (androidx.compose.ui:ui-tooling-data-android:1.6.2) with JetifyTransform
Transforming ui-tooling-data-release.aar (androidx.compose.ui:ui-tooling-data-android:1.6.2) with ExtractAarTransform
Transforming ui-tooling-data-release.aar (androidx.compose.ui:ui-tooling-data-android:1.6.2) with AarTransform
Transforming ui-unit-release.aar (androidx.compose.ui:ui-unit-android:1.6.2) with JetifyTransform
Transforming ui-unit-release.aar (androidx.compose.ui:ui-unit-android:1.6.2) with ExtractAarTransform
Transforming ui-unit-release.aar (androidx.compose.ui:ui-unit-android:1.6.2) with AarTransform
Transforming ui-geometry-release.aar (androidx.compose.ui:ui-geometry-android:1.6.2) with JetifyTransform
Transforming ui-geometry-release.aar (androidx.compose.ui:ui-geometry-android:1.6.2) with ExtractAarTransform
Transforming ui-geometry-release.aar (androidx.compose.ui:ui-geometry-android:1.6.2) with AarTransform
Transforming ui-util-release.aar (androidx.compose.ui:ui-util-android:1.6.2) with JetifyTransform
Transforming ui-util-release.aar (androidx.compose.ui:ui-util-android:1.6.2) with ExtractAarTransform
Transforming ui-util-release.aar (androidx.compose.ui:ui-util-android:1.6.2) with AarTransform
Transforming ui-text-release.aar (androidx.compose.ui:ui-text-android:1.6.2) with JetifyTransform
Transforming ui-text-release.aar (androidx.compose.ui:ui-text-android:1.6.2) with ExtractAarTransform
Transforming ui-text-release.aar (androidx.compose.ui:ui-text-android:1.6.2) with AarTransform
Transforming ui-tooling-preview-release.aar (androidx.compose.ui:ui-tooling-preview-android:1.6.2) with JetifyTransform
Transforming ui-tooling-preview-release.aar (androidx.compose.ui:ui-tooling-preview-android:1.6.2) with ExtractAarTransform
Transforming ui-tooling-preview-release.aar (androidx.compose.ui:ui-tooling-preview-android:1.6.2) with AarTransform
Transforming ui-graphics-release.aar (androidx.compose.ui:ui-graphics-android:1.6.2) with JetifyTransform
Transforming ui-graphics-release.aar (androidx.compose.ui:ui-graphics-android:1.6.2) with ExtractAarTransform
Transforming ui-graphics-release.aar (androidx.compose.ui:ui-graphics-android:1.6.2) with AarTransform
Transforming ui-tooling-release.aar (androidx.compose.ui:ui-tooling-android:1.6.2) with JetifyTransform
Transforming ui-tooling-release.aar (androidx.compose.ui:ui-tooling-android:1.6.2) with ExtractAarTransform
Transforming ui-tooling-release.aar (androidx.compose.ui:ui-tooling-android:1.6.2) with AarTransform
Transforming activity-compose-1.9.3.aar (androidx.activity:activity-compose:1.9.3) with JetifyTransform
Transforming activity-compose-1.9.3.aar (androidx.activity:activity-compose:1.9.3) with ExtractAarTransform
Transforming activity-compose-1.9.3.aar (androidx.activity:activity-compose:1.9.3) with AarTransform
Transforming emoji2-views-helper-1.3.0.aar (androidx.emoji2:emoji2-views-helper:1.3.0) with JetifyTransform
Transforming emoji2-views-helper-1.3.0.aar (androidx.emoji2:emoji2-views-helper:1.3.0) with ExtractAarTransform
Transforming emoji2-views-helper-1.3.0.aar (androidx.emoji2:emoji2-views-helper:1.3.0) with AarTransform
Transforming emoji2-1.3.0.aar (androidx.emoji2:emoji2:1.3.0) with JetifyTransform
Transforming emoji2-1.3.0.aar (androidx.emoji2:emoji2:1.3.0) with ExtractAarTransform
Transforming emoji2-1.3.0.aar (androidx.emoji2:emoji2:1.3.0) with AarTransform
Transforming slidingpanelayout-1.2.0.aar (androidx.slidingpanelayout:slidingpanelayout:1.2.0) with JetifyTransform
Transforming slidingpanelayout-1.2.0.aar (androidx.slidingpanelayout:slidingpanelayout:1.2.0) with ExtractAarTransform
Transforming slidingpanelayout-1.2.0.aar (androidx.slidingpanelayout:slidingpanelayout:1.2.0) with AarTransform
Transforming transition-1.5.0.aar (androidx.transition:transition:1.5.0) with JetifyTransform
Transforming transition-1.5.0.aar (androidx.transition:transition:1.5.0) with ExtractAarTransform
Transforming transition-1.5.0.aar (androidx.transition:transition:1.5.0) with AarTransform
Transforming dynamicanimation-1.0.0.aar (androidx.dynamicanimation:dynamicanimation:1.0.0) with JetifyTransform
Transforming dynamicanimation-1.0.0.aar (androidx.dynamicanimation:dynamicanimation:1.0.0) with ExtractAarTransform
Transforming dynamicanimation-1.0.0.aar (androidx.dynamicanimation:dynamicanimation:1.0.0) with AarTransform
Transforming legacy-support-core-utils-1.0.0.aar (androidx.legacy:legacy-support-core-utils:1.0.0) with JetifyTransform
Transforming legacy-support-core-utils-1.0.0.aar (androidx.legacy:legacy-support-core-utils:1.0.0) with ExtractAarTransform
Transforming legacy-support-core-utils-1.0.0.aar (androidx.legacy:legacy-support-core-utils:1.0.0) with AarTransform
Transforming legacy-support-core-utils-1.0.0.aar (androidx.legacy:legacy-support-core-utils:1.0.0) with JetifyTransform
Transforming legacy-support-core-utils-1.0.0.aar (androidx.legacy:legacy-support-core-utils:1.0.0) with ExtractAarTransform
Transforming legacy-support-core-utils-1.0.0.aar (androidx.legacy:legacy-support-core-utils:1.0.0) with AarTransform
Transforming legacy-support-core-utils-1.0.0.aar (androidx.legacy:legacy-support-core-utils:1.0.0) with JetifyTransform
Transforming legacy-support-core-utils-1.0.0.aar (androidx.legacy:legacy-support-core-utils:1.0.0) with ExtractAarTransform
Transforming legacy-support-core-utils-1.0.0.aar (androidx.legacy:legacy-support-core-utils:1.0.0) with AarTransform
Transforming loader-1.0.0.aar (androidx.loader:loader:1.0.0) with JetifyTransform
Transforming loader-1.0.0.aar (androidx.loader:loader:1.0.0) with ExtractAarTransform
Transforming loader-1.0.0.aar (androidx.loader:loader:1.0.0) with AarTransform
Transforming loader-1.0.0.aar (androidx.loader:loader:1.0.0) with JetifyTransform
Transforming loader-1.0.0.aar (androidx.loader:loader:1.0.0) with ExtractAarTransform
Transforming loader-1.0.0.aar (androidx.loader:loader:1.0.0) with AarTransform
Transforming drawerlayout-1.1.1.aar (androidx.drawerlayout:drawerlayout:1.1.1) with JetifyTransform
Transforming drawerlayout-1.1.1.aar (androidx.drawerlayout:drawerlayout:1.1.1) with ExtractAarTransform
Transforming drawerlayout-1.1.1.aar (androidx.drawerlayout:drawerlayout:1.1.1) with AarTransform
Transforming coordinatorlayout-1.1.0.aar (androidx.coordinatorlayout:coordinatorlayout:1.1.0) with JetifyTransform
Transforming coordinatorlayout-1.1.0.aar (androidx.coordinatorlayout:coordinatorlayout:1.1.0) with ExtractAarTransform
Transforming coordinatorlayout-1.1.0.aar (androidx.coordinatorlayout:coordinatorlayout:1.1.0) with AarTransform
Transforming vectordrawable-animated-1.1.0.aar (androidx.vectordrawable:vectordrawable-animated:1.1.0) with JetifyTransform
Transforming vectordrawable-animated-1.1.0.aar (androidx.vectordrawable:vectordrawable-animated:1.1.0) with ExtractAarTransform
Transforming vectordrawable-animated-1.1.0.aar (androidx.vectordrawable:vectordrawable-animated:1.1.0) with AarTransform
Transforming vectordrawable-1.1.0.aar (androidx.vectordrawable:vectordrawable:1.1.0) with JetifyTransform
Transforming vectordrawable-1.1.0.aar (androidx.vectordrawable:vectordrawable:1.1.0) with ExtractAarTransform
Transforming vectordrawable-1.1.0.aar (androidx.vectordrawable:vectordrawable:1.1.0) with AarTransform
Transforming vectordrawable-1.1.0.aar (androidx.vectordrawable:vectordrawable:1.1.0) with JetifyTransform
Transforming vectordrawable-1.1.0.aar (androidx.vectordrawable:vectordrawable:1.1.0) with ExtractAarTransform
Transforming vectordrawable-1.1.0.aar (androidx.vectordrawable:vectordrawable:1.1.0) with AarTransform
Transforming media-1.7.0.aar (androidx.media:media:1.7.0) with JetifyTransform
Transforming media-1.7.0.aar (androidx.media:media:1.7.0) with ExtractAarTransform
Transforming media-1.7.0.aar (androidx.media:media:1.7.0) with AarTransform
Transforming viewpager-1.0.0.aar (androidx.viewpager:viewpager:1.0.0) with JetifyTransform
Transforming viewpager-1.0.0.aar (androidx.viewpager:viewpager:1.0.0) with ExtractAarTransform
Transforming viewpager-1.0.0.aar (androidx.viewpager:viewpager:1.0.0) with AarTransform
Transforming customview-1.1.0.aar (androidx.customview:customview:1.1.0) with JetifyTransform
Transforming customview-1.1.0.aar (androidx.customview:customview:1.1.0) with ExtractAarTransform
Transforming customview-1.1.0.aar (androidx.customview:customview:1.1.0) with AarTransform
Transforming customview-1.1.0.aar (androidx.customview:customview:1.1.0) with JetifyTransform
Transforming customview-1.1.0.aar (androidx.customview:customview:1.1.0) with ExtractAarTransform
Transforming customview-1.1.0.aar (androidx.customview:customview:1.1.0) with AarTransform
Transforming customview-1.1.0.aar (androidx.customview:customview:1.1.0) with JetifyTransform
Transforming customview-1.1.0.aar (androidx.customview:customview:1.1.0) with ExtractAarTransform
Transforming customview-1.1.0.aar (androidx.customview:customview:1.1.0) with AarTransform
Transforming customview-1.1.0.aar (androidx.customview:customview:1.1.0) with JetifyTransform
Transforming customview-1.1.0.aar (androidx.customview:customview:1.1.0) with ExtractAarTransform
Transforming customview-1.1.0.aar (androidx.customview:customview:1.1.0) with AarTransform
Transforming autofill-1.0.0.aar (androidx.autofill:autofill:1.0.0) with JetifyTransform
Transforming autofill-1.0.0.aar (androidx.autofill:autofill:1.0.0) with ExtractAarTransform
Transforming autofill-1.0.0.aar (androidx.autofill:autofill:1.0.0) with AarTransform
Transforming window-1.0.0.aar (androidx.window:window:1.0.0) with JetifyTransform
Transforming window-1.0.0.aar (androidx.window:window:1.0.0) with ExtractAarTransform
Transforming window-1.0.0.aar (androidx.window:window:1.0.0) with AarTransform
Transforming core-1.13.1.aar (androidx.core:core:1.13.1) with JetifyTransform
Transforming core-1.13.1.aar (androidx.core:core:1.13.1) with ExtractAarTransform
Transforming core-1.13.1.aar (androidx.core:core:1.13.1) with AarTransform
Transforming core-1.13.1.aar (androidx.core:core:1.13.1) with JetifyTransform
Transforming core-1.13.1.aar (androidx.core:core:1.13.1) with ExtractAarTransform
Transforming core-1.13.1.aar (androidx.core:core:1.13.1) with AarTransform
Transforming core-1.13.1.aar (androidx.core:core:1.13.1) with JetifyTransform
Transforming core-1.13.1.aar (androidx.core:core:1.13.1) with ExtractAarTransform
Transforming core-1.13.1.aar (androidx.core:core:1.13.1) with AarTransform
Transforming core-1.13.1.aar (androidx.core:core:1.13.1) with JetifyTransform
Transforming core-1.13.1.aar (androidx.core:core:1.13.1) with ExtractAarTransform
Transforming core-1.13.1.aar (androidx.core:core:1.13.1) with AarTransform
Transforming core-1.13.1.aar (androidx.core:core:1.13.1) with JetifyTransform
Transforming core-1.13.1.aar (androidx.core:core:1.13.1) with ExtractAarTransform
Transforming core-1.13.1.aar (androidx.core:core:1.13.1) with AarTransform
Transforming core-1.13.1.aar (androidx.core:core:1.13.1) with JetifyTransform
Transforming core-1.13.1.aar (androidx.core:core:1.13.1) with ExtractAarTransform
Transforming core-1.13.1.aar (androidx.core:core:1.13.1) with AarTransform
Transforming core-1.13.1.aar (androidx.core:core:1.13.1) with JetifyTransform
Transforming core-1.13.1.aar (androidx.core:core:1.13.1) with ExtractAarTransform
Transforming core-1.13.1.aar (androidx.core:core:1.13.1) with AarTransform
Transforming core-1.13.1.aar (androidx.core:core:1.13.1) with JetifyTransform
Transforming core-1.13.1.aar (androidx.core:core:1.13.1) with ExtractAarTransform
Transforming core-1.13.1.aar (androidx.core:core:1.13.1) with AarTransform
Transforming core-1.13.1.aar (androidx.core:core:1.13.1) with JetifyTransform
Transforming core-1.13.1.aar (androidx.core:core:1.13.1) with ExtractAarTransform
Transforming core-1.13.1.aar (androidx.core:core:1.13.1) with AarTransform
Transforming core-1.13.1.aar (androidx.core:core:1.13.1) with JetifyTransform
Transforming core-1.13.1.aar (androidx.core:core:1.13.1) with ExtractAarTransform
Transforming core-1.13.1.aar (androidx.core:core:1.13.1) with AarTransform
Transforming core-1.13.1.aar (androidx.core:core:1.13.1) with JetifyTransform
Transforming core-1.13.1.aar (androidx.core:core:1.13.1) with ExtractAarTransform
Transforming core-1.13.1.aar (androidx.core:core:1.13.1) with AarTransform
Transforming core-1.13.1.aar (androidx.core:core:1.13.1) with JetifyTransform
Transforming core-1.13.1.aar (androidx.core:core:1.13.1) with ExtractAarTransform
Transforming core-1.13.1.aar (androidx.core:core:1.13.1) with AarTransform
Transforming core-1.13.1.aar (androidx.core:core:1.13.1) with JetifyTransform
Transforming core-1.13.1.aar (androidx.core:core:1.13.1) with ExtractAarTransform
Transforming core-1.13.1.aar (androidx.core:core:1.13.1) with AarTransform
Transforming savedstate-ktx-1.2.1.aar (androidx.savedstate:savedstate-ktx:1.2.1) with JetifyTransform
Transforming savedstate-ktx-1.2.1.aar (androidx.savedstate:savedstate-ktx:1.2.1) with ExtractAarTransform
Transforming savedstate-ktx-1.2.1.aar (androidx.savedstate:savedstate-ktx:1.2.1) with AarTransform
Transforming savedstate-1.2.1.aar (androidx.savedstate:savedstate:1.2.1) with JetifyTransform
Transforming savedstate-1.2.1.aar (androidx.savedstate:savedstate:1.2.1) with ExtractAarTransform
Transforming savedstate-1.2.1.aar (androidx.savedstate:savedstate:1.2.1) with AarTransform
Transforming lifecycle-service-2.8.7.aar (androidx.lifecycle:lifecycle-service:2.8.7) with JetifyTransform
Transforming lifecycle-service-2.8.7.aar (androidx.lifecycle:lifecycle-service:2.8.7) with ExtractAarTransform
Transforming lifecycle-service-2.8.7.aar (androidx.lifecycle:lifecycle-service:2.8.7) with AarTransform
Transforming lifecycle-runtime-release.aar (androidx.lifecycle:lifecycle-runtime-android:2.8.7) with JetifyTransform
Transforming lifecycle-runtime-release.aar (androidx.lifecycle:lifecycle-runtime-android:2.8.7) with ExtractAarTransform
Transforming lifecycle-runtime-release.aar (androidx.lifecycle:lifecycle-runtime-android:2.8.7) with AarTransform
Transforming lifecycle-viewmodel-2.8.7.aar (androidx.lifecycle:lifecycle-viewmodel:2.8.7) with JetifyTransform
Transforming lifecycle-viewmodel-2.8.7.aar (androidx.lifecycle:lifecycle-viewmodel:2.8.7) with ExtractAarTransform
Transforming lifecycle-viewmodel-2.8.7.aar (androidx.lifecycle:lifecycle-viewmodel:2.8.7) with AarTransform
Transforming lifecycle-viewmodel-release.aar (androidx.lifecycle:lifecycle-viewmodel-android:2.8.7) with JetifyTransform
Transforming lifecycle-viewmodel-release.aar (androidx.lifecycle:lifecycle-viewmodel-android:2.8.7) with ExtractAarTransform
Transforming lifecycle-viewmodel-release.aar (androidx.lifecycle:lifecycle-viewmodel-android:2.8.7) with AarTransform
Transforming lifecycle-livedata-core-2.8.7.aar (androidx.lifecycle:lifecycle-livedata-core:2.8.7) with JetifyTransform
Transforming lifecycle-livedata-core-2.8.7.aar (androidx.lifecycle:lifecycle-livedata-core:2.8.7) with ExtractAarTransform
Transforming lifecycle-livedata-core-2.8.7.aar (androidx.lifecycle:lifecycle-livedata-core:2.8.7) with AarTransform
Transforming lifecycle-process-2.8.7.aar (androidx.lifecycle:lifecycle-process:2.8.7) with JetifyTransform
Transforming lifecycle-process-2.8.7.aar (androidx.lifecycle:lifecycle-process:2.8.7) with ExtractAarTransform
Transforming lifecycle-process-2.8.7.aar (androidx.lifecycle:lifecycle-process:2.8.7) with AarTransform
Transforming lifecycle-runtime-compose-release.aar (androidx.lifecycle:lifecycle-runtime-compose-android:2.8.7) with JetifyTransform
Transforming lifecycle-runtime-compose-release.aar (androidx.lifecycle:lifecycle-runtime-compose-android:2.8.7) with ExtractAarTransform
Transforming lifecycle-runtime-compose-release.aar (androidx.lifecycle:lifecycle-runtime-compose-android:2.8.7) with AarTransform
Transforming lifecycle-viewmodel-compose-release.aar (androidx.lifecycle:lifecycle-viewmodel-compose-android:2.8.7) with JetifyTransform
Transforming lifecycle-viewmodel-compose-release.aar (androidx.lifecycle:lifecycle-viewmodel-compose-android:2.8.7) with ExtractAarTransform
Transforming lifecycle-viewmodel-compose-release.aar (androidx.lifecycle:lifecycle-viewmodel-compose-android:2.8.7) with AarTransform
Transforming accompanist-drawablepainter-0.32.0.aar (com.google.accompanist:accompanist-drawablepainter:0.32.0) with JetifyTransform
Transforming accompanist-drawablepainter-0.32.0.aar (com.google.accompanist:accompanist-drawablepainter:0.32.0) with ExtractAarTransform
Transforming accompanist-drawablepainter-0.32.0.aar (com.google.accompanist:accompanist-drawablepainter:0.32.0) with AarTransform
Transforming ui-release.aar (androidx.compose.ui:ui-android:1.6.2) with JetifyTransform
Transforming ui-release.aar (androidx.compose.ui:ui-android:1.6.2) with ExtractAarTransform
Transforming ui-release.aar (androidx.compose.ui:ui-android:1.6.2) with AarTransform
Transforming ui-test-manifest-1.6.2.aar (androidx.compose.ui:ui-test-manifest:1.6.2) with JetifyTransform
Transforming ui-test-manifest-1.6.2.aar (androidx.compose.ui:ui-test-manifest:1.6.2) with ExtractAarTransform
Transforming ui-test-manifest-1.6.2.aar (androidx.compose.ui:ui-test-manifest:1.6.2) with AarTransform
Transforming activity-1.9.3.aar (androidx.activity:activity:1.9.3) with JetifyTransform
Transforming activity-1.9.3.aar (androidx.activity:activity:1.9.3) with ExtractAarTransform
Transforming activity-1.9.3.aar (androidx.activity:activity:1.9.3) with AarTransform
Transforming lifecycle-viewmodel-savedstate-2.8.7.aar (androidx.lifecycle:lifecycle-viewmodel-savedstate:2.8.7) with JetifyTransform
Transforming lifecycle-viewmodel-savedstate-2.8.7.aar (androidx.lifecycle:lifecycle-viewmodel-savedstate:2.8.7) with ExtractAarTransform
Transforming lifecycle-viewmodel-savedstate-2.8.7.aar (androidx.lifecycle:lifecycle-viewmodel-savedstate:2.8.7) with AarTransform
Transforming lifecycle-runtime-ktx-release.aar (androidx.lifecycle:lifecycle-runtime-ktx-android:2.8.7) with JetifyTransform
Transforming lifecycle-runtime-ktx-release.aar (androidx.lifecycle:lifecycle-runtime-ktx-android:2.8.7) with ExtractAarTransform
Transforming lifecycle-runtime-ktx-release.aar (androidx.lifecycle:lifecycle-runtime-ktx-android:2.8.7) with AarTransform
Transforming lifecycle-livedata-2.8.7.aar (androidx.lifecycle:lifecycle-livedata:2.8.7) with JetifyTransform
Transforming lifecycle-livedata-2.8.7.aar (androidx.lifecycle:lifecycle-livedata:2.8.7) with ExtractAarTransform
Transforming lifecycle-livedata-2.8.7.aar (androidx.lifecycle:lifecycle-livedata:2.8.7) with AarTransform
Transforming lifecycle-livedata-2.8.7.aar (androidx.lifecycle:lifecycle-livedata:2.8.7) with JetifyTransform
Transforming lifecycle-livedata-2.8.7.aar (androidx.lifecycle:lifecycle-livedata:2.8.7) with ExtractAarTransform
Transforming lifecycle-livedata-2.8.7.aar (androidx.lifecycle:lifecycle-livedata:2.8.7) with AarTransform
Transforming lifecycle-livedata-core-ktx-2.8.7.aar (androidx.lifecycle:lifecycle-livedata-core-ktx:2.8.7) with JetifyTransform
Transforming lifecycle-livedata-core-ktx-2.8.7.aar (androidx.lifecycle:lifecycle-livedata-core-ktx:2.8.7) with ExtractAarTransform
Transforming lifecycle-livedata-core-ktx-2.8.7.aar (androidx.lifecycle:lifecycle-livedata-core-ktx:2.8.7) with AarTransform
Transforming lifecycle-livedata-ktx-2.8.7.aar (androidx.lifecycle:lifecycle-livedata-ktx:2.8.7) with JetifyTransform
Transforming lifecycle-livedata-ktx-2.8.7.aar (androidx.lifecycle:lifecycle-livedata-ktx:2.8.7) with ExtractAarTransform
Transforming lifecycle-livedata-ktx-2.8.7.aar (androidx.lifecycle:lifecycle-livedata-ktx:2.8.7) with AarTransform
Transforming lifecycle-viewmodel-ktx-2.8.7.aar (androidx.lifecycle:lifecycle-viewmodel-ktx:2.8.7) with JetifyTransform
Transforming lifecycle-viewmodel-ktx-2.8.7.aar (androidx.lifecycle:lifecycle-viewmodel-ktx:2.8.7) with ExtractAarTransform
Transforming lifecycle-viewmodel-ktx-2.8.7.aar (androidx.lifecycle:lifecycle-viewmodel-ktx:2.8.7) with AarTransform
Transforming runtime-saveable-release.aar (androidx.compose.runtime:runtime-saveable-android:1.7.1) with JetifyTransform
Transforming runtime-saveable-release.aar (androidx.compose.runtime:runtime-saveable-android:1.7.1) with ExtractAarTransform
Transforming runtime-saveable-release.aar (androidx.compose.runtime:runtime-saveable-android:1.7.1) with AarTransform
Transforming runtime-release.aar (androidx.compose.runtime:runtime-android:1.7.1) with JetifyTransform
Transforming runtime-release.aar (androidx.compose.runtime:runtime-android:1.7.1) with ExtractAarTransform
Transforming runtime-release.aar (androidx.compose.runtime:runtime-android:1.7.1) with AarTransform
Transforming ads-adservices-java-1.0.0-beta05.aar (androidx.privacysandbox.ads:ads-adservices-java:1.0.0-beta05) with JetifyTransform
Transforming ads-adservices-java-1.0.0-beta05.aar (androidx.privacysandbox.ads:ads-adservices-java:1.0.0-beta05) with ExtractAarTransform
Transforming ads-adservices-java-1.0.0-beta05.aar (androidx.privacysandbox.ads:ads-adservices-java:1.0.0-beta05) with AarTransform
Transforming ads-adservices-1.0.0-beta05.aar (androidx.privacysandbox.ads:ads-adservices:1.0.0-beta05) with JetifyTransform
Transforming ads-adservices-1.0.0-beta05.aar (androidx.privacysandbox.ads:ads-adservices:1.0.0-beta05) with ExtractAarTransform
Transforming ads-adservices-1.0.0-beta05.aar (androidx.privacysandbox.ads:ads-adservices:1.0.0-beta05) with AarTransform
Transforming ads-adservices-1.0.0-beta05.aar (androidx.privacysandbox.ads:ads-adservices:1.0.0-beta05) with JetifyTransform
Transforming ads-adservices-1.0.0-beta05.aar (androidx.privacysandbox.ads:ads-adservices:1.0.0-beta05) with ExtractAarTransform
Transforming ads-adservices-1.0.0-beta05.aar (androidx.privacysandbox.ads:ads-adservices:1.0.0-beta05) with AarTransform
Transforming firebase-installations-interop-17.1.1.aar (com.google.firebase:firebase-installations-interop:17.1.1) with JetifyTransform
Transforming firebase-installations-interop-17.1.1.aar (com.google.firebase:firebase-installations-interop:17.1.1) with ExtractAarTransform
Transforming firebase-installations-interop-17.1.1.aar (com.google.firebase:firebase-installations-interop:17.1.1) with AarTransform
Transforming firebase-installations-interop-17.1.1.aar (com.google.firebase:firebase-installations-interop:17.1.1) with JetifyTransform
Transforming firebase-installations-interop-17.1.1.aar (com.google.firebase:firebase-installations-interop:17.1.1) with ExtractAarTransform
Transforming firebase-installations-interop-17.1.1.aar (com.google.firebase:firebase-installations-interop:17.1.1) with AarTransform
Transforming play-services-tasks-18.2.0.aar (com.google.android.gms:play-services-tasks:18.2.0) with JetifyTransform
Transforming play-services-tasks-18.2.0.aar (com.google.android.gms:play-services-tasks:18.2.0) with ExtractAarTransform
Transforming play-services-tasks-18.2.0.aar (com.google.android.gms:play-services-tasks:18.2.0) with AarTransform
Transforming play-services-tasks-18.2.0.aar (com.google.android.gms:play-services-tasks:18.2.0) with JetifyTransform
Transforming play-services-tasks-18.2.0.aar (com.google.android.gms:play-services-tasks:18.2.0) with ExtractAarTransform
Transforming play-services-tasks-18.2.0.aar (com.google.android.gms:play-services-tasks:18.2.0) with AarTransform
Transforming play-services-tasks-18.2.0.aar (com.google.android.gms:play-services-tasks:18.2.0) with JetifyTransform
Transforming play-services-tasks-18.2.0.aar (com.google.android.gms:play-services-tasks:18.2.0) with ExtractAarTransform
Transforming play-services-tasks-18.2.0.aar (com.google.android.gms:play-services-tasks:18.2.0) with AarTransform
Transforming play-services-tasks-18.2.0.aar (com.google.android.gms:play-services-tasks:18.2.0) with JetifyTransform
Transforming play-services-tasks-18.2.0.aar (com.google.android.gms:play-services-tasks:18.2.0) with ExtractAarTransform
Transforming play-services-tasks-18.2.0.aar (com.google.android.gms:play-services-tasks:18.2.0) with AarTransform
Transforming play-services-tasks-18.2.0.aar (com.google.android.gms:play-services-tasks:18.2.0) with JetifyTransform
Transforming play-services-tasks-18.2.0.aar (com.google.android.gms:play-services-tasks:18.2.0) with ExtractAarTransform
Transforming play-services-tasks-18.2.0.aar (com.google.android.gms:play-services-tasks:18.2.0) with AarTransform
Transforming play-services-tasks-18.2.0.aar (com.google.android.gms:play-services-tasks:18.2.0) with JetifyTransform
Transforming play-services-tasks-18.2.0.aar (com.google.android.gms:play-services-tasks:18.2.0) with ExtractAarTransform
Transforming play-services-tasks-18.2.0.aar (com.google.android.gms:play-services-tasks:18.2.0) with AarTransform
Transforming play-services-tasks-18.2.0.aar (com.google.android.gms:play-services-tasks:18.2.0) with JetifyTransform
Transforming play-services-tasks-18.2.0.aar (com.google.android.gms:play-services-tasks:18.2.0) with ExtractAarTransform
Transforming play-services-tasks-18.2.0.aar (com.google.android.gms:play-services-tasks:18.2.0) with AarTransform
Transforming play-services-tasks-18.2.0.aar (com.google.android.gms:play-services-tasks:18.2.0) with JetifyTransform
Transforming play-services-tasks-18.2.0.aar (com.google.android.gms:play-services-tasks:18.2.0) with ExtractAarTransform
Transforming play-services-tasks-18.2.0.aar (com.google.android.gms:play-services-tasks:18.2.0) with AarTransform
Transforming play-services-tasks-18.2.0.aar (com.google.android.gms:play-services-tasks:18.2.0) with JetifyTransform
Transforming play-services-tasks-18.2.0.aar (com.google.android.gms:play-services-tasks:18.2.0) with ExtractAarTransform
Transforming play-services-tasks-18.2.0.aar (com.google.android.gms:play-services-tasks:18.2.0) with AarTransform
Transforming firebase-measurement-connector-19.0.0.aar (com.google.firebase:firebase-measurement-connector:19.0.0) with JetifyTransform
Transforming firebase-measurement-connector-19.0.0.aar (com.google.firebase:firebase-measurement-connector:19.0.0) with ExtractAarTransform
Transforming firebase-measurement-connector-19.0.0.aar (com.google.firebase:firebase-measurement-connector:19.0.0) with AarTransform
Transforming play-services-basement-18.4.0.aar (com.google.android.gms:play-services-basement:18.4.0) with JetifyTransform
Transforming play-services-basement-18.4.0.aar (com.google.android.gms:play-services-basement:18.4.0) with ExtractAarTransform
Transforming play-services-basement-18.4.0.aar (com.google.android.gms:play-services-basement:18.4.0) with AarTransform
Transforming play-services-basement-18.4.0.aar (com.google.android.gms:play-services-basement:18.4.0) with JetifyTransform
Transforming play-services-basement-18.4.0.aar (com.google.android.gms:play-services-basement:18.4.0) with ExtractAarTransform
Transforming play-services-basement-18.4.0.aar (com.google.android.gms:play-services-basement:18.4.0) with AarTransform
Transforming play-services-basement-18.4.0.aar (com.google.android.gms:play-services-basement:18.4.0) with JetifyTransform
Transforming play-services-basement-18.4.0.aar (com.google.android.gms:play-services-basement:18.4.0) with ExtractAarTransform
Transforming play-services-basement-18.4.0.aar (com.google.android.gms:play-services-basement:18.4.0) with AarTransform
Transforming play-services-basement-18.4.0.aar (com.google.android.gms:play-services-basement:18.4.0) with JetifyTransform
Transforming play-services-basement-18.4.0.aar (com.google.android.gms:play-services-basement:18.4.0) with ExtractAarTransform
Transforming play-services-basement-18.4.0.aar (com.google.android.gms:play-services-basement:18.4.0) with AarTransform
Transforming play-services-basement-18.4.0.aar (com.google.android.gms:play-services-basement:18.4.0) with JetifyTransform
Transforming play-services-basement-18.4.0.aar (com.google.android.gms:play-services-basement:18.4.0) with ExtractAarTransform
Transforming play-services-basement-18.4.0.aar (com.google.android.gms:play-services-basement:18.4.0) with AarTransform
Transforming play-services-basement-18.4.0.aar (com.google.android.gms:play-services-basement:18.4.0) with JetifyTransform
Transforming play-services-basement-18.4.0.aar (com.google.android.gms:play-services-basement:18.4.0) with ExtractAarTransform
Transforming play-services-basement-18.4.0.aar (com.google.android.gms:play-services-basement:18.4.0) with AarTransform
Transforming play-services-basement-18.4.0.aar (com.google.android.gms:play-services-basement:18.4.0) with JetifyTransform
Transforming play-services-basement-18.4.0.aar (com.google.android.gms:play-services-basement:18.4.0) with ExtractAarTransform
Transforming play-services-basement-18.4.0.aar (com.google.android.gms:play-services-basement:18.4.0) with AarTransform
Transforming play-services-basement-18.4.0.aar (com.google.android.gms:play-services-basement:18.4.0) with JetifyTransform
Transforming play-services-basement-18.4.0.aar (com.google.android.gms:play-services-basement:18.4.0) with ExtractAarTransform
Transforming play-services-basement-18.4.0.aar (com.google.android.gms:play-services-basement:18.4.0) with AarTransform
Transforming play-services-basement-18.4.0.aar (com.google.android.gms:play-services-basement:18.4.0) with JetifyTransform
Transforming play-services-basement-18.4.0.aar (com.google.android.gms:play-services-basement:18.4.0) with ExtractAarTransform
Transforming play-services-basement-18.4.0.aar (com.google.android.gms:play-services-basement:18.4.0) with AarTransform
Transforming play-services-basement-18.4.0.aar (com.google.android.gms:play-services-basement:18.4.0) with JetifyTransform
Transforming play-services-basement-18.4.0.aar (com.google.android.gms:play-services-basement:18.4.0) with ExtractAarTransform
Transforming play-services-basement-18.4.0.aar (com.google.android.gms:play-services-basement:18.4.0) with AarTransform
Transforming play-services-basement-18.4.0.aar (com.google.android.gms:play-services-basement:18.4.0) with JetifyTransform
Transforming play-services-basement-18.4.0.aar (com.google.android.gms:play-services-basement:18.4.0) with ExtractAarTransform
Transforming play-services-basement-18.4.0.aar (com.google.android.gms:play-services-basement:18.4.0) with AarTransform
Transforming play-services-basement-18.4.0.aar (com.google.android.gms:play-services-basement:18.4.0) with JetifyTransform
Transforming play-services-basement-18.4.0.aar (com.google.android.gms:play-services-basement:18.4.0) with ExtractAarTransform
Transforming play-services-basement-18.4.0.aar (com.google.android.gms:play-services-basement:18.4.0) with AarTransform
Transforming play-services-basement-18.4.0.aar (com.google.android.gms:play-services-basement:18.4.0) with JetifyTransform
Transforming play-services-basement-18.4.0.aar (com.google.android.gms:play-services-basement:18.4.0) with ExtractAarTransform
Transforming play-services-basement-18.4.0.aar (com.google.android.gms:play-services-basement:18.4.0) with AarTransform
Transforming play-services-basement-18.4.0.aar (com.google.android.gms:play-services-basement:18.4.0) with JetifyTransform
Transforming play-services-basement-18.4.0.aar (com.google.android.gms:play-services-basement:18.4.0) with ExtractAarTransform
Transforming play-services-basement-18.4.0.aar (com.google.android.gms:play-services-basement:18.4.0) with AarTransform
Transforming fragment-1.8.5.aar (androidx.fragment:fragment:1.8.5) with JetifyTransform
Transforming fragment-1.8.5.aar (androidx.fragment:fragment:1.8.5) with ExtractAarTransform
Transforming fragment-1.8.5.aar (androidx.fragment:fragment:1.8.5) with AarTransform
Transforming fragment-1.8.5.aar (androidx.fragment:fragment:1.8.5) with JetifyTransform
Transforming fragment-1.8.5.aar (androidx.fragment:fragment:1.8.5) with ExtractAarTransform
Transforming fragment-1.8.5.aar (androidx.fragment:fragment:1.8.5) with AarTransform
Transforming fragment-1.8.5.aar (androidx.fragment:fragment:1.8.5) with JetifyTransform
Transforming fragment-1.8.5.aar (androidx.fragment:fragment:1.8.5) with ExtractAarTransform
Transforming fragment-1.8.5.aar (androidx.fragment:fragment:1.8.5) with AarTransform
Transforming fragment-ktx-1.8.5.aar (androidx.fragment:fragment-ktx:1.8.5) with JetifyTransform
Transforming fragment-ktx-1.8.5.aar (androidx.fragment:fragment-ktx:1.8.5) with ExtractAarTransform
Transforming fragment-ktx-1.8.5.aar (androidx.fragment:fragment-ktx:1.8.5) with AarTransform
Transforming activity-ktx-1.9.3.aar (androidx.activity:activity-ktx:1.9.3) with JetifyTransform
Transforming activity-ktx-1.9.3.aar (androidx.activity:activity-ktx:1.9.3) with ExtractAarTransform
Transforming activity-ktx-1.9.3.aar (androidx.activity:activity-ktx:1.9.3) with AarTransform
Transforming customview-poolingcontainer-1.0.0.aar (androidx.customview:customview-poolingcontainer:1.0.0) with JetifyTransform
Transforming customview-poolingcontainer-1.0.0.aar (androidx.customview:customview-poolingcontainer:1.0.0) with ExtractAarTransform
Transforming customview-poolingcontainer-1.0.0.aar (androidx.customview:customview-poolingcontainer:1.0.0) with AarTransform
Transforming core-ktx-1.13.1.aar (androidx.core:core-ktx:1.13.1) with JetifyTransform
Transforming core-ktx-1.13.1.aar (androidx.core:core-ktx:1.13.1) with ExtractAarTransform
Transforming core-ktx-1.13.1.aar (androidx.core:core-ktx:1.13.1) with AarTransform
Transforming flexbox-3.0.0.aar (com.google.android.flexbox:flexbox:3.0.0) with JetifyTransform
Transforming flexbox-3.0.0.aar (com.google.android.flexbox:flexbox:3.0.0) with ExtractAarTransform
Transforming flexbox-3.0.0.aar (com.google.android.flexbox:flexbox:3.0.0) with AarTransform
Transforming sqlite-framework-2.4.0.aar (androidx.sqlite:sqlite-framework:2.4.0) with JetifyTransform
Transforming sqlite-framework-2.4.0.aar (androidx.sqlite:sqlite-framework:2.4.0) with ExtractAarTransform
Transforming sqlite-framework-2.4.0.aar (androidx.sqlite:sqlite-framework:2.4.0) with AarTransform
Transforming sqlite-2.4.0.aar (androidx.sqlite:sqlite:2.4.0) with JetifyTransform
Transforming sqlite-2.4.0.aar (androidx.sqlite:sqlite:2.4.0) with ExtractAarTransform
Transforming sqlite-2.4.0.aar (androidx.sqlite:sqlite:2.4.0) with AarTransform
Transforming security-crypto-1.1.0-alpha06.aar (androidx.security:security-crypto:1.1.0-alpha06) with JetifyTransform
Transforming security-crypto-1.1.0-alpha06.aar (androidx.security:security-crypto:1.1.0-alpha06) with ExtractAarTransform
Transforming security-crypto-1.1.0-alpha06.aar (androidx.security:security-crypto:1.1.0-alpha06) with AarTransform
Transforming cursoradapter-1.0.0.aar (androidx.cursoradapter:cursoradapter:1.0.0) with JetifyTransform
Transforming cursoradapter-1.0.0.aar (androidx.cursoradapter:cursoradapter:1.0.0) with ExtractAarTransform
Transforming cursoradapter-1.0.0.aar (androidx.cursoradapter:cursoradapter:1.0.0) with AarTransform
Transforming profileinstaller-1.3.1.aar (androidx.profileinstaller:profileinstaller:1.3.1) with JetifyTransform
Transforming profileinstaller-1.3.1.aar (androidx.profileinstaller:profileinstaller:1.3.1) with ExtractAarTransform
Transforming profileinstaller-1.3.1.aar (androidx.profileinstaller:profileinstaller:1.3.1) with AarTransform
Transforming cardview-1.0.0.aar (androidx.cardview:cardview:1.0.0) with JetifyTransform
Transforming cardview-1.0.0.aar (androidx.cardview:cardview:1.0.0) with ExtractAarTransform
Transforming cardview-1.0.0.aar (androidx.cardview:cardview:1.0.0) with AarTransform
Transforming core-runtime-2.2.0.aar (androidx.arch.core:core-runtime:2.2.0) with JetifyTransform
Transforming core-runtime-2.2.0.aar (androidx.arch.core:core-runtime:2.2.0) with ExtractAarTransform
Transforming core-runtime-2.2.0.aar (androidx.arch.core:core-runtime:2.2.0) with AarTransform
Transforming gifdecoder-4.16.0.aar (com.github.bumptech.glide:gifdecoder:4.16.0) with JetifyTransform
Transforming gifdecoder-4.16.0.aar (com.github.bumptech.glide:gifdecoder:4.16.0) with ExtractAarTransform
Transforming gifdecoder-4.16.0.aar (com.github.bumptech.glide:gifdecoder:4.16.0) with AarTransform
Transforming startup-runtime-1.1.1.aar (androidx.startup:startup-runtime:1.1.1) with JetifyTransform
Transforming startup-runtime-1.1.1.aar (androidx.startup:startup-runtime:1.1.1) with ExtractAarTransform
Transforming startup-runtime-1.1.1.aar (androidx.startup:startup-runtime:1.1.1) with AarTransform
Transforming tracing-1.0.0.aar (androidx.tracing:tracing:1.0.0) with JetifyTransform
Transforming tracing-1.0.0.aar (androidx.tracing:tracing:1.0.0) with ExtractAarTransform
Transforming tracing-1.0.0.aar (androidx.tracing:tracing:1.0.0) with AarTransform
Transforming firebase-components-18.0.0.aar (com.google.firebase:firebase-components:18.0.0) with JetifyTransform
Transforming firebase-components-18.0.0.aar (com.google.firebase:firebase-components:18.0.0) with ExtractAarTransform
Transforming firebase-components-18.0.0.aar (com.google.firebase:firebase-components:18.0.0) with AarTransform
Transforming firebase-components-18.0.0.aar (com.google.firebase:firebase-components:18.0.0) with JetifyTransform
Transforming firebase-components-18.0.0.aar (com.google.firebase:firebase-components:18.0.0) with ExtractAarTransform
Transforming firebase-components-18.0.0.aar (com.google.firebase:firebase-components:18.0.0) with AarTransform
Transforming firebase-components-18.0.0.aar (com.google.firebase:firebase-components:18.0.0) with JetifyTransform
Transforming firebase-components-18.0.0.aar (com.google.firebase:firebase-components:18.0.0) with ExtractAarTransform
Transforming firebase-components-18.0.0.aar (com.google.firebase:firebase-components:18.0.0) with AarTransform
Transforming firebase-components-18.0.0.aar (com.google.firebase:firebase-components:18.0.0) with JetifyTransform
Transforming firebase-components-18.0.0.aar (com.google.firebase:firebase-components:18.0.0) with ExtractAarTransform
Transforming firebase-components-18.0.0.aar (com.google.firebase:firebase-components:18.0.0) with AarTransform
Transforming firebase-components-18.0.0.aar (com.google.firebase:firebase-components:18.0.0) with JetifyTransform
Transforming firebase-components-18.0.0.aar (com.google.firebase:firebase-components:18.0.0) with ExtractAarTransform
Transforming firebase-components-18.0.0.aar (com.google.firebase:firebase-components:18.0.0) with AarTransform
Transforming firebase-components-18.0.0.aar (com.google.firebase:firebase-components:18.0.0) with JetifyTransform
Transforming firebase-components-18.0.0.aar (com.google.firebase:firebase-components:18.0.0) with ExtractAarTransform
Transforming firebase-components-18.0.0.aar (com.google.firebase:firebase-components:18.0.0) with AarTransform
Transforming firebase-components-18.0.0.aar (com.google.firebase:firebase-components:18.0.0) with JetifyTransform
Transforming firebase-components-18.0.0.aar (com.google.firebase:firebase-components:18.0.0) with ExtractAarTransform
Transforming firebase-components-18.0.0.aar (com.google.firebase:firebase-components:18.0.0) with AarTransform
Transforming interpolator-1.0.0.aar (androidx.interpolator:interpolator:1.0.0) with JetifyTransform
Transforming interpolator-1.0.0.aar (androidx.interpolator:interpolator:1.0.0) with ExtractAarTransform
Transforming interpolator-1.0.0.aar (androidx.interpolator:interpolator:1.0.0) with AarTransform
Transforming interpolator-1.0.0.aar (androidx.interpolator:interpolator:1.0.0) with JetifyTransform
Transforming interpolator-1.0.0.aar (androidx.interpolator:interpolator:1.0.0) with ExtractAarTransform
Transforming interpolator-1.0.0.aar (androidx.interpolator:interpolator:1.0.0) with AarTransform
Transforming versionedparcelable-1.1.1.aar (androidx.versionedparcelable:versionedparcelable:1.1.1) with JetifyTransform
Transforming versionedparcelable-1.1.1.aar (androidx.versionedparcelable:versionedparcelable:1.1.1) with ExtractAarTransform
Transforming versionedparcelable-1.1.1.aar (androidx.versionedparcelable:versionedparcelable:1.1.1) with AarTransform
Transforming documentfile-1.0.0.aar (androidx.documentfile:documentfile:1.0.0) with JetifyTransform
Transforming documentfile-1.0.0.aar (androidx.documentfile:documentfile:1.0.0) with ExtractAarTransform
Transforming documentfile-1.0.0.aar (androidx.documentfile:documentfile:1.0.0) with AarTransform
Transforming localbroadcastmanager-1.0.0.aar (androidx.localbroadcastmanager:localbroadcastmanager:1.0.0) with JetifyTransform
Transforming localbroadcastmanager-1.0.0.aar (androidx.localbroadcastmanager:localbroadcastmanager:1.0.0) with ExtractAarTransform
Transforming localbroadcastmanager-1.0.0.aar (androidx.localbroadcastmanager:localbroadcastmanager:1.0.0) with AarTransform
Transforming print-1.0.0.aar (androidx.print:print:1.0.0) with JetifyTransform
Transforming print-1.0.0.aar (androidx.print:print:1.0.0) with ExtractAarTransform
Transforming print-1.0.0.aar (androidx.print:print:1.0.0) with AarTransform
Transforming exifinterface-1.3.7.aar (androidx.exifinterface:exifinterface:1.3.7) with JetifyTransform
Transforming exifinterface-1.3.7.aar (androidx.exifinterface:exifinterface:1.3.7) with ExtractAarTransform
Transforming exifinterface-1.3.7.aar (androidx.exifinterface:exifinterface:1.3.7) with AarTransform
Transforming annotation-experimental-1.4.1.aar (androidx.annotation:annotation-experimental:1.4.1) with JetifyTransform
Transforming annotation-experimental-1.4.1.aar (androidx.annotation:annotation-experimental:1.4.1) with ExtractAarTransform
Transforming annotation-experimental-1.4.1.aar (androidx.annotation:annotation-experimental:1.4.1) with AarTransform
Transforming multidex-2.0.1.aar (androidx.multidex:multidex:2.0.1) with JetifyTransform
Transforming multidex-2.0.1.aar (androidx.multidex:multidex:2.0.1) with ExtractAarTransform
Transforming multidex-2.0.1.aar (androidx.multidex:multidex:2.0.1) with AarTransform
Transforming grpc-android-1.57.2.aar (io.grpc:grpc-android:1.57.2) with JetifyTransform
Transforming grpc-android-1.57.2.aar (io.grpc:grpc-android:1.57.2) with ExtractAarTransform
Transforming grpc-android-1.57.2.aar (io.grpc:grpc-android:1.57.2) with AarTransform
Transforming zxing-android-embedded-4.3.0.aar (com.journeyapps:zxing-android-embedded:4.3.0) with JetifyTransform
Transforming zxing-android-embedded-4.3.0.aar (com.journeyapps:zxing-android-embedded:4.3.0) with ExtractAarTransform
Transforming zxing-android-embedded-4.3.0.aar (com.journeyapps:zxing-android-embedded:4.3.0) with AarTransform
Transforming dagger-lint-aar-2.51.1.aar (com.google.dagger:dagger-lint-aar:2.51.1) with JetifyTransform
Transforming dagger-lint-aar-2.51.1.aar (com.google.dagger:dagger-lint-aar:2.51.1) with ExtractAarTransform
Transforming dagger-lint-aar-2.51.1.aar (com.google.dagger:dagger-lint-aar:2.51.1) with AarTransform
Transforming protolite-well-known-types-18.0.0.aar (com.google.firebase:protolite-well-known-types:18.0.0) with JetifyTransform
Transforming protolite-well-known-types-18.0.0.aar (com.google.firebase:protolite-well-known-types:18.0.0) with ExtractAarTransform
Transforming protolite-well-known-types-18.0.0.aar (com.google.firebase:protolite-well-known-types:18.0.0) with AarTransform
Caching disabled for task ':app:mergeDebugResources' because:
  Build cache is disabled
Skipping task ':app:mergeDebugResources' as it is up-to-date.
Resolve mutations for :app:packageDebugResources (Thread[#64,included builds,5,main]) started.
:app:packageDebugResources (Thread[#64,included builds,5,main]) started.

> Task :app:packageDebugResources UP-TO-DATE
Caching disabled for task ':app:packageDebugResources' because:
  Build cache is disabled
Skipping task ':app:packageDebugResources' as it is up-to-date.
Resolve mutations for :app:parseDebugLocalResources (Thread[#64,included builds,5,main]) started.
:app:parseDebugLocalResources (Thread[#64,included builds,5,main]) started.

> Task :app:parseDebugLocalResources UP-TO-DATE
Transforming android.jar with PlatformAttrTransform
Transforming android.jar with PlatformAttrTransform
Caching disabled for task ':app:parseDebugLocalResources' because:
  Build cache is disabled
Skipping task ':app:parseDebugLocalResources' as it is up-to-date.
Resolve mutations for :app:dataBindingGenBaseClassesDebug (Thread[#64,included builds,5,main]) started.
:app:dataBindingGenBaseClassesDebug (Thread[#64,included builds,5,main]) started.

> Task :app:dataBindingGenBaseClassesDebug UP-TO-DATE
Transforming viewbinding-8.7.1.aar (androidx.databinding:viewbinding:8.7.1) with JetifyTransform
Transforming viewbinding-8.7.1.aar (androidx.databinding:viewbinding:8.7.1) with ExtractAarTransform
Transforming viewbinding-8.7.1.aar (androidx.databinding:viewbinding:8.7.1) with LibrarySymbolTableTransform
Transforming material-1.12.0.aar (com.google.android.material:material:1.12.0) with JetifyTransform
Transforming material-1.12.0.aar (com.google.android.material:material:1.12.0) with ExtractAarTransform
Transforming material-1.12.0.aar (com.google.android.material:material:1.12.0) with LibrarySymbolTableTransform
Transforming constraintlayout-2.1.4.aar (androidx.constraintlayout:constraintlayout:2.1.4) with JetifyTransform
Transforming constraintlayout-2.1.4.aar (androidx.constraintlayout:constraintlayout:2.1.4) with ExtractAarTransform
Transforming constraintlayout-2.1.4.aar (androidx.constraintlayout:constraintlayout:2.1.4) with LibrarySymbolTableTransform
Transforming coil-compose-2.6.0.aar (io.coil-kt:coil-compose:2.6.0) with JetifyTransform
Transforming coil-compose-2.6.0.aar (io.coil-kt:coil-compose:2.6.0) with ExtractAarTransform
Transforming coil-compose-2.6.0.aar (io.coil-kt:coil-compose:2.6.0) with LibrarySymbolTableTransform
Transforming coil-compose-base-2.6.0.aar (io.coil-kt:coil-compose-base:2.6.0) with JetifyTransform
Transforming coil-compose-base-2.6.0.aar (io.coil-kt:coil-compose-base:2.6.0) with ExtractAarTransform
Transforming coil-compose-base-2.6.0.aar (io.coil-kt:coil-compose-base:2.6.0) with LibrarySymbolTableTransform
Transforming coil-2.6.0.aar (io.coil-kt:coil:2.6.0) with JetifyTransform
Transforming coil-2.6.0.aar (io.coil-kt:coil:2.6.0) with ExtractAarTransform
Transforming coil-2.6.0.aar (io.coil-kt:coil:2.6.0) with LibrarySymbolTableTransform
Transforming coil-base-2.6.0.aar (io.coil-kt:coil-base:2.6.0) with JetifyTransform
Transforming coil-base-2.6.0.aar (io.coil-kt:coil-base:2.6.0) with ExtractAarTransform
Transforming coil-base-2.6.0.aar (io.coil-kt:coil-base:2.6.0) with LibrarySymbolTableTransform
Transforming appcompat-resources-1.7.0.aar (androidx.appcompat:appcompat-resources:1.7.0) with JetifyTransform
Transforming appcompat-resources-1.7.0.aar (androidx.appcompat:appcompat-resources:1.7.0) with ExtractAarTransform
Transforming appcompat-resources-1.7.0.aar (androidx.appcompat:appcompat-resources:1.7.0) with LibrarySymbolTableTransform
Transforming preference-ktx-1.2.1.aar (androidx.preference:preference-ktx:1.2.1) with JetifyTransform
Transforming preference-ktx-1.2.1.aar (androidx.preference:preference-ktx:1.2.1) with ExtractAarTransform
Transforming preference-ktx-1.2.1.aar (androidx.preference:preference-ktx:1.2.1) with LibrarySymbolTableTransform
Transforming preference-1.2.1.aar (androidx.preference:preference:1.2.1) with JetifyTransform
Transforming preference-1.2.1.aar (androidx.preference:preference:1.2.1) with ExtractAarTransform
Transforming preference-1.2.1.aar (androidx.preference:preference:1.2.1) with LibrarySymbolTableTransform
Transforming appcompat-1.7.0.aar (androidx.appcompat:appcompat:1.7.0) with JetifyTransform
Transforming appcompat-1.7.0.aar (androidx.appcompat:appcompat:1.7.0) with ExtractAarTransform
Transforming appcompat-1.7.0.aar (androidx.appcompat:appcompat:1.7.0) with LibrarySymbolTableTransform
Transforming okhttp3-integration-4.16.0.aar (com.github.bumptech.glide:okhttp3-integration:4.16.0) with JetifyTransform
Transforming okhttp3-integration-4.16.0.aar (com.github.bumptech.glide:okhttp3-integration:4.16.0) with ExtractAarTransform
Transforming okhttp3-integration-4.16.0.aar (com.github.bumptech.glide:okhttp3-integration:4.16.0) with LibrarySymbolTableTransform
Transforming glide-4.16.0.aar (com.github.bumptech.glide:glide:4.16.0) with JetifyTransform
Transforming glide-4.16.0.aar (com.github.bumptech.glide:glide:4.16.0) with ExtractAarTransform
Transforming glide-4.16.0.aar (com.github.bumptech.glide:glide:4.16.0) with LibrarySymbolTableTransform
Transforming hilt-work-1.2.0.aar (androidx.hilt:hilt-work:1.2.0) with JetifyTransform
Transforming hilt-work-1.2.0.aar (androidx.hilt:hilt-work:1.2.0) with ExtractAarTransform
Transforming hilt-work-1.2.0.aar (androidx.hilt:hilt-work:1.2.0) with LibrarySymbolTableTransform
Transforming hilt-android-2.51.1.aar (com.google.dagger:hilt-android:2.51.1) with JetifyTransform
Transforming hilt-android-2.51.1.aar (com.google.dagger:hilt-android:2.51.1) with ExtractAarTransform
Transforming hilt-android-2.51.1.aar (com.google.dagger:hilt-android:2.51.1) with LibrarySymbolTableTransform
Transforming media3-exoplayer-hls-1.5.0.aar (androidx.media3:media3-exoplayer-hls:1.5.0) with JetifyTransform
Transforming media3-exoplayer-hls-1.5.0.aar (androidx.media3:media3-exoplayer-hls:1.5.0) with ExtractAarTransform
Transforming media3-exoplayer-hls-1.5.0.aar (androidx.media3:media3-exoplayer-hls:1.5.0) with LibrarySymbolTableTransform
Transforming media3-ffmpeg-decoder-1.5.0+1.aar (org.jellyfin.media3:media3-ffmpeg-decoder:1.5.0+1) with JetifyTransform
Transforming media3-ffmpeg-decoder-1.5.0+1.aar (org.jellyfin.media3:media3-ffmpeg-decoder:1.5.0+1) with ExtractAarTransform
Transforming media3-ffmpeg-decoder-1.5.0+1.aar (org.jellyfin.media3:media3-ffmpeg-decoder:1.5.0+1) with LibrarySymbolTableTransform
Transforming media3-exoplayer-1.5.0.aar (androidx.media3:media3-exoplayer:1.5.0) with JetifyTransform
Transforming media3-exoplayer-1.5.0.aar (androidx.media3:media3-exoplayer:1.5.0) with ExtractAarTransform
Transforming media3-exoplayer-1.5.0.aar (androidx.media3:media3-exoplayer:1.5.0) with LibrarySymbolTableTransform
Transforming media3-exoplayer-1.5.0.aar (androidx.media3:media3-exoplayer:1.5.0) with JetifyTransform
Transforming media3-exoplayer-1.5.0.aar (androidx.media3:media3-exoplayer:1.5.0) with ExtractAarTransform
Transforming media3-exoplayer-1.5.0.aar (androidx.media3:media3-exoplayer:1.5.0) with LibrarySymbolTableTransform
Transforming media3-datasource-okhttp-1.5.0.aar (androidx.media3:media3-datasource-okhttp:1.5.0) with JetifyTransform
Transforming media3-datasource-okhttp-1.5.0.aar (androidx.media3:media3-datasource-okhttp:1.5.0) with ExtractAarTransform
Transforming media3-datasource-okhttp-1.5.0.aar (androidx.media3:media3-datasource-okhttp:1.5.0) with LibrarySymbolTableTransform
Transforming media3-extractor-1.5.0.aar (androidx.media3:media3-extractor:1.5.0) with JetifyTransform
Transforming media3-extractor-1.5.0.aar (androidx.media3:media3-extractor:1.5.0) with ExtractAarTransform
Transforming media3-extractor-1.5.0.aar (androidx.media3:media3-extractor:1.5.0) with LibrarySymbolTableTransform
Transforming media3-container-1.5.0.aar (androidx.media3:media3-container:1.5.0) with JetifyTransform
Transforming media3-container-1.5.0.aar (androidx.media3:media3-container:1.5.0) with ExtractAarTransform
Transforming media3-container-1.5.0.aar (androidx.media3:media3-container:1.5.0) with LibrarySymbolTableTransform
Transforming media3-datasource-1.5.0.aar (androidx.media3:media3-datasource:1.5.0) with JetifyTransform
Transforming media3-datasource-1.5.0.aar (androidx.media3:media3-datasource:1.5.0) with ExtractAarTransform
Transforming media3-datasource-1.5.0.aar (androidx.media3:media3-datasource:1.5.0) with LibrarySymbolTableTransform
Transforming media3-decoder-1.5.0.aar (androidx.media3:media3-decoder:1.5.0) with JetifyTransform
Transforming media3-decoder-1.5.0.aar (androidx.media3:media3-decoder:1.5.0) with ExtractAarTransform
Transforming media3-decoder-1.5.0.aar (androidx.media3:media3-decoder:1.5.0) with LibrarySymbolTableTransform
Transforming media3-decoder-1.5.0.aar (androidx.media3:media3-decoder:1.5.0) with JetifyTransform
Transforming media3-decoder-1.5.0.aar (androidx.media3:media3-decoder:1.5.0) with ExtractAarTransform
Transforming media3-decoder-1.5.0.aar (androidx.media3:media3-decoder:1.5.0) with LibrarySymbolTableTransform
Transforming media3-database-1.5.0.aar (androidx.media3:media3-database:1.5.0) with JetifyTransform
Transforming media3-database-1.5.0.aar (androidx.media3:media3-database:1.5.0) with ExtractAarTransform
Transforming media3-database-1.5.0.aar (androidx.media3:media3-database:1.5.0) with LibrarySymbolTableTransform
Transforming media3-common-1.5.0.aar (androidx.media3:media3-common:1.5.0) with JetifyTransform
Transforming media3-common-1.5.0.aar (androidx.media3:media3-common:1.5.0) with ExtractAarTransform
Transforming media3-common-1.5.0.aar (androidx.media3:media3-common:1.5.0) with LibrarySymbolTableTransform
Transforming media3-ui-1.5.0.aar (androidx.media3:media3-ui:1.5.0) with JetifyTransform
Transforming media3-ui-1.5.0.aar (androidx.media3:media3-ui:1.5.0) with ExtractAarTransform
Transforming media3-ui-1.5.0.aar (androidx.media3:media3-ui:1.5.0) with LibrarySymbolTableTransform
Transforming work-runtime-ktx-2.9.1.aar (androidx.work:work-runtime-ktx:2.9.1) with JetifyTransform
Transforming work-runtime-ktx-2.9.1.aar (androidx.work:work-runtime-ktx:2.9.1) with ExtractAarTransform
Transforming work-runtime-ktx-2.9.1.aar (androidx.work:work-runtime-ktx:2.9.1) with LibrarySymbolTableTransform
Transforming work-runtime-2.9.1.aar (androidx.work:work-runtime:2.9.1) with JetifyTransform
Transforming work-runtime-2.9.1.aar (androidx.work:work-runtime:2.9.1) with ExtractAarTransform
Transforming work-runtime-2.9.1.aar (androidx.work:work-runtime:2.9.1) with LibrarySymbolTableTransform
Transforming room-ktx-2.6.1.aar (androidx.room:room-ktx:2.6.1) with JetifyTransform
Transforming room-ktx-2.6.1.aar (androidx.room:room-ktx:2.6.1) with ExtractAarTransform
Transforming room-ktx-2.6.1.aar (androidx.room:room-ktx:2.6.1) with LibrarySymbolTableTransform
Transforming room-runtime-2.6.1.aar (androidx.room:room-runtime:2.6.1) with JetifyTransform
Transforming room-runtime-2.6.1.aar (androidx.room:room-runtime:2.6.1) with ExtractAarTransform
Transforming room-runtime-2.6.1.aar (androidx.room:room-runtime:2.6.1) with LibrarySymbolTableTransform
Transforming room-paging-2.6.1.aar (androidx.room:room-paging:2.6.1) with JetifyTransform
Transforming room-paging-2.6.1.aar (androidx.room:room-paging:2.6.1) with ExtractAarTransform
Transforming room-paging-2.6.1.aar (androidx.room:room-paging:2.6.1) with LibrarySymbolTableTransform
Transforming paging-common-release.aar (androidx.paging:paging-common-android:3.3.2) with JetifyTransform
Transforming paging-common-release.aar (androidx.paging:paging-common-android:3.3.2) with ExtractAarTransform
Transforming paging-common-release.aar (androidx.paging:paging-common-android:3.3.2) with LibrarySymbolTableTransform
Transforming paging-runtime-ktx-3.3.2.aar (androidx.paging:paging-runtime-ktx:3.3.2) with JetifyTransform
Transforming paging-runtime-ktx-3.3.2.aar (androidx.paging:paging-runtime-ktx:3.3.2) with ExtractAarTransform
Transforming paging-runtime-ktx-3.3.2.aar (androidx.paging:paging-runtime-ktx:3.3.2) with LibrarySymbolTableTransform
Transforming paging-runtime-3.3.2.aar (androidx.paging:paging-runtime:3.3.2) with JetifyTransform
Transforming paging-runtime-3.3.2.aar (androidx.paging:paging-runtime:3.3.2) with ExtractAarTransform
Transforming paging-runtime-3.3.2.aar (androidx.paging:paging-runtime:3.3.2) with LibrarySymbolTableTransform
Transforming recyclerview-1.3.2.aar (androidx.recyclerview:recyclerview:1.3.2) with JetifyTransform
Transforming recyclerview-1.3.2.aar (androidx.recyclerview:recyclerview:1.3.2) with ExtractAarTransform
Transforming recyclerview-1.3.2.aar (androidx.recyclerview:recyclerview:1.3.2) with LibrarySymbolTableTransform
Transforming viewpager2-1.1.0-beta02.aar (androidx.viewpager2:viewpager2:1.1.0-beta02) with JetifyTransform
Transforming viewpager2-1.1.0-beta02.aar (androidx.viewpager2:viewpager2:1.1.0-beta02) with ExtractAarTransform
Transforming viewpager2-1.1.0-beta02.aar (androidx.viewpager2:viewpager2:1.1.0-beta02) with LibrarySymbolTableTransform
Transforming firebase-firestore-ktx-25.0.0.aar (com.google.firebase:firebase-firestore-ktx:25.0.0) with JetifyTransform
Transforming firebase-firestore-ktx-25.0.0.aar (com.google.firebase:firebase-firestore-ktx:25.0.0) with ExtractAarTransform
Transforming firebase-firestore-ktx-25.0.0.aar (com.google.firebase:firebase-firestore-ktx:25.0.0) with LibrarySymbolTableTransform
Transforming firebase-firestore-25.0.0.aar (com.google.firebase:firebase-firestore:25.0.0) with JetifyTransform
Transforming firebase-firestore-25.0.0.aar (com.google.firebase:firebase-firestore:25.0.0) with ExtractAarTransform
Transforming firebase-firestore-25.0.0.aar (com.google.firebase:firebase-firestore:25.0.0) with LibrarySymbolTableTransform
Transforming firebase-appcheck-interop-17.0.0.aar (com.google.firebase:firebase-appcheck-interop:17.0.0) with JetifyTransform
Transforming firebase-appcheck-interop-17.0.0.aar (com.google.firebase:firebase-appcheck-interop:17.0.0) with ExtractAarTransform
Transforming firebase-appcheck-interop-17.0.0.aar (com.google.firebase:firebase-appcheck-interop:17.0.0) with LibrarySymbolTableTransform
Transforming firebase-database-collection-18.0.1.aar (com.google.firebase:firebase-database-collection:18.0.1) with JetifyTransform
Transforming firebase-database-collection-18.0.1.aar (com.google.firebase:firebase-database-collection:18.0.1) with ExtractAarTransform
Transforming firebase-database-collection-18.0.1.aar (com.google.firebase:firebase-database-collection:18.0.1) with LibrarySymbolTableTransform
Transforming play-services-base-18.0.1.aar (com.google.android.gms:play-services-base:18.0.1) with JetifyTransform
Transforming play-services-base-18.0.1.aar (com.google.android.gms:play-services-base:18.0.1) with ExtractAarTransform
Transforming play-services-base-18.0.1.aar (com.google.android.gms:play-services-base:18.0.1) with LibrarySymbolTableTransform
Transforming play-services-base-18.0.1.aar (com.google.android.gms:play-services-base:18.0.1) with JetifyTransform
Transforming play-services-base-18.0.1.aar (com.google.android.gms:play-services-base:18.0.1) with ExtractAarTransform
Transforming play-services-base-18.0.1.aar (com.google.android.gms:play-services-base:18.0.1) with LibrarySymbolTableTransform
Transforming play-services-base-18.0.1.aar (com.google.android.gms:play-services-base:18.0.1) with JetifyTransform
Transforming play-services-base-18.0.1.aar (com.google.android.gms:play-services-base:18.0.1) with ExtractAarTransform
Transforming play-services-base-18.0.1.aar (com.google.android.gms:play-services-base:18.0.1) with LibrarySymbolTableTransform
Transforming firebase-analytics-ktx-22.0.2.aar (com.google.firebase:firebase-analytics-ktx:22.0.2) with JetifyTransform
Transforming firebase-analytics-ktx-22.0.2.aar (com.google.firebase:firebase-analytics-ktx:22.0.2) with ExtractAarTransform
Transforming firebase-analytics-ktx-22.0.2.aar (com.google.firebase:firebase-analytics-ktx:22.0.2) with LibrarySymbolTableTransform
Transforming firebase-analytics-22.0.2.aar (com.google.firebase:firebase-analytics:22.0.2) with JetifyTransform
Transforming firebase-analytics-22.0.2.aar (com.google.firebase:firebase-analytics:22.0.2) with ExtractAarTransform
Transforming firebase-analytics-22.0.2.aar (com.google.firebase:firebase-analytics:22.0.2) with LibrarySymbolTableTransform
Transforming play-services-measurement-api-22.0.2.aar (com.google.android.gms:play-services-measurement-api:22.0.2) with JetifyTransform
Transforming play-services-measurement-api-22.0.2.aar (com.google.android.gms:play-services-measurement-api:22.0.2) with ExtractAarTransform
Transforming play-services-measurement-api-22.0.2.aar (com.google.android.gms:play-services-measurement-api:22.0.2) with LibrarySymbolTableTransform
Transforming firebase-installations-18.0.0.aar (com.google.firebase:firebase-installations:18.0.0) with JetifyTransform
Transforming firebase-installations-18.0.0.aar (com.google.firebase:firebase-installations:18.0.0) with ExtractAarTransform
Transforming firebase-installations-18.0.0.aar (com.google.firebase:firebase-installations:18.0.0) with LibrarySymbolTableTransform
Transforming firebase-common-ktx-21.0.0.aar (com.google.firebase:firebase-common-ktx:21.0.0) with JetifyTransform
Transforming firebase-common-ktx-21.0.0.aar (com.google.firebase:firebase-common-ktx:21.0.0) with ExtractAarTransform
Transforming firebase-common-ktx-21.0.0.aar (com.google.firebase:firebase-common-ktx:21.0.0) with LibrarySymbolTableTransform
Transforming firebase-common-ktx-21.0.0.aar (com.google.firebase:firebase-common-ktx:21.0.0) with JetifyTransform
Transforming firebase-common-ktx-21.0.0.aar (com.google.firebase:firebase-common-ktx:21.0.0) with ExtractAarTransform
Transforming firebase-common-ktx-21.0.0.aar (com.google.firebase:firebase-common-ktx:21.0.0) with LibrarySymbolTableTransform
Transforming firebase-common-ktx-21.0.0.aar (com.google.firebase:firebase-common-ktx:21.0.0) with JetifyTransform
Transforming firebase-common-ktx-21.0.0.aar (com.google.firebase:firebase-common-ktx:21.0.0) with ExtractAarTransform
Transforming firebase-common-ktx-21.0.0.aar (com.google.firebase:firebase-common-ktx:21.0.0) with LibrarySymbolTableTransform
Transforming firebase-common-ktx-21.0.0.aar (com.google.firebase:firebase-common-ktx:21.0.0) with JetifyTransform
Transforming firebase-common-ktx-21.0.0.aar (com.google.firebase:firebase-common-ktx:21.0.0) with ExtractAarTransform
Transforming firebase-common-ktx-21.0.0.aar (com.google.firebase:firebase-common-ktx:21.0.0) with LibrarySymbolTableTransform
Transforming firebase-common-ktx-21.0.0.aar (com.google.firebase:firebase-common-ktx:21.0.0) with JetifyTransform
Transforming firebase-common-ktx-21.0.0.aar (com.google.firebase:firebase-common-ktx:21.0.0) with ExtractAarTransform
Transforming firebase-common-ktx-21.0.0.aar (com.google.firebase:firebase-common-ktx:21.0.0) with LibrarySymbolTableTransform
Transforming firebase-common-21.0.0.aar (com.google.firebase:firebase-common:21.0.0) with JetifyTransform
Transforming firebase-common-21.0.0.aar (com.google.firebase:firebase-common:21.0.0) with ExtractAarTransform
Transforming firebase-common-21.0.0.aar (com.google.firebase:firebase-common:21.0.0) with LibrarySymbolTableTransform
Transforming firebase-common-21.0.0.aar (com.google.firebase:firebase-common:21.0.0) with JetifyTransform
Transforming firebase-common-21.0.0.aar (com.google.firebase:firebase-common:21.0.0) with ExtractAarTransform
Transforming firebase-common-21.0.0.aar (com.google.firebase:firebase-common:21.0.0) with LibrarySymbolTableTransform
Transforming firebase-common-21.0.0.aar (com.google.firebase:firebase-common:21.0.0) with JetifyTransform
Transforming firebase-common-21.0.0.aar (com.google.firebase:firebase-common:21.0.0) with ExtractAarTransform
Transforming firebase-common-21.0.0.aar (com.google.firebase:firebase-common:21.0.0) with LibrarySymbolTableTransform
Transforming firebase-common-21.0.0.aar (com.google.firebase:firebase-common:21.0.0) with JetifyTransform
Transforming firebase-common-21.0.0.aar (com.google.firebase:firebase-common:21.0.0) with ExtractAarTransform
Transforming firebase-common-21.0.0.aar (com.google.firebase:firebase-common:21.0.0) with LibrarySymbolTableTransform
Transforming firebase-common-21.0.0.aar (com.google.firebase:firebase-common:21.0.0) with JetifyTransform
Transforming firebase-common-21.0.0.aar (com.google.firebase:firebase-common:21.0.0) with ExtractAarTransform
Transforming firebase-common-21.0.0.aar (com.google.firebase:firebase-common:21.0.0) with LibrarySymbolTableTransform
Transforming firebase-common-21.0.0.aar (com.google.firebase:firebase-common:21.0.0) with JetifyTransform
Transforming firebase-common-21.0.0.aar (com.google.firebase:firebase-common:21.0.0) with ExtractAarTransform
Transforming firebase-common-21.0.0.aar (com.google.firebase:firebase-common:21.0.0) with LibrarySymbolTableTransform
Transforming play-services-measurement-22.0.2.aar (com.google.android.gms:play-services-measurement:22.0.2) with JetifyTransform
Transforming play-services-measurement-22.0.2.aar (com.google.android.gms:play-services-measurement:22.0.2) with ExtractAarTransform
Transforming play-services-measurement-22.0.2.aar (com.google.android.gms:play-services-measurement:22.0.2) with LibrarySymbolTableTransform
Transforming play-services-measurement-sdk-22.0.2.aar (com.google.android.gms:play-services-measurement-sdk:22.0.2) with JetifyTransform
Transforming play-services-measurement-sdk-22.0.2.aar (com.google.android.gms:play-services-measurement-sdk:22.0.2) with ExtractAarTransform
Transforming play-services-measurement-sdk-22.0.2.aar (com.google.android.gms:play-services-measurement-sdk:22.0.2) with LibrarySymbolTableTransform
Transforming firebase-auth-interop-19.0.2.aar (com.google.firebase:firebase-auth-interop:19.0.2) with JetifyTransform
Transforming firebase-auth-interop-19.0.2.aar (com.google.firebase:firebase-auth-interop:19.0.2) with ExtractAarTransform
Transforming firebase-auth-interop-19.0.2.aar (com.google.firebase:firebase-auth-interop:19.0.2) with LibrarySymbolTableTransform
Transforming play-services-measurement-impl-22.0.2.aar (com.google.android.gms:play-services-measurement-impl:22.0.2) with JetifyTransform
Transforming play-services-measurement-impl-22.0.2.aar (com.google.android.gms:play-services-measurement-impl:22.0.2) with ExtractAarTransform
Transforming play-services-measurement-impl-22.0.2.aar (com.google.android.gms:play-services-measurement-impl:22.0.2) with LibrarySymbolTableTransform
Transforming play-services-measurement-impl-22.0.2.aar (com.google.android.gms:play-services-measurement-impl:22.0.2) with JetifyTransform
Transforming play-services-measurement-impl-22.0.2.aar (com.google.android.gms:play-services-measurement-impl:22.0.2) with ExtractAarTransform
Transforming play-services-measurement-impl-22.0.2.aar (com.google.android.gms:play-services-measurement-impl:22.0.2) with LibrarySymbolTableTransform
Transforming play-services-ads-identifier-18.0.0.aar (com.google.android.gms:play-services-ads-identifier:18.0.0) with JetifyTransform
Transforming play-services-ads-identifier-18.0.0.aar (com.google.android.gms:play-services-ads-identifier:18.0.0) with ExtractAarTransform
Transforming play-services-ads-identifier-18.0.0.aar (com.google.android.gms:play-services-ads-identifier:18.0.0) with LibrarySymbolTableTransform
Transforming play-services-ads-identifier-18.0.0.aar (com.google.android.gms:play-services-ads-identifier:18.0.0) with JetifyTransform
Transforming play-services-ads-identifier-18.0.0.aar (com.google.android.gms:play-services-ads-identifier:18.0.0) with ExtractAarTransform
Transforming play-services-ads-identifier-18.0.0.aar (com.google.android.gms:play-services-ads-identifier:18.0.0) with LibrarySymbolTableTransform
Transforming play-services-ads-identifier-18.0.0.aar (com.google.android.gms:play-services-ads-identifier:18.0.0) with JetifyTransform
Transforming play-services-ads-identifier-18.0.0.aar (com.google.android.gms:play-services-ads-identifier:18.0.0) with ExtractAarTransform
Transforming play-services-ads-identifier-18.0.0.aar (com.google.android.gms:play-services-ads-identifier:18.0.0) with LibrarySymbolTableTransform
Transforming play-services-measurement-sdk-api-22.0.2.aar (com.google.android.gms:play-services-measurement-sdk-api:22.0.2) with JetifyTransform
Transforming play-services-measurement-sdk-api-22.0.2.aar (com.google.android.gms:play-services-measurement-sdk-api:22.0.2) with ExtractAarTransform
Transforming play-services-measurement-sdk-api-22.0.2.aar (com.google.android.gms:play-services-measurement-sdk-api:22.0.2) with LibrarySymbolTableTransform
Transforming play-services-measurement-base-22.0.2.aar (com.google.android.gms:play-services-measurement-base:22.0.2) with JetifyTransform
Transforming play-services-measurement-base-22.0.2.aar (com.google.android.gms:play-services-measurement-base:22.0.2) with ExtractAarTransform
Transforming play-services-measurement-base-22.0.2.aar (com.google.android.gms:play-services-measurement-base:22.0.2) with LibrarySymbolTableTransform
Transforming play-services-measurement-base-22.0.2.aar (com.google.android.gms:play-services-measurement-base:22.0.2) with JetifyTransform
Transforming play-services-measurement-base-22.0.2.aar (com.google.android.gms:play-services-measurement-base:22.0.2) with ExtractAarTransform
Transforming play-services-measurement-base-22.0.2.aar (com.google.android.gms:play-services-measurement-base:22.0.2) with LibrarySymbolTableTransform
Transforming play-services-measurement-base-22.0.2.aar (com.google.android.gms:play-services-measurement-base:22.0.2) with JetifyTransform
Transforming play-services-measurement-base-22.0.2.aar (com.google.android.gms:play-services-measurement-base:22.0.2) with ExtractAarTransform
Transforming play-services-measurement-base-22.0.2.aar (com.google.android.gms:play-services-measurement-base:22.0.2) with LibrarySymbolTableTransform
Transforming play-services-measurement-base-22.0.2.aar (com.google.android.gms:play-services-measurement-base:22.0.2) with JetifyTransform
Transforming play-services-measurement-base-22.0.2.aar (com.google.android.gms:play-services-measurement-base:22.0.2) with ExtractAarTransform
Transforming play-services-measurement-base-22.0.2.aar (com.google.android.gms:play-services-measurement-base:22.0.2) with LibrarySymbolTableTransform
Transforming play-services-measurement-base-22.0.2.aar (com.google.android.gms:play-services-measurement-base:22.0.2) with JetifyTransform
Transforming play-services-measurement-base-22.0.2.aar (com.google.android.gms:play-services-measurement-base:22.0.2) with ExtractAarTransform
Transforming play-services-measurement-base-22.0.2.aar (com.google.android.gms:play-services-measurement-base:22.0.2) with LibrarySymbolTableTransform
Transforming play-services-stats-17.0.2.aar (com.google.android.gms:play-services-stats:17.0.2) with JetifyTransform
Transforming play-services-stats-17.0.2.aar (com.google.android.gms:play-services-stats:17.0.2) with ExtractAarTransform
Transforming play-services-stats-17.0.2.aar (com.google.android.gms:play-services-stats:17.0.2) with LibrarySymbolTableTransform
Transforming play-services-stats-17.0.2.aar (com.google.android.gms:play-services-stats:17.0.2) with JetifyTransform
Transforming play-services-stats-17.0.2.aar (com.google.android.gms:play-services-stats:17.0.2) with ExtractAarTransform
Transforming play-services-stats-17.0.2.aar (com.google.android.gms:play-services-stats:17.0.2) with LibrarySymbolTableTransform
Transforming material3-release.aar (androidx.compose.material3:material3-android:1.2.0) with JetifyTransform
Transforming material3-release.aar (androidx.compose.material3:material3-android:1.2.0) with ExtractAarTransform
Transforming material3-release.aar (androidx.compose.material3:material3-android:1.2.0) with LibrarySymbolTableTransform
Transforming material-ripple-release.aar (androidx.compose.material:material-ripple-android:1.6.2) with JetifyTransform
Transforming material-ripple-release.aar (androidx.compose.material:material-ripple-android:1.6.2) with ExtractAarTransform
Transforming material-ripple-release.aar (androidx.compose.material:material-ripple-android:1.6.2) with LibrarySymbolTableTransform
Transforming material-icons-core-release.aar (androidx.compose.material:material-icons-core-android:1.6.2) with JetifyTransform
Transforming material-icons-core-release.aar (androidx.compose.material:material-icons-core-android:1.6.2) with ExtractAarTransform
Transforming material-icons-core-release.aar (androidx.compose.material:material-icons-core-android:1.6.2) with LibrarySymbolTableTransform
Transforming material-release.aar (androidx.compose.material:material-android:1.6.2) with JetifyTransform
Transforming material-release.aar (androidx.compose.material:material-android:1.6.2) with ExtractAarTransform
Transforming material-release.aar (androidx.compose.material:material-android:1.6.2) with LibrarySymbolTableTransform
Transforming animation-core-release.aar (androidx.compose.animation:animation-core-android:1.6.2) with JetifyTransform
Transforming animation-core-release.aar (androidx.compose.animation:animation-core-android:1.6.2) with ExtractAarTransform
Transforming animation-core-release.aar (androidx.compose.animation:animation-core-android:1.6.2) with LibrarySymbolTableTransform
Transforming animation-release.aar (androidx.compose.animation:animation-android:1.6.2) with JetifyTransform
Transforming animation-release.aar (androidx.compose.animation:animation-android:1.6.2) with ExtractAarTransform
Transforming animation-release.aar (androidx.compose.animation:animation-android:1.6.2) with LibrarySymbolTableTransform
Transforming foundation-layout-release.aar (androidx.compose.foundation:foundation-layout-android:1.6.2) with JetifyTransform
Transforming foundation-layout-release.aar (androidx.compose.foundation:foundation-layout-android:1.6.2) with ExtractAarTransform
Transforming foundation-layout-release.aar (androidx.compose.foundation:foundation-layout-android:1.6.2) with LibrarySymbolTableTransform
Transforming foundation-release.aar (androidx.compose.foundation:foundation-android:1.6.2) with JetifyTransform
Transforming foundation-release.aar (androidx.compose.foundation:foundation-android:1.6.2) with ExtractAarTransform
Transforming foundation-release.aar (androidx.compose.foundation:foundation-android:1.6.2) with LibrarySymbolTableTransform
Transforming ui-tooling-data-release.aar (androidx.compose.ui:ui-tooling-data-android:1.6.2) with JetifyTransform
Transforming ui-tooling-data-release.aar (androidx.compose.ui:ui-tooling-data-android:1.6.2) with ExtractAarTransform
Transforming ui-tooling-data-release.aar (androidx.compose.ui:ui-tooling-data-android:1.6.2) with LibrarySymbolTableTransform
Transforming ui-unit-release.aar (androidx.compose.ui:ui-unit-android:1.6.2) with JetifyTransform
Transforming ui-unit-release.aar (androidx.compose.ui:ui-unit-android:1.6.2) with ExtractAarTransform
Transforming ui-unit-release.aar (androidx.compose.ui:ui-unit-android:1.6.2) with LibrarySymbolTableTransform
Transforming ui-geometry-release.aar (androidx.compose.ui:ui-geometry-android:1.6.2) with JetifyTransform
Transforming ui-geometry-release.aar (androidx.compose.ui:ui-geometry-android:1.6.2) with ExtractAarTransform
Transforming ui-geometry-release.aar (androidx.compose.ui:ui-geometry-android:1.6.2) with LibrarySymbolTableTransform
Transforming ui-util-release.aar (androidx.compose.ui:ui-util-android:1.6.2) with JetifyTransform
Transforming ui-util-release.aar (androidx.compose.ui:ui-util-android:1.6.2) with ExtractAarTransform
Transforming ui-util-release.aar (androidx.compose.ui:ui-util-android:1.6.2) with LibrarySymbolTableTransform
Transforming ui-text-release.aar (androidx.compose.ui:ui-text-android:1.6.2) with JetifyTransform
Transforming ui-text-release.aar (androidx.compose.ui:ui-text-android:1.6.2) with ExtractAarTransform
Transforming ui-text-release.aar (androidx.compose.ui:ui-text-android:1.6.2) with LibrarySymbolTableTransform
Transforming ui-tooling-preview-release.aar (androidx.compose.ui:ui-tooling-preview-android:1.6.2) with JetifyTransform
Transforming ui-tooling-preview-release.aar (androidx.compose.ui:ui-tooling-preview-android:1.6.2) with ExtractAarTransform
Transforming ui-tooling-preview-release.aar (androidx.compose.ui:ui-tooling-preview-android:1.6.2) with LibrarySymbolTableTransform
Transforming ui-graphics-release.aar (androidx.compose.ui:ui-graphics-android:1.6.2) with JetifyTransform
Transforming ui-graphics-release.aar (androidx.compose.ui:ui-graphics-android:1.6.2) with ExtractAarTransform
Transforming ui-graphics-release.aar (androidx.compose.ui:ui-graphics-android:1.6.2) with LibrarySymbolTableTransform
Transforming ui-tooling-release.aar (androidx.compose.ui:ui-tooling-android:1.6.2) with JetifyTransform
Transforming ui-tooling-release.aar (androidx.compose.ui:ui-tooling-android:1.6.2) with ExtractAarTransform
Transforming ui-tooling-release.aar (androidx.compose.ui:ui-tooling-android:1.6.2) with LibrarySymbolTableTransform
Transforming activity-compose-1.9.3.aar (androidx.activity:activity-compose:1.9.3) with JetifyTransform
Transforming activity-compose-1.9.3.aar (androidx.activity:activity-compose:1.9.3) with ExtractAarTransform
Transforming activity-compose-1.9.3.aar (androidx.activity:activity-compose:1.9.3) with LibrarySymbolTableTransform
Transforming emoji2-views-helper-1.3.0.aar (androidx.emoji2:emoji2-views-helper:1.3.0) with JetifyTransform
Transforming emoji2-views-helper-1.3.0.aar (androidx.emoji2:emoji2-views-helper:1.3.0) with ExtractAarTransform
Transforming emoji2-views-helper-1.3.0.aar (androidx.emoji2:emoji2-views-helper:1.3.0) with LibrarySymbolTableTransform
Transforming emoji2-1.3.0.aar (androidx.emoji2:emoji2:1.3.0) with JetifyTransform
Transforming emoji2-1.3.0.aar (androidx.emoji2:emoji2:1.3.0) with ExtractAarTransform
Transforming emoji2-1.3.0.aar (androidx.emoji2:emoji2:1.3.0) with LibrarySymbolTableTransform
Transforming slidingpanelayout-1.2.0.aar (androidx.slidingpanelayout:slidingpanelayout:1.2.0) with JetifyTransform
Transforming slidingpanelayout-1.2.0.aar (androidx.slidingpanelayout:slidingpanelayout:1.2.0) with ExtractAarTransform
Transforming slidingpanelayout-1.2.0.aar (androidx.slidingpanelayout:slidingpanelayout:1.2.0) with LibrarySymbolTableTransform
Transforming transition-1.5.0.aar (androidx.transition:transition:1.5.0) with JetifyTransform
Transforming transition-1.5.0.aar (androidx.transition:transition:1.5.0) with ExtractAarTransform
Transforming transition-1.5.0.aar (androidx.transition:transition:1.5.0) with LibrarySymbolTableTransform
Transforming dynamicanimation-1.0.0.aar (androidx.dynamicanimation:dynamicanimation:1.0.0) with JetifyTransform
Transforming dynamicanimation-1.0.0.aar (androidx.dynamicanimation:dynamicanimation:1.0.0) with ExtractAarTransform
Transforming dynamicanimation-1.0.0.aar (androidx.dynamicanimation:dynamicanimation:1.0.0) with LibrarySymbolTableTransform
Transforming legacy-support-core-utils-1.0.0.aar (androidx.legacy:legacy-support-core-utils:1.0.0) with JetifyTransform
Transforming legacy-support-core-utils-1.0.0.aar (androidx.legacy:legacy-support-core-utils:1.0.0) with ExtractAarTransform
Transforming legacy-support-core-utils-1.0.0.aar (androidx.legacy:legacy-support-core-utils:1.0.0) with LibrarySymbolTableTransform
Transforming legacy-support-core-utils-1.0.0.aar (androidx.legacy:legacy-support-core-utils:1.0.0) with JetifyTransform
Transforming legacy-support-core-utils-1.0.0.aar (androidx.legacy:legacy-support-core-utils:1.0.0) with ExtractAarTransform
Transforming legacy-support-core-utils-1.0.0.aar (androidx.legacy:legacy-support-core-utils:1.0.0) with LibrarySymbolTableTransform
Transforming legacy-support-core-utils-1.0.0.aar (androidx.legacy:legacy-support-core-utils:1.0.0) with JetifyTransform
Transforming legacy-support-core-utils-1.0.0.aar (androidx.legacy:legacy-support-core-utils:1.0.0) with ExtractAarTransform
Transforming legacy-support-core-utils-1.0.0.aar (androidx.legacy:legacy-support-core-utils:1.0.0) with LibrarySymbolTableTransform
Transforming loader-1.0.0.aar (androidx.loader:loader:1.0.0) with JetifyTransform
Transforming loader-1.0.0.aar (androidx.loader:loader:1.0.0) with ExtractAarTransform
Transforming loader-1.0.0.aar (androidx.loader:loader:1.0.0) with LibrarySymbolTableTransform
Transforming loader-1.0.0.aar (androidx.loader:loader:1.0.0) with JetifyTransform
Transforming loader-1.0.0.aar (androidx.loader:loader:1.0.0) with ExtractAarTransform
Transforming loader-1.0.0.aar (androidx.loader:loader:1.0.0) with LibrarySymbolTableTransform
Transforming drawerlayout-1.1.1.aar (androidx.drawerlayout:drawerlayout:1.1.1) with JetifyTransform
Transforming drawerlayout-1.1.1.aar (androidx.drawerlayout:drawerlayout:1.1.1) with ExtractAarTransform
Transforming drawerlayout-1.1.1.aar (androidx.drawerlayout:drawerlayout:1.1.1) with LibrarySymbolTableTransform
Transforming coordinatorlayout-1.1.0.aar (androidx.coordinatorlayout:coordinatorlayout:1.1.0) with JetifyTransform
Transforming coordinatorlayout-1.1.0.aar (androidx.coordinatorlayout:coordinatorlayout:1.1.0) with ExtractAarTransform
Transforming coordinatorlayout-1.1.0.aar (androidx.coordinatorlayout:coordinatorlayout:1.1.0) with LibrarySymbolTableTransform
Transforming vectordrawable-animated-1.1.0.aar (androidx.vectordrawable:vectordrawable-animated:1.1.0) with JetifyTransform
Transforming vectordrawable-animated-1.1.0.aar (androidx.vectordrawable:vectordrawable-animated:1.1.0) with ExtractAarTransform
Transforming vectordrawable-animated-1.1.0.aar (androidx.vectordrawable:vectordrawable-animated:1.1.0) with LibrarySymbolTableTransform
Transforming vectordrawable-1.1.0.aar (androidx.vectordrawable:vectordrawable:1.1.0) with JetifyTransform
Transforming vectordrawable-1.1.0.aar (androidx.vectordrawable:vectordrawable:1.1.0) with ExtractAarTransform
Transforming vectordrawable-1.1.0.aar (androidx.vectordrawable:vectordrawable:1.1.0) with LibrarySymbolTableTransform
Transforming vectordrawable-1.1.0.aar (androidx.vectordrawable:vectordrawable:1.1.0) with JetifyTransform
Transforming vectordrawable-1.1.0.aar (androidx.vectordrawable:vectordrawable:1.1.0) with ExtractAarTransform
Transforming vectordrawable-1.1.0.aar (androidx.vectordrawable:vectordrawable:1.1.0) with LibrarySymbolTableTransform
Transforming media-1.7.0.aar (androidx.media:media:1.7.0) with JetifyTransform
Transforming media-1.7.0.aar (androidx.media:media:1.7.0) with ExtractAarTransform
Transforming media-1.7.0.aar (androidx.media:media:1.7.0) with LibrarySymbolTableTransform
Transforming viewpager-1.0.0.aar (androidx.viewpager:viewpager:1.0.0) with JetifyTransform
Transforming viewpager-1.0.0.aar (androidx.viewpager:viewpager:1.0.0) with ExtractAarTransform
Transforming viewpager-1.0.0.aar (androidx.viewpager:viewpager:1.0.0) with LibrarySymbolTableTransform
Transforming customview-1.1.0.aar (androidx.customview:customview:1.1.0) with JetifyTransform
Transforming customview-1.1.0.aar (androidx.customview:customview:1.1.0) with ExtractAarTransform
Transforming customview-1.1.0.aar (androidx.customview:customview:1.1.0) with LibrarySymbolTableTransform
Transforming customview-1.1.0.aar (androidx.customview:customview:1.1.0) with JetifyTransform
Transforming customview-1.1.0.aar (androidx.customview:customview:1.1.0) with ExtractAarTransform
Transforming customview-1.1.0.aar (androidx.customview:customview:1.1.0) with LibrarySymbolTableTransform
Transforming customview-1.1.0.aar (androidx.customview:customview:1.1.0) with JetifyTransform
Transforming customview-1.1.0.aar (androidx.customview:customview:1.1.0) with ExtractAarTransform
Transforming customview-1.1.0.aar (androidx.customview:customview:1.1.0) with LibrarySymbolTableTransform
Transforming customview-1.1.0.aar (androidx.customview:customview:1.1.0) with JetifyTransform
Transforming customview-1.1.0.aar (androidx.customview:customview:1.1.0) with ExtractAarTransform
Transforming customview-1.1.0.aar (androidx.customview:customview:1.1.0) with LibrarySymbolTableTransform
Transforming autofill-1.0.0.aar (androidx.autofill:autofill:1.0.0) with JetifyTransform
Transforming autofill-1.0.0.aar (androidx.autofill:autofill:1.0.0) with ExtractAarTransform
Transforming autofill-1.0.0.aar (androidx.autofill:autofill:1.0.0) with LibrarySymbolTableTransform
Transforming window-1.0.0.aar (androidx.window:window:1.0.0) with JetifyTransform
Transforming window-1.0.0.aar (androidx.window:window:1.0.0) with ExtractAarTransform
Transforming window-1.0.0.aar (androidx.window:window:1.0.0) with LibrarySymbolTableTransform
Transforming core-1.13.1.aar (androidx.core:core:1.13.1) with JetifyTransform
Transforming core-1.13.1.aar (androidx.core:core:1.13.1) with ExtractAarTransform
Transforming core-1.13.1.aar (androidx.core:core:1.13.1) with LibrarySymbolTableTransform
Transforming core-1.13.1.aar (androidx.core:core:1.13.1) with JetifyTransform
Transforming core-1.13.1.aar (androidx.core:core:1.13.1) with ExtractAarTransform
Transforming core-1.13.1.aar (androidx.core:core:1.13.1) with LibrarySymbolTableTransform
Transforming core-1.13.1.aar (androidx.core:core:1.13.1) with JetifyTransform
Transforming core-1.13.1.aar (androidx.core:core:1.13.1) with ExtractAarTransform
Transforming core-1.13.1.aar (androidx.core:core:1.13.1) with LibrarySymbolTableTransform
Transforming core-1.13.1.aar (androidx.core:core:1.13.1) with JetifyTransform
Transforming core-1.13.1.aar (androidx.core:core:1.13.1) with ExtractAarTransform
Transforming core-1.13.1.aar (androidx.core:core:1.13.1) with LibrarySymbolTableTransform
Transforming core-1.13.1.aar (androidx.core:core:1.13.1) with JetifyTransform
Transforming core-1.13.1.aar (androidx.core:core:1.13.1) with ExtractAarTransform
Transforming core-1.13.1.aar (androidx.core:core:1.13.1) with LibrarySymbolTableTransform
Transforming core-1.13.1.aar (androidx.core:core:1.13.1) with JetifyTransform
Transforming core-1.13.1.aar (androidx.core:core:1.13.1) with ExtractAarTransform
Transforming core-1.13.1.aar (androidx.core:core:1.13.1) with LibrarySymbolTableTransform
Transforming core-1.13.1.aar (androidx.core:core:1.13.1) with JetifyTransform
Transforming core-1.13.1.aar (androidx.core:core:1.13.1) with ExtractAarTransform
Transforming core-1.13.1.aar (androidx.core:core:1.13.1) with LibrarySymbolTableTransform
Transforming core-1.13.1.aar (androidx.core:core:1.13.1) with JetifyTransform
Transforming core-1.13.1.aar (androidx.core:core:1.13.1) with ExtractAarTransform
Transforming core-1.13.1.aar (androidx.core:core:1.13.1) with LibrarySymbolTableTransform
Transforming core-1.13.1.aar (androidx.core:core:1.13.1) with JetifyTransform
Transforming core-1.13.1.aar (androidx.core:core:1.13.1) with ExtractAarTransform
Transforming core-1.13.1.aar (androidx.core:core:1.13.1) with LibrarySymbolTableTransform
Transforming core-1.13.1.aar (androidx.core:core:1.13.1) with JetifyTransform
Transforming core-1.13.1.aar (androidx.core:core:1.13.1) with ExtractAarTransform
Transforming core-1.13.1.aar (androidx.core:core:1.13.1) with LibrarySymbolTableTransform
Transforming core-1.13.1.aar (androidx.core:core:1.13.1) with JetifyTransform
Transforming core-1.13.1.aar (androidx.core:core:1.13.1) with ExtractAarTransform
Transforming core-1.13.1.aar (androidx.core:core:1.13.1) with LibrarySymbolTableTransform
Transforming core-1.13.1.aar (androidx.core:core:1.13.1) with JetifyTransform
Transforming core-1.13.1.aar (androidx.core:core:1.13.1) with ExtractAarTransform
Transforming core-1.13.1.aar (androidx.core:core:1.13.1) with LibrarySymbolTableTransform
Transforming core-1.13.1.aar (androidx.core:core:1.13.1) with JetifyTransform
Transforming core-1.13.1.aar (androidx.core:core:1.13.1) with ExtractAarTransform
Transforming core-1.13.1.aar (androidx.core:core:1.13.1) with LibrarySymbolTableTransform
Transforming savedstate-ktx-1.2.1.aar (androidx.savedstate:savedstate-ktx:1.2.1) with JetifyTransform
Transforming savedstate-ktx-1.2.1.aar (androidx.savedstate:savedstate-ktx:1.2.1) with ExtractAarTransform
Transforming savedstate-ktx-1.2.1.aar (androidx.savedstate:savedstate-ktx:1.2.1) with LibrarySymbolTableTransform
Transforming savedstate-1.2.1.aar (androidx.savedstate:savedstate:1.2.1) with JetifyTransform
Transforming savedstate-1.2.1.aar (androidx.savedstate:savedstate:1.2.1) with ExtractAarTransform
Transforming savedstate-1.2.1.aar (androidx.savedstate:savedstate:1.2.1) with LibrarySymbolTableTransform
Transforming lifecycle-service-2.8.7.aar (androidx.lifecycle:lifecycle-service:2.8.7) with JetifyTransform
Transforming lifecycle-service-2.8.7.aar (androidx.lifecycle:lifecycle-service:2.8.7) with ExtractAarTransform
Transforming lifecycle-service-2.8.7.aar (androidx.lifecycle:lifecycle-service:2.8.7) with LibrarySymbolTableTransform
Transforming lifecycle-runtime-release.aar (androidx.lifecycle:lifecycle-runtime-android:2.8.7) with JetifyTransform
Transforming lifecycle-runtime-release.aar (androidx.lifecycle:lifecycle-runtime-android:2.8.7) with ExtractAarTransform
Transforming lifecycle-runtime-release.aar (androidx.lifecycle:lifecycle-runtime-android:2.8.7) with LibrarySymbolTableTransform
Transforming lifecycle-viewmodel-2.8.7.aar (androidx.lifecycle:lifecycle-viewmodel:2.8.7) with JetifyTransform
Transforming lifecycle-viewmodel-2.8.7.aar (androidx.lifecycle:lifecycle-viewmodel:2.8.7) with ExtractAarTransform
Transforming lifecycle-viewmodel-2.8.7.aar (androidx.lifecycle:lifecycle-viewmodel:2.8.7) with LibrarySymbolTableTransform
Transforming lifecycle-viewmodel-release.aar (androidx.lifecycle:lifecycle-viewmodel-android:2.8.7) with JetifyTransform
Transforming lifecycle-viewmodel-release.aar (androidx.lifecycle:lifecycle-viewmodel-android:2.8.7) with ExtractAarTransform
Transforming lifecycle-viewmodel-release.aar (androidx.lifecycle:lifecycle-viewmodel-android:2.8.7) with LibrarySymbolTableTransform
Transforming lifecycle-livedata-core-2.8.7.aar (androidx.lifecycle:lifecycle-livedata-core:2.8.7) with JetifyTransform
Transforming lifecycle-livedata-core-2.8.7.aar (androidx.lifecycle:lifecycle-livedata-core:2.8.7) with ExtractAarTransform
Transforming lifecycle-livedata-core-2.8.7.aar (androidx.lifecycle:lifecycle-livedata-core:2.8.7) with LibrarySymbolTableTransform
Transforming lifecycle-process-2.8.7.aar (androidx.lifecycle:lifecycle-process:2.8.7) with JetifyTransform
Transforming lifecycle-process-2.8.7.aar (androidx.lifecycle:lifecycle-process:2.8.7) with ExtractAarTransform
Transforming lifecycle-process-2.8.7.aar (androidx.lifecycle:lifecycle-process:2.8.7) with LibrarySymbolTableTransform
Transforming lifecycle-runtime-compose-release.aar (androidx.lifecycle:lifecycle-runtime-compose-android:2.8.7) with JetifyTransform
Transforming lifecycle-runtime-compose-release.aar (androidx.lifecycle:lifecycle-runtime-compose-android:2.8.7) with ExtractAarTransform
Transforming lifecycle-runtime-compose-release.aar (androidx.lifecycle:lifecycle-runtime-compose-android:2.8.7) with LibrarySymbolTableTransform
Transforming lifecycle-viewmodel-compose-release.aar (androidx.lifecycle:lifecycle-viewmodel-compose-android:2.8.7) with JetifyTransform
Transforming lifecycle-viewmodel-compose-release.aar (androidx.lifecycle:lifecycle-viewmodel-compose-android:2.8.7) with ExtractAarTransform
Transforming lifecycle-viewmodel-compose-release.aar (androidx.lifecycle:lifecycle-viewmodel-compose-android:2.8.7) with LibrarySymbolTableTransform
Transforming accompanist-drawablepainter-0.32.0.aar (com.google.accompanist:accompanist-drawablepainter:0.32.0) with JetifyTransform
Transforming accompanist-drawablepainter-0.32.0.aar (com.google.accompanist:accompanist-drawablepainter:0.32.0) with ExtractAarTransform
Transforming accompanist-drawablepainter-0.32.0.aar (com.google.accompanist:accompanist-drawablepainter:0.32.0) with LibrarySymbolTableTransform
Transforming ui-release.aar (androidx.compose.ui:ui-android:1.6.2) with JetifyTransform
Transforming ui-release.aar (androidx.compose.ui:ui-android:1.6.2) with ExtractAarTransform
Transforming ui-release.aar (androidx.compose.ui:ui-android:1.6.2) with LibrarySymbolTableTransform
Transforming ui-test-manifest-1.6.2.aar (androidx.compose.ui:ui-test-manifest:1.6.2) with JetifyTransform
Transforming ui-test-manifest-1.6.2.aar (androidx.compose.ui:ui-test-manifest:1.6.2) with ExtractAarTransform
Transforming ui-test-manifest-1.6.2.aar (androidx.compose.ui:ui-test-manifest:1.6.2) with LibrarySymbolTableTransform
Transforming activity-1.9.3.aar (androidx.activity:activity:1.9.3) with JetifyTransform
Transforming activity-1.9.3.aar (androidx.activity:activity:1.9.3) with ExtractAarTransform
Transforming activity-1.9.3.aar (androidx.activity:activity:1.9.3) with LibrarySymbolTableTransform
Transforming lifecycle-viewmodel-savedstate-2.8.7.aar (androidx.lifecycle:lifecycle-viewmodel-savedstate:2.8.7) with JetifyTransform
Transforming lifecycle-viewmodel-savedstate-2.8.7.aar (androidx.lifecycle:lifecycle-viewmodel-savedstate:2.8.7) with ExtractAarTransform
Transforming lifecycle-viewmodel-savedstate-2.8.7.aar (androidx.lifecycle:lifecycle-viewmodel-savedstate:2.8.7) with LibrarySymbolTableTransform
Transforming lifecycle-runtime-ktx-release.aar (androidx.lifecycle:lifecycle-runtime-ktx-android:2.8.7) with JetifyTransform
Transforming lifecycle-runtime-ktx-release.aar (androidx.lifecycle:lifecycle-runtime-ktx-android:2.8.7) with ExtractAarTransform
Transforming lifecycle-runtime-ktx-release.aar (androidx.lifecycle:lifecycle-runtime-ktx-android:2.8.7) with LibrarySymbolTableTransform
Transforming lifecycle-livedata-2.8.7.aar (androidx.lifecycle:lifecycle-livedata:2.8.7) with JetifyTransform
Transforming lifecycle-livedata-2.8.7.aar (androidx.lifecycle:lifecycle-livedata:2.8.7) with ExtractAarTransform
Transforming lifecycle-livedata-2.8.7.aar (androidx.lifecycle:lifecycle-livedata:2.8.7) with LibrarySymbolTableTransform
Transforming lifecycle-livedata-2.8.7.aar (androidx.lifecycle:lifecycle-livedata:2.8.7) with JetifyTransform
Transforming lifecycle-livedata-2.8.7.aar (androidx.lifecycle:lifecycle-livedata:2.8.7) with ExtractAarTransform
Transforming lifecycle-livedata-2.8.7.aar (androidx.lifecycle:lifecycle-livedata:2.8.7) with LibrarySymbolTableTransform
Transforming lifecycle-livedata-core-ktx-2.8.7.aar (androidx.lifecycle:lifecycle-livedata-core-ktx:2.8.7) with JetifyTransform
Transforming lifecycle-livedata-core-ktx-2.8.7.aar (androidx.lifecycle:lifecycle-livedata-core-ktx:2.8.7) with ExtractAarTransform
Transforming lifecycle-livedata-core-ktx-2.8.7.aar (androidx.lifecycle:lifecycle-livedata-core-ktx:2.8.7) with LibrarySymbolTableTransform
Transforming lifecycle-livedata-ktx-2.8.7.aar (androidx.lifecycle:lifecycle-livedata-ktx:2.8.7) with JetifyTransform
Transforming lifecycle-livedata-ktx-2.8.7.aar (androidx.lifecycle:lifecycle-livedata-ktx:2.8.7) with ExtractAarTransform
Transforming lifecycle-livedata-ktx-2.8.7.aar (androidx.lifecycle:lifecycle-livedata-ktx:2.8.7) with LibrarySymbolTableTransform
Transforming lifecycle-viewmodel-ktx-2.8.7.aar (androidx.lifecycle:lifecycle-viewmodel-ktx:2.8.7) with JetifyTransform
Transforming lifecycle-viewmodel-ktx-2.8.7.aar (androidx.lifecycle:lifecycle-viewmodel-ktx:2.8.7) with ExtractAarTransform
Transforming lifecycle-viewmodel-ktx-2.8.7.aar (androidx.lifecycle:lifecycle-viewmodel-ktx:2.8.7) with LibrarySymbolTableTransform
Transforming runtime-saveable-release.aar (androidx.compose.runtime:runtime-saveable-android:1.7.1) with JetifyTransform
Transforming runtime-saveable-release.aar (androidx.compose.runtime:runtime-saveable-android:1.7.1) with ExtractAarTransform
Transforming runtime-saveable-release.aar (androidx.compose.runtime:runtime-saveable-android:1.7.1) with LibrarySymbolTableTransform
Transforming runtime-release.aar (androidx.compose.runtime:runtime-android:1.7.1) with JetifyTransform
Transforming runtime-release.aar (androidx.compose.runtime:runtime-android:1.7.1) with ExtractAarTransform
Transforming runtime-release.aar (androidx.compose.runtime:runtime-android:1.7.1) with LibrarySymbolTableTransform
Transforming ads-adservices-java-1.0.0-beta05.aar (androidx.privacysandbox.ads:ads-adservices-java:1.0.0-beta05) with JetifyTransform
Transforming ads-adservices-java-1.0.0-beta05.aar (androidx.privacysandbox.ads:ads-adservices-java:1.0.0-beta05) with ExtractAarTransform
Transforming ads-adservices-java-1.0.0-beta05.aar (androidx.privacysandbox.ads:ads-adservices-java:1.0.0-beta05) with LibrarySymbolTableTransform
Transforming ads-adservices-1.0.0-beta05.aar (androidx.privacysandbox.ads:ads-adservices:1.0.0-beta05) with JetifyTransform
Transforming ads-adservices-1.0.0-beta05.aar (androidx.privacysandbox.ads:ads-adservices:1.0.0-beta05) with ExtractAarTransform
Transforming ads-adservices-1.0.0-beta05.aar (androidx.privacysandbox.ads:ads-adservices:1.0.0-beta05) with LibrarySymbolTableTransform
Transforming ads-adservices-1.0.0-beta05.aar (androidx.privacysandbox.ads:ads-adservices:1.0.0-beta05) with JetifyTransform
Transforming ads-adservices-1.0.0-beta05.aar (androidx.privacysandbox.ads:ads-adservices:1.0.0-beta05) with ExtractAarTransform
Transforming ads-adservices-1.0.0-beta05.aar (androidx.privacysandbox.ads:ads-adservices:1.0.0-beta05) with LibrarySymbolTableTransform
Transforming firebase-installations-interop-17.1.1.aar (com.google.firebase:firebase-installations-interop:17.1.1) with JetifyTransform
Transforming firebase-installations-interop-17.1.1.aar (com.google.firebase:firebase-installations-interop:17.1.1) with ExtractAarTransform
Transforming firebase-installations-interop-17.1.1.aar (com.google.firebase:firebase-installations-interop:17.1.1) with LibrarySymbolTableTransform
Transforming firebase-installations-interop-17.1.1.aar (com.google.firebase:firebase-installations-interop:17.1.1) with JetifyTransform
Transforming firebase-installations-interop-17.1.1.aar (com.google.firebase:firebase-installations-interop:17.1.1) with ExtractAarTransform
Transforming firebase-installations-interop-17.1.1.aar (com.google.firebase:firebase-installations-interop:17.1.1) with LibrarySymbolTableTransform
Transforming play-services-tasks-18.2.0.aar (com.google.android.gms:play-services-tasks:18.2.0) with JetifyTransform
Transforming play-services-tasks-18.2.0.aar (com.google.android.gms:play-services-tasks:18.2.0) with ExtractAarTransform
Transforming play-services-tasks-18.2.0.aar (com.google.android.gms:play-services-tasks:18.2.0) with LibrarySymbolTableTransform
Transforming play-services-tasks-18.2.0.aar (com.google.android.gms:play-services-tasks:18.2.0) with JetifyTransform
Transforming play-services-tasks-18.2.0.aar (com.google.android.gms:play-services-tasks:18.2.0) with ExtractAarTransform
Transforming play-services-tasks-18.2.0.aar (com.google.android.gms:play-services-tasks:18.2.0) with LibrarySymbolTableTransform
Transforming play-services-tasks-18.2.0.aar (com.google.android.gms:play-services-tasks:18.2.0) with JetifyTransform
Transforming play-services-tasks-18.2.0.aar (com.google.android.gms:play-services-tasks:18.2.0) with ExtractAarTransform
Transforming play-services-tasks-18.2.0.aar (com.google.android.gms:play-services-tasks:18.2.0) with LibrarySymbolTableTransform
Transforming play-services-tasks-18.2.0.aar (com.google.android.gms:play-services-tasks:18.2.0) with JetifyTransform
Transforming play-services-tasks-18.2.0.aar (com.google.android.gms:play-services-tasks:18.2.0) with ExtractAarTransform
Transforming play-services-tasks-18.2.0.aar (com.google.android.gms:play-services-tasks:18.2.0) with LibrarySymbolTableTransform
Transforming play-services-tasks-18.2.0.aar (com.google.android.gms:play-services-tasks:18.2.0) with JetifyTransform
Transforming play-services-tasks-18.2.0.aar (com.google.android.gms:play-services-tasks:18.2.0) with ExtractAarTransform
Transforming play-services-tasks-18.2.0.aar (com.google.android.gms:play-services-tasks:18.2.0) with LibrarySymbolTableTransform
Transforming play-services-tasks-18.2.0.aar (com.google.android.gms:play-services-tasks:18.2.0) with JetifyTransform
Transforming play-services-tasks-18.2.0.aar (com.google.android.gms:play-services-tasks:18.2.0) with ExtractAarTransform
Transforming play-services-tasks-18.2.0.aar (com.google.android.gms:play-services-tasks:18.2.0) with LibrarySymbolTableTransform
Transforming play-services-tasks-18.2.0.aar (com.google.android.gms:play-services-tasks:18.2.0) with JetifyTransform
Transforming play-services-tasks-18.2.0.aar (com.google.android.gms:play-services-tasks:18.2.0) with ExtractAarTransform
Transforming play-services-tasks-18.2.0.aar (com.google.android.gms:play-services-tasks:18.2.0) with LibrarySymbolTableTransform
Transforming play-services-tasks-18.2.0.aar (com.google.android.gms:play-services-tasks:18.2.0) with JetifyTransform
Transforming play-services-tasks-18.2.0.aar (com.google.android.gms:play-services-tasks:18.2.0) with ExtractAarTransform
Transforming play-services-tasks-18.2.0.aar (com.google.android.gms:play-services-tasks:18.2.0) with LibrarySymbolTableTransform
Transforming play-services-tasks-18.2.0.aar (com.google.android.gms:play-services-tasks:18.2.0) with JetifyTransform
Transforming play-services-tasks-18.2.0.aar (com.google.android.gms:play-services-tasks:18.2.0) with ExtractAarTransform
Transforming play-services-tasks-18.2.0.aar (com.google.android.gms:play-services-tasks:18.2.0) with LibrarySymbolTableTransform
Transforming firebase-measurement-connector-19.0.0.aar (com.google.firebase:firebase-measurement-connector:19.0.0) with JetifyTransform
Transforming firebase-measurement-connector-19.0.0.aar (com.google.firebase:firebase-measurement-connector:19.0.0) with ExtractAarTransform
Transforming firebase-measurement-connector-19.0.0.aar (com.google.firebase:firebase-measurement-connector:19.0.0) with LibrarySymbolTableTransform
Transforming play-services-basement-18.4.0.aar (com.google.android.gms:play-services-basement:18.4.0) with JetifyTransform
Transforming play-services-basement-18.4.0.aar (com.google.android.gms:play-services-basement:18.4.0) with ExtractAarTransform
Transforming play-services-basement-18.4.0.aar (com.google.android.gms:play-services-basement:18.4.0) with LibrarySymbolTableTransform
Transforming play-services-basement-18.4.0.aar (com.google.android.gms:play-services-basement:18.4.0) with JetifyTransform
Transforming play-services-basement-18.4.0.aar (com.google.android.gms:play-services-basement:18.4.0) with ExtractAarTransform
Transforming play-services-basement-18.4.0.aar (com.google.android.gms:play-services-basement:18.4.0) with LibrarySymbolTableTransform
Transforming play-services-basement-18.4.0.aar (com.google.android.gms:play-services-basement:18.4.0) with JetifyTransform
Transforming play-services-basement-18.4.0.aar (com.google.android.gms:play-services-basement:18.4.0) with ExtractAarTransform
Transforming play-services-basement-18.4.0.aar (com.google.android.gms:play-services-basement:18.4.0) with LibrarySymbolTableTransform
Transforming play-services-basement-18.4.0.aar (com.google.android.gms:play-services-basement:18.4.0) with JetifyTransform
Transforming play-services-basement-18.4.0.aar (com.google.android.gms:play-services-basement:18.4.0) with ExtractAarTransform
Transforming play-services-basement-18.4.0.aar (com.google.android.gms:play-services-basement:18.4.0) with LibrarySymbolTableTransform
Transforming play-services-basement-18.4.0.aar (com.google.android.gms:play-services-basement:18.4.0) with JetifyTransform
Transforming play-services-basement-18.4.0.aar (com.google.android.gms:play-services-basement:18.4.0) with ExtractAarTransform
Transforming play-services-basement-18.4.0.aar (com.google.android.gms:play-services-basement:18.4.0) with LibrarySymbolTableTransform
Transforming play-services-basement-18.4.0.aar (com.google.android.gms:play-services-basement:18.4.0) with JetifyTransform
Transforming play-services-basement-18.4.0.aar (com.google.android.gms:play-services-basement:18.4.0) with ExtractAarTransform
Transforming play-services-basement-18.4.0.aar (com.google.android.gms:play-services-basement:18.4.0) with LibrarySymbolTableTransform
Transforming play-services-basement-18.4.0.aar (com.google.android.gms:play-services-basement:18.4.0) with JetifyTransform
Transforming play-services-basement-18.4.0.aar (com.google.android.gms:play-services-basement:18.4.0) with ExtractAarTransform
Transforming play-services-basement-18.4.0.aar (com.google.android.gms:play-services-basement:18.4.0) with LibrarySymbolTableTransform
Transforming play-services-basement-18.4.0.aar (com.google.android.gms:play-services-basement:18.4.0) with JetifyTransform
Transforming play-services-basement-18.4.0.aar (com.google.android.gms:play-services-basement:18.4.0) with ExtractAarTransform
Transforming play-services-basement-18.4.0.aar (com.google.android.gms:play-services-basement:18.4.0) with LibrarySymbolTableTransform
Transforming play-services-basement-18.4.0.aar (com.google.android.gms:play-services-basement:18.4.0) with JetifyTransform
Transforming play-services-basement-18.4.0.aar (com.google.android.gms:play-services-basement:18.4.0) with ExtractAarTransform
Transforming play-services-basement-18.4.0.aar (com.google.android.gms:play-services-basement:18.4.0) with LibrarySymbolTableTransform
Transforming play-services-basement-18.4.0.aar (com.google.android.gms:play-services-basement:18.4.0) with JetifyTransform
Transforming play-services-basement-18.4.0.aar (com.google.android.gms:play-services-basement:18.4.0) with ExtractAarTransform
Transforming play-services-basement-18.4.0.aar (com.google.android.gms:play-services-basement:18.4.0) with LibrarySymbolTableTransform
Transforming play-services-basement-18.4.0.aar (com.google.android.gms:play-services-basement:18.4.0) with JetifyTransform
Transforming play-services-basement-18.4.0.aar (com.google.android.gms:play-services-basement:18.4.0) with ExtractAarTransform
Transforming play-services-basement-18.4.0.aar (com.google.android.gms:play-services-basement:18.4.0) with LibrarySymbolTableTransform
Transforming play-services-basement-18.4.0.aar (com.google.android.gms:play-services-basement:18.4.0) with JetifyTransform
Transforming play-services-basement-18.4.0.aar (com.google.android.gms:play-services-basement:18.4.0) with ExtractAarTransform
Transforming play-services-basement-18.4.0.aar (com.google.android.gms:play-services-basement:18.4.0) with LibrarySymbolTableTransform
Transforming play-services-basement-18.4.0.aar (com.google.android.gms:play-services-basement:18.4.0) with JetifyTransform
Transforming play-services-basement-18.4.0.aar (com.google.android.gms:play-services-basement:18.4.0) with ExtractAarTransform
Transforming play-services-basement-18.4.0.aar (com.google.android.gms:play-services-basement:18.4.0) with LibrarySymbolTableTransform
Transforming play-services-basement-18.4.0.aar (com.google.android.gms:play-services-basement:18.4.0) with JetifyTransform
Transforming play-services-basement-18.4.0.aar (com.google.android.gms:play-services-basement:18.4.0) with ExtractAarTransform
Transforming play-services-basement-18.4.0.aar (com.google.android.gms:play-services-basement:18.4.0) with LibrarySymbolTableTransform
Transforming fragment-1.8.5.aar (androidx.fragment:fragment:1.8.5) with JetifyTransform
Transforming fragment-1.8.5.aar (androidx.fragment:fragment:1.8.5) with ExtractAarTransform
Transforming fragment-1.8.5.aar (androidx.fragment:fragment:1.8.5) with LibrarySymbolTableTransform
Transforming fragment-1.8.5.aar (androidx.fragment:fragment:1.8.5) with JetifyTransform
Transforming fragment-1.8.5.aar (androidx.fragment:fragment:1.8.5) with ExtractAarTransform
Transforming fragment-1.8.5.aar (androidx.fragment:fragment:1.8.5) with LibrarySymbolTableTransform
Transforming fragment-1.8.5.aar (androidx.fragment:fragment:1.8.5) with JetifyTransform
Transforming fragment-1.8.5.aar (androidx.fragment:fragment:1.8.5) with ExtractAarTransform
Transforming fragment-1.8.5.aar (androidx.fragment:fragment:1.8.5) with LibrarySymbolTableTransform
Transforming fragment-ktx-1.8.5.aar (androidx.fragment:fragment-ktx:1.8.5) with JetifyTransform
Transforming fragment-ktx-1.8.5.aar (androidx.fragment:fragment-ktx:1.8.5) with ExtractAarTransform
Transforming fragment-ktx-1.8.5.aar (androidx.fragment:fragment-ktx:1.8.5) with LibrarySymbolTableTransform
Transforming activity-ktx-1.9.3.aar (androidx.activity:activity-ktx:1.9.3) with JetifyTransform
Transforming activity-ktx-1.9.3.aar (androidx.activity:activity-ktx:1.9.3) with ExtractAarTransform
Transforming activity-ktx-1.9.3.aar (androidx.activity:activity-ktx:1.9.3) with LibrarySymbolTableTransform
Transforming customview-poolingcontainer-1.0.0.aar (androidx.customview:customview-poolingcontainer:1.0.0) with JetifyTransform
Transforming customview-poolingcontainer-1.0.0.aar (androidx.customview:customview-poolingcontainer:1.0.0) with ExtractAarTransform
Transforming customview-poolingcontainer-1.0.0.aar (androidx.customview:customview-poolingcontainer:1.0.0) with LibrarySymbolTableTransform
Transforming core-ktx-1.13.1.aar (androidx.core:core-ktx:1.13.1) with JetifyTransform
Transforming core-ktx-1.13.1.aar (androidx.core:core-ktx:1.13.1) with ExtractAarTransform
Transforming core-ktx-1.13.1.aar (androidx.core:core-ktx:1.13.1) with LibrarySymbolTableTransform
Transforming flexbox-3.0.0.aar (com.google.android.flexbox:flexbox:3.0.0) with JetifyTransform
Transforming flexbox-3.0.0.aar (com.google.android.flexbox:flexbox:3.0.0) with ExtractAarTransform
Transforming flexbox-3.0.0.aar (com.google.android.flexbox:flexbox:3.0.0) with LibrarySymbolTableTransform
Transforming sqlite-framework-2.4.0.aar (androidx.sqlite:sqlite-framework:2.4.0) with JetifyTransform
Transforming sqlite-framework-2.4.0.aar (androidx.sqlite:sqlite-framework:2.4.0) with ExtractAarTransform
Transforming sqlite-framework-2.4.0.aar (androidx.sqlite:sqlite-framework:2.4.0) with LibrarySymbolTableTransform
Transforming sqlite-2.4.0.aar (androidx.sqlite:sqlite:2.4.0) with JetifyTransform
Transforming sqlite-2.4.0.aar (androidx.sqlite:sqlite:2.4.0) with ExtractAarTransform
Transforming sqlite-2.4.0.aar (androidx.sqlite:sqlite:2.4.0) with LibrarySymbolTableTransform
Transforming security-crypto-1.1.0-alpha06.aar (androidx.security:security-crypto:1.1.0-alpha06) with JetifyTransform
Transforming security-crypto-1.1.0-alpha06.aar (androidx.security:security-crypto:1.1.0-alpha06) with ExtractAarTransform
Transforming security-crypto-1.1.0-alpha06.aar (androidx.security:security-crypto:1.1.0-alpha06) with LibrarySymbolTableTransform
Transforming cursoradapter-1.0.0.aar (androidx.cursoradapter:cursoradapter:1.0.0) with JetifyTransform
Transforming cursoradapter-1.0.0.aar (androidx.cursoradapter:cursoradapter:1.0.0) with ExtractAarTransform
Transforming cursoradapter-1.0.0.aar (androidx.cursoradapter:cursoradapter:1.0.0) with LibrarySymbolTableTransform
Transforming profileinstaller-1.3.1.aar (androidx.profileinstaller:profileinstaller:1.3.1) with JetifyTransform
Transforming profileinstaller-1.3.1.aar (androidx.profileinstaller:profileinstaller:1.3.1) with ExtractAarTransform
Transforming profileinstaller-1.3.1.aar (androidx.profileinstaller:profileinstaller:1.3.1) with LibrarySymbolTableTransform
Transforming cardview-1.0.0.aar (androidx.cardview:cardview:1.0.0) with JetifyTransform
Transforming cardview-1.0.0.aar (androidx.cardview:cardview:1.0.0) with ExtractAarTransform
Transforming cardview-1.0.0.aar (androidx.cardview:cardview:1.0.0) with LibrarySymbolTableTransform
Transforming core-runtime-2.2.0.aar (androidx.arch.core:core-runtime:2.2.0) with JetifyTransform
Transforming core-runtime-2.2.0.aar (androidx.arch.core:core-runtime:2.2.0) with ExtractAarTransform
Transforming core-runtime-2.2.0.aar (androidx.arch.core:core-runtime:2.2.0) with LibrarySymbolTableTransform
Transforming gifdecoder-4.16.0.aar (com.github.bumptech.glide:gifdecoder:4.16.0) with JetifyTransform
Transforming gifdecoder-4.16.0.aar (com.github.bumptech.glide:gifdecoder:4.16.0) with ExtractAarTransform
Transforming gifdecoder-4.16.0.aar (com.github.bumptech.glide:gifdecoder:4.16.0) with LibrarySymbolTableTransform
Transforming startup-runtime-1.1.1.aar (androidx.startup:startup-runtime:1.1.1) with JetifyTransform
Transforming startup-runtime-1.1.1.aar (androidx.startup:startup-runtime:1.1.1) with ExtractAarTransform
Transforming startup-runtime-1.1.1.aar (androidx.startup:startup-runtime:1.1.1) with LibrarySymbolTableTransform
Transforming tracing-1.0.0.aar (androidx.tracing:tracing:1.0.0) with JetifyTransform
Transforming tracing-1.0.0.aar (androidx.tracing:tracing:1.0.0) with ExtractAarTransform
Transforming tracing-1.0.0.aar (androidx.tracing:tracing:1.0.0) with LibrarySymbolTableTransform
Transforming firebase-components-18.0.0.aar (com.google.firebase:firebase-components:18.0.0) with JetifyTransform
Transforming firebase-components-18.0.0.aar (com.google.firebase:firebase-components:18.0.0) with ExtractAarTransform
Transforming firebase-components-18.0.0.aar (com.google.firebase:firebase-components:18.0.0) with LibrarySymbolTableTransform
Transforming firebase-components-18.0.0.aar (com.google.firebase:firebase-components:18.0.0) with JetifyTransform
Transforming firebase-components-18.0.0.aar (com.google.firebase:firebase-components:18.0.0) with ExtractAarTransform
Transforming firebase-components-18.0.0.aar (com.google.firebase:firebase-components:18.0.0) with LibrarySymbolTableTransform
Transforming firebase-components-18.0.0.aar (com.google.firebase:firebase-components:18.0.0) with JetifyTransform
Transforming firebase-components-18.0.0.aar (com.google.firebase:firebase-components:18.0.0) with ExtractAarTransform
Transforming firebase-components-18.0.0.aar (com.google.firebase:firebase-components:18.0.0) with LibrarySymbolTableTransform
Transforming firebase-components-18.0.0.aar (com.google.firebase:firebase-components:18.0.0) with JetifyTransform
Transforming firebase-components-18.0.0.aar (com.google.firebase:firebase-components:18.0.0) with ExtractAarTransform
Transforming firebase-components-18.0.0.aar (com.google.firebase:firebase-components:18.0.0) with LibrarySymbolTableTransform
Transforming firebase-components-18.0.0.aar (com.google.firebase:firebase-components:18.0.0) with JetifyTransform
Transforming firebase-components-18.0.0.aar (com.google.firebase:firebase-components:18.0.0) with ExtractAarTransform
Transforming firebase-components-18.0.0.aar (com.google.firebase:firebase-components:18.0.0) with LibrarySymbolTableTransform
Transforming firebase-components-18.0.0.aar (com.google.firebase:firebase-components:18.0.0) with JetifyTransform
Transforming firebase-components-18.0.0.aar (com.google.firebase:firebase-components:18.0.0) with ExtractAarTransform
Transforming firebase-components-18.0.0.aar (com.google.firebase:firebase-components:18.0.0) with LibrarySymbolTableTransform
Transforming firebase-components-18.0.0.aar (com.google.firebase:firebase-components:18.0.0) with JetifyTransform
Transforming firebase-components-18.0.0.aar (com.google.firebase:firebase-components:18.0.0) with ExtractAarTransform
Transforming firebase-components-18.0.0.aar (com.google.firebase:firebase-components:18.0.0) with LibrarySymbolTableTransform
Transforming interpolator-1.0.0.aar (androidx.interpolator:interpolator:1.0.0) with JetifyTransform
Transforming interpolator-1.0.0.aar (androidx.interpolator:interpolator:1.0.0) with ExtractAarTransform
Transforming interpolator-1.0.0.aar (androidx.interpolator:interpolator:1.0.0) with LibrarySymbolTableTransform
Transforming interpolator-1.0.0.aar (androidx.interpolator:interpolator:1.0.0) with JetifyTransform
Transforming interpolator-1.0.0.aar (androidx.interpolator:interpolator:1.0.0) with ExtractAarTransform
Transforming interpolator-1.0.0.aar (androidx.interpolator:interpolator:1.0.0) with LibrarySymbolTableTransform
Transforming versionedparcelable-1.1.1.aar (androidx.versionedparcelable:versionedparcelable:1.1.1) with JetifyTransform
Transforming versionedparcelable-1.1.1.aar (androidx.versionedparcelable:versionedparcelable:1.1.1) with ExtractAarTransform
Transforming versionedparcelable-1.1.1.aar (androidx.versionedparcelable:versionedparcelable:1.1.1) with LibrarySymbolTableTransform
Transforming documentfile-1.0.0.aar (androidx.documentfile:documentfile:1.0.0) with JetifyTransform
Transforming documentfile-1.0.0.aar (androidx.documentfile:documentfile:1.0.0) with ExtractAarTransform
Transforming documentfile-1.0.0.aar (androidx.documentfile:documentfile:1.0.0) with LibrarySymbolTableTransform
Transforming localbroadcastmanager-1.0.0.aar (androidx.localbroadcastmanager:localbroadcastmanager:1.0.0) with JetifyTransform
Transforming localbroadcastmanager-1.0.0.aar (androidx.localbroadcastmanager:localbroadcastmanager:1.0.0) with ExtractAarTransform
Transforming localbroadcastmanager-1.0.0.aar (androidx.localbroadcastmanager:localbroadcastmanager:1.0.0) with LibrarySymbolTableTransform
Transforming print-1.0.0.aar (androidx.print:print:1.0.0) with JetifyTransform
Transforming print-1.0.0.aar (androidx.print:print:1.0.0) with ExtractAarTransform
Transforming print-1.0.0.aar (androidx.print:print:1.0.0) with LibrarySymbolTableTransform
Transforming exifinterface-1.3.7.aar (androidx.exifinterface:exifinterface:1.3.7) with JetifyTransform
Transforming exifinterface-1.3.7.aar (androidx.exifinterface:exifinterface:1.3.7) with ExtractAarTransform
Transforming exifinterface-1.3.7.aar (androidx.exifinterface:exifinterface:1.3.7) with LibrarySymbolTableTransform
Transforming annotation-experimental-1.4.1.aar (androidx.annotation:annotation-experimental:1.4.1) with JetifyTransform
Transforming annotation-experimental-1.4.1.aar (androidx.annotation:annotation-experimental:1.4.1) with ExtractAarTransform
Transforming annotation-experimental-1.4.1.aar (androidx.annotation:annotation-experimental:1.4.1) with LibrarySymbolTableTransform
Transforming multidex-2.0.1.aar (androidx.multidex:multidex:2.0.1) with JetifyTransform
Transforming multidex-2.0.1.aar (androidx.multidex:multidex:2.0.1) with ExtractAarTransform
Transforming multidex-2.0.1.aar (androidx.multidex:multidex:2.0.1) with LibrarySymbolTableTransform
Transforming grpc-android-1.57.2.aar (io.grpc:grpc-android:1.57.2) with JetifyTransform
Transforming grpc-android-1.57.2.aar (io.grpc:grpc-android:1.57.2) with ExtractAarTransform
Transforming grpc-android-1.57.2.aar (io.grpc:grpc-android:1.57.2) with LibrarySymbolTableTransform
Transforming zxing-android-embedded-4.3.0.aar (com.journeyapps:zxing-android-embedded:4.3.0) with JetifyTransform
Transforming zxing-android-embedded-4.3.0.aar (com.journeyapps:zxing-android-embedded:4.3.0) with ExtractAarTransform
Transforming zxing-android-embedded-4.3.0.aar (com.journeyapps:zxing-android-embedded:4.3.0) with LibrarySymbolTableTransform
Transforming dagger-lint-aar-2.51.1.aar (com.google.dagger:dagger-lint-aar:2.51.1) with JetifyTransform
Transforming dagger-lint-aar-2.51.1.aar (com.google.dagger:dagger-lint-aar:2.51.1) with ExtractAarTransform
Transforming dagger-lint-aar-2.51.1.aar (com.google.dagger:dagger-lint-aar:2.51.1) with LibrarySymbolTableTransform
Transforming protolite-well-known-types-18.0.0.aar (com.google.firebase:protolite-well-known-types:18.0.0) with JetifyTransform
Transforming protolite-well-known-types-18.0.0.aar (com.google.firebase:protolite-well-known-types:18.0.0) with ExtractAarTransform
Transforming protolite-well-known-types-18.0.0.aar (com.google.firebase:protolite-well-known-types:18.0.0) with LibrarySymbolTableTransform
Transforming viewbinding-8.7.1.aar (androidx.databinding:viewbinding:8.7.1) with JetifyTransform
Transforming viewbinding-8.7.1.aar (androidx.databinding:viewbinding:8.7.1) with ExtractAarTransform
Transforming viewbinding-8.7.1.aar (androidx.databinding:viewbinding:8.7.1) with AarTransform
Transforming preference-ktx-1.2.1.aar (androidx.preference:preference-ktx:1.2.1) with JetifyTransform
Transforming preference-ktx-1.2.1.aar (androidx.preference:preference-ktx:1.2.1) with ExtractAarTransform
Transforming preference-ktx-1.2.1.aar (androidx.preference:preference-ktx:1.2.1) with AarTransform
Transforming material-1.12.0.aar (com.google.android.material:material:1.12.0) with JetifyTransform
Transforming material-1.12.0.aar (com.google.android.material:material:1.12.0) with ExtractAarTransform
Transforming material-1.12.0.aar (com.google.android.material:material:1.12.0) with AarTransform
Transforming appcompat-resources-1.7.0.aar (androidx.appcompat:appcompat-resources:1.7.0) with JetifyTransform
Transforming appcompat-resources-1.7.0.aar (androidx.appcompat:appcompat-resources:1.7.0) with ExtractAarTransform
Transforming appcompat-resources-1.7.0.aar (androidx.appcompat:appcompat-resources:1.7.0) with AarTransform
Transforming preference-1.2.1.aar (androidx.preference:preference:1.2.1) with JetifyTransform
Transforming preference-1.2.1.aar (androidx.preference:preference:1.2.1) with ExtractAarTransform
Transforming preference-1.2.1.aar (androidx.preference:preference:1.2.1) with AarTransform
Transforming appcompat-1.7.0.aar (androidx.appcompat:appcompat:1.7.0) with JetifyTransform
Transforming appcompat-1.7.0.aar (androidx.appcompat:appcompat:1.7.0) with ExtractAarTransform
Transforming appcompat-1.7.0.aar (androidx.appcompat:appcompat:1.7.0) with AarTransform
Transforming okhttp3-integration-4.16.0.aar (com.github.bumptech.glide:okhttp3-integration:4.16.0) with JetifyTransform
Transforming okhttp3-integration-4.16.0.aar (com.github.bumptech.glide:okhttp3-integration:4.16.0) with ExtractAarTransform
Transforming okhttp3-integration-4.16.0.aar (com.github.bumptech.glide:okhttp3-integration:4.16.0) with AarTransform
Transforming glide-4.16.0.aar (com.github.bumptech.glide:glide:4.16.0) with JetifyTransform
Transforming glide-4.16.0.aar (com.github.bumptech.glide:glide:4.16.0) with ExtractAarTransform
Transforming glide-4.16.0.aar (com.github.bumptech.glide:glide:4.16.0) with AarTransform
Transforming hilt-work-1.2.0.aar (androidx.hilt:hilt-work:1.2.0) with JetifyTransform
Transforming hilt-work-1.2.0.aar (androidx.hilt:hilt-work:1.2.0) with ExtractAarTransform
Transforming hilt-work-1.2.0.aar (androidx.hilt:hilt-work:1.2.0) with AarTransform
Transforming hilt-android-2.51.1.aar (com.google.dagger:hilt-android:2.51.1) with JetifyTransform
Transforming hilt-android-2.51.1.aar (com.google.dagger:hilt-android:2.51.1) with ExtractAarTransform
Transforming hilt-android-2.51.1.aar (com.google.dagger:hilt-android:2.51.1) with AarTransform
Transforming viewpager2-1.1.0-beta02.aar (androidx.viewpager2:viewpager2:1.1.0-beta02) with JetifyTransform
Transforming viewpager2-1.1.0-beta02.aar (androidx.viewpager2:viewpager2:1.1.0-beta02) with ExtractAarTransform
Transforming viewpager2-1.1.0-beta02.aar (androidx.viewpager2:viewpager2:1.1.0-beta02) with AarTransform
Transforming firebase-firestore-ktx-25.0.0.aar (com.google.firebase:firebase-firestore-ktx:25.0.0) with JetifyTransform
Transforming firebase-firestore-ktx-25.0.0.aar (com.google.firebase:firebase-firestore-ktx:25.0.0) with ExtractAarTransform
Transforming firebase-firestore-ktx-25.0.0.aar (com.google.firebase:firebase-firestore-ktx:25.0.0) with AarTransform
Transforming firebase-firestore-25.0.0.aar (com.google.firebase:firebase-firestore:25.0.0) with JetifyTransform
Transforming firebase-firestore-25.0.0.aar (com.google.firebase:firebase-firestore:25.0.0) with ExtractAarTransform
Transforming firebase-firestore-25.0.0.aar (com.google.firebase:firebase-firestore:25.0.0) with AarTransform
Transforming firebase-appcheck-interop-17.0.0.aar (com.google.firebase:firebase-appcheck-interop:17.0.0) with JetifyTransform
Transforming firebase-appcheck-interop-17.0.0.aar (com.google.firebase:firebase-appcheck-interop:17.0.0) with ExtractAarTransform
Transforming firebase-appcheck-interop-17.0.0.aar (com.google.firebase:firebase-appcheck-interop:17.0.0) with AarTransform
Transforming firebase-auth-interop-19.0.2.aar (com.google.firebase:firebase-auth-interop:19.0.2) with JetifyTransform
Transforming firebase-auth-interop-19.0.2.aar (com.google.firebase:firebase-auth-interop:19.0.2) with ExtractAarTransform
Transforming firebase-auth-interop-19.0.2.aar (com.google.firebase:firebase-auth-interop:19.0.2) with AarTransform
Transforming firebase-analytics-ktx-22.0.2.aar (com.google.firebase:firebase-analytics-ktx:22.0.2) with JetifyTransform
Transforming firebase-analytics-ktx-22.0.2.aar (com.google.firebase:firebase-analytics-ktx:22.0.2) with ExtractAarTransform
Transforming firebase-analytics-ktx-22.0.2.aar (com.google.firebase:firebase-analytics-ktx:22.0.2) with AarTransform
Transforming firebase-analytics-22.0.2.aar (com.google.firebase:firebase-analytics:22.0.2) with JetifyTransform
Transforming firebase-analytics-22.0.2.aar (com.google.firebase:firebase-analytics:22.0.2) with ExtractAarTransform
Transforming firebase-analytics-22.0.2.aar (com.google.firebase:firebase-analytics:22.0.2) with AarTransform
Transforming play-services-measurement-api-22.0.2.aar (com.google.android.gms:play-services-measurement-api:22.0.2) with JetifyTransform
Transforming play-services-measurement-api-22.0.2.aar (com.google.android.gms:play-services-measurement-api:22.0.2) with ExtractAarTransform
Transforming play-services-measurement-api-22.0.2.aar (com.google.android.gms:play-services-measurement-api:22.0.2) with AarTransform
Transforming firebase-installations-18.0.0.aar (com.google.firebase:firebase-installations:18.0.0) with JetifyTransform
Transforming firebase-installations-18.0.0.aar (com.google.firebase:firebase-installations:18.0.0) with ExtractAarTransform
Transforming firebase-installations-18.0.0.aar (com.google.firebase:firebase-installations:18.0.0) with AarTransform
Transforming firebase-common-ktx-21.0.0.aar (com.google.firebase:firebase-common-ktx:21.0.0) with JetifyTransform
Transforming firebase-common-ktx-21.0.0.aar (com.google.firebase:firebase-common-ktx:21.0.0) with ExtractAarTransform
Transforming firebase-common-ktx-21.0.0.aar (com.google.firebase:firebase-common-ktx:21.0.0) with AarTransform
Transforming firebase-common-ktx-21.0.0.aar (com.google.firebase:firebase-common-ktx:21.0.0) with JetifyTransform
Transforming firebase-common-ktx-21.0.0.aar (com.google.firebase:firebase-common-ktx:21.0.0) with ExtractAarTransform
Transforming firebase-common-ktx-21.0.0.aar (com.google.firebase:firebase-common-ktx:21.0.0) with AarTransform
Transforming firebase-common-ktx-21.0.0.aar (com.google.firebase:firebase-common-ktx:21.0.0) with JetifyTransform
Transforming firebase-common-ktx-21.0.0.aar (com.google.firebase:firebase-common-ktx:21.0.0) with ExtractAarTransform
Transforming firebase-common-ktx-21.0.0.aar (com.google.firebase:firebase-common-ktx:21.0.0) with AarTransform
Transforming firebase-common-ktx-21.0.0.aar (com.google.firebase:firebase-common-ktx:21.0.0) with JetifyTransform
Transforming firebase-common-ktx-21.0.0.aar (com.google.firebase:firebase-common-ktx:21.0.0) with ExtractAarTransform
Transforming firebase-common-ktx-21.0.0.aar (com.google.firebase:firebase-common-ktx:21.0.0) with AarTransform
Transforming firebase-common-ktx-21.0.0.aar (com.google.firebase:firebase-common-ktx:21.0.0) with JetifyTransform
Transforming firebase-common-ktx-21.0.0.aar (com.google.firebase:firebase-common-ktx:21.0.0) with ExtractAarTransform
Transforming firebase-common-ktx-21.0.0.aar (com.google.firebase:firebase-common-ktx:21.0.0) with AarTransform
Transforming firebase-common-21.0.0.aar (com.google.firebase:firebase-common:21.0.0) with JetifyTransform
Transforming firebase-common-21.0.0.aar (com.google.firebase:firebase-common:21.0.0) with ExtractAarTransform
Transforming firebase-common-21.0.0.aar (com.google.firebase:firebase-common:21.0.0) with AarTransform
Transforming firebase-common-21.0.0.aar (com.google.firebase:firebase-common:21.0.0) with JetifyTransform
Transforming firebase-common-21.0.0.aar (com.google.firebase:firebase-common:21.0.0) with ExtractAarTransform
Transforming firebase-common-21.0.0.aar (com.google.firebase:firebase-common:21.0.0) with AarTransform
Transforming firebase-common-21.0.0.aar (com.google.firebase:firebase-common:21.0.0) with JetifyTransform
Transforming firebase-common-21.0.0.aar (com.google.firebase:firebase-common:21.0.0) with ExtractAarTransform
Transforming firebase-common-21.0.0.aar (com.google.firebase:firebase-common:21.0.0) with AarTransform
Transforming firebase-common-21.0.0.aar (com.google.firebase:firebase-common:21.0.0) with JetifyTransform
Transforming firebase-common-21.0.0.aar (com.google.firebase:firebase-common:21.0.0) with ExtractAarTransform
Transforming firebase-common-21.0.0.aar (com.google.firebase:firebase-common:21.0.0) with AarTransform
Transforming firebase-common-21.0.0.aar (com.google.firebase:firebase-common:21.0.0) with JetifyTransform
Transforming firebase-common-21.0.0.aar (com.google.firebase:firebase-common:21.0.0) with ExtractAarTransform
Transforming firebase-common-21.0.0.aar (com.google.firebase:firebase-common:21.0.0) with AarTransform
Transforming firebase-common-21.0.0.aar (com.google.firebase:firebase-common:21.0.0) with JetifyTransform
Transforming firebase-common-21.0.0.aar (com.google.firebase:firebase-common:21.0.0) with ExtractAarTransform
Transforming firebase-common-21.0.0.aar (com.google.firebase:firebase-common:21.0.0) with AarTransform
Transforming room-ktx-2.6.1.aar (androidx.room:room-ktx:2.6.1) with JetifyTransform
Transforming room-ktx-2.6.1.aar (androidx.room:room-ktx:2.6.1) with ExtractAarTransform
Transforming room-ktx-2.6.1.aar (androidx.room:room-ktx:2.6.1) with AarTransform
Transforming room-runtime-2.6.1.aar (androidx.room:room-runtime:2.6.1) with JetifyTransform
Transforming room-runtime-2.6.1.aar (androidx.room:room-runtime:2.6.1) with ExtractAarTransform
Transforming room-runtime-2.6.1.aar (androidx.room:room-runtime:2.6.1) with AarTransform
Transforming room-paging-2.6.1.aar (androidx.room:room-paging:2.6.1) with JetifyTransform
Transforming room-paging-2.6.1.aar (androidx.room:room-paging:2.6.1) with ExtractAarTransform
Transforming room-paging-2.6.1.aar (androidx.room:room-paging:2.6.1) with AarTransform
Transforming paging-common-release.aar (androidx.paging:paging-common-android:3.3.2) with JetifyTransform
Transforming paging-common-release.aar (androidx.paging:paging-common-android:3.3.2) with ExtractAarTransform
Transforming paging-common-release.aar (androidx.paging:paging-common-android:3.3.2) with AarTransform
Transforming paging-runtime-ktx-3.3.2.aar (androidx.paging:paging-runtime-ktx:3.3.2) with JetifyTransform
Transforming paging-runtime-ktx-3.3.2.aar (androidx.paging:paging-runtime-ktx:3.3.2) with ExtractAarTransform
Transforming paging-runtime-ktx-3.3.2.aar (androidx.paging:paging-runtime-ktx:3.3.2) with AarTransform
Transforming paging-runtime-3.3.2.aar (androidx.paging:paging-runtime:3.3.2) with JetifyTransform
Transforming paging-runtime-3.3.2.aar (androidx.paging:paging-runtime:3.3.2) with ExtractAarTransform
Transforming paging-runtime-3.3.2.aar (androidx.paging:paging-runtime:3.3.2) with AarTransform
Transforming activity-compose-1.9.3.aar (androidx.activity:activity-compose:1.9.3) with JetifyTransform
Transforming activity-compose-1.9.3.aar (androidx.activity:activity-compose:1.9.3) with ExtractAarTransform
Transforming activity-compose-1.9.3.aar (androidx.activity:activity-compose:1.9.3) with AarTransform
Transforming material3-release.aar (androidx.compose.material3:material3-android:1.2.0) with JetifyTransform
Transforming material3-release.aar (androidx.compose.material3:material3-android:1.2.0) with ExtractAarTransform
Transforming material3-release.aar (androidx.compose.material3:material3-android:1.2.0) with AarTransform
Transforming ui-util-release.aar (androidx.compose.ui:ui-util-android:1.6.2) with JetifyTransform
Transforming ui-util-release.aar (androidx.compose.ui:ui-util-android:1.6.2) with ExtractAarTransform
Transforming ui-util-release.aar (androidx.compose.ui:ui-util-android:1.6.2) with AarTransform
Transforming ui-unit-release.aar (androidx.compose.ui:ui-unit-android:1.6.2) with JetifyTransform
Transforming ui-unit-release.aar (androidx.compose.ui:ui-unit-android:1.6.2) with ExtractAarTransform
Transforming ui-unit-release.aar (androidx.compose.ui:ui-unit-android:1.6.2) with AarTransform
Transforming ui-text-release.aar (androidx.compose.ui:ui-text-android:1.6.2) with JetifyTransform
Transforming ui-text-release.aar (androidx.compose.ui:ui-text-android:1.6.2) with ExtractAarTransform
Transforming ui-text-release.aar (androidx.compose.ui:ui-text-android:1.6.2) with AarTransform
Transforming coil-compose-2.6.0.aar (io.coil-kt:coil-compose:2.6.0) with JetifyTransform
Transforming coil-compose-2.6.0.aar (io.coil-kt:coil-compose:2.6.0) with ExtractAarTransform
Transforming coil-compose-2.6.0.aar (io.coil-kt:coil-compose:2.6.0) with AarTransform
Transforming coil-compose-base-2.6.0.aar (io.coil-kt:coil-compose-base:2.6.0) with JetifyTransform
Transforming coil-compose-base-2.6.0.aar (io.coil-kt:coil-compose-base:2.6.0) with ExtractAarTransform
Transforming coil-compose-base-2.6.0.aar (io.coil-kt:coil-compose-base:2.6.0) with AarTransform
Transforming foundation-layout-release.aar (androidx.compose.foundation:foundation-layout-android:1.6.2) with JetifyTransform
Transforming foundation-layout-release.aar (androidx.compose.foundation:foundation-layout-android:1.6.2) with ExtractAarTransform
Transforming foundation-layout-release.aar (androidx.compose.foundation:foundation-layout-android:1.6.2) with AarTransform
Transforming material-icons-core-release.aar (androidx.compose.material:material-icons-core-android:1.6.2) with JetifyTransform
Transforming material-icons-core-release.aar (androidx.compose.material:material-icons-core-android:1.6.2) with ExtractAarTransform
Transforming material-icons-core-release.aar (androidx.compose.material:material-icons-core-android:1.6.2) with AarTransform
Transforming material-ripple-release.aar (androidx.compose.material:material-ripple-android:1.6.2) with JetifyTransform
Transforming material-ripple-release.aar (androidx.compose.material:material-ripple-android:1.6.2) with ExtractAarTransform
Transforming material-ripple-release.aar (androidx.compose.material:material-ripple-android:1.6.2) with AarTransform
Transforming foundation-release.aar (androidx.compose.foundation:foundation-android:1.6.2) with JetifyTransform
Transforming foundation-release.aar (androidx.compose.foundation:foundation-android:1.6.2) with ExtractAarTransform
Transforming foundation-release.aar (androidx.compose.foundation:foundation-android:1.6.2) with AarTransform
Transforming animation-core-release.aar (androidx.compose.animation:animation-core-android:1.6.2) with JetifyTransform
Transforming animation-core-release.aar (androidx.compose.animation:animation-core-android:1.6.2) with ExtractAarTransform
Transforming animation-core-release.aar (androidx.compose.animation:animation-core-android:1.6.2) with AarTransform
Transforming animation-release.aar (androidx.compose.animation:animation-android:1.6.2) with JetifyTransform
Transforming animation-release.aar (androidx.compose.animation:animation-android:1.6.2) with ExtractAarTransform
Transforming animation-release.aar (androidx.compose.animation:animation-android:1.6.2) with AarTransform
Transforming ui-geometry-release.aar (androidx.compose.ui:ui-geometry-android:1.6.2) with JetifyTransform
Transforming ui-geometry-release.aar (androidx.compose.ui:ui-geometry-android:1.6.2) with ExtractAarTransform
Transforming ui-geometry-release.aar (androidx.compose.ui:ui-geometry-android:1.6.2) with AarTransform
Transforming ui-tooling-data-release.aar (androidx.compose.ui:ui-tooling-data-android:1.6.2) with JetifyTransform
Transforming ui-tooling-data-release.aar (androidx.compose.ui:ui-tooling-data-android:1.6.2) with ExtractAarTransform
Transforming ui-tooling-data-release.aar (androidx.compose.ui:ui-tooling-data-android:1.6.2) with AarTransform
Transforming ui-tooling-preview-release.aar (androidx.compose.ui:ui-tooling-preview-android:1.6.2) with JetifyTransform
Transforming ui-tooling-preview-release.aar (androidx.compose.ui:ui-tooling-preview-android:1.6.2) with ExtractAarTransform
Transforming ui-tooling-preview-release.aar (androidx.compose.ui:ui-tooling-preview-android:1.6.2) with AarTransform
Transforming ui-graphics-release.aar (androidx.compose.ui:ui-graphics-android:1.6.2) with JetifyTransform
Transforming ui-graphics-release.aar (androidx.compose.ui:ui-graphics-android:1.6.2) with ExtractAarTransform
Transforming ui-graphics-release.aar (androidx.compose.ui:ui-graphics-android:1.6.2) with AarTransform
Transforming recyclerview-1.3.2.aar (androidx.recyclerview:recyclerview:1.3.2) with JetifyTransform
Transforming recyclerview-1.3.2.aar (androidx.recyclerview:recyclerview:1.3.2) with ExtractAarTransform
Transforming recyclerview-1.3.2.aar (androidx.recyclerview:recyclerview:1.3.2) with AarTransform
Transforming drawerlayout-1.1.1.aar (androidx.drawerlayout:drawerlayout:1.1.1) with JetifyTransform
Transforming drawerlayout-1.1.1.aar (androidx.drawerlayout:drawerlayout:1.1.1) with ExtractAarTransform
Transforming drawerlayout-1.1.1.aar (androidx.drawerlayout:drawerlayout:1.1.1) with AarTransform
Transforming coordinatorlayout-1.1.0.aar (androidx.coordinatorlayout:coordinatorlayout:1.1.0) with JetifyTransform
Transforming coordinatorlayout-1.1.0.aar (androidx.coordinatorlayout:coordinatorlayout:1.1.0) with ExtractAarTransform
Transforming coordinatorlayout-1.1.0.aar (androidx.coordinatorlayout:coordinatorlayout:1.1.0) with AarTransform
Transforming dynamicanimation-1.0.0.aar (androidx.dynamicanimation:dynamicanimation:1.0.0) with JetifyTransform
Transforming dynamicanimation-1.0.0.aar (androidx.dynamicanimation:dynamicanimation:1.0.0) with ExtractAarTransform
Transforming dynamicanimation-1.0.0.aar (androidx.dynamicanimation:dynamicanimation:1.0.0) with AarTransform
Transforming transition-1.5.0.aar (androidx.transition:transition:1.5.0) with JetifyTransform
Transforming transition-1.5.0.aar (androidx.transition:transition:1.5.0) with ExtractAarTransform
Transforming transition-1.5.0.aar (androidx.transition:transition:1.5.0) with AarTransform
Transforming vectordrawable-animated-1.1.0.aar (androidx.vectordrawable:vectordrawable-animated:1.1.0) with JetifyTransform
Transforming vectordrawable-animated-1.1.0.aar (androidx.vectordrawable:vectordrawable-animated:1.1.0) with ExtractAarTransform
Transforming vectordrawable-animated-1.1.0.aar (androidx.vectordrawable:vectordrawable-animated:1.1.0) with AarTransform
Transforming vectordrawable-1.1.0.aar (androidx.vectordrawable:vectordrawable:1.1.0) with JetifyTransform
Transforming vectordrawable-1.1.0.aar (androidx.vectordrawable:vectordrawable:1.1.0) with ExtractAarTransform
Transforming vectordrawable-1.1.0.aar (androidx.vectordrawable:vectordrawable:1.1.0) with AarTransform
Transforming vectordrawable-1.1.0.aar (androidx.vectordrawable:vectordrawable:1.1.0) with JetifyTransform
Transforming vectordrawable-1.1.0.aar (androidx.vectordrawable:vectordrawable:1.1.0) with ExtractAarTransform
Transforming vectordrawable-1.1.0.aar (androidx.vectordrawable:vectordrawable:1.1.0) with AarTransform
Transforming viewpager-1.0.0.aar (androidx.viewpager:viewpager:1.0.0) with JetifyTransform
Transforming viewpager-1.0.0.aar (androidx.viewpager:viewpager:1.0.0) with ExtractAarTransform
Transforming viewpager-1.0.0.aar (androidx.viewpager:viewpager:1.0.0) with AarTransform
Transforming slidingpanelayout-1.2.0.aar (androidx.slidingpanelayout:slidingpanelayout:1.2.0) with JetifyTransform
Transforming slidingpanelayout-1.2.0.aar (androidx.slidingpanelayout:slidingpanelayout:1.2.0) with ExtractAarTransform
Transforming slidingpanelayout-1.2.0.aar (androidx.slidingpanelayout:slidingpanelayout:1.2.0) with AarTransform
Transforming customview-1.1.0.aar (androidx.customview:customview:1.1.0) with JetifyTransform
Transforming customview-1.1.0.aar (androidx.customview:customview:1.1.0) with ExtractAarTransform
Transforming customview-1.1.0.aar (androidx.customview:customview:1.1.0) with AarTransform
Transforming customview-1.1.0.aar (androidx.customview:customview:1.1.0) with JetifyTransform
Transforming customview-1.1.0.aar (androidx.customview:customview:1.1.0) with ExtractAarTransform
Transforming customview-1.1.0.aar (androidx.customview:customview:1.1.0) with AarTransform
Transforming customview-1.1.0.aar (androidx.customview:customview:1.1.0) with JetifyTransform
Transforming customview-1.1.0.aar (androidx.customview:customview:1.1.0) with ExtractAarTransform
Transforming customview-1.1.0.aar (androidx.customview:customview:1.1.0) with AarTransform
Transforming customview-1.1.0.aar (androidx.customview:customview:1.1.0) with JetifyTransform
Transforming customview-1.1.0.aar (androidx.customview:customview:1.1.0) with ExtractAarTransform
Transforming customview-1.1.0.aar (androidx.customview:customview:1.1.0) with AarTransform
Transforming play-services-measurement-22.0.2.aar (com.google.android.gms:play-services-measurement:22.0.2) with JetifyTransform
Transforming play-services-measurement-22.0.2.aar (com.google.android.gms:play-services-measurement:22.0.2) with ExtractAarTransform
Transforming play-services-measurement-22.0.2.aar (com.google.android.gms:play-services-measurement:22.0.2) with AarTransform
Transforming play-services-measurement-sdk-22.0.2.aar (com.google.android.gms:play-services-measurement-sdk:22.0.2) with JetifyTransform
Transforming play-services-measurement-sdk-22.0.2.aar (com.google.android.gms:play-services-measurement-sdk:22.0.2) with ExtractAarTransform
Transforming play-services-measurement-sdk-22.0.2.aar (com.google.android.gms:play-services-measurement-sdk:22.0.2) with AarTransform
Transforming play-services-measurement-impl-22.0.2.aar (com.google.android.gms:play-services-measurement-impl:22.0.2) with JetifyTransform
Transforming play-services-measurement-impl-22.0.2.aar (com.google.android.gms:play-services-measurement-impl:22.0.2) with ExtractAarTransform
Transforming play-services-measurement-impl-22.0.2.aar (com.google.android.gms:play-services-measurement-impl:22.0.2) with AarTransform
Transforming play-services-measurement-impl-22.0.2.aar (com.google.android.gms:play-services-measurement-impl:22.0.2) with JetifyTransform
Transforming play-services-measurement-impl-22.0.2.aar (com.google.android.gms:play-services-measurement-impl:22.0.2) with ExtractAarTransform
Transforming play-services-measurement-impl-22.0.2.aar (com.google.android.gms:play-services-measurement-impl:22.0.2) with AarTransform
Transforming play-services-stats-17.0.2.aar (com.google.android.gms:play-services-stats:17.0.2) with JetifyTransform
Transforming play-services-stats-17.0.2.aar (com.google.android.gms:play-services-stats:17.0.2) with ExtractAarTransform
Transforming play-services-stats-17.0.2.aar (com.google.android.gms:play-services-stats:17.0.2) with AarTransform
Transforming play-services-stats-17.0.2.aar (com.google.android.gms:play-services-stats:17.0.2) with JetifyTransform
Transforming play-services-stats-17.0.2.aar (com.google.android.gms:play-services-stats:17.0.2) with ExtractAarTransform
Transforming play-services-stats-17.0.2.aar (com.google.android.gms:play-services-stats:17.0.2) with AarTransform
Transforming legacy-support-core-utils-1.0.0.aar (androidx.legacy:legacy-support-core-utils:1.0.0) with JetifyTransform
Transforming legacy-support-core-utils-1.0.0.aar (androidx.legacy:legacy-support-core-utils:1.0.0) with ExtractAarTransform
Transforming legacy-support-core-utils-1.0.0.aar (androidx.legacy:legacy-support-core-utils:1.0.0) with AarTransform
Transforming legacy-support-core-utils-1.0.0.aar (androidx.legacy:legacy-support-core-utils:1.0.0) with JetifyTransform
Transforming legacy-support-core-utils-1.0.0.aar (androidx.legacy:legacy-support-core-utils:1.0.0) with ExtractAarTransform
Transforming legacy-support-core-utils-1.0.0.aar (androidx.legacy:legacy-support-core-utils:1.0.0) with AarTransform
Transforming legacy-support-core-utils-1.0.0.aar (androidx.legacy:legacy-support-core-utils:1.0.0) with JetifyTransform
Transforming legacy-support-core-utils-1.0.0.aar (androidx.legacy:legacy-support-core-utils:1.0.0) with ExtractAarTransform
Transforming legacy-support-core-utils-1.0.0.aar (androidx.legacy:legacy-support-core-utils:1.0.0) with AarTransform
Transforming loader-1.0.0.aar (androidx.loader:loader:1.0.0) with JetifyTransform
Transforming loader-1.0.0.aar (androidx.loader:loader:1.0.0) with ExtractAarTransform
Transforming loader-1.0.0.aar (androidx.loader:loader:1.0.0) with AarTransform
Transforming loader-1.0.0.aar (androidx.loader:loader:1.0.0) with JetifyTransform
Transforming loader-1.0.0.aar (androidx.loader:loader:1.0.0) with ExtractAarTransform
Transforming loader-1.0.0.aar (androidx.loader:loader:1.0.0) with AarTransform
Transforming firebase-database-collection-18.0.1.aar (com.google.firebase:firebase-database-collection:18.0.1) with JetifyTransform
Transforming firebase-database-collection-18.0.1.aar (com.google.firebase:firebase-database-collection:18.0.1) with ExtractAarTransform
Transforming firebase-database-collection-18.0.1.aar (com.google.firebase:firebase-database-collection:18.0.1) with AarTransform
Transforming play-services-base-18.0.1.aar (com.google.android.gms:play-services-base:18.0.1) with JetifyTransform
Transforming play-services-base-18.0.1.aar (com.google.android.gms:play-services-base:18.0.1) with ExtractAarTransform
Transforming play-services-base-18.0.1.aar (com.google.android.gms:play-services-base:18.0.1) with AarTransform
Transforming play-services-base-18.0.1.aar (com.google.android.gms:play-services-base:18.0.1) with JetifyTransform
Transforming play-services-base-18.0.1.aar (com.google.android.gms:play-services-base:18.0.1) with ExtractAarTransform
Transforming play-services-base-18.0.1.aar (com.google.android.gms:play-services-base:18.0.1) with AarTransform
Transforming core-1.13.1.aar (androidx.core:core:1.13.1) with JetifyTransform
Transforming core-1.13.1.aar (androidx.core:core:1.13.1) with ExtractAarTransform
Transforming core-1.13.1.aar (androidx.core:core:1.13.1) with AarTransform
Transforming core-1.13.1.aar (androidx.core:core:1.13.1) with JetifyTransform
Transforming core-1.13.1.aar (androidx.core:core:1.13.1) with ExtractAarTransform
Transforming core-1.13.1.aar (androidx.core:core:1.13.1) with AarTransform
Transforming core-1.13.1.aar (androidx.core:core:1.13.1) with JetifyTransform
Transforming core-1.13.1.aar (androidx.core:core:1.13.1) with ExtractAarTransform
Transforming core-1.13.1.aar (androidx.core:core:1.13.1) with AarTransform
Transforming core-1.13.1.aar (androidx.core:core:1.13.1) with JetifyTransform
Transforming core-1.13.1.aar (androidx.core:core:1.13.1) with ExtractAarTransform
Transforming core-1.13.1.aar (androidx.core:core:1.13.1) with AarTransform
Transforming core-1.13.1.aar (androidx.core:core:1.13.1) with JetifyTransform
Transforming core-1.13.1.aar (androidx.core:core:1.13.1) with ExtractAarTransform
Transforming core-1.13.1.aar (androidx.core:core:1.13.1) with AarTransform
Transforming core-1.13.1.aar (androidx.core:core:1.13.1) with JetifyTransform
Transforming core-1.13.1.aar (androidx.core:core:1.13.1) with ExtractAarTransform
Transforming core-1.13.1.aar (androidx.core:core:1.13.1) with AarTransform
Transforming core-1.13.1.aar (androidx.core:core:1.13.1) with JetifyTransform
Transforming core-1.13.1.aar (androidx.core:core:1.13.1) with ExtractAarTransform
Transforming core-1.13.1.aar (androidx.core:core:1.13.1) with AarTransform
Transforming core-1.13.1.aar (androidx.core:core:1.13.1) with JetifyTransform
Transforming core-1.13.1.aar (androidx.core:core:1.13.1) with ExtractAarTransform
Transforming core-1.13.1.aar (androidx.core:core:1.13.1) with AarTransform
Transforming core-1.13.1.aar (androidx.core:core:1.13.1) with JetifyTransform
Transforming core-1.13.1.aar (androidx.core:core:1.13.1) with ExtractAarTransform
Transforming core-1.13.1.aar (androidx.core:core:1.13.1) with AarTransform
Transforming core-1.13.1.aar (androidx.core:core:1.13.1) with JetifyTransform
Transforming core-1.13.1.aar (androidx.core:core:1.13.1) with ExtractAarTransform
Transforming core-1.13.1.aar (androidx.core:core:1.13.1) with AarTransform
Transforming core-1.13.1.aar (androidx.core:core:1.13.1) with JetifyTransform
Transforming core-1.13.1.aar (androidx.core:core:1.13.1) with ExtractAarTransform
Transforming core-1.13.1.aar (androidx.core:core:1.13.1) with AarTransform
Transforming core-1.13.1.aar (androidx.core:core:1.13.1) with JetifyTransform
Transforming core-1.13.1.aar (androidx.core:core:1.13.1) with ExtractAarTransform
Transforming core-1.13.1.aar (androidx.core:core:1.13.1) with AarTransform
Transforming lifecycle-viewmodel-2.8.7.aar (androidx.lifecycle:lifecycle-viewmodel:2.8.7) with JetifyTransform
Transforming lifecycle-viewmodel-2.8.7.aar (androidx.lifecycle:lifecycle-viewmodel:2.8.7) with ExtractAarTransform
Transforming lifecycle-viewmodel-2.8.7.aar (androidx.lifecycle:lifecycle-viewmodel:2.8.7) with AarTransform
Transforming lifecycle-viewmodel-release.aar (androidx.lifecycle:lifecycle-viewmodel-android:2.8.7) with JetifyTransform
Transforming lifecycle-viewmodel-release.aar (androidx.lifecycle:lifecycle-viewmodel-android:2.8.7) with ExtractAarTransform
Transforming lifecycle-viewmodel-release.aar (androidx.lifecycle:lifecycle-viewmodel-android:2.8.7) with AarTransform
Transforming coil-2.6.0.aar (io.coil-kt:coil:2.6.0) with JetifyTransform
Transforming coil-2.6.0.aar (io.coil-kt:coil:2.6.0) with ExtractAarTransform
Transforming coil-2.6.0.aar (io.coil-kt:coil:2.6.0) with AarTransform
Transforming coil-base-2.6.0.aar (io.coil-kt:coil-base:2.6.0) with JetifyTransform
Transforming coil-base-2.6.0.aar (io.coil-kt:coil-base:2.6.0) with ExtractAarTransform
Transforming coil-base-2.6.0.aar (io.coil-kt:coil-base:2.6.0) with AarTransform
Transforming lifecycle-runtime-release.aar (androidx.lifecycle:lifecycle-runtime-android:2.8.7) with JetifyTransform
Transforming lifecycle-runtime-release.aar (androidx.lifecycle:lifecycle-runtime-android:2.8.7) with ExtractAarTransform
Transforming lifecycle-runtime-release.aar (androidx.lifecycle:lifecycle-runtime-android:2.8.7) with AarTransform
Transforming lifecycle-livedata-core-2.8.7.aar (androidx.lifecycle:lifecycle-livedata-core:2.8.7) with JetifyTransform
Transforming lifecycle-livedata-core-2.8.7.aar (androidx.lifecycle:lifecycle-livedata-core:2.8.7) with ExtractAarTransform
Transforming lifecycle-livedata-core-2.8.7.aar (androidx.lifecycle:lifecycle-livedata-core:2.8.7) with AarTransform
Transforming lifecycle-runtime-compose-release.aar (androidx.lifecycle:lifecycle-runtime-compose-android:2.8.7) with JetifyTransform
Transforming lifecycle-runtime-compose-release.aar (androidx.lifecycle:lifecycle-runtime-compose-android:2.8.7) with ExtractAarTransform
Transforming lifecycle-runtime-compose-release.aar (androidx.lifecycle:lifecycle-runtime-compose-android:2.8.7) with AarTransform
Transforming lifecycle-viewmodel-compose-release.aar (androidx.lifecycle:lifecycle-viewmodel-compose-android:2.8.7) with JetifyTransform
Transforming lifecycle-viewmodel-compose-release.aar (androidx.lifecycle:lifecycle-viewmodel-compose-android:2.8.7) with ExtractAarTransform
Transforming lifecycle-viewmodel-compose-release.aar (androidx.lifecycle:lifecycle-viewmodel-compose-android:2.8.7) with AarTransform
Transforming ui-release.aar (androidx.compose.ui:ui-android:1.6.2) with JetifyTransform
Transforming ui-release.aar (androidx.compose.ui:ui-android:1.6.2) with ExtractAarTransform
Transforming ui-release.aar (androidx.compose.ui:ui-android:1.6.2) with AarTransform
Transforming ui-tooling-release.aar (androidx.compose.ui:ui-tooling-android:1.6.2) with JetifyTransform
Transforming ui-tooling-release.aar (androidx.compose.ui:ui-tooling-android:1.6.2) with ExtractAarTransform
Transforming ui-tooling-release.aar (androidx.compose.ui:ui-tooling-android:1.6.2) with AarTransform
Transforming ui-test-manifest-1.6.2.aar (androidx.compose.ui:ui-test-manifest:1.6.2) with JetifyTransform
Transforming ui-test-manifest-1.6.2.aar (androidx.compose.ui:ui-test-manifest:1.6.2) with ExtractAarTransform
Transforming ui-test-manifest-1.6.2.aar (androidx.compose.ui:ui-test-manifest:1.6.2) with AarTransform
Transforming activity-1.9.3.aar (androidx.activity:activity:1.9.3) with JetifyTransform
Transforming activity-1.9.3.aar (androidx.activity:activity:1.9.3) with ExtractAarTransform
Transforming activity-1.9.3.aar (androidx.activity:activity:1.9.3) with AarTransform
Transforming lifecycle-viewmodel-savedstate-2.8.7.aar (androidx.lifecycle:lifecycle-viewmodel-savedstate:2.8.7) with JetifyTransform
Transforming lifecycle-viewmodel-savedstate-2.8.7.aar (androidx.lifecycle:lifecycle-viewmodel-savedstate:2.8.7) with ExtractAarTransform
Transforming lifecycle-viewmodel-savedstate-2.8.7.aar (androidx.lifecycle:lifecycle-viewmodel-savedstate:2.8.7) with AarTransform
Transforming lifecycle-runtime-ktx-release.aar (androidx.lifecycle:lifecycle-runtime-ktx-android:2.8.7) with JetifyTransform
Transforming lifecycle-runtime-ktx-release.aar (androidx.lifecycle:lifecycle-runtime-ktx-android:2.8.7) with ExtractAarTransform
Transforming lifecycle-runtime-ktx-release.aar (androidx.lifecycle:lifecycle-runtime-ktx-android:2.8.7) with AarTransform
Transforming work-runtime-ktx-2.9.1.aar (androidx.work:work-runtime-ktx:2.9.1) with JetifyTransform
Transforming work-runtime-ktx-2.9.1.aar (androidx.work:work-runtime-ktx:2.9.1) with ExtractAarTransform
Transforming work-runtime-ktx-2.9.1.aar (androidx.work:work-runtime-ktx:2.9.1) with AarTransform
Transforming work-runtime-2.9.1.aar (androidx.work:work-runtime:2.9.1) with JetifyTransform
Transforming work-runtime-2.9.1.aar (androidx.work:work-runtime:2.9.1) with ExtractAarTransform
Transforming work-runtime-2.9.1.aar (androidx.work:work-runtime:2.9.1) with AarTransform
Transforming lifecycle-livedata-2.8.7.aar (androidx.lifecycle:lifecycle-livedata:2.8.7) with JetifyTransform
Transforming lifecycle-livedata-2.8.7.aar (androidx.lifecycle:lifecycle-livedata:2.8.7) with ExtractAarTransform
Transforming lifecycle-livedata-2.8.7.aar (androidx.lifecycle:lifecycle-livedata:2.8.7) with AarTransform
Transforming lifecycle-livedata-2.8.7.aar (androidx.lifecycle:lifecycle-livedata:2.8.7) with JetifyTransform
Transforming lifecycle-livedata-2.8.7.aar (androidx.lifecycle:lifecycle-livedata:2.8.7) with ExtractAarTransform
Transforming lifecycle-livedata-2.8.7.aar (androidx.lifecycle:lifecycle-livedata:2.8.7) with AarTransform
Transforming lifecycle-livedata-core-ktx-2.8.7.aar (androidx.lifecycle:lifecycle-livedata-core-ktx:2.8.7) with JetifyTransform
Transforming lifecycle-livedata-core-ktx-2.8.7.aar (androidx.lifecycle:lifecycle-livedata-core-ktx:2.8.7) with ExtractAarTransform
Transforming lifecycle-livedata-core-ktx-2.8.7.aar (androidx.lifecycle:lifecycle-livedata-core-ktx:2.8.7) with AarTransform
Transforming lifecycle-livedata-ktx-2.8.7.aar (androidx.lifecycle:lifecycle-livedata-ktx:2.8.7) with JetifyTransform
Transforming lifecycle-livedata-ktx-2.8.7.aar (androidx.lifecycle:lifecycle-livedata-ktx:2.8.7) with ExtractAarTransform
Transforming lifecycle-livedata-ktx-2.8.7.aar (androidx.lifecycle:lifecycle-livedata-ktx:2.8.7) with AarTransform
Transforming lifecycle-viewmodel-ktx-2.8.7.aar (androidx.lifecycle:lifecycle-viewmodel-ktx:2.8.7) with JetifyTransform
Transforming lifecycle-viewmodel-ktx-2.8.7.aar (androidx.lifecycle:lifecycle-viewmodel-ktx:2.8.7) with ExtractAarTransform
Transforming lifecycle-viewmodel-ktx-2.8.7.aar (androidx.lifecycle:lifecycle-viewmodel-ktx:2.8.7) with AarTransform
Transforming runtime-saveable-release.aar (androidx.compose.runtime:runtime-saveable-android:1.7.1) with JetifyTransform
Transforming runtime-saveable-release.aar (androidx.compose.runtime:runtime-saveable-android:1.7.1) with ExtractAarTransform
Transforming runtime-saveable-release.aar (androidx.compose.runtime:runtime-saveable-android:1.7.1) with AarTransform
Transforming runtime-release.aar (androidx.compose.runtime:runtime-android:1.7.1) with JetifyTransform
Transforming runtime-release.aar (androidx.compose.runtime:runtime-android:1.7.1) with ExtractAarTransform
Transforming runtime-release.aar (androidx.compose.runtime:runtime-android:1.7.1) with AarTransform
Transforming ads-adservices-java-1.0.0-beta05.aar (androidx.privacysandbox.ads:ads-adservices-java:1.0.0-beta05) with JetifyTransform
Transforming ads-adservices-java-1.0.0-beta05.aar (androidx.privacysandbox.ads:ads-adservices-java:1.0.0-beta05) with ExtractAarTransform
Transforming ads-adservices-java-1.0.0-beta05.aar (androidx.privacysandbox.ads:ads-adservices-java:1.0.0-beta05) with AarTransform
Transforming ads-adservices-1.0.0-beta05.aar (androidx.privacysandbox.ads:ads-adservices:1.0.0-beta05) with JetifyTransform
Transforming ads-adservices-1.0.0-beta05.aar (androidx.privacysandbox.ads:ads-adservices:1.0.0-beta05) with ExtractAarTransform
Transforming ads-adservices-1.0.0-beta05.aar (androidx.privacysandbox.ads:ads-adservices:1.0.0-beta05) with AarTransform
Transforming firebase-installations-interop-17.1.1.aar (com.google.firebase:firebase-installations-interop:17.1.1) with JetifyTransform
Transforming firebase-installations-interop-17.1.1.aar (com.google.firebase:firebase-installations-interop:17.1.1) with ExtractAarTransform
Transforming firebase-installations-interop-17.1.1.aar (com.google.firebase:firebase-installations-interop:17.1.1) with AarTransform
Transforming firebase-installations-interop-17.1.1.aar (com.google.firebase:firebase-installations-interop:17.1.1) with JetifyTransform
Transforming firebase-installations-interop-17.1.1.aar (com.google.firebase:firebase-installations-interop:17.1.1) with ExtractAarTransform
Transforming firebase-installations-interop-17.1.1.aar (com.google.firebase:firebase-installations-interop:17.1.1) with AarTransform
Transforming play-services-tasks-18.2.0.aar (com.google.android.gms:play-services-tasks:18.2.0) with JetifyTransform
Transforming play-services-tasks-18.2.0.aar (com.google.android.gms:play-services-tasks:18.2.0) with ExtractAarTransform
Transforming play-services-tasks-18.2.0.aar (com.google.android.gms:play-services-tasks:18.2.0) with AarTransform
Transforming play-services-tasks-18.2.0.aar (com.google.android.gms:play-services-tasks:18.2.0) with JetifyTransform
Transforming play-services-tasks-18.2.0.aar (com.google.android.gms:play-services-tasks:18.2.0) with ExtractAarTransform
Transforming play-services-tasks-18.2.0.aar (com.google.android.gms:play-services-tasks:18.2.0) with AarTransform
Transforming play-services-tasks-18.2.0.aar (com.google.android.gms:play-services-tasks:18.2.0) with JetifyTransform
Transforming play-services-tasks-18.2.0.aar (com.google.android.gms:play-services-tasks:18.2.0) with ExtractAarTransform
Transforming play-services-tasks-18.2.0.aar (com.google.android.gms:play-services-tasks:18.2.0) with AarTransform
Transforming play-services-tasks-18.2.0.aar (com.google.android.gms:play-services-tasks:18.2.0) with JetifyTransform
Transforming play-services-tasks-18.2.0.aar (com.google.android.gms:play-services-tasks:18.2.0) with ExtractAarTransform
Transforming play-services-tasks-18.2.0.aar (com.google.android.gms:play-services-tasks:18.2.0) with AarTransform
Transforming play-services-tasks-18.2.0.aar (com.google.android.gms:play-services-tasks:18.2.0) with JetifyTransform
Transforming play-services-tasks-18.2.0.aar (com.google.android.gms:play-services-tasks:18.2.0) with ExtractAarTransform
Transforming play-services-tasks-18.2.0.aar (com.google.android.gms:play-services-tasks:18.2.0) with AarTransform
Transforming play-services-tasks-18.2.0.aar (com.google.android.gms:play-services-tasks:18.2.0) with JetifyTransform
Transforming play-services-tasks-18.2.0.aar (com.google.android.gms:play-services-tasks:18.2.0) with ExtractAarTransform
Transforming play-services-tasks-18.2.0.aar (com.google.android.gms:play-services-tasks:18.2.0) with AarTransform
Transforming play-services-tasks-18.2.0.aar (com.google.android.gms:play-services-tasks:18.2.0) with JetifyTransform
Transforming play-services-tasks-18.2.0.aar (com.google.android.gms:play-services-tasks:18.2.0) with ExtractAarTransform
Transforming play-services-tasks-18.2.0.aar (com.google.android.gms:play-services-tasks:18.2.0) with AarTransform
Transforming play-services-tasks-18.2.0.aar (com.google.android.gms:play-services-tasks:18.2.0) with JetifyTransform
Transforming play-services-tasks-18.2.0.aar (com.google.android.gms:play-services-tasks:18.2.0) with ExtractAarTransform
Transforming play-services-tasks-18.2.0.aar (com.google.android.gms:play-services-tasks:18.2.0) with AarTransform
Transforming play-services-ads-identifier-18.0.0.aar (com.google.android.gms:play-services-ads-identifier:18.0.0) with JetifyTransform
Transforming play-services-ads-identifier-18.0.0.aar (com.google.android.gms:play-services-ads-identifier:18.0.0) with ExtractAarTransform
Transforming play-services-ads-identifier-18.0.0.aar (com.google.android.gms:play-services-ads-identifier:18.0.0) with AarTransform
Transforming play-services-ads-identifier-18.0.0.aar (com.google.android.gms:play-services-ads-identifier:18.0.0) with JetifyTransform
Transforming play-services-ads-identifier-18.0.0.aar (com.google.android.gms:play-services-ads-identifier:18.0.0) with ExtractAarTransform
Transforming play-services-ads-identifier-18.0.0.aar (com.google.android.gms:play-services-ads-identifier:18.0.0) with AarTransform
Transforming play-services-ads-identifier-18.0.0.aar (com.google.android.gms:play-services-ads-identifier:18.0.0) with JetifyTransform
Transforming play-services-ads-identifier-18.0.0.aar (com.google.android.gms:play-services-ads-identifier:18.0.0) with ExtractAarTransform
Transforming play-services-ads-identifier-18.0.0.aar (com.google.android.gms:play-services-ads-identifier:18.0.0) with AarTransform
Transforming play-services-measurement-sdk-api-22.0.2.aar (com.google.android.gms:play-services-measurement-sdk-api:22.0.2) with JetifyTransform
Transforming play-services-measurement-sdk-api-22.0.2.aar (com.google.android.gms:play-services-measurement-sdk-api:22.0.2) with ExtractAarTransform
Transforming play-services-measurement-sdk-api-22.0.2.aar (com.google.android.gms:play-services-measurement-sdk-api:22.0.2) with AarTransform
Transforming play-services-measurement-base-22.0.2.aar (com.google.android.gms:play-services-measurement-base:22.0.2) with JetifyTransform
Transforming play-services-measurement-base-22.0.2.aar (com.google.android.gms:play-services-measurement-base:22.0.2) with ExtractAarTransform
Transforming play-services-measurement-base-22.0.2.aar (com.google.android.gms:play-services-measurement-base:22.0.2) with AarTransform
Transforming play-services-measurement-base-22.0.2.aar (com.google.android.gms:play-services-measurement-base:22.0.2) with JetifyTransform
Transforming play-services-measurement-base-22.0.2.aar (com.google.android.gms:play-services-measurement-base:22.0.2) with ExtractAarTransform
Transforming play-services-measurement-base-22.0.2.aar (com.google.android.gms:play-services-measurement-base:22.0.2) with AarTransform
Transforming play-services-measurement-base-22.0.2.aar (com.google.android.gms:play-services-measurement-base:22.0.2) with JetifyTransform
Transforming play-services-measurement-base-22.0.2.aar (com.google.android.gms:play-services-measurement-base:22.0.2) with ExtractAarTransform
Transforming play-services-measurement-base-22.0.2.aar (com.google.android.gms:play-services-measurement-base:22.0.2) with AarTransform
Transforming play-services-measurement-base-22.0.2.aar (com.google.android.gms:play-services-measurement-base:22.0.2) with JetifyTransform
Transforming play-services-measurement-base-22.0.2.aar (com.google.android.gms:play-services-measurement-base:22.0.2) with ExtractAarTransform
Transforming play-services-measurement-base-22.0.2.aar (com.google.android.gms:play-services-measurement-base:22.0.2) with AarTransform
Transforming play-services-measurement-base-22.0.2.aar (com.google.android.gms:play-services-measurement-base:22.0.2) with JetifyTransform
Transforming play-services-measurement-base-22.0.2.aar (com.google.android.gms:play-services-measurement-base:22.0.2) with ExtractAarTransform
Transforming play-services-measurement-base-22.0.2.aar (com.google.android.gms:play-services-measurement-base:22.0.2) with AarTransform
Transforming firebase-measurement-connector-19.0.0.aar (com.google.firebase:firebase-measurement-connector:19.0.0) with JetifyTransform
Transforming firebase-measurement-connector-19.0.0.aar (com.google.firebase:firebase-measurement-connector:19.0.0) with ExtractAarTransform
Transforming firebase-measurement-connector-19.0.0.aar (com.google.firebase:firebase-measurement-connector:19.0.0) with AarTransform
Transforming play-services-basement-18.4.0.aar (com.google.android.gms:play-services-basement:18.4.0) with JetifyTransform
Transforming play-services-basement-18.4.0.aar (com.google.android.gms:play-services-basement:18.4.0) with ExtractAarTransform
Transforming play-services-basement-18.4.0.aar (com.google.android.gms:play-services-basement:18.4.0) with AarTransform
Transforming play-services-basement-18.4.0.aar (com.google.android.gms:play-services-basement:18.4.0) with JetifyTransform
Transforming play-services-basement-18.4.0.aar (com.google.android.gms:play-services-basement:18.4.0) with ExtractAarTransform
Transforming play-services-basement-18.4.0.aar (com.google.android.gms:play-services-basement:18.4.0) with AarTransform
Transforming play-services-basement-18.4.0.aar (com.google.android.gms:play-services-basement:18.4.0) with JetifyTransform
Transforming play-services-basement-18.4.0.aar (com.google.android.gms:play-services-basement:18.4.0) with ExtractAarTransform
Transforming play-services-basement-18.4.0.aar (com.google.android.gms:play-services-basement:18.4.0) with AarTransform
Transforming play-services-basement-18.4.0.aar (com.google.android.gms:play-services-basement:18.4.0) with JetifyTransform
Transforming play-services-basement-18.4.0.aar (com.google.android.gms:play-services-basement:18.4.0) with ExtractAarTransform
Transforming play-services-basement-18.4.0.aar (com.google.android.gms:play-services-basement:18.4.0) with AarTransform
Transforming play-services-basement-18.4.0.aar (com.google.android.gms:play-services-basement:18.4.0) with JetifyTransform
Transforming play-services-basement-18.4.0.aar (com.google.android.gms:play-services-basement:18.4.0) with ExtractAarTransform
Transforming play-services-basement-18.4.0.aar (com.google.android.gms:play-services-basement:18.4.0) with AarTransform
Transforming play-services-basement-18.4.0.aar (com.google.android.gms:play-services-basement:18.4.0) with JetifyTransform
Transforming play-services-basement-18.4.0.aar (com.google.android.gms:play-services-basement:18.4.0) with ExtractAarTransform
Transforming play-services-basement-18.4.0.aar (com.google.android.gms:play-services-basement:18.4.0) with AarTransform
Transforming play-services-basement-18.4.0.aar (com.google.android.gms:play-services-basement:18.4.0) with JetifyTransform
Transforming play-services-basement-18.4.0.aar (com.google.android.gms:play-services-basement:18.4.0) with ExtractAarTransform
Transforming play-services-basement-18.4.0.aar (com.google.android.gms:play-services-basement:18.4.0) with AarTransform
Transforming play-services-basement-18.4.0.aar (com.google.android.gms:play-services-basement:18.4.0) with JetifyTransform
Transforming play-services-basement-18.4.0.aar (com.google.android.gms:play-services-basement:18.4.0) with ExtractAarTransform
Transforming play-services-basement-18.4.0.aar (com.google.android.gms:play-services-basement:18.4.0) with AarTransform
Transforming play-services-basement-18.4.0.aar (com.google.android.gms:play-services-basement:18.4.0) with JetifyTransform
Transforming play-services-basement-18.4.0.aar (com.google.android.gms:play-services-basement:18.4.0) with ExtractAarTransform
Transforming play-services-basement-18.4.0.aar (com.google.android.gms:play-services-basement:18.4.0) with AarTransform
Transforming play-services-basement-18.4.0.aar (com.google.android.gms:play-services-basement:18.4.0) with JetifyTransform
Transforming play-services-basement-18.4.0.aar (com.google.android.gms:play-services-basement:18.4.0) with ExtractAarTransform
Transforming play-services-basement-18.4.0.aar (com.google.android.gms:play-services-basement:18.4.0) with AarTransform
Transforming play-services-basement-18.4.0.aar (com.google.android.gms:play-services-basement:18.4.0) with JetifyTransform
Transforming play-services-basement-18.4.0.aar (com.google.android.gms:play-services-basement:18.4.0) with ExtractAarTransform
Transforming play-services-basement-18.4.0.aar (com.google.android.gms:play-services-basement:18.4.0) with AarTransform
Transforming play-services-basement-18.4.0.aar (com.google.android.gms:play-services-basement:18.4.0) with JetifyTransform
Transforming play-services-basement-18.4.0.aar (com.google.android.gms:play-services-basement:18.4.0) with ExtractAarTransform
Transforming play-services-basement-18.4.0.aar (com.google.android.gms:play-services-basement:18.4.0) with AarTransform
Transforming fragment-1.8.5.aar (androidx.fragment:fragment:1.8.5) with JetifyTransform
Transforming fragment-1.8.5.aar (androidx.fragment:fragment:1.8.5) with ExtractAarTransform
Transforming fragment-1.8.5.aar (androidx.fragment:fragment:1.8.5) with AarTransform
Transforming fragment-1.8.5.aar (androidx.fragment:fragment:1.8.5) with JetifyTransform
Transforming fragment-1.8.5.aar (androidx.fragment:fragment:1.8.5) with ExtractAarTransform
Transforming fragment-1.8.5.aar (androidx.fragment:fragment:1.8.5) with AarTransform
Transforming fragment-1.8.5.aar (androidx.fragment:fragment:1.8.5) with JetifyTransform
Transforming fragment-1.8.5.aar (androidx.fragment:fragment:1.8.5) with ExtractAarTransform
Transforming fragment-1.8.5.aar (androidx.fragment:fragment:1.8.5) with AarTransform
Transforming fragment-ktx-1.8.5.aar (androidx.fragment:fragment-ktx:1.8.5) with JetifyTransform
Transforming fragment-ktx-1.8.5.aar (androidx.fragment:fragment-ktx:1.8.5) with ExtractAarTransform
Transforming fragment-ktx-1.8.5.aar (androidx.fragment:fragment-ktx:1.8.5) with AarTransform
Transforming activity-ktx-1.9.3.aar (androidx.activity:activity-ktx:1.9.3) with JetifyTransform
Transforming activity-ktx-1.9.3.aar (androidx.activity:activity-ktx:1.9.3) with ExtractAarTransform
Transforming activity-ktx-1.9.3.aar (androidx.activity:activity-ktx:1.9.3) with AarTransform
Transforming core-ktx-1.13.1.aar (androidx.core:core-ktx:1.13.1) with JetifyTransform
Transforming core-ktx-1.13.1.aar (androidx.core:core-ktx:1.13.1) with ExtractAarTransform
Transforming core-ktx-1.13.1.aar (androidx.core:core-ktx:1.13.1) with AarTransform
Transforming flexbox-3.0.0.aar (com.google.android.flexbox:flexbox:3.0.0) with JetifyTransform
Transforming flexbox-3.0.0.aar (com.google.android.flexbox:flexbox:3.0.0) with ExtractAarTransform
Transforming flexbox-3.0.0.aar (com.google.android.flexbox:flexbox:3.0.0) with AarTransform
Transforming savedstate-ktx-1.2.1.aar (androidx.savedstate:savedstate-ktx:1.2.1) with JetifyTransform
Transforming savedstate-ktx-1.2.1.aar (androidx.savedstate:savedstate-ktx:1.2.1) with ExtractAarTransform
Transforming savedstate-ktx-1.2.1.aar (androidx.savedstate:savedstate-ktx:1.2.1) with AarTransform
Transforming savedstate-1.2.1.aar (androidx.savedstate:savedstate:1.2.1) with JetifyTransform
Transforming savedstate-1.2.1.aar (androidx.savedstate:savedstate:1.2.1) with ExtractAarTransform
Transforming savedstate-1.2.1.aar (androidx.savedstate:savedstate:1.2.1) with AarTransform
Transforming media3-ffmpeg-decoder-1.5.0+1.aar (org.jellyfin.media3:media3-ffmpeg-decoder:1.5.0+1) with JetifyTransform
Transforming media3-ffmpeg-decoder-1.5.0+1.aar (org.jellyfin.media3:media3-ffmpeg-decoder:1.5.0+1) with ExtractAarTransform
Transforming media3-ffmpeg-decoder-1.5.0+1.aar (org.jellyfin.media3:media3-ffmpeg-decoder:1.5.0+1) with AarTransform
Transforming media3-exoplayer-1.5.0.aar (androidx.media3:media3-exoplayer:1.5.0) with JetifyTransform
Transforming media3-exoplayer-1.5.0.aar (androidx.media3:media3-exoplayer:1.5.0) with ExtractAarTransform
Transforming media3-exoplayer-1.5.0.aar (androidx.media3:media3-exoplayer:1.5.0) with AarTransform
Transforming media3-exoplayer-1.5.0.aar (androidx.media3:media3-exoplayer:1.5.0) with JetifyTransform
Transforming media3-exoplayer-1.5.0.aar (androidx.media3:media3-exoplayer:1.5.0) with ExtractAarTransform
Transforming media3-exoplayer-1.5.0.aar (androidx.media3:media3-exoplayer:1.5.0) with AarTransform
Transforming media3-container-1.5.0.aar (androidx.media3:media3-container:1.5.0) with JetifyTransform
Transforming media3-container-1.5.0.aar (androidx.media3:media3-container:1.5.0) with ExtractAarTransform
Transforming media3-container-1.5.0.aar (androidx.media3:media3-container:1.5.0) with AarTransform
Transforming media3-common-1.5.0.aar (androidx.media3:media3-common:1.5.0) with JetifyTransform
Transforming media3-common-1.5.0.aar (androidx.media3:media3-common:1.5.0) with ExtractAarTransform
Transforming media3-common-1.5.0.aar (androidx.media3:media3-common:1.5.0) with AarTransform
Transforming annotation-experimental-1.4.1.aar (androidx.annotation:annotation-experimental:1.4.1) with JetifyTransform
Transforming annotation-experimental-1.4.1.aar (androidx.annotation:annotation-experimental:1.4.1) with ExtractAarTransform
Transforming annotation-experimental-1.4.1.aar (androidx.annotation:annotation-experimental:1.4.1) with AarTransform
Transforming media3-datasource-okhttp-1.5.0.aar (androidx.media3:media3-datasource-okhttp:1.5.0) with JetifyTransform
Transforming media3-datasource-okhttp-1.5.0.aar (androidx.media3:media3-datasource-okhttp:1.5.0) with ExtractAarTransform
Transforming media3-datasource-okhttp-1.5.0.aar (androidx.media3:media3-datasource-okhttp:1.5.0) with AarTransform
Transforming security-crypto-1.1.0-alpha06.aar (androidx.security:security-crypto:1.1.0-alpha06) with JetifyTransform
Transforming security-crypto-1.1.0-alpha06.aar (androidx.security:security-crypto:1.1.0-alpha06) with ExtractAarTransform
Transforming security-crypto-1.1.0-alpha06.aar (androidx.security:security-crypto:1.1.0-alpha06) with AarTransform
Transforming cursoradapter-1.0.0.aar (androidx.cursoradapter:cursoradapter:1.0.0) with JetifyTransform
Transforming cursoradapter-1.0.0.aar (androidx.cursoradapter:cursoradapter:1.0.0) with ExtractAarTransform
Transforming cursoradapter-1.0.0.aar (androidx.cursoradapter:cursoradapter:1.0.0) with AarTransform
Transforming cardview-1.0.0.aar (androidx.cardview:cardview:1.0.0) with JetifyTransform
Transforming cardview-1.0.0.aar (androidx.cardview:cardview:1.0.0) with ExtractAarTransform
Transforming cardview-1.0.0.aar (androidx.cardview:cardview:1.0.0) with AarTransform
Transforming sqlite-framework-2.4.0.aar (androidx.sqlite:sqlite-framework:2.4.0) with JetifyTransform
Transforming sqlite-framework-2.4.0.aar (androidx.sqlite:sqlite-framework:2.4.0) with ExtractAarTransform
Transforming sqlite-framework-2.4.0.aar (androidx.sqlite:sqlite-framework:2.4.0) with AarTransform
Transforming sqlite-2.4.0.aar (androidx.sqlite:sqlite:2.4.0) with JetifyTransform
Transforming sqlite-2.4.0.aar (androidx.sqlite:sqlite:2.4.0) with ExtractAarTransform
Transforming sqlite-2.4.0.aar (androidx.sqlite:sqlite:2.4.0) with AarTransform
Transforming gifdecoder-4.16.0.aar (com.github.bumptech.glide:gifdecoder:4.16.0) with JetifyTransform
Transforming gifdecoder-4.16.0.aar (com.github.bumptech.glide:gifdecoder:4.16.0) with ExtractAarTransform
Transforming gifdecoder-4.16.0.aar (com.github.bumptech.glide:gifdecoder:4.16.0) with AarTransform
Transforming versionedparcelable-1.1.1.aar (androidx.versionedparcelable:versionedparcelable:1.1.1) with JetifyTransform
Transforming versionedparcelable-1.1.1.aar (androidx.versionedparcelable:versionedparcelable:1.1.1) with ExtractAarTransform
Transforming versionedparcelable-1.1.1.aar (androidx.versionedparcelable:versionedparcelable:1.1.1) with AarTransform
Transforming core-runtime-2.2.0.aar (androidx.arch.core:core-runtime:2.2.0) with JetifyTransform
Transforming core-runtime-2.2.0.aar (androidx.arch.core:core-runtime:2.2.0) with ExtractAarTransform
Transforming core-runtime-2.2.0.aar (androidx.arch.core:core-runtime:2.2.0) with AarTransform
Transforming interpolator-1.0.0.aar (androidx.interpolator:interpolator:1.0.0) with JetifyTransform
Transforming interpolator-1.0.0.aar (androidx.interpolator:interpolator:1.0.0) with ExtractAarTransform
Transforming interpolator-1.0.0.aar (androidx.interpolator:interpolator:1.0.0) with AarTransform
Transforming documentfile-1.0.0.aar (androidx.documentfile:documentfile:1.0.0) with JetifyTransform
Transforming documentfile-1.0.0.aar (androidx.documentfile:documentfile:1.0.0) with ExtractAarTransform
Transforming documentfile-1.0.0.aar (androidx.documentfile:documentfile:1.0.0) with AarTransform
Transforming localbroadcastmanager-1.0.0.aar (androidx.localbroadcastmanager:localbroadcastmanager:1.0.0) with JetifyTransform
Transforming localbroadcastmanager-1.0.0.aar (androidx.localbroadcastmanager:localbroadcastmanager:1.0.0) with ExtractAarTransform
Transforming localbroadcastmanager-1.0.0.aar (androidx.localbroadcastmanager:localbroadcastmanager:1.0.0) with AarTransform
Transforming print-1.0.0.aar (androidx.print:print:1.0.0) with JetifyTransform
Transforming print-1.0.0.aar (androidx.print:print:1.0.0) with ExtractAarTransform
Transforming print-1.0.0.aar (androidx.print:print:1.0.0) with AarTransform
Transforming multidex-2.0.1.aar (androidx.multidex:multidex:2.0.1) with JetifyTransform
Transforming multidex-2.0.1.aar (androidx.multidex:multidex:2.0.1) with ExtractAarTransform
Transforming multidex-2.0.1.aar (androidx.multidex:multidex:2.0.1) with AarTransform
Transforming constraintlayout-2.1.4.aar (androidx.constraintlayout:constraintlayout:2.1.4) with JetifyTransform
Transforming constraintlayout-2.1.4.aar (androidx.constraintlayout:constraintlayout:2.1.4) with ExtractAarTransform
Transforming constraintlayout-2.1.4.aar (androidx.constraintlayout:constraintlayout:2.1.4) with AarTransform
Transforming media3-exoplayer-hls-1.5.0.aar (androidx.media3:media3-exoplayer-hls:1.5.0) with JetifyTransform
Transforming media3-exoplayer-hls-1.5.0.aar (androidx.media3:media3-exoplayer-hls:1.5.0) with ExtractAarTransform
Transforming media3-exoplayer-hls-1.5.0.aar (androidx.media3:media3-exoplayer-hls:1.5.0) with AarTransform
Transforming media3-ui-1.5.0.aar (androidx.media3:media3-ui:1.5.0) with JetifyTransform
Transforming media3-ui-1.5.0.aar (androidx.media3:media3-ui:1.5.0) with ExtractAarTransform
Transforming media3-ui-1.5.0.aar (androidx.media3:media3-ui:1.5.0) with AarTransform
Transforming media3-extractor-1.5.0.aar (androidx.media3:media3-extractor:1.5.0) with JetifyTransform
Transforming media3-extractor-1.5.0.aar (androidx.media3:media3-extractor:1.5.0) with ExtractAarTransform
Transforming media3-extractor-1.5.0.aar (androidx.media3:media3-extractor:1.5.0) with AarTransform
Transforming zxing-android-embedded-4.3.0.aar (com.journeyapps:zxing-android-embedded:4.3.0) with JetifyTransform
Transforming zxing-android-embedded-4.3.0.aar (com.journeyapps:zxing-android-embedded:4.3.0) with ExtractAarTransform
Transforming zxing-android-embedded-4.3.0.aar (com.journeyapps:zxing-android-embedded:4.3.0) with AarTransform
Transforming startup-runtime-1.1.1.aar (androidx.startup:startup-runtime:1.1.1) with JetifyTransform
Transforming startup-runtime-1.1.1.aar (androidx.startup:startup-runtime:1.1.1) with ExtractAarTransform
Transforming startup-runtime-1.1.1.aar (androidx.startup:startup-runtime:1.1.1) with AarTransform
Transforming tracing-1.0.0.aar (androidx.tracing:tracing:1.0.0) with JetifyTransform
Transforming tracing-1.0.0.aar (androidx.tracing:tracing:1.0.0) with ExtractAarTransform
Transforming tracing-1.0.0.aar (androidx.tracing:tracing:1.0.0) with AarTransform
Transforming exifinterface-1.3.7.aar (androidx.exifinterface:exifinterface:1.3.7) with JetifyTransform
Transforming exifinterface-1.3.7.aar (androidx.exifinterface:exifinterface:1.3.7) with ExtractAarTransform
Transforming exifinterface-1.3.7.aar (androidx.exifinterface:exifinterface:1.3.7) with AarTransform
Transforming media3-database-1.5.0.aar (androidx.media3:media3-database:1.5.0) with JetifyTransform
Transforming media3-database-1.5.0.aar (androidx.media3:media3-database:1.5.0) with ExtractAarTransform
Transforming media3-database-1.5.0.aar (androidx.media3:media3-database:1.5.0) with AarTransform
Transforming media3-datasource-1.5.0.aar (androidx.media3:media3-datasource:1.5.0) with JetifyTransform
Transforming media3-datasource-1.5.0.aar (androidx.media3:media3-datasource:1.5.0) with ExtractAarTransform
Transforming media3-datasource-1.5.0.aar (androidx.media3:media3-datasource:1.5.0) with AarTransform
Transforming media3-decoder-1.5.0.aar (androidx.media3:media3-decoder:1.5.0) with JetifyTransform
Transforming media3-decoder-1.5.0.aar (androidx.media3:media3-decoder:1.5.0) with ExtractAarTransform
Transforming media3-decoder-1.5.0.aar (androidx.media3:media3-decoder:1.5.0) with AarTransform
Transforming media3-decoder-1.5.0.aar (androidx.media3:media3-decoder:1.5.0) with JetifyTransform
Transforming media3-decoder-1.5.0.aar (androidx.media3:media3-decoder:1.5.0) with ExtractAarTransform
Transforming media3-decoder-1.5.0.aar (androidx.media3:media3-decoder:1.5.0) with AarTransform
Transforming firebase-components-18.0.0.aar (com.google.firebase:firebase-components:18.0.0) with JetifyTransform
Transforming firebase-components-18.0.0.aar (com.google.firebase:firebase-components:18.0.0) with ExtractAarTransform
Transforming firebase-components-18.0.0.aar (com.google.firebase:firebase-components:18.0.0) with AarTransform
Transforming firebase-components-18.0.0.aar (com.google.firebase:firebase-components:18.0.0) with JetifyTransform
Transforming firebase-components-18.0.0.aar (com.google.firebase:firebase-components:18.0.0) with ExtractAarTransform
Transforming firebase-components-18.0.0.aar (com.google.firebase:firebase-components:18.0.0) with AarTransform
Transforming firebase-components-18.0.0.aar (com.google.firebase:firebase-components:18.0.0) with JetifyTransform
Transforming firebase-components-18.0.0.aar (com.google.firebase:firebase-components:18.0.0) with ExtractAarTransform
Transforming firebase-components-18.0.0.aar (com.google.firebase:firebase-components:18.0.0) with AarTransform
Transforming firebase-components-18.0.0.aar (com.google.firebase:firebase-components:18.0.0) with JetifyTransform
Transforming firebase-components-18.0.0.aar (com.google.firebase:firebase-components:18.0.0) with ExtractAarTransform
Transforming firebase-components-18.0.0.aar (com.google.firebase:firebase-components:18.0.0) with AarTransform
Transforming firebase-components-18.0.0.aar (com.google.firebase:firebase-components:18.0.0) with JetifyTransform
Transforming firebase-components-18.0.0.aar (com.google.firebase:firebase-components:18.0.0) with ExtractAarTransform
Transforming firebase-components-18.0.0.aar (com.google.firebase:firebase-components:18.0.0) with AarTransform
Transforming dagger-lint-aar-2.51.1.aar (com.google.dagger:dagger-lint-aar:2.51.1) with JetifyTransform
Transforming dagger-lint-aar-2.51.1.aar (com.google.dagger:dagger-lint-aar:2.51.1) with ExtractAarTransform
Transforming dagger-lint-aar-2.51.1.aar (com.google.dagger:dagger-lint-aar:2.51.1) with AarTransform
Transforming protolite-well-known-types-18.0.0.aar (com.google.firebase:protolite-well-known-types:18.0.0) with JetifyTransform
Transforming protolite-well-known-types-18.0.0.aar (com.google.firebase:protolite-well-known-types:18.0.0) with ExtractAarTransform
Transforming protolite-well-known-types-18.0.0.aar (com.google.firebase:protolite-well-known-types:18.0.0) with AarTransform
Caching disabled for task ':app:dataBindingGenBaseClassesDebug' because:
  Build cache is disabled
Skipping task ':app:dataBindingGenBaseClassesDebug' as it is up-to-date.
Resolve mutations for :app:generateDebugBuildConfig (Thread[#64,included builds,5,main]) started.
:app:generateDebugBuildConfig (Thread[#64,included builds,5,main]) started.

> Task :app:generateDebugBuildConfig UP-TO-DATE
Caching disabled for task ':app:generateDebugBuildConfig' because:
  Build cache is disabled
Skipping task ':app:generateDebugBuildConfig' as it is up-to-date.
Resolve mutations for :app:checkDebugAarMetadata (Thread[#64,included builds,5,main]) started.
:app:checkDebugAarMetadata (Thread[#64,included builds,5,main]) started.

> Task :app:checkDebugAarMetadata UP-TO-DATE
Transforming viewbinding-8.7.1.aar (androidx.databinding:viewbinding:8.7.1) with JetifyTransform
Transforming viewbinding-8.7.1.aar (androidx.databinding:viewbinding:8.7.1) with ExtractAarTransform
Transforming viewbinding-8.7.1.aar (androidx.databinding:viewbinding:8.7.1) with AarTransform
Transforming material-1.12.0.aar (com.google.android.material:material:1.12.0) with JetifyTransform
Transforming material-1.12.0.aar (com.google.android.material:material:1.12.0) with ExtractAarTransform
Transforming material-1.12.0.aar (com.google.android.material:material:1.12.0) with AarTransform
Transforming constraintlayout-2.1.4.aar (androidx.constraintlayout:constraintlayout:2.1.4) with JetifyTransform
Transforming constraintlayout-2.1.4.aar (androidx.constraintlayout:constraintlayout:2.1.4) with ExtractAarTransform
Transforming constraintlayout-2.1.4.aar (androidx.constraintlayout:constraintlayout:2.1.4) with AarTransform
Transforming coil-compose-2.6.0.aar (io.coil-kt:coil-compose:2.6.0) with JetifyTransform
Transforming coil-compose-2.6.0.aar (io.coil-kt:coil-compose:2.6.0) with ExtractAarTransform
Transforming coil-compose-2.6.0.aar (io.coil-kt:coil-compose:2.6.0) with AarTransform
Transforming coil-compose-base-2.6.0.aar (io.coil-kt:coil-compose-base:2.6.0) with JetifyTransform
Transforming coil-compose-base-2.6.0.aar (io.coil-kt:coil-compose-base:2.6.0) with ExtractAarTransform
Transforming coil-compose-base-2.6.0.aar (io.coil-kt:coil-compose-base:2.6.0) with AarTransform
Transforming coil-2.6.0.aar (io.coil-kt:coil:2.6.0) with JetifyTransform
Transforming coil-2.6.0.aar (io.coil-kt:coil:2.6.0) with ExtractAarTransform
Transforming coil-2.6.0.aar (io.coil-kt:coil:2.6.0) with AarTransform
Transforming coil-base-2.6.0.aar (io.coil-kt:coil-base:2.6.0) with JetifyTransform
Transforming coil-base-2.6.0.aar (io.coil-kt:coil-base:2.6.0) with ExtractAarTransform
Transforming coil-base-2.6.0.aar (io.coil-kt:coil-base:2.6.0) with AarTransform
Transforming appcompat-resources-1.7.0.aar (androidx.appcompat:appcompat-resources:1.7.0) with JetifyTransform
Transforming appcompat-resources-1.7.0.aar (androidx.appcompat:appcompat-resources:1.7.0) with ExtractAarTransform
Transforming appcompat-resources-1.7.0.aar (androidx.appcompat:appcompat-resources:1.7.0) with AarTransform
Transforming preference-ktx-1.2.1.aar (androidx.preference:preference-ktx:1.2.1) with JetifyTransform
Transforming preference-ktx-1.2.1.aar (androidx.preference:preference-ktx:1.2.1) with ExtractAarTransform
Transforming preference-ktx-1.2.1.aar (androidx.preference:preference-ktx:1.2.1) with AarTransform
Transforming preference-1.2.1.aar (androidx.preference:preference:1.2.1) with JetifyTransform
Transforming preference-1.2.1.aar (androidx.preference:preference:1.2.1) with ExtractAarTransform
Transforming preference-1.2.1.aar (androidx.preference:preference:1.2.1) with AarTransform
Transforming appcompat-1.7.0.aar (androidx.appcompat:appcompat:1.7.0) with JetifyTransform
Transforming appcompat-1.7.0.aar (androidx.appcompat:appcompat:1.7.0) with ExtractAarTransform
Transforming appcompat-1.7.0.aar (androidx.appcompat:appcompat:1.7.0) with AarTransform
Transforming okhttp3-integration-4.16.0.aar (com.github.bumptech.glide:okhttp3-integration:4.16.0) with JetifyTransform
Transforming okhttp3-integration-4.16.0.aar (com.github.bumptech.glide:okhttp3-integration:4.16.0) with ExtractAarTransform
Transforming okhttp3-integration-4.16.0.aar (com.github.bumptech.glide:okhttp3-integration:4.16.0) with AarTransform
Transforming glide-4.16.0.aar (com.github.bumptech.glide:glide:4.16.0) with JetifyTransform
Transforming glide-4.16.0.aar (com.github.bumptech.glide:glide:4.16.0) with ExtractAarTransform
Transforming glide-4.16.0.aar (com.github.bumptech.glide:glide:4.16.0) with AarTransform
Transforming hilt-work-1.2.0.aar (androidx.hilt:hilt-work:1.2.0) with JetifyTransform
Transforming hilt-work-1.2.0.aar (androidx.hilt:hilt-work:1.2.0) with ExtractAarTransform
Transforming hilt-work-1.2.0.aar (androidx.hilt:hilt-work:1.2.0) with AarTransform
Transforming hilt-android-2.51.1.aar (com.google.dagger:hilt-android:2.51.1) with JetifyTransform
Transforming hilt-android-2.51.1.aar (com.google.dagger:hilt-android:2.51.1) with ExtractAarTransform
Transforming hilt-android-2.51.1.aar (com.google.dagger:hilt-android:2.51.1) with AarTransform
Transforming media3-exoplayer-hls-1.5.0.aar (androidx.media3:media3-exoplayer-hls:1.5.0) with JetifyTransform
Transforming media3-exoplayer-hls-1.5.0.aar (androidx.media3:media3-exoplayer-hls:1.5.0) with ExtractAarTransform
Transforming media3-exoplayer-hls-1.5.0.aar (androidx.media3:media3-exoplayer-hls:1.5.0) with AarTransform
Transforming media3-ffmpeg-decoder-1.5.0+1.aar (org.jellyfin.media3:media3-ffmpeg-decoder:1.5.0+1) with JetifyTransform
Transforming media3-ffmpeg-decoder-1.5.0+1.aar (org.jellyfin.media3:media3-ffmpeg-decoder:1.5.0+1) with ExtractAarTransform
Transforming media3-ffmpeg-decoder-1.5.0+1.aar (org.jellyfin.media3:media3-ffmpeg-decoder:1.5.0+1) with AarTransform
Transforming media3-exoplayer-1.5.0.aar (androidx.media3:media3-exoplayer:1.5.0) with JetifyTransform
Transforming media3-exoplayer-1.5.0.aar (androidx.media3:media3-exoplayer:1.5.0) with ExtractAarTransform
Transforming media3-exoplayer-1.5.0.aar (androidx.media3:media3-exoplayer:1.5.0) with AarTransform
Transforming media3-exoplayer-1.5.0.aar (androidx.media3:media3-exoplayer:1.5.0) with JetifyTransform
Transforming media3-exoplayer-1.5.0.aar (androidx.media3:media3-exoplayer:1.5.0) with ExtractAarTransform
Transforming media3-exoplayer-1.5.0.aar (androidx.media3:media3-exoplayer:1.5.0) with AarTransform
Transforming media3-datasource-okhttp-1.5.0.aar (androidx.media3:media3-datasource-okhttp:1.5.0) with JetifyTransform
Transforming media3-datasource-okhttp-1.5.0.aar (androidx.media3:media3-datasource-okhttp:1.5.0) with ExtractAarTransform
Transforming media3-datasource-okhttp-1.5.0.aar (androidx.media3:media3-datasource-okhttp:1.5.0) with AarTransform
Transforming media3-extractor-1.5.0.aar (androidx.media3:media3-extractor:1.5.0) with JetifyTransform
Transforming media3-extractor-1.5.0.aar (androidx.media3:media3-extractor:1.5.0) with ExtractAarTransform
Transforming media3-extractor-1.5.0.aar (androidx.media3:media3-extractor:1.5.0) with AarTransform
Transforming media3-container-1.5.0.aar (androidx.media3:media3-container:1.5.0) with JetifyTransform
Transforming media3-container-1.5.0.aar (androidx.media3:media3-container:1.5.0) with ExtractAarTransform
Transforming media3-container-1.5.0.aar (androidx.media3:media3-container:1.5.0) with AarTransform
Transforming media3-datasource-1.5.0.aar (androidx.media3:media3-datasource:1.5.0) with JetifyTransform
Transforming media3-datasource-1.5.0.aar (androidx.media3:media3-datasource:1.5.0) with ExtractAarTransform
Transforming media3-datasource-1.5.0.aar (androidx.media3:media3-datasource:1.5.0) with AarTransform
Transforming media3-decoder-1.5.0.aar (androidx.media3:media3-decoder:1.5.0) with JetifyTransform
Transforming media3-decoder-1.5.0.aar (androidx.media3:media3-decoder:1.5.0) with ExtractAarTransform
Transforming media3-decoder-1.5.0.aar (androidx.media3:media3-decoder:1.5.0) with AarTransform
Transforming media3-decoder-1.5.0.aar (androidx.media3:media3-decoder:1.5.0) with JetifyTransform
Transforming media3-decoder-1.5.0.aar (androidx.media3:media3-decoder:1.5.0) with ExtractAarTransform
Transforming media3-decoder-1.5.0.aar (androidx.media3:media3-decoder:1.5.0) with AarTransform
Transforming media3-database-1.5.0.aar (androidx.media3:media3-database:1.5.0) with JetifyTransform
Transforming media3-database-1.5.0.aar (androidx.media3:media3-database:1.5.0) with ExtractAarTransform
Transforming media3-database-1.5.0.aar (androidx.media3:media3-database:1.5.0) with AarTransform
Transforming media3-common-1.5.0.aar (androidx.media3:media3-common:1.5.0) with JetifyTransform
Transforming media3-common-1.5.0.aar (androidx.media3:media3-common:1.5.0) with ExtractAarTransform
Transforming media3-common-1.5.0.aar (androidx.media3:media3-common:1.5.0) with AarTransform
Transforming media3-ui-1.5.0.aar (androidx.media3:media3-ui:1.5.0) with JetifyTransform
Transforming media3-ui-1.5.0.aar (androidx.media3:media3-ui:1.5.0) with ExtractAarTransform
Transforming media3-ui-1.5.0.aar (androidx.media3:media3-ui:1.5.0) with AarTransform
Transforming work-runtime-ktx-2.9.1.aar (androidx.work:work-runtime-ktx:2.9.1) with JetifyTransform
Transforming work-runtime-ktx-2.9.1.aar (androidx.work:work-runtime-ktx:2.9.1) with ExtractAarTransform
Transforming work-runtime-ktx-2.9.1.aar (androidx.work:work-runtime-ktx:2.9.1) with AarTransform
Transforming work-runtime-2.9.1.aar (androidx.work:work-runtime:2.9.1) with JetifyTransform
Transforming work-runtime-2.9.1.aar (androidx.work:work-runtime:2.9.1) with ExtractAarTransform
Transforming work-runtime-2.9.1.aar (androidx.work:work-runtime:2.9.1) with AarTransform
Transforming room-ktx-2.6.1.aar (androidx.room:room-ktx:2.6.1) with JetifyTransform
Transforming room-ktx-2.6.1.aar (androidx.room:room-ktx:2.6.1) with ExtractAarTransform
Transforming room-ktx-2.6.1.aar (androidx.room:room-ktx:2.6.1) with AarTransform
Transforming room-runtime-2.6.1.aar (androidx.room:room-runtime:2.6.1) with JetifyTransform
Transforming room-runtime-2.6.1.aar (androidx.room:room-runtime:2.6.1) with ExtractAarTransform
Transforming room-runtime-2.6.1.aar (androidx.room:room-runtime:2.6.1) with AarTransform
Transforming room-paging-2.6.1.aar (androidx.room:room-paging:2.6.1) with JetifyTransform
Transforming room-paging-2.6.1.aar (androidx.room:room-paging:2.6.1) with ExtractAarTransform
Transforming room-paging-2.6.1.aar (androidx.room:room-paging:2.6.1) with AarTransform
Transforming paging-common-release.aar (androidx.paging:paging-common-android:3.3.2) with JetifyTransform
Transforming paging-common-release.aar (androidx.paging:paging-common-android:3.3.2) with ExtractAarTransform
Transforming paging-common-release.aar (androidx.paging:paging-common-android:3.3.2) with AarTransform
Transforming paging-runtime-ktx-3.3.2.aar (androidx.paging:paging-runtime-ktx:3.3.2) with JetifyTransform
Transforming paging-runtime-ktx-3.3.2.aar (androidx.paging:paging-runtime-ktx:3.3.2) with ExtractAarTransform
Transforming paging-runtime-ktx-3.3.2.aar (androidx.paging:paging-runtime-ktx:3.3.2) with AarTransform
Transforming paging-runtime-3.3.2.aar (androidx.paging:paging-runtime:3.3.2) with JetifyTransform
Transforming paging-runtime-3.3.2.aar (androidx.paging:paging-runtime:3.3.2) with ExtractAarTransform
Transforming paging-runtime-3.3.2.aar (androidx.paging:paging-runtime:3.3.2) with AarTransform
Transforming recyclerview-1.3.2.aar (androidx.recyclerview:recyclerview:1.3.2) with JetifyTransform
Transforming recyclerview-1.3.2.aar (androidx.recyclerview:recyclerview:1.3.2) with ExtractAarTransform
Transforming recyclerview-1.3.2.aar (androidx.recyclerview:recyclerview:1.3.2) with AarTransform
Transforming viewpager2-1.1.0-beta02.aar (androidx.viewpager2:viewpager2:1.1.0-beta02) with JetifyTransform
Transforming viewpager2-1.1.0-beta02.aar (androidx.viewpager2:viewpager2:1.1.0-beta02) with ExtractAarTransform
Transforming viewpager2-1.1.0-beta02.aar (androidx.viewpager2:viewpager2:1.1.0-beta02) with AarTransform
Transforming firebase-firestore-ktx-25.0.0.aar (com.google.firebase:firebase-firestore-ktx:25.0.0) with JetifyTransform
Transforming firebase-firestore-ktx-25.0.0.aar (com.google.firebase:firebase-firestore-ktx:25.0.0) with ExtractAarTransform
Transforming firebase-firestore-ktx-25.0.0.aar (com.google.firebase:firebase-firestore-ktx:25.0.0) with AarTransform
Transforming firebase-firestore-25.0.0.aar (com.google.firebase:firebase-firestore:25.0.0) with JetifyTransform
Transforming firebase-firestore-25.0.0.aar (com.google.firebase:firebase-firestore:25.0.0) with ExtractAarTransform
Transforming firebase-firestore-25.0.0.aar (com.google.firebase:firebase-firestore:25.0.0) with AarTransform
Transforming firebase-appcheck-interop-17.0.0.aar (com.google.firebase:firebase-appcheck-interop:17.0.0) with JetifyTransform
Transforming firebase-appcheck-interop-17.0.0.aar (com.google.firebase:firebase-appcheck-interop:17.0.0) with ExtractAarTransform
Transforming firebase-appcheck-interop-17.0.0.aar (com.google.firebase:firebase-appcheck-interop:17.0.0) with AarTransform
Transforming firebase-database-collection-18.0.1.aar (com.google.firebase:firebase-database-collection:18.0.1) with JetifyTransform
Transforming firebase-database-collection-18.0.1.aar (com.google.firebase:firebase-database-collection:18.0.1) with ExtractAarTransform
Transforming firebase-database-collection-18.0.1.aar (com.google.firebase:firebase-database-collection:18.0.1) with AarTransform
Transforming play-services-base-18.0.1.aar (com.google.android.gms:play-services-base:18.0.1) with JetifyTransform
Transforming play-services-base-18.0.1.aar (com.google.android.gms:play-services-base:18.0.1) with ExtractAarTransform
Transforming play-services-base-18.0.1.aar (com.google.android.gms:play-services-base:18.0.1) with AarTransform
Transforming play-services-base-18.0.1.aar (com.google.android.gms:play-services-base:18.0.1) with JetifyTransform
Transforming play-services-base-18.0.1.aar (com.google.android.gms:play-services-base:18.0.1) with ExtractAarTransform
Transforming play-services-base-18.0.1.aar (com.google.android.gms:play-services-base:18.0.1) with AarTransform
Transforming play-services-base-18.0.1.aar (com.google.android.gms:play-services-base:18.0.1) with JetifyTransform
Transforming play-services-base-18.0.1.aar (com.google.android.gms:play-services-base:18.0.1) with ExtractAarTransform
Transforming play-services-base-18.0.1.aar (com.google.android.gms:play-services-base:18.0.1) with AarTransform
Transforming firebase-analytics-ktx-22.0.2.aar (com.google.firebase:firebase-analytics-ktx:22.0.2) with JetifyTransform
Transforming firebase-analytics-ktx-22.0.2.aar (com.google.firebase:firebase-analytics-ktx:22.0.2) with ExtractAarTransform
Transforming firebase-analytics-ktx-22.0.2.aar (com.google.firebase:firebase-analytics-ktx:22.0.2) with AarTransform
Transforming firebase-analytics-22.0.2.aar (com.google.firebase:firebase-analytics:22.0.2) with JetifyTransform
Transforming firebase-analytics-22.0.2.aar (com.google.firebase:firebase-analytics:22.0.2) with ExtractAarTransform
Transforming firebase-analytics-22.0.2.aar (com.google.firebase:firebase-analytics:22.0.2) with AarTransform
Transforming play-services-measurement-api-22.0.2.aar (com.google.android.gms:play-services-measurement-api:22.0.2) with JetifyTransform
Transforming play-services-measurement-api-22.0.2.aar (com.google.android.gms:play-services-measurement-api:22.0.2) with ExtractAarTransform
Transforming play-services-measurement-api-22.0.2.aar (com.google.android.gms:play-services-measurement-api:22.0.2) with AarTransform
Transforming firebase-installations-18.0.0.aar (com.google.firebase:firebase-installations:18.0.0) with JetifyTransform
Transforming firebase-installations-18.0.0.aar (com.google.firebase:firebase-installations:18.0.0) with ExtractAarTransform
Transforming firebase-installations-18.0.0.aar (com.google.firebase:firebase-installations:18.0.0) with AarTransform
Transforming firebase-common-ktx-21.0.0.aar (com.google.firebase:firebase-common-ktx:21.0.0) with JetifyTransform
Transforming firebase-common-ktx-21.0.0.aar (com.google.firebase:firebase-common-ktx:21.0.0) with ExtractAarTransform
Transforming firebase-common-ktx-21.0.0.aar (com.google.firebase:firebase-common-ktx:21.0.0) with AarTransform
Transforming firebase-common-ktx-21.0.0.aar (com.google.firebase:firebase-common-ktx:21.0.0) with JetifyTransform
Transforming firebase-common-ktx-21.0.0.aar (com.google.firebase:firebase-common-ktx:21.0.0) with ExtractAarTransform
Transforming firebase-common-ktx-21.0.0.aar (com.google.firebase:firebase-common-ktx:21.0.0) with AarTransform
Transforming firebase-common-ktx-21.0.0.aar (com.google.firebase:firebase-common-ktx:21.0.0) with JetifyTransform
Transforming firebase-common-ktx-21.0.0.aar (com.google.firebase:firebase-common-ktx:21.0.0) with ExtractAarTransform
Transforming firebase-common-ktx-21.0.0.aar (com.google.firebase:firebase-common-ktx:21.0.0) with AarTransform
Transforming firebase-common-ktx-21.0.0.aar (com.google.firebase:firebase-common-ktx:21.0.0) with JetifyTransform
Transforming firebase-common-ktx-21.0.0.aar (com.google.firebase:firebase-common-ktx:21.0.0) with ExtractAarTransform
Transforming firebase-common-ktx-21.0.0.aar (com.google.firebase:firebase-common-ktx:21.0.0) with AarTransform
Transforming firebase-common-ktx-21.0.0.aar (com.google.firebase:firebase-common-ktx:21.0.0) with JetifyTransform
Transforming firebase-common-ktx-21.0.0.aar (com.google.firebase:firebase-common-ktx:21.0.0) with ExtractAarTransform
Transforming firebase-common-ktx-21.0.0.aar (com.google.firebase:firebase-common-ktx:21.0.0) with AarTransform
Transforming firebase-common-21.0.0.aar (com.google.firebase:firebase-common:21.0.0) with JetifyTransform
Transforming firebase-common-21.0.0.aar (com.google.firebase:firebase-common:21.0.0) with ExtractAarTransform
Transforming firebase-common-21.0.0.aar (com.google.firebase:firebase-common:21.0.0) with AarTransform
Transforming firebase-common-21.0.0.aar (com.google.firebase:firebase-common:21.0.0) with JetifyTransform
Transforming firebase-common-21.0.0.aar (com.google.firebase:firebase-common:21.0.0) with ExtractAarTransform
Transforming firebase-common-21.0.0.aar (com.google.firebase:firebase-common:21.0.0) with AarTransform
Transforming firebase-common-21.0.0.aar (com.google.firebase:firebase-common:21.0.0) with JetifyTransform
Transforming firebase-common-21.0.0.aar (com.google.firebase:firebase-common:21.0.0) with ExtractAarTransform
Transforming firebase-common-21.0.0.aar (com.google.firebase:firebase-common:21.0.0) with AarTransform
Transforming firebase-common-21.0.0.aar (com.google.firebase:firebase-common:21.0.0) with JetifyTransform
Transforming firebase-common-21.0.0.aar (com.google.firebase:firebase-common:21.0.0) with ExtractAarTransform
Transforming firebase-common-21.0.0.aar (com.google.firebase:firebase-common:21.0.0) with AarTransform
Transforming firebase-common-21.0.0.aar (com.google.firebase:firebase-common:21.0.0) with JetifyTransform
Transforming firebase-common-21.0.0.aar (com.google.firebase:firebase-common:21.0.0) with ExtractAarTransform
Transforming firebase-common-21.0.0.aar (com.google.firebase:firebase-common:21.0.0) with AarTransform
Transforming firebase-common-21.0.0.aar (com.google.firebase:firebase-common:21.0.0) with JetifyTransform
Transforming firebase-common-21.0.0.aar (com.google.firebase:firebase-common:21.0.0) with ExtractAarTransform
Transforming firebase-common-21.0.0.aar (com.google.firebase:firebase-common:21.0.0) with AarTransform
Transforming play-services-measurement-22.0.2.aar (com.google.android.gms:play-services-measurement:22.0.2) with JetifyTransform
Transforming play-services-measurement-22.0.2.aar (com.google.android.gms:play-services-measurement:22.0.2) with ExtractAarTransform
Transforming play-services-measurement-22.0.2.aar (com.google.android.gms:play-services-measurement:22.0.2) with AarTransform
Transforming play-services-measurement-sdk-22.0.2.aar (com.google.android.gms:play-services-measurement-sdk:22.0.2) with JetifyTransform
Transforming play-services-measurement-sdk-22.0.2.aar (com.google.android.gms:play-services-measurement-sdk:22.0.2) with ExtractAarTransform
Transforming play-services-measurement-sdk-22.0.2.aar (com.google.android.gms:play-services-measurement-sdk:22.0.2) with AarTransform
Transforming firebase-auth-interop-19.0.2.aar (com.google.firebase:firebase-auth-interop:19.0.2) with JetifyTransform
Transforming firebase-auth-interop-19.0.2.aar (com.google.firebase:firebase-auth-interop:19.0.2) with ExtractAarTransform
Transforming firebase-auth-interop-19.0.2.aar (com.google.firebase:firebase-auth-interop:19.0.2) with AarTransform
Transforming play-services-measurement-impl-22.0.2.aar (com.google.android.gms:play-services-measurement-impl:22.0.2) with JetifyTransform
Transforming play-services-measurement-impl-22.0.2.aar (com.google.android.gms:play-services-measurement-impl:22.0.2) with ExtractAarTransform
Transforming play-services-measurement-impl-22.0.2.aar (com.google.android.gms:play-services-measurement-impl:22.0.2) with AarTransform
Transforming play-services-measurement-impl-22.0.2.aar (com.google.android.gms:play-services-measurement-impl:22.0.2) with JetifyTransform
Transforming play-services-measurement-impl-22.0.2.aar (com.google.android.gms:play-services-measurement-impl:22.0.2) with ExtractAarTransform
Transforming play-services-measurement-impl-22.0.2.aar (com.google.android.gms:play-services-measurement-impl:22.0.2) with AarTransform
Transforming play-services-ads-identifier-18.0.0.aar (com.google.android.gms:play-services-ads-identifier:18.0.0) with JetifyTransform
Transforming play-services-ads-identifier-18.0.0.aar (com.google.android.gms:play-services-ads-identifier:18.0.0) with ExtractAarTransform
Transforming play-services-ads-identifier-18.0.0.aar (com.google.android.gms:play-services-ads-identifier:18.0.0) with AarTransform
Transforming play-services-ads-identifier-18.0.0.aar (com.google.android.gms:play-services-ads-identifier:18.0.0) with JetifyTransform
Transforming play-services-ads-identifier-18.0.0.aar (com.google.android.gms:play-services-ads-identifier:18.0.0) with ExtractAarTransform
Transforming play-services-ads-identifier-18.0.0.aar (com.google.android.gms:play-services-ads-identifier:18.0.0) with AarTransform
Transforming play-services-ads-identifier-18.0.0.aar (com.google.android.gms:play-services-ads-identifier:18.0.0) with JetifyTransform
Transforming play-services-ads-identifier-18.0.0.aar (com.google.android.gms:play-services-ads-identifier:18.0.0) with ExtractAarTransform
Transforming play-services-ads-identifier-18.0.0.aar (com.google.android.gms:play-services-ads-identifier:18.0.0) with AarTransform
Transforming play-services-measurement-sdk-api-22.0.2.aar (com.google.android.gms:play-services-measurement-sdk-api:22.0.2) with JetifyTransform
Transforming play-services-measurement-sdk-api-22.0.2.aar (com.google.android.gms:play-services-measurement-sdk-api:22.0.2) with ExtractAarTransform
Transforming play-services-measurement-sdk-api-22.0.2.aar (com.google.android.gms:play-services-measurement-sdk-api:22.0.2) with AarTransform
Transforming play-services-measurement-base-22.0.2.aar (com.google.android.gms:play-services-measurement-base:22.0.2) with JetifyTransform
Transforming play-services-measurement-base-22.0.2.aar (com.google.android.gms:play-services-measurement-base:22.0.2) with ExtractAarTransform
Transforming play-services-measurement-base-22.0.2.aar (com.google.android.gms:play-services-measurement-base:22.0.2) with AarTransform
Transforming play-services-measurement-base-22.0.2.aar (com.google.android.gms:play-services-measurement-base:22.0.2) with JetifyTransform
Transforming play-services-measurement-base-22.0.2.aar (com.google.android.gms:play-services-measurement-base:22.0.2) with ExtractAarTransform
Transforming play-services-measurement-base-22.0.2.aar (com.google.android.gms:play-services-measurement-base:22.0.2) with AarTransform
Transforming play-services-measurement-base-22.0.2.aar (com.google.android.gms:play-services-measurement-base:22.0.2) with JetifyTransform
Transforming play-services-measurement-base-22.0.2.aar (com.google.android.gms:play-services-measurement-base:22.0.2) with ExtractAarTransform
Transforming play-services-measurement-base-22.0.2.aar (com.google.android.gms:play-services-measurement-base:22.0.2) with AarTransform
Transforming play-services-measurement-base-22.0.2.aar (com.google.android.gms:play-services-measurement-base:22.0.2) with JetifyTransform
Transforming play-services-measurement-base-22.0.2.aar (com.google.android.gms:play-services-measurement-base:22.0.2) with ExtractAarTransform
Transforming play-services-measurement-base-22.0.2.aar (com.google.android.gms:play-services-measurement-base:22.0.2) with AarTransform
Transforming play-services-measurement-base-22.0.2.aar (com.google.android.gms:play-services-measurement-base:22.0.2) with JetifyTransform
Transforming play-services-measurement-base-22.0.2.aar (com.google.android.gms:play-services-measurement-base:22.0.2) with ExtractAarTransform
Transforming play-services-measurement-base-22.0.2.aar (com.google.android.gms:play-services-measurement-base:22.0.2) with AarTransform
Transforming play-services-stats-17.0.2.aar (com.google.android.gms:play-services-stats:17.0.2) with JetifyTransform
Transforming play-services-stats-17.0.2.aar (com.google.android.gms:play-services-stats:17.0.2) with ExtractAarTransform
Transforming play-services-stats-17.0.2.aar (com.google.android.gms:play-services-stats:17.0.2) with AarTransform
Transforming play-services-stats-17.0.2.aar (com.google.android.gms:play-services-stats:17.0.2) with JetifyTransform
Transforming play-services-stats-17.0.2.aar (com.google.android.gms:play-services-stats:17.0.2) with ExtractAarTransform
Transforming play-services-stats-17.0.2.aar (com.google.android.gms:play-services-stats:17.0.2) with AarTransform
Transforming material3-release.aar (androidx.compose.material3:material3-android:1.2.0) with JetifyTransform
Transforming material3-release.aar (androidx.compose.material3:material3-android:1.2.0) with ExtractAarTransform
Transforming material3-release.aar (androidx.compose.material3:material3-android:1.2.0) with AarTransform
Transforming material-ripple-release.aar (androidx.compose.material:material-ripple-android:1.6.2) with JetifyTransform
Transforming material-ripple-release.aar (androidx.compose.material:material-ripple-android:1.6.2) with ExtractAarTransform
Transforming material-ripple-release.aar (androidx.compose.material:material-ripple-android:1.6.2) with AarTransform
Transforming material-icons-core-release.aar (androidx.compose.material:material-icons-core-android:1.6.2) with JetifyTransform
Transforming material-icons-core-release.aar (androidx.compose.material:material-icons-core-android:1.6.2) with ExtractAarTransform
Transforming material-icons-core-release.aar (androidx.compose.material:material-icons-core-android:1.6.2) with AarTransform
Transforming material-release.aar (androidx.compose.material:material-android:1.6.2) with JetifyTransform
Transforming material-release.aar (androidx.compose.material:material-android:1.6.2) with ExtractAarTransform
Transforming material-release.aar (androidx.compose.material:material-android:1.6.2) with AarTransform
Transforming animation-core-release.aar (androidx.compose.animation:animation-core-android:1.6.2) with JetifyTransform
Transforming animation-core-release.aar (androidx.compose.animation:animation-core-android:1.6.2) with ExtractAarTransform
Transforming animation-core-release.aar (androidx.compose.animation:animation-core-android:1.6.2) with AarTransform
Transforming animation-release.aar (androidx.compose.animation:animation-android:1.6.2) with JetifyTransform
Transforming animation-release.aar (androidx.compose.animation:animation-android:1.6.2) with ExtractAarTransform
Transforming animation-release.aar (androidx.compose.animation:animation-android:1.6.2) with AarTransform
Transforming foundation-layout-release.aar (androidx.compose.foundation:foundation-layout-android:1.6.2) with JetifyTransform
Transforming foundation-layout-release.aar (androidx.compose.foundation:foundation-layout-android:1.6.2) with ExtractAarTransform
Transforming foundation-layout-release.aar (androidx.compose.foundation:foundation-layout-android:1.6.2) with AarTransform
Transforming foundation-release.aar (androidx.compose.foundation:foundation-android:1.6.2) with JetifyTransform
Transforming foundation-release.aar (androidx.compose.foundation:foundation-android:1.6.2) with ExtractAarTransform
Transforming foundation-release.aar (androidx.compose.foundation:foundation-android:1.6.2) with AarTransform
Transforming ui-tooling-data-release.aar (androidx.compose.ui:ui-tooling-data-android:1.6.2) with JetifyTransform
Transforming ui-tooling-data-release.aar (androidx.compose.ui:ui-tooling-data-android:1.6.2) with ExtractAarTransform
Transforming ui-tooling-data-release.aar (androidx.compose.ui:ui-tooling-data-android:1.6.2) with AarTransform
Transforming ui-unit-release.aar (androidx.compose.ui:ui-unit-android:1.6.2) with JetifyTransform
Transforming ui-unit-release.aar (androidx.compose.ui:ui-unit-android:1.6.2) with ExtractAarTransform
Transforming ui-unit-release.aar (androidx.compose.ui:ui-unit-android:1.6.2) with AarTransform
Transforming ui-geometry-release.aar (androidx.compose.ui:ui-geometry-android:1.6.2) with JetifyTransform
Transforming ui-geometry-release.aar (androidx.compose.ui:ui-geometry-android:1.6.2) with ExtractAarTransform
Transforming ui-geometry-release.aar (androidx.compose.ui:ui-geometry-android:1.6.2) with AarTransform
Transforming ui-util-release.aar (androidx.compose.ui:ui-util-android:1.6.2) with JetifyTransform
Transforming ui-util-release.aar (androidx.compose.ui:ui-util-android:1.6.2) with ExtractAarTransform
Transforming ui-util-release.aar (androidx.compose.ui:ui-util-android:1.6.2) with AarTransform
Transforming ui-text-release.aar (androidx.compose.ui:ui-text-android:1.6.2) with JetifyTransform
Transforming ui-text-release.aar (androidx.compose.ui:ui-text-android:1.6.2) with ExtractAarTransform
Transforming ui-text-release.aar (androidx.compose.ui:ui-text-android:1.6.2) with AarTransform
Transforming ui-tooling-preview-release.aar (androidx.compose.ui:ui-tooling-preview-android:1.6.2) with JetifyTransform
Transforming ui-tooling-preview-release.aar (androidx.compose.ui:ui-tooling-preview-android:1.6.2) with ExtractAarTransform
Transforming ui-tooling-preview-release.aar (androidx.compose.ui:ui-tooling-preview-android:1.6.2) with AarTransform
Transforming ui-graphics-release.aar (androidx.compose.ui:ui-graphics-android:1.6.2) with JetifyTransform
Transforming ui-graphics-release.aar (androidx.compose.ui:ui-graphics-android:1.6.2) with ExtractAarTransform
Transforming ui-graphics-release.aar (androidx.compose.ui:ui-graphics-android:1.6.2) with AarTransform
Transforming ui-tooling-release.aar (androidx.compose.ui:ui-tooling-android:1.6.2) with JetifyTransform
Transforming ui-tooling-release.aar (androidx.compose.ui:ui-tooling-android:1.6.2) with ExtractAarTransform
Transforming ui-tooling-release.aar (androidx.compose.ui:ui-tooling-android:1.6.2) with AarTransform
Transforming activity-compose-1.9.3.aar (androidx.activity:activity-compose:1.9.3) with JetifyTransform
Transforming activity-compose-1.9.3.aar (androidx.activity:activity-compose:1.9.3) with ExtractAarTransform
Transforming activity-compose-1.9.3.aar (androidx.activity:activity-compose:1.9.3) with AarTransform
Transforming emoji2-views-helper-1.3.0.aar (androidx.emoji2:emoji2-views-helper:1.3.0) with JetifyTransform
Transforming emoji2-views-helper-1.3.0.aar (androidx.emoji2:emoji2-views-helper:1.3.0) with ExtractAarTransform
Transforming emoji2-views-helper-1.3.0.aar (androidx.emoji2:emoji2-views-helper:1.3.0) with AarTransform
Transforming emoji2-1.3.0.aar (androidx.emoji2:emoji2:1.3.0) with JetifyTransform
Transforming emoji2-1.3.0.aar (androidx.emoji2:emoji2:1.3.0) with ExtractAarTransform
Transforming emoji2-1.3.0.aar (androidx.emoji2:emoji2:1.3.0) with AarTransform
Transforming slidingpanelayout-1.2.0.aar (androidx.slidingpanelayout:slidingpanelayout:1.2.0) with JetifyTransform
Transforming slidingpanelayout-1.2.0.aar (androidx.slidingpanelayout:slidingpanelayout:1.2.0) with ExtractAarTransform
Transforming slidingpanelayout-1.2.0.aar (androidx.slidingpanelayout:slidingpanelayout:1.2.0) with AarTransform
Transforming transition-1.5.0.aar (androidx.transition:transition:1.5.0) with JetifyTransform
Transforming transition-1.5.0.aar (androidx.transition:transition:1.5.0) with ExtractAarTransform
Transforming transition-1.5.0.aar (androidx.transition:transition:1.5.0) with AarTransform
Transforming dynamicanimation-1.0.0.aar (androidx.dynamicanimation:dynamicanimation:1.0.0) with JetifyTransform
Transforming dynamicanimation-1.0.0.aar (androidx.dynamicanimation:dynamicanimation:1.0.0) with ExtractAarTransform
Transforming dynamicanimation-1.0.0.aar (androidx.dynamicanimation:dynamicanimation:1.0.0) with AarTransform
Transforming legacy-support-core-utils-1.0.0.aar (androidx.legacy:legacy-support-core-utils:1.0.0) with JetifyTransform
Transforming legacy-support-core-utils-1.0.0.aar (androidx.legacy:legacy-support-core-utils:1.0.0) with ExtractAarTransform
Transforming legacy-support-core-utils-1.0.0.aar (androidx.legacy:legacy-support-core-utils:1.0.0) with AarTransform
Transforming legacy-support-core-utils-1.0.0.aar (androidx.legacy:legacy-support-core-utils:1.0.0) with JetifyTransform
Transforming legacy-support-core-utils-1.0.0.aar (androidx.legacy:legacy-support-core-utils:1.0.0) with ExtractAarTransform
Transforming legacy-support-core-utils-1.0.0.aar (androidx.legacy:legacy-support-core-utils:1.0.0) with AarTransform
Transforming legacy-support-core-utils-1.0.0.aar (androidx.legacy:legacy-support-core-utils:1.0.0) with JetifyTransform
Transforming legacy-support-core-utils-1.0.0.aar (androidx.legacy:legacy-support-core-utils:1.0.0) with ExtractAarTransform
Transforming legacy-support-core-utils-1.0.0.aar (androidx.legacy:legacy-support-core-utils:1.0.0) with AarTransform
Transforming loader-1.0.0.aar (androidx.loader:loader:1.0.0) with JetifyTransform
Transforming loader-1.0.0.aar (androidx.loader:loader:1.0.0) with ExtractAarTransform
Transforming loader-1.0.0.aar (androidx.loader:loader:1.0.0) with AarTransform
Transforming loader-1.0.0.aar (androidx.loader:loader:1.0.0) with JetifyTransform
Transforming loader-1.0.0.aar (androidx.loader:loader:1.0.0) with ExtractAarTransform
Transforming loader-1.0.0.aar (androidx.loader:loader:1.0.0) with AarTransform
Transforming drawerlayout-1.1.1.aar (androidx.drawerlayout:drawerlayout:1.1.1) with JetifyTransform
Transforming drawerlayout-1.1.1.aar (androidx.drawerlayout:drawerlayout:1.1.1) with ExtractAarTransform
Transforming drawerlayout-1.1.1.aar (androidx.drawerlayout:drawerlayout:1.1.1) with AarTransform
Transforming coordinatorlayout-1.1.0.aar (androidx.coordinatorlayout:coordinatorlayout:1.1.0) with JetifyTransform
Transforming coordinatorlayout-1.1.0.aar (androidx.coordinatorlayout:coordinatorlayout:1.1.0) with ExtractAarTransform
Transforming coordinatorlayout-1.1.0.aar (androidx.coordinatorlayout:coordinatorlayout:1.1.0) with AarTransform
Transforming vectordrawable-animated-1.1.0.aar (androidx.vectordrawable:vectordrawable-animated:1.1.0) with JetifyTransform
Transforming vectordrawable-animated-1.1.0.aar (androidx.vectordrawable:vectordrawable-animated:1.1.0) with ExtractAarTransform
Transforming vectordrawable-animated-1.1.0.aar (androidx.vectordrawable:vectordrawable-animated:1.1.0) with AarTransform
Transforming vectordrawable-1.1.0.aar (androidx.vectordrawable:vectordrawable:1.1.0) with JetifyTransform
Transforming vectordrawable-1.1.0.aar (androidx.vectordrawable:vectordrawable:1.1.0) with ExtractAarTransform
Transforming vectordrawable-1.1.0.aar (androidx.vectordrawable:vectordrawable:1.1.0) with AarTransform
Transforming vectordrawable-1.1.0.aar (androidx.vectordrawable:vectordrawable:1.1.0) with JetifyTransform
Transforming vectordrawable-1.1.0.aar (androidx.vectordrawable:vectordrawable:1.1.0) with ExtractAarTransform
Transforming vectordrawable-1.1.0.aar (androidx.vectordrawable:vectordrawable:1.1.0) with AarTransform
Transforming media-1.7.0.aar (androidx.media:media:1.7.0) with JetifyTransform
Transforming media-1.7.0.aar (androidx.media:media:1.7.0) with ExtractAarTransform
Transforming media-1.7.0.aar (androidx.media:media:1.7.0) with AarTransform
Transforming viewpager-1.0.0.aar (androidx.viewpager:viewpager:1.0.0) with JetifyTransform
Transforming viewpager-1.0.0.aar (androidx.viewpager:viewpager:1.0.0) with ExtractAarTransform
Transforming viewpager-1.0.0.aar (androidx.viewpager:viewpager:1.0.0) with AarTransform
Transforming customview-1.1.0.aar (androidx.customview:customview:1.1.0) with JetifyTransform
Transforming customview-1.1.0.aar (androidx.customview:customview:1.1.0) with ExtractAarTransform
Transforming customview-1.1.0.aar (androidx.customview:customview:1.1.0) with AarTransform
Transforming customview-1.1.0.aar (androidx.customview:customview:1.1.0) with JetifyTransform
Transforming customview-1.1.0.aar (androidx.customview:customview:1.1.0) with ExtractAarTransform
Transforming customview-1.1.0.aar (androidx.customview:customview:1.1.0) with AarTransform
Transforming customview-1.1.0.aar (androidx.customview:customview:1.1.0) with JetifyTransform
Transforming customview-1.1.0.aar (androidx.customview:customview:1.1.0) with ExtractAarTransform
Transforming customview-1.1.0.aar (androidx.customview:customview:1.1.0) with AarTransform
Transforming customview-1.1.0.aar (androidx.customview:customview:1.1.0) with JetifyTransform
Transforming customview-1.1.0.aar (androidx.customview:customview:1.1.0) with ExtractAarTransform
Transforming customview-1.1.0.aar (androidx.customview:customview:1.1.0) with AarTransform
Transforming autofill-1.0.0.aar (androidx.autofill:autofill:1.0.0) with JetifyTransform
Transforming autofill-1.0.0.aar (androidx.autofill:autofill:1.0.0) with ExtractAarTransform
Transforming autofill-1.0.0.aar (androidx.autofill:autofill:1.0.0) with AarTransform
Transforming window-1.0.0.aar (androidx.window:window:1.0.0) with JetifyTransform
Transforming window-1.0.0.aar (androidx.window:window:1.0.0) with ExtractAarTransform
Transforming window-1.0.0.aar (androidx.window:window:1.0.0) with AarTransform
Transforming core-1.13.1.aar (androidx.core:core:1.13.1) with JetifyTransform
Transforming core-1.13.1.aar (androidx.core:core:1.13.1) with ExtractAarTransform
Transforming core-1.13.1.aar (androidx.core:core:1.13.1) with AarTransform
Transforming core-1.13.1.aar (androidx.core:core:1.13.1) with JetifyTransform
Transforming core-1.13.1.aar (androidx.core:core:1.13.1) with ExtractAarTransform
Transforming core-1.13.1.aar (androidx.core:core:1.13.1) with AarTransform
Transforming core-1.13.1.aar (androidx.core:core:1.13.1) with JetifyTransform
Transforming core-1.13.1.aar (androidx.core:core:1.13.1) with ExtractAarTransform
Transforming core-1.13.1.aar (androidx.core:core:1.13.1) with AarTransform
Transforming core-1.13.1.aar (androidx.core:core:1.13.1) with JetifyTransform
Transforming core-1.13.1.aar (androidx.core:core:1.13.1) with ExtractAarTransform
Transforming core-1.13.1.aar (androidx.core:core:1.13.1) with AarTransform
Transforming core-1.13.1.aar (androidx.core:core:1.13.1) with JetifyTransform
Transforming core-1.13.1.aar (androidx.core:core:1.13.1) with ExtractAarTransform
Transforming core-1.13.1.aar (androidx.core:core:1.13.1) with AarTransform
Transforming core-1.13.1.aar (androidx.core:core:1.13.1) with JetifyTransform
Transforming core-1.13.1.aar (androidx.core:core:1.13.1) with ExtractAarTransform
Transforming core-1.13.1.aar (androidx.core:core:1.13.1) with AarTransform
Transforming core-1.13.1.aar (androidx.core:core:1.13.1) with JetifyTransform
Transforming core-1.13.1.aar (androidx.core:core:1.13.1) with ExtractAarTransform
Transforming core-1.13.1.aar (androidx.core:core:1.13.1) with AarTransform
Transforming core-1.13.1.aar (androidx.core:core:1.13.1) with JetifyTransform
Transforming core-1.13.1.aar (androidx.core:core:1.13.1) with ExtractAarTransform
Transforming core-1.13.1.aar (androidx.core:core:1.13.1) with AarTransform
Transforming core-1.13.1.aar (androidx.core:core:1.13.1) with JetifyTransform
Transforming core-1.13.1.aar (androidx.core:core:1.13.1) with ExtractAarTransform
Transforming core-1.13.1.aar (androidx.core:core:1.13.1) with AarTransform
Transforming core-1.13.1.aar (androidx.core:core:1.13.1) with JetifyTransform
Transforming core-1.13.1.aar (androidx.core:core:1.13.1) with ExtractAarTransform
Transforming core-1.13.1.aar (androidx.core:core:1.13.1) with AarTransform
Transforming core-1.13.1.aar (androidx.core:core:1.13.1) with JetifyTransform
Transforming core-1.13.1.aar (androidx.core:core:1.13.1) with ExtractAarTransform
Transforming core-1.13.1.aar (androidx.core:core:1.13.1) with AarTransform
Transforming core-1.13.1.aar (androidx.core:core:1.13.1) with JetifyTransform
Transforming core-1.13.1.aar (androidx.core:core:1.13.1) with ExtractAarTransform
Transforming core-1.13.1.aar (androidx.core:core:1.13.1) with AarTransform
Transforming core-1.13.1.aar (androidx.core:core:1.13.1) with JetifyTransform
Transforming core-1.13.1.aar (androidx.core:core:1.13.1) with ExtractAarTransform
Transforming core-1.13.1.aar (androidx.core:core:1.13.1) with AarTransform
Transforming savedstate-ktx-1.2.1.aar (androidx.savedstate:savedstate-ktx:1.2.1) with JetifyTransform
Transforming savedstate-ktx-1.2.1.aar (androidx.savedstate:savedstate-ktx:1.2.1) with ExtractAarTransform
Transforming savedstate-ktx-1.2.1.aar (androidx.savedstate:savedstate-ktx:1.2.1) with AarTransform
Transforming savedstate-1.2.1.aar (androidx.savedstate:savedstate:1.2.1) with JetifyTransform
Transforming savedstate-1.2.1.aar (androidx.savedstate:savedstate:1.2.1) with ExtractAarTransform
Transforming savedstate-1.2.1.aar (androidx.savedstate:savedstate:1.2.1) with AarTransform
Transforming lifecycle-service-2.8.7.aar (androidx.lifecycle:lifecycle-service:2.8.7) with JetifyTransform
Transforming lifecycle-service-2.8.7.aar (androidx.lifecycle:lifecycle-service:2.8.7) with ExtractAarTransform
Transforming lifecycle-service-2.8.7.aar (androidx.lifecycle:lifecycle-service:2.8.7) with AarTransform
Transforming lifecycle-runtime-release.aar (androidx.lifecycle:lifecycle-runtime-android:2.8.7) with JetifyTransform
Transforming lifecycle-runtime-release.aar (androidx.lifecycle:lifecycle-runtime-android:2.8.7) with ExtractAarTransform
Transforming lifecycle-runtime-release.aar (androidx.lifecycle:lifecycle-runtime-android:2.8.7) with AarTransform
Transforming lifecycle-viewmodel-2.8.7.aar (androidx.lifecycle:lifecycle-viewmodel:2.8.7) with JetifyTransform
Transforming lifecycle-viewmodel-2.8.7.aar (androidx.lifecycle:lifecycle-viewmodel:2.8.7) with ExtractAarTransform
Transforming lifecycle-viewmodel-2.8.7.aar (androidx.lifecycle:lifecycle-viewmodel:2.8.7) with AarTransform
Transforming lifecycle-viewmodel-release.aar (androidx.lifecycle:lifecycle-viewmodel-android:2.8.7) with JetifyTransform
Transforming lifecycle-viewmodel-release.aar (androidx.lifecycle:lifecycle-viewmodel-android:2.8.7) with ExtractAarTransform
Transforming lifecycle-viewmodel-release.aar (androidx.lifecycle:lifecycle-viewmodel-android:2.8.7) with AarTransform
Transforming lifecycle-livedata-core-2.8.7.aar (androidx.lifecycle:lifecycle-livedata-core:2.8.7) with JetifyTransform
Transforming lifecycle-livedata-core-2.8.7.aar (androidx.lifecycle:lifecycle-livedata-core:2.8.7) with ExtractAarTransform
Transforming lifecycle-livedata-core-2.8.7.aar (androidx.lifecycle:lifecycle-livedata-core:2.8.7) with AarTransform
Transforming lifecycle-process-2.8.7.aar (androidx.lifecycle:lifecycle-process:2.8.7) with JetifyTransform
Transforming lifecycle-process-2.8.7.aar (androidx.lifecycle:lifecycle-process:2.8.7) with ExtractAarTransform
Transforming lifecycle-process-2.8.7.aar (androidx.lifecycle:lifecycle-process:2.8.7) with AarTransform
Transforming lifecycle-runtime-compose-release.aar (androidx.lifecycle:lifecycle-runtime-compose-android:2.8.7) with JetifyTransform
Transforming lifecycle-runtime-compose-release.aar (androidx.lifecycle:lifecycle-runtime-compose-android:2.8.7) with ExtractAarTransform
Transforming lifecycle-runtime-compose-release.aar (androidx.lifecycle:lifecycle-runtime-compose-android:2.8.7) with AarTransform
Transforming lifecycle-viewmodel-compose-release.aar (androidx.lifecycle:lifecycle-viewmodel-compose-android:2.8.7) with JetifyTransform
Transforming lifecycle-viewmodel-compose-release.aar (androidx.lifecycle:lifecycle-viewmodel-compose-android:2.8.7) with ExtractAarTransform
Transforming lifecycle-viewmodel-compose-release.aar (androidx.lifecycle:lifecycle-viewmodel-compose-android:2.8.7) with AarTransform
Transforming accompanist-drawablepainter-0.32.0.aar (com.google.accompanist:accompanist-drawablepainter:0.32.0) with JetifyTransform
Transforming accompanist-drawablepainter-0.32.0.aar (com.google.accompanist:accompanist-drawablepainter:0.32.0) with ExtractAarTransform
Transforming accompanist-drawablepainter-0.32.0.aar (com.google.accompanist:accompanist-drawablepainter:0.32.0) with AarTransform
Transforming ui-release.aar (androidx.compose.ui:ui-android:1.6.2) with JetifyTransform
Transforming ui-release.aar (androidx.compose.ui:ui-android:1.6.2) with ExtractAarTransform
Transforming ui-release.aar (androidx.compose.ui:ui-android:1.6.2) with AarTransform
Transforming ui-test-manifest-1.6.2.aar (androidx.compose.ui:ui-test-manifest:1.6.2) with JetifyTransform
Transforming ui-test-manifest-1.6.2.aar (androidx.compose.ui:ui-test-manifest:1.6.2) with ExtractAarTransform
Transforming ui-test-manifest-1.6.2.aar (androidx.compose.ui:ui-test-manifest:1.6.2) with AarTransform
Transforming activity-1.9.3.aar (androidx.activity:activity:1.9.3) with JetifyTransform
Transforming activity-1.9.3.aar (androidx.activity:activity:1.9.3) with ExtractAarTransform
Transforming activity-1.9.3.aar (androidx.activity:activity:1.9.3) with AarTransform
Transforming lifecycle-viewmodel-savedstate-2.8.7.aar (androidx.lifecycle:lifecycle-viewmodel-savedstate:2.8.7) with JetifyTransform
Transforming lifecycle-viewmodel-savedstate-2.8.7.aar (androidx.lifecycle:lifecycle-viewmodel-savedstate:2.8.7) with ExtractAarTransform
Transforming lifecycle-viewmodel-savedstate-2.8.7.aar (androidx.lifecycle:lifecycle-viewmodel-savedstate:2.8.7) with AarTransform
Transforming lifecycle-runtime-ktx-release.aar (androidx.lifecycle:lifecycle-runtime-ktx-android:2.8.7) with JetifyTransform
Transforming lifecycle-runtime-ktx-release.aar (androidx.lifecycle:lifecycle-runtime-ktx-android:2.8.7) with ExtractAarTransform
Transforming lifecycle-runtime-ktx-release.aar (androidx.lifecycle:lifecycle-runtime-ktx-android:2.8.7) with AarTransform
Transforming lifecycle-livedata-2.8.7.aar (androidx.lifecycle:lifecycle-livedata:2.8.7) with JetifyTransform
Transforming lifecycle-livedata-2.8.7.aar (androidx.lifecycle:lifecycle-livedata:2.8.7) with ExtractAarTransform
Transforming lifecycle-livedata-2.8.7.aar (androidx.lifecycle:lifecycle-livedata:2.8.7) with AarTransform
Transforming lifecycle-livedata-2.8.7.aar (androidx.lifecycle:lifecycle-livedata:2.8.7) with JetifyTransform
Transforming lifecycle-livedata-2.8.7.aar (androidx.lifecycle:lifecycle-livedata:2.8.7) with ExtractAarTransform
Transforming lifecycle-livedata-2.8.7.aar (androidx.lifecycle:lifecycle-livedata:2.8.7) with AarTransform
Transforming lifecycle-livedata-core-ktx-2.8.7.aar (androidx.lifecycle:lifecycle-livedata-core-ktx:2.8.7) with JetifyTransform
Transforming lifecycle-livedata-core-ktx-2.8.7.aar (androidx.lifecycle:lifecycle-livedata-core-ktx:2.8.7) with ExtractAarTransform
Transforming lifecycle-livedata-core-ktx-2.8.7.aar (androidx.lifecycle:lifecycle-livedata-core-ktx:2.8.7) with AarTransform
Transforming lifecycle-livedata-ktx-2.8.7.aar (androidx.lifecycle:lifecycle-livedata-ktx:2.8.7) with JetifyTransform
Transforming lifecycle-livedata-ktx-2.8.7.aar (androidx.lifecycle:lifecycle-livedata-ktx:2.8.7) with ExtractAarTransform
Transforming lifecycle-livedata-ktx-2.8.7.aar (androidx.lifecycle:lifecycle-livedata-ktx:2.8.7) with AarTransform
Transforming lifecycle-viewmodel-ktx-2.8.7.aar (androidx.lifecycle:lifecycle-viewmodel-ktx:2.8.7) with JetifyTransform
Transforming lifecycle-viewmodel-ktx-2.8.7.aar (androidx.lifecycle:lifecycle-viewmodel-ktx:2.8.7) with ExtractAarTransform
Transforming lifecycle-viewmodel-ktx-2.8.7.aar (androidx.lifecycle:lifecycle-viewmodel-ktx:2.8.7) with AarTransform
Transforming runtime-saveable-release.aar (androidx.compose.runtime:runtime-saveable-android:1.7.1) with JetifyTransform
Transforming runtime-saveable-release.aar (androidx.compose.runtime:runtime-saveable-android:1.7.1) with ExtractAarTransform
Transforming runtime-saveable-release.aar (androidx.compose.runtime:runtime-saveable-android:1.7.1) with AarTransform
Transforming runtime-release.aar (androidx.compose.runtime:runtime-android:1.7.1) with JetifyTransform
Transforming runtime-release.aar (androidx.compose.runtime:runtime-android:1.7.1) with ExtractAarTransform
Transforming runtime-release.aar (androidx.compose.runtime:runtime-android:1.7.1) with AarTransform
Transforming ads-adservices-java-1.0.0-beta05.aar (androidx.privacysandbox.ads:ads-adservices-java:1.0.0-beta05) with JetifyTransform
Transforming ads-adservices-java-1.0.0-beta05.aar (androidx.privacysandbox.ads:ads-adservices-java:1.0.0-beta05) with ExtractAarTransform
Transforming ads-adservices-java-1.0.0-beta05.aar (androidx.privacysandbox.ads:ads-adservices-java:1.0.0-beta05) with AarTransform
Transforming ads-adservices-1.0.0-beta05.aar (androidx.privacysandbox.ads:ads-adservices:1.0.0-beta05) with JetifyTransform
Transforming ads-adservices-1.0.0-beta05.aar (androidx.privacysandbox.ads:ads-adservices:1.0.0-beta05) with ExtractAarTransform
Transforming ads-adservices-1.0.0-beta05.aar (androidx.privacysandbox.ads:ads-adservices:1.0.0-beta05) with AarTransform
Transforming ads-adservices-1.0.0-beta05.aar (androidx.privacysandbox.ads:ads-adservices:1.0.0-beta05) with JetifyTransform
Transforming ads-adservices-1.0.0-beta05.aar (androidx.privacysandbox.ads:ads-adservices:1.0.0-beta05) with ExtractAarTransform
Transforming ads-adservices-1.0.0-beta05.aar (androidx.privacysandbox.ads:ads-adservices:1.0.0-beta05) with AarTransform
Transforming firebase-installations-interop-17.1.1.aar (com.google.firebase:firebase-installations-interop:17.1.1) with JetifyTransform
Transforming firebase-installations-interop-17.1.1.aar (com.google.firebase:firebase-installations-interop:17.1.1) with ExtractAarTransform
Transforming firebase-installations-interop-17.1.1.aar (com.google.firebase:firebase-installations-interop:17.1.1) with AarTransform
Transforming firebase-installations-interop-17.1.1.aar (com.google.firebase:firebase-installations-interop:17.1.1) with JetifyTransform
Transforming firebase-installations-interop-17.1.1.aar (com.google.firebase:firebase-installations-interop:17.1.1) with ExtractAarTransform
Transforming firebase-installations-interop-17.1.1.aar (com.google.firebase:firebase-installations-interop:17.1.1) with AarTransform
Transforming play-services-tasks-18.2.0.aar (com.google.android.gms:play-services-tasks:18.2.0) with JetifyTransform
Transforming play-services-tasks-18.2.0.aar (com.google.android.gms:play-services-tasks:18.2.0) with ExtractAarTransform
Transforming play-services-tasks-18.2.0.aar (com.google.android.gms:play-services-tasks:18.2.0) with AarTransform
Transforming play-services-tasks-18.2.0.aar (com.google.android.gms:play-services-tasks:18.2.0) with JetifyTransform
Transforming play-services-tasks-18.2.0.aar (com.google.android.gms:play-services-tasks:18.2.0) with ExtractAarTransform
Transforming play-services-tasks-18.2.0.aar (com.google.android.gms:play-services-tasks:18.2.0) with AarTransform
Transforming play-services-tasks-18.2.0.aar (com.google.android.gms:play-services-tasks:18.2.0) with JetifyTransform
Transforming play-services-tasks-18.2.0.aar (com.google.android.gms:play-services-tasks:18.2.0) with ExtractAarTransform
Transforming play-services-tasks-18.2.0.aar (com.google.android.gms:play-services-tasks:18.2.0) with AarTransform
Transforming play-services-tasks-18.2.0.aar (com.google.android.gms:play-services-tasks:18.2.0) with JetifyTransform
Transforming play-services-tasks-18.2.0.aar (com.google.android.gms:play-services-tasks:18.2.0) with ExtractAarTransform
Transforming play-services-tasks-18.2.0.aar (com.google.android.gms:play-services-tasks:18.2.0) with AarTransform
Transforming play-services-tasks-18.2.0.aar (com.google.android.gms:play-services-tasks:18.2.0) with JetifyTransform
Transforming play-services-tasks-18.2.0.aar (com.google.android.gms:play-services-tasks:18.2.0) with ExtractAarTransform
Transforming play-services-tasks-18.2.0.aar (com.google.android.gms:play-services-tasks:18.2.0) with AarTransform
Transforming play-services-tasks-18.2.0.aar (com.google.android.gms:play-services-tasks:18.2.0) with JetifyTransform
Transforming play-services-tasks-18.2.0.aar (com.google.android.gms:play-services-tasks:18.2.0) with ExtractAarTransform
Transforming play-services-tasks-18.2.0.aar (com.google.android.gms:play-services-tasks:18.2.0) with AarTransform
Transforming play-services-tasks-18.2.0.aar (com.google.android.gms:play-services-tasks:18.2.0) with JetifyTransform
Transforming play-services-tasks-18.2.0.aar (com.google.android.gms:play-services-tasks:18.2.0) with ExtractAarTransform
Transforming play-services-tasks-18.2.0.aar (com.google.android.gms:play-services-tasks:18.2.0) with AarTransform
Transforming play-services-tasks-18.2.0.aar (com.google.android.gms:play-services-tasks:18.2.0) with JetifyTransform
Transforming play-services-tasks-18.2.0.aar (com.google.android.gms:play-services-tasks:18.2.0) with ExtractAarTransform
Transforming play-services-tasks-18.2.0.aar (com.google.android.gms:play-services-tasks:18.2.0) with AarTransform
Transforming play-services-tasks-18.2.0.aar (com.google.android.gms:play-services-tasks:18.2.0) with JetifyTransform
Transforming play-services-tasks-18.2.0.aar (com.google.android.gms:play-services-tasks:18.2.0) with ExtractAarTransform
Transforming play-services-tasks-18.2.0.aar (com.google.android.gms:play-services-tasks:18.2.0) with AarTransform
Transforming firebase-measurement-connector-19.0.0.aar (com.google.firebase:firebase-measurement-connector:19.0.0) with JetifyTransform
Transforming firebase-measurement-connector-19.0.0.aar (com.google.firebase:firebase-measurement-connector:19.0.0) with ExtractAarTransform
Transforming firebase-measurement-connector-19.0.0.aar (com.google.firebase:firebase-measurement-connector:19.0.0) with AarTransform
Transforming play-services-basement-18.4.0.aar (com.google.android.gms:play-services-basement:18.4.0) with JetifyTransform
Transforming play-services-basement-18.4.0.aar (com.google.android.gms:play-services-basement:18.4.0) with ExtractAarTransform
Transforming play-services-basement-18.4.0.aar (com.google.android.gms:play-services-basement:18.4.0) with AarTransform
Transforming play-services-basement-18.4.0.aar (com.google.android.gms:play-services-basement:18.4.0) with JetifyTransform
Transforming play-services-basement-18.4.0.aar (com.google.android.gms:play-services-basement:18.4.0) with ExtractAarTransform
Transforming play-services-basement-18.4.0.aar (com.google.android.gms:play-services-basement:18.4.0) with AarTransform
Transforming play-services-basement-18.4.0.aar (com.google.android.gms:play-services-basement:18.4.0) with JetifyTransform
Transforming play-services-basement-18.4.0.aar (com.google.android.gms:play-services-basement:18.4.0) with ExtractAarTransform
Transforming play-services-basement-18.4.0.aar (com.google.android.gms:play-services-basement:18.4.0) with AarTransform
Transforming play-services-basement-18.4.0.aar (com.google.android.gms:play-services-basement:18.4.0) with JetifyTransform
Transforming play-services-basement-18.4.0.aar (com.google.android.gms:play-services-basement:18.4.0) with ExtractAarTransform
Transforming play-services-basement-18.4.0.aar (com.google.android.gms:play-services-basement:18.4.0) with AarTransform
Transforming play-services-basement-18.4.0.aar (com.google.android.gms:play-services-basement:18.4.0) with JetifyTransform
Transforming play-services-basement-18.4.0.aar (com.google.android.gms:play-services-basement:18.4.0) with ExtractAarTransform
Transforming play-services-basement-18.4.0.aar (com.google.android.gms:play-services-basement:18.4.0) with AarTransform
Transforming play-services-basement-18.4.0.aar (com.google.android.gms:play-services-basement:18.4.0) with JetifyTransform
Transforming play-services-basement-18.4.0.aar (com.google.android.gms:play-services-basement:18.4.0) with ExtractAarTransform
Transforming play-services-basement-18.4.0.aar (com.google.android.gms:play-services-basement:18.4.0) with AarTransform
Transforming play-services-basement-18.4.0.aar (com.google.android.gms:play-services-basement:18.4.0) with JetifyTransform
Transforming play-services-basement-18.4.0.aar (com.google.android.gms:play-services-basement:18.4.0) with ExtractAarTransform
Transforming play-services-basement-18.4.0.aar (com.google.android.gms:play-services-basement:18.4.0) with AarTransform
Transforming play-services-basement-18.4.0.aar (com.google.android.gms:play-services-basement:18.4.0) with JetifyTransform
Transforming play-services-basement-18.4.0.aar (com.google.android.gms:play-services-basement:18.4.0) with ExtractAarTransform
Transforming play-services-basement-18.4.0.aar (com.google.android.gms:play-services-basement:18.4.0) with AarTransform
Transforming play-services-basement-18.4.0.aar (com.google.android.gms:play-services-basement:18.4.0) with JetifyTransform
Transforming play-services-basement-18.4.0.aar (com.google.android.gms:play-services-basement:18.4.0) with ExtractAarTransform
Transforming play-services-basement-18.4.0.aar (com.google.android.gms:play-services-basement:18.4.0) with AarTransform
Transforming play-services-basement-18.4.0.aar (com.google.android.gms:play-services-basement:18.4.0) with JetifyTransform
Transforming play-services-basement-18.4.0.aar (com.google.android.gms:play-services-basement:18.4.0) with ExtractAarTransform
Transforming play-services-basement-18.4.0.aar (com.google.android.gms:play-services-basement:18.4.0) with AarTransform
Transforming play-services-basement-18.4.0.aar (com.google.android.gms:play-services-basement:18.4.0) with JetifyTransform
Transforming play-services-basement-18.4.0.aar (com.google.android.gms:play-services-basement:18.4.0) with ExtractAarTransform
Transforming play-services-basement-18.4.0.aar (com.google.android.gms:play-services-basement:18.4.0) with AarTransform
Transforming play-services-basement-18.4.0.aar (com.google.android.gms:play-services-basement:18.4.0) with JetifyTransform
Transforming play-services-basement-18.4.0.aar (com.google.android.gms:play-services-basement:18.4.0) with ExtractAarTransform
Transforming play-services-basement-18.4.0.aar (com.google.android.gms:play-services-basement:18.4.0) with AarTransform
Transforming play-services-basement-18.4.0.aar (com.google.android.gms:play-services-basement:18.4.0) with JetifyTransform
Transforming play-services-basement-18.4.0.aar (com.google.android.gms:play-services-basement:18.4.0) with ExtractAarTransform
Transforming play-services-basement-18.4.0.aar (com.google.android.gms:play-services-basement:18.4.0) with AarTransform
Transforming play-services-basement-18.4.0.aar (com.google.android.gms:play-services-basement:18.4.0) with JetifyTransform
Transforming play-services-basement-18.4.0.aar (com.google.android.gms:play-services-basement:18.4.0) with ExtractAarTransform
Transforming play-services-basement-18.4.0.aar (com.google.android.gms:play-services-basement:18.4.0) with AarTransform
Transforming fragment-1.8.5.aar (androidx.fragment:fragment:1.8.5) with JetifyTransform
Transforming fragment-1.8.5.aar (androidx.fragment:fragment:1.8.5) with ExtractAarTransform
Transforming fragment-1.8.5.aar (androidx.fragment:fragment:1.8.5) with AarTransform
Transforming fragment-1.8.5.aar (androidx.fragment:fragment:1.8.5) with JetifyTransform
Transforming fragment-1.8.5.aar (androidx.fragment:fragment:1.8.5) with ExtractAarTransform
Transforming fragment-1.8.5.aar (androidx.fragment:fragment:1.8.5) with AarTransform
Transforming fragment-1.8.5.aar (androidx.fragment:fragment:1.8.5) with JetifyTransform
Transforming fragment-1.8.5.aar (androidx.fragment:fragment:1.8.5) with ExtractAarTransform
Transforming fragment-1.8.5.aar (androidx.fragment:fragment:1.8.5) with AarTransform
Transforming fragment-ktx-1.8.5.aar (androidx.fragment:fragment-ktx:1.8.5) with JetifyTransform
Transforming fragment-ktx-1.8.5.aar (androidx.fragment:fragment-ktx:1.8.5) with ExtractAarTransform
Transforming fragment-ktx-1.8.5.aar (androidx.fragment:fragment-ktx:1.8.5) with AarTransform
Transforming activity-ktx-1.9.3.aar (androidx.activity:activity-ktx:1.9.3) with JetifyTransform
Transforming activity-ktx-1.9.3.aar (androidx.activity:activity-ktx:1.9.3) with ExtractAarTransform
Transforming activity-ktx-1.9.3.aar (androidx.activity:activity-ktx:1.9.3) with AarTransform
Transforming customview-poolingcontainer-1.0.0.aar (androidx.customview:customview-poolingcontainer:1.0.0) with JetifyTransform
Transforming customview-poolingcontainer-1.0.0.aar (androidx.customview:customview-poolingcontainer:1.0.0) with ExtractAarTransform
Transforming customview-poolingcontainer-1.0.0.aar (androidx.customview:customview-poolingcontainer:1.0.0) with AarTransform
Transforming core-ktx-1.13.1.aar (androidx.core:core-ktx:1.13.1) with JetifyTransform
Transforming core-ktx-1.13.1.aar (androidx.core:core-ktx:1.13.1) with ExtractAarTransform
Transforming core-ktx-1.13.1.aar (androidx.core:core-ktx:1.13.1) with AarTransform
Transforming flexbox-3.0.0.aar (com.google.android.flexbox:flexbox:3.0.0) with JetifyTransform
Transforming flexbox-3.0.0.aar (com.google.android.flexbox:flexbox:3.0.0) with ExtractAarTransform
Transforming flexbox-3.0.0.aar (com.google.android.flexbox:flexbox:3.0.0) with AarTransform
Transforming sqlite-framework-2.4.0.aar (androidx.sqlite:sqlite-framework:2.4.0) with JetifyTransform
Transforming sqlite-framework-2.4.0.aar (androidx.sqlite:sqlite-framework:2.4.0) with ExtractAarTransform
Transforming sqlite-framework-2.4.0.aar (androidx.sqlite:sqlite-framework:2.4.0) with AarTransform
Transforming sqlite-2.4.0.aar (androidx.sqlite:sqlite:2.4.0) with JetifyTransform
Transforming sqlite-2.4.0.aar (androidx.sqlite:sqlite:2.4.0) with ExtractAarTransform
Transforming sqlite-2.4.0.aar (androidx.sqlite:sqlite:2.4.0) with AarTransform
Transforming security-crypto-1.1.0-alpha06.aar (androidx.security:security-crypto:1.1.0-alpha06) with JetifyTransform
Transforming security-crypto-1.1.0-alpha06.aar (androidx.security:security-crypto:1.1.0-alpha06) with ExtractAarTransform
Transforming security-crypto-1.1.0-alpha06.aar (androidx.security:security-crypto:1.1.0-alpha06) with AarTransform
Transforming cursoradapter-1.0.0.aar (androidx.cursoradapter:cursoradapter:1.0.0) with JetifyTransform
Transforming cursoradapter-1.0.0.aar (androidx.cursoradapter:cursoradapter:1.0.0) with ExtractAarTransform
Transforming cursoradapter-1.0.0.aar (androidx.cursoradapter:cursoradapter:1.0.0) with AarTransform
Transforming profileinstaller-1.3.1.aar (androidx.profileinstaller:profileinstaller:1.3.1) with JetifyTransform
Transforming profileinstaller-1.3.1.aar (androidx.profileinstaller:profileinstaller:1.3.1) with ExtractAarTransform
Transforming profileinstaller-1.3.1.aar (androidx.profileinstaller:profileinstaller:1.3.1) with AarTransform
Transforming cardview-1.0.0.aar (androidx.cardview:cardview:1.0.0) with JetifyTransform
Transforming cardview-1.0.0.aar (androidx.cardview:cardview:1.0.0) with ExtractAarTransform
Transforming cardview-1.0.0.aar (androidx.cardview:cardview:1.0.0) with AarTransform
Transforming core-runtime-2.2.0.aar (androidx.arch.core:core-runtime:2.2.0) with JetifyTransform
Transforming core-runtime-2.2.0.aar (androidx.arch.core:core-runtime:2.2.0) with ExtractAarTransform
Transforming core-runtime-2.2.0.aar (androidx.arch.core:core-runtime:2.2.0) with AarTransform
Transforming gifdecoder-4.16.0.aar (com.github.bumptech.glide:gifdecoder:4.16.0) with JetifyTransform
Transforming gifdecoder-4.16.0.aar (com.github.bumptech.glide:gifdecoder:4.16.0) with ExtractAarTransform
Transforming gifdecoder-4.16.0.aar (com.github.bumptech.glide:gifdecoder:4.16.0) with AarTransform
Transforming startup-runtime-1.1.1.aar (androidx.startup:startup-runtime:1.1.1) with JetifyTransform
Transforming startup-runtime-1.1.1.aar (androidx.startup:startup-runtime:1.1.1) with ExtractAarTransform
Transforming startup-runtime-1.1.1.aar (androidx.startup:startup-runtime:1.1.1) with AarTransform
Transforming tracing-1.0.0.aar (androidx.tracing:tracing:1.0.0) with JetifyTransform
Transforming tracing-1.0.0.aar (androidx.tracing:tracing:1.0.0) with ExtractAarTransform
Transforming tracing-1.0.0.aar (androidx.tracing:tracing:1.0.0) with AarTransform
Transforming firebase-components-18.0.0.aar (com.google.firebase:firebase-components:18.0.0) with JetifyTransform
Transforming firebase-components-18.0.0.aar (com.google.firebase:firebase-components:18.0.0) with ExtractAarTransform
Transforming firebase-components-18.0.0.aar (com.google.firebase:firebase-components:18.0.0) with AarTransform
Transforming firebase-components-18.0.0.aar (com.google.firebase:firebase-components:18.0.0) with JetifyTransform
Transforming firebase-components-18.0.0.aar (com.google.firebase:firebase-components:18.0.0) with ExtractAarTransform
Transforming firebase-components-18.0.0.aar (com.google.firebase:firebase-components:18.0.0) with AarTransform
Transforming firebase-components-18.0.0.aar (com.google.firebase:firebase-components:18.0.0) with JetifyTransform
Transforming firebase-components-18.0.0.aar (com.google.firebase:firebase-components:18.0.0) with ExtractAarTransform
Transforming firebase-components-18.0.0.aar (com.google.firebase:firebase-components:18.0.0) with AarTransform
Transforming firebase-components-18.0.0.aar (com.google.firebase:firebase-components:18.0.0) with JetifyTransform
Transforming firebase-components-18.0.0.aar (com.google.firebase:firebase-components:18.0.0) with ExtractAarTransform
Transforming firebase-components-18.0.0.aar (com.google.firebase:firebase-components:18.0.0) with AarTransform
Transforming firebase-components-18.0.0.aar (com.google.firebase:firebase-components:18.0.0) with JetifyTransform
Transforming firebase-components-18.0.0.aar (com.google.firebase:firebase-components:18.0.0) with ExtractAarTransform
Transforming firebase-components-18.0.0.aar (com.google.firebase:firebase-components:18.0.0) with AarTransform
Transforming firebase-components-18.0.0.aar (com.google.firebase:firebase-components:18.0.0) with JetifyTransform
Transforming firebase-components-18.0.0.aar (com.google.firebase:firebase-components:18.0.0) with ExtractAarTransform
Transforming firebase-components-18.0.0.aar (com.google.firebase:firebase-components:18.0.0) with AarTransform
Transforming firebase-components-18.0.0.aar (com.google.firebase:firebase-components:18.0.0) with JetifyTransform
Transforming firebase-components-18.0.0.aar (com.google.firebase:firebase-components:18.0.0) with ExtractAarTransform
Transforming firebase-components-18.0.0.aar (com.google.firebase:firebase-components:18.0.0) with AarTransform
Transforming interpolator-1.0.0.aar (androidx.interpolator:interpolator:1.0.0) with JetifyTransform
Transforming interpolator-1.0.0.aar (androidx.interpolator:interpolator:1.0.0) with ExtractAarTransform
Transforming interpolator-1.0.0.aar (androidx.interpolator:interpolator:1.0.0) with AarTransform
Transforming interpolator-1.0.0.aar (androidx.interpolator:interpolator:1.0.0) with JetifyTransform
Transforming interpolator-1.0.0.aar (androidx.interpolator:interpolator:1.0.0) with ExtractAarTransform
Transforming interpolator-1.0.0.aar (androidx.interpolator:interpolator:1.0.0) with AarTransform
Transforming versionedparcelable-1.1.1.aar (androidx.versionedparcelable:versionedparcelable:1.1.1) with JetifyTransform
Transforming versionedparcelable-1.1.1.aar (androidx.versionedparcelable:versionedparcelable:1.1.1) with ExtractAarTransform
Transforming versionedparcelable-1.1.1.aar (androidx.versionedparcelable:versionedparcelable:1.1.1) with AarTransform
Transforming documentfile-1.0.0.aar (androidx.documentfile:documentfile:1.0.0) with JetifyTransform
Transforming documentfile-1.0.0.aar (androidx.documentfile:documentfile:1.0.0) with ExtractAarTransform
Transforming documentfile-1.0.0.aar (androidx.documentfile:documentfile:1.0.0) with AarTransform
Transforming localbroadcastmanager-1.0.0.aar (androidx.localbroadcastmanager:localbroadcastmanager:1.0.0) with JetifyTransform
Transforming localbroadcastmanager-1.0.0.aar (androidx.localbroadcastmanager:localbroadcastmanager:1.0.0) with ExtractAarTransform
Transforming localbroadcastmanager-1.0.0.aar (androidx.localbroadcastmanager:localbroadcastmanager:1.0.0) with AarTransform
Transforming print-1.0.0.aar (androidx.print:print:1.0.0) with JetifyTransform
Transforming print-1.0.0.aar (androidx.print:print:1.0.0) with ExtractAarTransform
Transforming print-1.0.0.aar (androidx.print:print:1.0.0) with AarTransform
Transforming exifinterface-1.3.7.aar (androidx.exifinterface:exifinterface:1.3.7) with JetifyTransform
Transforming exifinterface-1.3.7.aar (androidx.exifinterface:exifinterface:1.3.7) with ExtractAarTransform
Transforming exifinterface-1.3.7.aar (androidx.exifinterface:exifinterface:1.3.7) with AarTransform
Transforming annotation-experimental-1.4.1.aar (androidx.annotation:annotation-experimental:1.4.1) with JetifyTransform
Transforming annotation-experimental-1.4.1.aar (androidx.annotation:annotation-experimental:1.4.1) with ExtractAarTransform
Transforming annotation-experimental-1.4.1.aar (androidx.annotation:annotation-experimental:1.4.1) with AarTransform
Transforming multidex-2.0.1.aar (androidx.multidex:multidex:2.0.1) with JetifyTransform
Transforming multidex-2.0.1.aar (androidx.multidex:multidex:2.0.1) with ExtractAarTransform
Transforming multidex-2.0.1.aar (androidx.multidex:multidex:2.0.1) with AarTransform
Transforming grpc-android-1.57.2.aar (io.grpc:grpc-android:1.57.2) with JetifyTransform
Transforming grpc-android-1.57.2.aar (io.grpc:grpc-android:1.57.2) with ExtractAarTransform
Transforming grpc-android-1.57.2.aar (io.grpc:grpc-android:1.57.2) with AarTransform
Transforming zxing-android-embedded-4.3.0.aar (com.journeyapps:zxing-android-embedded:4.3.0) with JetifyTransform
Transforming zxing-android-embedded-4.3.0.aar (com.journeyapps:zxing-android-embedded:4.3.0) with ExtractAarTransform
Transforming zxing-android-embedded-4.3.0.aar (com.journeyapps:zxing-android-embedded:4.3.0) with AarTransform
Transforming dagger-lint-aar-2.51.1.aar (com.google.dagger:dagger-lint-aar:2.51.1) with JetifyTransform
Transforming dagger-lint-aar-2.51.1.aar (com.google.dagger:dagger-lint-aar:2.51.1) with ExtractAarTransform
Transforming dagger-lint-aar-2.51.1.aar (com.google.dagger:dagger-lint-aar:2.51.1) with AarTransform
Transforming protolite-well-known-types-18.0.0.aar (com.google.firebase:protolite-well-known-types:18.0.0) with JetifyTransform
Transforming protolite-well-known-types-18.0.0.aar (com.google.firebase:protolite-well-known-types:18.0.0) with ExtractAarTransform
Transforming protolite-well-known-types-18.0.0.aar (com.google.firebase:protolite-well-known-types:18.0.0) with AarTransform
Caching disabled for task ':app:checkDebugAarMetadata' because:
  Build cache is disabled
  Caching has been disabled for the task
Skipping task ':app:checkDebugAarMetadata' as it is up-to-date.
Resolve mutations for :app:mapDebugSourceSetPaths (Thread[#64,included builds,5,main]) started.
:app:mapDebugSourceSetPaths (Thread[#64,included builds,5,main]) started.

> Task :app:mapDebugSourceSetPaths UP-TO-DATE
Caching disabled for task ':app:mapDebugSourceSetPaths' because:
  Build cache is disabled
  Caching has been disabled for the task
Skipping task ':app:mapDebugSourceSetPaths' as it is up-to-date.
Resolve mutations for :app:createDebugCompatibleScreenManifests (Thread[#64,included builds,5,main]) started.
:app:createDebugCompatibleScreenManifests (Thread[#64,included builds,5,main]) started.

> Task :app:createDebugCompatibleScreenManifests UP-TO-DATE
Caching disabled for task ':app:createDebugCompatibleScreenManifests' because:
  Build cache is disabled
  Caching has been disabled for the task
Skipping task ':app:createDebugCompatibleScreenManifests' as it is up-to-date.
Resolve mutations for :app:extractDeepLinksDebug (Thread[#64,included builds,5,main]) started.
:app:extractDeepLinksDebug (Thread[#64,included builds,5,main]) started.

> Task :app:extractDeepLinksDebug UP-TO-DATE
Caching disabled for task ':app:extractDeepLinksDebug' because:
  Build cache is disabled
Skipping task ':app:extractDeepLinksDebug' as it is up-to-date.
Resolve mutations for :app:processDebugMainManifest (Thread[#65,Execution worker,5,main]) started.
:app:processDebugMainManifest (Thread[#65,Execution worker,5,main]) started.

> Task :app:processDebugMainManifest UP-TO-DATE
Transforming viewbinding-8.7.1.aar (androidx.databinding:viewbinding:8.7.1) with JetifyTransform
Transforming viewbinding-8.7.1.aar (androidx.databinding:viewbinding:8.7.1) with ExtractAarTransform
Transforming viewbinding-8.7.1.aar (androidx.databinding:viewbinding:8.7.1) with AarTransform
Transforming material-1.12.0.aar (com.google.android.material:material:1.12.0) with JetifyTransform
Transforming material-1.12.0.aar (com.google.android.material:material:1.12.0) with ExtractAarTransform
Transforming material-1.12.0.aar (com.google.android.material:material:1.12.0) with AarTransform
Transforming constraintlayout-2.1.4.aar (androidx.constraintlayout:constraintlayout:2.1.4) with JetifyTransform
Transforming constraintlayout-2.1.4.aar (androidx.constraintlayout:constraintlayout:2.1.4) with ExtractAarTransform
Transforming constraintlayout-2.1.4.aar (androidx.constraintlayout:constraintlayout:2.1.4) with AarTransform
Transforming coil-compose-2.6.0.aar (io.coil-kt:coil-compose:2.6.0) with JetifyTransform
Transforming coil-compose-2.6.0.aar (io.coil-kt:coil-compose:2.6.0) with ExtractAarTransform
Transforming coil-compose-2.6.0.aar (io.coil-kt:coil-compose:2.6.0) with AarTransform
Transforming coil-compose-base-2.6.0.aar (io.coil-kt:coil-compose-base:2.6.0) with JetifyTransform
Transforming coil-compose-base-2.6.0.aar (io.coil-kt:coil-compose-base:2.6.0) with ExtractAarTransform
Transforming coil-compose-base-2.6.0.aar (io.coil-kt:coil-compose-base:2.6.0) with AarTransform
Transforming coil-2.6.0.aar (io.coil-kt:coil:2.6.0) with JetifyTransform
Transforming coil-2.6.0.aar (io.coil-kt:coil:2.6.0) with ExtractAarTransform
Transforming coil-2.6.0.aar (io.coil-kt:coil:2.6.0) with AarTransform
Transforming coil-base-2.6.0.aar (io.coil-kt:coil-base:2.6.0) with JetifyTransform
Transforming coil-base-2.6.0.aar (io.coil-kt:coil-base:2.6.0) with ExtractAarTransform
Transforming coil-base-2.6.0.aar (io.coil-kt:coil-base:2.6.0) with AarTransform
Transforming appcompat-resources-1.7.0.aar (androidx.appcompat:appcompat-resources:1.7.0) with JetifyTransform
Transforming appcompat-resources-1.7.0.aar (androidx.appcompat:appcompat-resources:1.7.0) with ExtractAarTransform
Transforming appcompat-resources-1.7.0.aar (androidx.appcompat:appcompat-resources:1.7.0) with AarTransform
Transforming preference-ktx-1.2.1.aar (androidx.preference:preference-ktx:1.2.1) with JetifyTransform
Transforming preference-ktx-1.2.1.aar (androidx.preference:preference-ktx:1.2.1) with ExtractAarTransform
Transforming preference-ktx-1.2.1.aar (androidx.preference:preference-ktx:1.2.1) with AarTransform
Transforming preference-1.2.1.aar (androidx.preference:preference:1.2.1) with JetifyTransform
Transforming preference-1.2.1.aar (androidx.preference:preference:1.2.1) with ExtractAarTransform
Transforming preference-1.2.1.aar (androidx.preference:preference:1.2.1) with AarTransform
Transforming appcompat-1.7.0.aar (androidx.appcompat:appcompat:1.7.0) with JetifyTransform
Transforming appcompat-1.7.0.aar (androidx.appcompat:appcompat:1.7.0) with ExtractAarTransform
Transforming appcompat-1.7.0.aar (androidx.appcompat:appcompat:1.7.0) with AarTransform
Transforming okhttp3-integration-4.16.0.aar (com.github.bumptech.glide:okhttp3-integration:4.16.0) with JetifyTransform
Transforming okhttp3-integration-4.16.0.aar (com.github.bumptech.glide:okhttp3-integration:4.16.0) with ExtractAarTransform
Transforming okhttp3-integration-4.16.0.aar (com.github.bumptech.glide:okhttp3-integration:4.16.0) with AarTransform
Transforming glide-4.16.0.aar (com.github.bumptech.glide:glide:4.16.0) with JetifyTransform
Transforming glide-4.16.0.aar (com.github.bumptech.glide:glide:4.16.0) with ExtractAarTransform
Transforming glide-4.16.0.aar (com.github.bumptech.glide:glide:4.16.0) with AarTransform
Transforming hilt-work-1.2.0.aar (androidx.hilt:hilt-work:1.2.0) with JetifyTransform
Transforming hilt-work-1.2.0.aar (androidx.hilt:hilt-work:1.2.0) with ExtractAarTransform
Transforming hilt-work-1.2.0.aar (androidx.hilt:hilt-work:1.2.0) with AarTransform
Transforming hilt-android-2.51.1.aar (com.google.dagger:hilt-android:2.51.1) with JetifyTransform
Transforming hilt-android-2.51.1.aar (com.google.dagger:hilt-android:2.51.1) with ExtractAarTransform
Transforming hilt-android-2.51.1.aar (com.google.dagger:hilt-android:2.51.1) with AarTransform
Transforming media3-exoplayer-hls-1.5.0.aar (androidx.media3:media3-exoplayer-hls:1.5.0) with JetifyTransform
Transforming media3-exoplayer-hls-1.5.0.aar (androidx.media3:media3-exoplayer-hls:1.5.0) with ExtractAarTransform
Transforming media3-exoplayer-hls-1.5.0.aar (androidx.media3:media3-exoplayer-hls:1.5.0) with AarTransform
Transforming media3-ffmpeg-decoder-1.5.0+1.aar (org.jellyfin.media3:media3-ffmpeg-decoder:1.5.0+1) with JetifyTransform
Transforming media3-ffmpeg-decoder-1.5.0+1.aar (org.jellyfin.media3:media3-ffmpeg-decoder:1.5.0+1) with ExtractAarTransform
Transforming media3-ffmpeg-decoder-1.5.0+1.aar (org.jellyfin.media3:media3-ffmpeg-decoder:1.5.0+1) with AarTransform
Transforming media3-exoplayer-1.5.0.aar (androidx.media3:media3-exoplayer:1.5.0) with JetifyTransform
Transforming media3-exoplayer-1.5.0.aar (androidx.media3:media3-exoplayer:1.5.0) with ExtractAarTransform
Transforming media3-exoplayer-1.5.0.aar (androidx.media3:media3-exoplayer:1.5.0) with AarTransform
Transforming media3-exoplayer-1.5.0.aar (androidx.media3:media3-exoplayer:1.5.0) with JetifyTransform
Transforming media3-exoplayer-1.5.0.aar (androidx.media3:media3-exoplayer:1.5.0) with ExtractAarTransform
Transforming media3-exoplayer-1.5.0.aar (androidx.media3:media3-exoplayer:1.5.0) with AarTransform
Transforming media3-datasource-okhttp-1.5.0.aar (androidx.media3:media3-datasource-okhttp:1.5.0) with JetifyTransform
Transforming media3-datasource-okhttp-1.5.0.aar (androidx.media3:media3-datasource-okhttp:1.5.0) with ExtractAarTransform
Transforming media3-datasource-okhttp-1.5.0.aar (androidx.media3:media3-datasource-okhttp:1.5.0) with AarTransform
Transforming media3-extractor-1.5.0.aar (androidx.media3:media3-extractor:1.5.0) with JetifyTransform
Transforming media3-extractor-1.5.0.aar (androidx.media3:media3-extractor:1.5.0) with ExtractAarTransform
Transforming media3-extractor-1.5.0.aar (androidx.media3:media3-extractor:1.5.0) with AarTransform
Transforming media3-container-1.5.0.aar (androidx.media3:media3-container:1.5.0) with JetifyTransform
Transforming media3-container-1.5.0.aar (androidx.media3:media3-container:1.5.0) with ExtractAarTransform
Transforming media3-container-1.5.0.aar (androidx.media3:media3-container:1.5.0) with AarTransform
Transforming media3-datasource-1.5.0.aar (androidx.media3:media3-datasource:1.5.0) with JetifyTransform
Transforming media3-datasource-1.5.0.aar (androidx.media3:media3-datasource:1.5.0) with ExtractAarTransform
Transforming media3-datasource-1.5.0.aar (androidx.media3:media3-datasource:1.5.0) with AarTransform
Transforming media3-decoder-1.5.0.aar (androidx.media3:media3-decoder:1.5.0) with JetifyTransform
Transforming media3-decoder-1.5.0.aar (androidx.media3:media3-decoder:1.5.0) with ExtractAarTransform
Transforming media3-decoder-1.5.0.aar (androidx.media3:media3-decoder:1.5.0) with AarTransform
Transforming media3-decoder-1.5.0.aar (androidx.media3:media3-decoder:1.5.0) with JetifyTransform
Transforming media3-decoder-1.5.0.aar (androidx.media3:media3-decoder:1.5.0) with ExtractAarTransform
Transforming media3-decoder-1.5.0.aar (androidx.media3:media3-decoder:1.5.0) with AarTransform
Transforming media3-database-1.5.0.aar (androidx.media3:media3-database:1.5.0) with JetifyTransform
Transforming media3-database-1.5.0.aar (androidx.media3:media3-database:1.5.0) with ExtractAarTransform
Transforming media3-database-1.5.0.aar (androidx.media3:media3-database:1.5.0) with AarTransform
Transforming media3-common-1.5.0.aar (androidx.media3:media3-common:1.5.0) with JetifyTransform
Transforming media3-common-1.5.0.aar (androidx.media3:media3-common:1.5.0) with ExtractAarTransform
Transforming media3-common-1.5.0.aar (androidx.media3:media3-common:1.5.0) with AarTransform
Transforming media3-ui-1.5.0.aar (androidx.media3:media3-ui:1.5.0) with JetifyTransform
Transforming media3-ui-1.5.0.aar (androidx.media3:media3-ui:1.5.0) with ExtractAarTransform
Transforming media3-ui-1.5.0.aar (androidx.media3:media3-ui:1.5.0) with AarTransform
Transforming work-runtime-ktx-2.9.1.aar (androidx.work:work-runtime-ktx:2.9.1) with JetifyTransform
Transforming work-runtime-ktx-2.9.1.aar (androidx.work:work-runtime-ktx:2.9.1) with ExtractAarTransform
Transforming work-runtime-ktx-2.9.1.aar (androidx.work:work-runtime-ktx:2.9.1) with AarTransform
Transforming work-runtime-2.9.1.aar (androidx.work:work-runtime:2.9.1) with JetifyTransform
Transforming work-runtime-2.9.1.aar (androidx.work:work-runtime:2.9.1) with ExtractAarTransform
Transforming work-runtime-2.9.1.aar (androidx.work:work-runtime:2.9.1) with AarTransform
Transforming room-ktx-2.6.1.aar (androidx.room:room-ktx:2.6.1) with JetifyTransform
Transforming room-ktx-2.6.1.aar (androidx.room:room-ktx:2.6.1) with ExtractAarTransform
Transforming room-ktx-2.6.1.aar (androidx.room:room-ktx:2.6.1) with AarTransform
Transforming room-runtime-2.6.1.aar (androidx.room:room-runtime:2.6.1) with JetifyTransform
Transforming room-runtime-2.6.1.aar (androidx.room:room-runtime:2.6.1) with ExtractAarTransform
Transforming room-runtime-2.6.1.aar (androidx.room:room-runtime:2.6.1) with AarTransform
Transforming room-paging-2.6.1.aar (androidx.room:room-paging:2.6.1) with JetifyTransform
Transforming room-paging-2.6.1.aar (androidx.room:room-paging:2.6.1) with ExtractAarTransform
Transforming room-paging-2.6.1.aar (androidx.room:room-paging:2.6.1) with AarTransform
Transforming paging-common-release.aar (androidx.paging:paging-common-android:3.3.2) with JetifyTransform
Transforming paging-common-release.aar (androidx.paging:paging-common-android:3.3.2) with ExtractAarTransform
Transforming paging-common-release.aar (androidx.paging:paging-common-android:3.3.2) with AarTransform
Transforming paging-runtime-ktx-3.3.2.aar (androidx.paging:paging-runtime-ktx:3.3.2) with JetifyTransform
Transforming paging-runtime-ktx-3.3.2.aar (androidx.paging:paging-runtime-ktx:3.3.2) with ExtractAarTransform
Transforming paging-runtime-ktx-3.3.2.aar (androidx.paging:paging-runtime-ktx:3.3.2) with AarTransform
Transforming paging-runtime-3.3.2.aar (androidx.paging:paging-runtime:3.3.2) with JetifyTransform
Transforming paging-runtime-3.3.2.aar (androidx.paging:paging-runtime:3.3.2) with ExtractAarTransform
Transforming paging-runtime-3.3.2.aar (androidx.paging:paging-runtime:3.3.2) with AarTransform
Transforming recyclerview-1.3.2.aar (androidx.recyclerview:recyclerview:1.3.2) with JetifyTransform
Transforming recyclerview-1.3.2.aar (androidx.recyclerview:recyclerview:1.3.2) with ExtractAarTransform
Transforming recyclerview-1.3.2.aar (androidx.recyclerview:recyclerview:1.3.2) with AarTransform
Transforming viewpager2-1.1.0-beta02.aar (androidx.viewpager2:viewpager2:1.1.0-beta02) with JetifyTransform
Transforming viewpager2-1.1.0-beta02.aar (androidx.viewpager2:viewpager2:1.1.0-beta02) with ExtractAarTransform
Transforming viewpager2-1.1.0-beta02.aar (androidx.viewpager2:viewpager2:1.1.0-beta02) with AarTransform
Transforming firebase-firestore-ktx-25.0.0.aar (com.google.firebase:firebase-firestore-ktx:25.0.0) with JetifyTransform
Transforming firebase-firestore-ktx-25.0.0.aar (com.google.firebase:firebase-firestore-ktx:25.0.0) with ExtractAarTransform
Transforming firebase-firestore-ktx-25.0.0.aar (com.google.firebase:firebase-firestore-ktx:25.0.0) with AarTransform
Transforming firebase-firestore-25.0.0.aar (com.google.firebase:firebase-firestore:25.0.0) with JetifyTransform
Transforming firebase-firestore-25.0.0.aar (com.google.firebase:firebase-firestore:25.0.0) with ExtractAarTransform
Transforming firebase-firestore-25.0.0.aar (com.google.firebase:firebase-firestore:25.0.0) with AarTransform
Transforming firebase-appcheck-interop-17.0.0.aar (com.google.firebase:firebase-appcheck-interop:17.0.0) with JetifyTransform
Transforming firebase-appcheck-interop-17.0.0.aar (com.google.firebase:firebase-appcheck-interop:17.0.0) with ExtractAarTransform
Transforming firebase-appcheck-interop-17.0.0.aar (com.google.firebase:firebase-appcheck-interop:17.0.0) with AarTransform
Transforming firebase-database-collection-18.0.1.aar (com.google.firebase:firebase-database-collection:18.0.1) with JetifyTransform
Transforming firebase-database-collection-18.0.1.aar (com.google.firebase:firebase-database-collection:18.0.1) with ExtractAarTransform
Transforming firebase-database-collection-18.0.1.aar (com.google.firebase:firebase-database-collection:18.0.1) with AarTransform
Transforming play-services-base-18.0.1.aar (com.google.android.gms:play-services-base:18.0.1) with JetifyTransform
Transforming play-services-base-18.0.1.aar (com.google.android.gms:play-services-base:18.0.1) with ExtractAarTransform
Transforming play-services-base-18.0.1.aar (com.google.android.gms:play-services-base:18.0.1) with AarTransform
Transforming play-services-base-18.0.1.aar (com.google.android.gms:play-services-base:18.0.1) with JetifyTransform
Transforming play-services-base-18.0.1.aar (com.google.android.gms:play-services-base:18.0.1) with ExtractAarTransform
Transforming play-services-base-18.0.1.aar (com.google.android.gms:play-services-base:18.0.1) with AarTransform
Transforming play-services-base-18.0.1.aar (com.google.android.gms:play-services-base:18.0.1) with JetifyTransform
Transforming play-services-base-18.0.1.aar (com.google.android.gms:play-services-base:18.0.1) with ExtractAarTransform
Transforming play-services-base-18.0.1.aar (com.google.android.gms:play-services-base:18.0.1) with AarTransform
Transforming firebase-analytics-ktx-22.0.2.aar (com.google.firebase:firebase-analytics-ktx:22.0.2) with JetifyTransform
Transforming firebase-analytics-ktx-22.0.2.aar (com.google.firebase:firebase-analytics-ktx:22.0.2) with ExtractAarTransform
Transforming firebase-analytics-ktx-22.0.2.aar (com.google.firebase:firebase-analytics-ktx:22.0.2) with AarTransform
Transforming firebase-analytics-22.0.2.aar (com.google.firebase:firebase-analytics:22.0.2) with JetifyTransform
Transforming firebase-analytics-22.0.2.aar (com.google.firebase:firebase-analytics:22.0.2) with ExtractAarTransform
Transforming firebase-analytics-22.0.2.aar (com.google.firebase:firebase-analytics:22.0.2) with AarTransform
Transforming play-services-measurement-api-22.0.2.aar (com.google.android.gms:play-services-measurement-api:22.0.2) with JetifyTransform
Transforming play-services-measurement-api-22.0.2.aar (com.google.android.gms:play-services-measurement-api:22.0.2) with ExtractAarTransform
Transforming play-services-measurement-api-22.0.2.aar (com.google.android.gms:play-services-measurement-api:22.0.2) with AarTransform
Transforming firebase-installations-18.0.0.aar (com.google.firebase:firebase-installations:18.0.0) with JetifyTransform
Transforming firebase-installations-18.0.0.aar (com.google.firebase:firebase-installations:18.0.0) with ExtractAarTransform
Transforming firebase-installations-18.0.0.aar (com.google.firebase:firebase-installations:18.0.0) with AarTransform
Transforming firebase-common-ktx-21.0.0.aar (com.google.firebase:firebase-common-ktx:21.0.0) with JetifyTransform
Transforming firebase-common-ktx-21.0.0.aar (com.google.firebase:firebase-common-ktx:21.0.0) with ExtractAarTransform
Transforming firebase-common-ktx-21.0.0.aar (com.google.firebase:firebase-common-ktx:21.0.0) with AarTransform
Transforming firebase-common-ktx-21.0.0.aar (com.google.firebase:firebase-common-ktx:21.0.0) with JetifyTransform
Transforming firebase-common-ktx-21.0.0.aar (com.google.firebase:firebase-common-ktx:21.0.0) with ExtractAarTransform
Transforming firebase-common-ktx-21.0.0.aar (com.google.firebase:firebase-common-ktx:21.0.0) with AarTransform
Transforming firebase-common-ktx-21.0.0.aar (com.google.firebase:firebase-common-ktx:21.0.0) with JetifyTransform
Transforming firebase-common-ktx-21.0.0.aar (com.google.firebase:firebase-common-ktx:21.0.0) with ExtractAarTransform
Transforming firebase-common-ktx-21.0.0.aar (com.google.firebase:firebase-common-ktx:21.0.0) with AarTransform
Transforming firebase-common-ktx-21.0.0.aar (com.google.firebase:firebase-common-ktx:21.0.0) with JetifyTransform
Transforming firebase-common-ktx-21.0.0.aar (com.google.firebase:firebase-common-ktx:21.0.0) with ExtractAarTransform
Transforming firebase-common-ktx-21.0.0.aar (com.google.firebase:firebase-common-ktx:21.0.0) with AarTransform
Transforming firebase-common-ktx-21.0.0.aar (com.google.firebase:firebase-common-ktx:21.0.0) with JetifyTransform
Transforming firebase-common-ktx-21.0.0.aar (com.google.firebase:firebase-common-ktx:21.0.0) with ExtractAarTransform
Transforming firebase-common-ktx-21.0.0.aar (com.google.firebase:firebase-common-ktx:21.0.0) with AarTransform
Transforming firebase-common-21.0.0.aar (com.google.firebase:firebase-common:21.0.0) with JetifyTransform
Transforming firebase-common-21.0.0.aar (com.google.firebase:firebase-common:21.0.0) with ExtractAarTransform
Transforming firebase-common-21.0.0.aar (com.google.firebase:firebase-common:21.0.0) with AarTransform
Transforming firebase-common-21.0.0.aar (com.google.firebase:firebase-common:21.0.0) with JetifyTransform
Transforming firebase-common-21.0.0.aar (com.google.firebase:firebase-common:21.0.0) with ExtractAarTransform
Transforming firebase-common-21.0.0.aar (com.google.firebase:firebase-common:21.0.0) with AarTransform
Transforming firebase-common-21.0.0.aar (com.google.firebase:firebase-common:21.0.0) with JetifyTransform
Transforming firebase-common-21.0.0.aar (com.google.firebase:firebase-common:21.0.0) with ExtractAarTransform
Transforming firebase-common-21.0.0.aar (com.google.firebase:firebase-common:21.0.0) with AarTransform
Transforming firebase-common-21.0.0.aar (com.google.firebase:firebase-common:21.0.0) with JetifyTransform
Transforming firebase-common-21.0.0.aar (com.google.firebase:firebase-common:21.0.0) with ExtractAarTransform
Transforming firebase-common-21.0.0.aar (com.google.firebase:firebase-common:21.0.0) with AarTransform
Transforming firebase-common-21.0.0.aar (com.google.firebase:firebase-common:21.0.0) with JetifyTransform
Transforming firebase-common-21.0.0.aar (com.google.firebase:firebase-common:21.0.0) with ExtractAarTransform
Transforming firebase-common-21.0.0.aar (com.google.firebase:firebase-common:21.0.0) with AarTransform
Transforming firebase-common-21.0.0.aar (com.google.firebase:firebase-common:21.0.0) with JetifyTransform
Transforming firebase-common-21.0.0.aar (com.google.firebase:firebase-common:21.0.0) with ExtractAarTransform
Transforming firebase-common-21.0.0.aar (com.google.firebase:firebase-common:21.0.0) with AarTransform
Transforming play-services-measurement-22.0.2.aar (com.google.android.gms:play-services-measurement:22.0.2) with JetifyTransform
Transforming play-services-measurement-22.0.2.aar (com.google.android.gms:play-services-measurement:22.0.2) with ExtractAarTransform
Transforming play-services-measurement-22.0.2.aar (com.google.android.gms:play-services-measurement:22.0.2) with AarTransform
Transforming play-services-measurement-sdk-22.0.2.aar (com.google.android.gms:play-services-measurement-sdk:22.0.2) with JetifyTransform
Transforming play-services-measurement-sdk-22.0.2.aar (com.google.android.gms:play-services-measurement-sdk:22.0.2) with ExtractAarTransform
Transforming play-services-measurement-sdk-22.0.2.aar (com.google.android.gms:play-services-measurement-sdk:22.0.2) with AarTransform
Transforming firebase-auth-interop-19.0.2.aar (com.google.firebase:firebase-auth-interop:19.0.2) with JetifyTransform
Transforming firebase-auth-interop-19.0.2.aar (com.google.firebase:firebase-auth-interop:19.0.2) with ExtractAarTransform
Transforming firebase-auth-interop-19.0.2.aar (com.google.firebase:firebase-auth-interop:19.0.2) with AarTransform
Transforming play-services-measurement-impl-22.0.2.aar (com.google.android.gms:play-services-measurement-impl:22.0.2) with JetifyTransform
Transforming play-services-measurement-impl-22.0.2.aar (com.google.android.gms:play-services-measurement-impl:22.0.2) with ExtractAarTransform
Transforming play-services-measurement-impl-22.0.2.aar (com.google.android.gms:play-services-measurement-impl:22.0.2) with AarTransform
Transforming play-services-measurement-impl-22.0.2.aar (com.google.android.gms:play-services-measurement-impl:22.0.2) with JetifyTransform
Transforming play-services-measurement-impl-22.0.2.aar (com.google.android.gms:play-services-measurement-impl:22.0.2) with ExtractAarTransform
Transforming play-services-measurement-impl-22.0.2.aar (com.google.android.gms:play-services-measurement-impl:22.0.2) with AarTransform
Transforming play-services-ads-identifier-18.0.0.aar (com.google.android.gms:play-services-ads-identifier:18.0.0) with JetifyTransform
Transforming play-services-ads-identifier-18.0.0.aar (com.google.android.gms:play-services-ads-identifier:18.0.0) with ExtractAarTransform
Transforming play-services-ads-identifier-18.0.0.aar (com.google.android.gms:play-services-ads-identifier:18.0.0) with AarTransform
Transforming play-services-ads-identifier-18.0.0.aar (com.google.android.gms:play-services-ads-identifier:18.0.0) with JetifyTransform
Transforming play-services-ads-identifier-18.0.0.aar (com.google.android.gms:play-services-ads-identifier:18.0.0) with ExtractAarTransform
Transforming play-services-ads-identifier-18.0.0.aar (com.google.android.gms:play-services-ads-identifier:18.0.0) with AarTransform
Transforming play-services-ads-identifier-18.0.0.aar (com.google.android.gms:play-services-ads-identifier:18.0.0) with JetifyTransform
Transforming play-services-ads-identifier-18.0.0.aar (com.google.android.gms:play-services-ads-identifier:18.0.0) with ExtractAarTransform
Transforming play-services-ads-identifier-18.0.0.aar (com.google.android.gms:play-services-ads-identifier:18.0.0) with AarTransform
Transforming play-services-measurement-sdk-api-22.0.2.aar (com.google.android.gms:play-services-measurement-sdk-api:22.0.2) with JetifyTransform
Transforming play-services-measurement-sdk-api-22.0.2.aar (com.google.android.gms:play-services-measurement-sdk-api:22.0.2) with ExtractAarTransform
Transforming play-services-measurement-sdk-api-22.0.2.aar (com.google.android.gms:play-services-measurement-sdk-api:22.0.2) with AarTransform
Transforming play-services-measurement-base-22.0.2.aar (com.google.android.gms:play-services-measurement-base:22.0.2) with JetifyTransform
Transforming play-services-measurement-base-22.0.2.aar (com.google.android.gms:play-services-measurement-base:22.0.2) with ExtractAarTransform
Transforming play-services-measurement-base-22.0.2.aar (com.google.android.gms:play-services-measurement-base:22.0.2) with AarTransform
Transforming play-services-measurement-base-22.0.2.aar (com.google.android.gms:play-services-measurement-base:22.0.2) with JetifyTransform
Transforming play-services-measurement-base-22.0.2.aar (com.google.android.gms:play-services-measurement-base:22.0.2) with ExtractAarTransform
Transforming play-services-measurement-base-22.0.2.aar (com.google.android.gms:play-services-measurement-base:22.0.2) with AarTransform
Transforming play-services-measurement-base-22.0.2.aar (com.google.android.gms:play-services-measurement-base:22.0.2) with JetifyTransform
Transforming play-services-measurement-base-22.0.2.aar (com.google.android.gms:play-services-measurement-base:22.0.2) with ExtractAarTransform
Transforming play-services-measurement-base-22.0.2.aar (com.google.android.gms:play-services-measurement-base:22.0.2) with AarTransform
Transforming play-services-measurement-base-22.0.2.aar (com.google.android.gms:play-services-measurement-base:22.0.2) with JetifyTransform
Transforming play-services-measurement-base-22.0.2.aar (com.google.android.gms:play-services-measurement-base:22.0.2) with ExtractAarTransform
Transforming play-services-measurement-base-22.0.2.aar (com.google.android.gms:play-services-measurement-base:22.0.2) with AarTransform
Transforming play-services-measurement-base-22.0.2.aar (com.google.android.gms:play-services-measurement-base:22.0.2) with JetifyTransform
Transforming play-services-measurement-base-22.0.2.aar (com.google.android.gms:play-services-measurement-base:22.0.2) with ExtractAarTransform
Transforming play-services-measurement-base-22.0.2.aar (com.google.android.gms:play-services-measurement-base:22.0.2) with AarTransform
Transforming play-services-stats-17.0.2.aar (com.google.android.gms:play-services-stats:17.0.2) with JetifyTransform
Transforming play-services-stats-17.0.2.aar (com.google.android.gms:play-services-stats:17.0.2) with ExtractAarTransform
Transforming play-services-stats-17.0.2.aar (com.google.android.gms:play-services-stats:17.0.2) with AarTransform
Transforming play-services-stats-17.0.2.aar (com.google.android.gms:play-services-stats:17.0.2) with JetifyTransform
Transforming play-services-stats-17.0.2.aar (com.google.android.gms:play-services-stats:17.0.2) with ExtractAarTransform
Transforming play-services-stats-17.0.2.aar (com.google.android.gms:play-services-stats:17.0.2) with AarTransform
Transforming material3-release.aar (androidx.compose.material3:material3-android:1.2.0) with JetifyTransform
Transforming material3-release.aar (androidx.compose.material3:material3-android:1.2.0) with ExtractAarTransform
Transforming material3-release.aar (androidx.compose.material3:material3-android:1.2.0) with AarTransform
Transforming material-ripple-release.aar (androidx.compose.material:material-ripple-android:1.6.2) with JetifyTransform
Transforming material-ripple-release.aar (androidx.compose.material:material-ripple-android:1.6.2) with ExtractAarTransform
Transforming material-ripple-release.aar (androidx.compose.material:material-ripple-android:1.6.2) with AarTransform
Transforming material-icons-core-release.aar (androidx.compose.material:material-icons-core-android:1.6.2) with JetifyTransform
Transforming material-icons-core-release.aar (androidx.compose.material:material-icons-core-android:1.6.2) with ExtractAarTransform
Transforming material-icons-core-release.aar (androidx.compose.material:material-icons-core-android:1.6.2) with AarTransform
Transforming material-release.aar (androidx.compose.material:material-android:1.6.2) with JetifyTransform
Transforming material-release.aar (androidx.compose.material:material-android:1.6.2) with ExtractAarTransform
Transforming material-release.aar (androidx.compose.material:material-android:1.6.2) with AarTransform
Transforming animation-core-release.aar (androidx.compose.animation:animation-core-android:1.6.2) with JetifyTransform
Transforming animation-core-release.aar (androidx.compose.animation:animation-core-android:1.6.2) with ExtractAarTransform
Transforming animation-core-release.aar (androidx.compose.animation:animation-core-android:1.6.2) with AarTransform
Transforming animation-release.aar (androidx.compose.animation:animation-android:1.6.2) with JetifyTransform
Transforming animation-release.aar (androidx.compose.animation:animation-android:1.6.2) with ExtractAarTransform
Transforming animation-release.aar (androidx.compose.animation:animation-android:1.6.2) with AarTransform
Transforming foundation-layout-release.aar (androidx.compose.foundation:foundation-layout-android:1.6.2) with JetifyTransform
Transforming foundation-layout-release.aar (androidx.compose.foundation:foundation-layout-android:1.6.2) with ExtractAarTransform
Transforming foundation-layout-release.aar (androidx.compose.foundation:foundation-layout-android:1.6.2) with AarTransform
Transforming foundation-release.aar (androidx.compose.foundation:foundation-android:1.6.2) with JetifyTransform
Transforming foundation-release.aar (androidx.compose.foundation:foundation-android:1.6.2) with ExtractAarTransform
Transforming foundation-release.aar (androidx.compose.foundation:foundation-android:1.6.2) with AarTransform
Transforming ui-tooling-data-release.aar (androidx.compose.ui:ui-tooling-data-android:1.6.2) with JetifyTransform
Transforming ui-tooling-data-release.aar (androidx.compose.ui:ui-tooling-data-android:1.6.2) with ExtractAarTransform
Transforming ui-tooling-data-release.aar (androidx.compose.ui:ui-tooling-data-android:1.6.2) with AarTransform
Transforming ui-unit-release.aar (androidx.compose.ui:ui-unit-android:1.6.2) with JetifyTransform
Transforming ui-unit-release.aar (androidx.compose.ui:ui-unit-android:1.6.2) with ExtractAarTransform
Transforming ui-unit-release.aar (androidx.compose.ui:ui-unit-android:1.6.2) with AarTransform
Transforming ui-geometry-release.aar (androidx.compose.ui:ui-geometry-android:1.6.2) with JetifyTransform
Transforming ui-geometry-release.aar (androidx.compose.ui:ui-geometry-android:1.6.2) with ExtractAarTransform
Transforming ui-geometry-release.aar (androidx.compose.ui:ui-geometry-android:1.6.2) with AarTransform
Transforming ui-util-release.aar (androidx.compose.ui:ui-util-android:1.6.2) with JetifyTransform
Transforming ui-util-release.aar (androidx.compose.ui:ui-util-android:1.6.2) with ExtractAarTransform
Transforming ui-util-release.aar (androidx.compose.ui:ui-util-android:1.6.2) with AarTransform
Transforming ui-text-release.aar (androidx.compose.ui:ui-text-android:1.6.2) with JetifyTransform
Transforming ui-text-release.aar (androidx.compose.ui:ui-text-android:1.6.2) with ExtractAarTransform
Transforming ui-text-release.aar (androidx.compose.ui:ui-text-android:1.6.2) with AarTransform
Transforming ui-tooling-preview-release.aar (androidx.compose.ui:ui-tooling-preview-android:1.6.2) with JetifyTransform
Transforming ui-tooling-preview-release.aar (androidx.compose.ui:ui-tooling-preview-android:1.6.2) with ExtractAarTransform
Transforming ui-tooling-preview-release.aar (androidx.compose.ui:ui-tooling-preview-android:1.6.2) with AarTransform
Transforming ui-graphics-release.aar (androidx.compose.ui:ui-graphics-android:1.6.2) with JetifyTransform
Transforming ui-graphics-release.aar (androidx.compose.ui:ui-graphics-android:1.6.2) with ExtractAarTransform
Transforming ui-graphics-release.aar (androidx.compose.ui:ui-graphics-android:1.6.2) with AarTransform
Transforming ui-tooling-release.aar (androidx.compose.ui:ui-tooling-android:1.6.2) with JetifyTransform
Transforming ui-tooling-release.aar (androidx.compose.ui:ui-tooling-android:1.6.2) with ExtractAarTransform
Transforming ui-tooling-release.aar (androidx.compose.ui:ui-tooling-android:1.6.2) with AarTransform
Transforming activity-compose-1.9.3.aar (androidx.activity:activity-compose:1.9.3) with JetifyTransform
Transforming activity-compose-1.9.3.aar (androidx.activity:activity-compose:1.9.3) with ExtractAarTransform
Transforming activity-compose-1.9.3.aar (androidx.activity:activity-compose:1.9.3) with AarTransform
Transforming emoji2-views-helper-1.3.0.aar (androidx.emoji2:emoji2-views-helper:1.3.0) with JetifyTransform
Transforming emoji2-views-helper-1.3.0.aar (androidx.emoji2:emoji2-views-helper:1.3.0) with ExtractAarTransform
Transforming emoji2-views-helper-1.3.0.aar (androidx.emoji2:emoji2-views-helper:1.3.0) with AarTransform
Transforming emoji2-1.3.0.aar (androidx.emoji2:emoji2:1.3.0) with JetifyTransform
Transforming emoji2-1.3.0.aar (androidx.emoji2:emoji2:1.3.0) with ExtractAarTransform
Transforming emoji2-1.3.0.aar (androidx.emoji2:emoji2:1.3.0) with AarTransform
Transforming slidingpanelayout-1.2.0.aar (androidx.slidingpanelayout:slidingpanelayout:1.2.0) with JetifyTransform
Transforming slidingpanelayout-1.2.0.aar (androidx.slidingpanelayout:slidingpanelayout:1.2.0) with ExtractAarTransform
Transforming slidingpanelayout-1.2.0.aar (androidx.slidingpanelayout:slidingpanelayout:1.2.0) with AarTransform
Transforming transition-1.5.0.aar (androidx.transition:transition:1.5.0) with JetifyTransform
Transforming transition-1.5.0.aar (androidx.transition:transition:1.5.0) with ExtractAarTransform
Transforming transition-1.5.0.aar (androidx.transition:transition:1.5.0) with AarTransform
Transforming dynamicanimation-1.0.0.aar (androidx.dynamicanimation:dynamicanimation:1.0.0) with JetifyTransform
Transforming dynamicanimation-1.0.0.aar (androidx.dynamicanimation:dynamicanimation:1.0.0) with ExtractAarTransform
Transforming dynamicanimation-1.0.0.aar (androidx.dynamicanimation:dynamicanimation:1.0.0) with AarTransform
Transforming legacy-support-core-utils-1.0.0.aar (androidx.legacy:legacy-support-core-utils:1.0.0) with JetifyTransform
Transforming legacy-support-core-utils-1.0.0.aar (androidx.legacy:legacy-support-core-utils:1.0.0) with ExtractAarTransform
Transforming legacy-support-core-utils-1.0.0.aar (androidx.legacy:legacy-support-core-utils:1.0.0) with AarTransform
Transforming legacy-support-core-utils-1.0.0.aar (androidx.legacy:legacy-support-core-utils:1.0.0) with JetifyTransform
Transforming legacy-support-core-utils-1.0.0.aar (androidx.legacy:legacy-support-core-utils:1.0.0) with ExtractAarTransform
Transforming legacy-support-core-utils-1.0.0.aar (androidx.legacy:legacy-support-core-utils:1.0.0) with AarTransform
Transforming legacy-support-core-utils-1.0.0.aar (androidx.legacy:legacy-support-core-utils:1.0.0) with JetifyTransform
Transforming legacy-support-core-utils-1.0.0.aar (androidx.legacy:legacy-support-core-utils:1.0.0) with ExtractAarTransform
Transforming legacy-support-core-utils-1.0.0.aar (androidx.legacy:legacy-support-core-utils:1.0.0) with AarTransform
Transforming loader-1.0.0.aar (androidx.loader:loader:1.0.0) with JetifyTransform
Transforming loader-1.0.0.aar (androidx.loader:loader:1.0.0) with ExtractAarTransform
Transforming loader-1.0.0.aar (androidx.loader:loader:1.0.0) with AarTransform
Transforming loader-1.0.0.aar (androidx.loader:loader:1.0.0) with JetifyTransform
Transforming loader-1.0.0.aar (androidx.loader:loader:1.0.0) with ExtractAarTransform
Transforming loader-1.0.0.aar (androidx.loader:loader:1.0.0) with AarTransform
Transforming drawerlayout-1.1.1.aar (androidx.drawerlayout:drawerlayout:1.1.1) with JetifyTransform
Transforming drawerlayout-1.1.1.aar (androidx.drawerlayout:drawerlayout:1.1.1) with ExtractAarTransform
Transforming drawerlayout-1.1.1.aar (androidx.drawerlayout:drawerlayout:1.1.1) with AarTransform
Transforming coordinatorlayout-1.1.0.aar (androidx.coordinatorlayout:coordinatorlayout:1.1.0) with JetifyTransform
Transforming coordinatorlayout-1.1.0.aar (androidx.coordinatorlayout:coordinatorlayout:1.1.0) with ExtractAarTransform
Transforming coordinatorlayout-1.1.0.aar (androidx.coordinatorlayout:coordinatorlayout:1.1.0) with AarTransform
Transforming vectordrawable-animated-1.1.0.aar (androidx.vectordrawable:vectordrawable-animated:1.1.0) with JetifyTransform
Transforming vectordrawable-animated-1.1.0.aar (androidx.vectordrawable:vectordrawable-animated:1.1.0) with ExtractAarTransform
Transforming vectordrawable-animated-1.1.0.aar (androidx.vectordrawable:vectordrawable-animated:1.1.0) with AarTransform
Transforming vectordrawable-1.1.0.aar (androidx.vectordrawable:vectordrawable:1.1.0) with JetifyTransform
Transforming vectordrawable-1.1.0.aar (androidx.vectordrawable:vectordrawable:1.1.0) with ExtractAarTransform
Transforming vectordrawable-1.1.0.aar (androidx.vectordrawable:vectordrawable:1.1.0) with AarTransform
Transforming vectordrawable-1.1.0.aar (androidx.vectordrawable:vectordrawable:1.1.0) with JetifyTransform
Transforming vectordrawable-1.1.0.aar (androidx.vectordrawable:vectordrawable:1.1.0) with ExtractAarTransform
Transforming vectordrawable-1.1.0.aar (androidx.vectordrawable:vectordrawable:1.1.0) with AarTransform
Transforming media-1.7.0.aar (androidx.media:media:1.7.0) with JetifyTransform
Transforming media-1.7.0.aar (androidx.media:media:1.7.0) with ExtractAarTransform
Transforming media-1.7.0.aar (androidx.media:media:1.7.0) with AarTransform
Transforming viewpager-1.0.0.aar (androidx.viewpager:viewpager:1.0.0) with JetifyTransform
Transforming viewpager-1.0.0.aar (androidx.viewpager:viewpager:1.0.0) with ExtractAarTransform
Transforming viewpager-1.0.0.aar (androidx.viewpager:viewpager:1.0.0) with AarTransform
Transforming customview-1.1.0.aar (androidx.customview:customview:1.1.0) with JetifyTransform
Transforming customview-1.1.0.aar (androidx.customview:customview:1.1.0) with ExtractAarTransform
Transforming customview-1.1.0.aar (androidx.customview:customview:1.1.0) with AarTransform
Transforming customview-1.1.0.aar (androidx.customview:customview:1.1.0) with JetifyTransform
Transforming customview-1.1.0.aar (androidx.customview:customview:1.1.0) with ExtractAarTransform
Transforming customview-1.1.0.aar (androidx.customview:customview:1.1.0) with AarTransform
Transforming customview-1.1.0.aar (androidx.customview:customview:1.1.0) with JetifyTransform
Transforming customview-1.1.0.aar (androidx.customview:customview:1.1.0) with ExtractAarTransform
Transforming customview-1.1.0.aar (androidx.customview:customview:1.1.0) with AarTransform
Transforming customview-1.1.0.aar (androidx.customview:customview:1.1.0) with JetifyTransform
Transforming customview-1.1.0.aar (androidx.customview:customview:1.1.0) with ExtractAarTransform
Transforming customview-1.1.0.aar (androidx.customview:customview:1.1.0) with AarTransform
Transforming autofill-1.0.0.aar (androidx.autofill:autofill:1.0.0) with JetifyTransform
Transforming autofill-1.0.0.aar (androidx.autofill:autofill:1.0.0) with ExtractAarTransform
Transforming autofill-1.0.0.aar (androidx.autofill:autofill:1.0.0) with AarTransform
Transforming window-1.0.0.aar (androidx.window:window:1.0.0) with JetifyTransform
Transforming window-1.0.0.aar (androidx.window:window:1.0.0) with ExtractAarTransform
Transforming window-1.0.0.aar (androidx.window:window:1.0.0) with AarTransform
Transforming core-1.13.1.aar (androidx.core:core:1.13.1) with JetifyTransform
Transforming core-1.13.1.aar (androidx.core:core:1.13.1) with ExtractAarTransform
Transforming core-1.13.1.aar (androidx.core:core:1.13.1) with AarTransform
Transforming core-1.13.1.aar (androidx.core:core:1.13.1) with JetifyTransform
Transforming core-1.13.1.aar (androidx.core:core:1.13.1) with ExtractAarTransform
Transforming core-1.13.1.aar (androidx.core:core:1.13.1) with AarTransform
Transforming core-1.13.1.aar (androidx.core:core:1.13.1) with JetifyTransform
Transforming core-1.13.1.aar (androidx.core:core:1.13.1) with ExtractAarTransform
Transforming core-1.13.1.aar (androidx.core:core:1.13.1) with AarTransform
Transforming core-1.13.1.aar (androidx.core:core:1.13.1) with JetifyTransform
Transforming core-1.13.1.aar (androidx.core:core:1.13.1) with ExtractAarTransform
Transforming core-1.13.1.aar (androidx.core:core:1.13.1) with AarTransform
Transforming core-1.13.1.aar (androidx.core:core:1.13.1) with JetifyTransform
Transforming core-1.13.1.aar (androidx.core:core:1.13.1) with ExtractAarTransform
Transforming core-1.13.1.aar (androidx.core:core:1.13.1) with AarTransform
Transforming core-1.13.1.aar (androidx.core:core:1.13.1) with JetifyTransform
Transforming core-1.13.1.aar (androidx.core:core:1.13.1) with ExtractAarTransform
Transforming core-1.13.1.aar (androidx.core:core:1.13.1) with AarTransform
Transforming core-1.13.1.aar (androidx.core:core:1.13.1) with JetifyTransform
Transforming core-1.13.1.aar (androidx.core:core:1.13.1) with ExtractAarTransform
Transforming core-1.13.1.aar (androidx.core:core:1.13.1) with AarTransform
Transforming core-1.13.1.aar (androidx.core:core:1.13.1) with JetifyTransform
Transforming core-1.13.1.aar (androidx.core:core:1.13.1) with ExtractAarTransform
Transforming core-1.13.1.aar (androidx.core:core:1.13.1) with AarTransform
Transforming core-1.13.1.aar (androidx.core:core:1.13.1) with JetifyTransform
Transforming core-1.13.1.aar (androidx.core:core:1.13.1) with ExtractAarTransform
Transforming core-1.13.1.aar (androidx.core:core:1.13.1) with AarTransform
Transforming core-1.13.1.aar (androidx.core:core:1.13.1) with JetifyTransform
Transforming core-1.13.1.aar (androidx.core:core:1.13.1) with ExtractAarTransform
Transforming core-1.13.1.aar (androidx.core:core:1.13.1) with AarTransform
Transforming core-1.13.1.aar (androidx.core:core:1.13.1) with JetifyTransform
Transforming core-1.13.1.aar (androidx.core:core:1.13.1) with ExtractAarTransform
Transforming core-1.13.1.aar (androidx.core:core:1.13.1) with AarTransform
Transforming core-1.13.1.aar (androidx.core:core:1.13.1) with JetifyTransform
Transforming core-1.13.1.aar (androidx.core:core:1.13.1) with ExtractAarTransform
Transforming core-1.13.1.aar (androidx.core:core:1.13.1) with AarTransform
Transforming core-1.13.1.aar (androidx.core:core:1.13.1) with JetifyTransform
Transforming core-1.13.1.aar (androidx.core:core:1.13.1) with ExtractAarTransform
Transforming core-1.13.1.aar (androidx.core:core:1.13.1) with AarTransform
Transforming savedstate-ktx-1.2.1.aar (androidx.savedstate:savedstate-ktx:1.2.1) with JetifyTransform
Transforming savedstate-ktx-1.2.1.aar (androidx.savedstate:savedstate-ktx:1.2.1) with ExtractAarTransform
Transforming savedstate-ktx-1.2.1.aar (androidx.savedstate:savedstate-ktx:1.2.1) with AarTransform
Transforming savedstate-1.2.1.aar (androidx.savedstate:savedstate:1.2.1) with JetifyTransform
Transforming savedstate-1.2.1.aar (androidx.savedstate:savedstate:1.2.1) with ExtractAarTransform
Transforming savedstate-1.2.1.aar (androidx.savedstate:savedstate:1.2.1) with AarTransform
Transforming lifecycle-service-2.8.7.aar (androidx.lifecycle:lifecycle-service:2.8.7) with JetifyTransform
Transforming lifecycle-service-2.8.7.aar (androidx.lifecycle:lifecycle-service:2.8.7) with ExtractAarTransform
Transforming lifecycle-service-2.8.7.aar (androidx.lifecycle:lifecycle-service:2.8.7) with AarTransform
Transforming lifecycle-runtime-release.aar (androidx.lifecycle:lifecycle-runtime-android:2.8.7) with JetifyTransform
Transforming lifecycle-runtime-release.aar (androidx.lifecycle:lifecycle-runtime-android:2.8.7) with ExtractAarTransform
Transforming lifecycle-runtime-release.aar (androidx.lifecycle:lifecycle-runtime-android:2.8.7) with AarTransform
Transforming lifecycle-viewmodel-2.8.7.aar (androidx.lifecycle:lifecycle-viewmodel:2.8.7) with JetifyTransform
Transforming lifecycle-viewmodel-2.8.7.aar (androidx.lifecycle:lifecycle-viewmodel:2.8.7) with ExtractAarTransform
Transforming lifecycle-viewmodel-2.8.7.aar (androidx.lifecycle:lifecycle-viewmodel:2.8.7) with AarTransform
Transforming lifecycle-viewmodel-release.aar (androidx.lifecycle:lifecycle-viewmodel-android:2.8.7) with JetifyTransform
Transforming lifecycle-viewmodel-release.aar (androidx.lifecycle:lifecycle-viewmodel-android:2.8.7) with ExtractAarTransform
Transforming lifecycle-viewmodel-release.aar (androidx.lifecycle:lifecycle-viewmodel-android:2.8.7) with AarTransform
Transforming lifecycle-livedata-core-2.8.7.aar (androidx.lifecycle:lifecycle-livedata-core:2.8.7) with JetifyTransform
Transforming lifecycle-livedata-core-2.8.7.aar (androidx.lifecycle:lifecycle-livedata-core:2.8.7) with ExtractAarTransform
Transforming lifecycle-livedata-core-2.8.7.aar (androidx.lifecycle:lifecycle-livedata-core:2.8.7) with AarTransform
Transforming lifecycle-process-2.8.7.aar (androidx.lifecycle:lifecycle-process:2.8.7) with JetifyTransform
Transforming lifecycle-process-2.8.7.aar (androidx.lifecycle:lifecycle-process:2.8.7) with ExtractAarTransform
Transforming lifecycle-process-2.8.7.aar (androidx.lifecycle:lifecycle-process:2.8.7) with AarTransform
Transforming lifecycle-runtime-compose-release.aar (androidx.lifecycle:lifecycle-runtime-compose-android:2.8.7) with JetifyTransform
Transforming lifecycle-runtime-compose-release.aar (androidx.lifecycle:lifecycle-runtime-compose-android:2.8.7) with ExtractAarTransform
Transforming lifecycle-runtime-compose-release.aar (androidx.lifecycle:lifecycle-runtime-compose-android:2.8.7) with AarTransform
Transforming lifecycle-viewmodel-compose-release.aar (androidx.lifecycle:lifecycle-viewmodel-compose-android:2.8.7) with JetifyTransform
Transforming lifecycle-viewmodel-compose-release.aar (androidx.lifecycle:lifecycle-viewmodel-compose-android:2.8.7) with ExtractAarTransform
Transforming lifecycle-viewmodel-compose-release.aar (androidx.lifecycle:lifecycle-viewmodel-compose-android:2.8.7) with AarTransform
Transforming accompanist-drawablepainter-0.32.0.aar (com.google.accompanist:accompanist-drawablepainter:0.32.0) with JetifyTransform
Transforming accompanist-drawablepainter-0.32.0.aar (com.google.accompanist:accompanist-drawablepainter:0.32.0) with ExtractAarTransform
Transforming accompanist-drawablepainter-0.32.0.aar (com.google.accompanist:accompanist-drawablepainter:0.32.0) with AarTransform
Transforming ui-release.aar (androidx.compose.ui:ui-android:1.6.2) with JetifyTransform
Transforming ui-release.aar (androidx.compose.ui:ui-android:1.6.2) with ExtractAarTransform
Transforming ui-release.aar (androidx.compose.ui:ui-android:1.6.2) with AarTransform
Transforming ui-test-manifest-1.6.2.aar (androidx.compose.ui:ui-test-manifest:1.6.2) with JetifyTransform
Transforming ui-test-manifest-1.6.2.aar (androidx.compose.ui:ui-test-manifest:1.6.2) with ExtractAarTransform
Transforming ui-test-manifest-1.6.2.aar (androidx.compose.ui:ui-test-manifest:1.6.2) with AarTransform
Transforming activity-1.9.3.aar (androidx.activity:activity:1.9.3) with JetifyTransform
Transforming activity-1.9.3.aar (androidx.activity:activity:1.9.3) with ExtractAarTransform
Transforming activity-1.9.3.aar (androidx.activity:activity:1.9.3) with AarTransform
Transforming lifecycle-viewmodel-savedstate-2.8.7.aar (androidx.lifecycle:lifecycle-viewmodel-savedstate:2.8.7) with JetifyTransform
Transforming lifecycle-viewmodel-savedstate-2.8.7.aar (androidx.lifecycle:lifecycle-viewmodel-savedstate:2.8.7) with ExtractAarTransform
Transforming lifecycle-viewmodel-savedstate-2.8.7.aar (androidx.lifecycle:lifecycle-viewmodel-savedstate:2.8.7) with AarTransform
Transforming lifecycle-runtime-ktx-release.aar (androidx.lifecycle:lifecycle-runtime-ktx-android:2.8.7) with JetifyTransform
Transforming lifecycle-runtime-ktx-release.aar (androidx.lifecycle:lifecycle-runtime-ktx-android:2.8.7) with ExtractAarTransform
Transforming lifecycle-runtime-ktx-release.aar (androidx.lifecycle:lifecycle-runtime-ktx-android:2.8.7) with AarTransform
Transforming lifecycle-livedata-2.8.7.aar (androidx.lifecycle:lifecycle-livedata:2.8.7) with JetifyTransform
Transforming lifecycle-livedata-2.8.7.aar (androidx.lifecycle:lifecycle-livedata:2.8.7) with ExtractAarTransform
Transforming lifecycle-livedata-2.8.7.aar (androidx.lifecycle:lifecycle-livedata:2.8.7) with AarTransform
Transforming lifecycle-livedata-2.8.7.aar (androidx.lifecycle:lifecycle-livedata:2.8.7) with JetifyTransform
Transforming lifecycle-livedata-2.8.7.aar (androidx.lifecycle:lifecycle-livedata:2.8.7) with ExtractAarTransform
Transforming lifecycle-livedata-2.8.7.aar (androidx.lifecycle:lifecycle-livedata:2.8.7) with AarTransform
Transforming lifecycle-livedata-core-ktx-2.8.7.aar (androidx.lifecycle:lifecycle-livedata-core-ktx:2.8.7) with JetifyTransform
Transforming lifecycle-livedata-core-ktx-2.8.7.aar (androidx.lifecycle:lifecycle-livedata-core-ktx:2.8.7) with ExtractAarTransform
Transforming lifecycle-livedata-core-ktx-2.8.7.aar (androidx.lifecycle:lifecycle-livedata-core-ktx:2.8.7) with AarTransform
Transforming lifecycle-livedata-ktx-2.8.7.aar (androidx.lifecycle:lifecycle-livedata-ktx:2.8.7) with JetifyTransform
Transforming lifecycle-livedata-ktx-2.8.7.aar (androidx.lifecycle:lifecycle-livedata-ktx:2.8.7) with ExtractAarTransform
Transforming lifecycle-livedata-ktx-2.8.7.aar (androidx.lifecycle:lifecycle-livedata-ktx:2.8.7) with AarTransform
Transforming lifecycle-viewmodel-ktx-2.8.7.aar (androidx.lifecycle:lifecycle-viewmodel-ktx:2.8.7) with JetifyTransform
Transforming lifecycle-viewmodel-ktx-2.8.7.aar (androidx.lifecycle:lifecycle-viewmodel-ktx:2.8.7) with ExtractAarTransform
Transforming lifecycle-viewmodel-ktx-2.8.7.aar (androidx.lifecycle:lifecycle-viewmodel-ktx:2.8.7) with AarTransform
Transforming runtime-saveable-release.aar (androidx.compose.runtime:runtime-saveable-android:1.7.1) with JetifyTransform
Transforming runtime-saveable-release.aar (androidx.compose.runtime:runtime-saveable-android:1.7.1) with ExtractAarTransform
Transforming runtime-saveable-release.aar (androidx.compose.runtime:runtime-saveable-android:1.7.1) with AarTransform
Transforming runtime-release.aar (androidx.compose.runtime:runtime-android:1.7.1) with JetifyTransform
Transforming runtime-release.aar (androidx.compose.runtime:runtime-android:1.7.1) with ExtractAarTransform
Transforming runtime-release.aar (androidx.compose.runtime:runtime-android:1.7.1) with AarTransform
Transforming ads-adservices-java-1.0.0-beta05.aar (androidx.privacysandbox.ads:ads-adservices-java:1.0.0-beta05) with JetifyTransform
Transforming ads-adservices-java-1.0.0-beta05.aar (androidx.privacysandbox.ads:ads-adservices-java:1.0.0-beta05) with ExtractAarTransform
Transforming ads-adservices-java-1.0.0-beta05.aar (androidx.privacysandbox.ads:ads-adservices-java:1.0.0-beta05) with AarTransform
Transforming ads-adservices-1.0.0-beta05.aar (androidx.privacysandbox.ads:ads-adservices:1.0.0-beta05) with JetifyTransform
Transforming ads-adservices-1.0.0-beta05.aar (androidx.privacysandbox.ads:ads-adservices:1.0.0-beta05) with ExtractAarTransform
Transforming ads-adservices-1.0.0-beta05.aar (androidx.privacysandbox.ads:ads-adservices:1.0.0-beta05) with AarTransform
Transforming ads-adservices-1.0.0-beta05.aar (androidx.privacysandbox.ads:ads-adservices:1.0.0-beta05) with JetifyTransform
Transforming ads-adservices-1.0.0-beta05.aar (androidx.privacysandbox.ads:ads-adservices:1.0.0-beta05) with ExtractAarTransform
Transforming ads-adservices-1.0.0-beta05.aar (androidx.privacysandbox.ads:ads-adservices:1.0.0-beta05) with AarTransform
Transforming firebase-installations-interop-17.1.1.aar (com.google.firebase:firebase-installations-interop:17.1.1) with JetifyTransform
Transforming firebase-installations-interop-17.1.1.aar (com.google.firebase:firebase-installations-interop:17.1.1) with ExtractAarTransform
Transforming firebase-installations-interop-17.1.1.aar (com.google.firebase:firebase-installations-interop:17.1.1) with AarTransform
Transforming firebase-installations-interop-17.1.1.aar (com.google.firebase:firebase-installations-interop:17.1.1) with JetifyTransform
Transforming firebase-installations-interop-17.1.1.aar (com.google.firebase:firebase-installations-interop:17.1.1) with ExtractAarTransform
Transforming firebase-installations-interop-17.1.1.aar (com.google.firebase:firebase-installations-interop:17.1.1) with AarTransform
Transforming play-services-tasks-18.2.0.aar (com.google.android.gms:play-services-tasks:18.2.0) with JetifyTransform
Transforming play-services-tasks-18.2.0.aar (com.google.android.gms:play-services-tasks:18.2.0) with ExtractAarTransform
Transforming play-services-tasks-18.2.0.aar (com.google.android.gms:play-services-tasks:18.2.0) with AarTransform
Transforming play-services-tasks-18.2.0.aar (com.google.android.gms:play-services-tasks:18.2.0) with JetifyTransform
Transforming play-services-tasks-18.2.0.aar (com.google.android.gms:play-services-tasks:18.2.0) with ExtractAarTransform
Transforming play-services-tasks-18.2.0.aar (com.google.android.gms:play-services-tasks:18.2.0) with AarTransform
Transforming play-services-tasks-18.2.0.aar (com.google.android.gms:play-services-tasks:18.2.0) with JetifyTransform
Transforming play-services-tasks-18.2.0.aar (com.google.android.gms:play-services-tasks:18.2.0) with ExtractAarTransform
Transforming play-services-tasks-18.2.0.aar (com.google.android.gms:play-services-tasks:18.2.0) with AarTransform
Transforming play-services-tasks-18.2.0.aar (com.google.android.gms:play-services-tasks:18.2.0) with JetifyTransform
Transforming play-services-tasks-18.2.0.aar (com.google.android.gms:play-services-tasks:18.2.0) with ExtractAarTransform
Transforming play-services-tasks-18.2.0.aar (com.google.android.gms:play-services-tasks:18.2.0) with AarTransform
Transforming play-services-tasks-18.2.0.aar (com.google.android.gms:play-services-tasks:18.2.0) with JetifyTransform
Transforming play-services-tasks-18.2.0.aar (com.google.android.gms:play-services-tasks:18.2.0) with ExtractAarTransform
Transforming play-services-tasks-18.2.0.aar (com.google.android.gms:play-services-tasks:18.2.0) with AarTransform
Transforming play-services-tasks-18.2.0.aar (com.google.android.gms:play-services-tasks:18.2.0) with JetifyTransform
Transforming play-services-tasks-18.2.0.aar (com.google.android.gms:play-services-tasks:18.2.0) with ExtractAarTransform
Transforming play-services-tasks-18.2.0.aar (com.google.android.gms:play-services-tasks:18.2.0) with AarTransform
Transforming play-services-tasks-18.2.0.aar (com.google.android.gms:play-services-tasks:18.2.0) with JetifyTransform
Transforming play-services-tasks-18.2.0.aar (com.google.android.gms:play-services-tasks:18.2.0) with ExtractAarTransform
Transforming play-services-tasks-18.2.0.aar (com.google.android.gms:play-services-tasks:18.2.0) with AarTransform
Transforming play-services-tasks-18.2.0.aar (com.google.android.gms:play-services-tasks:18.2.0) with JetifyTransform
Transforming play-services-tasks-18.2.0.aar (com.google.android.gms:play-services-tasks:18.2.0) with ExtractAarTransform
Transforming play-services-tasks-18.2.0.aar (com.google.android.gms:play-services-tasks:18.2.0) with AarTransform
Transforming play-services-tasks-18.2.0.aar (com.google.android.gms:play-services-tasks:18.2.0) with JetifyTransform
Transforming play-services-tasks-18.2.0.aar (com.google.android.gms:play-services-tasks:18.2.0) with ExtractAarTransform
Transforming play-services-tasks-18.2.0.aar (com.google.android.gms:play-services-tasks:18.2.0) with AarTransform
Transforming firebase-measurement-connector-19.0.0.aar (com.google.firebase:firebase-measurement-connector:19.0.0) with JetifyTransform
Transforming firebase-measurement-connector-19.0.0.aar (com.google.firebase:firebase-measurement-connector:19.0.0) with ExtractAarTransform
Transforming firebase-measurement-connector-19.0.0.aar (com.google.firebase:firebase-measurement-connector:19.0.0) with AarTransform
Transforming play-services-basement-18.4.0.aar (com.google.android.gms:play-services-basement:18.4.0) with JetifyTransform
Transforming play-services-basement-18.4.0.aar (com.google.android.gms:play-services-basement:18.4.0) with ExtractAarTransform
Transforming play-services-basement-18.4.0.aar (com.google.android.gms:play-services-basement:18.4.0) with AarTransform
Transforming play-services-basement-18.4.0.aar (com.google.android.gms:play-services-basement:18.4.0) with JetifyTransform
Transforming play-services-basement-18.4.0.aar (com.google.android.gms:play-services-basement:18.4.0) with ExtractAarTransform
Transforming play-services-basement-18.4.0.aar (com.google.android.gms:play-services-basement:18.4.0) with AarTransform
Transforming play-services-basement-18.4.0.aar (com.google.android.gms:play-services-basement:18.4.0) with JetifyTransform
Transforming play-services-basement-18.4.0.aar (com.google.android.gms:play-services-basement:18.4.0) with ExtractAarTransform
Transforming play-services-basement-18.4.0.aar (com.google.android.gms:play-services-basement:18.4.0) with AarTransform
Transforming play-services-basement-18.4.0.aar (com.google.android.gms:play-services-basement:18.4.0) with JetifyTransform
Transforming play-services-basement-18.4.0.aar (com.google.android.gms:play-services-basement:18.4.0) with ExtractAarTransform
Transforming play-services-basement-18.4.0.aar (com.google.android.gms:play-services-basement:18.4.0) with AarTransform
Transforming play-services-basement-18.4.0.aar (com.google.android.gms:play-services-basement:18.4.0) with JetifyTransform
Transforming play-services-basement-18.4.0.aar (com.google.android.gms:play-services-basement:18.4.0) with ExtractAarTransform
Transforming play-services-basement-18.4.0.aar (com.google.android.gms:play-services-basement:18.4.0) with AarTransform
Transforming play-services-basement-18.4.0.aar (com.google.android.gms:play-services-basement:18.4.0) with JetifyTransform
Transforming play-services-basement-18.4.0.aar (com.google.android.gms:play-services-basement:18.4.0) with ExtractAarTransform
Transforming play-services-basement-18.4.0.aar (com.google.android.gms:play-services-basement:18.4.0) with AarTransform
Transforming play-services-basement-18.4.0.aar (com.google.android.gms:play-services-basement:18.4.0) with JetifyTransform
Transforming play-services-basement-18.4.0.aar (com.google.android.gms:play-services-basement:18.4.0) with ExtractAarTransform
Transforming play-services-basement-18.4.0.aar (com.google.android.gms:play-services-basement:18.4.0) with AarTransform
Transforming play-services-basement-18.4.0.aar (com.google.android.gms:play-services-basement:18.4.0) with JetifyTransform
Transforming play-services-basement-18.4.0.aar (com.google.android.gms:play-services-basement:18.4.0) with ExtractAarTransform
Transforming play-services-basement-18.4.0.aar (com.google.android.gms:play-services-basement:18.4.0) with AarTransform
Transforming play-services-basement-18.4.0.aar (com.google.android.gms:play-services-basement:18.4.0) with JetifyTransform
Transforming play-services-basement-18.4.0.aar (com.google.android.gms:play-services-basement:18.4.0) with ExtractAarTransform
Transforming play-services-basement-18.4.0.aar (com.google.android.gms:play-services-basement:18.4.0) with AarTransform
Transforming play-services-basement-18.4.0.aar (com.google.android.gms:play-services-basement:18.4.0) with JetifyTransform
Transforming play-services-basement-18.4.0.aar (com.google.android.gms:play-services-basement:18.4.0) with ExtractAarTransform
Transforming play-services-basement-18.4.0.aar (com.google.android.gms:play-services-basement:18.4.0) with AarTransform
Transforming play-services-basement-18.4.0.aar (com.google.android.gms:play-services-basement:18.4.0) with JetifyTransform
Transforming play-services-basement-18.4.0.aar (com.google.android.gms:play-services-basement:18.4.0) with ExtractAarTransform
Transforming play-services-basement-18.4.0.aar (com.google.android.gms:play-services-basement:18.4.0) with AarTransform
Transforming play-services-basement-18.4.0.aar (com.google.android.gms:play-services-basement:18.4.0) with JetifyTransform
Transforming play-services-basement-18.4.0.aar (com.google.android.gms:play-services-basement:18.4.0) with ExtractAarTransform
Transforming play-services-basement-18.4.0.aar (com.google.android.gms:play-services-basement:18.4.0) with AarTransform
Transforming play-services-basement-18.4.0.aar (com.google.android.gms:play-services-basement:18.4.0) with JetifyTransform
Transforming play-services-basement-18.4.0.aar (com.google.android.gms:play-services-basement:18.4.0) with ExtractAarTransform
Transforming play-services-basement-18.4.0.aar (com.google.android.gms:play-services-basement:18.4.0) with AarTransform
Transforming play-services-basement-18.4.0.aar (com.google.android.gms:play-services-basement:18.4.0) with JetifyTransform
Transforming play-services-basement-18.4.0.aar (com.google.android.gms:play-services-basement:18.4.0) with ExtractAarTransform
Transforming play-services-basement-18.4.0.aar (com.google.android.gms:play-services-basement:18.4.0) with AarTransform
Transforming fragment-1.8.5.aar (androidx.fragment:fragment:1.8.5) with JetifyTransform
Transforming fragment-1.8.5.aar (androidx.fragment:fragment:1.8.5) with ExtractAarTransform
Transforming fragment-1.8.5.aar (androidx.fragment:fragment:1.8.5) with AarTransform
Transforming fragment-1.8.5.aar (androidx.fragment:fragment:1.8.5) with JetifyTransform
Transforming fragment-1.8.5.aar (androidx.fragment:fragment:1.8.5) with ExtractAarTransform
Transforming fragment-1.8.5.aar (androidx.fragment:fragment:1.8.5) with AarTransform
Transforming fragment-1.8.5.aar (androidx.fragment:fragment:1.8.5) with JetifyTransform
Transforming fragment-1.8.5.aar (androidx.fragment:fragment:1.8.5) with ExtractAarTransform
Transforming fragment-1.8.5.aar (androidx.fragment:fragment:1.8.5) with AarTransform
Transforming fragment-ktx-1.8.5.aar (androidx.fragment:fragment-ktx:1.8.5) with JetifyTransform
Transforming fragment-ktx-1.8.5.aar (androidx.fragment:fragment-ktx:1.8.5) with ExtractAarTransform
Transforming fragment-ktx-1.8.5.aar (androidx.fragment:fragment-ktx:1.8.5) with AarTransform
Transforming activity-ktx-1.9.3.aar (androidx.activity:activity-ktx:1.9.3) with JetifyTransform
Transforming activity-ktx-1.9.3.aar (androidx.activity:activity-ktx:1.9.3) with ExtractAarTransform
Transforming activity-ktx-1.9.3.aar (androidx.activity:activity-ktx:1.9.3) with AarTransform
Transforming customview-poolingcontainer-1.0.0.aar (androidx.customview:customview-poolingcontainer:1.0.0) with JetifyTransform
Transforming customview-poolingcontainer-1.0.0.aar (androidx.customview:customview-poolingcontainer:1.0.0) with ExtractAarTransform
Transforming customview-poolingcontainer-1.0.0.aar (androidx.customview:customview-poolingcontainer:1.0.0) with AarTransform
Transforming core-ktx-1.13.1.aar (androidx.core:core-ktx:1.13.1) with JetifyTransform
Transforming core-ktx-1.13.1.aar (androidx.core:core-ktx:1.13.1) with ExtractAarTransform
Transforming core-ktx-1.13.1.aar (androidx.core:core-ktx:1.13.1) with AarTransform
Transforming flexbox-3.0.0.aar (com.google.android.flexbox:flexbox:3.0.0) with JetifyTransform
Transforming flexbox-3.0.0.aar (com.google.android.flexbox:flexbox:3.0.0) with ExtractAarTransform
Transforming flexbox-3.0.0.aar (com.google.android.flexbox:flexbox:3.0.0) with AarTransform
Transforming sqlite-framework-2.4.0.aar (androidx.sqlite:sqlite-framework:2.4.0) with JetifyTransform
Transforming sqlite-framework-2.4.0.aar (androidx.sqlite:sqlite-framework:2.4.0) with ExtractAarTransform
Transforming sqlite-framework-2.4.0.aar (androidx.sqlite:sqlite-framework:2.4.0) with AarTransform
Transforming sqlite-2.4.0.aar (androidx.sqlite:sqlite:2.4.0) with JetifyTransform
Transforming sqlite-2.4.0.aar (androidx.sqlite:sqlite:2.4.0) with ExtractAarTransform
Transforming sqlite-2.4.0.aar (androidx.sqlite:sqlite:2.4.0) with AarTransform
Transforming security-crypto-1.1.0-alpha06.aar (androidx.security:security-crypto:1.1.0-alpha06) with JetifyTransform
Transforming security-crypto-1.1.0-alpha06.aar (androidx.security:security-crypto:1.1.0-alpha06) with ExtractAarTransform
Transforming security-crypto-1.1.0-alpha06.aar (androidx.security:security-crypto:1.1.0-alpha06) with AarTransform
Transforming cursoradapter-1.0.0.aar (androidx.cursoradapter:cursoradapter:1.0.0) with JetifyTransform
Transforming cursoradapter-1.0.0.aar (androidx.cursoradapter:cursoradapter:1.0.0) with ExtractAarTransform
Transforming cursoradapter-1.0.0.aar (androidx.cursoradapter:cursoradapter:1.0.0) with AarTransform
Transforming profileinstaller-1.3.1.aar (androidx.profileinstaller:profileinstaller:1.3.1) with JetifyTransform
Transforming profileinstaller-1.3.1.aar (androidx.profileinstaller:profileinstaller:1.3.1) with ExtractAarTransform
Transforming profileinstaller-1.3.1.aar (androidx.profileinstaller:profileinstaller:1.3.1) with AarTransform
Transforming cardview-1.0.0.aar (androidx.cardview:cardview:1.0.0) with JetifyTransform
Transforming cardview-1.0.0.aar (androidx.cardview:cardview:1.0.0) with ExtractAarTransform
Transforming cardview-1.0.0.aar (androidx.cardview:cardview:1.0.0) with AarTransform
Transforming core-runtime-2.2.0.aar (androidx.arch.core:core-runtime:2.2.0) with JetifyTransform
Transforming core-runtime-2.2.0.aar (androidx.arch.core:core-runtime:2.2.0) with ExtractAarTransform
Transforming core-runtime-2.2.0.aar (androidx.arch.core:core-runtime:2.2.0) with AarTransform
Transforming gifdecoder-4.16.0.aar (com.github.bumptech.glide:gifdecoder:4.16.0) with JetifyTransform
Transforming gifdecoder-4.16.0.aar (com.github.bumptech.glide:gifdecoder:4.16.0) with ExtractAarTransform
Transforming gifdecoder-4.16.0.aar (com.github.bumptech.glide:gifdecoder:4.16.0) with AarTransform
Transforming startup-runtime-1.1.1.aar (androidx.startup:startup-runtime:1.1.1) with JetifyTransform
Transforming startup-runtime-1.1.1.aar (androidx.startup:startup-runtime:1.1.1) with ExtractAarTransform
Transforming startup-runtime-1.1.1.aar (androidx.startup:startup-runtime:1.1.1) with AarTransform
Transforming tracing-1.0.0.aar (androidx.tracing:tracing:1.0.0) with JetifyTransform
Transforming tracing-1.0.0.aar (androidx.tracing:tracing:1.0.0) with ExtractAarTransform
Transforming tracing-1.0.0.aar (androidx.tracing:tracing:1.0.0) with AarTransform
Transforming firebase-components-18.0.0.aar (com.google.firebase:firebase-components:18.0.0) with JetifyTransform
Transforming firebase-components-18.0.0.aar (com.google.firebase:firebase-components:18.0.0) with ExtractAarTransform
Transforming firebase-components-18.0.0.aar (com.google.firebase:firebase-components:18.0.0) with AarTransform
Transforming firebase-components-18.0.0.aar (com.google.firebase:firebase-components:18.0.0) with JetifyTransform
Transforming firebase-components-18.0.0.aar (com.google.firebase:firebase-components:18.0.0) with ExtractAarTransform
Transforming firebase-components-18.0.0.aar (com.google.firebase:firebase-components:18.0.0) with AarTransform
Transforming firebase-components-18.0.0.aar (com.google.firebase:firebase-components:18.0.0) with JetifyTransform
Transforming firebase-components-18.0.0.aar (com.google.firebase:firebase-components:18.0.0) with ExtractAarTransform
Transforming firebase-components-18.0.0.aar (com.google.firebase:firebase-components:18.0.0) with AarTransform
Transforming firebase-components-18.0.0.aar (com.google.firebase:firebase-components:18.0.0) with JetifyTransform
Transforming firebase-components-18.0.0.aar (com.google.firebase:firebase-components:18.0.0) with ExtractAarTransform
Transforming firebase-components-18.0.0.aar (com.google.firebase:firebase-components:18.0.0) with AarTransform
Transforming firebase-components-18.0.0.aar (com.google.firebase:firebase-components:18.0.0) with JetifyTransform
Transforming firebase-components-18.0.0.aar (com.google.firebase:firebase-components:18.0.0) with ExtractAarTransform
Transforming firebase-components-18.0.0.aar (com.google.firebase:firebase-components:18.0.0) with AarTransform
Transforming firebase-components-18.0.0.aar (com.google.firebase:firebase-components:18.0.0) with JetifyTransform
Transforming firebase-components-18.0.0.aar (com.google.firebase:firebase-components:18.0.0) with ExtractAarTransform
Transforming firebase-components-18.0.0.aar (com.google.firebase:firebase-components:18.0.0) with AarTransform
Transforming firebase-components-18.0.0.aar (com.google.firebase:firebase-components:18.0.0) with JetifyTransform
Transforming firebase-components-18.0.0.aar (com.google.firebase:firebase-components:18.0.0) with ExtractAarTransform
Transforming firebase-components-18.0.0.aar (com.google.firebase:firebase-components:18.0.0) with AarTransform
Transforming interpolator-1.0.0.aar (androidx.interpolator:interpolator:1.0.0) with JetifyTransform
Transforming interpolator-1.0.0.aar (androidx.interpolator:interpolator:1.0.0) with ExtractAarTransform
Transforming interpolator-1.0.0.aar (androidx.interpolator:interpolator:1.0.0) with AarTransform
Transforming interpolator-1.0.0.aar (androidx.interpolator:interpolator:1.0.0) with JetifyTransform
Transforming interpolator-1.0.0.aar (androidx.interpolator:interpolator:1.0.0) with ExtractAarTransform
Transforming interpolator-1.0.0.aar (androidx.interpolator:interpolator:1.0.0) with AarTransform
Transforming versionedparcelable-1.1.1.aar (androidx.versionedparcelable:versionedparcelable:1.1.1) with JetifyTransform
Transforming versionedparcelable-1.1.1.aar (androidx.versionedparcelable:versionedparcelable:1.1.1) with ExtractAarTransform
Transforming versionedparcelable-1.1.1.aar (androidx.versionedparcelable:versionedparcelable:1.1.1) with AarTransform
Transforming documentfile-1.0.0.aar (androidx.documentfile:documentfile:1.0.0) with JetifyTransform
Transforming documentfile-1.0.0.aar (androidx.documentfile:documentfile:1.0.0) with ExtractAarTransform
Transforming documentfile-1.0.0.aar (androidx.documentfile:documentfile:1.0.0) with AarTransform
Transforming localbroadcastmanager-1.0.0.aar (androidx.localbroadcastmanager:localbroadcastmanager:1.0.0) with JetifyTransform
Transforming localbroadcastmanager-1.0.0.aar (androidx.localbroadcastmanager:localbroadcastmanager:1.0.0) with ExtractAarTransform
Transforming localbroadcastmanager-1.0.0.aar (androidx.localbroadcastmanager:localbroadcastmanager:1.0.0) with AarTransform
Transforming print-1.0.0.aar (androidx.print:print:1.0.0) with JetifyTransform
Transforming print-1.0.0.aar (androidx.print:print:1.0.0) with ExtractAarTransform
Transforming print-1.0.0.aar (androidx.print:print:1.0.0) with AarTransform
Transforming exifinterface-1.3.7.aar (androidx.exifinterface:exifinterface:1.3.7) with JetifyTransform
Transforming exifinterface-1.3.7.aar (androidx.exifinterface:exifinterface:1.3.7) with ExtractAarTransform
Transforming exifinterface-1.3.7.aar (androidx.exifinterface:exifinterface:1.3.7) with AarTransform
Transforming annotation-experimental-1.4.1.aar (androidx.annotation:annotation-experimental:1.4.1) with JetifyTransform
Transforming annotation-experimental-1.4.1.aar (androidx.annotation:annotation-experimental:1.4.1) with ExtractAarTransform
Transforming annotation-experimental-1.4.1.aar (androidx.annotation:annotation-experimental:1.4.1) with AarTransform
Transforming multidex-2.0.1.aar (androidx.multidex:multidex:2.0.1) with JetifyTransform
Transforming multidex-2.0.1.aar (androidx.multidex:multidex:2.0.1) with ExtractAarTransform
Transforming multidex-2.0.1.aar (androidx.multidex:multidex:2.0.1) with AarTransform
Transforming grpc-android-1.57.2.aar (io.grpc:grpc-android:1.57.2) with JetifyTransform
Transforming grpc-android-1.57.2.aar (io.grpc:grpc-android:1.57.2) with ExtractAarTransform
Transforming grpc-android-1.57.2.aar (io.grpc:grpc-android:1.57.2) with AarTransform
Transforming zxing-android-embedded-4.3.0.aar (com.journeyapps:zxing-android-embedded:4.3.0) with JetifyTransform
Transforming zxing-android-embedded-4.3.0.aar (com.journeyapps:zxing-android-embedded:4.3.0) with ExtractAarTransform
Transforming zxing-android-embedded-4.3.0.aar (com.journeyapps:zxing-android-embedded:4.3.0) with AarTransform
Transforming dagger-lint-aar-2.51.1.aar (com.google.dagger:dagger-lint-aar:2.51.1) with JetifyTransform
Transforming dagger-lint-aar-2.51.1.aar (com.google.dagger:dagger-lint-aar:2.51.1) with ExtractAarTransform
Transforming dagger-lint-aar-2.51.1.aar (com.google.dagger:dagger-lint-aar:2.51.1) with AarTransform
Transforming protolite-well-known-types-18.0.0.aar (com.google.firebase:protolite-well-known-types:18.0.0) with JetifyTransform
Transforming protolite-well-known-types-18.0.0.aar (com.google.firebase:protolite-well-known-types:18.0.0) with ExtractAarTransform
Transforming protolite-well-known-types-18.0.0.aar (com.google.firebase:protolite-well-known-types:18.0.0) with AarTransform
Transforming viewbinding-8.7.1.aar (androidx.databinding:viewbinding:8.7.1) with JetifyTransform
Transforming viewbinding-8.7.1.aar (androidx.databinding:viewbinding:8.7.1) with ExtractAarTransform
Transforming viewbinding-8.7.1.aar (androidx.databinding:viewbinding:8.7.1) with AarTransform
Transforming material-1.12.0.aar (com.google.android.material:material:1.12.0) with JetifyTransform
Transforming material-1.12.0.aar (com.google.android.material:material:1.12.0) with ExtractAarTransform
Transforming material-1.12.0.aar (com.google.android.material:material:1.12.0) with AarTransform
Transforming constraintlayout-2.1.4.aar (androidx.constraintlayout:constraintlayout:2.1.4) with JetifyTransform
Transforming constraintlayout-2.1.4.aar (androidx.constraintlayout:constraintlayout:2.1.4) with ExtractAarTransform
Transforming constraintlayout-2.1.4.aar (androidx.constraintlayout:constraintlayout:2.1.4) with AarTransform
Transforming coil-compose-2.6.0.aar (io.coil-kt:coil-compose:2.6.0) with JetifyTransform
Transforming coil-compose-2.6.0.aar (io.coil-kt:coil-compose:2.6.0) with ExtractAarTransform
Transforming coil-compose-2.6.0.aar (io.coil-kt:coil-compose:2.6.0) with AarTransform
Transforming coil-compose-base-2.6.0.aar (io.coil-kt:coil-compose-base:2.6.0) with JetifyTransform
Transforming coil-compose-base-2.6.0.aar (io.coil-kt:coil-compose-base:2.6.0) with ExtractAarTransform
Transforming coil-compose-base-2.6.0.aar (io.coil-kt:coil-compose-base:2.6.0) with AarTransform
Transforming coil-2.6.0.aar (io.coil-kt:coil:2.6.0) with JetifyTransform
Transforming coil-2.6.0.aar (io.coil-kt:coil:2.6.0) with ExtractAarTransform
Transforming coil-2.6.0.aar (io.coil-kt:coil:2.6.0) with AarTransform
Transforming coil-base-2.6.0.aar (io.coil-kt:coil-base:2.6.0) with JetifyTransform
Transforming coil-base-2.6.0.aar (io.coil-kt:coil-base:2.6.0) with ExtractAarTransform
Transforming coil-base-2.6.0.aar (io.coil-kt:coil-base:2.6.0) with AarTransform
Transforming appcompat-resources-1.7.0.aar (androidx.appcompat:appcompat-resources:1.7.0) with JetifyTransform
Transforming appcompat-resources-1.7.0.aar (androidx.appcompat:appcompat-resources:1.7.0) with ExtractAarTransform
Transforming appcompat-resources-1.7.0.aar (androidx.appcompat:appcompat-resources:1.7.0) with AarTransform
Transforming preference-ktx-1.2.1.aar (androidx.preference:preference-ktx:1.2.1) with JetifyTransform
Transforming preference-ktx-1.2.1.aar (androidx.preference:preference-ktx:1.2.1) with ExtractAarTransform
Transforming preference-ktx-1.2.1.aar (androidx.preference:preference-ktx:1.2.1) with AarTransform
Transforming preference-1.2.1.aar (androidx.preference:preference:1.2.1) with JetifyTransform
Transforming preference-1.2.1.aar (androidx.preference:preference:1.2.1) with ExtractAarTransform
Transforming preference-1.2.1.aar (androidx.preference:preference:1.2.1) with AarTransform
Transforming appcompat-1.7.0.aar (androidx.appcompat:appcompat:1.7.0) with JetifyTransform
Transforming appcompat-1.7.0.aar (androidx.appcompat:appcompat:1.7.0) with ExtractAarTransform
Transforming appcompat-1.7.0.aar (androidx.appcompat:appcompat:1.7.0) with AarTransform
Transforming okhttp3-integration-4.16.0.aar (com.github.bumptech.glide:okhttp3-integration:4.16.0) with JetifyTransform
Transforming okhttp3-integration-4.16.0.aar (com.github.bumptech.glide:okhttp3-integration:4.16.0) with ExtractAarTransform
Transforming okhttp3-integration-4.16.0.aar (com.github.bumptech.glide:okhttp3-integration:4.16.0) with AarTransform
Transforming glide-4.16.0.aar (com.github.bumptech.glide:glide:4.16.0) with JetifyTransform
Transforming glide-4.16.0.aar (com.github.bumptech.glide:glide:4.16.0) with ExtractAarTransform
Transforming glide-4.16.0.aar (com.github.bumptech.glide:glide:4.16.0) with AarTransform
Transforming hilt-work-1.2.0.aar (androidx.hilt:hilt-work:1.2.0) with JetifyTransform
Transforming hilt-work-1.2.0.aar (androidx.hilt:hilt-work:1.2.0) with ExtractAarTransform
Transforming hilt-work-1.2.0.aar (androidx.hilt:hilt-work:1.2.0) with AarTransform
Transforming hilt-android-2.51.1.aar (com.google.dagger:hilt-android:2.51.1) with JetifyTransform
Transforming hilt-android-2.51.1.aar (com.google.dagger:hilt-android:2.51.1) with ExtractAarTransform
Transforming hilt-android-2.51.1.aar (com.google.dagger:hilt-android:2.51.1) with AarTransform
Transforming media3-exoplayer-hls-1.5.0.aar (androidx.media3:media3-exoplayer-hls:1.5.0) with JetifyTransform
Transforming media3-exoplayer-hls-1.5.0.aar (androidx.media3:media3-exoplayer-hls:1.5.0) with ExtractAarTransform
Transforming media3-exoplayer-hls-1.5.0.aar (androidx.media3:media3-exoplayer-hls:1.5.0) with AarTransform
Transforming media3-ffmpeg-decoder-1.5.0+1.aar (org.jellyfin.media3:media3-ffmpeg-decoder:1.5.0+1) with JetifyTransform
Transforming media3-ffmpeg-decoder-1.5.0+1.aar (org.jellyfin.media3:media3-ffmpeg-decoder:1.5.0+1) with ExtractAarTransform
Transforming media3-ffmpeg-decoder-1.5.0+1.aar (org.jellyfin.media3:media3-ffmpeg-decoder:1.5.0+1) with AarTransform
Transforming media3-exoplayer-1.5.0.aar (androidx.media3:media3-exoplayer:1.5.0) with JetifyTransform
Transforming media3-exoplayer-1.5.0.aar (androidx.media3:media3-exoplayer:1.5.0) with ExtractAarTransform
Transforming media3-exoplayer-1.5.0.aar (androidx.media3:media3-exoplayer:1.5.0) with AarTransform
Transforming media3-exoplayer-1.5.0.aar (androidx.media3:media3-exoplayer:1.5.0) with JetifyTransform
Transforming media3-exoplayer-1.5.0.aar (androidx.media3:media3-exoplayer:1.5.0) with ExtractAarTransform
Transforming media3-exoplayer-1.5.0.aar (androidx.media3:media3-exoplayer:1.5.0) with AarTransform
Transforming media3-datasource-okhttp-1.5.0.aar (androidx.media3:media3-datasource-okhttp:1.5.0) with JetifyTransform
Transforming media3-datasource-okhttp-1.5.0.aar (androidx.media3:media3-datasource-okhttp:1.5.0) with ExtractAarTransform
Transforming media3-datasource-okhttp-1.5.0.aar (androidx.media3:media3-datasource-okhttp:1.5.0) with AarTransform
Transforming media3-extractor-1.5.0.aar (androidx.media3:media3-extractor:1.5.0) with JetifyTransform
Transforming media3-extractor-1.5.0.aar (androidx.media3:media3-extractor:1.5.0) with ExtractAarTransform
Transforming media3-extractor-1.5.0.aar (androidx.media3:media3-extractor:1.5.0) with AarTransform
Transforming media3-container-1.5.0.aar (androidx.media3:media3-container:1.5.0) with JetifyTransform
Transforming media3-container-1.5.0.aar (androidx.media3:media3-container:1.5.0) with ExtractAarTransform
Transforming media3-container-1.5.0.aar (androidx.media3:media3-container:1.5.0) with AarTransform
Transforming media3-datasource-1.5.0.aar (androidx.media3:media3-datasource:1.5.0) with JetifyTransform
Transforming media3-datasource-1.5.0.aar (androidx.media3:media3-datasource:1.5.0) with ExtractAarTransform
Transforming media3-datasource-1.5.0.aar (androidx.media3:media3-datasource:1.5.0) with AarTransform
Transforming media3-decoder-1.5.0.aar (androidx.media3:media3-decoder:1.5.0) with JetifyTransform
Transforming media3-decoder-1.5.0.aar (androidx.media3:media3-decoder:1.5.0) with ExtractAarTransform
Transforming media3-decoder-1.5.0.aar (androidx.media3:media3-decoder:1.5.0) with AarTransform
Transforming media3-decoder-1.5.0.aar (androidx.media3:media3-decoder:1.5.0) with JetifyTransform
Transforming media3-decoder-1.5.0.aar (androidx.media3:media3-decoder:1.5.0) with ExtractAarTransform
Transforming media3-decoder-1.5.0.aar (androidx.media3:media3-decoder:1.5.0) with AarTransform
Transforming media3-database-1.5.0.aar (androidx.media3:media3-database:1.5.0) with JetifyTransform
Transforming media3-database-1.5.0.aar (androidx.media3:media3-database:1.5.0) with ExtractAarTransform
Transforming media3-database-1.5.0.aar (androidx.media3:media3-database:1.5.0) with AarTransform
Transforming media3-common-1.5.0.aar (androidx.media3:media3-common:1.5.0) with JetifyTransform
Transforming media3-common-1.5.0.aar (androidx.media3:media3-common:1.5.0) with ExtractAarTransform
Transforming media3-common-1.5.0.aar (androidx.media3:media3-common:1.5.0) with AarTransform
Transforming media3-ui-1.5.0.aar (androidx.media3:media3-ui:1.5.0) with JetifyTransform
Transforming media3-ui-1.5.0.aar (androidx.media3:media3-ui:1.5.0) with ExtractAarTransform
Transforming media3-ui-1.5.0.aar (androidx.media3:media3-ui:1.5.0) with AarTransform
Transforming work-runtime-ktx-2.9.1.aar (androidx.work:work-runtime-ktx:2.9.1) with JetifyTransform
Transforming work-runtime-ktx-2.9.1.aar (androidx.work:work-runtime-ktx:2.9.1) with ExtractAarTransform
Transforming work-runtime-ktx-2.9.1.aar (androidx.work:work-runtime-ktx:2.9.1) with AarTransform
Transforming work-runtime-2.9.1.aar (androidx.work:work-runtime:2.9.1) with JetifyTransform
Transforming work-runtime-2.9.1.aar (androidx.work:work-runtime:2.9.1) with ExtractAarTransform
Transforming work-runtime-2.9.1.aar (androidx.work:work-runtime:2.9.1) with AarTransform
Transforming room-ktx-2.6.1.aar (androidx.room:room-ktx:2.6.1) with JetifyTransform
Transforming room-ktx-2.6.1.aar (androidx.room:room-ktx:2.6.1) with ExtractAarTransform
Transforming room-ktx-2.6.1.aar (androidx.room:room-ktx:2.6.1) with AarTransform
Transforming room-runtime-2.6.1.aar (androidx.room:room-runtime:2.6.1) with JetifyTransform
Transforming room-runtime-2.6.1.aar (androidx.room:room-runtime:2.6.1) with ExtractAarTransform
Transforming room-runtime-2.6.1.aar (androidx.room:room-runtime:2.6.1) with AarTransform
Transforming room-paging-2.6.1.aar (androidx.room:room-paging:2.6.1) with JetifyTransform
Transforming room-paging-2.6.1.aar (androidx.room:room-paging:2.6.1) with ExtractAarTransform
Transforming room-paging-2.6.1.aar (androidx.room:room-paging:2.6.1) with AarTransform
Transforming paging-common-release.aar (androidx.paging:paging-common-android:3.3.2) with JetifyTransform
Transforming paging-common-release.aar (androidx.paging:paging-common-android:3.3.2) with ExtractAarTransform
Transforming paging-common-release.aar (androidx.paging:paging-common-android:3.3.2) with AarTransform
Transforming paging-runtime-ktx-3.3.2.aar (androidx.paging:paging-runtime-ktx:3.3.2) with JetifyTransform
Transforming paging-runtime-ktx-3.3.2.aar (androidx.paging:paging-runtime-ktx:3.3.2) with ExtractAarTransform
Transforming paging-runtime-ktx-3.3.2.aar (androidx.paging:paging-runtime-ktx:3.3.2) with AarTransform
Transforming paging-runtime-3.3.2.aar (androidx.paging:paging-runtime:3.3.2) with JetifyTransform
Transforming paging-runtime-3.3.2.aar (androidx.paging:paging-runtime:3.3.2) with ExtractAarTransform
Transforming paging-runtime-3.3.2.aar (androidx.paging:paging-runtime:3.3.2) with AarTransform
Transforming recyclerview-1.3.2.aar (androidx.recyclerview:recyclerview:1.3.2) with JetifyTransform
Transforming recyclerview-1.3.2.aar (androidx.recyclerview:recyclerview:1.3.2) with ExtractAarTransform
Transforming recyclerview-1.3.2.aar (androidx.recyclerview:recyclerview:1.3.2) with AarTransform
Transforming viewpager2-1.1.0-beta02.aar (androidx.viewpager2:viewpager2:1.1.0-beta02) with JetifyTransform
Transforming viewpager2-1.1.0-beta02.aar (androidx.viewpager2:viewpager2:1.1.0-beta02) with ExtractAarTransform
Transforming viewpager2-1.1.0-beta02.aar (androidx.viewpager2:viewpager2:1.1.0-beta02) with AarTransform
Transforming firebase-firestore-ktx-25.0.0.aar (com.google.firebase:firebase-firestore-ktx:25.0.0) with JetifyTransform
Transforming firebase-firestore-ktx-25.0.0.aar (com.google.firebase:firebase-firestore-ktx:25.0.0) with ExtractAarTransform
Transforming firebase-firestore-ktx-25.0.0.aar (com.google.firebase:firebase-firestore-ktx:25.0.0) with AarTransform
Transforming firebase-firestore-25.0.0.aar (com.google.firebase:firebase-firestore:25.0.0) with JetifyTransform
Transforming firebase-firestore-25.0.0.aar (com.google.firebase:firebase-firestore:25.0.0) with ExtractAarTransform
Transforming firebase-firestore-25.0.0.aar (com.google.firebase:firebase-firestore:25.0.0) with AarTransform
Transforming firebase-appcheck-interop-17.0.0.aar (com.google.firebase:firebase-appcheck-interop:17.0.0) with JetifyTransform
Transforming firebase-appcheck-interop-17.0.0.aar (com.google.firebase:firebase-appcheck-interop:17.0.0) with ExtractAarTransform
Transforming firebase-appcheck-interop-17.0.0.aar (com.google.firebase:firebase-appcheck-interop:17.0.0) with AarTransform
Transforming firebase-database-collection-18.0.1.aar (com.google.firebase:firebase-database-collection:18.0.1) with JetifyTransform
Transforming firebase-database-collection-18.0.1.aar (com.google.firebase:firebase-database-collection:18.0.1) with ExtractAarTransform
Transforming firebase-database-collection-18.0.1.aar (com.google.firebase:firebase-database-collection:18.0.1) with AarTransform
Transforming play-services-base-18.0.1.aar (com.google.android.gms:play-services-base:18.0.1) with JetifyTransform
Transforming play-services-base-18.0.1.aar (com.google.android.gms:play-services-base:18.0.1) with ExtractAarTransform
Transforming play-services-base-18.0.1.aar (com.google.android.gms:play-services-base:18.0.1) with AarTransform
Transforming play-services-base-18.0.1.aar (com.google.android.gms:play-services-base:18.0.1) with JetifyTransform
Transforming play-services-base-18.0.1.aar (com.google.android.gms:play-services-base:18.0.1) with ExtractAarTransform
Transforming play-services-base-18.0.1.aar (com.google.android.gms:play-services-base:18.0.1) with AarTransform
Transforming play-services-base-18.0.1.aar (com.google.android.gms:play-services-base:18.0.1) with JetifyTransform
Transforming play-services-base-18.0.1.aar (com.google.android.gms:play-services-base:18.0.1) with ExtractAarTransform
Transforming play-services-base-18.0.1.aar (com.google.android.gms:play-services-base:18.0.1) with AarTransform
Transforming firebase-analytics-ktx-22.0.2.aar (com.google.firebase:firebase-analytics-ktx:22.0.2) with JetifyTransform
Transforming firebase-analytics-ktx-22.0.2.aar (com.google.firebase:firebase-analytics-ktx:22.0.2) with ExtractAarTransform
Transforming firebase-analytics-ktx-22.0.2.aar (com.google.firebase:firebase-analytics-ktx:22.0.2) with AarTransform
Transforming firebase-analytics-22.0.2.aar (com.google.firebase:firebase-analytics:22.0.2) with JetifyTransform
Transforming firebase-analytics-22.0.2.aar (com.google.firebase:firebase-analytics:22.0.2) with ExtractAarTransform
Transforming firebase-analytics-22.0.2.aar (com.google.firebase:firebase-analytics:22.0.2) with AarTransform
Transforming play-services-measurement-api-22.0.2.aar (com.google.android.gms:play-services-measurement-api:22.0.2) with JetifyTransform
Transforming play-services-measurement-api-22.0.2.aar (com.google.android.gms:play-services-measurement-api:22.0.2) with ExtractAarTransform
Transforming play-services-measurement-api-22.0.2.aar (com.google.android.gms:play-services-measurement-api:22.0.2) with AarTransform
Transforming firebase-installations-18.0.0.aar (com.google.firebase:firebase-installations:18.0.0) with JetifyTransform
Transforming firebase-installations-18.0.0.aar (com.google.firebase:firebase-installations:18.0.0) with ExtractAarTransform
Transforming firebase-installations-18.0.0.aar (com.google.firebase:firebase-installations:18.0.0) with AarTransform
Transforming firebase-common-ktx-21.0.0.aar (com.google.firebase:firebase-common-ktx:21.0.0) with JetifyTransform
Transforming firebase-common-ktx-21.0.0.aar (com.google.firebase:firebase-common-ktx:21.0.0) with ExtractAarTransform
Transforming firebase-common-ktx-21.0.0.aar (com.google.firebase:firebase-common-ktx:21.0.0) with AarTransform
Transforming firebase-common-ktx-21.0.0.aar (com.google.firebase:firebase-common-ktx:21.0.0) with JetifyTransform
Transforming firebase-common-ktx-21.0.0.aar (com.google.firebase:firebase-common-ktx:21.0.0) with ExtractAarTransform
Transforming firebase-common-ktx-21.0.0.aar (com.google.firebase:firebase-common-ktx:21.0.0) with AarTransform
Transforming firebase-common-ktx-21.0.0.aar (com.google.firebase:firebase-common-ktx:21.0.0) with JetifyTransform
Transforming firebase-common-ktx-21.0.0.aar (com.google.firebase:firebase-common-ktx:21.0.0) with ExtractAarTransform
Transforming firebase-common-ktx-21.0.0.aar (com.google.firebase:firebase-common-ktx:21.0.0) with AarTransform
Transforming firebase-common-ktx-21.0.0.aar (com.google.firebase:firebase-common-ktx:21.0.0) with JetifyTransform
Transforming firebase-common-ktx-21.0.0.aar (com.google.firebase:firebase-common-ktx:21.0.0) with ExtractAarTransform
Transforming firebase-common-ktx-21.0.0.aar (com.google.firebase:firebase-common-ktx:21.0.0) with AarTransform
Transforming firebase-common-ktx-21.0.0.aar (com.google.firebase:firebase-common-ktx:21.0.0) with JetifyTransform
Transforming firebase-common-ktx-21.0.0.aar (com.google.firebase:firebase-common-ktx:21.0.0) with ExtractAarTransform
Transforming firebase-common-ktx-21.0.0.aar (com.google.firebase:firebase-common-ktx:21.0.0) with AarTransform
Transforming firebase-common-21.0.0.aar (com.google.firebase:firebase-common:21.0.0) with JetifyTransform
Transforming firebase-common-21.0.0.aar (com.google.firebase:firebase-common:21.0.0) with ExtractAarTransform
Transforming firebase-common-21.0.0.aar (com.google.firebase:firebase-common:21.0.0) with AarTransform
Transforming firebase-common-21.0.0.aar (com.google.firebase:firebase-common:21.0.0) with JetifyTransform
Transforming firebase-common-21.0.0.aar (com.google.firebase:firebase-common:21.0.0) with ExtractAarTransform
Transforming firebase-common-21.0.0.aar (com.google.firebase:firebase-common:21.0.0) with AarTransform
Transforming firebase-common-21.0.0.aar (com.google.firebase:firebase-common:21.0.0) with JetifyTransform
Transforming firebase-common-21.0.0.aar (com.google.firebase:firebase-common:21.0.0) with ExtractAarTransform
Transforming firebase-common-21.0.0.aar (com.google.firebase:firebase-common:21.0.0) with AarTransform
Transforming firebase-common-21.0.0.aar (com.google.firebase:firebase-common:21.0.0) with JetifyTransform
Transforming firebase-common-21.0.0.aar (com.google.firebase:firebase-common:21.0.0) with ExtractAarTransform
Transforming firebase-common-21.0.0.aar (com.google.firebase:firebase-common:21.0.0) with AarTransform
Transforming firebase-common-21.0.0.aar (com.google.firebase:firebase-common:21.0.0) with JetifyTransform
Transforming firebase-common-21.0.0.aar (com.google.firebase:firebase-common:21.0.0) with ExtractAarTransform
Transforming firebase-common-21.0.0.aar (com.google.firebase:firebase-common:21.0.0) with AarTransform
Transforming firebase-common-21.0.0.aar (com.google.firebase:firebase-common:21.0.0) with JetifyTransform
Transforming firebase-common-21.0.0.aar (com.google.firebase:firebase-common:21.0.0) with ExtractAarTransform
Transforming firebase-common-21.0.0.aar (com.google.firebase:firebase-common:21.0.0) with AarTransform
Transforming play-services-measurement-22.0.2.aar (com.google.android.gms:play-services-measurement:22.0.2) with JetifyTransform
Transforming play-services-measurement-22.0.2.aar (com.google.android.gms:play-services-measurement:22.0.2) with ExtractAarTransform
Transforming play-services-measurement-22.0.2.aar (com.google.android.gms:play-services-measurement:22.0.2) with AarTransform
Transforming play-services-measurement-sdk-22.0.2.aar (com.google.android.gms:play-services-measurement-sdk:22.0.2) with JetifyTransform
Transforming play-services-measurement-sdk-22.0.2.aar (com.google.android.gms:play-services-measurement-sdk:22.0.2) with ExtractAarTransform
Transforming play-services-measurement-sdk-22.0.2.aar (com.google.android.gms:play-services-measurement-sdk:22.0.2) with AarTransform
Transforming firebase-auth-interop-19.0.2.aar (com.google.firebase:firebase-auth-interop:19.0.2) with JetifyTransform
Transforming firebase-auth-interop-19.0.2.aar (com.google.firebase:firebase-auth-interop:19.0.2) with ExtractAarTransform
Transforming firebase-auth-interop-19.0.2.aar (com.google.firebase:firebase-auth-interop:19.0.2) with AarTransform
Transforming play-services-measurement-impl-22.0.2.aar (com.google.android.gms:play-services-measurement-impl:22.0.2) with JetifyTransform
Transforming play-services-measurement-impl-22.0.2.aar (com.google.android.gms:play-services-measurement-impl:22.0.2) with ExtractAarTransform
Transforming play-services-measurement-impl-22.0.2.aar (com.google.android.gms:play-services-measurement-impl:22.0.2) with AarTransform
Transforming play-services-measurement-impl-22.0.2.aar (com.google.android.gms:play-services-measurement-impl:22.0.2) with JetifyTransform
Transforming play-services-measurement-impl-22.0.2.aar (com.google.android.gms:play-services-measurement-impl:22.0.2) with ExtractAarTransform
Transforming play-services-measurement-impl-22.0.2.aar (com.google.android.gms:play-services-measurement-impl:22.0.2) with AarTransform
Transforming play-services-ads-identifier-18.0.0.aar (com.google.android.gms:play-services-ads-identifier:18.0.0) with JetifyTransform
Transforming play-services-ads-identifier-18.0.0.aar (com.google.android.gms:play-services-ads-identifier:18.0.0) with ExtractAarTransform
Transforming play-services-ads-identifier-18.0.0.aar (com.google.android.gms:play-services-ads-identifier:18.0.0) with AarTransform
Transforming play-services-ads-identifier-18.0.0.aar (com.google.android.gms:play-services-ads-identifier:18.0.0) with JetifyTransform
Transforming play-services-ads-identifier-18.0.0.aar (com.google.android.gms:play-services-ads-identifier:18.0.0) with ExtractAarTransform
Transforming play-services-ads-identifier-18.0.0.aar (com.google.android.gms:play-services-ads-identifier:18.0.0) with AarTransform
Transforming play-services-ads-identifier-18.0.0.aar (com.google.android.gms:play-services-ads-identifier:18.0.0) with JetifyTransform
Transforming play-services-ads-identifier-18.0.0.aar (com.google.android.gms:play-services-ads-identifier:18.0.0) with ExtractAarTransform
Transforming play-services-ads-identifier-18.0.0.aar (com.google.android.gms:play-services-ads-identifier:18.0.0) with AarTransform
Transforming play-services-measurement-sdk-api-22.0.2.aar (com.google.android.gms:play-services-measurement-sdk-api:22.0.2) with JetifyTransform
Transforming play-services-measurement-sdk-api-22.0.2.aar (com.google.android.gms:play-services-measurement-sdk-api:22.0.2) with ExtractAarTransform
Transforming play-services-measurement-sdk-api-22.0.2.aar (com.google.android.gms:play-services-measurement-sdk-api:22.0.2) with AarTransform
Transforming play-services-measurement-base-22.0.2.aar (com.google.android.gms:play-services-measurement-base:22.0.2) with JetifyTransform
Transforming play-services-measurement-base-22.0.2.aar (com.google.android.gms:play-services-measurement-base:22.0.2) with ExtractAarTransform
Transforming play-services-measurement-base-22.0.2.aar (com.google.android.gms:play-services-measurement-base:22.0.2) with AarTransform
Transforming play-services-measurement-base-22.0.2.aar (com.google.android.gms:play-services-measurement-base:22.0.2) with JetifyTransform
Transforming play-services-measurement-base-22.0.2.aar (com.google.android.gms:play-services-measurement-base:22.0.2) with ExtractAarTransform
Transforming play-services-measurement-base-22.0.2.aar (com.google.android.gms:play-services-measurement-base:22.0.2) with AarTransform
Transforming play-services-measurement-base-22.0.2.aar (com.google.android.gms:play-services-measurement-base:22.0.2) with JetifyTransform
Transforming play-services-measurement-base-22.0.2.aar (com.google.android.gms:play-services-measurement-base:22.0.2) with ExtractAarTransform
Transforming play-services-measurement-base-22.0.2.aar (com.google.android.gms:play-services-measurement-base:22.0.2) with AarTransform
Transforming play-services-measurement-base-22.0.2.aar (com.google.android.gms:play-services-measurement-base:22.0.2) with JetifyTransform
Transforming play-services-measurement-base-22.0.2.aar (com.google.android.gms:play-services-measurement-base:22.0.2) with ExtractAarTransform
Transforming play-services-measurement-base-22.0.2.aar (com.google.android.gms:play-services-measurement-base:22.0.2) with AarTransform
Transforming play-services-measurement-base-22.0.2.aar (com.google.android.gms:play-services-measurement-base:22.0.2) with JetifyTransform
Transforming play-services-measurement-base-22.0.2.aar (com.google.android.gms:play-services-measurement-base:22.0.2) with ExtractAarTransform
Transforming play-services-measurement-base-22.0.2.aar (com.google.android.gms:play-services-measurement-base:22.0.2) with AarTransform
Transforming play-services-stats-17.0.2.aar (com.google.android.gms:play-services-stats:17.0.2) with JetifyTransform
Transforming play-services-stats-17.0.2.aar (com.google.android.gms:play-services-stats:17.0.2) with ExtractAarTransform
Transforming play-services-stats-17.0.2.aar (com.google.android.gms:play-services-stats:17.0.2) with AarTransform
Transforming play-services-stats-17.0.2.aar (com.google.android.gms:play-services-stats:17.0.2) with JetifyTransform
Transforming play-services-stats-17.0.2.aar (com.google.android.gms:play-services-stats:17.0.2) with ExtractAarTransform
Transforming play-services-stats-17.0.2.aar (com.google.android.gms:play-services-stats:17.0.2) with AarTransform
Transforming material3-release.aar (androidx.compose.material3:material3-android:1.2.0) with JetifyTransform
Transforming material3-release.aar (androidx.compose.material3:material3-android:1.2.0) with ExtractAarTransform
Transforming material3-release.aar (androidx.compose.material3:material3-android:1.2.0) with AarTransform
Transforming material-ripple-release.aar (androidx.compose.material:material-ripple-android:1.6.2) with JetifyTransform
Transforming material-ripple-release.aar (androidx.compose.material:material-ripple-android:1.6.2) with ExtractAarTransform
Transforming material-ripple-release.aar (androidx.compose.material:material-ripple-android:1.6.2) with AarTransform
Transforming material-icons-core-release.aar (androidx.compose.material:material-icons-core-android:1.6.2) with JetifyTransform
Transforming material-icons-core-release.aar (androidx.compose.material:material-icons-core-android:1.6.2) with ExtractAarTransform
Transforming material-icons-core-release.aar (androidx.compose.material:material-icons-core-android:1.6.2) with AarTransform
Transforming material-release.aar (androidx.compose.material:material-android:1.6.2) with JetifyTransform
Transforming material-release.aar (androidx.compose.material:material-android:1.6.2) with ExtractAarTransform
Transforming material-release.aar (androidx.compose.material:material-android:1.6.2) with AarTransform
Transforming animation-core-release.aar (androidx.compose.animation:animation-core-android:1.6.2) with JetifyTransform
Transforming animation-core-release.aar (androidx.compose.animation:animation-core-android:1.6.2) with ExtractAarTransform
Transforming animation-core-release.aar (androidx.compose.animation:animation-core-android:1.6.2) with AarTransform
Transforming animation-release.aar (androidx.compose.animation:animation-android:1.6.2) with JetifyTransform
Transforming animation-release.aar (androidx.compose.animation:animation-android:1.6.2) with ExtractAarTransform
Transforming animation-release.aar (androidx.compose.animation:animation-android:1.6.2) with AarTransform
Transforming foundation-layout-release.aar (androidx.compose.foundation:foundation-layout-android:1.6.2) with JetifyTransform
Transforming foundation-layout-release.aar (androidx.compose.foundation:foundation-layout-android:1.6.2) with ExtractAarTransform
Transforming foundation-layout-release.aar (androidx.compose.foundation:foundation-layout-android:1.6.2) with AarTransform
Transforming foundation-release.aar (androidx.compose.foundation:foundation-android:1.6.2) with JetifyTransform
Transforming foundation-release.aar (androidx.compose.foundation:foundation-android:1.6.2) with ExtractAarTransform
Transforming foundation-release.aar (androidx.compose.foundation:foundation-android:1.6.2) with AarTransform
Transforming ui-tooling-data-release.aar (androidx.compose.ui:ui-tooling-data-android:1.6.2) with JetifyTransform
Transforming ui-tooling-data-release.aar (androidx.compose.ui:ui-tooling-data-android:1.6.2) with ExtractAarTransform
Transforming ui-tooling-data-release.aar (androidx.compose.ui:ui-tooling-data-android:1.6.2) with AarTransform
Transforming ui-unit-release.aar (androidx.compose.ui:ui-unit-android:1.6.2) with JetifyTransform
Transforming ui-unit-release.aar (androidx.compose.ui:ui-unit-android:1.6.2) with ExtractAarTransform
Transforming ui-unit-release.aar (androidx.compose.ui:ui-unit-android:1.6.2) with AarTransform
Transforming ui-geometry-release.aar (androidx.compose.ui:ui-geometry-android:1.6.2) with JetifyTransform
Transforming ui-geometry-release.aar (androidx.compose.ui:ui-geometry-android:1.6.2) with ExtractAarTransform
Transforming ui-geometry-release.aar (androidx.compose.ui:ui-geometry-android:1.6.2) with AarTransform
Transforming ui-util-release.aar (androidx.compose.ui:ui-util-android:1.6.2) with JetifyTransform
Transforming ui-util-release.aar (androidx.compose.ui:ui-util-android:1.6.2) with ExtractAarTransform
Transforming ui-util-release.aar (androidx.compose.ui:ui-util-android:1.6.2) with AarTransform
Transforming ui-text-release.aar (androidx.compose.ui:ui-text-android:1.6.2) with JetifyTransform
Transforming ui-text-release.aar (androidx.compose.ui:ui-text-android:1.6.2) with ExtractAarTransform
Transforming ui-text-release.aar (androidx.compose.ui:ui-text-android:1.6.2) with AarTransform
Transforming ui-tooling-preview-release.aar (androidx.compose.ui:ui-tooling-preview-android:1.6.2) with JetifyTransform
Transforming ui-tooling-preview-release.aar (androidx.compose.ui:ui-tooling-preview-android:1.6.2) with ExtractAarTransform
Transforming ui-tooling-preview-release.aar (androidx.compose.ui:ui-tooling-preview-android:1.6.2) with AarTransform
Transforming ui-graphics-release.aar (androidx.compose.ui:ui-graphics-android:1.6.2) with JetifyTransform
Transforming ui-graphics-release.aar (androidx.compose.ui:ui-graphics-android:1.6.2) with ExtractAarTransform
Transforming ui-graphics-release.aar (androidx.compose.ui:ui-graphics-android:1.6.2) with AarTransform
Transforming ui-tooling-release.aar (androidx.compose.ui:ui-tooling-android:1.6.2) with JetifyTransform
Transforming ui-tooling-release.aar (androidx.compose.ui:ui-tooling-android:1.6.2) with ExtractAarTransform
Transforming ui-tooling-release.aar (androidx.compose.ui:ui-tooling-android:1.6.2) with AarTransform
Transforming activity-compose-1.9.3.aar (androidx.activity:activity-compose:1.9.3) with JetifyTransform
Transforming activity-compose-1.9.3.aar (androidx.activity:activity-compose:1.9.3) with ExtractAarTransform
Transforming activity-compose-1.9.3.aar (androidx.activity:activity-compose:1.9.3) with AarTransform
Transforming emoji2-views-helper-1.3.0.aar (androidx.emoji2:emoji2-views-helper:1.3.0) with JetifyTransform
Transforming emoji2-views-helper-1.3.0.aar (androidx.emoji2:emoji2-views-helper:1.3.0) with ExtractAarTransform
Transforming emoji2-views-helper-1.3.0.aar (androidx.emoji2:emoji2-views-helper:1.3.0) with AarTransform
Transforming emoji2-1.3.0.aar (androidx.emoji2:emoji2:1.3.0) with JetifyTransform
Transforming emoji2-1.3.0.aar (androidx.emoji2:emoji2:1.3.0) with ExtractAarTransform
Transforming emoji2-1.3.0.aar (androidx.emoji2:emoji2:1.3.0) with AarTransform
Transforming slidingpanelayout-1.2.0.aar (androidx.slidingpanelayout:slidingpanelayout:1.2.0) with JetifyTransform
Transforming slidingpanelayout-1.2.0.aar (androidx.slidingpanelayout:slidingpanelayout:1.2.0) with ExtractAarTransform
Transforming slidingpanelayout-1.2.0.aar (androidx.slidingpanelayout:slidingpanelayout:1.2.0) with AarTransform
Transforming transition-1.5.0.aar (androidx.transition:transition:1.5.0) with JetifyTransform
Transforming transition-1.5.0.aar (androidx.transition:transition:1.5.0) with ExtractAarTransform
Transforming transition-1.5.0.aar (androidx.transition:transition:1.5.0) with AarTransform
Transforming dynamicanimation-1.0.0.aar (androidx.dynamicanimation:dynamicanimation:1.0.0) with JetifyTransform
Transforming dynamicanimation-1.0.0.aar (androidx.dynamicanimation:dynamicanimation:1.0.0) with ExtractAarTransform
Transforming dynamicanimation-1.0.0.aar (androidx.dynamicanimation:dynamicanimation:1.0.0) with AarTransform
Transforming legacy-support-core-utils-1.0.0.aar (androidx.legacy:legacy-support-core-utils:1.0.0) with JetifyTransform
Transforming legacy-support-core-utils-1.0.0.aar (androidx.legacy:legacy-support-core-utils:1.0.0) with ExtractAarTransform
Transforming legacy-support-core-utils-1.0.0.aar (androidx.legacy:legacy-support-core-utils:1.0.0) with AarTransform
Transforming legacy-support-core-utils-1.0.0.aar (androidx.legacy:legacy-support-core-utils:1.0.0) with JetifyTransform
Transforming legacy-support-core-utils-1.0.0.aar (androidx.legacy:legacy-support-core-utils:1.0.0) with ExtractAarTransform
Transforming legacy-support-core-utils-1.0.0.aar (androidx.legacy:legacy-support-core-utils:1.0.0) with AarTransform
Transforming legacy-support-core-utils-1.0.0.aar (androidx.legacy:legacy-support-core-utils:1.0.0) with JetifyTransform
Transforming legacy-support-core-utils-1.0.0.aar (androidx.legacy:legacy-support-core-utils:1.0.0) with ExtractAarTransform
Transforming legacy-support-core-utils-1.0.0.aar (androidx.legacy:legacy-support-core-utils:1.0.0) with AarTransform
Transforming loader-1.0.0.aar (androidx.loader:loader:1.0.0) with JetifyTransform
Transforming loader-1.0.0.aar (androidx.loader:loader:1.0.0) with ExtractAarTransform
Transforming loader-1.0.0.aar (androidx.loader:loader:1.0.0) with AarTransform
Transforming loader-1.0.0.aar (androidx.loader:loader:1.0.0) with JetifyTransform
Transforming loader-1.0.0.aar (androidx.loader:loader:1.0.0) with ExtractAarTransform
Transforming loader-1.0.0.aar (androidx.loader:loader:1.0.0) with AarTransform
Transforming drawerlayout-1.1.1.aar (androidx.drawerlayout:drawerlayout:1.1.1) with JetifyTransform
Transforming drawerlayout-1.1.1.aar (androidx.drawerlayout:drawerlayout:1.1.1) with ExtractAarTransform
Transforming drawerlayout-1.1.1.aar (androidx.drawerlayout:drawerlayout:1.1.1) with AarTransform
Transforming coordinatorlayout-1.1.0.aar (androidx.coordinatorlayout:coordinatorlayout:1.1.0) with JetifyTransform
Transforming coordinatorlayout-1.1.0.aar (androidx.coordinatorlayout:coordinatorlayout:1.1.0) with ExtractAarTransform
Transforming coordinatorlayout-1.1.0.aar (androidx.coordinatorlayout:coordinatorlayout:1.1.0) with AarTransform
Transforming vectordrawable-animated-1.1.0.aar (androidx.vectordrawable:vectordrawable-animated:1.1.0) with JetifyTransform
Transforming vectordrawable-animated-1.1.0.aar (androidx.vectordrawable:vectordrawable-animated:1.1.0) with ExtractAarTransform
Transforming vectordrawable-animated-1.1.0.aar (androidx.vectordrawable:vectordrawable-animated:1.1.0) with AarTransform
Transforming vectordrawable-1.1.0.aar (androidx.vectordrawable:vectordrawable:1.1.0) with JetifyTransform
Transforming vectordrawable-1.1.0.aar (androidx.vectordrawable:vectordrawable:1.1.0) with ExtractAarTransform
Transforming vectordrawable-1.1.0.aar (androidx.vectordrawable:vectordrawable:1.1.0) with AarTransform
Transforming vectordrawable-1.1.0.aar (androidx.vectordrawable:vectordrawable:1.1.0) with JetifyTransform
Transforming vectordrawable-1.1.0.aar (androidx.vectordrawable:vectordrawable:1.1.0) with ExtractAarTransform
Transforming vectordrawable-1.1.0.aar (androidx.vectordrawable:vectordrawable:1.1.0) with AarTransform
Transforming media-1.7.0.aar (androidx.media:media:1.7.0) with JetifyTransform
Transforming media-1.7.0.aar (androidx.media:media:1.7.0) with ExtractAarTransform
Transforming media-1.7.0.aar (androidx.media:media:1.7.0) with AarTransform
Transforming viewpager-1.0.0.aar (androidx.viewpager:viewpager:1.0.0) with JetifyTransform
Transforming viewpager-1.0.0.aar (androidx.viewpager:viewpager:1.0.0) with ExtractAarTransform
Transforming viewpager-1.0.0.aar (androidx.viewpager:viewpager:1.0.0) with AarTransform
Transforming customview-1.1.0.aar (androidx.customview:customview:1.1.0) with JetifyTransform
Transforming customview-1.1.0.aar (androidx.customview:customview:1.1.0) with ExtractAarTransform
Transforming customview-1.1.0.aar (androidx.customview:customview:1.1.0) with AarTransform
Transforming customview-1.1.0.aar (androidx.customview:customview:1.1.0) with JetifyTransform
Transforming customview-1.1.0.aar (androidx.customview:customview:1.1.0) with ExtractAarTransform
Transforming customview-1.1.0.aar (androidx.customview:customview:1.1.0) with AarTransform
Transforming customview-1.1.0.aar (androidx.customview:customview:1.1.0) with JetifyTransform
Transforming customview-1.1.0.aar (androidx.customview:customview:1.1.0) with ExtractAarTransform
Transforming customview-1.1.0.aar (androidx.customview:customview:1.1.0) with AarTransform
Transforming customview-1.1.0.aar (androidx.customview:customview:1.1.0) with JetifyTransform
Transforming customview-1.1.0.aar (androidx.customview:customview:1.1.0) with ExtractAarTransform
Transforming customview-1.1.0.aar (androidx.customview:customview:1.1.0) with AarTransform
Transforming autofill-1.0.0.aar (androidx.autofill:autofill:1.0.0) with JetifyTransform
Transforming autofill-1.0.0.aar (androidx.autofill:autofill:1.0.0) with ExtractAarTransform
Transforming autofill-1.0.0.aar (androidx.autofill:autofill:1.0.0) with AarTransform
Transforming window-1.0.0.aar (androidx.window:window:1.0.0) with JetifyTransform
Transforming window-1.0.0.aar (androidx.window:window:1.0.0) with ExtractAarTransform
Transforming window-1.0.0.aar (androidx.window:window:1.0.0) with AarTransform
Transforming core-1.13.1.aar (androidx.core:core:1.13.1) with JetifyTransform
Transforming core-1.13.1.aar (androidx.core:core:1.13.1) with ExtractAarTransform
Transforming core-1.13.1.aar (androidx.core:core:1.13.1) with AarTransform
Transforming core-1.13.1.aar (androidx.core:core:1.13.1) with JetifyTransform
Transforming core-1.13.1.aar (androidx.core:core:1.13.1) with ExtractAarTransform
Transforming core-1.13.1.aar (androidx.core:core:1.13.1) with AarTransform
Transforming core-1.13.1.aar (androidx.core:core:1.13.1) with JetifyTransform
Transforming core-1.13.1.aar (androidx.core:core:1.13.1) with ExtractAarTransform
Transforming core-1.13.1.aar (androidx.core:core:1.13.1) with AarTransform
Transforming core-1.13.1.aar (androidx.core:core:1.13.1) with JetifyTransform
Transforming core-1.13.1.aar (androidx.core:core:1.13.1) with ExtractAarTransform
Transforming core-1.13.1.aar (androidx.core:core:1.13.1) with AarTransform
Transforming core-1.13.1.aar (androidx.core:core:1.13.1) with JetifyTransform
Transforming core-1.13.1.aar (androidx.core:core:1.13.1) with ExtractAarTransform
Transforming core-1.13.1.aar (androidx.core:core:1.13.1) with AarTransform
Transforming core-1.13.1.aar (androidx.core:core:1.13.1) with JetifyTransform
Transforming core-1.13.1.aar (androidx.core:core:1.13.1) with ExtractAarTransform
Transforming core-1.13.1.aar (androidx.core:core:1.13.1) with AarTransform
Transforming core-1.13.1.aar (androidx.core:core:1.13.1) with JetifyTransform
Transforming core-1.13.1.aar (androidx.core:core:1.13.1) with ExtractAarTransform
Transforming core-1.13.1.aar (androidx.core:core:1.13.1) with AarTransform
Transforming core-1.13.1.aar (androidx.core:core:1.13.1) with JetifyTransform
Transforming core-1.13.1.aar (androidx.core:core:1.13.1) with ExtractAarTransform
Transforming core-1.13.1.aar (androidx.core:core:1.13.1) with AarTransform
Transforming core-1.13.1.aar (androidx.core:core:1.13.1) with JetifyTransform
Transforming core-1.13.1.aar (androidx.core:core:1.13.1) with ExtractAarTransform
Transforming core-1.13.1.aar (androidx.core:core:1.13.1) with AarTransform
Transforming core-1.13.1.aar (androidx.core:core:1.13.1) with JetifyTransform
Transforming core-1.13.1.aar (androidx.core:core:1.13.1) with ExtractAarTransform
Transforming core-1.13.1.aar (androidx.core:core:1.13.1) with AarTransform
Transforming core-1.13.1.aar (androidx.core:core:1.13.1) with JetifyTransform
Transforming core-1.13.1.aar (androidx.core:core:1.13.1) with ExtractAarTransform
Transforming core-1.13.1.aar (androidx.core:core:1.13.1) with AarTransform
Transforming core-1.13.1.aar (androidx.core:core:1.13.1) with JetifyTransform
Transforming core-1.13.1.aar (androidx.core:core:1.13.1) with ExtractAarTransform
Transforming core-1.13.1.aar (androidx.core:core:1.13.1) with AarTransform
Transforming core-1.13.1.aar (androidx.core:core:1.13.1) with JetifyTransform
Transforming core-1.13.1.aar (androidx.core:core:1.13.1) with ExtractAarTransform
Transforming core-1.13.1.aar (androidx.core:core:1.13.1) with AarTransform
Transforming savedstate-ktx-1.2.1.aar (androidx.savedstate:savedstate-ktx:1.2.1) with JetifyTransform
Transforming savedstate-ktx-1.2.1.aar (androidx.savedstate:savedstate-ktx:1.2.1) with ExtractAarTransform
Transforming savedstate-ktx-1.2.1.aar (androidx.savedstate:savedstate-ktx:1.2.1) with AarTransform
Transforming savedstate-1.2.1.aar (androidx.savedstate:savedstate:1.2.1) with JetifyTransform
Transforming savedstate-1.2.1.aar (androidx.savedstate:savedstate:1.2.1) with ExtractAarTransform
Transforming savedstate-1.2.1.aar (androidx.savedstate:savedstate:1.2.1) with AarTransform
Transforming lifecycle-service-2.8.7.aar (androidx.lifecycle:lifecycle-service:2.8.7) with JetifyTransform
Transforming lifecycle-service-2.8.7.aar (androidx.lifecycle:lifecycle-service:2.8.7) with ExtractAarTransform
Transforming lifecycle-service-2.8.7.aar (androidx.lifecycle:lifecycle-service:2.8.7) with AarTransform
Transforming lifecycle-runtime-release.aar (androidx.lifecycle:lifecycle-runtime-android:2.8.7) with JetifyTransform
Transforming lifecycle-runtime-release.aar (androidx.lifecycle:lifecycle-runtime-android:2.8.7) with ExtractAarTransform
Transforming lifecycle-runtime-release.aar (androidx.lifecycle:lifecycle-runtime-android:2.8.7) with AarTransform
Transforming lifecycle-viewmodel-2.8.7.aar (androidx.lifecycle:lifecycle-viewmodel:2.8.7) with JetifyTransform
Transforming lifecycle-viewmodel-2.8.7.aar (androidx.lifecycle:lifecycle-viewmodel:2.8.7) with ExtractAarTransform
Transforming lifecycle-viewmodel-2.8.7.aar (androidx.lifecycle:lifecycle-viewmodel:2.8.7) with AarTransform
Transforming lifecycle-viewmodel-release.aar (androidx.lifecycle:lifecycle-viewmodel-android:2.8.7) with JetifyTransform
Transforming lifecycle-viewmodel-release.aar (androidx.lifecycle:lifecycle-viewmodel-android:2.8.7) with ExtractAarTransform
Transforming lifecycle-viewmodel-release.aar (androidx.lifecycle:lifecycle-viewmodel-android:2.8.7) with AarTransform
Transforming lifecycle-livedata-core-2.8.7.aar (androidx.lifecycle:lifecycle-livedata-core:2.8.7) with JetifyTransform
Transforming lifecycle-livedata-core-2.8.7.aar (androidx.lifecycle:lifecycle-livedata-core:2.8.7) with ExtractAarTransform
Transforming lifecycle-livedata-core-2.8.7.aar (androidx.lifecycle:lifecycle-livedata-core:2.8.7) with AarTransform
Transforming lifecycle-process-2.8.7.aar (androidx.lifecycle:lifecycle-process:2.8.7) with JetifyTransform
Transforming lifecycle-process-2.8.7.aar (androidx.lifecycle:lifecycle-process:2.8.7) with ExtractAarTransform
Transforming lifecycle-process-2.8.7.aar (androidx.lifecycle:lifecycle-process:2.8.7) with AarTransform
Transforming lifecycle-runtime-compose-release.aar (androidx.lifecycle:lifecycle-runtime-compose-android:2.8.7) with JetifyTransform
Transforming lifecycle-runtime-compose-release.aar (androidx.lifecycle:lifecycle-runtime-compose-android:2.8.7) with ExtractAarTransform
Transforming lifecycle-runtime-compose-release.aar (androidx.lifecycle:lifecycle-runtime-compose-android:2.8.7) with AarTransform
Transforming lifecycle-viewmodel-compose-release.aar (androidx.lifecycle:lifecycle-viewmodel-compose-android:2.8.7) with JetifyTransform
Transforming lifecycle-viewmodel-compose-release.aar (androidx.lifecycle:lifecycle-viewmodel-compose-android:2.8.7) with ExtractAarTransform
Transforming lifecycle-viewmodel-compose-release.aar (androidx.lifecycle:lifecycle-viewmodel-compose-android:2.8.7) with AarTransform
Transforming accompanist-drawablepainter-0.32.0.aar (com.google.accompanist:accompanist-drawablepainter:0.32.0) with JetifyTransform
Transforming accompanist-drawablepainter-0.32.0.aar (com.google.accompanist:accompanist-drawablepainter:0.32.0) with ExtractAarTransform
Transforming accompanist-drawablepainter-0.32.0.aar (com.google.accompanist:accompanist-drawablepainter:0.32.0) with AarTransform
Transforming ui-release.aar (androidx.compose.ui:ui-android:1.6.2) with JetifyTransform
Transforming ui-release.aar (androidx.compose.ui:ui-android:1.6.2) with ExtractAarTransform
Transforming ui-release.aar (androidx.compose.ui:ui-android:1.6.2) with AarTransform
Transforming ui-test-manifest-1.6.2.aar (androidx.compose.ui:ui-test-manifest:1.6.2) with JetifyTransform
Transforming ui-test-manifest-1.6.2.aar (androidx.compose.ui:ui-test-manifest:1.6.2) with ExtractAarTransform
Transforming ui-test-manifest-1.6.2.aar (androidx.compose.ui:ui-test-manifest:1.6.2) with AarTransform
Transforming activity-1.9.3.aar (androidx.activity:activity:1.9.3) with JetifyTransform
Transforming activity-1.9.3.aar (androidx.activity:activity:1.9.3) with ExtractAarTransform
Transforming activity-1.9.3.aar (androidx.activity:activity:1.9.3) with AarTransform
Transforming lifecycle-viewmodel-savedstate-2.8.7.aar (androidx.lifecycle:lifecycle-viewmodel-savedstate:2.8.7) with JetifyTransform
Transforming lifecycle-viewmodel-savedstate-2.8.7.aar (androidx.lifecycle:lifecycle-viewmodel-savedstate:2.8.7) with ExtractAarTransform
Transforming lifecycle-viewmodel-savedstate-2.8.7.aar (androidx.lifecycle:lifecycle-viewmodel-savedstate:2.8.7) with AarTransform
Transforming lifecycle-runtime-ktx-release.aar (androidx.lifecycle:lifecycle-runtime-ktx-android:2.8.7) with JetifyTransform
Transforming lifecycle-runtime-ktx-release.aar (androidx.lifecycle:lifecycle-runtime-ktx-android:2.8.7) with ExtractAarTransform
Transforming lifecycle-runtime-ktx-release.aar (androidx.lifecycle:lifecycle-runtime-ktx-android:2.8.7) with AarTransform
Transforming lifecycle-livedata-2.8.7.aar (androidx.lifecycle:lifecycle-livedata:2.8.7) with JetifyTransform
Transforming lifecycle-livedata-2.8.7.aar (androidx.lifecycle:lifecycle-livedata:2.8.7) with ExtractAarTransform
Transforming lifecycle-livedata-2.8.7.aar (androidx.lifecycle:lifecycle-livedata:2.8.7) with AarTransform
Transforming lifecycle-livedata-2.8.7.aar (androidx.lifecycle:lifecycle-livedata:2.8.7) with JetifyTransform
Transforming lifecycle-livedata-2.8.7.aar (androidx.lifecycle:lifecycle-livedata:2.8.7) with ExtractAarTransform
Transforming lifecycle-livedata-2.8.7.aar (androidx.lifecycle:lifecycle-livedata:2.8.7) with AarTransform
Transforming lifecycle-livedata-core-ktx-2.8.7.aar (androidx.lifecycle:lifecycle-livedata-core-ktx:2.8.7) with JetifyTransform
Transforming lifecycle-livedata-core-ktx-2.8.7.aar (androidx.lifecycle:lifecycle-livedata-core-ktx:2.8.7) with ExtractAarTransform
Transforming lifecycle-livedata-core-ktx-2.8.7.aar (androidx.lifecycle:lifecycle-livedata-core-ktx:2.8.7) with AarTransform
Transforming lifecycle-livedata-ktx-2.8.7.aar (androidx.lifecycle:lifecycle-livedata-ktx:2.8.7) with JetifyTransform
Transforming lifecycle-livedata-ktx-2.8.7.aar (androidx.lifecycle:lifecycle-livedata-ktx:2.8.7) with ExtractAarTransform
Transforming lifecycle-livedata-ktx-2.8.7.aar (androidx.lifecycle:lifecycle-livedata-ktx:2.8.7) with AarTransform
Transforming lifecycle-viewmodel-ktx-2.8.7.aar (androidx.lifecycle:lifecycle-viewmodel-ktx:2.8.7) with JetifyTransform
Transforming lifecycle-viewmodel-ktx-2.8.7.aar (androidx.lifecycle:lifecycle-viewmodel-ktx:2.8.7) with ExtractAarTransform
Transforming lifecycle-viewmodel-ktx-2.8.7.aar (androidx.lifecycle:lifecycle-viewmodel-ktx:2.8.7) with AarTransform
Transforming runtime-saveable-release.aar (androidx.compose.runtime:runtime-saveable-android:1.7.1) with JetifyTransform
Transforming runtime-saveable-release.aar (androidx.compose.runtime:runtime-saveable-android:1.7.1) with ExtractAarTransform
Transforming runtime-saveable-release.aar (androidx.compose.runtime:runtime-saveable-android:1.7.1) with AarTransform
Transforming runtime-release.aar (androidx.compose.runtime:runtime-android:1.7.1) with JetifyTransform
Transforming runtime-release.aar (androidx.compose.runtime:runtime-android:1.7.1) with ExtractAarTransform
Transforming runtime-release.aar (androidx.compose.runtime:runtime-android:1.7.1) with AarTransform
Transforming ads-adservices-java-1.0.0-beta05.aar (androidx.privacysandbox.ads:ads-adservices-java:1.0.0-beta05) with JetifyTransform
Transforming ads-adservices-java-1.0.0-beta05.aar (androidx.privacysandbox.ads:ads-adservices-java:1.0.0-beta05) with ExtractAarTransform
Transforming ads-adservices-java-1.0.0-beta05.aar (androidx.privacysandbox.ads:ads-adservices-java:1.0.0-beta05) with AarTransform
Transforming ads-adservices-1.0.0-beta05.aar (androidx.privacysandbox.ads:ads-adservices:1.0.0-beta05) with JetifyTransform
Transforming ads-adservices-1.0.0-beta05.aar (androidx.privacysandbox.ads:ads-adservices:1.0.0-beta05) with ExtractAarTransform
Transforming ads-adservices-1.0.0-beta05.aar (androidx.privacysandbox.ads:ads-adservices:1.0.0-beta05) with AarTransform
Transforming ads-adservices-1.0.0-beta05.aar (androidx.privacysandbox.ads:ads-adservices:1.0.0-beta05) with JetifyTransform
Transforming ads-adservices-1.0.0-beta05.aar (androidx.privacysandbox.ads:ads-adservices:1.0.0-beta05) with ExtractAarTransform
Transforming ads-adservices-1.0.0-beta05.aar (androidx.privacysandbox.ads:ads-adservices:1.0.0-beta05) with AarTransform
Transforming firebase-installations-interop-17.1.1.aar (com.google.firebase:firebase-installations-interop:17.1.1) with JetifyTransform
Transforming firebase-installations-interop-17.1.1.aar (com.google.firebase:firebase-installations-interop:17.1.1) with ExtractAarTransform
Transforming firebase-installations-interop-17.1.1.aar (com.google.firebase:firebase-installations-interop:17.1.1) with AarTransform
Transforming firebase-installations-interop-17.1.1.aar (com.google.firebase:firebase-installations-interop:17.1.1) with JetifyTransform
Transforming firebase-installations-interop-17.1.1.aar (com.google.firebase:firebase-installations-interop:17.1.1) with ExtractAarTransform
Transforming firebase-installations-interop-17.1.1.aar (com.google.firebase:firebase-installations-interop:17.1.1) with AarTransform
Transforming play-services-tasks-18.2.0.aar (com.google.android.gms:play-services-tasks:18.2.0) with JetifyTransform
Transforming play-services-tasks-18.2.0.aar (com.google.android.gms:play-services-tasks:18.2.0) with ExtractAarTransform
Transforming play-services-tasks-18.2.0.aar (com.google.android.gms:play-services-tasks:18.2.0) with AarTransform
Transforming play-services-tasks-18.2.0.aar (com.google.android.gms:play-services-tasks:18.2.0) with JetifyTransform
Transforming play-services-tasks-18.2.0.aar (com.google.android.gms:play-services-tasks:18.2.0) with ExtractAarTransform
Transforming play-services-tasks-18.2.0.aar (com.google.android.gms:play-services-tasks:18.2.0) with AarTransform
Transforming play-services-tasks-18.2.0.aar (com.google.android.gms:play-services-tasks:18.2.0) with JetifyTransform
Transforming play-services-tasks-18.2.0.aar (com.google.android.gms:play-services-tasks:18.2.0) with ExtractAarTransform
Transforming play-services-tasks-18.2.0.aar (com.google.android.gms:play-services-tasks:18.2.0) with AarTransform
Transforming play-services-tasks-18.2.0.aar (com.google.android.gms:play-services-tasks:18.2.0) with JetifyTransform
Transforming play-services-tasks-18.2.0.aar (com.google.android.gms:play-services-tasks:18.2.0) with ExtractAarTransform
Transforming play-services-tasks-18.2.0.aar (com.google.android.gms:play-services-tasks:18.2.0) with AarTransform
Transforming play-services-tasks-18.2.0.aar (com.google.android.gms:play-services-tasks:18.2.0) with JetifyTransform
Transforming play-services-tasks-18.2.0.aar (com.google.android.gms:play-services-tasks:18.2.0) with ExtractAarTransform
Transforming play-services-tasks-18.2.0.aar (com.google.android.gms:play-services-tasks:18.2.0) with AarTransform
Transforming play-services-tasks-18.2.0.aar (com.google.android.gms:play-services-tasks:18.2.0) with JetifyTransform
Transforming play-services-tasks-18.2.0.aar (com.google.android.gms:play-services-tasks:18.2.0) with ExtractAarTransform
Transforming play-services-tasks-18.2.0.aar (com.google.android.gms:play-services-tasks:18.2.0) with AarTransform
Transforming play-services-tasks-18.2.0.aar (com.google.android.gms:play-services-tasks:18.2.0) with JetifyTransform
Transforming play-services-tasks-18.2.0.aar (com.google.android.gms:play-services-tasks:18.2.0) with ExtractAarTransform
Transforming play-services-tasks-18.2.0.aar (com.google.android.gms:play-services-tasks:18.2.0) with AarTransform
Transforming play-services-tasks-18.2.0.aar (com.google.android.gms:play-services-tasks:18.2.0) with JetifyTransform
Transforming play-services-tasks-18.2.0.aar (com.google.android.gms:play-services-tasks:18.2.0) with ExtractAarTransform
Transforming play-services-tasks-18.2.0.aar (com.google.android.gms:play-services-tasks:18.2.0) with AarTransform
Transforming play-services-tasks-18.2.0.aar (com.google.android.gms:play-services-tasks:18.2.0) with JetifyTransform
Transforming play-services-tasks-18.2.0.aar (com.google.android.gms:play-services-tasks:18.2.0) with ExtractAarTransform
Transforming play-services-tasks-18.2.0.aar (com.google.android.gms:play-services-tasks:18.2.0) with AarTransform
Transforming firebase-measurement-connector-19.0.0.aar (com.google.firebase:firebase-measurement-connector:19.0.0) with JetifyTransform
Transforming firebase-measurement-connector-19.0.0.aar (com.google.firebase:firebase-measurement-connector:19.0.0) with ExtractAarTransform
Transforming firebase-measurement-connector-19.0.0.aar (com.google.firebase:firebase-measurement-connector:19.0.0) with AarTransform
Transforming play-services-basement-18.4.0.aar (com.google.android.gms:play-services-basement:18.4.0) with JetifyTransform
Transforming play-services-basement-18.4.0.aar (com.google.android.gms:play-services-basement:18.4.0) with ExtractAarTransform
Transforming play-services-basement-18.4.0.aar (com.google.android.gms:play-services-basement:18.4.0) with AarTransform
Transforming play-services-basement-18.4.0.aar (com.google.android.gms:play-services-basement:18.4.0) with JetifyTransform
Transforming play-services-basement-18.4.0.aar (com.google.android.gms:play-services-basement:18.4.0) with ExtractAarTransform
Transforming play-services-basement-18.4.0.aar (com.google.android.gms:play-services-basement:18.4.0) with AarTransform
Transforming play-services-basement-18.4.0.aar (com.google.android.gms:play-services-basement:18.4.0) with JetifyTransform
Transforming play-services-basement-18.4.0.aar (com.google.android.gms:play-services-basement:18.4.0) with ExtractAarTransform
Transforming play-services-basement-18.4.0.aar (com.google.android.gms:play-services-basement:18.4.0) with AarTransform
Transforming play-services-basement-18.4.0.aar (com.google.android.gms:play-services-basement:18.4.0) with JetifyTransform
Transforming play-services-basement-18.4.0.aar (com.google.android.gms:play-services-basement:18.4.0) with ExtractAarTransform
Transforming play-services-basement-18.4.0.aar (com.google.android.gms:play-services-basement:18.4.0) with AarTransform
Transforming play-services-basement-18.4.0.aar (com.google.android.gms:play-services-basement:18.4.0) with JetifyTransform
Transforming play-services-basement-18.4.0.aar (com.google.android.gms:play-services-basement:18.4.0) with ExtractAarTransform
Transforming play-services-basement-18.4.0.aar (com.google.android.gms:play-services-basement:18.4.0) with AarTransform
Transforming play-services-basement-18.4.0.aar (com.google.android.gms:play-services-basement:18.4.0) with JetifyTransform
Transforming play-services-basement-18.4.0.aar (com.google.android.gms:play-services-basement:18.4.0) with ExtractAarTransform
Transforming play-services-basement-18.4.0.aar (com.google.android.gms:play-services-basement:18.4.0) with AarTransform
Transforming play-services-basement-18.4.0.aar (com.google.android.gms:play-services-basement:18.4.0) with JetifyTransform
Transforming play-services-basement-18.4.0.aar (com.google.android.gms:play-services-basement:18.4.0) with ExtractAarTransform
Transforming play-services-basement-18.4.0.aar (com.google.android.gms:play-services-basement:18.4.0) with AarTransform
Transforming play-services-basement-18.4.0.aar (com.google.android.gms:play-services-basement:18.4.0) with JetifyTransform
Transforming play-services-basement-18.4.0.aar (com.google.android.gms:play-services-basement:18.4.0) with ExtractAarTransform
Transforming play-services-basement-18.4.0.aar (com.google.android.gms:play-services-basement:18.4.0) with AarTransform
Transforming play-services-basement-18.4.0.aar (com.google.android.gms:play-services-basement:18.4.0) with JetifyTransform
Transforming play-services-basement-18.4.0.aar (com.google.android.gms:play-services-basement:18.4.0) with ExtractAarTransform
Transforming play-services-basement-18.4.0.aar (com.google.android.gms:play-services-basement:18.4.0) with AarTransform
Transforming play-services-basement-18.4.0.aar (com.google.android.gms:play-services-basement:18.4.0) with JetifyTransform
Transforming play-services-basement-18.4.0.aar (com.google.android.gms:play-services-basement:18.4.0) with ExtractAarTransform
Transforming play-services-basement-18.4.0.aar (com.google.android.gms:play-services-basement:18.4.0) with AarTransform
Transforming play-services-basement-18.4.0.aar (com.google.android.gms:play-services-basement:18.4.0) with JetifyTransform
Transforming play-services-basement-18.4.0.aar (com.google.android.gms:play-services-basement:18.4.0) with ExtractAarTransform
Transforming play-services-basement-18.4.0.aar (com.google.android.gms:play-services-basement:18.4.0) with AarTransform
Transforming play-services-basement-18.4.0.aar (com.google.android.gms:play-services-basement:18.4.0) with JetifyTransform
Transforming play-services-basement-18.4.0.aar (com.google.android.gms:play-services-basement:18.4.0) with ExtractAarTransform
Transforming play-services-basement-18.4.0.aar (com.google.android.gms:play-services-basement:18.4.0) with AarTransform
Transforming play-services-basement-18.4.0.aar (com.google.android.gms:play-services-basement:18.4.0) with JetifyTransform
Transforming play-services-basement-18.4.0.aar (com.google.android.gms:play-services-basement:18.4.0) with ExtractAarTransform
Transforming play-services-basement-18.4.0.aar (com.google.android.gms:play-services-basement:18.4.0) with AarTransform
Transforming play-services-basement-18.4.0.aar (com.google.android.gms:play-services-basement:18.4.0) with JetifyTransform
Transforming play-services-basement-18.4.0.aar (com.google.android.gms:play-services-basement:18.4.0) with ExtractAarTransform
Transforming play-services-basement-18.4.0.aar (com.google.android.gms:play-services-basement:18.4.0) with AarTransform
Transforming fragment-1.8.5.aar (androidx.fragment:fragment:1.8.5) with JetifyTransform
Transforming fragment-1.8.5.aar (androidx.fragment:fragment:1.8.5) with ExtractAarTransform
Transforming fragment-1.8.5.aar (androidx.fragment:fragment:1.8.5) with AarTransform
Transforming fragment-1.8.5.aar (androidx.fragment:fragment:1.8.5) with JetifyTransform
Transforming fragment-1.8.5.aar (androidx.fragment:fragment:1.8.5) with ExtractAarTransform
Transforming fragment-1.8.5.aar (androidx.fragment:fragment:1.8.5) with AarTransform
Transforming fragment-1.8.5.aar (androidx.fragment:fragment:1.8.5) with JetifyTransform
Transforming fragment-1.8.5.aar (androidx.fragment:fragment:1.8.5) with ExtractAarTransform
Transforming fragment-1.8.5.aar (androidx.fragment:fragment:1.8.5) with AarTransform
Transforming fragment-ktx-1.8.5.aar (androidx.fragment:fragment-ktx:1.8.5) with JetifyTransform
Transforming fragment-ktx-1.8.5.aar (androidx.fragment:fragment-ktx:1.8.5) with ExtractAarTransform
Transforming fragment-ktx-1.8.5.aar (androidx.fragment:fragment-ktx:1.8.5) with AarTransform
Transforming activity-ktx-1.9.3.aar (androidx.activity:activity-ktx:1.9.3) with JetifyTransform
Transforming activity-ktx-1.9.3.aar (androidx.activity:activity-ktx:1.9.3) with ExtractAarTransform
Transforming activity-ktx-1.9.3.aar (androidx.activity:activity-ktx:1.9.3) with AarTransform
Transforming customview-poolingcontainer-1.0.0.aar (androidx.customview:customview-poolingcontainer:1.0.0) with JetifyTransform
Transforming customview-poolingcontainer-1.0.0.aar (androidx.customview:customview-poolingcontainer:1.0.0) with ExtractAarTransform
Transforming customview-poolingcontainer-1.0.0.aar (androidx.customview:customview-poolingcontainer:1.0.0) with AarTransform
Transforming core-ktx-1.13.1.aar (androidx.core:core-ktx:1.13.1) with JetifyTransform
Transforming core-ktx-1.13.1.aar (androidx.core:core-ktx:1.13.1) with ExtractAarTransform
Transforming core-ktx-1.13.1.aar (androidx.core:core-ktx:1.13.1) with AarTransform
Transforming flexbox-3.0.0.aar (com.google.android.flexbox:flexbox:3.0.0) with JetifyTransform
Transforming flexbox-3.0.0.aar (com.google.android.flexbox:flexbox:3.0.0) with ExtractAarTransform
Transforming flexbox-3.0.0.aar (com.google.android.flexbox:flexbox:3.0.0) with AarTransform
Transforming sqlite-framework-2.4.0.aar (androidx.sqlite:sqlite-framework:2.4.0) with JetifyTransform
Transforming sqlite-framework-2.4.0.aar (androidx.sqlite:sqlite-framework:2.4.0) with ExtractAarTransform
Transforming sqlite-framework-2.4.0.aar (androidx.sqlite:sqlite-framework:2.4.0) with AarTransform
Transforming sqlite-2.4.0.aar (androidx.sqlite:sqlite:2.4.0) with JetifyTransform
Transforming sqlite-2.4.0.aar (androidx.sqlite:sqlite:2.4.0) with ExtractAarTransform
Transforming sqlite-2.4.0.aar (androidx.sqlite:sqlite:2.4.0) with AarTransform
Transforming security-crypto-1.1.0-alpha06.aar (androidx.security:security-crypto:1.1.0-alpha06) with JetifyTransform
Transforming security-crypto-1.1.0-alpha06.aar (androidx.security:security-crypto:1.1.0-alpha06) with ExtractAarTransform
Transforming security-crypto-1.1.0-alpha06.aar (androidx.security:security-crypto:1.1.0-alpha06) with AarTransform
Transforming cursoradapter-1.0.0.aar (androidx.cursoradapter:cursoradapter:1.0.0) with JetifyTransform
Transforming cursoradapter-1.0.0.aar (androidx.cursoradapter:cursoradapter:1.0.0) with ExtractAarTransform
Transforming cursoradapter-1.0.0.aar (androidx.cursoradapter:cursoradapter:1.0.0) with AarTransform
Transforming profileinstaller-1.3.1.aar (androidx.profileinstaller:profileinstaller:1.3.1) with JetifyTransform
Transforming profileinstaller-1.3.1.aar (androidx.profileinstaller:profileinstaller:1.3.1) with ExtractAarTransform
Transforming profileinstaller-1.3.1.aar (androidx.profileinstaller:profileinstaller:1.3.1) with AarTransform
Transforming cardview-1.0.0.aar (androidx.cardview:cardview:1.0.0) with JetifyTransform
Transforming cardview-1.0.0.aar (androidx.cardview:cardview:1.0.0) with ExtractAarTransform
Transforming cardview-1.0.0.aar (androidx.cardview:cardview:1.0.0) with AarTransform
Transforming core-runtime-2.2.0.aar (androidx.arch.core:core-runtime:2.2.0) with JetifyTransform
Transforming core-runtime-2.2.0.aar (androidx.arch.core:core-runtime:2.2.0) with ExtractAarTransform
Transforming core-runtime-2.2.0.aar (androidx.arch.core:core-runtime:2.2.0) with AarTransform
Transforming gifdecoder-4.16.0.aar (com.github.bumptech.glide:gifdecoder:4.16.0) with JetifyTransform
Transforming gifdecoder-4.16.0.aar (com.github.bumptech.glide:gifdecoder:4.16.0) with ExtractAarTransform
Transforming gifdecoder-4.16.0.aar (com.github.bumptech.glide:gifdecoder:4.16.0) with AarTransform
Transforming startup-runtime-1.1.1.aar (androidx.startup:startup-runtime:1.1.1) with JetifyTransform
Transforming startup-runtime-1.1.1.aar (androidx.startup:startup-runtime:1.1.1) with ExtractAarTransform
Transforming startup-runtime-1.1.1.aar (androidx.startup:startup-runtime:1.1.1) with AarTransform
Transforming tracing-1.0.0.aar (androidx.tracing:tracing:1.0.0) with JetifyTransform
Transforming tracing-1.0.0.aar (androidx.tracing:tracing:1.0.0) with ExtractAarTransform
Transforming tracing-1.0.0.aar (androidx.tracing:tracing:1.0.0) with AarTransform
Transforming firebase-components-18.0.0.aar (com.google.firebase:firebase-components:18.0.0) with JetifyTransform
Transforming firebase-components-18.0.0.aar (com.google.firebase:firebase-components:18.0.0) with ExtractAarTransform
Transforming firebase-components-18.0.0.aar (com.google.firebase:firebase-components:18.0.0) with AarTransform
Transforming firebase-components-18.0.0.aar (com.google.firebase:firebase-components:18.0.0) with JetifyTransform
Transforming firebase-components-18.0.0.aar (com.google.firebase:firebase-components:18.0.0) with ExtractAarTransform
Transforming firebase-components-18.0.0.aar (com.google.firebase:firebase-components:18.0.0) with AarTransform
Transforming firebase-components-18.0.0.aar (com.google.firebase:firebase-components:18.0.0) with JetifyTransform
Transforming firebase-components-18.0.0.aar (com.google.firebase:firebase-components:18.0.0) with ExtractAarTransform
Transforming firebase-components-18.0.0.aar (com.google.firebase:firebase-components:18.0.0) with AarTransform
Transforming firebase-components-18.0.0.aar (com.google.firebase:firebase-components:18.0.0) with JetifyTransform
Transforming firebase-components-18.0.0.aar (com.google.firebase:firebase-components:18.0.0) with ExtractAarTransform
Transforming firebase-components-18.0.0.aar (com.google.firebase:firebase-components:18.0.0) with AarTransform
Transforming firebase-components-18.0.0.aar (com.google.firebase:firebase-components:18.0.0) with JetifyTransform
Transforming firebase-components-18.0.0.aar (com.google.firebase:firebase-components:18.0.0) with ExtractAarTransform
Transforming firebase-components-18.0.0.aar (com.google.firebase:firebase-components:18.0.0) with AarTransform
Transforming firebase-components-18.0.0.aar (com.google.firebase:firebase-components:18.0.0) with JetifyTransform
Transforming firebase-components-18.0.0.aar (com.google.firebase:firebase-components:18.0.0) with ExtractAarTransform
Transforming firebase-components-18.0.0.aar (com.google.firebase:firebase-components:18.0.0) with AarTransform
Transforming firebase-components-18.0.0.aar (com.google.firebase:firebase-components:18.0.0) with JetifyTransform
Transforming firebase-components-18.0.0.aar (com.google.firebase:firebase-components:18.0.0) with ExtractAarTransform
Transforming firebase-components-18.0.0.aar (com.google.firebase:firebase-components:18.0.0) with AarTransform
Transforming interpolator-1.0.0.aar (androidx.interpolator:interpolator:1.0.0) with JetifyTransform
Transforming interpolator-1.0.0.aar (androidx.interpolator:interpolator:1.0.0) with ExtractAarTransform
Transforming interpolator-1.0.0.aar (androidx.interpolator:interpolator:1.0.0) with AarTransform
Transforming interpolator-1.0.0.aar (androidx.interpolator:interpolator:1.0.0) with JetifyTransform
Transforming interpolator-1.0.0.aar (androidx.interpolator:interpolator:1.0.0) with ExtractAarTransform
Transforming interpolator-1.0.0.aar (androidx.interpolator:interpolator:1.0.0) with AarTransform
Transforming versionedparcelable-1.1.1.aar (androidx.versionedparcelable:versionedparcelable:1.1.1) with JetifyTransform
Transforming versionedparcelable-1.1.1.aar (androidx.versionedparcelable:versionedparcelable:1.1.1) with ExtractAarTransform
Transforming versionedparcelable-1.1.1.aar (androidx.versionedparcelable:versionedparcelable:1.1.1) with AarTransform
Transforming documentfile-1.0.0.aar (androidx.documentfile:documentfile:1.0.0) with JetifyTransform
Transforming documentfile-1.0.0.aar (androidx.documentfile:documentfile:1.0.0) with ExtractAarTransform
Transforming documentfile-1.0.0.aar (androidx.documentfile:documentfile:1.0.0) with AarTransform
Transforming localbroadcastmanager-1.0.0.aar (androidx.localbroadcastmanager:localbroadcastmanager:1.0.0) with JetifyTransform
Transforming localbroadcastmanager-1.0.0.aar (androidx.localbroadcastmanager:localbroadcastmanager:1.0.0) with ExtractAarTransform
Transforming localbroadcastmanager-1.0.0.aar (androidx.localbroadcastmanager:localbroadcastmanager:1.0.0) with AarTransform
Transforming print-1.0.0.aar (androidx.print:print:1.0.0) with JetifyTransform
Transforming print-1.0.0.aar (androidx.print:print:1.0.0) with ExtractAarTransform
Transforming print-1.0.0.aar (androidx.print:print:1.0.0) with AarTransform
Transforming exifinterface-1.3.7.aar (androidx.exifinterface:exifinterface:1.3.7) with JetifyTransform
Transforming exifinterface-1.3.7.aar (androidx.exifinterface:exifinterface:1.3.7) with ExtractAarTransform
Transforming exifinterface-1.3.7.aar (androidx.exifinterface:exifinterface:1.3.7) with AarTransform
Transforming annotation-experimental-1.4.1.aar (androidx.annotation:annotation-experimental:1.4.1) with JetifyTransform
Transforming annotation-experimental-1.4.1.aar (androidx.annotation:annotation-experimental:1.4.1) with ExtractAarTransform
Transforming annotation-experimental-1.4.1.aar (androidx.annotation:annotation-experimental:1.4.1) with AarTransform
Transforming multidex-2.0.1.aar (androidx.multidex:multidex:2.0.1) with JetifyTransform
Transforming multidex-2.0.1.aar (androidx.multidex:multidex:2.0.1) with ExtractAarTransform
Transforming multidex-2.0.1.aar (androidx.multidex:multidex:2.0.1) with AarTransform
Transforming grpc-android-1.57.2.aar (io.grpc:grpc-android:1.57.2) with JetifyTransform
Transforming grpc-android-1.57.2.aar (io.grpc:grpc-android:1.57.2) with ExtractAarTransform
Transforming grpc-android-1.57.2.aar (io.grpc:grpc-android:1.57.2) with AarTransform
Transforming zxing-android-embedded-4.3.0.aar (com.journeyapps:zxing-android-embedded:4.3.0) with JetifyTransform
Transforming zxing-android-embedded-4.3.0.aar (com.journeyapps:zxing-android-embedded:4.3.0) with ExtractAarTransform
Transforming zxing-android-embedded-4.3.0.aar (com.journeyapps:zxing-android-embedded:4.3.0) with AarTransform
Transforming dagger-lint-aar-2.51.1.aar (com.google.dagger:dagger-lint-aar:2.51.1) with JetifyTransform
Transforming dagger-lint-aar-2.51.1.aar (com.google.dagger:dagger-lint-aar:2.51.1) with ExtractAarTransform
Transforming dagger-lint-aar-2.51.1.aar (com.google.dagger:dagger-lint-aar:2.51.1) with AarTransform
Transforming protolite-well-known-types-18.0.0.aar (com.google.firebase:protolite-well-known-types:18.0.0) with JetifyTransform
Transforming protolite-well-known-types-18.0.0.aar (com.google.firebase:protolite-well-known-types:18.0.0) with ExtractAarTransform
Transforming protolite-well-known-types-18.0.0.aar (com.google.firebase:protolite-well-known-types:18.0.0) with AarTransform
Caching disabled for task ':app:processDebugMainManifest' because:
  Build cache is disabled
Skipping task ':app:processDebugMainManifest' as it is up-to-date.
Resolve mutations for :app:processDebugManifest (Thread[#65,Execution worker,5,main]) started.
:app:processDebugManifest (Thread[#65,Execution worker,5,main]) started.

> Task :app:processDebugManifest UP-TO-DATE
Caching disabled for task ':app:processDebugManifest' because:
  Build cache is disabled
Skipping task ':app:processDebugManifest' as it is up-to-date.
Resolve mutations for :app:processDebugManifestForPackage (Thread[#65,Execution worker,5,main]) started.
:app:processDebugManifestForPackage (Thread[#65,Execution worker,5,main]) started.

> Task :app:processDebugManifestForPackage UP-TO-DATE
Custom actions are attached to task ':app:processDebugManifestForPackage'.
Caching disabled for task ':app:processDebugManifestForPackage' because:
  Build cache is disabled
Skipping task ':app:processDebugManifestForPackage' as it is up-to-date.
Resolve mutations for :app:processDebugResources (Thread[#65,Execution worker,5,main]) started.
:app:processDebugResources (Thread[#65,Execution worker,5,main]) started.

> Task :app:processDebugResources UP-TO-DATE
Transforming aapt2-8.7.1-12006047-windows.jar (com.android.tools.build:aapt2:8.7.1-12006047) with Aapt2Extractor
Transforming viewbinding-8.7.1.aar (androidx.databinding:viewbinding:8.7.1) with JetifyTransform
Transforming viewbinding-8.7.1.aar (androidx.databinding:viewbinding:8.7.1) with ExtractAarTransform
Transforming viewbinding-8.7.1.aar (androidx.databinding:viewbinding:8.7.1) with AarResourcesCompilerTransform
Transforming material-1.12.0.aar (com.google.android.material:material:1.12.0) with JetifyTransform
Transforming material-1.12.0.aar (com.google.android.material:material:1.12.0) with ExtractAarTransform
Transforming material-1.12.0.aar (com.google.android.material:material:1.12.0) with AarResourcesCompilerTransform
Transforming constraintlayout-2.1.4.aar (androidx.constraintlayout:constraintlayout:2.1.4) with JetifyTransform
Transforming constraintlayout-2.1.4.aar (androidx.constraintlayout:constraintlayout:2.1.4) with ExtractAarTransform
Transforming constraintlayout-2.1.4.aar (androidx.constraintlayout:constraintlayout:2.1.4) with AarResourcesCompilerTransform
Transforming coil-compose-2.6.0.aar (io.coil-kt:coil-compose:2.6.0) with JetifyTransform
Transforming coil-compose-2.6.0.aar (io.coil-kt:coil-compose:2.6.0) with ExtractAarTransform
Transforming coil-compose-2.6.0.aar (io.coil-kt:coil-compose:2.6.0) with AarResourcesCompilerTransform
Transforming coil-compose-base-2.6.0.aar (io.coil-kt:coil-compose-base:2.6.0) with JetifyTransform
Transforming coil-compose-base-2.6.0.aar (io.coil-kt:coil-compose-base:2.6.0) with ExtractAarTransform
Transforming coil-compose-base-2.6.0.aar (io.coil-kt:coil-compose-base:2.6.0) with AarResourcesCompilerTransform
Transforming coil-2.6.0.aar (io.coil-kt:coil:2.6.0) with JetifyTransform
Transforming coil-2.6.0.aar (io.coil-kt:coil:2.6.0) with ExtractAarTransform
Transforming coil-2.6.0.aar (io.coil-kt:coil:2.6.0) with AarResourcesCompilerTransform
Transforming coil-base-2.6.0.aar (io.coil-kt:coil-base:2.6.0) with JetifyTransform
Transforming coil-base-2.6.0.aar (io.coil-kt:coil-base:2.6.0) with ExtractAarTransform
Transforming coil-base-2.6.0.aar (io.coil-kt:coil-base:2.6.0) with AarResourcesCompilerTransform
Transforming appcompat-resources-1.7.0.aar (androidx.appcompat:appcompat-resources:1.7.0) with JetifyTransform
Transforming appcompat-resources-1.7.0.aar (androidx.appcompat:appcompat-resources:1.7.0) with ExtractAarTransform
Transforming appcompat-resources-1.7.0.aar (androidx.appcompat:appcompat-resources:1.7.0) with AarResourcesCompilerTransform
Transforming preference-ktx-1.2.1.aar (androidx.preference:preference-ktx:1.2.1) with JetifyTransform
Transforming preference-ktx-1.2.1.aar (androidx.preference:preference-ktx:1.2.1) with ExtractAarTransform
Transforming preference-ktx-1.2.1.aar (androidx.preference:preference-ktx:1.2.1) with AarResourcesCompilerTransform
Transforming preference-1.2.1.aar (androidx.preference:preference:1.2.1) with JetifyTransform
Transforming preference-1.2.1.aar (androidx.preference:preference:1.2.1) with ExtractAarTransform
Transforming preference-1.2.1.aar (androidx.preference:preference:1.2.1) with AarResourcesCompilerTransform
Transforming appcompat-1.7.0.aar (androidx.appcompat:appcompat:1.7.0) with JetifyTransform
Transforming appcompat-1.7.0.aar (androidx.appcompat:appcompat:1.7.0) with ExtractAarTransform
Transforming appcompat-1.7.0.aar (androidx.appcompat:appcompat:1.7.0) with AarResourcesCompilerTransform
Transforming okhttp3-integration-4.16.0.aar (com.github.bumptech.glide:okhttp3-integration:4.16.0) with JetifyTransform
Transforming okhttp3-integration-4.16.0.aar (com.github.bumptech.glide:okhttp3-integration:4.16.0) with ExtractAarTransform
Transforming okhttp3-integration-4.16.0.aar (com.github.bumptech.glide:okhttp3-integration:4.16.0) with AarResourcesCompilerTransform
Transforming glide-4.16.0.aar (com.github.bumptech.glide:glide:4.16.0) with JetifyTransform
Transforming glide-4.16.0.aar (com.github.bumptech.glide:glide:4.16.0) with ExtractAarTransform
Transforming glide-4.16.0.aar (com.github.bumptech.glide:glide:4.16.0) with AarResourcesCompilerTransform
Transforming hilt-work-1.2.0.aar (androidx.hilt:hilt-work:1.2.0) with JetifyTransform
Transforming hilt-work-1.2.0.aar (androidx.hilt:hilt-work:1.2.0) with ExtractAarTransform
Transforming hilt-work-1.2.0.aar (androidx.hilt:hilt-work:1.2.0) with AarResourcesCompilerTransform
Transforming hilt-android-2.51.1.aar (com.google.dagger:hilt-android:2.51.1) with JetifyTransform
Transforming hilt-android-2.51.1.aar (com.google.dagger:hilt-android:2.51.1) with ExtractAarTransform
Transforming hilt-android-2.51.1.aar (com.google.dagger:hilt-android:2.51.1) with AarResourcesCompilerTransform
Transforming media3-exoplayer-hls-1.5.0.aar (androidx.media3:media3-exoplayer-hls:1.5.0) with JetifyTransform
Transforming media3-exoplayer-hls-1.5.0.aar (androidx.media3:media3-exoplayer-hls:1.5.0) with ExtractAarTransform
Transforming media3-exoplayer-hls-1.5.0.aar (androidx.media3:media3-exoplayer-hls:1.5.0) with AarResourcesCompilerTransform
Transforming media3-ffmpeg-decoder-1.5.0+1.aar (org.jellyfin.media3:media3-ffmpeg-decoder:1.5.0+1) with JetifyTransform
Transforming media3-ffmpeg-decoder-1.5.0+1.aar (org.jellyfin.media3:media3-ffmpeg-decoder:1.5.0+1) with ExtractAarTransform
Transforming media3-ffmpeg-decoder-1.5.0+1.aar (org.jellyfin.media3:media3-ffmpeg-decoder:1.5.0+1) with AarResourcesCompilerTransform
Transforming media3-exoplayer-1.5.0.aar (androidx.media3:media3-exoplayer:1.5.0) with JetifyTransform
Transforming media3-exoplayer-1.5.0.aar (androidx.media3:media3-exoplayer:1.5.0) with ExtractAarTransform
Transforming media3-exoplayer-1.5.0.aar (androidx.media3:media3-exoplayer:1.5.0) with AarResourcesCompilerTransform
Transforming media3-exoplayer-1.5.0.aar (androidx.media3:media3-exoplayer:1.5.0) with JetifyTransform
Transforming media3-exoplayer-1.5.0.aar (androidx.media3:media3-exoplayer:1.5.0) with ExtractAarTransform
Transforming media3-exoplayer-1.5.0.aar (androidx.media3:media3-exoplayer:1.5.0) with AarResourcesCompilerTransform
Transforming media3-datasource-okhttp-1.5.0.aar (androidx.media3:media3-datasource-okhttp:1.5.0) with JetifyTransform
Transforming media3-datasource-okhttp-1.5.0.aar (androidx.media3:media3-datasource-okhttp:1.5.0) with ExtractAarTransform
Transforming media3-datasource-okhttp-1.5.0.aar (androidx.media3:media3-datasource-okhttp:1.5.0) with AarResourcesCompilerTransform
Transforming media3-extractor-1.5.0.aar (androidx.media3:media3-extractor:1.5.0) with JetifyTransform
Transforming media3-extractor-1.5.0.aar (androidx.media3:media3-extractor:1.5.0) with ExtractAarTransform
Transforming media3-extractor-1.5.0.aar (androidx.media3:media3-extractor:1.5.0) with AarResourcesCompilerTransform
Transforming media3-container-1.5.0.aar (androidx.media3:media3-container:1.5.0) with JetifyTransform
Transforming media3-container-1.5.0.aar (androidx.media3:media3-container:1.5.0) with ExtractAarTransform
Transforming media3-container-1.5.0.aar (androidx.media3:media3-container:1.5.0) with AarResourcesCompilerTransform
Transforming media3-datasource-1.5.0.aar (androidx.media3:media3-datasource:1.5.0) with JetifyTransform
Transforming media3-datasource-1.5.0.aar (androidx.media3:media3-datasource:1.5.0) with ExtractAarTransform
Transforming media3-datasource-1.5.0.aar (androidx.media3:media3-datasource:1.5.0) with AarResourcesCompilerTransform
Transforming media3-decoder-1.5.0.aar (androidx.media3:media3-decoder:1.5.0) with JetifyTransform
Transforming media3-decoder-1.5.0.aar (androidx.media3:media3-decoder:1.5.0) with ExtractAarTransform
Transforming media3-decoder-1.5.0.aar (androidx.media3:media3-decoder:1.5.0) with AarResourcesCompilerTransform
Transforming media3-decoder-1.5.0.aar (androidx.media3:media3-decoder:1.5.0) with JetifyTransform
Transforming media3-decoder-1.5.0.aar (androidx.media3:media3-decoder:1.5.0) with ExtractAarTransform
Transforming media3-decoder-1.5.0.aar (androidx.media3:media3-decoder:1.5.0) with AarResourcesCompilerTransform
Transforming media3-database-1.5.0.aar (androidx.media3:media3-database:1.5.0) with JetifyTransform
Transforming media3-database-1.5.0.aar (androidx.media3:media3-database:1.5.0) with ExtractAarTransform
Transforming media3-database-1.5.0.aar (androidx.media3:media3-database:1.5.0) with AarResourcesCompilerTransform
Transforming media3-common-1.5.0.aar (androidx.media3:media3-common:1.5.0) with JetifyTransform
Transforming media3-common-1.5.0.aar (androidx.media3:media3-common:1.5.0) with ExtractAarTransform
Transforming media3-common-1.5.0.aar (androidx.media3:media3-common:1.5.0) with AarResourcesCompilerTransform
Transforming media3-ui-1.5.0.aar (androidx.media3:media3-ui:1.5.0) with JetifyTransform
Transforming media3-ui-1.5.0.aar (androidx.media3:media3-ui:1.5.0) with ExtractAarTransform
Transforming media3-ui-1.5.0.aar (androidx.media3:media3-ui:1.5.0) with AarResourcesCompilerTransform
Transforming work-runtime-ktx-2.9.1.aar (androidx.work:work-runtime-ktx:2.9.1) with JetifyTransform
Transforming work-runtime-ktx-2.9.1.aar (androidx.work:work-runtime-ktx:2.9.1) with ExtractAarTransform
Transforming work-runtime-ktx-2.9.1.aar (androidx.work:work-runtime-ktx:2.9.1) with AarResourcesCompilerTransform
Transforming work-runtime-2.9.1.aar (androidx.work:work-runtime:2.9.1) with JetifyTransform
Transforming work-runtime-2.9.1.aar (androidx.work:work-runtime:2.9.1) with ExtractAarTransform
Transforming work-runtime-2.9.1.aar (androidx.work:work-runtime:2.9.1) with AarResourcesCompilerTransform
Transforming room-ktx-2.6.1.aar (androidx.room:room-ktx:2.6.1) with JetifyTransform
Transforming room-ktx-2.6.1.aar (androidx.room:room-ktx:2.6.1) with ExtractAarTransform
Transforming room-ktx-2.6.1.aar (androidx.room:room-ktx:2.6.1) with AarResourcesCompilerTransform
Transforming room-runtime-2.6.1.aar (androidx.room:room-runtime:2.6.1) with JetifyTransform
Transforming room-runtime-2.6.1.aar (androidx.room:room-runtime:2.6.1) with ExtractAarTransform
Transforming room-runtime-2.6.1.aar (androidx.room:room-runtime:2.6.1) with AarResourcesCompilerTransform
Transforming room-paging-2.6.1.aar (androidx.room:room-paging:2.6.1) with JetifyTransform
Transforming room-paging-2.6.1.aar (androidx.room:room-paging:2.6.1) with ExtractAarTransform
Transforming room-paging-2.6.1.aar (androidx.room:room-paging:2.6.1) with AarResourcesCompilerTransform
Transforming paging-common-release.aar (androidx.paging:paging-common-android:3.3.2) with JetifyTransform
Transforming paging-common-release.aar (androidx.paging:paging-common-android:3.3.2) with ExtractAarTransform
Transforming paging-common-release.aar (androidx.paging:paging-common-android:3.3.2) with AarResourcesCompilerTransform
Transforming paging-runtime-ktx-3.3.2.aar (androidx.paging:paging-runtime-ktx:3.3.2) with JetifyTransform
Transforming paging-runtime-ktx-3.3.2.aar (androidx.paging:paging-runtime-ktx:3.3.2) with ExtractAarTransform
Transforming paging-runtime-ktx-3.3.2.aar (androidx.paging:paging-runtime-ktx:3.3.2) with AarResourcesCompilerTransform
Transforming paging-runtime-3.3.2.aar (androidx.paging:paging-runtime:3.3.2) with JetifyTransform
Transforming paging-runtime-3.3.2.aar (androidx.paging:paging-runtime:3.3.2) with ExtractAarTransform
Transforming paging-runtime-3.3.2.aar (androidx.paging:paging-runtime:3.3.2) with AarResourcesCompilerTransform
Transforming recyclerview-1.3.2.aar (androidx.recyclerview:recyclerview:1.3.2) with JetifyTransform
Transforming recyclerview-1.3.2.aar (androidx.recyclerview:recyclerview:1.3.2) with ExtractAarTransform
Transforming recyclerview-1.3.2.aar (androidx.recyclerview:recyclerview:1.3.2) with AarResourcesCompilerTransform
Transforming viewpager2-1.1.0-beta02.aar (androidx.viewpager2:viewpager2:1.1.0-beta02) with JetifyTransform
Transforming viewpager2-1.1.0-beta02.aar (androidx.viewpager2:viewpager2:1.1.0-beta02) with ExtractAarTransform
Transforming viewpager2-1.1.0-beta02.aar (androidx.viewpager2:viewpager2:1.1.0-beta02) with AarResourcesCompilerTransform
Transforming firebase-firestore-ktx-25.0.0.aar (com.google.firebase:firebase-firestore-ktx:25.0.0) with JetifyTransform
Transforming firebase-firestore-ktx-25.0.0.aar (com.google.firebase:firebase-firestore-ktx:25.0.0) with ExtractAarTransform
Transforming firebase-firestore-ktx-25.0.0.aar (com.google.firebase:firebase-firestore-ktx:25.0.0) with AarResourcesCompilerTransform
Transforming firebase-firestore-25.0.0.aar (com.google.firebase:firebase-firestore:25.0.0) with JetifyTransform
Transforming firebase-firestore-25.0.0.aar (com.google.firebase:firebase-firestore:25.0.0) with ExtractAarTransform
Transforming firebase-firestore-25.0.0.aar (com.google.firebase:firebase-firestore:25.0.0) with AarResourcesCompilerTransform
Transforming firebase-appcheck-interop-17.0.0.aar (com.google.firebase:firebase-appcheck-interop:17.0.0) with JetifyTransform
Transforming firebase-appcheck-interop-17.0.0.aar (com.google.firebase:firebase-appcheck-interop:17.0.0) with ExtractAarTransform
Transforming firebase-appcheck-interop-17.0.0.aar (com.google.firebase:firebase-appcheck-interop:17.0.0) with AarResourcesCompilerTransform
Transforming firebase-database-collection-18.0.1.aar (com.google.firebase:firebase-database-collection:18.0.1) with JetifyTransform
Transforming firebase-database-collection-18.0.1.aar (com.google.firebase:firebase-database-collection:18.0.1) with ExtractAarTransform
Transforming firebase-database-collection-18.0.1.aar (com.google.firebase:firebase-database-collection:18.0.1) with AarResourcesCompilerTransform
Transforming play-services-base-18.0.1.aar (com.google.android.gms:play-services-base:18.0.1) with JetifyTransform
Transforming play-services-base-18.0.1.aar (com.google.android.gms:play-services-base:18.0.1) with ExtractAarTransform
Transforming play-services-base-18.0.1.aar (com.google.android.gms:play-services-base:18.0.1) with AarResourcesCompilerTransform
Transforming play-services-base-18.0.1.aar (com.google.android.gms:play-services-base:18.0.1) with JetifyTransform
Transforming play-services-base-18.0.1.aar (com.google.android.gms:play-services-base:18.0.1) with ExtractAarTransform
Transforming play-services-base-18.0.1.aar (com.google.android.gms:play-services-base:18.0.1) with AarResourcesCompilerTransform
Transforming play-services-base-18.0.1.aar (com.google.android.gms:play-services-base:18.0.1) with JetifyTransform
Transforming play-services-base-18.0.1.aar (com.google.android.gms:play-services-base:18.0.1) with ExtractAarTransform
Transforming play-services-base-18.0.1.aar (com.google.android.gms:play-services-base:18.0.1) with AarResourcesCompilerTransform
Transforming firebase-analytics-ktx-22.0.2.aar (com.google.firebase:firebase-analytics-ktx:22.0.2) with JetifyTransform
Transforming firebase-analytics-ktx-22.0.2.aar (com.google.firebase:firebase-analytics-ktx:22.0.2) with ExtractAarTransform
Transforming firebase-analytics-ktx-22.0.2.aar (com.google.firebase:firebase-analytics-ktx:22.0.2) with AarResourcesCompilerTransform
Transforming firebase-analytics-22.0.2.aar (com.google.firebase:firebase-analytics:22.0.2) with JetifyTransform
Transforming firebase-analytics-22.0.2.aar (com.google.firebase:firebase-analytics:22.0.2) with ExtractAarTransform
Transforming firebase-analytics-22.0.2.aar (com.google.firebase:firebase-analytics:22.0.2) with AarResourcesCompilerTransform
Transforming play-services-measurement-api-22.0.2.aar (com.google.android.gms:play-services-measurement-api:22.0.2) with JetifyTransform
Transforming play-services-measurement-api-22.0.2.aar (com.google.android.gms:play-services-measurement-api:22.0.2) with ExtractAarTransform
Transforming play-services-measurement-api-22.0.2.aar (com.google.android.gms:play-services-measurement-api:22.0.2) with AarResourcesCompilerTransform
Transforming firebase-installations-18.0.0.aar (com.google.firebase:firebase-installations:18.0.0) with JetifyTransform
Transforming firebase-installations-18.0.0.aar (com.google.firebase:firebase-installations:18.0.0) with ExtractAarTransform
Transforming firebase-installations-18.0.0.aar (com.google.firebase:firebase-installations:18.0.0) with AarResourcesCompilerTransform
Transforming firebase-common-ktx-21.0.0.aar (com.google.firebase:firebase-common-ktx:21.0.0) with JetifyTransform
Transforming firebase-common-ktx-21.0.0.aar (com.google.firebase:firebase-common-ktx:21.0.0) with ExtractAarTransform
Transforming firebase-common-ktx-21.0.0.aar (com.google.firebase:firebase-common-ktx:21.0.0) with AarResourcesCompilerTransform
Transforming firebase-common-ktx-21.0.0.aar (com.google.firebase:firebase-common-ktx:21.0.0) with JetifyTransform
Transforming firebase-common-ktx-21.0.0.aar (com.google.firebase:firebase-common-ktx:21.0.0) with ExtractAarTransform
Transforming firebase-common-ktx-21.0.0.aar (com.google.firebase:firebase-common-ktx:21.0.0) with AarResourcesCompilerTransform
Transforming firebase-common-ktx-21.0.0.aar (com.google.firebase:firebase-common-ktx:21.0.0) with JetifyTransform
Transforming firebase-common-ktx-21.0.0.aar (com.google.firebase:firebase-common-ktx:21.0.0) with ExtractAarTransform
Transforming firebase-common-ktx-21.0.0.aar (com.google.firebase:firebase-common-ktx:21.0.0) with AarResourcesCompilerTransform
Transforming firebase-common-ktx-21.0.0.aar (com.google.firebase:firebase-common-ktx:21.0.0) with JetifyTransform
Transforming firebase-common-ktx-21.0.0.aar (com.google.firebase:firebase-common-ktx:21.0.0) with ExtractAarTransform
Transforming firebase-common-ktx-21.0.0.aar (com.google.firebase:firebase-common-ktx:21.0.0) with AarResourcesCompilerTransform
Transforming firebase-common-ktx-21.0.0.aar (com.google.firebase:firebase-common-ktx:21.0.0) with JetifyTransform
Transforming firebase-common-ktx-21.0.0.aar (com.google.firebase:firebase-common-ktx:21.0.0) with ExtractAarTransform
Transforming firebase-common-ktx-21.0.0.aar (com.google.firebase:firebase-common-ktx:21.0.0) with AarResourcesCompilerTransform
Transforming firebase-common-21.0.0.aar (com.google.firebase:firebase-common:21.0.0) with JetifyTransform
Transforming firebase-common-21.0.0.aar (com.google.firebase:firebase-common:21.0.0) with ExtractAarTransform
Transforming firebase-common-21.0.0.aar (com.google.firebase:firebase-common:21.0.0) with AarResourcesCompilerTransform
Transforming firebase-common-21.0.0.aar (com.google.firebase:firebase-common:21.0.0) with JetifyTransform
Transforming firebase-common-21.0.0.aar (com.google.firebase:firebase-common:21.0.0) with ExtractAarTransform
Transforming firebase-common-21.0.0.aar (com.google.firebase:firebase-common:21.0.0) with AarResourcesCompilerTransform
Transforming firebase-common-21.0.0.aar (com.google.firebase:firebase-common:21.0.0) with JetifyTransform
Transforming firebase-common-21.0.0.aar (com.google.firebase:firebase-common:21.0.0) with ExtractAarTransform
Transforming firebase-common-21.0.0.aar (com.google.firebase:firebase-common:21.0.0) with AarResourcesCompilerTransform
Transforming firebase-common-21.0.0.aar (com.google.firebase:firebase-common:21.0.0) with JetifyTransform
Transforming firebase-common-21.0.0.aar (com.google.firebase:firebase-common:21.0.0) with ExtractAarTransform
Transforming firebase-common-21.0.0.aar (com.google.firebase:firebase-common:21.0.0) with AarResourcesCompilerTransform
Transforming firebase-common-21.0.0.aar (com.google.firebase:firebase-common:21.0.0) with JetifyTransform
Transforming firebase-common-21.0.0.aar (com.google.firebase:firebase-common:21.0.0) with ExtractAarTransform
Transforming firebase-common-21.0.0.aar (com.google.firebase:firebase-common:21.0.0) with AarResourcesCompilerTransform
Transforming firebase-common-21.0.0.aar (com.google.firebase:firebase-common:21.0.0) with JetifyTransform
Transforming firebase-common-21.0.0.aar (com.google.firebase:firebase-common:21.0.0) with ExtractAarTransform
Transforming firebase-common-21.0.0.aar (com.google.firebase:firebase-common:21.0.0) with AarResourcesCompilerTransform
Transforming play-services-measurement-22.0.2.aar (com.google.android.gms:play-services-measurement:22.0.2) with JetifyTransform
Transforming play-services-measurement-22.0.2.aar (com.google.android.gms:play-services-measurement:22.0.2) with ExtractAarTransform
Transforming play-services-measurement-22.0.2.aar (com.google.android.gms:play-services-measurement:22.0.2) with AarResourcesCompilerTransform
Transforming play-services-measurement-sdk-22.0.2.aar (com.google.android.gms:play-services-measurement-sdk:22.0.2) with JetifyTransform
Transforming play-services-measurement-sdk-22.0.2.aar (com.google.android.gms:play-services-measurement-sdk:22.0.2) with ExtractAarTransform
Transforming play-services-measurement-sdk-22.0.2.aar (com.google.android.gms:play-services-measurement-sdk:22.0.2) with AarResourcesCompilerTransform
Transforming firebase-auth-interop-19.0.2.aar (com.google.firebase:firebase-auth-interop:19.0.2) with JetifyTransform
Transforming firebase-auth-interop-19.0.2.aar (com.google.firebase:firebase-auth-interop:19.0.2) with ExtractAarTransform
Transforming firebase-auth-interop-19.0.2.aar (com.google.firebase:firebase-auth-interop:19.0.2) with AarResourcesCompilerTransform
Transforming play-services-measurement-impl-22.0.2.aar (com.google.android.gms:play-services-measurement-impl:22.0.2) with JetifyTransform
Transforming play-services-measurement-impl-22.0.2.aar (com.google.android.gms:play-services-measurement-impl:22.0.2) with ExtractAarTransform
Transforming play-services-measurement-impl-22.0.2.aar (com.google.android.gms:play-services-measurement-impl:22.0.2) with AarResourcesCompilerTransform
Transforming play-services-measurement-impl-22.0.2.aar (com.google.android.gms:play-services-measurement-impl:22.0.2) with JetifyTransform
Transforming play-services-measurement-impl-22.0.2.aar (com.google.android.gms:play-services-measurement-impl:22.0.2) with ExtractAarTransform
Transforming play-services-measurement-impl-22.0.2.aar (com.google.android.gms:play-services-measurement-impl:22.0.2) with AarResourcesCompilerTransform
Transforming play-services-ads-identifier-18.0.0.aar (com.google.android.gms:play-services-ads-identifier:18.0.0) with JetifyTransform
Transforming play-services-ads-identifier-18.0.0.aar (com.google.android.gms:play-services-ads-identifier:18.0.0) with ExtractAarTransform
Transforming play-services-ads-identifier-18.0.0.aar (com.google.android.gms:play-services-ads-identifier:18.0.0) with AarResourcesCompilerTransform
Transforming play-services-ads-identifier-18.0.0.aar (com.google.android.gms:play-services-ads-identifier:18.0.0) with JetifyTransform
Transforming play-services-ads-identifier-18.0.0.aar (com.google.android.gms:play-services-ads-identifier:18.0.0) with ExtractAarTransform
Transforming play-services-ads-identifier-18.0.0.aar (com.google.android.gms:play-services-ads-identifier:18.0.0) with AarResourcesCompilerTransform
Transforming play-services-ads-identifier-18.0.0.aar (com.google.android.gms:play-services-ads-identifier:18.0.0) with JetifyTransform
Transforming play-services-ads-identifier-18.0.0.aar (com.google.android.gms:play-services-ads-identifier:18.0.0) with ExtractAarTransform
Transforming play-services-ads-identifier-18.0.0.aar (com.google.android.gms:play-services-ads-identifier:18.0.0) with AarResourcesCompilerTransform
Transforming play-services-measurement-sdk-api-22.0.2.aar (com.google.android.gms:play-services-measurement-sdk-api:22.0.2) with JetifyTransform
Transforming play-services-measurement-sdk-api-22.0.2.aar (com.google.android.gms:play-services-measurement-sdk-api:22.0.2) with ExtractAarTransform
Transforming play-services-measurement-sdk-api-22.0.2.aar (com.google.android.gms:play-services-measurement-sdk-api:22.0.2) with AarResourcesCompilerTransform
Transforming play-services-measurement-base-22.0.2.aar (com.google.android.gms:play-services-measurement-base:22.0.2) with JetifyTransform
Transforming play-services-measurement-base-22.0.2.aar (com.google.android.gms:play-services-measurement-base:22.0.2) with ExtractAarTransform
Transforming play-services-measurement-base-22.0.2.aar (com.google.android.gms:play-services-measurement-base:22.0.2) with AarResourcesCompilerTransform
Transforming play-services-measurement-base-22.0.2.aar (com.google.android.gms:play-services-measurement-base:22.0.2) with JetifyTransform
Transforming play-services-measurement-base-22.0.2.aar (com.google.android.gms:play-services-measurement-base:22.0.2) with ExtractAarTransform
Transforming play-services-measurement-base-22.0.2.aar (com.google.android.gms:play-services-measurement-base:22.0.2) with AarResourcesCompilerTransform
Transforming play-services-measurement-base-22.0.2.aar (com.google.android.gms:play-services-measurement-base:22.0.2) with JetifyTransform
Transforming play-services-measurement-base-22.0.2.aar (com.google.android.gms:play-services-measurement-base:22.0.2) with ExtractAarTransform
Transforming play-services-measurement-base-22.0.2.aar (com.google.android.gms:play-services-measurement-base:22.0.2) with AarResourcesCompilerTransform
Transforming play-services-measurement-base-22.0.2.aar (com.google.android.gms:play-services-measurement-base:22.0.2) with JetifyTransform
Transforming play-services-measurement-base-22.0.2.aar (com.google.android.gms:play-services-measurement-base:22.0.2) with ExtractAarTransform
Transforming play-services-measurement-base-22.0.2.aar (com.google.android.gms:play-services-measurement-base:22.0.2) with AarResourcesCompilerTransform
Transforming play-services-measurement-base-22.0.2.aar (com.google.android.gms:play-services-measurement-base:22.0.2) with JetifyTransform
Transforming play-services-measurement-base-22.0.2.aar (com.google.android.gms:play-services-measurement-base:22.0.2) with ExtractAarTransform
Transforming play-services-measurement-base-22.0.2.aar (com.google.android.gms:play-services-measurement-base:22.0.2) with AarResourcesCompilerTransform
Transforming play-services-stats-17.0.2.aar (com.google.android.gms:play-services-stats:17.0.2) with JetifyTransform
Transforming play-services-stats-17.0.2.aar (com.google.android.gms:play-services-stats:17.0.2) with ExtractAarTransform
Transforming play-services-stats-17.0.2.aar (com.google.android.gms:play-services-stats:17.0.2) with AarResourcesCompilerTransform
Transforming play-services-stats-17.0.2.aar (com.google.android.gms:play-services-stats:17.0.2) with JetifyTransform
Transforming play-services-stats-17.0.2.aar (com.google.android.gms:play-services-stats:17.0.2) with ExtractAarTransform
Transforming play-services-stats-17.0.2.aar (com.google.android.gms:play-services-stats:17.0.2) with AarResourcesCompilerTransform
Transforming material3-release.aar (androidx.compose.material3:material3-android:1.2.0) with JetifyTransform
Transforming material3-release.aar (androidx.compose.material3:material3-android:1.2.0) with ExtractAarTransform
Transforming material3-release.aar (androidx.compose.material3:material3-android:1.2.0) with AarResourcesCompilerTransform
Transforming material-ripple-release.aar (androidx.compose.material:material-ripple-android:1.6.2) with JetifyTransform
Transforming material-ripple-release.aar (androidx.compose.material:material-ripple-android:1.6.2) with ExtractAarTransform
Transforming material-ripple-release.aar (androidx.compose.material:material-ripple-android:1.6.2) with AarResourcesCompilerTransform
Transforming material-icons-core-release.aar (androidx.compose.material:material-icons-core-android:1.6.2) with JetifyTransform
Transforming material-icons-core-release.aar (androidx.compose.material:material-icons-core-android:1.6.2) with ExtractAarTransform
Transforming material-icons-core-release.aar (androidx.compose.material:material-icons-core-android:1.6.2) with AarResourcesCompilerTransform
Transforming material-release.aar (androidx.compose.material:material-android:1.6.2) with JetifyTransform
Transforming material-release.aar (androidx.compose.material:material-android:1.6.2) with ExtractAarTransform
Transforming material-release.aar (androidx.compose.material:material-android:1.6.2) with AarResourcesCompilerTransform
Transforming animation-core-release.aar (androidx.compose.animation:animation-core-android:1.6.2) with JetifyTransform
Transforming animation-core-release.aar (androidx.compose.animation:animation-core-android:1.6.2) with ExtractAarTransform
Transforming animation-core-release.aar (androidx.compose.animation:animation-core-android:1.6.2) with AarResourcesCompilerTransform
Transforming animation-release.aar (androidx.compose.animation:animation-android:1.6.2) with JetifyTransform
Transforming animation-release.aar (androidx.compose.animation:animation-android:1.6.2) with ExtractAarTransform
Transforming animation-release.aar (androidx.compose.animation:animation-android:1.6.2) with AarResourcesCompilerTransform
Transforming foundation-layout-release.aar (androidx.compose.foundation:foundation-layout-android:1.6.2) with JetifyTransform
Transforming foundation-layout-release.aar (androidx.compose.foundation:foundation-layout-android:1.6.2) with ExtractAarTransform
Transforming foundation-layout-release.aar (androidx.compose.foundation:foundation-layout-android:1.6.2) with AarResourcesCompilerTransform
Transforming foundation-release.aar (androidx.compose.foundation:foundation-android:1.6.2) with JetifyTransform
Transforming foundation-release.aar (androidx.compose.foundation:foundation-android:1.6.2) with ExtractAarTransform
Transforming foundation-release.aar (androidx.compose.foundation:foundation-android:1.6.2) with AarResourcesCompilerTransform
Transforming ui-tooling-data-release.aar (androidx.compose.ui:ui-tooling-data-android:1.6.2) with JetifyTransform
Transforming ui-tooling-data-release.aar (androidx.compose.ui:ui-tooling-data-android:1.6.2) with ExtractAarTransform
Transforming ui-tooling-data-release.aar (androidx.compose.ui:ui-tooling-data-android:1.6.2) with AarResourcesCompilerTransform
Transforming ui-unit-release.aar (androidx.compose.ui:ui-unit-android:1.6.2) with JetifyTransform
Transforming ui-unit-release.aar (androidx.compose.ui:ui-unit-android:1.6.2) with ExtractAarTransform
Transforming ui-unit-release.aar (androidx.compose.ui:ui-unit-android:1.6.2) with AarResourcesCompilerTransform
Transforming ui-geometry-release.aar (androidx.compose.ui:ui-geometry-android:1.6.2) with JetifyTransform
Transforming ui-geometry-release.aar (androidx.compose.ui:ui-geometry-android:1.6.2) with ExtractAarTransform
Transforming ui-geometry-release.aar (androidx.compose.ui:ui-geometry-android:1.6.2) with AarResourcesCompilerTransform
Transforming ui-util-release.aar (androidx.compose.ui:ui-util-android:1.6.2) with JetifyTransform
Transforming ui-util-release.aar (androidx.compose.ui:ui-util-android:1.6.2) with ExtractAarTransform
Transforming ui-util-release.aar (androidx.compose.ui:ui-util-android:1.6.2) with AarResourcesCompilerTransform
Transforming ui-text-release.aar (androidx.compose.ui:ui-text-android:1.6.2) with JetifyTransform
Transforming ui-text-release.aar (androidx.compose.ui:ui-text-android:1.6.2) with ExtractAarTransform
Transforming ui-text-release.aar (androidx.compose.ui:ui-text-android:1.6.2) with AarResourcesCompilerTransform
Transforming ui-tooling-preview-release.aar (androidx.compose.ui:ui-tooling-preview-android:1.6.2) with JetifyTransform
Transforming ui-tooling-preview-release.aar (androidx.compose.ui:ui-tooling-preview-android:1.6.2) with ExtractAarTransform
Transforming ui-tooling-preview-release.aar (androidx.compose.ui:ui-tooling-preview-android:1.6.2) with AarResourcesCompilerTransform
Transforming ui-graphics-release.aar (androidx.compose.ui:ui-graphics-android:1.6.2) with JetifyTransform
Transforming ui-graphics-release.aar (androidx.compose.ui:ui-graphics-android:1.6.2) with ExtractAarTransform
Transforming ui-graphics-release.aar (androidx.compose.ui:ui-graphics-android:1.6.2) with AarResourcesCompilerTransform
Transforming ui-tooling-release.aar (androidx.compose.ui:ui-tooling-android:1.6.2) with JetifyTransform
Transforming ui-tooling-release.aar (androidx.compose.ui:ui-tooling-android:1.6.2) with ExtractAarTransform
Transforming ui-tooling-release.aar (androidx.compose.ui:ui-tooling-android:1.6.2) with AarResourcesCompilerTransform
Transforming activity-compose-1.9.3.aar (androidx.activity:activity-compose:1.9.3) with JetifyTransform
Transforming activity-compose-1.9.3.aar (androidx.activity:activity-compose:1.9.3) with ExtractAarTransform
Transforming activity-compose-1.9.3.aar (androidx.activity:activity-compose:1.9.3) with AarResourcesCompilerTransform
Transforming emoji2-views-helper-1.3.0.aar (androidx.emoji2:emoji2-views-helper:1.3.0) with JetifyTransform
Transforming emoji2-views-helper-1.3.0.aar (androidx.emoji2:emoji2-views-helper:1.3.0) with ExtractAarTransform
Transforming emoji2-views-helper-1.3.0.aar (androidx.emoji2:emoji2-views-helper:1.3.0) with AarResourcesCompilerTransform
Transforming emoji2-1.3.0.aar (androidx.emoji2:emoji2:1.3.0) with JetifyTransform
Transforming emoji2-1.3.0.aar (androidx.emoji2:emoji2:1.3.0) with ExtractAarTransform
Transforming emoji2-1.3.0.aar (androidx.emoji2:emoji2:1.3.0) with AarResourcesCompilerTransform
Transforming slidingpanelayout-1.2.0.aar (androidx.slidingpanelayout:slidingpanelayout:1.2.0) with JetifyTransform
Transforming slidingpanelayout-1.2.0.aar (androidx.slidingpanelayout:slidingpanelayout:1.2.0) with ExtractAarTransform
Transforming slidingpanelayout-1.2.0.aar (androidx.slidingpanelayout:slidingpanelayout:1.2.0) with AarResourcesCompilerTransform
Transforming transition-1.5.0.aar (androidx.transition:transition:1.5.0) with JetifyTransform
Transforming transition-1.5.0.aar (androidx.transition:transition:1.5.0) with ExtractAarTransform
Transforming transition-1.5.0.aar (androidx.transition:transition:1.5.0) with AarResourcesCompilerTransform
Transforming dynamicanimation-1.0.0.aar (androidx.dynamicanimation:dynamicanimation:1.0.0) with JetifyTransform
Transforming dynamicanimation-1.0.0.aar (androidx.dynamicanimation:dynamicanimation:1.0.0) with ExtractAarTransform
Transforming dynamicanimation-1.0.0.aar (androidx.dynamicanimation:dynamicanimation:1.0.0) with AarResourcesCompilerTransform
Transforming legacy-support-core-utils-1.0.0.aar (androidx.legacy:legacy-support-core-utils:1.0.0) with JetifyTransform
Transforming legacy-support-core-utils-1.0.0.aar (androidx.legacy:legacy-support-core-utils:1.0.0) with ExtractAarTransform
Transforming legacy-support-core-utils-1.0.0.aar (androidx.legacy:legacy-support-core-utils:1.0.0) with AarResourcesCompilerTransform
Transforming legacy-support-core-utils-1.0.0.aar (androidx.legacy:legacy-support-core-utils:1.0.0) with JetifyTransform
Transforming legacy-support-core-utils-1.0.0.aar (androidx.legacy:legacy-support-core-utils:1.0.0) with ExtractAarTransform
Transforming legacy-support-core-utils-1.0.0.aar (androidx.legacy:legacy-support-core-utils:1.0.0) with AarResourcesCompilerTransform
Transforming legacy-support-core-utils-1.0.0.aar (androidx.legacy:legacy-support-core-utils:1.0.0) with JetifyTransform
Transforming legacy-support-core-utils-1.0.0.aar (androidx.legacy:legacy-support-core-utils:1.0.0) with ExtractAarTransform
Transforming legacy-support-core-utils-1.0.0.aar (androidx.legacy:legacy-support-core-utils:1.0.0) with AarResourcesCompilerTransform
Transforming loader-1.0.0.aar (androidx.loader:loader:1.0.0) with JetifyTransform
Transforming loader-1.0.0.aar (androidx.loader:loader:1.0.0) with ExtractAarTransform
Transforming loader-1.0.0.aar (androidx.loader:loader:1.0.0) with AarResourcesCompilerTransform
Transforming loader-1.0.0.aar (androidx.loader:loader:1.0.0) with JetifyTransform
Transforming loader-1.0.0.aar (androidx.loader:loader:1.0.0) with ExtractAarTransform
Transforming loader-1.0.0.aar (androidx.loader:loader:1.0.0) with AarResourcesCompilerTransform
Transforming drawerlayout-1.1.1.aar (androidx.drawerlayout:drawerlayout:1.1.1) with JetifyTransform
Transforming drawerlayout-1.1.1.aar (androidx.drawerlayout:drawerlayout:1.1.1) with ExtractAarTransform
Transforming drawerlayout-1.1.1.aar (androidx.drawerlayout:drawerlayout:1.1.1) with AarResourcesCompilerTransform
Transforming coordinatorlayout-1.1.0.aar (androidx.coordinatorlayout:coordinatorlayout:1.1.0) with JetifyTransform
Transforming coordinatorlayout-1.1.0.aar (androidx.coordinatorlayout:coordinatorlayout:1.1.0) with ExtractAarTransform
Transforming coordinatorlayout-1.1.0.aar (androidx.coordinatorlayout:coordinatorlayout:1.1.0) with AarResourcesCompilerTransform
Transforming vectordrawable-animated-1.1.0.aar (androidx.vectordrawable:vectordrawable-animated:1.1.0) with JetifyTransform
Transforming vectordrawable-animated-1.1.0.aar (androidx.vectordrawable:vectordrawable-animated:1.1.0) with ExtractAarTransform
Transforming vectordrawable-animated-1.1.0.aar (androidx.vectordrawable:vectordrawable-animated:1.1.0) with AarResourcesCompilerTransform
Transforming vectordrawable-1.1.0.aar (androidx.vectordrawable:vectordrawable:1.1.0) with JetifyTransform
Transforming vectordrawable-1.1.0.aar (androidx.vectordrawable:vectordrawable:1.1.0) with ExtractAarTransform
Transforming vectordrawable-1.1.0.aar (androidx.vectordrawable:vectordrawable:1.1.0) with AarResourcesCompilerTransform
Transforming vectordrawable-1.1.0.aar (androidx.vectordrawable:vectordrawable:1.1.0) with JetifyTransform
Transforming vectordrawable-1.1.0.aar (androidx.vectordrawable:vectordrawable:1.1.0) with ExtractAarTransform
Transforming vectordrawable-1.1.0.aar (androidx.vectordrawable:vectordrawable:1.1.0) with AarResourcesCompilerTransform
Transforming media-1.7.0.aar (androidx.media:media:1.7.0) with JetifyTransform
Transforming media-1.7.0.aar (androidx.media:media:1.7.0) with ExtractAarTransform
Transforming media-1.7.0.aar (androidx.media:media:1.7.0) with AarResourcesCompilerTransform
Transforming viewpager-1.0.0.aar (androidx.viewpager:viewpager:1.0.0) with JetifyTransform
Transforming viewpager-1.0.0.aar (androidx.viewpager:viewpager:1.0.0) with ExtractAarTransform
Transforming viewpager-1.0.0.aar (androidx.viewpager:viewpager:1.0.0) with AarResourcesCompilerTransform
Transforming customview-1.1.0.aar (androidx.customview:customview:1.1.0) with JetifyTransform
Transforming customview-1.1.0.aar (androidx.customview:customview:1.1.0) with ExtractAarTransform
Transforming customview-1.1.0.aar (androidx.customview:customview:1.1.0) with AarResourcesCompilerTransform
Transforming customview-1.1.0.aar (androidx.customview:customview:1.1.0) with JetifyTransform
Transforming customview-1.1.0.aar (androidx.customview:customview:1.1.0) with ExtractAarTransform
Transforming customview-1.1.0.aar (androidx.customview:customview:1.1.0) with AarResourcesCompilerTransform
Transforming customview-1.1.0.aar (androidx.customview:customview:1.1.0) with JetifyTransform
Transforming customview-1.1.0.aar (androidx.customview:customview:1.1.0) with ExtractAarTransform
Transforming customview-1.1.0.aar (androidx.customview:customview:1.1.0) with AarResourcesCompilerTransform
Transforming customview-1.1.0.aar (androidx.customview:customview:1.1.0) with JetifyTransform
Transforming customview-1.1.0.aar (androidx.customview:customview:1.1.0) with ExtractAarTransform
Transforming customview-1.1.0.aar (androidx.customview:customview:1.1.0) with AarResourcesCompilerTransform
Transforming autofill-1.0.0.aar (androidx.autofill:autofill:1.0.0) with JetifyTransform
Transforming autofill-1.0.0.aar (androidx.autofill:autofill:1.0.0) with ExtractAarTransform
Transforming autofill-1.0.0.aar (androidx.autofill:autofill:1.0.0) with AarResourcesCompilerTransform
Transforming window-1.0.0.aar (androidx.window:window:1.0.0) with JetifyTransform
Transforming window-1.0.0.aar (androidx.window:window:1.0.0) with ExtractAarTransform
Transforming window-1.0.0.aar (androidx.window:window:1.0.0) with AarResourcesCompilerTransform
Transforming core-1.13.1.aar (androidx.core:core:1.13.1) with JetifyTransform
Transforming core-1.13.1.aar (androidx.core:core:1.13.1) with ExtractAarTransform
Transforming core-1.13.1.aar (androidx.core:core:1.13.1) with AarResourcesCompilerTransform
Transforming core-1.13.1.aar (androidx.core:core:1.13.1) with JetifyTransform
Transforming core-1.13.1.aar (androidx.core:core:1.13.1) with ExtractAarTransform
Transforming core-1.13.1.aar (androidx.core:core:1.13.1) with AarResourcesCompilerTransform
Transforming core-1.13.1.aar (androidx.core:core:1.13.1) with JetifyTransform
Transforming core-1.13.1.aar (androidx.core:core:1.13.1) with ExtractAarTransform
Transforming core-1.13.1.aar (androidx.core:core:1.13.1) with AarResourcesCompilerTransform
Transforming core-1.13.1.aar (androidx.core:core:1.13.1) with JetifyTransform
Transforming core-1.13.1.aar (androidx.core:core:1.13.1) with ExtractAarTransform
Transforming core-1.13.1.aar (androidx.core:core:1.13.1) with AarResourcesCompilerTransform
Transforming core-1.13.1.aar (androidx.core:core:1.13.1) with JetifyTransform
Transforming core-1.13.1.aar (androidx.core:core:1.13.1) with ExtractAarTransform
Transforming core-1.13.1.aar (androidx.core:core:1.13.1) with AarResourcesCompilerTransform
Transforming core-1.13.1.aar (androidx.core:core:1.13.1) with JetifyTransform
Transforming core-1.13.1.aar (androidx.core:core:1.13.1) with ExtractAarTransform
Transforming core-1.13.1.aar (androidx.core:core:1.13.1) with AarResourcesCompilerTransform
Transforming core-1.13.1.aar (androidx.core:core:1.13.1) with JetifyTransform
Transforming core-1.13.1.aar (androidx.core:core:1.13.1) with ExtractAarTransform
Transforming core-1.13.1.aar (androidx.core:core:1.13.1) with AarResourcesCompilerTransform
Transforming core-1.13.1.aar (androidx.core:core:1.13.1) with JetifyTransform
Transforming core-1.13.1.aar (androidx.core:core:1.13.1) with ExtractAarTransform
Transforming core-1.13.1.aar (androidx.core:core:1.13.1) with AarResourcesCompilerTransform
Transforming core-1.13.1.aar (androidx.core:core:1.13.1) with JetifyTransform
Transforming core-1.13.1.aar (androidx.core:core:1.13.1) with ExtractAarTransform
Transforming core-1.13.1.aar (androidx.core:core:1.13.1) with AarResourcesCompilerTransform
Transforming core-1.13.1.aar (androidx.core:core:1.13.1) with JetifyTransform
Transforming core-1.13.1.aar (androidx.core:core:1.13.1) with ExtractAarTransform
Transforming core-1.13.1.aar (androidx.core:core:1.13.1) with AarResourcesCompilerTransform
Transforming core-1.13.1.aar (androidx.core:core:1.13.1) with JetifyTransform
Transforming core-1.13.1.aar (androidx.core:core:1.13.1) with ExtractAarTransform
Transforming core-1.13.1.aar (androidx.core:core:1.13.1) with AarResourcesCompilerTransform
Transforming core-1.13.1.aar (androidx.core:core:1.13.1) with JetifyTransform
Transforming core-1.13.1.aar (androidx.core:core:1.13.1) with ExtractAarTransform
Transforming core-1.13.1.aar (androidx.core:core:1.13.1) with AarResourcesCompilerTransform
Transforming core-1.13.1.aar (androidx.core:core:1.13.1) with JetifyTransform
Transforming core-1.13.1.aar (androidx.core:core:1.13.1) with ExtractAarTransform
Transforming core-1.13.1.aar (androidx.core:core:1.13.1) with AarResourcesCompilerTransform
Transforming savedstate-ktx-1.2.1.aar (androidx.savedstate:savedstate-ktx:1.2.1) with JetifyTransform
Transforming savedstate-ktx-1.2.1.aar (androidx.savedstate:savedstate-ktx:1.2.1) with ExtractAarTransform
Transforming savedstate-ktx-1.2.1.aar (androidx.savedstate:savedstate-ktx:1.2.1) with AarResourcesCompilerTransform
Transforming savedstate-1.2.1.aar (androidx.savedstate:savedstate:1.2.1) with JetifyTransform
Transforming savedstate-1.2.1.aar (androidx.savedstate:savedstate:1.2.1) with ExtractAarTransform
Transforming savedstate-1.2.1.aar (androidx.savedstate:savedstate:1.2.1) with AarResourcesCompilerTransform
Transforming lifecycle-service-2.8.7.aar (androidx.lifecycle:lifecycle-service:2.8.7) with JetifyTransform
Transforming lifecycle-service-2.8.7.aar (androidx.lifecycle:lifecycle-service:2.8.7) with ExtractAarTransform
Transforming lifecycle-service-2.8.7.aar (androidx.lifecycle:lifecycle-service:2.8.7) with AarResourcesCompilerTransform
Transforming lifecycle-runtime-release.aar (androidx.lifecycle:lifecycle-runtime-android:2.8.7) with JetifyTransform
Transforming lifecycle-runtime-release.aar (androidx.lifecycle:lifecycle-runtime-android:2.8.7) with ExtractAarTransform
Transforming lifecycle-runtime-release.aar (androidx.lifecycle:lifecycle-runtime-android:2.8.7) with AarResourcesCompilerTransform
Transforming lifecycle-viewmodel-2.8.7.aar (androidx.lifecycle:lifecycle-viewmodel:2.8.7) with JetifyTransform
Transforming lifecycle-viewmodel-2.8.7.aar (androidx.lifecycle:lifecycle-viewmodel:2.8.7) with ExtractAarTransform
Transforming lifecycle-viewmodel-2.8.7.aar (androidx.lifecycle:lifecycle-viewmodel:2.8.7) with AarResourcesCompilerTransform
Transforming lifecycle-viewmodel-release.aar (androidx.lifecycle:lifecycle-viewmodel-android:2.8.7) with JetifyTransform
Transforming lifecycle-viewmodel-release.aar (androidx.lifecycle:lifecycle-viewmodel-android:2.8.7) with ExtractAarTransform
Transforming lifecycle-viewmodel-release.aar (androidx.lifecycle:lifecycle-viewmodel-android:2.8.7) with AarResourcesCompilerTransform
Transforming lifecycle-livedata-core-2.8.7.aar (androidx.lifecycle:lifecycle-livedata-core:2.8.7) with JetifyTransform
Transforming lifecycle-livedata-core-2.8.7.aar (androidx.lifecycle:lifecycle-livedata-core:2.8.7) with ExtractAarTransform
Transforming lifecycle-livedata-core-2.8.7.aar (androidx.lifecycle:lifecycle-livedata-core:2.8.7) with AarResourcesCompilerTransform
Transforming lifecycle-process-2.8.7.aar (androidx.lifecycle:lifecycle-process:2.8.7) with JetifyTransform
Transforming lifecycle-process-2.8.7.aar (androidx.lifecycle:lifecycle-process:2.8.7) with ExtractAarTransform
Transforming lifecycle-process-2.8.7.aar (androidx.lifecycle:lifecycle-process:2.8.7) with AarResourcesCompilerTransform
Transforming lifecycle-runtime-compose-release.aar (androidx.lifecycle:lifecycle-runtime-compose-android:2.8.7) with JetifyTransform
Transforming lifecycle-runtime-compose-release.aar (androidx.lifecycle:lifecycle-runtime-compose-android:2.8.7) with ExtractAarTransform
Transforming lifecycle-runtime-compose-release.aar (androidx.lifecycle:lifecycle-runtime-compose-android:2.8.7) with AarResourcesCompilerTransform
Transforming lifecycle-viewmodel-compose-release.aar (androidx.lifecycle:lifecycle-viewmodel-compose-android:2.8.7) with JetifyTransform
Transforming lifecycle-viewmodel-compose-release.aar (androidx.lifecycle:lifecycle-viewmodel-compose-android:2.8.7) with ExtractAarTransform
Transforming lifecycle-viewmodel-compose-release.aar (androidx.lifecycle:lifecycle-viewmodel-compose-android:2.8.7) with AarResourcesCompilerTransform
Transforming accompanist-drawablepainter-0.32.0.aar (com.google.accompanist:accompanist-drawablepainter:0.32.0) with JetifyTransform
Transforming accompanist-drawablepainter-0.32.0.aar (com.google.accompanist:accompanist-drawablepainter:0.32.0) with ExtractAarTransform
Transforming accompanist-drawablepainter-0.32.0.aar (com.google.accompanist:accompanist-drawablepainter:0.32.0) with AarResourcesCompilerTransform
Transforming ui-release.aar (androidx.compose.ui:ui-android:1.6.2) with JetifyTransform
Transforming ui-release.aar (androidx.compose.ui:ui-android:1.6.2) with ExtractAarTransform
Transforming ui-release.aar (androidx.compose.ui:ui-android:1.6.2) with AarResourcesCompilerTransform
Transforming ui-test-manifest-1.6.2.aar (androidx.compose.ui:ui-test-manifest:1.6.2) with JetifyTransform
Transforming ui-test-manifest-1.6.2.aar (androidx.compose.ui:ui-test-manifest:1.6.2) with ExtractAarTransform
Transforming ui-test-manifest-1.6.2.aar (androidx.compose.ui:ui-test-manifest:1.6.2) with AarResourcesCompilerTransform
Transforming activity-1.9.3.aar (androidx.activity:activity:1.9.3) with JetifyTransform
Transforming activity-1.9.3.aar (androidx.activity:activity:1.9.3) with ExtractAarTransform
Transforming activity-1.9.3.aar (androidx.activity:activity:1.9.3) with AarResourcesCompilerTransform
Transforming lifecycle-viewmodel-savedstate-2.8.7.aar (androidx.lifecycle:lifecycle-viewmodel-savedstate:2.8.7) with JetifyTransform
Transforming lifecycle-viewmodel-savedstate-2.8.7.aar (androidx.lifecycle:lifecycle-viewmodel-savedstate:2.8.7) with ExtractAarTransform
Transforming lifecycle-viewmodel-savedstate-2.8.7.aar (androidx.lifecycle:lifecycle-viewmodel-savedstate:2.8.7) with AarResourcesCompilerTransform
Transforming lifecycle-runtime-ktx-release.aar (androidx.lifecycle:lifecycle-runtime-ktx-android:2.8.7) with JetifyTransform
Transforming lifecycle-runtime-ktx-release.aar (androidx.lifecycle:lifecycle-runtime-ktx-android:2.8.7) with ExtractAarTransform
Transforming lifecycle-runtime-ktx-release.aar (androidx.lifecycle:lifecycle-runtime-ktx-android:2.8.7) with AarResourcesCompilerTransform
Transforming lifecycle-livedata-2.8.7.aar (androidx.lifecycle:lifecycle-livedata:2.8.7) with JetifyTransform
Transforming lifecycle-livedata-2.8.7.aar (androidx.lifecycle:lifecycle-livedata:2.8.7) with ExtractAarTransform
Transforming lifecycle-livedata-2.8.7.aar (androidx.lifecycle:lifecycle-livedata:2.8.7) with AarResourcesCompilerTransform
Transforming lifecycle-livedata-2.8.7.aar (androidx.lifecycle:lifecycle-livedata:2.8.7) with JetifyTransform
Transforming lifecycle-livedata-2.8.7.aar (androidx.lifecycle:lifecycle-livedata:2.8.7) with ExtractAarTransform
Transforming lifecycle-livedata-2.8.7.aar (androidx.lifecycle:lifecycle-livedata:2.8.7) with AarResourcesCompilerTransform
Transforming lifecycle-livedata-core-ktx-2.8.7.aar (androidx.lifecycle:lifecycle-livedata-core-ktx:2.8.7) with JetifyTransform
Transforming lifecycle-livedata-core-ktx-2.8.7.aar (androidx.lifecycle:lifecycle-livedata-core-ktx:2.8.7) with ExtractAarTransform
Transforming lifecycle-livedata-core-ktx-2.8.7.aar (androidx.lifecycle:lifecycle-livedata-core-ktx:2.8.7) with AarResourcesCompilerTransform
Transforming lifecycle-livedata-ktx-2.8.7.aar (androidx.lifecycle:lifecycle-livedata-ktx:2.8.7) with JetifyTransform
Transforming lifecycle-livedata-ktx-2.8.7.aar (androidx.lifecycle:lifecycle-livedata-ktx:2.8.7) with ExtractAarTransform
Transforming lifecycle-livedata-ktx-2.8.7.aar (androidx.lifecycle:lifecycle-livedata-ktx:2.8.7) with AarResourcesCompilerTransform
Transforming lifecycle-viewmodel-ktx-2.8.7.aar (androidx.lifecycle:lifecycle-viewmodel-ktx:2.8.7) with JetifyTransform
Transforming lifecycle-viewmodel-ktx-2.8.7.aar (androidx.lifecycle:lifecycle-viewmodel-ktx:2.8.7) with ExtractAarTransform
Transforming lifecycle-viewmodel-ktx-2.8.7.aar (androidx.lifecycle:lifecycle-viewmodel-ktx:2.8.7) with AarResourcesCompilerTransform
Transforming runtime-saveable-release.aar (androidx.compose.runtime:runtime-saveable-android:1.7.1) with JetifyTransform
Transforming runtime-saveable-release.aar (androidx.compose.runtime:runtime-saveable-android:1.7.1) with ExtractAarTransform
Transforming runtime-saveable-release.aar (androidx.compose.runtime:runtime-saveable-android:1.7.1) with AarResourcesCompilerTransform
Transforming runtime-release.aar (androidx.compose.runtime:runtime-android:1.7.1) with JetifyTransform
Transforming runtime-release.aar (androidx.compose.runtime:runtime-android:1.7.1) with ExtractAarTransform
Transforming runtime-release.aar (androidx.compose.runtime:runtime-android:1.7.1) with AarResourcesCompilerTransform
Transforming ads-adservices-java-1.0.0-beta05.aar (androidx.privacysandbox.ads:ads-adservices-java:1.0.0-beta05) with JetifyTransform
Transforming ads-adservices-java-1.0.0-beta05.aar (androidx.privacysandbox.ads:ads-adservices-java:1.0.0-beta05) with ExtractAarTransform
Transforming ads-adservices-java-1.0.0-beta05.aar (androidx.privacysandbox.ads:ads-adservices-java:1.0.0-beta05) with AarResourcesCompilerTransform
Transforming ads-adservices-1.0.0-beta05.aar (androidx.privacysandbox.ads:ads-adservices:1.0.0-beta05) with JetifyTransform
Transforming ads-adservices-1.0.0-beta05.aar (androidx.privacysandbox.ads:ads-adservices:1.0.0-beta05) with ExtractAarTransform
Transforming ads-adservices-1.0.0-beta05.aar (androidx.privacysandbox.ads:ads-adservices:1.0.0-beta05) with AarResourcesCompilerTransform
Transforming ads-adservices-1.0.0-beta05.aar (androidx.privacysandbox.ads:ads-adservices:1.0.0-beta05) with JetifyTransform
Transforming ads-adservices-1.0.0-beta05.aar (androidx.privacysandbox.ads:ads-adservices:1.0.0-beta05) with ExtractAarTransform
Transforming ads-adservices-1.0.0-beta05.aar (androidx.privacysandbox.ads:ads-adservices:1.0.0-beta05) with AarResourcesCompilerTransform
Transforming firebase-installations-interop-17.1.1.aar (com.google.firebase:firebase-installations-interop:17.1.1) with JetifyTransform
Transforming firebase-installations-interop-17.1.1.aar (com.google.firebase:firebase-installations-interop:17.1.1) with ExtractAarTransform
Transforming firebase-installations-interop-17.1.1.aar (com.google.firebase:firebase-installations-interop:17.1.1) with AarResourcesCompilerTransform
Transforming firebase-installations-interop-17.1.1.aar (com.google.firebase:firebase-installations-interop:17.1.1) with JetifyTransform
Transforming firebase-installations-interop-17.1.1.aar (com.google.firebase:firebase-installations-interop:17.1.1) with ExtractAarTransform
Transforming firebase-installations-interop-17.1.1.aar (com.google.firebase:firebase-installations-interop:17.1.1) with AarResourcesCompilerTransform
Transforming play-services-tasks-18.2.0.aar (com.google.android.gms:play-services-tasks:18.2.0) with JetifyTransform
Transforming play-services-tasks-18.2.0.aar (com.google.android.gms:play-services-tasks:18.2.0) with ExtractAarTransform
Transforming play-services-tasks-18.2.0.aar (com.google.android.gms:play-services-tasks:18.2.0) with AarResourcesCompilerTransform
Transforming play-services-tasks-18.2.0.aar (com.google.android.gms:play-services-tasks:18.2.0) with JetifyTransform
Transforming play-services-tasks-18.2.0.aar (com.google.android.gms:play-services-tasks:18.2.0) with ExtractAarTransform
Transforming play-services-tasks-18.2.0.aar (com.google.android.gms:play-services-tasks:18.2.0) with AarResourcesCompilerTransform
Transforming play-services-tasks-18.2.0.aar (com.google.android.gms:play-services-tasks:18.2.0) with JetifyTransform
Transforming play-services-tasks-18.2.0.aar (com.google.android.gms:play-services-tasks:18.2.0) with ExtractAarTransform
Transforming play-services-tasks-18.2.0.aar (com.google.android.gms:play-services-tasks:18.2.0) with AarResourcesCompilerTransform
Transforming play-services-tasks-18.2.0.aar (com.google.android.gms:play-services-tasks:18.2.0) with JetifyTransform
Transforming play-services-tasks-18.2.0.aar (com.google.android.gms:play-services-tasks:18.2.0) with ExtractAarTransform
Transforming play-services-tasks-18.2.0.aar (com.google.android.gms:play-services-tasks:18.2.0) with AarResourcesCompilerTransform
Transforming play-services-tasks-18.2.0.aar (com.google.android.gms:play-services-tasks:18.2.0) with JetifyTransform
Transforming play-services-tasks-18.2.0.aar (com.google.android.gms:play-services-tasks:18.2.0) with ExtractAarTransform
Transforming play-services-tasks-18.2.0.aar (com.google.android.gms:play-services-tasks:18.2.0) with AarResourcesCompilerTransform
Transforming play-services-tasks-18.2.0.aar (com.google.android.gms:play-services-tasks:18.2.0) with JetifyTransform
Transforming play-services-tasks-18.2.0.aar (com.google.android.gms:play-services-tasks:18.2.0) with ExtractAarTransform
Transforming play-services-tasks-18.2.0.aar (com.google.android.gms:play-services-tasks:18.2.0) with AarResourcesCompilerTransform
Transforming play-services-tasks-18.2.0.aar (com.google.android.gms:play-services-tasks:18.2.0) with JetifyTransform
Transforming play-services-tasks-18.2.0.aar (com.google.android.gms:play-services-tasks:18.2.0) with ExtractAarTransform
Transforming play-services-tasks-18.2.0.aar (com.google.android.gms:play-services-tasks:18.2.0) with AarResourcesCompilerTransform
Transforming play-services-tasks-18.2.0.aar (com.google.android.gms:play-services-tasks:18.2.0) with JetifyTransform
Transforming play-services-tasks-18.2.0.aar (com.google.android.gms:play-services-tasks:18.2.0) with ExtractAarTransform
Transforming play-services-tasks-18.2.0.aar (com.google.android.gms:play-services-tasks:18.2.0) with AarResourcesCompilerTransform
Transforming play-services-tasks-18.2.0.aar (com.google.android.gms:play-services-tasks:18.2.0) with JetifyTransform
Transforming play-services-tasks-18.2.0.aar (com.google.android.gms:play-services-tasks:18.2.0) with ExtractAarTransform
Transforming play-services-tasks-18.2.0.aar (com.google.android.gms:play-services-tasks:18.2.0) with AarResourcesCompilerTransform
Transforming firebase-measurement-connector-19.0.0.aar (com.google.firebase:firebase-measurement-connector:19.0.0) with JetifyTransform
Transforming firebase-measurement-connector-19.0.0.aar (com.google.firebase:firebase-measurement-connector:19.0.0) with ExtractAarTransform
Transforming firebase-measurement-connector-19.0.0.aar (com.google.firebase:firebase-measurement-connector:19.0.0) with AarResourcesCompilerTransform
Transforming play-services-basement-18.4.0.aar (com.google.android.gms:play-services-basement:18.4.0) with JetifyTransform
Transforming play-services-basement-18.4.0.aar (com.google.android.gms:play-services-basement:18.4.0) with ExtractAarTransform
Transforming play-services-basement-18.4.0.aar (com.google.android.gms:play-services-basement:18.4.0) with AarResourcesCompilerTransform
Transforming play-services-basement-18.4.0.aar (com.google.android.gms:play-services-basement:18.4.0) with JetifyTransform
Transforming play-services-basement-18.4.0.aar (com.google.android.gms:play-services-basement:18.4.0) with ExtractAarTransform
Transforming play-services-basement-18.4.0.aar (com.google.android.gms:play-services-basement:18.4.0) with AarResourcesCompilerTransform
Transforming play-services-basement-18.4.0.aar (com.google.android.gms:play-services-basement:18.4.0) with JetifyTransform
Transforming play-services-basement-18.4.0.aar (com.google.android.gms:play-services-basement:18.4.0) with ExtractAarTransform
Transforming play-services-basement-18.4.0.aar (com.google.android.gms:play-services-basement:18.4.0) with AarResourcesCompilerTransform
Transforming play-services-basement-18.4.0.aar (com.google.android.gms:play-services-basement:18.4.0) with JetifyTransform
Transforming play-services-basement-18.4.0.aar (com.google.android.gms:play-services-basement:18.4.0) with ExtractAarTransform
Transforming play-services-basement-18.4.0.aar (com.google.android.gms:play-services-basement:18.4.0) with AarResourcesCompilerTransform
Transforming play-services-basement-18.4.0.aar (com.google.android.gms:play-services-basement:18.4.0) with JetifyTransform
Transforming play-services-basement-18.4.0.aar (com.google.android.gms:play-services-basement:18.4.0) with ExtractAarTransform
Transforming play-services-basement-18.4.0.aar (com.google.android.gms:play-services-basement:18.4.0) with AarResourcesCompilerTransform
Transforming play-services-basement-18.4.0.aar (com.google.android.gms:play-services-basement:18.4.0) with JetifyTransform
Transforming play-services-basement-18.4.0.aar (com.google.android.gms:play-services-basement:18.4.0) with ExtractAarTransform
Transforming play-services-basement-18.4.0.aar (com.google.android.gms:play-services-basement:18.4.0) with AarResourcesCompilerTransform
Transforming play-services-basement-18.4.0.aar (com.google.android.gms:play-services-basement:18.4.0) with JetifyTransform
Transforming play-services-basement-18.4.0.aar (com.google.android.gms:play-services-basement:18.4.0) with ExtractAarTransform
Transforming play-services-basement-18.4.0.aar (com.google.android.gms:play-services-basement:18.4.0) with AarResourcesCompilerTransform
Transforming play-services-basement-18.4.0.aar (com.google.android.gms:play-services-basement:18.4.0) with JetifyTransform
Transforming play-services-basement-18.4.0.aar (com.google.android.gms:play-services-basement:18.4.0) with ExtractAarTransform
Transforming play-services-basement-18.4.0.aar (com.google.android.gms:play-services-basement:18.4.0) with AarResourcesCompilerTransform
Transforming play-services-basement-18.4.0.aar (com.google.android.gms:play-services-basement:18.4.0) with JetifyTransform
Transforming play-services-basement-18.4.0.aar (com.google.android.gms:play-services-basement:18.4.0) with ExtractAarTransform
Transforming play-services-basement-18.4.0.aar (com.google.android.gms:play-services-basement:18.4.0) with AarResourcesCompilerTransform
Transforming play-services-basement-18.4.0.aar (com.google.android.gms:play-services-basement:18.4.0) with JetifyTransform
Transforming play-services-basement-18.4.0.aar (com.google.android.gms:play-services-basement:18.4.0) with ExtractAarTransform
Transforming play-services-basement-18.4.0.aar (com.google.android.gms:play-services-basement:18.4.0) with AarResourcesCompilerTransform
Transforming play-services-basement-18.4.0.aar (com.google.android.gms:play-services-basement:18.4.0) with JetifyTransform
Transforming play-services-basement-18.4.0.aar (com.google.android.gms:play-services-basement:18.4.0) with ExtractAarTransform
Transforming play-services-basement-18.4.0.aar (com.google.android.gms:play-services-basement:18.4.0) with AarResourcesCompilerTransform
Transforming play-services-basement-18.4.0.aar (com.google.android.gms:play-services-basement:18.4.0) with JetifyTransform
Transforming play-services-basement-18.4.0.aar (com.google.android.gms:play-services-basement:18.4.0) with ExtractAarTransform
Transforming play-services-basement-18.4.0.aar (com.google.android.gms:play-services-basement:18.4.0) with AarResourcesCompilerTransform
Transforming play-services-basement-18.4.0.aar (com.google.android.gms:play-services-basement:18.4.0) with JetifyTransform
Transforming play-services-basement-18.4.0.aar (com.google.android.gms:play-services-basement:18.4.0) with ExtractAarTransform
Transforming play-services-basement-18.4.0.aar (com.google.android.gms:play-services-basement:18.4.0) with AarResourcesCompilerTransform
Transforming play-services-basement-18.4.0.aar (com.google.android.gms:play-services-basement:18.4.0) with JetifyTransform
Transforming play-services-basement-18.4.0.aar (com.google.android.gms:play-services-basement:18.4.0) with ExtractAarTransform
Transforming play-services-basement-18.4.0.aar (com.google.android.gms:play-services-basement:18.4.0) with AarResourcesCompilerTransform
Transforming fragment-1.8.5.aar (androidx.fragment:fragment:1.8.5) with JetifyTransform
Transforming fragment-1.8.5.aar (androidx.fragment:fragment:1.8.5) with ExtractAarTransform
Transforming fragment-1.8.5.aar (androidx.fragment:fragment:1.8.5) with AarResourcesCompilerTransform
Transforming fragment-1.8.5.aar (androidx.fragment:fragment:1.8.5) with JetifyTransform
Transforming fragment-1.8.5.aar (androidx.fragment:fragment:1.8.5) with ExtractAarTransform
Transforming fragment-1.8.5.aar (androidx.fragment:fragment:1.8.5) with AarResourcesCompilerTransform
Transforming fragment-1.8.5.aar (androidx.fragment:fragment:1.8.5) with JetifyTransform
Transforming fragment-1.8.5.aar (androidx.fragment:fragment:1.8.5) with ExtractAarTransform
Transforming fragment-1.8.5.aar (androidx.fragment:fragment:1.8.5) with AarResourcesCompilerTransform
Transforming fragment-ktx-1.8.5.aar (androidx.fragment:fragment-ktx:1.8.5) with JetifyTransform
Transforming fragment-ktx-1.8.5.aar (androidx.fragment:fragment-ktx:1.8.5) with ExtractAarTransform
Transforming fragment-ktx-1.8.5.aar (androidx.fragment:fragment-ktx:1.8.5) with AarResourcesCompilerTransform
Transforming activity-ktx-1.9.3.aar (androidx.activity:activity-ktx:1.9.3) with JetifyTransform
Transforming activity-ktx-1.9.3.aar (androidx.activity:activity-ktx:1.9.3) with ExtractAarTransform
Transforming activity-ktx-1.9.3.aar (androidx.activity:activity-ktx:1.9.3) with AarResourcesCompilerTransform
Transforming customview-poolingcontainer-1.0.0.aar (androidx.customview:customview-poolingcontainer:1.0.0) with JetifyTransform
Transforming customview-poolingcontainer-1.0.0.aar (androidx.customview:customview-poolingcontainer:1.0.0) with ExtractAarTransform
Transforming customview-poolingcontainer-1.0.0.aar (androidx.customview:customview-poolingcontainer:1.0.0) with AarResourcesCompilerTransform
Transforming core-ktx-1.13.1.aar (androidx.core:core-ktx:1.13.1) with JetifyTransform
Transforming core-ktx-1.13.1.aar (androidx.core:core-ktx:1.13.1) with ExtractAarTransform
Transforming core-ktx-1.13.1.aar (androidx.core:core-ktx:1.13.1) with AarResourcesCompilerTransform
Transforming flexbox-3.0.0.aar (com.google.android.flexbox:flexbox:3.0.0) with JetifyTransform
Transforming flexbox-3.0.0.aar (com.google.android.flexbox:flexbox:3.0.0) with ExtractAarTransform
Transforming flexbox-3.0.0.aar (com.google.android.flexbox:flexbox:3.0.0) with AarResourcesCompilerTransform
Transforming sqlite-framework-2.4.0.aar (androidx.sqlite:sqlite-framework:2.4.0) with JetifyTransform
Transforming sqlite-framework-2.4.0.aar (androidx.sqlite:sqlite-framework:2.4.0) with ExtractAarTransform
Transforming sqlite-framework-2.4.0.aar (androidx.sqlite:sqlite-framework:2.4.0) with AarResourcesCompilerTransform
Transforming sqlite-2.4.0.aar (androidx.sqlite:sqlite:2.4.0) with JetifyTransform
Transforming sqlite-2.4.0.aar (androidx.sqlite:sqlite:2.4.0) with ExtractAarTransform
Transforming sqlite-2.4.0.aar (androidx.sqlite:sqlite:2.4.0) with AarResourcesCompilerTransform
Transforming security-crypto-1.1.0-alpha06.aar (androidx.security:security-crypto:1.1.0-alpha06) with JetifyTransform
Transforming security-crypto-1.1.0-alpha06.aar (androidx.security:security-crypto:1.1.0-alpha06) with ExtractAarTransform
Transforming security-crypto-1.1.0-alpha06.aar (androidx.security:security-crypto:1.1.0-alpha06) with AarResourcesCompilerTransform
Transforming cursoradapter-1.0.0.aar (androidx.cursoradapter:cursoradapter:1.0.0) with JetifyTransform
Transforming cursoradapter-1.0.0.aar (androidx.cursoradapter:cursoradapter:1.0.0) with ExtractAarTransform
Transforming cursoradapter-1.0.0.aar (androidx.cursoradapter:cursoradapter:1.0.0) with AarResourcesCompilerTransform
Transforming profileinstaller-1.3.1.aar (androidx.profileinstaller:profileinstaller:1.3.1) with JetifyTransform
Transforming profileinstaller-1.3.1.aar (androidx.profileinstaller:profileinstaller:1.3.1) with ExtractAarTransform
Transforming profileinstaller-1.3.1.aar (androidx.profileinstaller:profileinstaller:1.3.1) with AarResourcesCompilerTransform
Transforming cardview-1.0.0.aar (androidx.cardview:cardview:1.0.0) with JetifyTransform
Transforming cardview-1.0.0.aar (androidx.cardview:cardview:1.0.0) with ExtractAarTransform
Transforming cardview-1.0.0.aar (androidx.cardview:cardview:1.0.0) with AarResourcesCompilerTransform
Transforming core-runtime-2.2.0.aar (androidx.arch.core:core-runtime:2.2.0) with JetifyTransform
Transforming core-runtime-2.2.0.aar (androidx.arch.core:core-runtime:2.2.0) with ExtractAarTransform
Transforming core-runtime-2.2.0.aar (androidx.arch.core:core-runtime:2.2.0) with AarResourcesCompilerTransform
Transforming gifdecoder-4.16.0.aar (com.github.bumptech.glide:gifdecoder:4.16.0) with JetifyTransform
Transforming gifdecoder-4.16.0.aar (com.github.bumptech.glide:gifdecoder:4.16.0) with ExtractAarTransform
Transforming gifdecoder-4.16.0.aar (com.github.bumptech.glide:gifdecoder:4.16.0) with AarResourcesCompilerTransform
Transforming startup-runtime-1.1.1.aar (androidx.startup:startup-runtime:1.1.1) with JetifyTransform
Transforming startup-runtime-1.1.1.aar (androidx.startup:startup-runtime:1.1.1) with ExtractAarTransform
Transforming startup-runtime-1.1.1.aar (androidx.startup:startup-runtime:1.1.1) with AarResourcesCompilerTransform
Transforming tracing-1.0.0.aar (androidx.tracing:tracing:1.0.0) with JetifyTransform
Transforming tracing-1.0.0.aar (androidx.tracing:tracing:1.0.0) with ExtractAarTransform
Transforming tracing-1.0.0.aar (androidx.tracing:tracing:1.0.0) with AarResourcesCompilerTransform
Transforming firebase-components-18.0.0.aar (com.google.firebase:firebase-components:18.0.0) with JetifyTransform
Transforming firebase-components-18.0.0.aar (com.google.firebase:firebase-components:18.0.0) with ExtractAarTransform
Transforming firebase-components-18.0.0.aar (com.google.firebase:firebase-components:18.0.0) with AarResourcesCompilerTransform
Transforming firebase-components-18.0.0.aar (com.google.firebase:firebase-components:18.0.0) with JetifyTransform
Transforming firebase-components-18.0.0.aar (com.google.firebase:firebase-components:18.0.0) with ExtractAarTransform
Transforming firebase-components-18.0.0.aar (com.google.firebase:firebase-components:18.0.0) with AarResourcesCompilerTransform
Transforming firebase-components-18.0.0.aar (com.google.firebase:firebase-components:18.0.0) with JetifyTransform
Transforming firebase-components-18.0.0.aar (com.google.firebase:firebase-components:18.0.0) with ExtractAarTransform
Transforming firebase-components-18.0.0.aar (com.google.firebase:firebase-components:18.0.0) with AarResourcesCompilerTransform
Transforming firebase-components-18.0.0.aar (com.google.firebase:firebase-components:18.0.0) with JetifyTransform
Transforming firebase-components-18.0.0.aar (com.google.firebase:firebase-components:18.0.0) with ExtractAarTransform
Transforming firebase-components-18.0.0.aar (com.google.firebase:firebase-components:18.0.0) with AarResourcesCompilerTransform
Transforming firebase-components-18.0.0.aar (com.google.firebase:firebase-components:18.0.0) with JetifyTransform
Transforming firebase-components-18.0.0.aar (com.google.firebase:firebase-components:18.0.0) with ExtractAarTransform
Transforming firebase-components-18.0.0.aar (com.google.firebase:firebase-components:18.0.0) with AarResourcesCompilerTransform
Transforming firebase-components-18.0.0.aar (com.google.firebase:firebase-components:18.0.0) with JetifyTransform
Transforming firebase-components-18.0.0.aar (com.google.firebase:firebase-components:18.0.0) with ExtractAarTransform
Transforming firebase-components-18.0.0.aar (com.google.firebase:firebase-components:18.0.0) with AarResourcesCompilerTransform
Transforming firebase-components-18.0.0.aar (com.google.firebase:firebase-components:18.0.0) with JetifyTransform
Transforming firebase-components-18.0.0.aar (com.google.firebase:firebase-components:18.0.0) with ExtractAarTransform
Transforming firebase-components-18.0.0.aar (com.google.firebase:firebase-components:18.0.0) with AarResourcesCompilerTransform
Transforming interpolator-1.0.0.aar (androidx.interpolator:interpolator:1.0.0) with JetifyTransform
Transforming interpolator-1.0.0.aar (androidx.interpolator:interpolator:1.0.0) with ExtractAarTransform
Transforming interpolator-1.0.0.aar (androidx.interpolator:interpolator:1.0.0) with AarResourcesCompilerTransform
Transforming interpolator-1.0.0.aar (androidx.interpolator:interpolator:1.0.0) with JetifyTransform
Transforming interpolator-1.0.0.aar (androidx.interpolator:interpolator:1.0.0) with ExtractAarTransform
Transforming interpolator-1.0.0.aar (androidx.interpolator:interpolator:1.0.0) with AarResourcesCompilerTransform
Transforming versionedparcelable-1.1.1.aar (androidx.versionedparcelable:versionedparcelable:1.1.1) with JetifyTransform
Transforming versionedparcelable-1.1.1.aar (androidx.versionedparcelable:versionedparcelable:1.1.1) with ExtractAarTransform
Transforming versionedparcelable-1.1.1.aar (androidx.versionedparcelable:versionedparcelable:1.1.1) with AarResourcesCompilerTransform
Transforming documentfile-1.0.0.aar (androidx.documentfile:documentfile:1.0.0) with JetifyTransform
Transforming documentfile-1.0.0.aar (androidx.documentfile:documentfile:1.0.0) with ExtractAarTransform
Transforming documentfile-1.0.0.aar (androidx.documentfile:documentfile:1.0.0) with AarResourcesCompilerTransform
Transforming localbroadcastmanager-1.0.0.aar (androidx.localbroadcastmanager:localbroadcastmanager:1.0.0) with JetifyTransform
Transforming localbroadcastmanager-1.0.0.aar (androidx.localbroadcastmanager:localbroadcastmanager:1.0.0) with ExtractAarTransform
Transforming localbroadcastmanager-1.0.0.aar (androidx.localbroadcastmanager:localbroadcastmanager:1.0.0) with AarResourcesCompilerTransform
Transforming print-1.0.0.aar (androidx.print:print:1.0.0) with JetifyTransform
Transforming print-1.0.0.aar (androidx.print:print:1.0.0) with ExtractAarTransform
Transforming print-1.0.0.aar (androidx.print:print:1.0.0) with AarResourcesCompilerTransform
Transforming exifinterface-1.3.7.aar (androidx.exifinterface:exifinterface:1.3.7) with JetifyTransform
Transforming exifinterface-1.3.7.aar (androidx.exifinterface:exifinterface:1.3.7) with ExtractAarTransform
Transforming exifinterface-1.3.7.aar (androidx.exifinterface:exifinterface:1.3.7) with AarResourcesCompilerTransform
Transforming annotation-experimental-1.4.1.aar (androidx.annotation:annotation-experimental:1.4.1) with JetifyTransform
Transforming annotation-experimental-1.4.1.aar (androidx.annotation:annotation-experimental:1.4.1) with ExtractAarTransform
Transforming annotation-experimental-1.4.1.aar (androidx.annotation:annotation-experimental:1.4.1) with AarResourcesCompilerTransform
Transforming multidex-2.0.1.aar (androidx.multidex:multidex:2.0.1) with JetifyTransform
Transforming multidex-2.0.1.aar (androidx.multidex:multidex:2.0.1) with ExtractAarTransform
Transforming multidex-2.0.1.aar (androidx.multidex:multidex:2.0.1) with AarResourcesCompilerTransform
Transforming grpc-android-1.57.2.aar (io.grpc:grpc-android:1.57.2) with JetifyTransform
Transforming grpc-android-1.57.2.aar (io.grpc:grpc-android:1.57.2) with ExtractAarTransform
Transforming grpc-android-1.57.2.aar (io.grpc:grpc-android:1.57.2) with AarResourcesCompilerTransform
Transforming zxing-android-embedded-4.3.0.aar (com.journeyapps:zxing-android-embedded:4.3.0) with JetifyTransform
Transforming zxing-android-embedded-4.3.0.aar (com.journeyapps:zxing-android-embedded:4.3.0) with ExtractAarTransform
Transforming zxing-android-embedded-4.3.0.aar (com.journeyapps:zxing-android-embedded:4.3.0) with AarResourcesCompilerTransform
Transforming dagger-lint-aar-2.51.1.aar (com.google.dagger:dagger-lint-aar:2.51.1) with JetifyTransform
Transforming dagger-lint-aar-2.51.1.aar (com.google.dagger:dagger-lint-aar:2.51.1) with ExtractAarTransform
Transforming dagger-lint-aar-2.51.1.aar (com.google.dagger:dagger-lint-aar:2.51.1) with AarResourcesCompilerTransform
Transforming protolite-well-known-types-18.0.0.aar (com.google.firebase:protolite-well-known-types:18.0.0) with JetifyTransform
Transforming protolite-well-known-types-18.0.0.aar (com.google.firebase:protolite-well-known-types:18.0.0) with ExtractAarTransform
Transforming protolite-well-known-types-18.0.0.aar (com.google.firebase:protolite-well-known-types:18.0.0) with AarResourcesCompilerTransform
Caching disabled for task ':app:processDebugResources' because:
  Build cache is disabled
Skipping task ':app:processDebugResources' as it is up-to-date.
Resolve mutations for :app:kaptGenerateStubsDebugKotlin (Thread[#65,Execution worker,5,main]) started.
:app:kaptGenerateStubsDebugKotlin (Thread[#65,Execution worker,5,main]) started.

> Task :app:kaptGenerateStubsDebugKotlin UP-TO-DATE
Transforming javapoet-1.13.0.jar (com.squareup:javapoet:1.13.0) with JetifyTransform
Transforming kotlin-stdlib-1.9.20.jar (org.jetbrains.kotlin:kotlin-stdlib:1.9.20) with JetifyTransform
Transforming jsr305-3.0.2.jar (com.google.code.findbugs:jsr305:3.0.2) with JetifyTransform
Transforming javax.inject-1.jar (javax.inject:javax.inject:1) with JetifyTransform
Transforming listenablefuture-9999.0-empty-to-avoid-conflict-with-guava.jar (com.google.guava:listenablefuture:9999.0-empty-to-avoid-conflict-with-guava) with JetifyTransform
Transforming hilt-compiler-1.2.0.jar (androidx.hilt:hilt-compiler:1.2.0) with JetifyTransform
Transforming room-migration-2.6.1.jar (androidx.room:room-migration:2.6.1) with JetifyTransform
Transforming room-compiler-processing-2.6.1.jar (androidx.room:room-compiler-processing:2.6.1) with JetifyTransform
Transforming room-common-2.6.1.jar (androidx.room:room-common:2.6.1) with JetifyTransform
Transforming room-compiler-2.6.1.jar (androidx.room:room-compiler:2.6.1) with JetifyTransform
Transforming compiler-4.16.0.jar (com.github.bumptech.glide:compiler:4.16.0) with JetifyTransform
Transforming hilt-compiler-2.51.1.jar (com.google.dagger:hilt-compiler:2.51.1) with JetifyTransform
Transforming auto-common-0.11.jar (com.google.auto:auto-common:0.11) with JetifyTransform
Transforming auto-value-annotations-1.6.3.jar (com.google.auto.value:auto-value-annotations:1.6.3) with JetifyTransform
Transforming dagger-compiler-2.51.1.jar (com.google.dagger:dagger-compiler:2.51.1) with JetifyTransform
Transforming dagger-spi-2.51.1.jar (com.google.dagger:dagger-spi:2.51.1) with JetifyTransform
Transforming symbol-processing-api-1.9.22-1.0.17.jar (com.google.devtools.ksp:symbol-processing-api:1.9.22-1.0.17) with JetifyTransform
Transforming annotations-12.0.jar (com.intellij:annotations:12.0) with JetifyTransform
Transforming kotlinpoet-javapoet-1.14.2.jar (com.squareup:kotlinpoet-javapoet:1.14.2) with JetifyTransform
Transforming kotlinpoet-1.14.2.jar (com.squareup:kotlinpoet:1.14.2) with JetifyTransform
Transforming commons-codec-1.15.jar (commons-codec:commons-codec:1.15) with JetifyTransform
Transforming kotlin-reflect-1.8.21.jar (org.jetbrains.kotlin:kotlin-reflect:1.8.21) with JetifyTransform
Transforming kotlin-stdlib-jdk8-1.9.0.jar (org.jetbrains.kotlin:kotlin-stdlib-jdk8:1.9.0) with JetifyTransform
Transforming kotlin-stdlib-jdk7-1.9.0.jar (org.jetbrains.kotlin:kotlin-stdlib-jdk7:1.9.0) with JetifyTransform
Transforming sqlite-jdbc-3.41.2.2.jar (org.xerial:sqlite-jdbc:3.41.2.2) with JetifyTransform
Transforming annotations-4.16.0.jar (com.github.bumptech.glide:annotations:4.16.0) with JetifyTransform
Transforming dagger-2.51.1.jar (com.google.dagger:dagger:2.51.1) with JetifyTransform
Transforming google-java-format-1.5.jar (com.google.googlejavaformat:google-java-format:1.5) with JetifyTransform
Transforming guava-33.0.0-jre.jar (com.google.guava:guava:33.0.0-jre) with JetifyTransform
Transforming failureaccess-1.0.2.jar (com.google.guava:failureaccess:1.0.2) with JetifyTransform
Transforming incap-0.2.jar (net.ltgt.gradle.incap:incap:0.2) with JetifyTransform
Transforming annotation-1.3.0.jar (androidx.annotation:annotation:1.3.0) with JetifyTransform
Transforming gson-2.9.0.jar (com.google.code.gson:gson:2.9.0) with JetifyTransform
Transforming annotations-13.0.jar (org.jetbrains:annotations:13.0) with JetifyTransform
Transforming checker-compat-qual-2.5.5.jar (org.checkerframework:checker-compat-qual:2.5.5) with JetifyTransform
Transforming checker-qual-3.41.0.jar (org.checkerframework:checker-qual:3.41.0) with JetifyTransform
Transforming error_prone_annotations-2.23.0.jar (com.google.errorprone:error_prone_annotations:2.23.0) with JetifyTransform
Transforming javac-shaded-9-dev-r4023-3.jar (com.google.errorprone:javac-shaded:9-dev-r4023-3) with JetifyTransform
Transforming viewbinding-8.7.1.aar (androidx.databinding:viewbinding:8.7.1) with JetifyTransform
Transforming viewbinding-8.7.1.aar (androidx.databinding:viewbinding:8.7.1) with AarToClassTransform
Transforming preference-ktx-1.2.1.aar (androidx.preference:preference-ktx:1.2.1) with JetifyTransform
Transforming preference-ktx-1.2.1.aar (androidx.preference:preference-ktx:1.2.1) with AarToClassTransform
Transforming material-1.12.0.aar (com.google.android.material:material:1.12.0) with JetifyTransform
Transforming material-1.12.0.aar (com.google.android.material:material:1.12.0) with AarToClassTransform
Transforming appcompat-resources-1.7.0.aar (androidx.appcompat:appcompat-resources:1.7.0) with JetifyTransform
Transforming appcompat-resources-1.7.0.aar (androidx.appcompat:appcompat-resources:1.7.0) with AarToClassTransform
Transforming preference-1.2.1.aar (androidx.preference:preference:1.2.1) with JetifyTransform
Transforming kotlin-parcelize-runtime-1.9.25.jar (org.jetbrains.kotlin:kotlin-parcelize-runtime:1.9.25) with JetifyTransform
Transforming preference-1.2.1.aar (androidx.preference:preference:1.2.1) with AarToClassTransform
Transforming appcompat-1.7.0.aar (androidx.appcompat:appcompat:1.7.0) with JetifyTransform
Transforming appcompat-1.7.0.aar (androidx.appcompat:appcompat:1.7.0) with AarToClassTransform
Transforming okhttp3-integration-4.16.0.aar (com.github.bumptech.glide:okhttp3-integration:4.16.0) with JetifyTransform
Transforming okhttp3-integration-4.16.0.aar (com.github.bumptech.glide:okhttp3-integration:4.16.0) with AarToClassTransform
Transforming glide-4.16.0.aar (com.github.bumptech.glide:glide:4.16.0) with JetifyTransform
Transforming glide-4.16.0.aar (com.github.bumptech.glide:glide:4.16.0) with AarToClassTransform
Transforming hilt-work-1.2.0.aar (androidx.hilt:hilt-work:1.2.0) with JetifyTransform
Transforming hilt-work-1.2.0.aar (androidx.hilt:hilt-work:1.2.0) with AarToClassTransform
Transforming hilt-android-2.51.1.aar (com.google.dagger:hilt-android:2.51.1) with JetifyTransform
Transforming hilt-android-2.51.1.aar (com.google.dagger:hilt-android:2.51.1) with AarToClassTransform
Transforming viewpager2-1.1.0-beta02.aar (androidx.viewpager2:viewpager2:1.1.0-beta02) with JetifyTransform
Transforming viewpager2-1.1.0-beta02.aar (androidx.viewpager2:viewpager2:1.1.0-beta02) with AarToClassTransform
Transforming firebase-firestore-ktx-25.0.0.aar (com.google.firebase:firebase-firestore-ktx:25.0.0) with JetifyTransform
Transforming firebase-firestore-ktx-25.0.0.aar (com.google.firebase:firebase-firestore-ktx:25.0.0) with AarToClassTransform
Transforming firebase-firestore-25.0.0.aar (com.google.firebase:firebase-firestore:25.0.0) with JetifyTransform
Transforming firebase-firestore-25.0.0.aar (com.google.firebase:firebase-firestore:25.0.0) with AarToClassTransform
Transforming firebase-appcheck-interop-17.0.0.aar (com.google.firebase:firebase-appcheck-interop:17.0.0) with JetifyTransform
Transforming firebase-appcheck-interop-17.0.0.aar (com.google.firebase:firebase-appcheck-interop:17.0.0) with AarToClassTransform
Transforming firebase-auth-interop-19.0.2.aar (com.google.firebase:firebase-auth-interop:19.0.2) with JetifyTransform
Transforming firebase-auth-interop-19.0.2.aar (com.google.firebase:firebase-auth-interop:19.0.2) with AarToClassTransform
Transforming firebase-analytics-ktx-22.0.2.aar (com.google.firebase:firebase-analytics-ktx:22.0.2) with JetifyTransform
Transforming firebase-analytics-ktx-22.0.2.aar (com.google.firebase:firebase-analytics-ktx:22.0.2) with AarToClassTransform
Transforming firebase-analytics-22.0.2.aar (com.google.firebase:firebase-analytics:22.0.2) with JetifyTransform
Transforming firebase-analytics-22.0.2.aar (com.google.firebase:firebase-analytics:22.0.2) with AarToClassTransform
Transforming play-services-measurement-api-22.0.2.aar (com.google.android.gms:play-services-measurement-api:22.0.2) with JetifyTransform
Transforming play-services-measurement-api-22.0.2.aar (com.google.android.gms:play-services-measurement-api:22.0.2) with AarToClassTransform
Transforming firebase-installations-18.0.0.aar (com.google.firebase:firebase-installations:18.0.0) with JetifyTransform
Transforming firebase-installations-18.0.0.aar (com.google.firebase:firebase-installations:18.0.0) with AarToClassTransform
Transforming firebase-common-ktx-21.0.0.aar (com.google.firebase:firebase-common-ktx:21.0.0) with JetifyTransform
Transforming firebase-common-ktx-21.0.0.aar (com.google.firebase:firebase-common-ktx:21.0.0) with AarToClassTransform
Transforming firebase-common-ktx-21.0.0.aar (com.google.firebase:firebase-common-ktx:21.0.0) with JetifyTransform
Transforming firebase-common-ktx-21.0.0.aar (com.google.firebase:firebase-common-ktx:21.0.0) with AarToClassTransform
Transforming firebase-common-ktx-21.0.0.aar (com.google.firebase:firebase-common-ktx:21.0.0) with JetifyTransform
Transforming firebase-common-ktx-21.0.0.aar (com.google.firebase:firebase-common-ktx:21.0.0) with AarToClassTransform
Transforming firebase-common-ktx-21.0.0.aar (com.google.firebase:firebase-common-ktx:21.0.0) with JetifyTransform
Transforming firebase-common-ktx-21.0.0.aar (com.google.firebase:firebase-common-ktx:21.0.0) with AarToClassTransform
Transforming firebase-common-ktx-21.0.0.aar (com.google.firebase:firebase-common-ktx:21.0.0) with JetifyTransform
Transforming firebase-common-ktx-21.0.0.aar (com.google.firebase:firebase-common-ktx:21.0.0) with AarToClassTransform
Transforming firebase-common-21.0.0.aar (com.google.firebase:firebase-common:21.0.0) with JetifyTransform
Transforming firebase-common-21.0.0.aar (com.google.firebase:firebase-common:21.0.0) with AarToClassTransform
Transforming firebase-common-21.0.0.aar (com.google.firebase:firebase-common:21.0.0) with JetifyTransform
Transforming firebase-common-21.0.0.aar (com.google.firebase:firebase-common:21.0.0) with AarToClassTransform
Transforming firebase-common-21.0.0.aar (com.google.firebase:firebase-common:21.0.0) with JetifyTransform
Transforming firebase-common-21.0.0.aar (com.google.firebase:firebase-common:21.0.0) with AarToClassTransform
Transforming firebase-common-21.0.0.aar (com.google.firebase:firebase-common:21.0.0) with JetifyTransform
Transforming firebase-common-21.0.0.aar (com.google.firebase:firebase-common:21.0.0) with AarToClassTransform
Transforming firebase-common-21.0.0.aar (com.google.firebase:firebase-common:21.0.0) with JetifyTransform
Transforming firebase-common-21.0.0.aar (com.google.firebase:firebase-common:21.0.0) with AarToClassTransform
Transforming firebase-common-21.0.0.aar (com.google.firebase:firebase-common:21.0.0) with JetifyTransform
Transforming firebase-common-21.0.0.aar (com.google.firebase:firebase-common:21.0.0) with AarToClassTransform
Transforming room-common-2.6.1.jar (androidx.room:room-common:2.6.1) with JetifyTransform
Transforming room-common-2.6.1.jar (androidx.room:room-common:2.6.1) with IdentityTransform
Transforming room-ktx-2.6.1.aar (androidx.room:room-ktx:2.6.1) with JetifyTransform
Transforming room-ktx-2.6.1.aar (androidx.room:room-ktx:2.6.1) with AarToClassTransform
Transforming room-runtime-2.6.1.aar (androidx.room:room-runtime:2.6.1) with JetifyTransform
Transforming room-runtime-2.6.1.aar (androidx.room:room-runtime:2.6.1) with AarToClassTransform
Transforming room-paging-2.6.1.aar (androidx.room:room-paging:2.6.1) with JetifyTransform
Transforming room-paging-2.6.1.aar (androidx.room:room-paging:2.6.1) with AarToClassTransform
Transforming paging-common-release.aar (androidx.paging:paging-common-android:3.3.2) with JetifyTransform
Transforming paging-common-release.aar (androidx.paging:paging-common-android:3.3.2) with AarToClassTransform
Transforming paging-runtime-ktx-3.3.2.aar (androidx.paging:paging-runtime-ktx:3.3.2) with JetifyTransform
Transforming paging-runtime-ktx-3.3.2.aar (androidx.paging:paging-runtime-ktx:3.3.2) with AarToClassTransform
Transforming paging-runtime-3.3.2.aar (androidx.paging:paging-runtime:3.3.2) with JetifyTransform
Transforming paging-runtime-3.3.2.aar (androidx.paging:paging-runtime:3.3.2) with AarToClassTransform
Transforming activity-compose-1.9.3.aar (androidx.activity:activity-compose:1.9.3) with JetifyTransform
Transforming activity-compose-1.9.3.aar (androidx.activity:activity-compose:1.9.3) with AarToClassTransform
Transforming material3-release.aar (androidx.compose.material3:material3-android:1.2.0) with JetifyTransform
Transforming kotlin-parcelize-runtime-1.9.25.jar (org.jetbrains.kotlin:kotlin-parcelize-runtime:1.9.25) with IdentityTransform
Transforming material3-release.aar (androidx.compose.material3:material3-android:1.2.0) with AarToClassTransform
Transforming ui-util-release.aar (androidx.compose.ui:ui-util-android:1.6.2) with JetifyTransform
Transforming ui-util-release.aar (androidx.compose.ui:ui-util-android:1.6.2) with AarToClassTransform
Transforming ui-unit-release.aar (androidx.compose.ui:ui-unit-android:1.6.2) with JetifyTransform
Transforming ui-unit-release.aar (androidx.compose.ui:ui-unit-android:1.6.2) with AarToClassTransform
Transforming ui-text-release.aar (androidx.compose.ui:ui-text-android:1.6.2) with JetifyTransform
Transforming ui-text-release.aar (androidx.compose.ui:ui-text-android:1.6.2) with AarToClassTransform
Transforming coil-compose-2.6.0.aar (io.coil-kt:coil-compose:2.6.0) with JetifyTransform
Transforming coil-compose-2.6.0.aar (io.coil-kt:coil-compose:2.6.0) with AarToClassTransform
Transforming coil-compose-base-2.6.0.aar (io.coil-kt:coil-compose-base:2.6.0) with JetifyTransform
Transforming coil-compose-base-2.6.0.aar (io.coil-kt:coil-compose-base:2.6.0) with AarToClassTransform
Transforming foundation-layout-release.aar (androidx.compose.foundation:foundation-layout-android:1.6.2) with JetifyTransform
Transforming foundation-layout-release.aar (androidx.compose.foundation:foundation-layout-android:1.6.2) with AarToClassTransform
Transforming material-icons-core-release.aar (androidx.compose.material:material-icons-core-android:1.6.2) with JetifyTransform
Transforming material-icons-core-release.aar (androidx.compose.material:material-icons-core-android:1.6.2) with AarToClassTransform
Transforming material-ripple-release.aar (androidx.compose.material:material-ripple-android:1.6.2) with JetifyTransform
Transforming material-ripple-release.aar (androidx.compose.material:material-ripple-android:1.6.2) with AarToClassTransform
Transforming foundation-release.aar (androidx.compose.foundation:foundation-android:1.6.2) with JetifyTransform
Transforming foundation-release.aar (androidx.compose.foundation:foundation-android:1.6.2) with AarToClassTransform
Transforming animation-core-release.aar (androidx.compose.animation:animation-core-android:1.6.2) with JetifyTransform
Transforming animation-core-release.aar (androidx.compose.animation:animation-core-android:1.6.2) with AarToClassTransform
Transforming animation-release.aar (androidx.compose.animation:animation-android:1.6.2) with JetifyTransform
Transforming animation-release.aar (androidx.compose.animation:animation-android:1.6.2) with AarToClassTransform
Transforming ui-geometry-release.aar (androidx.compose.ui:ui-geometry-android:1.6.2) with JetifyTransform
Transforming ui-geometry-release.aar (androidx.compose.ui:ui-geometry-android:1.6.2) with AarToClassTransform
Transforming ui-tooling-data-release.aar (androidx.compose.ui:ui-tooling-data-android:1.6.2) with JetifyTransform
Transforming ui-tooling-data-release.aar (androidx.compose.ui:ui-tooling-data-android:1.6.2) with AarToClassTransform
Transforming ui-tooling-preview-release.aar (androidx.compose.ui:ui-tooling-preview-android:1.6.2) with JetifyTransform
Transforming ui-tooling-preview-release.aar (androidx.compose.ui:ui-tooling-preview-android:1.6.2) with AarToClassTransform
Transforming ui-graphics-release.aar (androidx.compose.ui:ui-graphics-android:1.6.2) with JetifyTransform
Transforming ui-graphics-release.aar (androidx.compose.ui:ui-graphics-android:1.6.2) with AarToClassTransform
Transforming recyclerview-1.3.2.aar (androidx.recyclerview:recyclerview:1.3.2) with JetifyTransform
Transforming recyclerview-1.3.2.aar (androidx.recyclerview:recyclerview:1.3.2) with AarToClassTransform
Transforming drawerlayout-1.1.1.aar (androidx.drawerlayout:drawerlayout:1.1.1) with JetifyTransform
Transforming drawerlayout-1.1.1.aar (androidx.drawerlayout:drawerlayout:1.1.1) with AarToClassTransform
Transforming coordinatorlayout-1.1.0.aar (androidx.coordinatorlayout:coordinatorlayout:1.1.0) with JetifyTransform
Transforming coordinatorlayout-1.1.0.aar (androidx.coordinatorlayout:coordinatorlayout:1.1.0) with AarToClassTransform
Transforming dynamicanimation-1.0.0.aar (androidx.dynamicanimation:dynamicanimation:1.0.0) with JetifyTransform
Transforming dynamicanimation-1.0.0.aar (androidx.dynamicanimation:dynamicanimation:1.0.0) with AarToClassTransform
Transforming transition-1.5.0.aar (androidx.transition:transition:1.5.0) with JetifyTransform
Transforming transition-1.5.0.aar (androidx.transition:transition:1.5.0) with AarToClassTransform
Transforming vectordrawable-animated-1.1.0.aar (androidx.vectordrawable:vectordrawable-animated:1.1.0) with JetifyTransform
Transforming vectordrawable-animated-1.1.0.aar (androidx.vectordrawable:vectordrawable-animated:1.1.0) with AarToClassTransform
Transforming vectordrawable-1.1.0.aar (androidx.vectordrawable:vectordrawable:1.1.0) with JetifyTransform
Transforming vectordrawable-1.1.0.aar (androidx.vectordrawable:vectordrawable:1.1.0) with AarToClassTransform
Transforming vectordrawable-1.1.0.aar (androidx.vectordrawable:vectordrawable:1.1.0) with JetifyTransform
Transforming vectordrawable-1.1.0.aar (androidx.vectordrawable:vectordrawable:1.1.0) with AarToClassTransform
Transforming viewpager-1.0.0.aar (androidx.viewpager:viewpager:1.0.0) with JetifyTransform
Transforming viewpager-1.0.0.aar (androidx.viewpager:viewpager:1.0.0) with AarToClassTransform
Transforming slidingpanelayout-1.2.0.aar (androidx.slidingpanelayout:slidingpanelayout:1.2.0) with JetifyTransform
Transforming slidingpanelayout-1.2.0.aar (androidx.slidingpanelayout:slidingpanelayout:1.2.0) with AarToClassTransform
Transforming customview-1.1.0.aar (androidx.customview:customview:1.1.0) with JetifyTransform
Transforming customview-1.1.0.aar (androidx.customview:customview:1.1.0) with AarToClassTransform
Transforming customview-1.1.0.aar (androidx.customview:customview:1.1.0) with JetifyTransform
Transforming customview-1.1.0.aar (androidx.customview:customview:1.1.0) with AarToClassTransform
Transforming customview-1.1.0.aar (androidx.customview:customview:1.1.0) with JetifyTransform
Transforming customview-1.1.0.aar (androidx.customview:customview:1.1.0) with AarToClassTransform
Transforming customview-1.1.0.aar (androidx.customview:customview:1.1.0) with JetifyTransform
Transforming customview-1.1.0.aar (androidx.customview:customview:1.1.0) with AarToClassTransform
Transforming play-services-measurement-22.0.2.aar (com.google.android.gms:play-services-measurement:22.0.2) with JetifyTransform
Transforming play-services-measurement-22.0.2.aar (com.google.android.gms:play-services-measurement:22.0.2) with AarToClassTransform
Transforming play-services-measurement-sdk-22.0.2.aar (com.google.android.gms:play-services-measurement-sdk:22.0.2) with JetifyTransform
Transforming play-services-measurement-sdk-22.0.2.aar (com.google.android.gms:play-services-measurement-sdk:22.0.2) with AarToClassTransform
Transforming play-services-measurement-impl-22.0.2.aar (com.google.android.gms:play-services-measurement-impl:22.0.2) with JetifyTransform
Transforming play-services-measurement-impl-22.0.2.aar (com.google.android.gms:play-services-measurement-impl:22.0.2) with AarToClassTransform
Transforming play-services-measurement-impl-22.0.2.aar (com.google.android.gms:play-services-measurement-impl:22.0.2) with JetifyTransform
Transforming play-services-measurement-impl-22.0.2.aar (com.google.android.gms:play-services-measurement-impl:22.0.2) with AarToClassTransform
Transforming play-services-stats-17.0.2.aar (com.google.android.gms:play-services-stats:17.0.2) with JetifyTransform
Transforming play-services-stats-17.0.2.aar (com.google.android.gms:play-services-stats:17.0.2) with AarToClassTransform
Transforming play-services-stats-17.0.2.aar (com.google.android.gms:play-services-stats:17.0.2) with JetifyTransform
Transforming play-services-stats-17.0.2.aar (com.google.android.gms:play-services-stats:17.0.2) with AarToClassTransform
Transforming legacy-support-core-utils-1.0.0.aar (androidx.legacy:legacy-support-core-utils:1.0.0) with JetifyTransform
Transforming legacy-support-core-utils-1.0.0.aar (androidx.legacy:legacy-support-core-utils:1.0.0) with AarToClassTransform
Transforming legacy-support-core-utils-1.0.0.aar (androidx.legacy:legacy-support-core-utils:1.0.0) with JetifyTransform
Transforming legacy-support-core-utils-1.0.0.aar (androidx.legacy:legacy-support-core-utils:1.0.0) with AarToClassTransform
Transforming legacy-support-core-utils-1.0.0.aar (androidx.legacy:legacy-support-core-utils:1.0.0) with JetifyTransform
Transforming legacy-support-core-utils-1.0.0.aar (androidx.legacy:legacy-support-core-utils:1.0.0) with AarToClassTransform
Transforming loader-1.0.0.aar (androidx.loader:loader:1.0.0) with JetifyTransform
Transforming loader-1.0.0.aar (androidx.loader:loader:1.0.0) with AarToClassTransform
Transforming loader-1.0.0.aar (androidx.loader:loader:1.0.0) with JetifyTransform
Transforming loader-1.0.0.aar (androidx.loader:loader:1.0.0) with AarToClassTransform
Transforming firebase-database-collection-18.0.1.aar (com.google.firebase:firebase-database-collection:18.0.1) with JetifyTransform
Transforming firebase-database-collection-18.0.1.aar (com.google.firebase:firebase-database-collection:18.0.1) with AarToClassTransform
Transforming play-services-base-18.0.1.aar (com.google.android.gms:play-services-base:18.0.1) with JetifyTransform
Transforming play-services-base-18.0.1.aar (com.google.android.gms:play-services-base:18.0.1) with AarToClassTransform
Transforming play-services-base-18.0.1.aar (com.google.android.gms:play-services-base:18.0.1) with JetifyTransform
Transforming play-services-base-18.0.1.aar (com.google.android.gms:play-services-base:18.0.1) with AarToClassTransform
Transforming core-1.13.1.aar (androidx.core:core:1.13.1) with JetifyTransform
Transforming core-1.13.1.aar (androidx.core:core:1.13.1) with AarToClassTransform
Transforming core-1.13.1.aar (androidx.core:core:1.13.1) with JetifyTransform
Transforming core-1.13.1.aar (androidx.core:core:1.13.1) with AarToClassTransform
Transforming core-1.13.1.aar (androidx.core:core:1.13.1) with JetifyTransform
Transforming core-1.13.1.aar (androidx.core:core:1.13.1) with AarToClassTransform
Transforming core-1.13.1.aar (androidx.core:core:1.13.1) with JetifyTransform
Transforming core-1.13.1.aar (androidx.core:core:1.13.1) with AarToClassTransform
Transforming core-1.13.1.aar (androidx.core:core:1.13.1) with JetifyTransform
Transforming core-1.13.1.aar (androidx.core:core:1.13.1) with AarToClassTransform
Transforming core-1.13.1.aar (androidx.core:core:1.13.1) with JetifyTransform
Transforming core-1.13.1.aar (androidx.core:core:1.13.1) with AarToClassTransform
Transforming core-1.13.1.aar (androidx.core:core:1.13.1) with JetifyTransform
Transforming core-1.13.1.aar (androidx.core:core:1.13.1) with AarToClassTransform
Transforming core-1.13.1.aar (androidx.core:core:1.13.1) with JetifyTransform
Transforming core-1.13.1.aar (androidx.core:core:1.13.1) with AarToClassTransform
Transforming core-1.13.1.aar (androidx.core:core:1.13.1) with JetifyTransform
Transforming core-1.13.1.aar (androidx.core:core:1.13.1) with AarToClassTransform
Transforming core-1.13.1.aar (androidx.core:core:1.13.1) with JetifyTransform
Transforming core-1.13.1.aar (androidx.core:core:1.13.1) with AarToClassTransform
Transforming core-1.13.1.aar (androidx.core:core:1.13.1) with JetifyTransform
Transforming core-1.13.1.aar (androidx.core:core:1.13.1) with AarToClassTransform
Transforming core-1.13.1.aar (androidx.core:core:1.13.1) with JetifyTransform
Transforming core-1.13.1.aar (androidx.core:core:1.13.1) with AarToClassTransform
Transforming lifecycle-viewmodel-2.8.7.aar (androidx.lifecycle:lifecycle-viewmodel:2.8.7) with JetifyTransform
Transforming lifecycle-viewmodel-2.8.7.aar (androidx.lifecycle:lifecycle-viewmodel:2.8.7) with AarToClassTransform
Transforming lifecycle-viewmodel-release.aar (androidx.lifecycle:lifecycle-viewmodel-android:2.8.7) with JetifyTransform
Transforming lifecycle-viewmodel-release.aar (androidx.lifecycle:lifecycle-viewmodel-android:2.8.7) with AarToClassTransform
Transforming coil-2.6.0.aar (io.coil-kt:coil:2.6.0) with JetifyTransform
Transforming coil-2.6.0.aar (io.coil-kt:coil:2.6.0) with AarToClassTransform
Transforming coil-base-2.6.0.aar (io.coil-kt:coil-base:2.6.0) with JetifyTransform
Transforming coil-base-2.6.0.aar (io.coil-kt:coil-base:2.6.0) with AarToClassTransform
Transforming lifecycle-runtime-release.aar (androidx.lifecycle:lifecycle-runtime-android:2.8.7) with JetifyTransform
Transforming lifecycle-runtime-release.aar (androidx.lifecycle:lifecycle-runtime-android:2.8.7) with AarToClassTransform
Transforming lifecycle-livedata-core-2.8.7.aar (androidx.lifecycle:lifecycle-livedata-core:2.8.7) with JetifyTransform
Transforming lifecycle-livedata-core-2.8.7.aar (androidx.lifecycle:lifecycle-livedata-core:2.8.7) with AarToClassTransform
Transforming lifecycle-runtime-compose-release.aar (androidx.lifecycle:lifecycle-runtime-compose-android:2.8.7) with JetifyTransform
Transforming lifecycle-runtime-compose-release.aar (androidx.lifecycle:lifecycle-runtime-compose-android:2.8.7) with AarToClassTransform
Transforming lifecycle-viewmodel-compose-release.aar (androidx.lifecycle:lifecycle-viewmodel-compose-android:2.8.7) with JetifyTransform
Transforming lifecycle-viewmodel-compose-release.aar (androidx.lifecycle:lifecycle-viewmodel-compose-android:2.8.7) with AarToClassTransform
Transforming ui-release.aar (androidx.compose.ui:ui-android:1.6.2) with JetifyTransform
Transforming ui-release.aar (androidx.compose.ui:ui-android:1.6.2) with AarToClassTransform
Transforming ui-tooling-release.aar (androidx.compose.ui:ui-tooling-android:1.6.2) with JetifyTransform
Transforming ui-tooling-release.aar (androidx.compose.ui:ui-tooling-android:1.6.2) with AarToClassTransform
Transforming ui-test-manifest-1.6.2.aar (androidx.compose.ui:ui-test-manifest:1.6.2) with JetifyTransform
Transforming ui-test-manifest-1.6.2.aar (androidx.compose.ui:ui-test-manifest:1.6.2) with AarToClassTransform
Transforming activity-1.9.3.aar (androidx.activity:activity:1.9.3) with JetifyTransform
Transforming activity-1.9.3.aar (androidx.activity:activity:1.9.3) with AarToClassTransform
Transforming lifecycle-viewmodel-savedstate-2.8.7.aar (androidx.lifecycle:lifecycle-viewmodel-savedstate:2.8.7) with JetifyTransform
Transforming lifecycle-viewmodel-savedstate-2.8.7.aar (androidx.lifecycle:lifecycle-viewmodel-savedstate:2.8.7) with AarToClassTransform
Transforming lifecycle-runtime-ktx-release.aar (androidx.lifecycle:lifecycle-runtime-ktx-android:2.8.7) with JetifyTransform
Transforming lifecycle-runtime-ktx-release.aar (androidx.lifecycle:lifecycle-runtime-ktx-android:2.8.7) with AarToClassTransform
Transforming work-runtime-ktx-2.9.1.aar (androidx.work:work-runtime-ktx:2.9.1) with JetifyTransform
Transforming work-runtime-ktx-2.9.1.aar (androidx.work:work-runtime-ktx:2.9.1) with AarToClassTransform
Transforming work-runtime-2.9.1.aar (androidx.work:work-runtime:2.9.1) with JetifyTransform
Transforming work-runtime-2.9.1.aar (androidx.work:work-runtime:2.9.1) with AarToClassTransform
Transforming lifecycle-livedata-2.8.7.aar (androidx.lifecycle:lifecycle-livedata:2.8.7) with JetifyTransform
Transforming lifecycle-livedata-2.8.7.aar (androidx.lifecycle:lifecycle-livedata:2.8.7) with AarToClassTransform
Transforming lifecycle-livedata-2.8.7.aar (androidx.lifecycle:lifecycle-livedata:2.8.7) with JetifyTransform
Transforming lifecycle-livedata-2.8.7.aar (androidx.lifecycle:lifecycle-livedata:2.8.7) with AarToClassTransform
Transforming lifecycle-livedata-core-ktx-2.8.7.aar (androidx.lifecycle:lifecycle-livedata-core-ktx:2.8.7) with JetifyTransform
Transforming lifecycle-livedata-core-ktx-2.8.7.aar (androidx.lifecycle:lifecycle-livedata-core-ktx:2.8.7) with AarToClassTransform
Transforming lifecycle-livedata-ktx-2.8.7.aar (androidx.lifecycle:lifecycle-livedata-ktx:2.8.7) with JetifyTransform
Transforming lifecycle-livedata-ktx-2.8.7.aar (androidx.lifecycle:lifecycle-livedata-ktx:2.8.7) with AarToClassTransform
Transforming lifecycle-viewmodel-ktx-2.8.7.aar (androidx.lifecycle:lifecycle-viewmodel-ktx:2.8.7) with JetifyTransform
Transforming lifecycle-viewmodel-ktx-2.8.7.aar (androidx.lifecycle:lifecycle-viewmodel-ktx:2.8.7) with AarToClassTransform
Transforming runtime-saveable-release.aar (androidx.compose.runtime:runtime-saveable-android:1.7.1) with JetifyTransform
Transforming runtime-saveable-release.aar (androidx.compose.runtime:runtime-saveable-android:1.7.1) with AarToClassTransform
Transforming runtime-release.aar (androidx.compose.runtime:runtime-android:1.7.1) with JetifyTransform
Transforming runtime-release.aar (androidx.compose.runtime:runtime-android:1.7.1) with AarToClassTransform
Transforming ads-adservices-java-1.0.0-beta05.aar (androidx.privacysandbox.ads:ads-adservices-java:1.0.0-beta05) with JetifyTransform
Transforming ads-adservices-java-1.0.0-beta05.aar (androidx.privacysandbox.ads:ads-adservices-java:1.0.0-beta05) with AarToClassTransform
Transforming ads-adservices-1.0.0-beta05.aar (androidx.privacysandbox.ads:ads-adservices:1.0.0-beta05) with JetifyTransform
Transforming ads-adservices-1.0.0-beta05.aar (androidx.privacysandbox.ads:ads-adservices:1.0.0-beta05) with AarToClassTransform
Transforming firebase-installations-interop-17.1.1.aar (com.google.firebase:firebase-installations-interop:17.1.1) with JetifyTransform
Transforming firebase-installations-interop-17.1.1.aar (com.google.firebase:firebase-installations-interop:17.1.1) with AarToClassTransform
Transforming firebase-installations-interop-17.1.1.aar (com.google.firebase:firebase-installations-interop:17.1.1) with JetifyTransform
Transforming firebase-installations-interop-17.1.1.aar (com.google.firebase:firebase-installations-interop:17.1.1) with AarToClassTransform
Transforming play-services-tasks-18.2.0.aar (com.google.android.gms:play-services-tasks:18.2.0) with JetifyTransform
Transforming play-services-tasks-18.2.0.aar (com.google.android.gms:play-services-tasks:18.2.0) with AarToClassTransform
Transforming play-services-tasks-18.2.0.aar (com.google.android.gms:play-services-tasks:18.2.0) with JetifyTransform
Transforming play-services-tasks-18.2.0.aar (com.google.android.gms:play-services-tasks:18.2.0) with AarToClassTransform
Transforming play-services-tasks-18.2.0.aar (com.google.android.gms:play-services-tasks:18.2.0) with JetifyTransform
Transforming play-services-tasks-18.2.0.aar (com.google.android.gms:play-services-tasks:18.2.0) with AarToClassTransform
Transforming play-services-tasks-18.2.0.aar (com.google.android.gms:play-services-tasks:18.2.0) with JetifyTransform
Transforming play-services-tasks-18.2.0.aar (com.google.android.gms:play-services-tasks:18.2.0) with AarToClassTransform
Transforming play-services-tasks-18.2.0.aar (com.google.android.gms:play-services-tasks:18.2.0) with JetifyTransform
Transforming play-services-tasks-18.2.0.aar (com.google.android.gms:play-services-tasks:18.2.0) with AarToClassTransform
Transforming play-services-tasks-18.2.0.aar (com.google.android.gms:play-services-tasks:18.2.0) with JetifyTransform
Transforming play-services-tasks-18.2.0.aar (com.google.android.gms:play-services-tasks:18.2.0) with AarToClassTransform
Transforming play-services-tasks-18.2.0.aar (com.google.android.gms:play-services-tasks:18.2.0) with JetifyTransform
Transforming play-services-tasks-18.2.0.aar (com.google.android.gms:play-services-tasks:18.2.0) with AarToClassTransform
Transforming play-services-tasks-18.2.0.aar (com.google.android.gms:play-services-tasks:18.2.0) with JetifyTransform
Transforming play-services-tasks-18.2.0.aar (com.google.android.gms:play-services-tasks:18.2.0) with AarToClassTransform
Transforming play-services-ads-identifier-18.0.0.aar (com.google.android.gms:play-services-ads-identifier:18.0.0) with JetifyTransform
Transforming play-services-ads-identifier-18.0.0.aar (com.google.android.gms:play-services-ads-identifier:18.0.0) with AarToClassTransform
Transforming play-services-ads-identifier-18.0.0.aar (com.google.android.gms:play-services-ads-identifier:18.0.0) with JetifyTransform
Transforming play-services-ads-identifier-18.0.0.aar (com.google.android.gms:play-services-ads-identifier:18.0.0) with AarToClassTransform
Transforming play-services-ads-identifier-18.0.0.aar (com.google.android.gms:play-services-ads-identifier:18.0.0) with JetifyTransform
Transforming play-services-ads-identifier-18.0.0.aar (com.google.android.gms:play-services-ads-identifier:18.0.0) with AarToClassTransform
Transforming play-services-measurement-sdk-api-22.0.2.aar (com.google.android.gms:play-services-measurement-sdk-api:22.0.2) with JetifyTransform
Transforming play-services-measurement-sdk-api-22.0.2.aar (com.google.android.gms:play-services-measurement-sdk-api:22.0.2) with AarToClassTransform
Transforming play-services-measurement-base-22.0.2.aar (com.google.android.gms:play-services-measurement-base:22.0.2) with JetifyTransform
Transforming play-services-measurement-base-22.0.2.aar (com.google.android.gms:play-services-measurement-base:22.0.2) with AarToClassTransform
Transforming play-services-measurement-base-22.0.2.aar (com.google.android.gms:play-services-measurement-base:22.0.2) with JetifyTransform
Transforming play-services-measurement-base-22.0.2.aar (com.google.android.gms:play-services-measurement-base:22.0.2) with AarToClassTransform
Transforming play-services-measurement-base-22.0.2.aar (com.google.android.gms:play-services-measurement-base:22.0.2) with JetifyTransform
Transforming play-services-measurement-base-22.0.2.aar (com.google.android.gms:play-services-measurement-base:22.0.2) with AarToClassTransform
Transforming play-services-measurement-base-22.0.2.aar (com.google.android.gms:play-services-measurement-base:22.0.2) with JetifyTransform
Transforming play-services-measurement-base-22.0.2.aar (com.google.android.gms:play-services-measurement-base:22.0.2) with AarToClassTransform
Transforming play-services-measurement-base-22.0.2.aar (com.google.android.gms:play-services-measurement-base:22.0.2) with JetifyTransform
Transforming play-services-measurement-base-22.0.2.aar (com.google.android.gms:play-services-measurement-base:22.0.2) with AarToClassTransform
Transforming firebase-measurement-connector-19.0.0.aar (com.google.firebase:firebase-measurement-connector:19.0.0) with JetifyTransform
Transforming firebase-measurement-connector-19.0.0.aar (com.google.firebase:firebase-measurement-connector:19.0.0) with AarToClassTransform
Transforming play-services-basement-18.4.0.aar (com.google.android.gms:play-services-basement:18.4.0) with JetifyTransform
Transforming play-services-basement-18.4.0.aar (com.google.android.gms:play-services-basement:18.4.0) with AarToClassTransform
Transforming play-services-basement-18.4.0.aar (com.google.android.gms:play-services-basement:18.4.0) with JetifyTransform
Transforming play-services-basement-18.4.0.aar (com.google.android.gms:play-services-basement:18.4.0) with AarToClassTransform
Transforming play-services-basement-18.4.0.aar (com.google.android.gms:play-services-basement:18.4.0) with JetifyTransform
Transforming play-services-basement-18.4.0.aar (com.google.android.gms:play-services-basement:18.4.0) with AarToClassTransform
Transforming play-services-basement-18.4.0.aar (com.google.android.gms:play-services-basement:18.4.0) with JetifyTransform
Transforming play-services-basement-18.4.0.aar (com.google.android.gms:play-services-basement:18.4.0) with AarToClassTransform
Transforming play-services-basement-18.4.0.aar (com.google.android.gms:play-services-basement:18.4.0) with JetifyTransform
Transforming play-services-basement-18.4.0.aar (com.google.android.gms:play-services-basement:18.4.0) with AarToClassTransform
Transforming play-services-basement-18.4.0.aar (com.google.android.gms:play-services-basement:18.4.0) with JetifyTransform
Transforming play-services-basement-18.4.0.aar (com.google.android.gms:play-services-basement:18.4.0) with AarToClassTransform
Transforming play-services-basement-18.4.0.aar (com.google.android.gms:play-services-basement:18.4.0) with JetifyTransform
Transforming play-services-basement-18.4.0.aar (com.google.android.gms:play-services-basement:18.4.0) with AarToClassTransform
Transforming play-services-basement-18.4.0.aar (com.google.android.gms:play-services-basement:18.4.0) with JetifyTransform
Transforming play-services-basement-18.4.0.aar (com.google.android.gms:play-services-basement:18.4.0) with AarToClassTransform
Transforming play-services-basement-18.4.0.aar (com.google.android.gms:play-services-basement:18.4.0) with JetifyTransform
Transforming play-services-basement-18.4.0.aar (com.google.android.gms:play-services-basement:18.4.0) with AarToClassTransform
Transforming play-services-basement-18.4.0.aar (com.google.android.gms:play-services-basement:18.4.0) with JetifyTransform
Transforming play-services-basement-18.4.0.aar (com.google.android.gms:play-services-basement:18.4.0) with AarToClassTransform
Transforming play-services-basement-18.4.0.aar (com.google.android.gms:play-services-basement:18.4.0) with JetifyTransform
Transforming play-services-basement-18.4.0.aar (com.google.android.gms:play-services-basement:18.4.0) with AarToClassTransform
Transforming play-services-basement-18.4.0.aar (com.google.android.gms:play-services-basement:18.4.0) with JetifyTransform
Transforming play-services-basement-18.4.0.aar (com.google.android.gms:play-services-basement:18.4.0) with AarToClassTransform
Transforming fragment-1.8.5.aar (androidx.fragment:fragment:1.8.5) with JetifyTransform
Transforming fragment-1.8.5.aar (androidx.fragment:fragment:1.8.5) with AarToClassTransform
Transforming fragment-1.8.5.aar (androidx.fragment:fragment:1.8.5) with JetifyTransform
Transforming fragment-1.8.5.aar (androidx.fragment:fragment:1.8.5) with AarToClassTransform
Transforming fragment-1.8.5.aar (androidx.fragment:fragment:1.8.5) with JetifyTransform
Transforming fragment-1.8.5.aar (androidx.fragment:fragment:1.8.5) with AarToClassTransform
Transforming fragment-ktx-1.8.5.aar (androidx.fragment:fragment-ktx:1.8.5) with JetifyTransform
Transforming fragment-ktx-1.8.5.aar (androidx.fragment:fragment-ktx:1.8.5) with AarToClassTransform
Transforming activity-ktx-1.9.3.aar (androidx.activity:activity-ktx:1.9.3) with JetifyTransform
Transforming activity-ktx-1.9.3.aar (androidx.activity:activity-ktx:1.9.3) with AarToClassTransform
Transforming core-ktx-1.13.1.aar (androidx.core:core-ktx:1.13.1) with JetifyTransform
Transforming core-ktx-1.13.1.aar (androidx.core:core-ktx:1.13.1) with AarToClassTransform
Transforming flexbox-3.0.0.aar (com.google.android.flexbox:flexbox:3.0.0) with JetifyTransform
Transforming flexbox-3.0.0.aar (com.google.android.flexbox:flexbox:3.0.0) with AarToClassTransform
Transforming savedstate-ktx-1.2.1.aar (androidx.savedstate:savedstate-ktx:1.2.1) with JetifyTransform
Transforming savedstate-ktx-1.2.1.aar (androidx.savedstate:savedstate-ktx:1.2.1) with AarToClassTransform
Transforming savedstate-1.2.1.aar (androidx.savedstate:savedstate:1.2.1) with JetifyTransform
Transforming savedstate-1.2.1.aar (androidx.savedstate:savedstate:1.2.1) with AarToClassTransform
Transforming media3-ffmpeg-decoder-1.5.0+1.aar (org.jellyfin.media3:media3-ffmpeg-decoder:1.5.0+1) with JetifyTransform
Transforming media3-ffmpeg-decoder-1.5.0+1.aar (org.jellyfin.media3:media3-ffmpeg-decoder:1.5.0+1) with AarToClassTransform
Transforming media3-exoplayer-1.5.0.aar (androidx.media3:media3-exoplayer:1.5.0) with JetifyTransform
Transforming media3-exoplayer-1.5.0.aar (androidx.media3:media3-exoplayer:1.5.0) with AarToClassTransform
Transforming media3-exoplayer-1.5.0.aar (androidx.media3:media3-exoplayer:1.5.0) with JetifyTransform
Transforming media3-exoplayer-1.5.0.aar (androidx.media3:media3-exoplayer:1.5.0) with AarToClassTransform
Transforming media3-container-1.5.0.aar (androidx.media3:media3-container:1.5.0) with JetifyTransform
Transforming media3-container-1.5.0.aar (androidx.media3:media3-container:1.5.0) with AarToClassTransform
Transforming media3-common-1.5.0.aar (androidx.media3:media3-common:1.5.0) with JetifyTransform
Transforming media3-common-1.5.0.aar (androidx.media3:media3-common:1.5.0) with AarToClassTransform
Transforming annotation-experimental-1.4.1.aar (androidx.annotation:annotation-experimental:1.4.1) with JetifyTransform
Transforming annotation-experimental-1.4.1.aar (androidx.annotation:annotation-experimental:1.4.1) with AarToClassTransform
Transforming media3-datasource-okhttp-1.5.0.aar (androidx.media3:media3-datasource-okhttp:1.5.0) with JetifyTransform
Transforming media3-datasource-okhttp-1.5.0.aar (androidx.media3:media3-datasource-okhttp:1.5.0) with AarToClassTransform
Transforming kotlin-stdlib-jdk8-1.9.0.jar (org.jetbrains.kotlin:kotlin-stdlib-jdk8:1.9.0) with JetifyTransform
Transforming kotlin-stdlib-jdk8-1.9.0.jar (org.jetbrains.kotlin:kotlin-stdlib-jdk8:1.9.0) with IdentityTransform
Transforming security-crypto-1.1.0-alpha06.aar (androidx.security:security-crypto:1.1.0-alpha06) with JetifyTransform
Transforming security-crypto-1.1.0-alpha06.aar (androidx.security:security-crypto:1.1.0-alpha06) with AarToClassTransform
Transforming cursoradapter-1.0.0.aar (androidx.cursoradapter:cursoradapter:1.0.0) with JetifyTransform
Transforming cursoradapter-1.0.0.aar (androidx.cursoradapter:cursoradapter:1.0.0) with AarToClassTransform
Transforming cardview-1.0.0.aar (androidx.cardview:cardview:1.0.0) with JetifyTransform
Transforming cardview-1.0.0.aar (androidx.cardview:cardview:1.0.0) with AarToClassTransform
Transforming sqlite-framework-2.4.0.aar (androidx.sqlite:sqlite-framework:2.4.0) with JetifyTransform
Transforming sqlite-framework-2.4.0.aar (androidx.sqlite:sqlite-framework:2.4.0) with AarToClassTransform
Transforming sqlite-2.4.0.aar (androidx.sqlite:sqlite:2.4.0) with JetifyTransform
Transforming sqlite-2.4.0.aar (androidx.sqlite:sqlite:2.4.0) with AarToClassTransform
Transforming gifdecoder-4.16.0.aar (com.github.bumptech.glide:gifdecoder:4.16.0) with JetifyTransform
Transforming gifdecoder-4.16.0.aar (com.github.bumptech.glide:gifdecoder:4.16.0) with AarToClassTransform
Transforming versionedparcelable-1.1.1.aar (androidx.versionedparcelable:versionedparcelable:1.1.1) with JetifyTransform
Transforming versionedparcelable-1.1.1.aar (androidx.versionedparcelable:versionedparcelable:1.1.1) with AarToClassTransform
Transforming core-runtime-2.2.0.aar (androidx.arch.core:core-runtime:2.2.0) with JetifyTransform
Transforming core-runtime-2.2.0.aar (androidx.arch.core:core-runtime:2.2.0) with AarToClassTransform
Transforming interpolator-1.0.0.aar (androidx.interpolator:interpolator:1.0.0) with JetifyTransform
Transforming interpolator-1.0.0.aar (androidx.interpolator:interpolator:1.0.0) with AarToClassTransform
Transforming documentfile-1.0.0.aar (androidx.documentfile:documentfile:1.0.0) with JetifyTransform
Transforming documentfile-1.0.0.aar (androidx.documentfile:documentfile:1.0.0) with AarToClassTransform
Transforming localbroadcastmanager-1.0.0.aar (androidx.localbroadcastmanager:localbroadcastmanager:1.0.0) with JetifyTransform
Transforming localbroadcastmanager-1.0.0.aar (androidx.localbroadcastmanager:localbroadcastmanager:1.0.0) with AarToClassTransform
Transforming print-1.0.0.aar (androidx.print:print:1.0.0) with JetifyTransform
Transforming print-1.0.0.aar (androidx.print:print:1.0.0) with AarToClassTransform
Transforming kotlin-stdlib-jdk7-1.9.0.jar (org.jetbrains.kotlin:kotlin-stdlib-jdk7:1.9.0) with JetifyTransform
Transforming kotlin-stdlib-jdk7-1.9.0.jar (org.jetbrains.kotlin:kotlin-stdlib-jdk7:1.9.0) with IdentityTransform
Transforming multidex-2.0.1.aar (androidx.multidex:multidex:2.0.1) with JetifyTransform
Transforming multidex-2.0.1.aar (androidx.multidex:multidex:2.0.1) with AarToClassTransform
Transforming constraintlayout-2.1.4.aar (androidx.constraintlayout:constraintlayout:2.1.4) with JetifyTransform
Transforming constraintlayout-2.1.4.aar (androidx.constraintlayout:constraintlayout:2.1.4) with AarToClassTransform
Transforming gson-2.10.1.jar (com.google.code.gson:gson:2.10.1) with JetifyTransform
Transforming media3-exoplayer-hls-1.5.0.aar (androidx.media3:media3-exoplayer-hls:1.5.0) with JetifyTransform
Transforming media3-exoplayer-hls-1.5.0.aar (androidx.media3:media3-exoplayer-hls:1.5.0) with AarToClassTransform
Transforming media3-ui-1.5.0.aar (androidx.media3:media3-ui:1.5.0) with JetifyTransform
Transforming media3-ui-1.5.0.aar (androidx.media3:media3-ui:1.5.0) with AarToClassTransform
Transforming media3-extractor-1.5.0.aar (androidx.media3:media3-extractor:1.5.0) with JetifyTransform
Transforming media3-extractor-1.5.0.aar (androidx.media3:media3-extractor:1.5.0) with AarToClassTransform
Transforming zxing-android-embedded-4.3.0.aar (com.journeyapps:zxing-android-embedded:4.3.0) with JetifyTransform
Transforming zxing-android-embedded-4.3.0.aar (com.journeyapps:zxing-android-embedded:4.3.0) with AarToClassTransform
Transforming annotations-23.0.0.jar (org.jetbrains:annotations:23.0.0) with JetifyTransform
Transforming listenablefuture-9999.0-empty-to-avoid-conflict-with-guava.jar (com.google.guava:listenablefuture:9999.0-empty-to-avoid-conflict-with-guava) with JetifyTransform
Transforming listenablefuture-9999.0-empty-to-avoid-conflict-with-guava.jar (com.google.guava:listenablefuture:9999.0-empty-to-avoid-conflict-with-guava) with IdentityTransform
Transforming startup-runtime-1.1.1.aar (androidx.startup:startup-runtime:1.1.1) with JetifyTransform
Transforming startup-runtime-1.1.1.aar (androidx.startup:startup-runtime:1.1.1) with AarToClassTransform
Transforming tracing-1.0.0.aar (androidx.tracing:tracing:1.0.0) with JetifyTransform
Transforming tracing-1.0.0.aar (androidx.tracing:tracing:1.0.0) with AarToClassTransform
Transforming exifinterface-1.3.7.aar (androidx.exifinterface:exifinterface:1.3.7) with JetifyTransform
Transforming exifinterface-1.3.7.aar (androidx.exifinterface:exifinterface:1.3.7) with AarToClassTransform
Transforming failureaccess-1.0.2.jar (com.google.guava:failureaccess:1.0.2) with JetifyTransform
Transforming failureaccess-1.0.2.jar (com.google.guava:failureaccess:1.0.2) with IdentityTransform
Transforming jsr305-3.0.2.jar (com.google.code.findbugs:jsr305:3.0.2) with JetifyTransform
Transforming jsr305-3.0.2.jar (com.google.code.findbugs:jsr305:3.0.2) with IdentityTransform
Transforming media3-database-1.5.0.aar (androidx.media3:media3-database:1.5.0) with JetifyTransform
Transforming media3-database-1.5.0.aar (androidx.media3:media3-database:1.5.0) with AarToClassTransform
Transforming media3-datasource-1.5.0.aar (androidx.media3:media3-datasource:1.5.0) with JetifyTransform
Transforming media3-datasource-1.5.0.aar (androidx.media3:media3-datasource:1.5.0) with AarToClassTransform
Transforming media3-decoder-1.5.0.aar (androidx.media3:media3-decoder:1.5.0) with JetifyTransform
Transforming media3-decoder-1.5.0.aar (androidx.media3:media3-decoder:1.5.0) with AarToClassTransform
Transforming media3-decoder-1.5.0.aar (androidx.media3:media3-decoder:1.5.0) with JetifyTransform
Transforming media3-decoder-1.5.0.aar (androidx.media3:media3-decoder:1.5.0) with AarToClassTransform
Transforming annotations-4.16.0.jar (com.github.bumptech.glide:annotations:4.16.0) with JetifyTransform
Transforming annotations-4.16.0.jar (com.github.bumptech.glide:annotations:4.16.0) with IdentityTransform
Transforming dagger-2.51.1.jar (com.google.dagger:dagger:2.51.1) with JetifyTransform
Transforming dagger-2.51.1.jar (com.google.dagger:dagger:2.51.1) with IdentityTransform
Transforming firebase-components-18.0.0.aar (com.google.firebase:firebase-components:18.0.0) with JetifyTransform
Transforming firebase-components-18.0.0.aar (com.google.firebase:firebase-components:18.0.0) with AarToClassTransform
Transforming firebase-components-18.0.0.aar (com.google.firebase:firebase-components:18.0.0) with JetifyTransform
Transforming firebase-components-18.0.0.aar (com.google.firebase:firebase-components:18.0.0) with AarToClassTransform
Transforming firebase-components-18.0.0.aar (com.google.firebase:firebase-components:18.0.0) with JetifyTransform
Transforming firebase-components-18.0.0.aar (com.google.firebase:firebase-components:18.0.0) with AarToClassTransform
Transforming firebase-components-18.0.0.aar (com.google.firebase:firebase-components:18.0.0) with JetifyTransform
Transforming firebase-components-18.0.0.aar (com.google.firebase:firebase-components:18.0.0) with AarToClassTransform
Transforming firebase-components-18.0.0.aar (com.google.firebase:firebase-components:18.0.0) with JetifyTransform
Transforming firebase-components-18.0.0.aar (com.google.firebase:firebase-components:18.0.0) with AarToClassTransform
Transforming javax.inject-1.jar (javax.inject:javax.inject:1) with JetifyTransform
Transforming javax.inject-1.jar (javax.inject:javax.inject:1) with IdentityTransform
Transforming dagger-lint-aar-2.51.1.aar (com.google.dagger:dagger-lint-aar:2.51.1) with JetifyTransform
Transforming dagger-lint-aar-2.51.1.aar (com.google.dagger:dagger-lint-aar:2.51.1) with AarToClassTransform
Transforming protolite-well-known-types-18.0.0.aar (com.google.firebase:protolite-well-known-types:18.0.0) with JetifyTransform
Transforming protolite-well-known-types-18.0.0.aar (com.google.firebase:protolite-well-known-types:18.0.0) with AarToClassTransform
Transforming paging-common-ktx-3.3.2.jar (androidx.paging:paging-common-ktx:3.3.2) with JetifyTransform
Transforming paging-common-ktx-3.3.2.jar (androidx.paging:paging-common-ktx:3.3.2) with IdentityTransform
Transforming lifecycle-common-jvm-2.8.7.jar (androidx.lifecycle:lifecycle-common-jvm:2.8.7) with JetifyTransform
Transforming lifecycle-common-jvm-2.8.7.jar (androidx.lifecycle:lifecycle-common-jvm:2.8.7) with IdentityTransform
Transforming kotlinx-coroutines-android-1.9.0.jar (org.jetbrains.kotlinx:kotlinx-coroutines-android:1.9.0) with JetifyTransform
Transforming ktor-server-content-negotiation-jvm-2.3.7.jar (io.ktor:ktor-server-content-negotiation-jvm:2.3.7) with JetifyTransform
Transforming kotlinx-coroutines-android-1.9.0.jar (org.jetbrains.kotlinx:kotlinx-coroutines-android:1.9.0) with IdentityTransform
Transforming ktor-server-content-negotiation-jvm-2.3.7.jar (io.ktor:ktor-server-content-negotiation-jvm:2.3.7) with IdentityTransform
Transforming ktor-server-cors-jvm-2.3.7.jar (io.ktor:ktor-server-cors-jvm:2.3.7) with JetifyTransform
Transforming ktor-server-status-pages-jvm-2.3.7.jar (io.ktor:ktor-server-status-pages-jvm:2.3.7) with JetifyTransform
Transforming ktor-server-cors-jvm-2.3.7.jar (io.ktor:ktor-server-cors-jvm:2.3.7) with IdentityTransform
Transforming ktor-server-status-pages-jvm-2.3.7.jar (io.ktor:ktor-server-status-pages-jvm:2.3.7) with IdentityTransform
Transforming ktor-server-cio-jvm-2.3.7.jar (io.ktor:ktor-server-cio-jvm:2.3.7) with JetifyTransform
Transforming ktor-server-host-common-jvm-2.3.7.jar (io.ktor:ktor-server-host-common-jvm:2.3.7) with JetifyTransform
Transforming ktor-server-cio-jvm-2.3.7.jar (io.ktor:ktor-server-cio-jvm:2.3.7) with IdentityTransform
Transforming ktor-server-core-jvm-2.3.7.jar (io.ktor:ktor-server-core-jvm:2.3.7) with JetifyTransform
Transforming ktor-server-host-common-jvm-2.3.7.jar (io.ktor:ktor-server-host-common-jvm:2.3.7) with IdentityTransform
Transforming ktor-server-core-jvm-2.3.7.jar (io.ktor:ktor-server-core-jvm:2.3.7) with IdentityTransform
Transforming ktor-serialization-gson-jvm-2.3.7.jar (io.ktor:ktor-serialization-gson-jvm:2.3.7) with JetifyTransform
Transforming ktor-serialization-jvm-2.3.7.jar (io.ktor:ktor-serialization-jvm:2.3.7) with JetifyTransform
Transforming ktor-serialization-gson-jvm-2.3.7.jar (io.ktor:ktor-serialization-gson-jvm:2.3.7) with IdentityTransform
Transforming ktor-serialization-jvm-2.3.7.jar (io.ktor:ktor-serialization-jvm:2.3.7) with IdentityTransform
Transforming ktor-events-jvm-2.3.7.jar (io.ktor:ktor-events-jvm:2.3.7) with JetifyTransform
Transforming ktor-http-cio-jvm-2.3.7.jar (io.ktor:ktor-http-cio-jvm:2.3.7) with JetifyTransform
Transforming ktor-events-jvm-2.3.7.jar (io.ktor:ktor-events-jvm:2.3.7) with IdentityTransform
Transforming ktor-http-cio-jvm-2.3.7.jar (io.ktor:ktor-http-cio-jvm:2.3.7) with IdentityTransform
Transforming ktor-websockets-jvm-2.3.7.jar (io.ktor:ktor-websockets-jvm:2.3.7) with JetifyTransform
Transforming ktor-http-jvm-2.3.7.jar (io.ktor:ktor-http-jvm:2.3.7) with JetifyTransform
Transforming ktor-websockets-jvm-2.3.7.jar (io.ktor:ktor-websockets-jvm:2.3.7) with IdentityTransform
Transforming ktor-network-jvm-2.3.7.jar (io.ktor:ktor-network-jvm:2.3.7) with JetifyTransform
Transforming ktor-http-jvm-2.3.7.jar (io.ktor:ktor-http-jvm:2.3.7) with IdentityTransform
Transforming ktor-utils-jvm-2.3.7.jar (io.ktor:ktor-utils-jvm:2.3.7) with JetifyTransform
Transforming ktor-network-jvm-2.3.7.jar (io.ktor:ktor-network-jvm:2.3.7) with IdentityTransform
Transforming ktor-io-jvm-2.3.7.jar (io.ktor:ktor-io-jvm:2.3.7) with JetifyTransform
Transforming ktor-utils-jvm-2.3.7.jar (io.ktor:ktor-utils-jvm:2.3.7) with IdentityTransform
Transforming kotlinx-coroutines-jdk8-1.9.0.jar (org.jetbrains.kotlinx:kotlinx-coroutines-jdk8:1.9.0) with JetifyTransform
Transforming ktor-io-jvm-2.3.7.jar (io.ktor:ktor-io-jvm:2.3.7) with IdentityTransform
Transforming kotlinx-coroutines-jdk8-1.9.0.jar (org.jetbrains.kotlinx:kotlinx-coroutines-jdk8:1.9.0) with IdentityTransform
Transforming kotlinx-coroutines-core-jvm-1.9.0.jar (org.jetbrains.kotlinx:kotlinx-coroutines-core-jvm:1.9.0) with JetifyTransform
Transforming kotlinx-coroutines-play-services-1.9.0.jar (org.jetbrains.kotlinx:kotlinx-coroutines-play-services:1.9.0) with JetifyTransform
Transforming kotlinx-coroutines-core-jvm-1.9.0.jar (org.jetbrains.kotlinx:kotlinx-coroutines-core-jvm:1.9.0) with IdentityTransform
Transforming kotlinx-coroutines-play-services-1.9.0.jar (org.jetbrains.kotlinx:kotlinx-coroutines-play-services:1.9.0) with IdentityTransform
Transforming kotlin-android-extensions-runtime-1.9.25.jar (org.jetbrains.kotlin:kotlin-android-extensions-runtime:1.9.25) with JetifyTransform
Transforming kotlin-android-extensions-runtime-1.9.25.jar (org.jetbrains.kotlin:kotlin-android-extensions-runtime:1.9.25) with IdentityTransform
Transforming logging-interceptor-4.12.0.jar (com.squareup.okhttp3:logging-interceptor:4.12.0) with JetifyTransform
Transforming converter-gson-2.9.0.jar (com.squareup.retrofit2:converter-gson:2.9.0) with JetifyTransform
Transforming logging-interceptor-4.12.0.jar (com.squareup.okhttp3:logging-interceptor:4.12.0) with IdentityTransform
Transforming converter-scalars-2.9.0.jar (com.squareup.retrofit2:converter-scalars:2.9.0) with JetifyTransform
Transforming converter-gson-2.9.0.jar (com.squareup.retrofit2:converter-gson:2.9.0) with IdentityTransform
Transforming retrofit-2.9.0.jar (com.squareup.retrofit2:retrofit:2.9.0) with JetifyTransform
Transforming converter-scalars-2.9.0.jar (com.squareup.retrofit2:converter-scalars:2.9.0) with IdentityTransform
Transforming retrofit-2.9.0.jar (com.squareup.retrofit2:retrofit:2.9.0) with IdentityTransform
Transforming okhttp-4.12.0.jar (com.squareup.okhttp3:okhttp:4.12.0) with JetifyTransform
Transforming okhttp-4.12.0.jar (com.squareup.okhttp3:okhttp:4.12.0) with IdentityTransform
Transforming collection-jvm-1.4.0.jar (androidx.collection:collection-jvm:1.4.0) with JetifyTransform
Transforming collection-ktx-1.4.0.jar (androidx.collection:collection-ktx:1.4.0) with JetifyTransform
Transforming collection-jvm-1.4.0.jar (androidx.collection:collection-jvm:1.4.0) with IdentityTransform
Transforming collection-ktx-1.4.0.jar (androidx.collection:collection-ktx:1.4.0) with IdentityTransform
Transforming core-common-2.2.0.jar (androidx.arch.core:core-common:2.2.0) with JetifyTransform
Transforming core-common-2.2.0.jar (androidx.arch.core:core-common:2.2.0) with IdentityTransform
Transforming annotation-jvm-1.8.1.jar (androidx.annotation:annotation-jvm:1.8.1) with JetifyTransform
Transforming annotation-jvm-1.8.1.jar (androidx.annotation:annotation-jvm:1.8.1) with IdentityTransform
Transforming kotlin-reflect-1.8.22.jar (org.jetbrains.kotlin:kotlin-reflect:1.8.22) with JetifyTransform
Transforming okio-jvm-3.8.0.jar (com.squareup.okio:okio-jvm:3.8.0) with JetifyTransform
Transforming kotlin-reflect-1.8.22.jar (org.jetbrains.kotlin:kotlin-reflect:1.8.22) with IdentityTransform
Transforming okio-jvm-3.8.0.jar (com.squareup.okio:okio-jvm:3.8.0) with IdentityTransform
Transforming kotlin-stdlib-2.0.0.jar (org.jetbrains.kotlin:kotlin-stdlib:2.0.0) with JetifyTransform
Transforming kotlin-stdlib-2.0.0.jar (org.jetbrains.kotlin:kotlin-stdlib:2.0.0) with IdentityTransform
Transforming gson-2.10.1.jar (com.google.code.gson:gson:2.10.1) with IdentityTransform
Transforming core-3.5.2.jar (com.google.zxing:core:3.5.2) with JetifyTransform
Transforming annotations-23.0.0.jar (org.jetbrains:annotations:23.0.0) with IdentityTransform
Transforming core-3.5.2.jar (com.google.zxing:core:3.5.2) with IdentityTransform
Transforming guava-33.3.1-android.jar (com.google.guava:guava:33.3.1-android) with JetifyTransform
Transforming guava-33.3.1-android.jar (com.google.guava:guava:33.3.1-android) with IdentityTransform
Transforming resourceinspection-annotation-1.0.1.jar (androidx.resourceinspection:resourceinspection-annotation:1.0.1) with JetifyTransform
Transforming error_prone_annotations-2.28.0.jar (com.google.errorprone:error_prone_annotations:2.28.0) with JetifyTransform
Transforming resourceinspection-annotation-1.0.1.jar (androidx.resourceinspection:resourceinspection-annotation:1.0.1) with IdentityTransform
Transforming error_prone_annotations-2.28.0.jar (com.google.errorprone:error_prone_annotations:2.28.0) with IdentityTransform
Transforming hilt-core-2.51.1.jar (com.google.dagger:hilt-core:2.51.1) with JetifyTransform
Transforming hilt-core-2.51.1.jar (com.google.dagger:hilt-core:2.51.1) with IdentityTransform
Transforming checker-qual-3.43.0.jar (org.checkerframework:checker-qual:3.43.0) with JetifyTransform
Transforming j2objc-annotations-3.0.0.jar (com.google.j2objc:j2objc-annotations:3.0.0) with JetifyTransform
Transforming checker-qual-3.43.0.jar (org.checkerframework:checker-qual:3.43.0) with IdentityTransform
Transforming j2objc-annotations-3.0.0.jar (com.google.j2objc:j2objc-annotations:3.0.0) with IdentityTransform
Transforming disklrucache-4.16.0.jar (com.github.bumptech.glide:disklrucache:4.16.0) with JetifyTransform
Transforming disklrucache-4.16.0.jar (com.github.bumptech.glide:disklrucache:4.16.0) with IdentityTransform
Transforming firebase-annotations-16.2.0.jar (com.google.firebase:firebase-annotations:16.2.0) with JetifyTransform
Transforming firebase-annotations-16.2.0.jar (com.google.firebase:firebase-annotations:16.2.0) with IdentityTransform
Transforming hilt-common-1.2.0.jar (androidx.hilt:hilt-common:1.2.0) with JetifyTransform
Transforming protobuf-javalite-3.22.3.jar (com.google.protobuf:protobuf-javalite:3.22.3) with JetifyTransform
Transforming hilt-common-1.2.0.jar (androidx.hilt:hilt-common:1.2.0) with IdentityTransform
Transforming slf4j-api-1.7.36.jar (org.slf4j:slf4j-api:1.7.36) with JetifyTransform
Transforming protobuf-javalite-3.22.3.jar (com.google.protobuf:protobuf-javalite:3.22.3) with IdentityTransform
Transforming slf4j-api-1.7.36.jar (org.slf4j:slf4j-api:1.7.36) with IdentityTransform
Transforming config-1.4.2.jar (com.typesafe:config:1.4.2) with JetifyTransform
Transforming config-1.4.2.jar (com.typesafe:config:1.4.2) with IdentityTransform
Transforming R.jar with ClasspathEntrySnapshotTransform
Transforming jetified-viewbinding-8.7.1-api.jar with ClasspathEntrySnapshotTransform
Transforming jetified-kotlin-parcelize-runtime-1.9.25.jar with ClasspathEntrySnapshotTransform
Transforming jetified-preference-ktx-1.2.1-api.jar with ClasspathEntrySnapshotTransform
Transforming material-1.12.0-api.jar with ClasspathEntrySnapshotTransform
Transforming jetified-appcompat-resources-1.7.0-api.jar with ClasspathEntrySnapshotTransform
Transforming preference-1.2.1-api.jar with ClasspathEntrySnapshotTransform
Transforming appcompat-1.7.0-api.jar with ClasspathEntrySnapshotTransform
Transforming jetified-okhttp3-integration-4.16.0-api.jar with ClasspathEntrySnapshotTransform
Transforming jetified-glide-4.16.0-api.jar with ClasspathEntrySnapshotTransform
Transforming jetified-hilt-work-1.2.0-api.jar with ClasspathEntrySnapshotTransform
Transforming jetified-hilt-android-2.51.1-api.jar with ClasspathEntrySnapshotTransform
Transforming jetified-viewpager2-1.1.0-beta02-api.jar with ClasspathEntrySnapshotTransform
Transforming jetified-firebase-firestore-ktx-25.0.0-api.jar with ClasspathEntrySnapshotTransform
Transforming jetified-firebase-firestore-25.0.0-api.jar with ClasspathEntrySnapshotTransform
Transforming jetified-firebase-appcheck-interop-17.0.0-api.jar with ClasspathEntrySnapshotTransform
Transforming jetified-firebase-auth-interop-19.0.2-api.jar with ClasspathEntrySnapshotTransform
Transforming jetified-firebase-analytics-ktx-22.0.2-api.jar with ClasspathEntrySnapshotTransform
Transforming jetified-firebase-analytics-22.0.2-api.jar with ClasspathEntrySnapshotTransform
Transforming jetified-play-services-measurement-api-22.0.2-api.jar with ClasspathEntrySnapshotTransform
Transforming jetified-firebase-installations-18.0.0-api.jar with ClasspathEntrySnapshotTransform
Transforming jetified-firebase-common-ktx-21.0.0-api.jar with ClasspathEntrySnapshotTransform
Transforming jetified-firebase-common-21.0.0-api.jar with ClasspathEntrySnapshotTransform
Transforming room-common-2.6.1.jar with ClasspathEntrySnapshotTransform
Transforming jetified-room-ktx-2.6.1-api.jar with ClasspathEntrySnapshotTransform
Transforming room-runtime-2.6.1-api.jar with ClasspathEntrySnapshotTransform
Transforming jetified-room-paging-2.6.1-api.jar with ClasspathEntrySnapshotTransform
Transforming jetified-paging-common-release-api.jar with ClasspathEntrySnapshotTransform
Transforming jetified-paging-common-ktx-3.3.2.jar with ClasspathEntrySnapshotTransform
Transforming jetified-paging-runtime-ktx-3.3.2-api.jar with ClasspathEntrySnapshotTransform
Transforming paging-runtime-3.3.2-api.jar with ClasspathEntrySnapshotTransform
Transforming jetified-activity-compose-1.9.3-api.jar with ClasspathEntrySnapshotTransform
Transforming jetified-material3-release-api.jar with ClasspathEntrySnapshotTransform
Transforming jetified-ui-util-release-api.jar with ClasspathEntrySnapshotTransform
Transforming jetified-ui-unit-release-api.jar with ClasspathEntrySnapshotTransform
Transforming jetified-ui-text-release-api.jar with ClasspathEntrySnapshotTransform
Transforming jetified-coil-compose-2.6.0-api.jar with ClasspathEntrySnapshotTransform
Transforming jetified-coil-compose-base-2.6.0-api.jar with ClasspathEntrySnapshotTransform
Transforming jetified-foundation-layout-release-api.jar with ClasspathEntrySnapshotTransform
Transforming jetified-material-icons-core-release-api.jar with ClasspathEntrySnapshotTransform
Transforming jetified-material-ripple-release-api.jar with ClasspathEntrySnapshotTransform
Transforming jetified-foundation-release-api.jar with ClasspathEntrySnapshotTransform
Transforming jetified-animation-core-release-api.jar with ClasspathEntrySnapshotTransform
Transforming jetified-animation-release-api.jar with ClasspathEntrySnapshotTransform
Transforming jetified-ui-geometry-release-api.jar with ClasspathEntrySnapshotTransform
Transforming jetified-ui-tooling-data-release-api.jar with ClasspathEntrySnapshotTransform
Transforming jetified-ui-tooling-preview-release-api.jar with ClasspathEntrySnapshotTransform
Transforming jetified-ui-graphics-release-api.jar with ClasspathEntrySnapshotTransform
Transforming recyclerview-1.3.2-api.jar with ClasspathEntrySnapshotTransform
Transforming drawerlayout-1.1.1-api.jar with ClasspathEntrySnapshotTransform
Transforming coordinatorlayout-1.1.0-api.jar with ClasspathEntrySnapshotTransform
Transforming dynamicanimation-1.0.0-api.jar with ClasspathEntrySnapshotTransform
Transforming transition-1.5.0-api.jar with ClasspathEntrySnapshotTransform
Transforming vectordrawable-animated-1.1.0-api.jar with ClasspathEntrySnapshotTransform
Transforming vectordrawable-1.1.0-api.jar with ClasspathEntrySnapshotTransform
Transforming viewpager-1.0.0-api.jar with ClasspathEntrySnapshotTransform
Transforming slidingpanelayout-1.2.0-api.jar with ClasspathEntrySnapshotTransform
Transforming customview-1.1.0-api.jar with ClasspathEntrySnapshotTransform
Transforming jetified-play-services-measurement-22.0.2-api.jar with ClasspathEntrySnapshotTransform
Transforming jetified-play-services-measurement-sdk-22.0.2-api.jar with ClasspathEntrySnapshotTransform
Transforming jetified-play-services-measurement-impl-22.0.2-api.jar with ClasspathEntrySnapshotTransform
Transforming jetified-play-services-stats-17.0.2-api.jar with ClasspathEntrySnapshotTransform
Transforming legacy-support-core-utils-1.0.0-api.jar with ClasspathEntrySnapshotTransform
Transforming loader-1.0.0-api.jar with ClasspathEntrySnapshotTransform
Transforming jetified-firebase-database-collection-18.0.1-api.jar with ClasspathEntrySnapshotTransform
Transforming jetified-play-services-base-18.0.1-api.jar with ClasspathEntrySnapshotTransform
Transforming core-1.13.1-api.jar with ClasspathEntrySnapshotTransform
Transforming jetified-lifecycle-common-jvm-2.8.7.jar with ClasspathEntrySnapshotTransform
Transforming lifecycle-viewmodel-2.8.7-api.jar with ClasspathEntrySnapshotTransform
Transforming jetified-lifecycle-viewmodel-release-api.jar with ClasspathEntrySnapshotTransform
Transforming jetified-coil-2.6.0-api.jar with ClasspathEntrySnapshotTransform
Transforming jetified-coil-base-2.6.0-api.jar with ClasspathEntrySnapshotTransform
Transforming jetified-lifecycle-runtime-release-api.jar with ClasspathEntrySnapshotTransform
Transforming lifecycle-livedata-core-2.8.7-api.jar with ClasspathEntrySnapshotTransform
Transforming jetified-lifecycle-runtime-compose-release-api.jar with ClasspathEntrySnapshotTransform
Transforming jetified-lifecycle-viewmodel-compose-release-api.jar with ClasspathEntrySnapshotTransform
Transforming jetified-ui-release-api.jar with ClasspathEntrySnapshotTransform
Transforming jetified-ui-tooling-release-api.jar with ClasspathEntrySnapshotTransform
Transforming jetified-ui-test-manifest-1.6.2-api.jar with ClasspathEntrySnapshotTransform
Transforming jetified-activity-1.9.3-api.jar with ClasspathEntrySnapshotTransform
Transforming jetified-lifecycle-viewmodel-savedstate-2.8.7-api.jar with ClasspathEntrySnapshotTransform
Transforming jetified-lifecycle-runtime-ktx-release-api.jar with ClasspathEntrySnapshotTransform
Transforming work-runtime-ktx-2.9.1-api.jar with ClasspathEntrySnapshotTransform
Transforming work-runtime-2.9.1-api.jar with ClasspathEntrySnapshotTransform
Transforming lifecycle-livedata-2.8.7-api.jar with ClasspathEntrySnapshotTransform
Transforming jetified-lifecycle-livedata-core-ktx-2.8.7-api.jar with ClasspathEntrySnapshotTransform
Transforming jetified-lifecycle-livedata-ktx-2.8.7-api.jar with ClasspathEntrySnapshotTransform
Transforming jetified-lifecycle-viewmodel-ktx-2.8.7-api.jar with ClasspathEntrySnapshotTransform
Transforming jetified-runtime-saveable-release-api.jar with ClasspathEntrySnapshotTransform
Transforming jetified-runtime-release-api.jar with ClasspathEntrySnapshotTransform
Transforming jetified-kotlinx-coroutines-android-1.9.0.jar with ClasspathEntrySnapshotTransform
Transforming jetified-ktor-server-content-negotiation-jvm-2.3.7.jar with ClasspathEntrySnapshotTransform
Transforming jetified-ktor-server-cors-jvm-2.3.7.jar with ClasspathEntrySnapshotTransform
Transforming jetified-ktor-server-status-pages-jvm-2.3.7.jar with ClasspathEntrySnapshotTransform
Transforming jetified-ktor-server-cio-jvm-2.3.7.jar with ClasspathEntrySnapshotTransform
Transforming jetified-ktor-server-host-common-jvm-2.3.7.jar with ClasspathEntrySnapshotTransform
Transforming jetified-ktor-server-core-jvm-2.3.7.jar with ClasspathEntrySnapshotTransform
Transforming jetified-ktor-serialization-gson-jvm-2.3.7.jar with ClasspathEntrySnapshotTransform
Transforming jetified-ktor-serialization-jvm-2.3.7.jar with ClasspathEntrySnapshotTransform
Transforming jetified-ktor-events-jvm-2.3.7.jar with ClasspathEntrySnapshotTransform
Transforming jetified-ktor-http-cio-jvm-2.3.7.jar with ClasspathEntrySnapshotTransform
Transforming jetified-ktor-websockets-jvm-2.3.7.jar with ClasspathEntrySnapshotTransform
Transforming jetified-ktor-http-jvm-2.3.7.jar with ClasspathEntrySnapshotTransform
Transforming jetified-ktor-network-jvm-2.3.7.jar with ClasspathEntrySnapshotTransform
Transforming jetified-ktor-utils-jvm-2.3.7.jar with ClasspathEntrySnapshotTransform
Transforming jetified-ktor-io-jvm-2.3.7.jar with ClasspathEntrySnapshotTransform
Transforming jetified-kotlinx-coroutines-jdk8-1.9.0.jar with ClasspathEntrySnapshotTransform
Transforming jetified-ads-adservices-java-1.0.0-beta05-api.jar with ClasspathEntrySnapshotTransform
Transforming jetified-ads-adservices-1.0.0-beta05-api.jar with ClasspathEntrySnapshotTransform
Transforming jetified-kotlinx-coroutines-core-jvm-1.9.0.jar with ClasspathEntrySnapshotTransform
Transforming jetified-kotlinx-coroutines-play-services-1.9.0.jar with ClasspathEntrySnapshotTransform
Transforming jetified-firebase-installations-interop-17.1.1-api.jar with ClasspathEntrySnapshotTransform
Transforming jetified-play-services-tasks-18.2.0-api.jar with ClasspathEntrySnapshotTransform
Transforming jetified-play-services-ads-identifier-18.0.0-api.jar with ClasspathEntrySnapshotTransform
Transforming jetified-play-services-measurement-sdk-api-22.0.2-api.jar with ClasspathEntrySnapshotTransform
Transforming jetified-play-services-measurement-base-22.0.2-api.jar with ClasspathEntrySnapshotTransform
Transforming jetified-firebase-measurement-connector-19.0.0-api.jar with ClasspathEntrySnapshotTransform
Transforming jetified-play-services-basement-18.4.0-api.jar with ClasspathEntrySnapshotTransform
Transforming fragment-1.8.5-api.jar with ClasspathEntrySnapshotTransform
Transforming jetified-fragment-ktx-1.8.5-api.jar with ClasspathEntrySnapshotTransform
Transforming jetified-activity-ktx-1.9.3-api.jar with ClasspathEntrySnapshotTransform
Transforming jetified-core-ktx-1.13.1-api.jar with ClasspathEntrySnapshotTransform
Transforming jetified-flexbox-3.0.0-api.jar with ClasspathEntrySnapshotTransform
Transforming jetified-kotlin-android-extensions-runtime-1.9.25.jar with ClasspathEntrySnapshotTransform
Transforming jetified-savedstate-ktx-1.2.1-api.jar with ClasspathEntrySnapshotTransform
Transforming jetified-savedstate-1.2.1-api.jar with ClasspathEntrySnapshotTransform
Transforming jetified-media3-ffmpeg-decoder-1.5.0+1-api.jar with ClasspathEntrySnapshotTransform
Transforming jetified-media3-exoplayer-1.5.0-api.jar with ClasspathEntrySnapshotTransform
Transforming jetified-media3-container-1.5.0-api.jar with ClasspathEntrySnapshotTransform
Transforming jetified-media3-common-1.5.0-api.jar with ClasspathEntrySnapshotTransform
Transforming jetified-annotation-experimental-1.4.1-api.jar with ClasspathEntrySnapshotTransform
Transforming jetified-logging-interceptor-4.12.0.jar with ClasspathEntrySnapshotTransform
Transforming jetified-converter-gson-2.9.0.jar with ClasspathEntrySnapshotTransform
Transforming jetified-converter-scalars-2.9.0.jar with ClasspathEntrySnapshotTransform
Transforming jetified-retrofit-2.9.0.jar with ClasspathEntrySnapshotTransform
Transforming jetified-media3-datasource-okhttp-1.5.0-api.jar with ClasspathEntrySnapshotTransform
Transforming jetified-okhttp-4.12.0.jar with ClasspathEntrySnapshotTransform
Transforming jetified-kotlin-stdlib-jdk8-1.9.0.jar with ClasspathEntrySnapshotTransform
Transforming jetified-security-crypto-1.1.0-alpha06-api.jar with ClasspathEntrySnapshotTransform
Transforming cursoradapter-1.0.0-api.jar with ClasspathEntrySnapshotTransform
Transforming cardview-1.0.0-api.jar with ClasspathEntrySnapshotTransform
Transforming sqlite-framework-2.4.0-api.jar with ClasspathEntrySnapshotTransform
Transforming sqlite-2.4.0-api.jar with ClasspathEntrySnapshotTransform
Transforming jetified-gifdecoder-4.16.0-api.jar with ClasspathEntrySnapshotTransform
Transforming versionedparcelable-1.1.1-api.jar with ClasspathEntrySnapshotTransform
Transforming core-runtime-2.2.0-api.jar with ClasspathEntrySnapshotTransform
Transforming interpolator-1.0.0-api.jar with ClasspathEntrySnapshotTransform
Transforming jetified-collection-ktx-1.4.0.jar with ClasspathEntrySnapshotTransform
Transforming jetified-collection-jvm-1.4.0.jar with ClasspathEntrySnapshotTransform
Transforming documentfile-1.0.0-api.jar with ClasspathEntrySnapshotTransform
Transforming localbroadcastmanager-1.0.0-api.jar with ClasspathEntrySnapshotTransform
Transforming print-1.0.0-api.jar with ClasspathEntrySnapshotTransform
Transforming core-common-2.2.0.jar with ClasspathEntrySnapshotTransform
Transforming jetified-annotation-jvm-1.8.1.jar with ClasspathEntrySnapshotTransform
Transforming jetified-kotlin-stdlib-jdk7-1.9.0.jar with ClasspathEntrySnapshotTransform
Transforming jetified-kotlin-reflect-1.8.22.jar with ClasspathEntrySnapshotTransform
Transforming jetified-okio-jvm-3.8.0.jar with ClasspathEntrySnapshotTransform
Transforming jetified-kotlin-stdlib-2.0.0.jar with ClasspathEntrySnapshotTransform
Transforming multidex-2.0.1-api.jar with ClasspathEntrySnapshotTransform
Transforming constraintlayout-2.1.4-api.jar with ClasspathEntrySnapshotTransform
Transforming jetified-gson-2.10.1.jar with ClasspathEntrySnapshotTransform
Transforming jetified-media3-exoplayer-hls-1.5.0-api.jar with ClasspathEntrySnapshotTransform
Transforming jetified-media3-ui-1.5.0-api.jar with ClasspathEntrySnapshotTransform
Transforming jetified-media3-extractor-1.5.0-api.jar with ClasspathEntrySnapshotTransform
Transforming jetified-zxing-android-embedded-4.3.0-api.jar with ClasspathEntrySnapshotTransform
Transforming jetified-core-3.5.2.jar with ClasspathEntrySnapshotTransform
Transforming jetified-annotations-23.0.0.jar with ClasspathEntrySnapshotTransform
Transforming jetified-guava-33.3.1-android.jar with ClasspathEntrySnapshotTransform
Transforming jetified-listenablefuture-9999.0-empty-to-avoid-conflict-with-guava.jar with ClasspathEntrySnapshotTransform
Transforming jetified-startup-runtime-1.1.1-api.jar with ClasspathEntrySnapshotTransform
Transforming jetified-tracing-1.0.0-api.jar with ClasspathEntrySnapshotTransform
Transforming jetified-resourceinspection-annotation-1.0.1.jar with ClasspathEntrySnapshotTransform
Transforming jetified-error_prone_annotations-2.28.0.jar with ClasspathEntrySnapshotTransform
Transforming exifinterface-1.3.7-api.jar with ClasspathEntrySnapshotTransform
Transforming jetified-failureaccess-1.0.2.jar with ClasspathEntrySnapshotTransform
Transforming jetified-hilt-core-2.51.1.jar with ClasspathEntrySnapshotTransform
Transforming jetified-jsr305-3.0.2.jar with ClasspathEntrySnapshotTransform
Transforming jetified-checker-qual-3.43.0.jar with ClasspathEntrySnapshotTransform
Transforming jetified-j2objc-annotations-3.0.0.jar with ClasspathEntrySnapshotTransform
Transforming jetified-media3-database-1.5.0-api.jar with ClasspathEntrySnapshotTransform
Transforming jetified-media3-datasource-1.5.0-api.jar with ClasspathEntrySnapshotTransform
Transforming jetified-media3-decoder-1.5.0-api.jar with ClasspathEntrySnapshotTransform
Transforming jetified-disklrucache-4.16.0.jar with ClasspathEntrySnapshotTransform
Transforming jetified-annotations-4.16.0.jar with ClasspathEntrySnapshotTransform
Transforming jetified-dagger-2.51.1.jar with ClasspathEntrySnapshotTransform
Transforming jetified-firebase-components-18.0.0-api.jar with ClasspathEntrySnapshotTransform
Transforming jetified-firebase-annotations-16.2.0.jar with ClasspathEntrySnapshotTransform
Transforming jetified-javax.inject-1.jar with ClasspathEntrySnapshotTransform
Transforming jetified-dagger-lint-aar-2.51.1-api.jar with ClasspathEntrySnapshotTransform
Transforming jetified-hilt-common-1.2.0.jar with ClasspathEntrySnapshotTransform
Transforming jetified-protolite-well-known-types-18.0.0-api.jar with ClasspathEntrySnapshotTransform
Transforming jetified-protobuf-javalite-3.22.3.jar with ClasspathEntrySnapshotTransform
Transforming jetified-slf4j-api-1.7.36.jar with ClasspathEntrySnapshotTransform
Transforming jetified-config-1.4.2.jar with ClasspathEntrySnapshotTransform
Transforming android.jar with ClasspathEntrySnapshotTransform
Transforming core-lambda-stubs.jar with ClasspathEntrySnapshotTransform
Registered task dependencies: app:kotlinCompilerClasspath
Starting dependency analysis
Registered task dependencies: app:kotlinCompilerPluginClasspathDebug
Starting dependency analysis
Caching disabled for task ':app:kaptGenerateStubsDebugKotlin' because:
  Build cache is disabled
Skipping task ':app:kaptGenerateStubsDebugKotlin' as it is up-to-date.
Resolve mutations for :app:kaptDebugKotlin (Thread[#65,Execution worker,5,main]) started.
:app:kaptDebugKotlin (Thread[#65,Execution worker,5,main]) started.

> Task :app:kaptDebugKotlin UP-TO-DATE
Transforming R.jar with StructureTransformAction
Transforming jetified-viewbinding-8.7.1-api.jar with StructureTransformAction
Transforming jetified-kotlin-parcelize-runtime-1.9.25.jar with StructureTransformAction
Transforming jetified-preference-ktx-1.2.1-api.jar with StructureTransformAction
Transforming material-1.12.0-api.jar with StructureTransformAction
Transforming jetified-appcompat-resources-1.7.0-api.jar with StructureTransformAction
Transforming preference-1.2.1-api.jar with StructureTransformAction
Transforming appcompat-1.7.0-api.jar with StructureTransformAction
Transforming jetified-okhttp3-integration-4.16.0-api.jar with StructureTransformAction
Transforming jetified-glide-4.16.0-api.jar with StructureTransformAction
Transforming jetified-hilt-work-1.2.0-api.jar with StructureTransformAction
Transforming jetified-hilt-android-2.51.1-api.jar with StructureTransformAction
Transforming jetified-viewpager2-1.1.0-beta02-api.jar with StructureTransformAction
Transforming jetified-firebase-firestore-ktx-25.0.0-api.jar with StructureTransformAction
Transforming jetified-firebase-firestore-25.0.0-api.jar with StructureTransformAction
Transforming jetified-firebase-appcheck-interop-17.0.0-api.jar with StructureTransformAction
Transforming jetified-firebase-auth-interop-19.0.2-api.jar with StructureTransformAction
Transforming jetified-firebase-analytics-ktx-22.0.2-api.jar with StructureTransformAction
Transforming jetified-firebase-analytics-22.0.2-api.jar with StructureTransformAction
Transforming jetified-play-services-measurement-api-22.0.2-api.jar with StructureTransformAction
Transforming jetified-firebase-installations-18.0.0-api.jar with StructureTransformAction
Transforming jetified-firebase-common-ktx-21.0.0-api.jar with StructureTransformAction
Transforming jetified-firebase-common-21.0.0-api.jar with StructureTransformAction
Transforming room-common-2.6.1.jar with StructureTransformAction
Transforming jetified-room-ktx-2.6.1-api.jar with StructureTransformAction
Transforming room-runtime-2.6.1-api.jar with StructureTransformAction
Transforming jetified-room-paging-2.6.1-api.jar with StructureTransformAction
Transforming jetified-paging-common-release-api.jar with StructureTransformAction
Transforming jetified-paging-common-ktx-3.3.2.jar with StructureTransformAction
Transforming jetified-paging-runtime-ktx-3.3.2-api.jar with StructureTransformAction
Transforming paging-runtime-3.3.2-api.jar with StructureTransformAction
Transforming jetified-activity-compose-1.9.3-api.jar with StructureTransformAction
Transforming jetified-material3-release-api.jar with StructureTransformAction
Transforming jetified-ui-util-release-api.jar with StructureTransformAction
Transforming jetified-ui-unit-release-api.jar with StructureTransformAction
Transforming jetified-ui-text-release-api.jar with StructureTransformAction
Transforming jetified-coil-compose-2.6.0-api.jar with StructureTransformAction
Transforming jetified-coil-compose-base-2.6.0-api.jar with StructureTransformAction
Transforming jetified-foundation-layout-release-api.jar with StructureTransformAction
Transforming jetified-material-icons-core-release-api.jar with StructureTransformAction
Transforming jetified-material-ripple-release-api.jar with StructureTransformAction
Transforming jetified-foundation-release-api.jar with StructureTransformAction
Transforming jetified-animation-core-release-api.jar with StructureTransformAction
Transforming jetified-animation-release-api.jar with StructureTransformAction
Transforming jetified-ui-geometry-release-api.jar with StructureTransformAction
Transforming jetified-ui-tooling-data-release-api.jar with StructureTransformAction
Transforming jetified-ui-tooling-preview-release-api.jar with StructureTransformAction
Transforming jetified-ui-graphics-release-api.jar with StructureTransformAction
Transforming recyclerview-1.3.2-api.jar with StructureTransformAction
Transforming drawerlayout-1.1.1-api.jar with StructureTransformAction
Transforming coordinatorlayout-1.1.0-api.jar with StructureTransformAction
Transforming dynamicanimation-1.0.0-api.jar with StructureTransformAction
Transforming transition-1.5.0-api.jar with StructureTransformAction
Transforming vectordrawable-animated-1.1.0-api.jar with StructureTransformAction
Transforming vectordrawable-1.1.0-api.jar with StructureTransformAction
Transforming viewpager-1.0.0-api.jar with StructureTransformAction
Transforming slidingpanelayout-1.2.0-api.jar with StructureTransformAction
Transforming customview-1.1.0-api.jar with StructureTransformAction
Transforming jetified-play-services-measurement-22.0.2-api.jar with StructureTransformAction
Transforming jetified-play-services-measurement-sdk-22.0.2-api.jar with StructureTransformAction
Transforming jetified-play-services-measurement-impl-22.0.2-api.jar with StructureTransformAction
Transforming jetified-play-services-stats-17.0.2-api.jar with StructureTransformAction
Transforming legacy-support-core-utils-1.0.0-api.jar with StructureTransformAction
Transforming loader-1.0.0-api.jar with StructureTransformAction
Transforming jetified-firebase-database-collection-18.0.1-api.jar with StructureTransformAction
Transforming jetified-play-services-base-18.0.1-api.jar with StructureTransformAction
Transforming core-1.13.1-api.jar with StructureTransformAction
Transforming jetified-lifecycle-common-jvm-2.8.7.jar with StructureTransformAction
Transforming lifecycle-viewmodel-2.8.7-api.jar with StructureTransformAction
Transforming jetified-lifecycle-viewmodel-release-api.jar with StructureTransformAction
Transforming jetified-coil-2.6.0-api.jar with StructureTransformAction
Transforming jetified-coil-base-2.6.0-api.jar with StructureTransformAction
Transforming jetified-lifecycle-runtime-release-api.jar with StructureTransformAction
Transforming lifecycle-livedata-core-2.8.7-api.jar with StructureTransformAction
Transforming jetified-lifecycle-runtime-compose-release-api.jar with StructureTransformAction
Transforming jetified-lifecycle-viewmodel-compose-release-api.jar with StructureTransformAction
Transforming jetified-ui-release-api.jar with StructureTransformAction
Transforming jetified-ui-tooling-release-api.jar with StructureTransformAction
Transforming jetified-ui-test-manifest-1.6.2-api.jar with StructureTransformAction
Transforming jetified-activity-1.9.3-api.jar with StructureTransformAction
Transforming jetified-lifecycle-viewmodel-savedstate-2.8.7-api.jar with StructureTransformAction
Transforming jetified-lifecycle-runtime-ktx-release-api.jar with StructureTransformAction
Transforming work-runtime-ktx-2.9.1-api.jar with StructureTransformAction
Transforming work-runtime-2.9.1-api.jar with StructureTransformAction
Transforming lifecycle-livedata-2.8.7-api.jar with StructureTransformAction
Transforming jetified-lifecycle-livedata-core-ktx-2.8.7-api.jar with StructureTransformAction
Transforming jetified-lifecycle-livedata-ktx-2.8.7-api.jar with StructureTransformAction
Transforming jetified-lifecycle-viewmodel-ktx-2.8.7-api.jar with StructureTransformAction
Transforming jetified-runtime-saveable-release-api.jar with StructureTransformAction
Transforming jetified-runtime-release-api.jar with StructureTransformAction
Transforming jetified-kotlinx-coroutines-android-1.9.0.jar with StructureTransformAction
Transforming jetified-ktor-server-content-negotiation-jvm-2.3.7.jar with StructureTransformAction
Transforming jetified-ktor-server-cors-jvm-2.3.7.jar with StructureTransformAction
Transforming jetified-ktor-server-status-pages-jvm-2.3.7.jar with StructureTransformAction
Transforming jetified-ktor-server-cio-jvm-2.3.7.jar with StructureTransformAction
Transforming jetified-ktor-server-host-common-jvm-2.3.7.jar with StructureTransformAction
Transforming jetified-ktor-server-core-jvm-2.3.7.jar with StructureTransformAction
Transforming jetified-ktor-serialization-gson-jvm-2.3.7.jar with StructureTransformAction
Transforming jetified-ktor-serialization-jvm-2.3.7.jar with StructureTransformAction
Transforming jetified-ktor-events-jvm-2.3.7.jar with StructureTransformAction
Transforming jetified-ktor-http-cio-jvm-2.3.7.jar with StructureTransformAction
Transforming jetified-ktor-websockets-jvm-2.3.7.jar with StructureTransformAction
Transforming jetified-ktor-http-jvm-2.3.7.jar with StructureTransformAction
Transforming jetified-ktor-network-jvm-2.3.7.jar with StructureTransformAction
Transforming jetified-ktor-utils-jvm-2.3.7.jar with StructureTransformAction
Transforming jetified-ktor-io-jvm-2.3.7.jar with StructureTransformAction
Transforming jetified-kotlinx-coroutines-jdk8-1.9.0.jar with StructureTransformAction
Transforming jetified-ads-adservices-java-1.0.0-beta05-api.jar with StructureTransformAction
Transforming jetified-ads-adservices-1.0.0-beta05-api.jar with StructureTransformAction
Transforming jetified-kotlinx-coroutines-core-jvm-1.9.0.jar with StructureTransformAction
Transforming jetified-kotlinx-coroutines-play-services-1.9.0.jar with StructureTransformAction
Transforming jetified-firebase-installations-interop-17.1.1-api.jar with StructureTransformAction
Transforming jetified-play-services-tasks-18.2.0-api.jar with StructureTransformAction
Transforming jetified-play-services-ads-identifier-18.0.0-api.jar with StructureTransformAction
Transforming jetified-play-services-measurement-sdk-api-22.0.2-api.jar with StructureTransformAction
Transforming jetified-play-services-measurement-base-22.0.2-api.jar with StructureTransformAction
Transforming jetified-firebase-measurement-connector-19.0.0-api.jar with StructureTransformAction
Transforming jetified-play-services-basement-18.4.0-api.jar with StructureTransformAction
Transforming fragment-1.8.5-api.jar with StructureTransformAction
Transforming jetified-fragment-ktx-1.8.5-api.jar with StructureTransformAction
Transforming jetified-activity-ktx-1.9.3-api.jar with StructureTransformAction
Transforming jetified-core-ktx-1.13.1-api.jar with StructureTransformAction
Transforming jetified-flexbox-3.0.0-api.jar with StructureTransformAction
Transforming jetified-kotlin-android-extensions-runtime-1.9.25.jar with StructureTransformAction
Transforming jetified-savedstate-ktx-1.2.1-api.jar with StructureTransformAction
Transforming jetified-savedstate-1.2.1-api.jar with StructureTransformAction
Transforming jetified-media3-ffmpeg-decoder-1.5.0+1-api.jar with StructureTransformAction
Transforming jetified-media3-exoplayer-1.5.0-api.jar with StructureTransformAction
Transforming jetified-media3-container-1.5.0-api.jar with StructureTransformAction
Transforming jetified-media3-common-1.5.0-api.jar with StructureTransformAction
Transforming jetified-annotation-experimental-1.4.1-api.jar with StructureTransformAction
Transforming jetified-logging-interceptor-4.12.0.jar with StructureTransformAction
Transforming jetified-converter-gson-2.9.0.jar with StructureTransformAction
Transforming jetified-converter-scalars-2.9.0.jar with StructureTransformAction
Transforming jetified-retrofit-2.9.0.jar with StructureTransformAction
Transforming jetified-media3-datasource-okhttp-1.5.0-api.jar with StructureTransformAction
Transforming jetified-okhttp-4.12.0.jar with StructureTransformAction
Transforming jetified-kotlin-stdlib-jdk8-1.9.0.jar with StructureTransformAction
Transforming jetified-security-crypto-1.1.0-alpha06-api.jar with StructureTransformAction
Transforming cursoradapter-1.0.0-api.jar with StructureTransformAction
Transforming cardview-1.0.0-api.jar with StructureTransformAction
Transforming sqlite-framework-2.4.0-api.jar with StructureTransformAction
Transforming sqlite-2.4.0-api.jar with StructureTransformAction
Transforming jetified-gifdecoder-4.16.0-api.jar with StructureTransformAction
Transforming versionedparcelable-1.1.1-api.jar with StructureTransformAction
Transforming core-runtime-2.2.0-api.jar with StructureTransformAction
Transforming interpolator-1.0.0-api.jar with StructureTransformAction
Transforming jetified-collection-ktx-1.4.0.jar with StructureTransformAction
Transforming jetified-collection-jvm-1.4.0.jar with StructureTransformAction
Transforming documentfile-1.0.0-api.jar with StructureTransformAction
Transforming localbroadcastmanager-1.0.0-api.jar with StructureTransformAction
Transforming print-1.0.0-api.jar with StructureTransformAction
Transforming core-common-2.2.0.jar with StructureTransformAction
Transforming jetified-annotation-jvm-1.8.1.jar with StructureTransformAction
Transforming jetified-kotlin-stdlib-jdk7-1.9.0.jar with StructureTransformAction
Transforming jetified-kotlin-reflect-1.8.22.jar with StructureTransformAction
Transforming jetified-okio-jvm-3.8.0.jar with StructureTransformAction
Transforming jetified-kotlin-stdlib-2.0.0.jar with StructureTransformAction
Transforming multidex-2.0.1-api.jar with StructureTransformAction
Transforming constraintlayout-2.1.4-api.jar with StructureTransformAction
Transforming jetified-gson-2.10.1.jar with StructureTransformAction
Transforming jetified-media3-exoplayer-hls-1.5.0-api.jar with StructureTransformAction
Transforming jetified-media3-ui-1.5.0-api.jar with StructureTransformAction
Transforming jetified-media3-extractor-1.5.0-api.jar with StructureTransformAction
Transforming jetified-zxing-android-embedded-4.3.0-api.jar with StructureTransformAction
Transforming jetified-core-3.5.2.jar with StructureTransformAction
Transforming jetified-annotations-23.0.0.jar with StructureTransformAction
Transforming jetified-guava-33.3.1-android.jar with StructureTransformAction
Transforming jetified-listenablefuture-9999.0-empty-to-avoid-conflict-with-guava.jar with StructureTransformAction
Transforming jetified-startup-runtime-1.1.1-api.jar with StructureTransformAction
Transforming jetified-tracing-1.0.0-api.jar with StructureTransformAction
Transforming jetified-resourceinspection-annotation-1.0.1.jar with StructureTransformAction
Transforming jetified-error_prone_annotations-2.28.0.jar with StructureTransformAction
Transforming exifinterface-1.3.7-api.jar with StructureTransformAction
Transforming jetified-failureaccess-1.0.2.jar with StructureTransformAction
Transforming jetified-hilt-core-2.51.1.jar with StructureTransformAction
Transforming jetified-jsr305-3.0.2.jar with StructureTransformAction
Transforming jetified-checker-qual-3.43.0.jar with StructureTransformAction
Transforming jetified-j2objc-annotations-3.0.0.jar with StructureTransformAction
Transforming jetified-media3-database-1.5.0-api.jar with StructureTransformAction
Transforming jetified-media3-datasource-1.5.0-api.jar with StructureTransformAction
Transforming jetified-media3-decoder-1.5.0-api.jar with StructureTransformAction
Transforming jetified-disklrucache-4.16.0.jar with StructureTransformAction
Transforming jetified-annotations-4.16.0.jar with StructureTransformAction
Transforming jetified-dagger-2.51.1.jar with StructureTransformAction
Transforming jetified-firebase-components-18.0.0-api.jar with StructureTransformAction
Transforming jetified-firebase-annotations-16.2.0.jar with StructureTransformAction
Transforming jetified-javax.inject-1.jar with StructureTransformAction
Transforming jetified-dagger-lint-aar-2.51.1-api.jar with StructureTransformAction
Transforming jetified-hilt-common-1.2.0.jar with StructureTransformAction
Transforming jetified-protolite-well-known-types-18.0.0-api.jar with StructureTransformAction
Transforming jetified-protobuf-javalite-3.22.3.jar with StructureTransformAction
Transforming jetified-slf4j-api-1.7.36.jar with StructureTransformAction
Transforming jetified-config-1.4.2.jar with StructureTransformAction
Transforming android.jar with StructureTransformAction
Transforming core-lambda-stubs.jar with StructureTransformAction
file or directory 'D:\cursor working\debxtrem\app\src\debug\kotlin', not found
file or directory 'D:\cursor working\debxtrem\app\src\debug\kotlin', not found
file or directory 'D:\cursor working\debxtrem\app\src\debug\kotlin', not found
file or directory 'D:\cursor working\debxtrem\app\src\main\kotlin', not found
file or directory 'D:\cursor working\debxtrem\app\src\main\kotlin', not found
file or directory 'D:\cursor working\debxtrem\app\src\main\kotlin', not found
file or directory 'D:\cursor working\debxtrem\app\src\main\kotlin', not found
file or directory 'D:\cursor working\debxtrem\app\src\main\kotlin', not found
file or directory 'D:\cursor working\debxtrem\app\src\main\kotlin', not found
file or directory 'D:\cursor working\debxtrem\app\src\debug\kotlin', not found
file or directory 'D:\cursor working\debxtrem\app\src\debug\kotlin', not found
file or directory 'D:\cursor working\debxtrem\app\src\debug\kotlin', not found
Caching disabled for task ':app:kaptDebugKotlin' because:
  Build cache is disabled
Skipping task ':app:kaptDebugKotlin' as it is up-to-date.
Resolve mutations for :app:compileDebugKotlin (Thread[#65,Execution worker,5,main]) started.
:app:compileDebugKotlin (Thread[#65,Execution worker,5,main]) started.

> Task :app:compileDebugKotlin UP-TO-DATE
Transforming R.jar with ClasspathEntrySnapshotTransform
Transforming jetified-viewbinding-8.7.1-api.jar with ClasspathEntrySnapshotTransform
Transforming jetified-kotlin-parcelize-runtime-1.9.25.jar with ClasspathEntrySnapshotTransform
Transforming jetified-preference-ktx-1.2.1-api.jar with ClasspathEntrySnapshotTransform
Transforming material-1.12.0-api.jar with ClasspathEntrySnapshotTransform
Transforming jetified-appcompat-resources-1.7.0-api.jar with ClasspathEntrySnapshotTransform
Transforming preference-1.2.1-api.jar with ClasspathEntrySnapshotTransform
Transforming appcompat-1.7.0-api.jar with ClasspathEntrySnapshotTransform
Transforming jetified-okhttp3-integration-4.16.0-api.jar with ClasspathEntrySnapshotTransform
Transforming jetified-glide-4.16.0-api.jar with ClasspathEntrySnapshotTransform
Transforming jetified-hilt-work-1.2.0-api.jar with ClasspathEntrySnapshotTransform
Transforming jetified-hilt-android-2.51.1-api.jar with ClasspathEntrySnapshotTransform
Transforming jetified-viewpager2-1.1.0-beta02-api.jar with ClasspathEntrySnapshotTransform
Transforming jetified-firebase-firestore-ktx-25.0.0-api.jar with ClasspathEntrySnapshotTransform
Transforming jetified-firebase-firestore-25.0.0-api.jar with ClasspathEntrySnapshotTransform
Transforming jetified-firebase-appcheck-interop-17.0.0-api.jar with ClasspathEntrySnapshotTransform
Transforming jetified-firebase-auth-interop-19.0.2-api.jar with ClasspathEntrySnapshotTransform
Transforming jetified-firebase-analytics-ktx-22.0.2-api.jar with ClasspathEntrySnapshotTransform
Transforming jetified-firebase-analytics-22.0.2-api.jar with ClasspathEntrySnapshotTransform
Transforming jetified-play-services-measurement-api-22.0.2-api.jar with ClasspathEntrySnapshotTransform
Transforming jetified-firebase-installations-18.0.0-api.jar with ClasspathEntrySnapshotTransform
Transforming jetified-firebase-common-ktx-21.0.0-api.jar with ClasspathEntrySnapshotTransform
Transforming jetified-firebase-common-21.0.0-api.jar with ClasspathEntrySnapshotTransform
Transforming room-common-2.6.1.jar with ClasspathEntrySnapshotTransform
Transforming jetified-room-ktx-2.6.1-api.jar with ClasspathEntrySnapshotTransform
Transforming room-runtime-2.6.1-api.jar with ClasspathEntrySnapshotTransform
Transforming jetified-room-paging-2.6.1-api.jar with ClasspathEntrySnapshotTransform
Transforming jetified-paging-common-release-api.jar with ClasspathEntrySnapshotTransform
Transforming jetified-paging-common-ktx-3.3.2.jar with ClasspathEntrySnapshotTransform
Transforming jetified-paging-runtime-ktx-3.3.2-api.jar with ClasspathEntrySnapshotTransform
Transforming paging-runtime-3.3.2-api.jar with ClasspathEntrySnapshotTransform
Transforming jetified-activity-compose-1.9.3-api.jar with ClasspathEntrySnapshotTransform
Transforming jetified-material3-release-api.jar with ClasspathEntrySnapshotTransform
Transforming jetified-ui-util-release-api.jar with ClasspathEntrySnapshotTransform
Transforming jetified-ui-unit-release-api.jar with ClasspathEntrySnapshotTransform
Transforming jetified-ui-text-release-api.jar with ClasspathEntrySnapshotTransform
Transforming jetified-coil-compose-2.6.0-api.jar with ClasspathEntrySnapshotTransform
Transforming jetified-coil-compose-base-2.6.0-api.jar with ClasspathEntrySnapshotTransform
Transforming jetified-foundation-layout-release-api.jar with ClasspathEntrySnapshotTransform
Transforming jetified-material-icons-core-release-api.jar with ClasspathEntrySnapshotTransform
Transforming jetified-material-ripple-release-api.jar with ClasspathEntrySnapshotTransform
Transforming jetified-foundation-release-api.jar with ClasspathEntrySnapshotTransform
Transforming jetified-animation-core-release-api.jar with ClasspathEntrySnapshotTransform
Transforming jetified-animation-release-api.jar with ClasspathEntrySnapshotTransform
Transforming jetified-ui-geometry-release-api.jar with ClasspathEntrySnapshotTransform
Transforming jetified-ui-tooling-data-release-api.jar with ClasspathEntrySnapshotTransform
Transforming jetified-ui-tooling-preview-release-api.jar with ClasspathEntrySnapshotTransform
Transforming jetified-ui-graphics-release-api.jar with ClasspathEntrySnapshotTransform
Transforming recyclerview-1.3.2-api.jar with ClasspathEntrySnapshotTransform
Transforming drawerlayout-1.1.1-api.jar with ClasspathEntrySnapshotTransform
Transforming coordinatorlayout-1.1.0-api.jar with ClasspathEntrySnapshotTransform
Transforming dynamicanimation-1.0.0-api.jar with ClasspathEntrySnapshotTransform
Transforming transition-1.5.0-api.jar with ClasspathEntrySnapshotTransform
Transforming vectordrawable-animated-1.1.0-api.jar with ClasspathEntrySnapshotTransform
Transforming vectordrawable-1.1.0-api.jar with ClasspathEntrySnapshotTransform
Transforming viewpager-1.0.0-api.jar with ClasspathEntrySnapshotTransform
Transforming slidingpanelayout-1.2.0-api.jar with ClasspathEntrySnapshotTransform
Transforming customview-1.1.0-api.jar with ClasspathEntrySnapshotTransform
Transforming jetified-play-services-measurement-22.0.2-api.jar with ClasspathEntrySnapshotTransform
Transforming jetified-play-services-measurement-sdk-22.0.2-api.jar with ClasspathEntrySnapshotTransform
Transforming jetified-play-services-measurement-impl-22.0.2-api.jar with ClasspathEntrySnapshotTransform
Transforming jetified-play-services-stats-17.0.2-api.jar with ClasspathEntrySnapshotTransform
Transforming legacy-support-core-utils-1.0.0-api.jar with ClasspathEntrySnapshotTransform
Transforming loader-1.0.0-api.jar with ClasspathEntrySnapshotTransform
Transforming jetified-firebase-database-collection-18.0.1-api.jar with ClasspathEntrySnapshotTransform
Transforming jetified-play-services-base-18.0.1-api.jar with ClasspathEntrySnapshotTransform
Transforming core-1.13.1-api.jar with ClasspathEntrySnapshotTransform
Transforming jetified-lifecycle-common-jvm-2.8.7.jar with ClasspathEntrySnapshotTransform
Transforming lifecycle-viewmodel-2.8.7-api.jar with ClasspathEntrySnapshotTransform
Transforming jetified-lifecycle-viewmodel-release-api.jar with ClasspathEntrySnapshotTransform
Transforming jetified-coil-2.6.0-api.jar with ClasspathEntrySnapshotTransform
Transforming jetified-coil-base-2.6.0-api.jar with ClasspathEntrySnapshotTransform
Transforming jetified-lifecycle-runtime-release-api.jar with ClasspathEntrySnapshotTransform
Transforming lifecycle-livedata-core-2.8.7-api.jar with ClasspathEntrySnapshotTransform
Transforming jetified-lifecycle-runtime-compose-release-api.jar with ClasspathEntrySnapshotTransform
Transforming jetified-lifecycle-viewmodel-compose-release-api.jar with ClasspathEntrySnapshotTransform
Transforming jetified-ui-release-api.jar with ClasspathEntrySnapshotTransform
Transforming jetified-ui-tooling-release-api.jar with ClasspathEntrySnapshotTransform
Transforming jetified-ui-test-manifest-1.6.2-api.jar with ClasspathEntrySnapshotTransform
Transforming jetified-activity-1.9.3-api.jar with ClasspathEntrySnapshotTransform
Transforming jetified-lifecycle-viewmodel-savedstate-2.8.7-api.jar with ClasspathEntrySnapshotTransform
Transforming jetified-lifecycle-runtime-ktx-release-api.jar with ClasspathEntrySnapshotTransform
Transforming work-runtime-ktx-2.9.1-api.jar with ClasspathEntrySnapshotTransform
Transforming work-runtime-2.9.1-api.jar with ClasspathEntrySnapshotTransform
Transforming lifecycle-livedata-2.8.7-api.jar with ClasspathEntrySnapshotTransform
Transforming jetified-lifecycle-livedata-core-ktx-2.8.7-api.jar with ClasspathEntrySnapshotTransform
Transforming jetified-lifecycle-livedata-ktx-2.8.7-api.jar with ClasspathEntrySnapshotTransform
Transforming jetified-lifecycle-viewmodel-ktx-2.8.7-api.jar with ClasspathEntrySnapshotTransform
Transforming jetified-runtime-saveable-release-api.jar with ClasspathEntrySnapshotTransform
Transforming jetified-runtime-release-api.jar with ClasspathEntrySnapshotTransform
Transforming jetified-kotlinx-coroutines-android-1.9.0.jar with ClasspathEntrySnapshotTransform
Transforming jetified-ktor-server-content-negotiation-jvm-2.3.7.jar with ClasspathEntrySnapshotTransform
Transforming jetified-ktor-server-cors-jvm-2.3.7.jar with ClasspathEntrySnapshotTransform
Transforming jetified-ktor-server-status-pages-jvm-2.3.7.jar with ClasspathEntrySnapshotTransform
Transforming jetified-ktor-server-cio-jvm-2.3.7.jar with ClasspathEntrySnapshotTransform
Transforming jetified-ktor-server-host-common-jvm-2.3.7.jar with ClasspathEntrySnapshotTransform
Transforming jetified-ktor-server-core-jvm-2.3.7.jar with ClasspathEntrySnapshotTransform
Transforming jetified-ktor-serialization-gson-jvm-2.3.7.jar with ClasspathEntrySnapshotTransform
Transforming jetified-ktor-serialization-jvm-2.3.7.jar with ClasspathEntrySnapshotTransform
Transforming jetified-ktor-events-jvm-2.3.7.jar with ClasspathEntrySnapshotTransform
Transforming jetified-ktor-http-cio-jvm-2.3.7.jar with ClasspathEntrySnapshotTransform
Transforming jetified-ktor-websockets-jvm-2.3.7.jar with ClasspathEntrySnapshotTransform
Transforming jetified-ktor-http-jvm-2.3.7.jar with ClasspathEntrySnapshotTransform
Transforming jetified-ktor-network-jvm-2.3.7.jar with ClasspathEntrySnapshotTransform
Transforming jetified-ktor-utils-jvm-2.3.7.jar with ClasspathEntrySnapshotTransform
Transforming jetified-ktor-io-jvm-2.3.7.jar with ClasspathEntrySnapshotTransform
Transforming jetified-kotlinx-coroutines-jdk8-1.9.0.jar with ClasspathEntrySnapshotTransform
Transforming jetified-ads-adservices-java-1.0.0-beta05-api.jar with ClasspathEntrySnapshotTransform
Transforming jetified-ads-adservices-1.0.0-beta05-api.jar with ClasspathEntrySnapshotTransform
Transforming jetified-kotlinx-coroutines-core-jvm-1.9.0.jar with ClasspathEntrySnapshotTransform
Transforming jetified-kotlinx-coroutines-play-services-1.9.0.jar with ClasspathEntrySnapshotTransform
Transforming jetified-firebase-installations-interop-17.1.1-api.jar with ClasspathEntrySnapshotTransform
Transforming jetified-play-services-tasks-18.2.0-api.jar with ClasspathEntrySnapshotTransform
Transforming jetified-play-services-ads-identifier-18.0.0-api.jar with ClasspathEntrySnapshotTransform
Transforming jetified-play-services-measurement-sdk-api-22.0.2-api.jar with ClasspathEntrySnapshotTransform
Transforming jetified-play-services-measurement-base-22.0.2-api.jar with ClasspathEntrySnapshotTransform
Transforming jetified-firebase-measurement-connector-19.0.0-api.jar with ClasspathEntrySnapshotTransform
Transforming jetified-play-services-basement-18.4.0-api.jar with ClasspathEntrySnapshotTransform
Transforming fragment-1.8.5-api.jar with ClasspathEntrySnapshotTransform
Transforming jetified-fragment-ktx-1.8.5-api.jar with ClasspathEntrySnapshotTransform
Transforming jetified-activity-ktx-1.9.3-api.jar with ClasspathEntrySnapshotTransform
Transforming jetified-core-ktx-1.13.1-api.jar with ClasspathEntrySnapshotTransform
Transforming jetified-flexbox-3.0.0-api.jar with ClasspathEntrySnapshotTransform
Transforming jetified-kotlin-android-extensions-runtime-1.9.25.jar with ClasspathEntrySnapshotTransform
Transforming jetified-savedstate-ktx-1.2.1-api.jar with ClasspathEntrySnapshotTransform
Transforming jetified-savedstate-1.2.1-api.jar with ClasspathEntrySnapshotTransform
Transforming jetified-media3-ffmpeg-decoder-1.5.0+1-api.jar with ClasspathEntrySnapshotTransform
Transforming jetified-media3-exoplayer-1.5.0-api.jar with ClasspathEntrySnapshotTransform
Transforming jetified-media3-container-1.5.0-api.jar with ClasspathEntrySnapshotTransform
Transforming jetified-media3-common-1.5.0-api.jar with ClasspathEntrySnapshotTransform
Transforming jetified-annotation-experimental-1.4.1-api.jar with ClasspathEntrySnapshotTransform
Transforming jetified-logging-interceptor-4.12.0.jar with ClasspathEntrySnapshotTransform
Transforming jetified-converter-gson-2.9.0.jar with ClasspathEntrySnapshotTransform
Transforming jetified-converter-scalars-2.9.0.jar with ClasspathEntrySnapshotTransform
Transforming jetified-retrofit-2.9.0.jar with ClasspathEntrySnapshotTransform
Transforming jetified-media3-datasource-okhttp-1.5.0-api.jar with ClasspathEntrySnapshotTransform
Transforming jetified-okhttp-4.12.0.jar with ClasspathEntrySnapshotTransform
Transforming jetified-kotlin-stdlib-jdk8-1.9.0.jar with ClasspathEntrySnapshotTransform
Transforming jetified-security-crypto-1.1.0-alpha06-api.jar with ClasspathEntrySnapshotTransform
Transforming cursoradapter-1.0.0-api.jar with ClasspathEntrySnapshotTransform
Transforming cardview-1.0.0-api.jar with ClasspathEntrySnapshotTransform
Transforming sqlite-framework-2.4.0-api.jar with ClasspathEntrySnapshotTransform
Transforming sqlite-2.4.0-api.jar with ClasspathEntrySnapshotTransform
Transforming jetified-gifdecoder-4.16.0-api.jar with ClasspathEntrySnapshotTransform
Transforming versionedparcelable-1.1.1-api.jar with ClasspathEntrySnapshotTransform
Transforming core-runtime-2.2.0-api.jar with ClasspathEntrySnapshotTransform
Transforming interpolator-1.0.0-api.jar with ClasspathEntrySnapshotTransform
Transforming jetified-collection-ktx-1.4.0.jar with ClasspathEntrySnapshotTransform
Transforming jetified-collection-jvm-1.4.0.jar with ClasspathEntrySnapshotTransform
Transforming documentfile-1.0.0-api.jar with ClasspathEntrySnapshotTransform
Transforming localbroadcastmanager-1.0.0-api.jar with ClasspathEntrySnapshotTransform
Transforming print-1.0.0-api.jar with ClasspathEntrySnapshotTransform
Transforming core-common-2.2.0.jar with ClasspathEntrySnapshotTransform
Transforming jetified-annotation-jvm-1.8.1.jar with ClasspathEntrySnapshotTransform
Transforming jetified-kotlin-stdlib-jdk7-1.9.0.jar with ClasspathEntrySnapshotTransform
Transforming jetified-kotlin-reflect-1.8.22.jar with ClasspathEntrySnapshotTransform
Transforming jetified-okio-jvm-3.8.0.jar with ClasspathEntrySnapshotTransform
Transforming jetified-kotlin-stdlib-2.0.0.jar with ClasspathEntrySnapshotTransform
Transforming multidex-2.0.1-api.jar with ClasspathEntrySnapshotTransform
Transforming constraintlayout-2.1.4-api.jar with ClasspathEntrySnapshotTransform
Transforming jetified-gson-2.10.1.jar with ClasspathEntrySnapshotTransform
Transforming jetified-media3-exoplayer-hls-1.5.0-api.jar with ClasspathEntrySnapshotTransform
Transforming jetified-media3-ui-1.5.0-api.jar with ClasspathEntrySnapshotTransform
Transforming jetified-media3-extractor-1.5.0-api.jar with ClasspathEntrySnapshotTransform
Transforming jetified-zxing-android-embedded-4.3.0-api.jar with ClasspathEntrySnapshotTransform
Transforming jetified-core-3.5.2.jar with ClasspathEntrySnapshotTransform
Transforming jetified-annotations-23.0.0.jar with ClasspathEntrySnapshotTransform
Transforming jetified-guava-33.3.1-android.jar with ClasspathEntrySnapshotTransform
Transforming jetified-listenablefuture-9999.0-empty-to-avoid-conflict-with-guava.jar with ClasspathEntrySnapshotTransform
Transforming jetified-startup-runtime-1.1.1-api.jar with ClasspathEntrySnapshotTransform
Transforming jetified-tracing-1.0.0-api.jar with ClasspathEntrySnapshotTransform
Transforming jetified-resourceinspection-annotation-1.0.1.jar with ClasspathEntrySnapshotTransform
Transforming jetified-error_prone_annotations-2.28.0.jar with ClasspathEntrySnapshotTransform
Transforming exifinterface-1.3.7-api.jar with ClasspathEntrySnapshotTransform
Transforming jetified-failureaccess-1.0.2.jar with ClasspathEntrySnapshotTransform
Transforming jetified-hilt-core-2.51.1.jar with ClasspathEntrySnapshotTransform
Transforming jetified-jsr305-3.0.2.jar with ClasspathEntrySnapshotTransform
Transforming jetified-checker-qual-3.43.0.jar with ClasspathEntrySnapshotTransform
Transforming jetified-j2objc-annotations-3.0.0.jar with ClasspathEntrySnapshotTransform
Transforming jetified-media3-database-1.5.0-api.jar with ClasspathEntrySnapshotTransform
Transforming jetified-media3-datasource-1.5.0-api.jar with ClasspathEntrySnapshotTransform
Transforming jetified-media3-decoder-1.5.0-api.jar with ClasspathEntrySnapshotTransform
Transforming jetified-disklrucache-4.16.0.jar with ClasspathEntrySnapshotTransform
Transforming jetified-annotations-4.16.0.jar with ClasspathEntrySnapshotTransform
Transforming jetified-dagger-2.51.1.jar with ClasspathEntrySnapshotTransform
Transforming jetified-firebase-components-18.0.0-api.jar with ClasspathEntrySnapshotTransform
Transforming jetified-firebase-annotations-16.2.0.jar with ClasspathEntrySnapshotTransform
Transforming jetified-javax.inject-1.jar with ClasspathEntrySnapshotTransform
Transforming jetified-dagger-lint-aar-2.51.1-api.jar with ClasspathEntrySnapshotTransform
Transforming jetified-hilt-common-1.2.0.jar with ClasspathEntrySnapshotTransform
Transforming jetified-protolite-well-known-types-18.0.0-api.jar with ClasspathEntrySnapshotTransform
Transforming jetified-protobuf-javalite-3.22.3.jar with ClasspathEntrySnapshotTransform
Transforming jetified-slf4j-api-1.7.36.jar with ClasspathEntrySnapshotTransform
Transforming jetified-config-1.4.2.jar with ClasspathEntrySnapshotTransform
Transforming android.jar with ClasspathEntrySnapshotTransform
Transforming core-lambda-stubs.jar with ClasspathEntrySnapshotTransform
Transforming debug with ClasspathEntrySnapshotTransform
Caching disabled for task ':app:compileDebugKotlin' because:
  Build cache is disabled
Skipping task ':app:compileDebugKotlin' as it is up-to-date.
Resolve mutations for :app:javaPreCompileDebug (Thread[#65,Execution worker,5,main]) started.
:app:javaPreCompileDebug (Thread[#64,included builds,5,main]) started.

> Task :app:javaPreCompileDebug UP-TO-DATE
Registered task dependencies: app:_agp_internal_javaPreCompileDebug_kaptClasspath
Starting dependency analysis
Caching disabled for task ':app:javaPreCompileDebug' because:
  Build cache is disabled
Skipping task ':app:javaPreCompileDebug' as it is up-to-date.
Resolve mutations for :app:compileDebugJavaWithJavac (Thread[#64,included builds,5,main]) started.
:app:compileDebugJavaWithJavac (Thread[#64,included builds,5,main]) started.

> Task :app:compileDebugJavaWithJavac UP-TO-DATE
Transforming core-for-system-modules.jar with JdkImageTransform
Transforming core-for-system-modules.jar with JdkImageTransform
Transforming core-for-system-modules.jar with JdkImageTransform
Transforming core-for-system-modules.jar with JdkImageTransform
Transforming core-for-system-modules.jar with JdkImageTransform
Transforming core-for-system-modules.jar with JdkImageTransform
Custom actions are attached to task ':app:compileDebugJavaWithJavac'.
Caching disabled for task ':app:compileDebugJavaWithJavac' because:
  Build cache is disabled
Skipping task ':app:compileDebugJavaWithJavac' as it is up-to-date.
No compile result for :app:compileDebugJavaWithJavac
No compile result for :app:compileDebugJavaWithJavac
Resolve mutations for :app:hiltAggregateDepsDebug (Thread[#64,included builds,5,main]) started.
:app:hiltAggregateDepsDebug (Thread[#64,included builds,5,main]) started.

> Task :app:hiltAggregateDepsDebug
Transforming viewbinding-8.7.1.aar (androidx.databinding:viewbinding:8.7.1) with JetifyTransform
Transforming viewbinding-8.7.1.aar (androidx.databinding:viewbinding:8.7.1) with AarToClassTransform
Transforming kotlin-parcelize-runtime-1.9.25.jar (org.jetbrains.kotlin:kotlin-parcelize-runtime:1.9.25) with JetifyTransform
Transforming kotlin-parcelize-runtime-1.9.25.jar (org.jetbrains.kotlin:kotlin-parcelize-runtime:1.9.25) with IdentityTransform
Transforming kotlin-parcelize-runtime-1.9.25.jar (org.jetbrains.kotlin:kotlin-parcelize-runtime:1.9.25) with IdentityTransform
Transforming kotlin-parcelize-runtime-1.9.25.jar (org.jetbrains.kotlin:kotlin-parcelize-runtime:1.9.25) with CopyTransform
Transforming material-1.12.0.aar (com.google.android.material:material:1.12.0) with JetifyTransform
Transforming material-1.12.0.aar (com.google.android.material:material:1.12.0) with AarToClassTransform
Transforming constraintlayout-2.1.4.aar (androidx.constraintlayout:constraintlayout:2.1.4) with JetifyTransform
Transforming constraintlayout-2.1.4.aar (androidx.constraintlayout:constraintlayout:2.1.4) with AarToClassTransform
Transforming coil-compose-2.6.0.aar (io.coil-kt:coil-compose:2.6.0) with JetifyTransform
Transforming coil-compose-2.6.0.aar (io.coil-kt:coil-compose:2.6.0) with AarToClassTransform
Transforming coil-compose-base-2.6.0.aar (io.coil-kt:coil-compose-base:2.6.0) with JetifyTransform
Transforming coil-compose-base-2.6.0.aar (io.coil-kt:coil-compose-base:2.6.0) with AarToClassTransform
Transforming coil-2.6.0.aar (io.coil-kt:coil:2.6.0) with JetifyTransform
Transforming coil-2.6.0.aar (io.coil-kt:coil:2.6.0) with AarToClassTransform
Transforming coil-base-2.6.0.aar (io.coil-kt:coil-base:2.6.0) with JetifyTransform
Transforming coil-base-2.6.0.aar (io.coil-kt:coil-base:2.6.0) with AarToClassTransform
Transforming appcompat-resources-1.7.0.aar (androidx.appcompat:appcompat-resources:1.7.0) with JetifyTransform
Transforming appcompat-resources-1.7.0.aar (androidx.appcompat:appcompat-resources:1.7.0) with AarToClassTransform
Transforming preference-ktx-1.2.1.aar (androidx.preference:preference-ktx:1.2.1) with JetifyTransform
Transforming preference-ktx-1.2.1.aar (androidx.preference:preference-ktx:1.2.1) with AarToClassTransform
Transforming preference-1.2.1.aar (androidx.preference:preference:1.2.1) with JetifyTransform
Transforming preference-1.2.1.aar (androidx.preference:preference:1.2.1) with AarToClassTransform
Transforming appcompat-1.7.0.aar (androidx.appcompat:appcompat:1.7.0) with JetifyTransform
Transforming appcompat-1.7.0.aar (androidx.appcompat:appcompat:1.7.0) with AarToClassTransform
Transforming okhttp3-integration-4.16.0.aar (com.github.bumptech.glide:okhttp3-integration:4.16.0) with JetifyTransform
Transforming okhttp3-integration-4.16.0.aar (com.github.bumptech.glide:okhttp3-integration:4.16.0) with AarToClassTransform
Transforming glide-4.16.0.aar (com.github.bumptech.glide:glide:4.16.0) with JetifyTransform
Transforming glide-4.16.0.aar (com.github.bumptech.glide:glide:4.16.0) with AarToClassTransform
Transforming hilt-work-1.2.0.aar (androidx.hilt:hilt-work:1.2.0) with JetifyTransform
Transforming hilt-work-1.2.0.aar (androidx.hilt:hilt-work:1.2.0) with AarToClassTransform
Transforming hilt-android-2.51.1.aar (com.google.dagger:hilt-android:2.51.1) with JetifyTransform
Transforming hilt-android-2.51.1.aar (com.google.dagger:hilt-android:2.51.1) with AarToClassTransform
Transforming media3-exoplayer-hls-1.5.0.aar (androidx.media3:media3-exoplayer-hls:1.5.0) with JetifyTransform
Transforming media3-exoplayer-hls-1.5.0.aar (androidx.media3:media3-exoplayer-hls:1.5.0) with AarToClassTransform
Transforming media3-ffmpeg-decoder-1.5.0+1.aar (org.jellyfin.media3:media3-ffmpeg-decoder:1.5.0+1) with JetifyTransform
Transforming media3-ffmpeg-decoder-1.5.0+1.aar (org.jellyfin.media3:media3-ffmpeg-decoder:1.5.0+1) with AarToClassTransform
Transforming media3-exoplayer-1.5.0.aar (androidx.media3:media3-exoplayer:1.5.0) with JetifyTransform
Transforming media3-exoplayer-1.5.0.aar (androidx.media3:media3-exoplayer:1.5.0) with AarToClassTransform
Transforming media3-exoplayer-1.5.0.aar (androidx.media3:media3-exoplayer:1.5.0) with JetifyTransform
Transforming media3-exoplayer-1.5.0.aar (androidx.media3:media3-exoplayer:1.5.0) with AarToClassTransform
Transforming media3-datasource-okhttp-1.5.0.aar (androidx.media3:media3-datasource-okhttp:1.5.0) with JetifyTransform
Transforming media3-datasource-okhttp-1.5.0.aar (androidx.media3:media3-datasource-okhttp:1.5.0) with AarToClassTransform
Transforming media3-extractor-1.5.0.aar (androidx.media3:media3-extractor:1.5.0) with JetifyTransform
Transforming media3-extractor-1.5.0.aar (androidx.media3:media3-extractor:1.5.0) with AarToClassTransform
Transforming viewbinding-8.7.1.aar (androidx.databinding:viewbinding:8.7.1) with IdentityTransform
Transforming media3-container-1.5.0.aar (androidx.media3:media3-container:1.5.0) with JetifyTransform
Transforming media3-container-1.5.0.aar (androidx.media3:media3-container:1.5.0) with AarToClassTransform
Transforming media3-datasource-1.5.0.aar (androidx.media3:media3-datasource:1.5.0) with JetifyTransform
Transforming media3-datasource-1.5.0.aar (androidx.media3:media3-datasource:1.5.0) with AarToClassTransform
Transforming media3-decoder-1.5.0.aar (androidx.media3:media3-decoder:1.5.0) with JetifyTransform
Transforming media3-decoder-1.5.0.aar (androidx.media3:media3-decoder:1.5.0) with AarToClassTransform
Transforming media3-decoder-1.5.0.aar (androidx.media3:media3-decoder:1.5.0) with JetifyTransform
Transforming media3-decoder-1.5.0.aar (androidx.media3:media3-decoder:1.5.0) with AarToClassTransform
Transforming media3-database-1.5.0.aar (androidx.media3:media3-database:1.5.0) with JetifyTransform
Transforming media3-database-1.5.0.aar (androidx.media3:media3-database:1.5.0) with AarToClassTransform
Transforming media3-common-1.5.0.aar (androidx.media3:media3-common:1.5.0) with JetifyTransform
Transforming media3-common-1.5.0.aar (androidx.media3:media3-common:1.5.0) with AarToClassTransform
Transforming media3-ui-1.5.0.aar (androidx.media3:media3-ui:1.5.0) with JetifyTransform
Transforming media3-ui-1.5.0.aar (androidx.media3:media3-ui:1.5.0) with AarToClassTransform
Transforming room-common-2.6.1.jar (androidx.room:room-common:2.6.1) with JetifyTransform
Transforming room-common-2.6.1.jar (androidx.room:room-common:2.6.1) with IdentityTransform
Transforming room-common-2.6.1.jar (androidx.room:room-common:2.6.1) with IdentityTransform
Transforming room-common-2.6.1.jar (androidx.room:room-common:2.6.1) with CopyTransform
Transforming work-runtime-ktx-2.9.1.aar (androidx.work:work-runtime-ktx:2.9.1) with JetifyTransform
Transforming work-runtime-ktx-2.9.1.aar (androidx.work:work-runtime-ktx:2.9.1) with AarToClassTransform
Transforming work-runtime-2.9.1.aar (androidx.work:work-runtime:2.9.1) with JetifyTransform
Transforming work-runtime-2.9.1.aar (androidx.work:work-runtime:2.9.1) with AarToClassTransform
Transforming room-ktx-2.6.1.aar (androidx.room:room-ktx:2.6.1) with JetifyTransform
Transforming room-ktx-2.6.1.aar (androidx.room:room-ktx:2.6.1) with AarToClassTransform
Transforming room-runtime-2.6.1.aar (androidx.room:room-runtime:2.6.1) with JetifyTransform
Transforming room-runtime-2.6.1.aar (androidx.room:room-runtime:2.6.1) with AarToClassTransform
Transforming room-paging-2.6.1.aar (androidx.room:room-paging:2.6.1) with JetifyTransform
Transforming room-paging-2.6.1.aar (androidx.room:room-paging:2.6.1) with AarToClassTransform
Transforming paging-common-release.aar (androidx.paging:paging-common-android:3.3.2) with JetifyTransform
Transforming paging-common-release.aar (androidx.paging:paging-common-android:3.3.2) with AarToClassTransform
Transforming paging-common-ktx-3.3.2.jar (androidx.paging:paging-common-ktx:3.3.2) with JetifyTransform
Transforming viewbinding-8.7.1.aar (androidx.databinding:viewbinding:8.7.1) with CopyTransform
Transforming paging-common-ktx-3.3.2.jar (androidx.paging:paging-common-ktx:3.3.2) with IdentityTransform
Transforming paging-common-ktx-3.3.2.jar (androidx.paging:paging-common-ktx:3.3.2) with IdentityTransform
Transforming paging-common-ktx-3.3.2.jar (androidx.paging:paging-common-ktx:3.3.2) with CopyTransform
Transforming paging-runtime-ktx-3.3.2.aar (androidx.paging:paging-runtime-ktx:3.3.2) with JetifyTransform
Transforming paging-runtime-ktx-3.3.2.aar (androidx.paging:paging-runtime-ktx:3.3.2) with AarToClassTransform
Transforming paging-runtime-3.3.2.aar (androidx.paging:paging-runtime:3.3.2) with JetifyTransform
Transforming paging-runtime-3.3.2.aar (androidx.paging:paging-runtime:3.3.2) with AarToClassTransform
Transforming recyclerview-1.3.2.aar (androidx.recyclerview:recyclerview:1.3.2) with JetifyTransform
Transforming recyclerview-1.3.2.aar (androidx.recyclerview:recyclerview:1.3.2) with AarToClassTransform
Transforming viewpager2-1.1.0-beta02.aar (androidx.viewpager2:viewpager2:1.1.0-beta02) with JetifyTransform
Transforming viewpager2-1.1.0-beta02.aar (androidx.viewpager2:viewpager2:1.1.0-beta02) with AarToClassTransform
Transforming firebase-firestore-ktx-25.0.0.aar (com.google.firebase:firebase-firestore-ktx:25.0.0) with JetifyTransform
Transforming firebase-firestore-ktx-25.0.0.aar (com.google.firebase:firebase-firestore-ktx:25.0.0) with AarToClassTransform
Transforming firebase-firestore-25.0.0.aar (com.google.firebase:firebase-firestore:25.0.0) with JetifyTransform
Transforming firebase-firestore-25.0.0.aar (com.google.firebase:firebase-firestore:25.0.0) with AarToClassTransform
Transforming viewbinding-8.7.1.aar (androidx.databinding:viewbinding:8.7.1) with AggregatedPackagesTransform
Transforming firebase-appcheck-interop-17.0.0.aar (com.google.firebase:firebase-appcheck-interop:17.0.0) with JetifyTransform
Transforming firebase-appcheck-interop-17.0.0.aar (com.google.firebase:firebase-appcheck-interop:17.0.0) with AarToClassTransform
Transforming firebase-database-collection-18.0.1.aar (com.google.firebase:firebase-database-collection:18.0.1) with JetifyTransform
Transforming firebase-database-collection-18.0.1.aar (com.google.firebase:firebase-database-collection:18.0.1) with AarToClassTransform
Transforming play-services-base-18.0.1.aar (com.google.android.gms:play-services-base:18.0.1) with JetifyTransform
Transforming play-services-base-18.0.1.aar (com.google.android.gms:play-services-base:18.0.1) with AarToClassTransform
Transforming play-services-base-18.0.1.aar (com.google.android.gms:play-services-base:18.0.1) with JetifyTransform
Transforming play-services-base-18.0.1.aar (com.google.android.gms:play-services-base:18.0.1) with AarToClassTransform
Transforming play-services-base-18.0.1.aar (com.google.android.gms:play-services-base:18.0.1) with JetifyTransform
Transforming play-services-base-18.0.1.aar (com.google.android.gms:play-services-base:18.0.1) with AarToClassTransform
Transforming firebase-analytics-ktx-22.0.2.aar (com.google.firebase:firebase-analytics-ktx:22.0.2) with JetifyTransform
Transforming firebase-analytics-ktx-22.0.2.aar (com.google.firebase:firebase-analytics-ktx:22.0.2) with AarToClassTransform
Transforming firebase-analytics-22.0.2.aar (com.google.firebase:firebase-analytics:22.0.2) with JetifyTransform
Transforming firebase-analytics-22.0.2.aar (com.google.firebase:firebase-analytics:22.0.2) with AarToClassTransform
Transforming play-services-measurement-api-22.0.2.aar (com.google.android.gms:play-services-measurement-api:22.0.2) with JetifyTransform
Transforming play-services-measurement-api-22.0.2.aar (com.google.android.gms:play-services-measurement-api:22.0.2) with AarToClassTransform
Transforming firebase-installations-18.0.0.aar (com.google.firebase:firebase-installations:18.0.0) with JetifyTransform
Transforming firebase-installations-18.0.0.aar (com.google.firebase:firebase-installations:18.0.0) with AarToClassTransform
Transforming firebase-common-ktx-21.0.0.aar (com.google.firebase:firebase-common-ktx:21.0.0) with JetifyTransform
Transforming firebase-common-ktx-21.0.0.aar (com.google.firebase:firebase-common-ktx:21.0.0) with AarToClassTransform
Transforming firebase-common-ktx-21.0.0.aar (com.google.firebase:firebase-common-ktx:21.0.0) with JetifyTransform
Transforming firebase-common-ktx-21.0.0.aar (com.google.firebase:firebase-common-ktx:21.0.0) with AarToClassTransform
Transforming firebase-common-ktx-21.0.0.aar (com.google.firebase:firebase-common-ktx:21.0.0) with JetifyTransform
Transforming firebase-common-ktx-21.0.0.aar (com.google.firebase:firebase-common-ktx:21.0.0) with AarToClassTransform
Transforming firebase-common-ktx-21.0.0.aar (com.google.firebase:firebase-common-ktx:21.0.0) with JetifyTransform
Transforming firebase-common-ktx-21.0.0.aar (com.google.firebase:firebase-common-ktx:21.0.0) with AarToClassTransform
Transforming firebase-common-ktx-21.0.0.aar (com.google.firebase:firebase-common-ktx:21.0.0) with JetifyTransform
Transforming firebase-common-ktx-21.0.0.aar (com.google.firebase:firebase-common-ktx:21.0.0) with AarToClassTransform
Transforming firebase-common-21.0.0.aar (com.google.firebase:firebase-common:21.0.0) with JetifyTransform
Transforming firebase-common-21.0.0.aar (com.google.firebase:firebase-common:21.0.0) with AarToClassTransform
Transforming firebase-common-21.0.0.aar (com.google.firebase:firebase-common:21.0.0) with JetifyTransform
Transforming firebase-common-21.0.0.aar (com.google.firebase:firebase-common:21.0.0) with AarToClassTransform
Transforming firebase-common-21.0.0.aar (com.google.firebase:firebase-common:21.0.0) with JetifyTransform
Transforming firebase-common-21.0.0.aar (com.google.firebase:firebase-common:21.0.0) with AarToClassTransform
Transforming firebase-common-21.0.0.aar (com.google.firebase:firebase-common:21.0.0) with JetifyTransform
Transforming firebase-common-21.0.0.aar (com.google.firebase:firebase-common:21.0.0) with AarToClassTransform
Transforming firebase-common-21.0.0.aar (com.google.firebase:firebase-common:21.0.0) with JetifyTransform
Transforming firebase-common-21.0.0.aar (com.google.firebase:firebase-common:21.0.0) with AarToClassTransform
Transforming firebase-common-21.0.0.aar (com.google.firebase:firebase-common:21.0.0) with JetifyTransform
Transforming firebase-common-21.0.0.aar (com.google.firebase:firebase-common:21.0.0) with AarToClassTransform
Transforming play-services-measurement-22.0.2.aar (com.google.android.gms:play-services-measurement:22.0.2) with JetifyTransform
Transforming play-services-measurement-22.0.2.aar (com.google.android.gms:play-services-measurement:22.0.2) with AarToClassTransform
Transforming play-services-measurement-sdk-22.0.2.aar (com.google.android.gms:play-services-measurement-sdk:22.0.2) with JetifyTransform
Transforming play-services-measurement-sdk-22.0.2.aar (com.google.android.gms:play-services-measurement-sdk:22.0.2) with AarToClassTransform
Transforming firebase-auth-interop-19.0.2.aar (com.google.firebase:firebase-auth-interop:19.0.2) with JetifyTransform
Transforming firebase-auth-interop-19.0.2.aar (com.google.firebase:firebase-auth-interop:19.0.2) with AarToClassTransform
Transforming play-services-measurement-impl-22.0.2.aar (com.google.android.gms:play-services-measurement-impl:22.0.2) with JetifyTransform
Transforming play-services-measurement-impl-22.0.2.aar (com.google.android.gms:play-services-measurement-impl:22.0.2) with AarToClassTransform
Transforming play-services-measurement-impl-22.0.2.aar (com.google.android.gms:play-services-measurement-impl:22.0.2) with JetifyTransform
Transforming play-services-measurement-impl-22.0.2.aar (com.google.android.gms:play-services-measurement-impl:22.0.2) with AarToClassTransform
Transforming play-services-ads-identifier-18.0.0.aar (com.google.android.gms:play-services-ads-identifier:18.0.0) with JetifyTransform
Transforming play-services-ads-identifier-18.0.0.aar (com.google.android.gms:play-services-ads-identifier:18.0.0) with AarToClassTransform
Transforming play-services-ads-identifier-18.0.0.aar (com.google.android.gms:play-services-ads-identifier:18.0.0) with JetifyTransform
Transforming play-services-ads-identifier-18.0.0.aar (com.google.android.gms:play-services-ads-identifier:18.0.0) with AarToClassTransform
Transforming play-services-ads-identifier-18.0.0.aar (com.google.android.gms:play-services-ads-identifier:18.0.0) with JetifyTransform
Transforming play-services-ads-identifier-18.0.0.aar (com.google.android.gms:play-services-ads-identifier:18.0.0) with AarToClassTransform
Transforming kotlin-parcelize-runtime-1.9.25.jar (org.jetbrains.kotlin:kotlin-parcelize-runtime:1.9.25) with AggregatedPackagesTransform
Transforming play-services-measurement-sdk-api-22.0.2.aar (com.google.android.gms:play-services-measurement-sdk-api:22.0.2) with JetifyTransform
Transforming play-services-measurement-sdk-api-22.0.2.aar (com.google.android.gms:play-services-measurement-sdk-api:22.0.2) with AarToClassTransform
Transforming play-services-measurement-base-22.0.2.aar (com.google.android.gms:play-services-measurement-base:22.0.2) with JetifyTransform
Transforming play-services-measurement-base-22.0.2.aar (com.google.android.gms:play-services-measurement-base:22.0.2) with AarToClassTransform
Transforming play-services-measurement-base-22.0.2.aar (com.google.android.gms:play-services-measurement-base:22.0.2) with JetifyTransform
Transforming play-services-measurement-base-22.0.2.aar (com.google.android.gms:play-services-measurement-base:22.0.2) with AarToClassTransform
Transforming play-services-measurement-base-22.0.2.aar (com.google.android.gms:play-services-measurement-base:22.0.2) with JetifyTransform
Transforming play-services-measurement-base-22.0.2.aar (com.google.android.gms:play-services-measurement-base:22.0.2) with AarToClassTransform
Transforming play-services-measurement-base-22.0.2.aar (com.google.android.gms:play-services-measurement-base:22.0.2) with JetifyTransform
Transforming play-services-measurement-base-22.0.2.aar (com.google.android.gms:play-services-measurement-base:22.0.2) with AarToClassTransform
Transforming play-services-measurement-base-22.0.2.aar (com.google.android.gms:play-services-measurement-base:22.0.2) with JetifyTransform
Transforming play-services-measurement-base-22.0.2.aar (com.google.android.gms:play-services-measurement-base:22.0.2) with AarToClassTransform
Transforming play-services-stats-17.0.2.aar (com.google.android.gms:play-services-stats:17.0.2) with JetifyTransform
Transforming play-services-stats-17.0.2.aar (com.google.android.gms:play-services-stats:17.0.2) with AarToClassTransform
Transforming play-services-stats-17.0.2.aar (com.google.android.gms:play-services-stats:17.0.2) with JetifyTransform
Transforming play-services-stats-17.0.2.aar (com.google.android.gms:play-services-stats:17.0.2) with AarToClassTransform
Transforming material3-release.aar (androidx.compose.material3:material3-android:1.2.0) with JetifyTransform
Transforming material3-release.aar (androidx.compose.material3:material3-android:1.2.0) with AarToClassTransform
Transforming material-ripple-release.aar (androidx.compose.material:material-ripple-android:1.6.2) with JetifyTransform
Transforming material-ripple-release.aar (androidx.compose.material:material-ripple-android:1.6.2) with AarToClassTransform
Transforming material-icons-core-release.aar (androidx.compose.material:material-icons-core-android:1.6.2) with JetifyTransform
Transforming material-icons-core-release.aar (androidx.compose.material:material-icons-core-android:1.6.2) with AarToClassTransform
Transforming material-release.aar (androidx.compose.material:material-android:1.6.2) with JetifyTransform
Transforming material-release.aar (androidx.compose.material:material-android:1.6.2) with AarToClassTransform
Transforming animation-core-release.aar (androidx.compose.animation:animation-core-android:1.6.2) with JetifyTransform
Transforming animation-core-release.aar (androidx.compose.animation:animation-core-android:1.6.2) with AarToClassTransform
Transforming animation-release.aar (androidx.compose.animation:animation-android:1.6.2) with JetifyTransform
Transforming animation-release.aar (androidx.compose.animation:animation-android:1.6.2) with AarToClassTransform
Transforming foundation-layout-release.aar (androidx.compose.foundation:foundation-layout-android:1.6.2) with JetifyTransform
Transforming foundation-layout-release.aar (androidx.compose.foundation:foundation-layout-android:1.6.2) with AarToClassTransform
Transforming foundation-release.aar (androidx.compose.foundation:foundation-android:1.6.2) with JetifyTransform
Transforming foundation-release.aar (androidx.compose.foundation:foundation-android:1.6.2) with AarToClassTransform
Transforming ui-tooling-data-release.aar (androidx.compose.ui:ui-tooling-data-android:1.6.2) with JetifyTransform
Transforming ui-tooling-data-release.aar (androidx.compose.ui:ui-tooling-data-android:1.6.2) with AarToClassTransform
Transforming ui-unit-release.aar (androidx.compose.ui:ui-unit-android:1.6.2) with JetifyTransform
Transforming ui-unit-release.aar (androidx.compose.ui:ui-unit-android:1.6.2) with AarToClassTransform
Transforming ui-geometry-release.aar (androidx.compose.ui:ui-geometry-android:1.6.2) with JetifyTransform
Transforming ui-geometry-release.aar (androidx.compose.ui:ui-geometry-android:1.6.2) with AarToClassTransform
Transforming ui-util-release.aar (androidx.compose.ui:ui-util-android:1.6.2) with JetifyTransform
Transforming ui-util-release.aar (androidx.compose.ui:ui-util-android:1.6.2) with AarToClassTransform
Transforming ui-text-release.aar (androidx.compose.ui:ui-text-android:1.6.2) with JetifyTransform
Transforming ui-text-release.aar (androidx.compose.ui:ui-text-android:1.6.2) with AarToClassTransform
Transforming ui-tooling-preview-release.aar (androidx.compose.ui:ui-tooling-preview-android:1.6.2) with JetifyTransform
Transforming ui-tooling-preview-release.aar (androidx.compose.ui:ui-tooling-preview-android:1.6.2) with AarToClassTransform
Transforming ui-graphics-release.aar (androidx.compose.ui:ui-graphics-android:1.6.2) with JetifyTransform
Transforming ui-graphics-release.aar (androidx.compose.ui:ui-graphics-android:1.6.2) with AarToClassTransform
Transforming ui-tooling-release.aar (androidx.compose.ui:ui-tooling-android:1.6.2) with JetifyTransform
Transforming ui-tooling-release.aar (androidx.compose.ui:ui-tooling-android:1.6.2) with AarToClassTransform
Transforming activity-compose-1.9.3.aar (androidx.activity:activity-compose:1.9.3) with JetifyTransform
Transforming activity-compose-1.9.3.aar (androidx.activity:activity-compose:1.9.3) with AarToClassTransform
Transforming emoji2-views-helper-1.3.0.aar (androidx.emoji2:emoji2-views-helper:1.3.0) with JetifyTransform
Transforming emoji2-views-helper-1.3.0.aar (androidx.emoji2:emoji2-views-helper:1.3.0) with AarToClassTransform
Transforming emoji2-1.3.0.aar (androidx.emoji2:emoji2:1.3.0) with JetifyTransform
Transforming emoji2-1.3.0.aar (androidx.emoji2:emoji2:1.3.0) with AarToClassTransform
Transforming slidingpanelayout-1.2.0.aar (androidx.slidingpanelayout:slidingpanelayout:1.2.0) with JetifyTransform
Transforming slidingpanelayout-1.2.0.aar (androidx.slidingpanelayout:slidingpanelayout:1.2.0) with AarToClassTransform
Transforming transition-1.5.0.aar (androidx.transition:transition:1.5.0) with JetifyTransform
Transforming transition-1.5.0.aar (androidx.transition:transition:1.5.0) with AarToClassTransform
Transforming dynamicanimation-1.0.0.aar (androidx.dynamicanimation:dynamicanimation:1.0.0) with JetifyTransform
Transforming dynamicanimation-1.0.0.aar (androidx.dynamicanimation:dynamicanimation:1.0.0) with AarToClassTransform
Transforming legacy-support-core-utils-1.0.0.aar (androidx.legacy:legacy-support-core-utils:1.0.0) with JetifyTransform
Transforming legacy-support-core-utils-1.0.0.aar (androidx.legacy:legacy-support-core-utils:1.0.0) with AarToClassTransform
Transforming legacy-support-core-utils-1.0.0.aar (androidx.legacy:legacy-support-core-utils:1.0.0) with JetifyTransform
Transforming legacy-support-core-utils-1.0.0.aar (androidx.legacy:legacy-support-core-utils:1.0.0) with AarToClassTransform
Transforming legacy-support-core-utils-1.0.0.aar (androidx.legacy:legacy-support-core-utils:1.0.0) with JetifyTransform
Transforming legacy-support-core-utils-1.0.0.aar (androidx.legacy:legacy-support-core-utils:1.0.0) with AarToClassTransform
Transforming loader-1.0.0.aar (androidx.loader:loader:1.0.0) with JetifyTransform
Transforming loader-1.0.0.aar (androidx.loader:loader:1.0.0) with AarToClassTransform
Transforming loader-1.0.0.aar (androidx.loader:loader:1.0.0) with JetifyTransform
Transforming loader-1.0.0.aar (androidx.loader:loader:1.0.0) with AarToClassTransform
Transforming drawerlayout-1.1.1.aar (androidx.drawerlayout:drawerlayout:1.1.1) with JetifyTransform
Transforming drawerlayout-1.1.1.aar (androidx.drawerlayout:drawerlayout:1.1.1) with AarToClassTransform
Transforming coordinatorlayout-1.1.0.aar (androidx.coordinatorlayout:coordinatorlayout:1.1.0) with JetifyTransform
Transforming coordinatorlayout-1.1.0.aar (androidx.coordinatorlayout:coordinatorlayout:1.1.0) with AarToClassTransform
Transforming vectordrawable-animated-1.1.0.aar (androidx.vectordrawable:vectordrawable-animated:1.1.0) with JetifyTransform
Transforming vectordrawable-animated-1.1.0.aar (androidx.vectordrawable:vectordrawable-animated:1.1.0) with AarToClassTransform
Transforming vectordrawable-1.1.0.aar (androidx.vectordrawable:vectordrawable:1.1.0) with JetifyTransform
Transforming vectordrawable-1.1.0.aar (androidx.vectordrawable:vectordrawable:1.1.0) with AarToClassTransform
Transforming vectordrawable-1.1.0.aar (androidx.vectordrawable:vectordrawable:1.1.0) with JetifyTransform
Transforming vectordrawable-1.1.0.aar (androidx.vectordrawable:vectordrawable:1.1.0) with AarToClassTransform
Transforming media-1.7.0.aar (androidx.media:media:1.7.0) with JetifyTransform
Transforming media-1.7.0.aar (androidx.media:media:1.7.0) with AarToClassTransform
Transforming viewpager-1.0.0.aar (androidx.viewpager:viewpager:1.0.0) with JetifyTransform
Transforming viewpager-1.0.0.aar (androidx.viewpager:viewpager:1.0.0) with AarToClassTransform
Transforming customview-1.1.0.aar (androidx.customview:customview:1.1.0) with JetifyTransform
Transforming customview-1.1.0.aar (androidx.customview:customview:1.1.0) with AarToClassTransform
Transforming customview-1.1.0.aar (androidx.customview:customview:1.1.0) with JetifyTransform
Transforming customview-1.1.0.aar (androidx.customview:customview:1.1.0) with AarToClassTransform
Transforming material-1.12.0.aar (com.google.android.material:material:1.12.0) with IdentityTransform
Transforming customview-1.1.0.aar (androidx.customview:customview:1.1.0) with JetifyTransform
Transforming customview-1.1.0.aar (androidx.customview:customview:1.1.0) with AarToClassTransform
Transforming customview-1.1.0.aar (androidx.customview:customview:1.1.0) with JetifyTransform
Transforming customview-1.1.0.aar (androidx.customview:customview:1.1.0) with AarToClassTransform
Transforming autofill-1.0.0.aar (androidx.autofill:autofill:1.0.0) with JetifyTransform
Transforming autofill-1.0.0.aar (androidx.autofill:autofill:1.0.0) with AarToClassTransform
Transforming window-1.0.0.aar (androidx.window:window:1.0.0) with JetifyTransform
Transforming window-1.0.0.aar (androidx.window:window:1.0.0) with AarToClassTransform
Transforming core-1.13.1.aar (androidx.core:core:1.13.1) with JetifyTransform
Transforming core-1.13.1.aar (androidx.core:core:1.13.1) with AarToClassTransform
Transforming core-1.13.1.aar (androidx.core:core:1.13.1) with JetifyTransform
Transforming core-1.13.1.aar (androidx.core:core:1.13.1) with AarToClassTransform
Transforming core-1.13.1.aar (androidx.core:core:1.13.1) with JetifyTransform
Transforming core-1.13.1.aar (androidx.core:core:1.13.1) with AarToClassTransform
Transforming core-1.13.1.aar (androidx.core:core:1.13.1) with JetifyTransform
Transforming core-1.13.1.aar (androidx.core:core:1.13.1) with AarToClassTransform
Transforming core-1.13.1.aar (androidx.core:core:1.13.1) with JetifyTransform
Transforming core-1.13.1.aar (androidx.core:core:1.13.1) with AarToClassTransform
Transforming core-1.13.1.aar (androidx.core:core:1.13.1) with JetifyTransform
Transforming core-1.13.1.aar (androidx.core:core:1.13.1) with AarToClassTransform
Transforming core-1.13.1.aar (androidx.core:core:1.13.1) with JetifyTransform
Transforming core-1.13.1.aar (androidx.core:core:1.13.1) with AarToClassTransform
Transforming core-1.13.1.aar (androidx.core:core:1.13.1) with JetifyTransform
Transforming core-1.13.1.aar (androidx.core:core:1.13.1) with AarToClassTransform
Transforming core-1.13.1.aar (androidx.core:core:1.13.1) with JetifyTransform
Transforming core-1.13.1.aar (androidx.core:core:1.13.1) with AarToClassTransform
Transforming core-1.13.1.aar (androidx.core:core:1.13.1) with JetifyTransform
Transforming core-1.13.1.aar (androidx.core:core:1.13.1) with AarToClassTransform
Transforming core-1.13.1.aar (androidx.core:core:1.13.1) with JetifyTransform
Transforming core-1.13.1.aar (androidx.core:core:1.13.1) with AarToClassTransform
Transforming core-1.13.1.aar (androidx.core:core:1.13.1) with JetifyTransform
Transforming core-1.13.1.aar (androidx.core:core:1.13.1) with AarToClassTransform
Transforming core-1.13.1.aar (androidx.core:core:1.13.1) with JetifyTransform
Transforming core-1.13.1.aar (androidx.core:core:1.13.1) with AarToClassTransform
Transforming savedstate-ktx-1.2.1.aar (androidx.savedstate:savedstate-ktx:1.2.1) with JetifyTransform
Transforming savedstate-ktx-1.2.1.aar (androidx.savedstate:savedstate-ktx:1.2.1) with AarToClassTransform
Transforming savedstate-1.2.1.aar (androidx.savedstate:savedstate:1.2.1) with JetifyTransform
Transforming savedstate-1.2.1.aar (androidx.savedstate:savedstate:1.2.1) with AarToClassTransform
Transforming lifecycle-service-2.8.7.aar (androidx.lifecycle:lifecycle-service:2.8.7) with JetifyTransform
Transforming lifecycle-service-2.8.7.aar (androidx.lifecycle:lifecycle-service:2.8.7) with AarToClassTransform
Transforming lifecycle-common-jvm-2.8.7.jar (androidx.lifecycle:lifecycle-common-jvm:2.8.7) with JetifyTransform
Transforming material-1.12.0.aar (com.google.android.material:material:1.12.0) with CopyTransform
Transforming lifecycle-common-jvm-2.8.7.jar (androidx.lifecycle:lifecycle-common-jvm:2.8.7) with IdentityTransform
Transforming lifecycle-common-jvm-2.8.7.jar (androidx.lifecycle:lifecycle-common-jvm:2.8.7) with IdentityTransform
Transforming lifecycle-common-jvm-2.8.7.jar (androidx.lifecycle:lifecycle-common-jvm:2.8.7) with CopyTransform
Transforming lifecycle-runtime-release.aar (androidx.lifecycle:lifecycle-runtime-android:2.8.7) with JetifyTransform
Transforming lifecycle-runtime-release.aar (androidx.lifecycle:lifecycle-runtime-android:2.8.7) with AarToClassTransform
Transforming lifecycle-viewmodel-2.8.7.aar (androidx.lifecycle:lifecycle-viewmodel:2.8.7) with JetifyTransform
Transforming lifecycle-viewmodel-2.8.7.aar (androidx.lifecycle:lifecycle-viewmodel:2.8.7) with AarToClassTransform
Transforming lifecycle-viewmodel-release.aar (androidx.lifecycle:lifecycle-viewmodel-android:2.8.7) with JetifyTransform
Transforming lifecycle-viewmodel-release.aar (androidx.lifecycle:lifecycle-viewmodel-android:2.8.7) with AarToClassTransform
Transforming lifecycle-livedata-core-2.8.7.aar (androidx.lifecycle:lifecycle-livedata-core:2.8.7) with JetifyTransform
Transforming lifecycle-livedata-core-2.8.7.aar (androidx.lifecycle:lifecycle-livedata-core:2.8.7) with AarToClassTransform
Transforming lifecycle-process-2.8.7.aar (androidx.lifecycle:lifecycle-process:2.8.7) with JetifyTransform
Transforming lifecycle-process-2.8.7.aar (androidx.lifecycle:lifecycle-process:2.8.7) with AarToClassTransform
Transforming lifecycle-runtime-compose-release.aar (androidx.lifecycle:lifecycle-runtime-compose-android:2.8.7) with JetifyTransform
Transforming lifecycle-runtime-compose-release.aar (androidx.lifecycle:lifecycle-runtime-compose-android:2.8.7) with AarToClassTransform
Transforming lifecycle-viewmodel-compose-release.aar (androidx.lifecycle:lifecycle-viewmodel-compose-android:2.8.7) with JetifyTransform
Transforming lifecycle-viewmodel-compose-release.aar (androidx.lifecycle:lifecycle-viewmodel-compose-android:2.8.7) with AarToClassTransform
Transforming accompanist-drawablepainter-0.32.0.aar (com.google.accompanist:accompanist-drawablepainter:0.32.0) with JetifyTransform
Transforming accompanist-drawablepainter-0.32.0.aar (com.google.accompanist:accompanist-drawablepainter:0.32.0) with AarToClassTransform
Transforming ui-release.aar (androidx.compose.ui:ui-android:1.6.2) with JetifyTransform
Transforming ui-release.aar (androidx.compose.ui:ui-android:1.6.2) with AarToClassTransform
Transforming ui-test-manifest-1.6.2.aar (androidx.compose.ui:ui-test-manifest:1.6.2) with JetifyTransform
Transforming ui-test-manifest-1.6.2.aar (androidx.compose.ui:ui-test-manifest:1.6.2) with AarToClassTransform
Transforming activity-1.9.3.aar (androidx.activity:activity:1.9.3) with JetifyTransform
Transforming activity-1.9.3.aar (androidx.activity:activity:1.9.3) with AarToClassTransform
Transforming lifecycle-viewmodel-savedstate-2.8.7.aar (androidx.lifecycle:lifecycle-viewmodel-savedstate:2.8.7) with JetifyTransform
Transforming lifecycle-viewmodel-savedstate-2.8.7.aar (androidx.lifecycle:lifecycle-viewmodel-savedstate:2.8.7) with AarToClassTransform
Transforming lifecycle-runtime-ktx-release.aar (androidx.lifecycle:lifecycle-runtime-ktx-android:2.8.7) with JetifyTransform
Transforming lifecycle-runtime-ktx-release.aar (androidx.lifecycle:lifecycle-runtime-ktx-android:2.8.7) with AarToClassTransform
Transforming lifecycle-livedata-2.8.7.aar (androidx.lifecycle:lifecycle-livedata:2.8.7) with JetifyTransform
Transforming lifecycle-livedata-2.8.7.aar (androidx.lifecycle:lifecycle-livedata:2.8.7) with AarToClassTransform
Transforming lifecycle-livedata-2.8.7.aar (androidx.lifecycle:lifecycle-livedata:2.8.7) with JetifyTransform
Transforming lifecycle-livedata-2.8.7.aar (androidx.lifecycle:lifecycle-livedata:2.8.7) with AarToClassTransform
Transforming lifecycle-livedata-core-ktx-2.8.7.aar (androidx.lifecycle:lifecycle-livedata-core-ktx:2.8.7) with JetifyTransform
Transforming lifecycle-livedata-core-ktx-2.8.7.aar (androidx.lifecycle:lifecycle-livedata-core-ktx:2.8.7) with AarToClassTransform
Transforming lifecycle-livedata-ktx-2.8.7.aar (androidx.lifecycle:lifecycle-livedata-ktx:2.8.7) with JetifyTransform
Transforming lifecycle-livedata-ktx-2.8.7.aar (androidx.lifecycle:lifecycle-livedata-ktx:2.8.7) with AarToClassTransform
Transforming material-1.12.0.aar (com.google.android.material:material:1.12.0) with AggregatedPackagesTransform
Transforming lifecycle-viewmodel-ktx-2.8.7.aar (androidx.lifecycle:lifecycle-viewmodel-ktx:2.8.7) with JetifyTransform
Transforming lifecycle-viewmodel-ktx-2.8.7.aar (androidx.lifecycle:lifecycle-viewmodel-ktx:2.8.7) with AarToClassTransform
Transforming runtime-saveable-release.aar (androidx.compose.runtime:runtime-saveable-android:1.7.1) with JetifyTransform
Transforming runtime-saveable-release.aar (androidx.compose.runtime:runtime-saveable-android:1.7.1) with AarToClassTransform
Transforming runtime-release.aar (androidx.compose.runtime:runtime-android:1.7.1) with JetifyTransform
Transforming runtime-release.aar (androidx.compose.runtime:runtime-android:1.7.1) with AarToClassTransform
Transforming kotlinx-coroutines-android-1.9.0.jar (org.jetbrains.kotlinx:kotlinx-coroutines-android:1.9.0) with JetifyTransform
Transforming kotlinx-coroutines-android-1.9.0.jar (org.jetbrains.kotlinx:kotlinx-coroutines-android:1.9.0) with IdentityTransform
Transforming kotlinx-coroutines-android-1.9.0.jar (org.jetbrains.kotlinx:kotlinx-coroutines-android:1.9.0) with IdentityTransform
Transforming kotlinx-coroutines-android-1.9.0.jar (org.jetbrains.kotlinx:kotlinx-coroutines-android:1.9.0) with CopyTransform
Transforming ktor-server-content-negotiation-jvm-2.3.7.jar (io.ktor:ktor-server-content-negotiation-jvm:2.3.7) with JetifyTransform
Transforming ktor-server-content-negotiation-jvm-2.3.7.jar (io.ktor:ktor-server-content-negotiation-jvm:2.3.7) with IdentityTransform
Transforming ktor-server-content-negotiation-jvm-2.3.7.jar (io.ktor:ktor-server-content-negotiation-jvm:2.3.7) with IdentityTransform
Transforming ktor-server-content-negotiation-jvm-2.3.7.jar (io.ktor:ktor-server-content-negotiation-jvm:2.3.7) with CopyTransform
Transforming ktor-server-cors-jvm-2.3.7.jar (io.ktor:ktor-server-cors-jvm:2.3.7) with JetifyTransform
Transforming ktor-server-cors-jvm-2.3.7.jar (io.ktor:ktor-server-cors-jvm:2.3.7) with IdentityTransform
Transforming ktor-server-cors-jvm-2.3.7.jar (io.ktor:ktor-server-cors-jvm:2.3.7) with IdentityTransform
Transforming ktor-server-cors-jvm-2.3.7.jar (io.ktor:ktor-server-cors-jvm:2.3.7) with CopyTransform
Transforming ktor-server-status-pages-jvm-2.3.7.jar (io.ktor:ktor-server-status-pages-jvm:2.3.7) with JetifyTransform
Transforming ktor-server-status-pages-jvm-2.3.7.jar (io.ktor:ktor-server-status-pages-jvm:2.3.7) with IdentityTransform
Transforming ktor-server-status-pages-jvm-2.3.7.jar (io.ktor:ktor-server-status-pages-jvm:2.3.7) with IdentityTransform
Transforming ktor-server-status-pages-jvm-2.3.7.jar (io.ktor:ktor-server-status-pages-jvm:2.3.7) with CopyTransform
Transforming ktor-server-cio-jvm-2.3.7.jar (io.ktor:ktor-server-cio-jvm:2.3.7) with JetifyTransform
Transforming ktor-server-cio-jvm-2.3.7.jar (io.ktor:ktor-server-cio-jvm:2.3.7) with IdentityTransform
Transforming ktor-server-cio-jvm-2.3.7.jar (io.ktor:ktor-server-cio-jvm:2.3.7) with IdentityTransform
Transforming ktor-server-cio-jvm-2.3.7.jar (io.ktor:ktor-server-cio-jvm:2.3.7) with CopyTransform
Transforming ktor-server-host-common-jvm-2.3.7.jar (io.ktor:ktor-server-host-common-jvm:2.3.7) with JetifyTransform
Transforming ktor-server-host-common-jvm-2.3.7.jar (io.ktor:ktor-server-host-common-jvm:2.3.7) with IdentityTransform
Transforming ktor-server-host-common-jvm-2.3.7.jar (io.ktor:ktor-server-host-common-jvm:2.3.7) with IdentityTransform
Transforming ktor-server-host-common-jvm-2.3.7.jar (io.ktor:ktor-server-host-common-jvm:2.3.7) with CopyTransform
Transforming ktor-server-core-jvm-2.3.7.jar (io.ktor:ktor-server-core-jvm:2.3.7) with JetifyTransform
Transforming ktor-server-core-jvm-2.3.7.jar (io.ktor:ktor-server-core-jvm:2.3.7) with IdentityTransform
Transforming ktor-server-core-jvm-2.3.7.jar (io.ktor:ktor-server-core-jvm:2.3.7) with IdentityTransform
Transforming ktor-server-core-jvm-2.3.7.jar (io.ktor:ktor-server-core-jvm:2.3.7) with CopyTransform
Transforming ktor-serialization-gson-jvm-2.3.7.jar (io.ktor:ktor-serialization-gson-jvm:2.3.7) with JetifyTransform
Transforming ktor-serialization-gson-jvm-2.3.7.jar (io.ktor:ktor-serialization-gson-jvm:2.3.7) with IdentityTransform
Transforming ktor-serialization-gson-jvm-2.3.7.jar (io.ktor:ktor-serialization-gson-jvm:2.3.7) with IdentityTransform
Transforming ktor-serialization-gson-jvm-2.3.7.jar (io.ktor:ktor-serialization-gson-jvm:2.3.7) with CopyTransform
Transforming ktor-serialization-jvm-2.3.7.jar (io.ktor:ktor-serialization-jvm:2.3.7) with JetifyTransform
Transforming ktor-serialization-jvm-2.3.7.jar (io.ktor:ktor-serialization-jvm:2.3.7) with IdentityTransform
Transforming ktor-serialization-jvm-2.3.7.jar (io.ktor:ktor-serialization-jvm:2.3.7) with IdentityTransform
Transforming ktor-serialization-jvm-2.3.7.jar (io.ktor:ktor-serialization-jvm:2.3.7) with CopyTransform
Transforming ktor-events-jvm-2.3.7.jar (io.ktor:ktor-events-jvm:2.3.7) with JetifyTransform
Transforming ktor-events-jvm-2.3.7.jar (io.ktor:ktor-events-jvm:2.3.7) with IdentityTransform
Transforming ktor-events-jvm-2.3.7.jar (io.ktor:ktor-events-jvm:2.3.7) with IdentityTransform
Transforming ktor-events-jvm-2.3.7.jar (io.ktor:ktor-events-jvm:2.3.7) with CopyTransform
Transforming ktor-http-cio-jvm-2.3.7.jar (io.ktor:ktor-http-cio-jvm:2.3.7) with JetifyTransform
Transforming ktor-http-cio-jvm-2.3.7.jar (io.ktor:ktor-http-cio-jvm:2.3.7) with IdentityTransform
Transforming ktor-http-cio-jvm-2.3.7.jar (io.ktor:ktor-http-cio-jvm:2.3.7) with IdentityTransform
Transforming ktor-http-cio-jvm-2.3.7.jar (io.ktor:ktor-http-cio-jvm:2.3.7) with CopyTransform
Transforming ktor-websockets-jvm-2.3.7.jar (io.ktor:ktor-websockets-jvm:2.3.7) with JetifyTransform
Transforming ktor-websockets-jvm-2.3.7.jar (io.ktor:ktor-websockets-jvm:2.3.7) with IdentityTransform
Transforming ktor-websockets-jvm-2.3.7.jar (io.ktor:ktor-websockets-jvm:2.3.7) with IdentityTransform
Transforming ktor-websockets-jvm-2.3.7.jar (io.ktor:ktor-websockets-jvm:2.3.7) with CopyTransform
Transforming ktor-http-jvm-2.3.7.jar (io.ktor:ktor-http-jvm:2.3.7) with JetifyTransform
Transforming ktor-http-jvm-2.3.7.jar (io.ktor:ktor-http-jvm:2.3.7) with IdentityTransform
Transforming ktor-http-jvm-2.3.7.jar (io.ktor:ktor-http-jvm:2.3.7) with IdentityTransform
Transforming ktor-http-jvm-2.3.7.jar (io.ktor:ktor-http-jvm:2.3.7) with CopyTransform
Transforming ktor-network-jvm-2.3.7.jar (io.ktor:ktor-network-jvm:2.3.7) with JetifyTransform
Transforming ktor-network-jvm-2.3.7.jar (io.ktor:ktor-network-jvm:2.3.7) with IdentityTransform
Transforming ktor-network-jvm-2.3.7.jar (io.ktor:ktor-network-jvm:2.3.7) with IdentityTransform
Transforming ktor-network-jvm-2.3.7.jar (io.ktor:ktor-network-jvm:2.3.7) with CopyTransform
Transforming ktor-utils-jvm-2.3.7.jar (io.ktor:ktor-utils-jvm:2.3.7) with JetifyTransform
Transforming ktor-utils-jvm-2.3.7.jar (io.ktor:ktor-utils-jvm:2.3.7) with IdentityTransform
Transforming constraintlayout-2.1.4.aar (androidx.constraintlayout:constraintlayout:2.1.4) with IdentityTransform
Transforming ktor-utils-jvm-2.3.7.jar (io.ktor:ktor-utils-jvm:2.3.7) with IdentityTransform
Transforming ktor-utils-jvm-2.3.7.jar (io.ktor:ktor-utils-jvm:2.3.7) with CopyTransform
Transforming ktor-io-jvm-2.3.7.jar (io.ktor:ktor-io-jvm:2.3.7) with JetifyTransform
Transforming ktor-io-jvm-2.3.7.jar (io.ktor:ktor-io-jvm:2.3.7) with IdentityTransform
Transforming ktor-io-jvm-2.3.7.jar (io.ktor:ktor-io-jvm:2.3.7) with IdentityTransform
Transforming ktor-io-jvm-2.3.7.jar (io.ktor:ktor-io-jvm:2.3.7) with CopyTransform
Transforming kotlinx-coroutines-jdk8-1.9.0.jar (org.jetbrains.kotlinx:kotlinx-coroutines-jdk8:1.9.0) with JetifyTransform
Transforming kotlinx-coroutines-jdk8-1.9.0.jar (org.jetbrains.kotlinx:kotlinx-coroutines-jdk8:1.9.0) with IdentityTransform
Transforming kotlinx-coroutines-jdk8-1.9.0.jar (org.jetbrains.kotlinx:kotlinx-coroutines-jdk8:1.9.0) with IdentityTransform
Transforming kotlinx-coroutines-jdk8-1.9.0.jar (org.jetbrains.kotlinx:kotlinx-coroutines-jdk8:1.9.0) with CopyTransform
Transforming ads-adservices-java-1.0.0-beta05.aar (androidx.privacysandbox.ads:ads-adservices-java:1.0.0-beta05) with JetifyTransform
Transforming ads-adservices-java-1.0.0-beta05.aar (androidx.privacysandbox.ads:ads-adservices-java:1.0.0-beta05) with AarToClassTransform
Transforming ads-adservices-1.0.0-beta05.aar (androidx.privacysandbox.ads:ads-adservices:1.0.0-beta05) with JetifyTransform
Transforming ads-adservices-1.0.0-beta05.aar (androidx.privacysandbox.ads:ads-adservices:1.0.0-beta05) with AarToClassTransform
Transforming ads-adservices-1.0.0-beta05.aar (androidx.privacysandbox.ads:ads-adservices:1.0.0-beta05) with JetifyTransform
Transforming ads-adservices-1.0.0-beta05.aar (androidx.privacysandbox.ads:ads-adservices:1.0.0-beta05) with AarToClassTransform
Transforming kotlinx-coroutines-core-jvm-1.9.0.jar (org.jetbrains.kotlinx:kotlinx-coroutines-core-jvm:1.9.0) with JetifyTransform
Transforming kotlinx-coroutines-core-jvm-1.9.0.jar (org.jetbrains.kotlinx:kotlinx-coroutines-core-jvm:1.9.0) with IdentityTransform
Transforming kotlinx-coroutines-core-jvm-1.9.0.jar (org.jetbrains.kotlinx:kotlinx-coroutines-core-jvm:1.9.0) with IdentityTransform
Transforming kotlinx-coroutines-core-jvm-1.9.0.jar (org.jetbrains.kotlinx:kotlinx-coroutines-core-jvm:1.9.0) with CopyTransform
Transforming kotlinx-coroutines-play-services-1.9.0.jar (org.jetbrains.kotlinx:kotlinx-coroutines-play-services:1.9.0) with JetifyTransform
Transforming kotlinx-coroutines-play-services-1.9.0.jar (org.jetbrains.kotlinx:kotlinx-coroutines-play-services:1.9.0) with IdentityTransform
Transforming kotlinx-coroutines-play-services-1.9.0.jar (org.jetbrains.kotlinx:kotlinx-coroutines-play-services:1.9.0) with IdentityTransform
Transforming kotlinx-coroutines-play-services-1.9.0.jar (org.jetbrains.kotlinx:kotlinx-coroutines-play-services:1.9.0) with CopyTransform
Transforming firebase-installations-interop-17.1.1.aar (com.google.firebase:firebase-installations-interop:17.1.1) with JetifyTransform
Transforming firebase-installations-interop-17.1.1.aar (com.google.firebase:firebase-installations-interop:17.1.1) with AarToClassTransform
Transforming firebase-installations-interop-17.1.1.aar (com.google.firebase:firebase-installations-interop:17.1.1) with JetifyTransform
Transforming firebase-installations-interop-17.1.1.aar (com.google.firebase:firebase-installations-interop:17.1.1) with AarToClassTransform
Transforming play-services-tasks-18.2.0.aar (com.google.android.gms:play-services-tasks:18.2.0) with JetifyTransform
Transforming play-services-tasks-18.2.0.aar (com.google.android.gms:play-services-tasks:18.2.0) with AarToClassTransform
Transforming play-services-tasks-18.2.0.aar (com.google.android.gms:play-services-tasks:18.2.0) with JetifyTransform
Transforming play-services-tasks-18.2.0.aar (com.google.android.gms:play-services-tasks:18.2.0) with AarToClassTransform
Transforming play-services-tasks-18.2.0.aar (com.google.android.gms:play-services-tasks:18.2.0) with JetifyTransform
Transforming play-services-tasks-18.2.0.aar (com.google.android.gms:play-services-tasks:18.2.0) with AarToClassTransform
Transforming play-services-tasks-18.2.0.aar (com.google.android.gms:play-services-tasks:18.2.0) with JetifyTransform
Transforming play-services-tasks-18.2.0.aar (com.google.android.gms:play-services-tasks:18.2.0) with AarToClassTransform
Transforming play-services-tasks-18.2.0.aar (com.google.android.gms:play-services-tasks:18.2.0) with JetifyTransform
Transforming play-services-tasks-18.2.0.aar (com.google.android.gms:play-services-tasks:18.2.0) with AarToClassTransform
Transforming play-services-tasks-18.2.0.aar (com.google.android.gms:play-services-tasks:18.2.0) with JetifyTransform
Transforming play-services-tasks-18.2.0.aar (com.google.android.gms:play-services-tasks:18.2.0) with AarToClassTransform
Transforming play-services-tasks-18.2.0.aar (com.google.android.gms:play-services-tasks:18.2.0) with JetifyTransform
Transforming play-services-tasks-18.2.0.aar (com.google.android.gms:play-services-tasks:18.2.0) with AarToClassTransform
Transforming play-services-tasks-18.2.0.aar (com.google.android.gms:play-services-tasks:18.2.0) with JetifyTransform
Transforming play-services-tasks-18.2.0.aar (com.google.android.gms:play-services-tasks:18.2.0) with AarToClassTransform
Transforming play-services-tasks-18.2.0.aar (com.google.android.gms:play-services-tasks:18.2.0) with JetifyTransform
Transforming play-services-tasks-18.2.0.aar (com.google.android.gms:play-services-tasks:18.2.0) with AarToClassTransform
Transforming firebase-measurement-connector-19.0.0.aar (com.google.firebase:firebase-measurement-connector:19.0.0) with JetifyTransform
Transforming firebase-measurement-connector-19.0.0.aar (com.google.firebase:firebase-measurement-connector:19.0.0) with AarToClassTransform
Transforming play-services-basement-18.4.0.aar (com.google.android.gms:play-services-basement:18.4.0) with JetifyTransform
Transforming play-services-basement-18.4.0.aar (com.google.android.gms:play-services-basement:18.4.0) with AarToClassTransform
Transforming play-services-basement-18.4.0.aar (com.google.android.gms:play-services-basement:18.4.0) with JetifyTransform
Transforming play-services-basement-18.4.0.aar (com.google.android.gms:play-services-basement:18.4.0) with AarToClassTransform
Transforming play-services-basement-18.4.0.aar (com.google.android.gms:play-services-basement:18.4.0) with JetifyTransform
Transforming play-services-basement-18.4.0.aar (com.google.android.gms:play-services-basement:18.4.0) with AarToClassTransform
Transforming play-services-basement-18.4.0.aar (com.google.android.gms:play-services-basement:18.4.0) with JetifyTransform
Transforming play-services-basement-18.4.0.aar (com.google.android.gms:play-services-basement:18.4.0) with AarToClassTransform
Transforming play-services-basement-18.4.0.aar (com.google.android.gms:play-services-basement:18.4.0) with JetifyTransform
Transforming play-services-basement-18.4.0.aar (com.google.android.gms:play-services-basement:18.4.0) with AarToClassTransform
Transforming play-services-basement-18.4.0.aar (com.google.android.gms:play-services-basement:18.4.0) with JetifyTransform
Transforming play-services-basement-18.4.0.aar (com.google.android.gms:play-services-basement:18.4.0) with AarToClassTransform
Transforming play-services-basement-18.4.0.aar (com.google.android.gms:play-services-basement:18.4.0) with JetifyTransform
Transforming play-services-basement-18.4.0.aar (com.google.android.gms:play-services-basement:18.4.0) with AarToClassTransform
Transforming play-services-basement-18.4.0.aar (com.google.android.gms:play-services-basement:18.4.0) with JetifyTransform
Transforming play-services-basement-18.4.0.aar (com.google.android.gms:play-services-basement:18.4.0) with AarToClassTransform
Transforming play-services-basement-18.4.0.aar (com.google.android.gms:play-services-basement:18.4.0) with JetifyTransform
Transforming play-services-basement-18.4.0.aar (com.google.android.gms:play-services-basement:18.4.0) with AarToClassTransform
Transforming play-services-basement-18.4.0.aar (com.google.android.gms:play-services-basement:18.4.0) with JetifyTransform
Transforming play-services-basement-18.4.0.aar (com.google.android.gms:play-services-basement:18.4.0) with AarToClassTransform
Transforming play-services-basement-18.4.0.aar (com.google.android.gms:play-services-basement:18.4.0) with JetifyTransform
Transforming play-services-basement-18.4.0.aar (com.google.android.gms:play-services-basement:18.4.0) with AarToClassTransform
Transforming play-services-basement-18.4.0.aar (com.google.android.gms:play-services-basement:18.4.0) with JetifyTransform
Transforming play-services-basement-18.4.0.aar (com.google.android.gms:play-services-basement:18.4.0) with AarToClassTransform
Transforming play-services-basement-18.4.0.aar (com.google.android.gms:play-services-basement:18.4.0) with JetifyTransform
Transforming play-services-basement-18.4.0.aar (com.google.android.gms:play-services-basement:18.4.0) with AarToClassTransform
Transforming play-services-basement-18.4.0.aar (com.google.android.gms:play-services-basement:18.4.0) with JetifyTransform
Transforming play-services-basement-18.4.0.aar (com.google.android.gms:play-services-basement:18.4.0) with AarToClassTransform
Transforming fragment-1.8.5.aar (androidx.fragment:fragment:1.8.5) with JetifyTransform
Transforming fragment-1.8.5.aar (androidx.fragment:fragment:1.8.5) with AarToClassTransform
Transforming fragment-1.8.5.aar (androidx.fragment:fragment:1.8.5) with JetifyTransform
Transforming fragment-1.8.5.aar (androidx.fragment:fragment:1.8.5) with AarToClassTransform
Transforming fragment-1.8.5.aar (androidx.fragment:fragment:1.8.5) with JetifyTransform
Transforming fragment-1.8.5.aar (androidx.fragment:fragment:1.8.5) with AarToClassTransform
Transforming fragment-ktx-1.8.5.aar (androidx.fragment:fragment-ktx:1.8.5) with JetifyTransform
Transforming fragment-ktx-1.8.5.aar (androidx.fragment:fragment-ktx:1.8.5) with AarToClassTransform
Transforming activity-ktx-1.9.3.aar (androidx.activity:activity-ktx:1.9.3) with JetifyTransform
Transforming activity-ktx-1.9.3.aar (androidx.activity:activity-ktx:1.9.3) with AarToClassTransform
Transforming customview-poolingcontainer-1.0.0.aar (androidx.customview:customview-poolingcontainer:1.0.0) with JetifyTransform
Transforming customview-poolingcontainer-1.0.0.aar (androidx.customview:customview-poolingcontainer:1.0.0) with AarToClassTransform
Transforming core-ktx-1.13.1.aar (androidx.core:core-ktx:1.13.1) with JetifyTransform
Transforming core-ktx-1.13.1.aar (androidx.core:core-ktx:1.13.1) with AarToClassTransform
Transforming flexbox-3.0.0.aar (com.google.android.flexbox:flexbox:3.0.0) with JetifyTransform
Transforming flexbox-3.0.0.aar (com.google.android.flexbox:flexbox:3.0.0) with AarToClassTransform
Transforming kotlin-android-extensions-runtime-1.9.25.jar (org.jetbrains.kotlin:kotlin-android-extensions-runtime:1.9.25) with JetifyTransform
Transforming kotlin-android-extensions-runtime-1.9.25.jar (org.jetbrains.kotlin:kotlin-android-extensions-runtime:1.9.25) with IdentityTransform
Transforming kotlin-android-extensions-runtime-1.9.25.jar (org.jetbrains.kotlin:kotlin-android-extensions-runtime:1.9.25) with IdentityTransform
Transforming kotlin-android-extensions-runtime-1.9.25.jar (org.jetbrains.kotlin:kotlin-android-extensions-runtime:1.9.25) with CopyTransform
Transforming sqlite-framework-2.4.0.aar (androidx.sqlite:sqlite-framework:2.4.0) with JetifyTransform
Transforming sqlite-framework-2.4.0.aar (androidx.sqlite:sqlite-framework:2.4.0) with AarToClassTransform
Transforming sqlite-2.4.0.aar (androidx.sqlite:sqlite:2.4.0) with JetifyTransform
Transforming sqlite-2.4.0.aar (androidx.sqlite:sqlite:2.4.0) with AarToClassTransform
Transforming kotlin-reflect-1.8.22.jar (org.jetbrains.kotlin:kotlin-reflect:1.8.22) with JetifyTransform
Transforming kotlin-reflect-1.8.22.jar (org.jetbrains.kotlin:kotlin-reflect:1.8.22) with IdentityTransform
Transforming kotlin-reflect-1.8.22.jar (org.jetbrains.kotlin:kotlin-reflect:1.8.22) with IdentityTransform
Transforming kotlin-reflect-1.8.22.jar (org.jetbrains.kotlin:kotlin-reflect:1.8.22) with CopyTransform
Transforming security-crypto-1.1.0-alpha06.aar (androidx.security:security-crypto:1.1.0-alpha06) with JetifyTransform
Transforming security-crypto-1.1.0-alpha06.aar (androidx.security:security-crypto:1.1.0-alpha06) with AarToClassTransform
Transforming cursoradapter-1.0.0.aar (androidx.cursoradapter:cursoradapter:1.0.0) with JetifyTransform
Transforming cursoradapter-1.0.0.aar (androidx.cursoradapter:cursoradapter:1.0.0) with AarToClassTransform
Transforming profileinstaller-1.3.1.aar (androidx.profileinstaller:profileinstaller:1.3.1) with JetifyTransform
Transforming profileinstaller-1.3.1.aar (androidx.profileinstaller:profileinstaller:1.3.1) with AarToClassTransform
Transforming resourceinspection-annotation-1.0.1.jar (androidx.resourceinspection:resourceinspection-annotation:1.0.1) with JetifyTransform
Transforming resourceinspection-annotation-1.0.1.jar (androidx.resourceinspection:resourceinspection-annotation:1.0.1) with IdentityTransform
Transforming resourceinspection-annotation-1.0.1.jar (androidx.resourceinspection:resourceinspection-annotation:1.0.1) with IdentityTransform
Transforming resourceinspection-annotation-1.0.1.jar (androidx.resourceinspection:resourceinspection-annotation:1.0.1) with CopyTransform
Transforming cardview-1.0.0.aar (androidx.cardview:cardview:1.0.0) with JetifyTransform
Transforming cardview-1.0.0.aar (androidx.cardview:cardview:1.0.0) with AarToClassTransform
Transforming core-runtime-2.2.0.aar (androidx.arch.core:core-runtime:2.2.0) with JetifyTransform
Transforming core-runtime-2.2.0.aar (androidx.arch.core:core-runtime:2.2.0) with AarToClassTransform
Transforming gifdecoder-4.16.0.aar (com.github.bumptech.glide:gifdecoder:4.16.0) with JetifyTransform
Transforming gifdecoder-4.16.0.aar (com.github.bumptech.glide:gifdecoder:4.16.0) with AarToClassTransform
Transforming startup-runtime-1.1.1.aar (androidx.startup:startup-runtime:1.1.1) with JetifyTransform
Transforming startup-runtime-1.1.1.aar (androidx.startup:startup-runtime:1.1.1) with AarToClassTransform
Transforming tracing-1.0.0.aar (androidx.tracing:tracing:1.0.0) with JetifyTransform
Transforming tracing-1.0.0.aar (androidx.tracing:tracing:1.0.0) with AarToClassTransform
Transforming firebase-components-18.0.0.aar (com.google.firebase:firebase-components:18.0.0) with JetifyTransform
Transforming firebase-components-18.0.0.aar (com.google.firebase:firebase-components:18.0.0) with AarToClassTransform
Transforming firebase-components-18.0.0.aar (com.google.firebase:firebase-components:18.0.0) with JetifyTransform
Transforming firebase-components-18.0.0.aar (com.google.firebase:firebase-components:18.0.0) with AarToClassTransform
Transforming constraintlayout-2.1.4.aar (androidx.constraintlayout:constraintlayout:2.1.4) with CopyTransform
Transforming firebase-components-18.0.0.aar (com.google.firebase:firebase-components:18.0.0) with JetifyTransform
Transforming firebase-components-18.0.0.aar (com.google.firebase:firebase-components:18.0.0) with AarToClassTransform
Transforming firebase-components-18.0.0.aar (com.google.firebase:firebase-components:18.0.0) with JetifyTransform
Transforming firebase-components-18.0.0.aar (com.google.firebase:firebase-components:18.0.0) with AarToClassTransform
Transforming firebase-components-18.0.0.aar (com.google.firebase:firebase-components:18.0.0) with JetifyTransform
Transforming firebase-components-18.0.0.aar (com.google.firebase:firebase-components:18.0.0) with AarToClassTransform
Transforming firebase-components-18.0.0.aar (com.google.firebase:firebase-components:18.0.0) with JetifyTransform
Transforming firebase-components-18.0.0.aar (com.google.firebase:firebase-components:18.0.0) with AarToClassTransform
Transforming firebase-components-18.0.0.aar (com.google.firebase:firebase-components:18.0.0) with JetifyTransform
Transforming firebase-components-18.0.0.aar (com.google.firebase:firebase-components:18.0.0) with AarToClassTransform
Transforming interpolator-1.0.0.aar (androidx.interpolator:interpolator:1.0.0) with JetifyTransform
Transforming interpolator-1.0.0.aar (androidx.interpolator:interpolator:1.0.0) with AarToClassTransform
Transforming interpolator-1.0.0.aar (androidx.interpolator:interpolator:1.0.0) with JetifyTransform
Transforming interpolator-1.0.0.aar (androidx.interpolator:interpolator:1.0.0) with AarToClassTransform
Transforming versionedparcelable-1.1.1.aar (androidx.versionedparcelable:versionedparcelable:1.1.1) with JetifyTransform
Transforming versionedparcelable-1.1.1.aar (androidx.versionedparcelable:versionedparcelable:1.1.1) with AarToClassTransform
Transforming core-common-2.2.0.jar (androidx.arch.core:core-common:2.2.0) with JetifyTransform
Transforming core-common-2.2.0.jar (androidx.arch.core:core-common:2.2.0) with IdentityTransform
Transforming core-common-2.2.0.jar (androidx.arch.core:core-common:2.2.0) with IdentityTransform
Transforming core-common-2.2.0.jar (androidx.arch.core:core-common:2.2.0) with CopyTransform
Transforming documentfile-1.0.0.aar (androidx.documentfile:documentfile:1.0.0) with JetifyTransform
Transforming documentfile-1.0.0.aar (androidx.documentfile:documentfile:1.0.0) with AarToClassTransform
Transforming localbroadcastmanager-1.0.0.aar (androidx.localbroadcastmanager:localbroadcastmanager:1.0.0) with JetifyTransform
Transforming localbroadcastmanager-1.0.0.aar (androidx.localbroadcastmanager:localbroadcastmanager:1.0.0) with AarToClassTransform
Transforming print-1.0.0.aar (androidx.print:print:1.0.0) with JetifyTransform
Transforming print-1.0.0.aar (androidx.print:print:1.0.0) with AarToClassTransform
Transforming exifinterface-1.3.7.aar (androidx.exifinterface:exifinterface:1.3.7) with JetifyTransform
Transforming exifinterface-1.3.7.aar (androidx.exifinterface:exifinterface:1.3.7) with AarToClassTransform
Transforming collection-ktx-1.4.0.jar (androidx.collection:collection-ktx:1.4.0) with JetifyTransform
Transforming collection-ktx-1.4.0.jar (androidx.collection:collection-ktx:1.4.0) with IdentityTransform
Transforming collection-ktx-1.4.0.jar (androidx.collection:collection-ktx:1.4.0) with IdentityTransform
Transforming collection-ktx-1.4.0.jar (androidx.collection:collection-ktx:1.4.0) with CopyTransform
Transforming collection-jvm-1.4.0.jar (androidx.collection:collection-jvm:1.4.0) with JetifyTransform
Transforming collection-jvm-1.4.0.jar (androidx.collection:collection-jvm:1.4.0) with IdentityTransform
Transforming collection-jvm-1.4.0.jar (androidx.collection:collection-jvm:1.4.0) with IdentityTransform
Transforming collection-jvm-1.4.0.jar (androidx.collection:collection-jvm:1.4.0) with CopyTransform
Transforming annotation-jvm-1.8.1.jar (androidx.annotation:annotation-jvm:1.8.1) with JetifyTransform
Transforming annotation-jvm-1.8.1.jar (androidx.annotation:annotation-jvm:1.8.1) with IdentityTransform
Transforming annotation-jvm-1.8.1.jar (androidx.annotation:annotation-jvm:1.8.1) with IdentityTransform
Transforming annotation-jvm-1.8.1.jar (androidx.annotation:annotation-jvm:1.8.1) with CopyTransform
Transforming converter-gson-2.9.0.jar (com.squareup.retrofit2:converter-gson:2.9.0) with JetifyTransform
Transforming converter-gson-2.9.0.jar (com.squareup.retrofit2:converter-gson:2.9.0) with IdentityTransform
Transforming converter-gson-2.9.0.jar (com.squareup.retrofit2:converter-gson:2.9.0) with IdentityTransform
Transforming converter-gson-2.9.0.jar (com.squareup.retrofit2:converter-gson:2.9.0) with CopyTransform
Transforming converter-scalars-2.9.0.jar (com.squareup.retrofit2:converter-scalars:2.9.0) with JetifyTransform
Transforming converter-scalars-2.9.0.jar (com.squareup.retrofit2:converter-scalars:2.9.0) with IdentityTransform
Transforming converter-scalars-2.9.0.jar (com.squareup.retrofit2:converter-scalars:2.9.0) with IdentityTransform
Transforming converter-scalars-2.9.0.jar (com.squareup.retrofit2:converter-scalars:2.9.0) with CopyTransform
Transforming retrofit-2.9.0.jar (com.squareup.retrofit2:retrofit:2.9.0) with JetifyTransform
Transforming retrofit-2.9.0.jar (com.squareup.retrofit2:retrofit:2.9.0) with IdentityTransform
Transforming retrofit-2.9.0.jar (com.squareup.retrofit2:retrofit:2.9.0) with IdentityTransform
Transforming retrofit-2.9.0.jar (com.squareup.retrofit2:retrofit:2.9.0) with CopyTransform
Transforming logging-interceptor-4.12.0.jar (com.squareup.okhttp3:logging-interceptor:4.12.0) with JetifyTransform
Transforming logging-interceptor-4.12.0.jar (com.squareup.okhttp3:logging-interceptor:4.12.0) with IdentityTransform
Transforming logging-interceptor-4.12.0.jar (com.squareup.okhttp3:logging-interceptor:4.12.0) with IdentityTransform
Transforming logging-interceptor-4.12.0.jar (com.squareup.okhttp3:logging-interceptor:4.12.0) with CopyTransform
Transforming okhttp-4.12.0.jar (com.squareup.okhttp3:okhttp:4.12.0) with JetifyTransform
Transforming okhttp-4.12.0.jar (com.squareup.okhttp3:okhttp:4.12.0) with IdentityTransform
Transforming okhttp-4.12.0.jar (com.squareup.okhttp3:okhttp:4.12.0) with IdentityTransform
Transforming okhttp-4.12.0.jar (com.squareup.okhttp3:okhttp:4.12.0) with CopyTransform
Transforming kotlin-stdlib-jdk8-1.9.0.jar (org.jetbrains.kotlin:kotlin-stdlib-jdk8:1.9.0) with JetifyTransform
Transforming kotlin-stdlib-jdk8-1.9.0.jar (org.jetbrains.kotlin:kotlin-stdlib-jdk8:1.9.0) with IdentityTransform
Transforming kotlin-stdlib-jdk8-1.9.0.jar (org.jetbrains.kotlin:kotlin-stdlib-jdk8:1.9.0) with IdentityTransform
Transforming kotlin-stdlib-jdk8-1.9.0.jar (org.jetbrains.kotlin:kotlin-stdlib-jdk8:1.9.0) with CopyTransform
Transforming annotation-experimental-1.4.1.aar (androidx.annotation:annotation-experimental:1.4.1) with JetifyTransform
Transforming annotation-experimental-1.4.1.aar (androidx.annotation:annotation-experimental:1.4.1) with AarToClassTransform
Transforming kotlin-stdlib-jdk7-1.9.0.jar (org.jetbrains.kotlin:kotlin-stdlib-jdk7:1.9.0) with JetifyTransform
Transforming kotlin-stdlib-jdk7-1.9.0.jar (org.jetbrains.kotlin:kotlin-stdlib-jdk7:1.9.0) with IdentityTransform
Transforming kotlin-stdlib-jdk7-1.9.0.jar (org.jetbrains.kotlin:kotlin-stdlib-jdk7:1.9.0) with IdentityTransform
Transforming kotlin-stdlib-jdk7-1.9.0.jar (org.jetbrains.kotlin:kotlin-stdlib-jdk7:1.9.0) with CopyTransform
Transforming okio-jvm-3.8.0.jar (com.squareup.okio:okio-jvm:3.8.0) with JetifyTransform
Transforming okio-jvm-3.8.0.jar (com.squareup.okio:okio-jvm:3.8.0) with IdentityTransform
Transforming okio-jvm-3.8.0.jar (com.squareup.okio:okio-jvm:3.8.0) with IdentityTransform
Transforming okio-jvm-3.8.0.jar (com.squareup.okio:okio-jvm:3.8.0) with CopyTransform
Transforming kotlin-stdlib-2.0.0.jar (org.jetbrains.kotlin:kotlin-stdlib:2.0.0) with JetifyTransform
Transforming kotlin-stdlib-2.0.0.jar (org.jetbrains.kotlin:kotlin-stdlib:2.0.0) with IdentityTransform
Transforming kotlin-stdlib-2.0.0.jar (org.jetbrains.kotlin:kotlin-stdlib:2.0.0) with IdentityTransform
Transforming kotlin-stdlib-2.0.0.jar (org.jetbrains.kotlin:kotlin-stdlib:2.0.0) with CopyTransform
Transforming multidex-2.0.1.aar (androidx.multidex:multidex:2.0.1) with JetifyTransform
Transforming multidex-2.0.1.aar (androidx.multidex:multidex:2.0.1) with AarToClassTransform
Transforming grpc-android-1.57.2.aar (io.grpc:grpc-android:1.57.2) with JetifyTransform
Transforming grpc-android-1.57.2.aar (io.grpc:grpc-android:1.57.2) with AarToClassTransform
Transforming gson-2.10.1.jar (com.google.code.gson:gson:2.10.1) with JetifyTransform
Transforming gson-2.10.1.jar (com.google.code.gson:gson:2.10.1) with IdentityTransform
Transforming gson-2.10.1.jar (com.google.code.gson:gson:2.10.1) with IdentityTransform
Transforming gson-2.10.1.jar (com.google.code.gson:gson:2.10.1) with CopyTransform
Transforming zxing-android-embedded-4.3.0.aar (com.journeyapps:zxing-android-embedded:4.3.0) with JetifyTransform
Transforming zxing-android-embedded-4.3.0.aar (com.journeyapps:zxing-android-embedded:4.3.0) with AarToClassTransform
Transforming constraintlayout-2.1.4.aar (androidx.constraintlayout:constraintlayout:2.1.4) with AggregatedPackagesTransform
Transforming core-3.5.2.jar (com.google.zxing:core:3.5.2) with JetifyTransform
Transforming core-3.5.2.jar (com.google.zxing:core:3.5.2) with IdentityTransform
Transforming core-3.5.2.jar (com.google.zxing:core:3.5.2) with IdentityTransform
Transforming core-3.5.2.jar (com.google.zxing:core:3.5.2) with CopyTransform
Transforming annotations-23.0.0.jar (org.jetbrains:annotations:23.0.0) with JetifyTransform
Transforming annotations-23.0.0.jar (org.jetbrains:annotations:23.0.0) with IdentityTransform
Transforming annotations-23.0.0.jar (org.jetbrains:annotations:23.0.0) with IdentityTransform
Transforming annotations-23.0.0.jar (org.jetbrains:annotations:23.0.0) with CopyTransform
Transforming guava-33.3.1-android.jar (com.google.guava:guava:33.3.1-android) with JetifyTransform
Transforming guava-33.3.1-android.jar (com.google.guava:guava:33.3.1-android) with IdentityTransform
Transforming guava-33.3.1-android.jar (com.google.guava:guava:33.3.1-android) with IdentityTransform
Transforming guava-33.3.1-android.jar (com.google.guava:guava:33.3.1-android) with CopyTransform
Transforming error_prone_annotations-2.28.0.jar (com.google.errorprone:error_prone_annotations:2.28.0) with JetifyTransform
Transforming error_prone_annotations-2.28.0.jar (com.google.errorprone:error_prone_annotations:2.28.0) with IdentityTransform
Transforming error_prone_annotations-2.28.0.jar (com.google.errorprone:error_prone_annotations:2.28.0) with IdentityTransform
Transforming error_prone_annotations-2.28.0.jar (com.google.errorprone:error_prone_annotations:2.28.0) with CopyTransform
Transforming disklrucache-4.16.0.jar (com.github.bumptech.glide:disklrucache:4.16.0) with JetifyTransform
Transforming disklrucache-4.16.0.jar (com.github.bumptech.glide:disklrucache:4.16.0) with IdentityTransform
Transforming disklrucache-4.16.0.jar (com.github.bumptech.glide:disklrucache:4.16.0) with IdentityTransform
Transforming disklrucache-4.16.0.jar (com.github.bumptech.glide:disklrucache:4.16.0) with CopyTransform
Transforming annotations-4.16.0.jar (com.github.bumptech.glide:annotations:4.16.0) with JetifyTransform
Transforming annotations-4.16.0.jar (com.github.bumptech.glide:annotations:4.16.0) with IdentityTransform
Transforming annotations-4.16.0.jar (com.github.bumptech.glide:annotations:4.16.0) with IdentityTransform
Transforming annotations-4.16.0.jar (com.github.bumptech.glide:annotations:4.16.0) with CopyTransform
Transforming hilt-common-1.2.0.jar (androidx.hilt:hilt-common:1.2.0) with JetifyTransform
Transforming hilt-common-1.2.0.jar (androidx.hilt:hilt-common:1.2.0) with IdentityTransform
Transforming hilt-common-1.2.0.jar (androidx.hilt:hilt-common:1.2.0) with IdentityTransform
Transforming hilt-common-1.2.0.jar (androidx.hilt:hilt-common:1.2.0) with CopyTransform
Transforming hilt-core-2.51.1.jar (com.google.dagger:hilt-core:2.51.1) with JetifyTransform
Transforming hilt-core-2.51.1.jar (com.google.dagger:hilt-core:2.51.1) with IdentityTransform
Transforming hilt-core-2.51.1.jar (com.google.dagger:hilt-core:2.51.1) with IdentityTransform
Transforming hilt-core-2.51.1.jar (com.google.dagger:hilt-core:2.51.1) with CopyTransform
Transforming dagger-2.51.1.jar (com.google.dagger:dagger:2.51.1) with JetifyTransform
Transforming dagger-2.51.1.jar (com.google.dagger:dagger:2.51.1) with IdentityTransform
Transforming dagger-2.51.1.jar (com.google.dagger:dagger:2.51.1) with IdentityTransform
Transforming dagger-2.51.1.jar (com.google.dagger:dagger:2.51.1) with CopyTransform
Transforming dagger-lint-aar-2.51.1.aar (com.google.dagger:dagger-lint-aar:2.51.1) with JetifyTransform
Transforming dagger-lint-aar-2.51.1.aar (com.google.dagger:dagger-lint-aar:2.51.1) with AarToClassTransform
Transforming jsr305-3.0.2.jar (com.google.code.findbugs:jsr305:3.0.2) with JetifyTransform
Transforming jsr305-3.0.2.jar (com.google.code.findbugs:jsr305:3.0.2) with IdentityTransform
Transforming jsr305-3.0.2.jar (com.google.code.findbugs:jsr305:3.0.2) with IdentityTransform
Transforming jsr305-3.0.2.jar (com.google.code.findbugs:jsr305:3.0.2) with CopyTransform
Transforming firebase-annotations-16.2.0.jar (com.google.firebase:firebase-annotations:16.2.0) with JetifyTransform
Transforming firebase-annotations-16.2.0.jar (com.google.firebase:firebase-annotations:16.2.0) with IdentityTransform
Transforming firebase-annotations-16.2.0.jar (com.google.firebase:firebase-annotations:16.2.0) with IdentityTransform
Transforming firebase-annotations-16.2.0.jar (com.google.firebase:firebase-annotations:16.2.0) with CopyTransform
Transforming javax.inject-1.jar (javax.inject:javax.inject:1) with JetifyTransform
Transforming javax.inject-1.jar (javax.inject:javax.inject:1) with IdentityTransform
Transforming javax.inject-1.jar (javax.inject:javax.inject:1) with IdentityTransform
Transforming javax.inject-1.jar (javax.inject:javax.inject:1) with CopyTransform
Transforming listenablefuture-9999.0-empty-to-avoid-conflict-with-guava.jar (com.google.guava:listenablefuture:9999.0-empty-to-avoid-conflict-with-guava) with JetifyTransform
Transforming listenablefuture-9999.0-empty-to-avoid-conflict-with-guava.jar (com.google.guava:listenablefuture:9999.0-empty-to-avoid-conflict-with-guava) with IdentityTransform
Transforming listenablefuture-9999.0-empty-to-avoid-conflict-with-guava.jar (com.google.guava:listenablefuture:9999.0-empty-to-avoid-conflict-with-guava) with IdentityTransform
Transforming listenablefuture-9999.0-empty-to-avoid-conflict-with-guava.jar (com.google.guava:listenablefuture:9999.0-empty-to-avoid-conflict-with-guava) with CopyTransform
Transforming failureaccess-1.0.2.jar (com.google.guava:failureaccess:1.0.2) with JetifyTransform
Transforming failureaccess-1.0.2.jar (com.google.guava:failureaccess:1.0.2) with IdentityTransform
Transforming failureaccess-1.0.2.jar (com.google.guava:failureaccess:1.0.2) with IdentityTransform
Transforming failureaccess-1.0.2.jar (com.google.guava:failureaccess:1.0.2) with CopyTransform
Transforming slf4j-api-1.7.36.jar (org.slf4j:slf4j-api:1.7.36) with JetifyTransform
Transforming slf4j-api-1.7.36.jar (org.slf4j:slf4j-api:1.7.36) with IdentityTransform
Transforming slf4j-api-1.7.36.jar (org.slf4j:slf4j-api:1.7.36) with IdentityTransform
Transforming slf4j-api-1.7.36.jar (org.slf4j:slf4j-api:1.7.36) with CopyTransform
Transforming config-1.4.2.jar (com.typesafe:config:1.4.2) with JetifyTransform
Transforming config-1.4.2.jar (com.typesafe:config:1.4.2) with IdentityTransform
Transforming config-1.4.2.jar (com.typesafe:config:1.4.2) with IdentityTransform
Transforming config-1.4.2.jar (com.typesafe:config:1.4.2) with CopyTransform
Transforming protolite-well-known-types-18.0.0.aar (com.google.firebase:protolite-well-known-types:18.0.0) with JetifyTransform
Transforming protolite-well-known-types-18.0.0.aar (com.google.firebase:protolite-well-known-types:18.0.0) with AarToClassTransform
Transforming protobuf-javalite-3.22.3.jar (com.google.protobuf:protobuf-javalite:3.22.3) with JetifyTransform
Transforming protobuf-javalite-3.22.3.jar (com.google.protobuf:protobuf-javalite:3.22.3) with IdentityTransform
Transforming protobuf-javalite-3.22.3.jar (com.google.protobuf:protobuf-javalite:3.22.3) with IdentityTransform
Transforming protobuf-javalite-3.22.3.jar (com.google.protobuf:protobuf-javalite:3.22.3) with CopyTransform
Transforming perfmark-api-0.26.0.jar (io.perfmark:perfmark-api:0.26.0) with JetifyTransform
Transforming checker-qual-3.43.0.jar (org.checkerframework:checker-qual:3.43.0) with JetifyTransform
Transforming checker-qual-3.43.0.jar (org.checkerframework:checker-qual:3.43.0) with IdentityTransform
Transforming checker-qual-3.43.0.jar (org.checkerframework:checker-qual:3.43.0) with IdentityTransform
Transforming checker-qual-3.43.0.jar (org.checkerframework:checker-qual:3.43.0) with CopyTransform
Transforming j2objc-annotations-3.0.0.jar (com.google.j2objc:j2objc-annotations:3.0.0) with JetifyTransform
Transforming j2objc-annotations-3.0.0.jar (com.google.j2objc:j2objc-annotations:3.0.0) with IdentityTransform
Transforming j2objc-annotations-3.0.0.jar (com.google.j2objc:j2objc-annotations:3.0.0) with IdentityTransform
Transforming j2objc-annotations-3.0.0.jar (com.google.j2objc:j2objc-annotations:3.0.0) with CopyTransform
Transforming annotations-4.1.1.4.jar (com.google.android:annotations:4.1.1.4) with JetifyTransform
Transforming animal-sniffer-annotations-1.23.jar (org.codehaus.mojo:animal-sniffer-annotations:1.23) with JetifyTransform
Transforming coil-compose-2.6.0.aar (io.coil-kt:coil-compose:2.6.0) with IdentityTransform
Transforming coil-compose-base-2.6.0.aar (io.coil-kt:coil-compose-base:2.6.0) with IdentityTransform
Transforming coil-compose-2.6.0.aar (io.coil-kt:coil-compose:2.6.0) with CopyTransform
Transforming coil-compose-base-2.6.0.aar (io.coil-kt:coil-compose-base:2.6.0) with CopyTransform
Transforming coil-compose-2.6.0.aar (io.coil-kt:coil-compose:2.6.0) with AggregatedPackagesTransform
Transforming coil-compose-base-2.6.0.aar (io.coil-kt:coil-compose-base:2.6.0) with AggregatedPackagesTransform
Transforming coil-2.6.0.aar (io.coil-kt:coil:2.6.0) with IdentityTransform
Transforming coil-2.6.0.aar (io.coil-kt:coil:2.6.0) with CopyTransform
Transforming coil-2.6.0.aar (io.coil-kt:coil:2.6.0) with AggregatedPackagesTransform
Transforming coil-base-2.6.0.aar (io.coil-kt:coil-base:2.6.0) with IdentityTransform
Transforming coil-base-2.6.0.aar (io.coil-kt:coil-base:2.6.0) with CopyTransform
Transforming coil-base-2.6.0.aar (io.coil-kt:coil-base:2.6.0) with AggregatedPackagesTransform
Transforming appcompat-resources-1.7.0.aar (androidx.appcompat:appcompat-resources:1.7.0) with IdentityTransform
Transforming appcompat-resources-1.7.0.aar (androidx.appcompat:appcompat-resources:1.7.0) with CopyTransform
Transforming appcompat-resources-1.7.0.aar (androidx.appcompat:appcompat-resources:1.7.0) with AggregatedPackagesTransform
Transforming preference-ktx-1.2.1.aar (androidx.preference:preference-ktx:1.2.1) with IdentityTransform
Transforming preference-ktx-1.2.1.aar (androidx.preference:preference-ktx:1.2.1) with CopyTransform
Transforming preference-1.2.1.aar (androidx.preference:preference:1.2.1) with IdentityTransform
Transforming preference-ktx-1.2.1.aar (androidx.preference:preference-ktx:1.2.1) with AggregatedPackagesTransform
Transforming preference-1.2.1.aar (androidx.preference:preference:1.2.1) with CopyTransform
Transforming preference-1.2.1.aar (androidx.preference:preference:1.2.1) with AggregatedPackagesTransform
Transforming appcompat-1.7.0.aar (androidx.appcompat:appcompat:1.7.0) with IdentityTransform
Transforming appcompat-1.7.0.aar (androidx.appcompat:appcompat:1.7.0) with CopyTransform
Transforming okhttp3-integration-4.16.0.aar (com.github.bumptech.glide:okhttp3-integration:4.16.0) with IdentityTransform
Transforming appcompat-1.7.0.aar (androidx.appcompat:appcompat:1.7.0) with AggregatedPackagesTransform
Transforming okhttp3-integration-4.16.0.aar (com.github.bumptech.glide:okhttp3-integration:4.16.0) with CopyTransform
Transforming okhttp3-integration-4.16.0.aar (com.github.bumptech.glide:okhttp3-integration:4.16.0) with AggregatedPackagesTransform
Transforming glide-4.16.0.aar (com.github.bumptech.glide:glide:4.16.0) with IdentityTransform
Transforming glide-4.16.0.aar (com.github.bumptech.glide:glide:4.16.0) with CopyTransform
Transforming hilt-work-1.2.0.aar (androidx.hilt:hilt-work:1.2.0) with IdentityTransform
Transforming glide-4.16.0.aar (com.github.bumptech.glide:glide:4.16.0) with AggregatedPackagesTransform
Transforming hilt-work-1.2.0.aar (androidx.hilt:hilt-work:1.2.0) with CopyTransform
Transforming hilt-work-1.2.0.aar (androidx.hilt:hilt-work:1.2.0) with AggregatedPackagesTransform
Transforming hilt-android-2.51.1.aar (com.google.dagger:hilt-android:2.51.1) with IdentityTransform
Transforming hilt-android-2.51.1.aar (com.google.dagger:hilt-android:2.51.1) with CopyTransform
Transforming media3-exoplayer-hls-1.5.0.aar (androidx.media3:media3-exoplayer-hls:1.5.0) with IdentityTransform
Transforming hilt-android-2.51.1.aar (com.google.dagger:hilt-android:2.51.1) with AggregatedPackagesTransform
Transforming media3-exoplayer-hls-1.5.0.aar (androidx.media3:media3-exoplayer-hls:1.5.0) with CopyTransform
Transforming media3-ffmpeg-decoder-1.5.0+1.aar (org.jellyfin.media3:media3-ffmpeg-decoder:1.5.0+1) with IdentityTransform
Transforming media3-exoplayer-hls-1.5.0.aar (androidx.media3:media3-exoplayer-hls:1.5.0) with AggregatedPackagesTransform
Transforming media3-ffmpeg-decoder-1.5.0+1.aar (org.jellyfin.media3:media3-ffmpeg-decoder:1.5.0+1) with CopyTransform
Transforming media3-ffmpeg-decoder-1.5.0+1.aar (org.jellyfin.media3:media3-ffmpeg-decoder:1.5.0+1) with AggregatedPackagesTransform
Transforming media3-exoplayer-1.5.0.aar (androidx.media3:media3-exoplayer:1.5.0) with IdentityTransform
Transforming media3-exoplayer-1.5.0.aar (androidx.media3:media3-exoplayer:1.5.0) with CopyTransform
Transforming media3-exoplayer-1.5.0.aar (androidx.media3:media3-exoplayer:1.5.0) with IdentityTransform
Transforming media3-exoplayer-1.5.0.aar (androidx.media3:media3-exoplayer:1.5.0) with CopyTransform
Transforming media3-exoplayer-1.5.0.aar (androidx.media3:media3-exoplayer:1.5.0) with AggregatedPackagesTransform
Transforming media3-exoplayer-1.5.0.aar (androidx.media3:media3-exoplayer:1.5.0) with AggregatedPackagesTransform
Transforming media3-datasource-okhttp-1.5.0.aar (androidx.media3:media3-datasource-okhttp:1.5.0) with IdentityTransform
Transforming media3-extractor-1.5.0.aar (androidx.media3:media3-extractor:1.5.0) with IdentityTransform
Transforming media3-datasource-okhttp-1.5.0.aar (androidx.media3:media3-datasource-okhttp:1.5.0) with CopyTransform
Transforming media3-extractor-1.5.0.aar (androidx.media3:media3-extractor:1.5.0) with CopyTransform
Transforming media3-extractor-1.5.0.aar (androidx.media3:media3-extractor:1.5.0) with AggregatedPackagesTransform
Transforming media3-datasource-okhttp-1.5.0.aar (androidx.media3:media3-datasource-okhttp:1.5.0) with AggregatedPackagesTransform
Transforming media3-datasource-1.5.0.aar (androidx.media3:media3-datasource:1.5.0) with IdentityTransform
Transforming media3-container-1.5.0.aar (androidx.media3:media3-container:1.5.0) with IdentityTransform
Transforming media3-datasource-1.5.0.aar (androidx.media3:media3-datasource:1.5.0) with CopyTransform
Transforming media3-container-1.5.0.aar (androidx.media3:media3-container:1.5.0) with CopyTransform
Transforming media3-datasource-1.5.0.aar (androidx.media3:media3-datasource:1.5.0) with AggregatedPackagesTransform
Transforming media3-container-1.5.0.aar (androidx.media3:media3-container:1.5.0) with AggregatedPackagesTransform
Transforming media3-decoder-1.5.0.aar (androidx.media3:media3-decoder:1.5.0) with IdentityTransform
Transforming media3-decoder-1.5.0.aar (androidx.media3:media3-decoder:1.5.0) with IdentityTransform
Transforming media3-decoder-1.5.0.aar (androidx.media3:media3-decoder:1.5.0) with CopyTransform
Transforming media3-decoder-1.5.0.aar (androidx.media3:media3-decoder:1.5.0) with CopyTransform
Transforming media3-decoder-1.5.0.aar (androidx.media3:media3-decoder:1.5.0) with AggregatedPackagesTransform
Transforming media3-decoder-1.5.0.aar (androidx.media3:media3-decoder:1.5.0) with AggregatedPackagesTransform
Transforming media3-common-1.5.0.aar (androidx.media3:media3-common:1.5.0) with IdentityTransform
Transforming media3-database-1.5.0.aar (androidx.media3:media3-database:1.5.0) with IdentityTransform
Transforming media3-database-1.5.0.aar (androidx.media3:media3-database:1.5.0) with CopyTransform
Transforming media3-common-1.5.0.aar (androidx.media3:media3-common:1.5.0) with CopyTransform
Transforming media3-common-1.5.0.aar (androidx.media3:media3-common:1.5.0) with AggregatedPackagesTransform
Transforming media3-database-1.5.0.aar (androidx.media3:media3-database:1.5.0) with AggregatedPackagesTransform
Transforming room-common-2.6.1.jar (androidx.room:room-common:2.6.1) with AggregatedPackagesTransform
Transforming media3-ui-1.5.0.aar (androidx.media3:media3-ui:1.5.0) with IdentityTransform
Transforming media3-ui-1.5.0.aar (androidx.media3:media3-ui:1.5.0) with CopyTransform
Transforming media3-ui-1.5.0.aar (androidx.media3:media3-ui:1.5.0) with AggregatedPackagesTransform
Transforming work-runtime-ktx-2.9.1.aar (androidx.work:work-runtime-ktx:2.9.1) with IdentityTransform
Transforming work-runtime-ktx-2.9.1.aar (androidx.work:work-runtime-ktx:2.9.1) with CopyTransform
Transforming work-runtime-ktx-2.9.1.aar (androidx.work:work-runtime-ktx:2.9.1) with AggregatedPackagesTransform
Transforming work-runtime-2.9.1.aar (androidx.work:work-runtime:2.9.1) with IdentityTransform
Transforming work-runtime-2.9.1.aar (androidx.work:work-runtime:2.9.1) with CopyTransform
Transforming room-ktx-2.6.1.aar (androidx.room:room-ktx:2.6.1) with IdentityTransform
Transforming work-runtime-2.9.1.aar (androidx.work:work-runtime:2.9.1) with AggregatedPackagesTransform
Transforming room-ktx-2.6.1.aar (androidx.room:room-ktx:2.6.1) with CopyTransform
Transforming room-ktx-2.6.1.aar (androidx.room:room-ktx:2.6.1) with AggregatedPackagesTransform
Transforming room-runtime-2.6.1.aar (androidx.room:room-runtime:2.6.1) with IdentityTransform
Transforming room-runtime-2.6.1.aar (androidx.room:room-runtime:2.6.1) with CopyTransform
Transforming room-paging-2.6.1.aar (androidx.room:room-paging:2.6.1) with IdentityTransform
Transforming room-runtime-2.6.1.aar (androidx.room:room-runtime:2.6.1) with AggregatedPackagesTransform
Transforming room-paging-2.6.1.aar (androidx.room:room-paging:2.6.1) with CopyTransform
Transforming room-paging-2.6.1.aar (androidx.room:room-paging:2.6.1) with AggregatedPackagesTransform
Transforming paging-common-release.aar (androidx.paging:paging-common-android:3.3.2) with IdentityTransform
Transforming paging-common-release.aar (androidx.paging:paging-common-android:3.3.2) with CopyTransform
Transforming paging-common-ktx-3.3.2.jar (androidx.paging:paging-common-ktx:3.3.2) with AggregatedPackagesTransform
Transforming paging-common-release.aar (androidx.paging:paging-common-android:3.3.2) with AggregatedPackagesTransform
Transforming paging-runtime-ktx-3.3.2.aar (androidx.paging:paging-runtime-ktx:3.3.2) with IdentityTransform
Transforming paging-runtime-3.3.2.aar (androidx.paging:paging-runtime:3.3.2) with IdentityTransform
Transforming paging-runtime-ktx-3.3.2.aar (androidx.paging:paging-runtime-ktx:3.3.2) with CopyTransform
Transforming paging-runtime-3.3.2.aar (androidx.paging:paging-runtime:3.3.2) with CopyTransform
Transforming paging-runtime-ktx-3.3.2.aar (androidx.paging:paging-runtime-ktx:3.3.2) with AggregatedPackagesTransform
Transforming paging-runtime-3.3.2.aar (androidx.paging:paging-runtime:3.3.2) with AggregatedPackagesTransform
Transforming recyclerview-1.3.2.aar (androidx.recyclerview:recyclerview:1.3.2) with IdentityTransform
Transforming recyclerview-1.3.2.aar (androidx.recyclerview:recyclerview:1.3.2) with CopyTransform
Transforming viewpager2-1.1.0-beta02.aar (androidx.viewpager2:viewpager2:1.1.0-beta02) with IdentityTransform
Transforming recyclerview-1.3.2.aar (androidx.recyclerview:recyclerview:1.3.2) with AggregatedPackagesTransform
Transforming viewpager2-1.1.0-beta02.aar (androidx.viewpager2:viewpager2:1.1.0-beta02) with CopyTransform
Transforming viewpager2-1.1.0-beta02.aar (androidx.viewpager2:viewpager2:1.1.0-beta02) with AggregatedPackagesTransform
Transforming firebase-firestore-ktx-25.0.0.aar (com.google.firebase:firebase-firestore-ktx:25.0.0) with IdentityTransform
Transforming firebase-firestore-ktx-25.0.0.aar (com.google.firebase:firebase-firestore-ktx:25.0.0) with CopyTransform
Transforming firebase-firestore-25.0.0.aar (com.google.firebase:firebase-firestore:25.0.0) with IdentityTransform
Transforming firebase-firestore-ktx-25.0.0.aar (com.google.firebase:firebase-firestore-ktx:25.0.0) with AggregatedPackagesTransform
Transforming firebase-firestore-25.0.0.aar (com.google.firebase:firebase-firestore:25.0.0) with CopyTransform
Transforming firebase-firestore-25.0.0.aar (com.google.firebase:firebase-firestore:25.0.0) with AggregatedPackagesTransform
Transforming firebase-appcheck-interop-17.0.0.aar (com.google.firebase:firebase-appcheck-interop:17.0.0) with IdentityTransform
Transforming firebase-database-collection-18.0.1.aar (com.google.firebase:firebase-database-collection:18.0.1) with IdentityTransform
Transforming firebase-appcheck-interop-17.0.0.aar (com.google.firebase:firebase-appcheck-interop:17.0.0) with CopyTransform
Transforming firebase-appcheck-interop-17.0.0.aar (com.google.firebase:firebase-appcheck-interop:17.0.0) with AggregatedPackagesTransform
Transforming firebase-database-collection-18.0.1.aar (com.google.firebase:firebase-database-collection:18.0.1) with CopyTransform
Transforming firebase-database-collection-18.0.1.aar (com.google.firebase:firebase-database-collection:18.0.1) with AggregatedPackagesTransform
Transforming play-services-base-18.0.1.aar (com.google.android.gms:play-services-base:18.0.1) with IdentityTransform
Transforming play-services-base-18.0.1.aar (com.google.android.gms:play-services-base:18.0.1) with CopyTransform
Transforming play-services-base-18.0.1.aar (com.google.android.gms:play-services-base:18.0.1) with AggregatedPackagesTransform
Transforming firebase-analytics-22.0.2.aar (com.google.firebase:firebase-analytics:22.0.2) with IdentityTransform
Transforming firebase-analytics-ktx-22.0.2.aar (com.google.firebase:firebase-analytics-ktx:22.0.2) with IdentityTransform
Transforming firebase-analytics-22.0.2.aar (com.google.firebase:firebase-analytics:22.0.2) with CopyTransform
Transforming firebase-analytics-ktx-22.0.2.aar (com.google.firebase:firebase-analytics-ktx:22.0.2) with CopyTransform
Transforming firebase-analytics-ktx-22.0.2.aar (com.google.firebase:firebase-analytics-ktx:22.0.2) with AggregatedPackagesTransform
Transforming firebase-analytics-22.0.2.aar (com.google.firebase:firebase-analytics:22.0.2) with AggregatedPackagesTransform
Transforming play-services-measurement-api-22.0.2.aar (com.google.android.gms:play-services-measurement-api:22.0.2) with IdentityTransform
Transforming firebase-installations-18.0.0.aar (com.google.firebase:firebase-installations:18.0.0) with IdentityTransform
Transforming firebase-installations-18.0.0.aar (com.google.firebase:firebase-installations:18.0.0) with CopyTransform
Transforming play-services-measurement-api-22.0.2.aar (com.google.android.gms:play-services-measurement-api:22.0.2) with CopyTransform
Transforming firebase-installations-18.0.0.aar (com.google.firebase:firebase-installations:18.0.0) with AggregatedPackagesTransform
Transforming play-services-measurement-api-22.0.2.aar (com.google.android.gms:play-services-measurement-api:22.0.2) with AggregatedPackagesTransform
Transforming firebase-common-ktx-21.0.0.aar (com.google.firebase:firebase-common-ktx:21.0.0) with IdentityTransform
Transforming firebase-common-ktx-21.0.0.aar (com.google.firebase:firebase-common-ktx:21.0.0) with CopyTransform
Transforming firebase-common-ktx-21.0.0.aar (com.google.firebase:firebase-common-ktx:21.0.0) with AggregatedPackagesTransform
Transforming firebase-common-21.0.0.aar (com.google.firebase:firebase-common:21.0.0) with IdentityTransform
Transforming firebase-common-21.0.0.aar (com.google.firebase:firebase-common:21.0.0) with CopyTransform
Transforming firebase-common-21.0.0.aar (com.google.firebase:firebase-common:21.0.0) with AggregatedPackagesTransform
Transforming play-services-measurement-22.0.2.aar (com.google.android.gms:play-services-measurement:22.0.2) with IdentityTransform
Transforming play-services-measurement-sdk-22.0.2.aar (com.google.android.gms:play-services-measurement-sdk:22.0.2) with IdentityTransform
Transforming play-services-measurement-sdk-22.0.2.aar (com.google.android.gms:play-services-measurement-sdk:22.0.2) with CopyTransform
Transforming play-services-measurement-22.0.2.aar (com.google.android.gms:play-services-measurement:22.0.2) with CopyTransform
Transforming play-services-measurement-sdk-22.0.2.aar (com.google.android.gms:play-services-measurement-sdk:22.0.2) with AggregatedPackagesTransform
Transforming play-services-measurement-22.0.2.aar (com.google.android.gms:play-services-measurement:22.0.2) with AggregatedPackagesTransform
Transforming play-services-measurement-impl-22.0.2.aar (com.google.android.gms:play-services-measurement-impl:22.0.2) with IdentityTransform
Transforming firebase-auth-interop-19.0.2.aar (com.google.firebase:firebase-auth-interop:19.0.2) with IdentityTransform
Transforming play-services-measurement-impl-22.0.2.aar (com.google.android.gms:play-services-measurement-impl:22.0.2) with CopyTransform
Transforming firebase-auth-interop-19.0.2.aar (com.google.firebase:firebase-auth-interop:19.0.2) with CopyTransform
Transforming firebase-auth-interop-19.0.2.aar (com.google.firebase:firebase-auth-interop:19.0.2) with AggregatedPackagesTransform
Transforming play-services-measurement-impl-22.0.2.aar (com.google.android.gms:play-services-measurement-impl:22.0.2) with AggregatedPackagesTransform
Transforming play-services-ads-identifier-18.0.0.aar (com.google.android.gms:play-services-ads-identifier:18.0.0) with IdentityTransform
Transforming play-services-ads-identifier-18.0.0.aar (com.google.android.gms:play-services-ads-identifier:18.0.0) with CopyTransform
Transforming play-services-ads-identifier-18.0.0.aar (com.google.android.gms:play-services-ads-identifier:18.0.0) with AggregatedPackagesTransform
Transforming play-services-measurement-sdk-api-22.0.2.aar (com.google.android.gms:play-services-measurement-sdk-api:22.0.2) with IdentityTransform
Transforming play-services-measurement-base-22.0.2.aar (com.google.android.gms:play-services-measurement-base:22.0.2) with IdentityTransform
Transforming play-services-measurement-sdk-api-22.0.2.aar (com.google.android.gms:play-services-measurement-sdk-api:22.0.2) with CopyTransform
Transforming play-services-measurement-base-22.0.2.aar (com.google.android.gms:play-services-measurement-base:22.0.2) with CopyTransform
Transforming play-services-measurement-sdk-api-22.0.2.aar (com.google.android.gms:play-services-measurement-sdk-api:22.0.2) with AggregatedPackagesTransform
Transforming play-services-measurement-base-22.0.2.aar (com.google.android.gms:play-services-measurement-base:22.0.2) with AggregatedPackagesTransform
Transforming play-services-stats-17.0.2.aar (com.google.android.gms:play-services-stats:17.0.2) with IdentityTransform
Transforming play-services-stats-17.0.2.aar (com.google.android.gms:play-services-stats:17.0.2) with CopyTransform
Transforming play-services-stats-17.0.2.aar (com.google.android.gms:play-services-stats:17.0.2) with AggregatedPackagesTransform
Transforming material3-release.aar (androidx.compose.material3:material3-android:1.2.0) with IdentityTransform
Transforming material-ripple-release.aar (androidx.compose.material:material-ripple-android:1.6.2) with IdentityTransform
Transforming material-ripple-release.aar (androidx.compose.material:material-ripple-android:1.6.2) with CopyTransform
Transforming material3-release.aar (androidx.compose.material3:material3-android:1.2.0) with CopyTransform
Transforming material-ripple-release.aar (androidx.compose.material:material-ripple-android:1.6.2) with AggregatedPackagesTransform
Transforming material3-release.aar (androidx.compose.material3:material3-android:1.2.0) with AggregatedPackagesTransform
Transforming material-icons-core-release.aar (androidx.compose.material:material-icons-core-android:1.6.2) with IdentityTransform
Transforming material-release.aar (androidx.compose.material:material-android:1.6.2) with IdentityTransform
Transforming material-release.aar (androidx.compose.material:material-android:1.6.2) with CopyTransform
Transforming material-icons-core-release.aar (androidx.compose.material:material-icons-core-android:1.6.2) with CopyTransform
Transforming material-icons-core-release.aar (androidx.compose.material:material-icons-core-android:1.6.2) with AggregatedPackagesTransform
Transforming material-release.aar (androidx.compose.material:material-android:1.6.2) with AggregatedPackagesTransform
Transforming animation-core-release.aar (androidx.compose.animation:animation-core-android:1.6.2) with IdentityTransform
Transforming animation-release.aar (androidx.compose.animation:animation-android:1.6.2) with IdentityTransform
Transforming animation-release.aar (androidx.compose.animation:animation-android:1.6.2) with CopyTransform
Transforming animation-core-release.aar (androidx.compose.animation:animation-core-android:1.6.2) with CopyTransform
Transforming animation-release.aar (androidx.compose.animation:animation-android:1.6.2) with AggregatedPackagesTransform
Transforming animation-core-release.aar (androidx.compose.animation:animation-core-android:1.6.2) with AggregatedPackagesTransform
Transforming foundation-release.aar (androidx.compose.foundation:foundation-android:1.6.2) with IdentityTransform
Transforming foundation-layout-release.aar (androidx.compose.foundation:foundation-layout-android:1.6.2) with IdentityTransform
Transforming foundation-release.aar (androidx.compose.foundation:foundation-android:1.6.2) with CopyTransform
Transforming foundation-layout-release.aar (androidx.compose.foundation:foundation-layout-android:1.6.2) with CopyTransform
Transforming foundation-release.aar (androidx.compose.foundation:foundation-android:1.6.2) with AggregatedPackagesTransform
Transforming foundation-layout-release.aar (androidx.compose.foundation:foundation-layout-android:1.6.2) with AggregatedPackagesTransform
Transforming ui-tooling-data-release.aar (androidx.compose.ui:ui-tooling-data-android:1.6.2) with IdentityTransform
Transforming ui-unit-release.aar (androidx.compose.ui:ui-unit-android:1.6.2) with IdentityTransform
Transforming ui-unit-release.aar (androidx.compose.ui:ui-unit-android:1.6.2) with CopyTransform
Transforming ui-tooling-data-release.aar (androidx.compose.ui:ui-tooling-data-android:1.6.2) with CopyTransform
Transforming ui-unit-release.aar (androidx.compose.ui:ui-unit-android:1.6.2) with AggregatedPackagesTransform
Transforming ui-tooling-data-release.aar (androidx.compose.ui:ui-tooling-data-android:1.6.2) with AggregatedPackagesTransform
Transforming ui-geometry-release.aar (androidx.compose.ui:ui-geometry-android:1.6.2) with IdentityTransform
Transforming ui-util-release.aar (androidx.compose.ui:ui-util-android:1.6.2) with IdentityTransform
Transforming ui-util-release.aar (androidx.compose.ui:ui-util-android:1.6.2) with CopyTransform
Transforming ui-geometry-release.aar (androidx.compose.ui:ui-geometry-android:1.6.2) with CopyTransform
Transforming ui-util-release.aar (androidx.compose.ui:ui-util-android:1.6.2) with AggregatedPackagesTransform
Transforming ui-geometry-release.aar (androidx.compose.ui:ui-geometry-android:1.6.2) with AggregatedPackagesTransform
Transforming ui-text-release.aar (androidx.compose.ui:ui-text-android:1.6.2) with IdentityTransform
Transforming ui-tooling-preview-release.aar (androidx.compose.ui:ui-tooling-preview-android:1.6.2) with IdentityTransform
Transforming ui-text-release.aar (androidx.compose.ui:ui-text-android:1.6.2) with CopyTransform
Transforming ui-tooling-preview-release.aar (androidx.compose.ui:ui-tooling-preview-android:1.6.2) with CopyTransform
Transforming ui-text-release.aar (androidx.compose.ui:ui-text-android:1.6.2) with AggregatedPackagesTransform
Transforming ui-tooling-preview-release.aar (androidx.compose.ui:ui-tooling-preview-android:1.6.2) with AggregatedPackagesTransform
Transforming ui-graphics-release.aar (androidx.compose.ui:ui-graphics-android:1.6.2) with IdentityTransform
Transforming ui-tooling-release.aar (androidx.compose.ui:ui-tooling-android:1.6.2) with IdentityTransform
Transforming ui-tooling-release.aar (androidx.compose.ui:ui-tooling-android:1.6.2) with CopyTransform
Transforming ui-graphics-release.aar (androidx.compose.ui:ui-graphics-android:1.6.2) with CopyTransform
Transforming ui-graphics-release.aar (androidx.compose.ui:ui-graphics-android:1.6.2) with AggregatedPackagesTransform
Transforming ui-tooling-release.aar (androidx.compose.ui:ui-tooling-android:1.6.2) with AggregatedPackagesTransform
Transforming activity-compose-1.9.3.aar (androidx.activity:activity-compose:1.9.3) with IdentityTransform
Transforming emoji2-views-helper-1.3.0.aar (androidx.emoji2:emoji2-views-helper:1.3.0) with IdentityTransform
Transforming activity-compose-1.9.3.aar (androidx.activity:activity-compose:1.9.3) with CopyTransform
Transforming emoji2-views-helper-1.3.0.aar (androidx.emoji2:emoji2-views-helper:1.3.0) with CopyTransform
Transforming activity-compose-1.9.3.aar (androidx.activity:activity-compose:1.9.3) with AggregatedPackagesTransform
Transforming emoji2-views-helper-1.3.0.aar (androidx.emoji2:emoji2-views-helper:1.3.0) with AggregatedPackagesTransform
Transforming emoji2-1.3.0.aar (androidx.emoji2:emoji2:1.3.0) with IdentityTransform
Transforming slidingpanelayout-1.2.0.aar (androidx.slidingpanelayout:slidingpanelayout:1.2.0) with IdentityTransform
Transforming emoji2-1.3.0.aar (androidx.emoji2:emoji2:1.3.0) with CopyTransform
Transforming slidingpanelayout-1.2.0.aar (androidx.slidingpanelayout:slidingpanelayout:1.2.0) with CopyTransform
Transforming emoji2-1.3.0.aar (androidx.emoji2:emoji2:1.3.0) with AggregatedPackagesTransform
Transforming slidingpanelayout-1.2.0.aar (androidx.slidingpanelayout:slidingpanelayout:1.2.0) with AggregatedPackagesTransform
Transforming transition-1.5.0.aar (androidx.transition:transition:1.5.0) with IdentityTransform
Transforming transition-1.5.0.aar (androidx.transition:transition:1.5.0) with CopyTransform
Transforming dynamicanimation-1.0.0.aar (androidx.dynamicanimation:dynamicanimation:1.0.0) with IdentityTransform
Transforming dynamicanimation-1.0.0.aar (androidx.dynamicanimation:dynamicanimation:1.0.0) with CopyTransform
Transforming transition-1.5.0.aar (androidx.transition:transition:1.5.0) with AggregatedPackagesTransform
Transforming dynamicanimation-1.0.0.aar (androidx.dynamicanimation:dynamicanimation:1.0.0) with AggregatedPackagesTransform
Transforming legacy-support-core-utils-1.0.0.aar (androidx.legacy:legacy-support-core-utils:1.0.0) with IdentityTransform
Transforming legacy-support-core-utils-1.0.0.aar (androidx.legacy:legacy-support-core-utils:1.0.0) with CopyTransform
Transforming legacy-support-core-utils-1.0.0.aar (androidx.legacy:legacy-support-core-utils:1.0.0) with AggregatedPackagesTransform
Transforming loader-1.0.0.aar (androidx.loader:loader:1.0.0) with IdentityTransform
Transforming loader-1.0.0.aar (androidx.loader:loader:1.0.0) with IdentityTransform
Transforming loader-1.0.0.aar (androidx.loader:loader:1.0.0) with CopyTransform
Transforming loader-1.0.0.aar (androidx.loader:loader:1.0.0) with CopyTransform
Transforming loader-1.0.0.aar (androidx.loader:loader:1.0.0) with AggregatedPackagesTransform
Transforming loader-1.0.0.aar (androidx.loader:loader:1.0.0) with AggregatedPackagesTransform
Transforming drawerlayout-1.1.1.aar (androidx.drawerlayout:drawerlayout:1.1.1) with IdentityTransform
Transforming coordinatorlayout-1.1.0.aar (androidx.coordinatorlayout:coordinatorlayout:1.1.0) with IdentityTransform
Transforming drawerlayout-1.1.1.aar (androidx.drawerlayout:drawerlayout:1.1.1) with CopyTransform
Transforming coordinatorlayout-1.1.0.aar (androidx.coordinatorlayout:coordinatorlayout:1.1.0) with CopyTransform
Transforming coordinatorlayout-1.1.0.aar (androidx.coordinatorlayout:coordinatorlayout:1.1.0) with AggregatedPackagesTransform
Transforming drawerlayout-1.1.1.aar (androidx.drawerlayout:drawerlayout:1.1.1) with AggregatedPackagesTransform
Transforming vectordrawable-1.1.0.aar (androidx.vectordrawable:vectordrawable:1.1.0) with IdentityTransform
Transforming vectordrawable-animated-1.1.0.aar (androidx.vectordrawable:vectordrawable-animated:1.1.0) with IdentityTransform
Transforming vectordrawable-1.1.0.aar (androidx.vectordrawable:vectordrawable:1.1.0) with CopyTransform
Transforming vectordrawable-animated-1.1.0.aar (androidx.vectordrawable:vectordrawable-animated:1.1.0) with CopyTransform
Transforming vectordrawable-animated-1.1.0.aar (androidx.vectordrawable:vectordrawable-animated:1.1.0) with AggregatedPackagesTransform
Transforming vectordrawable-1.1.0.aar (androidx.vectordrawable:vectordrawable:1.1.0) with AggregatedPackagesTransform
Transforming vectordrawable-1.1.0.aar (androidx.vectordrawable:vectordrawable:1.1.0) with IdentityTransform
Transforming vectordrawable-1.1.0.aar (androidx.vectordrawable:vectordrawable:1.1.0) with CopyTransform
Transforming vectordrawable-1.1.0.aar (androidx.vectordrawable:vectordrawable:1.1.0) with AggregatedPackagesTransform
Transforming media-1.7.0.aar (androidx.media:media:1.7.0) with IdentityTransform
Transforming viewpager-1.0.0.aar (androidx.viewpager:viewpager:1.0.0) with IdentityTransform
Transforming viewpager-1.0.0.aar (androidx.viewpager:viewpager:1.0.0) with CopyTransform
Transforming media-1.7.0.aar (androidx.media:media:1.7.0) with CopyTransform
Transforming viewpager-1.0.0.aar (androidx.viewpager:viewpager:1.0.0) with AggregatedPackagesTransform
Transforming media-1.7.0.aar (androidx.media:media:1.7.0) with AggregatedPackagesTransform
Transforming customview-1.1.0.aar (androidx.customview:customview:1.1.0) with IdentityTransform
Transforming customview-1.1.0.aar (androidx.customview:customview:1.1.0) with IdentityTransform
Transforming customview-1.1.0.aar (androidx.customview:customview:1.1.0) with CopyTransform
Transforming customview-1.1.0.aar (androidx.customview:customview:1.1.0) with CopyTransform
Transforming customview-1.1.0.aar (androidx.customview:customview:1.1.0) with AggregatedPackagesTransform
Transforming customview-1.1.0.aar (androidx.customview:customview:1.1.0) with AggregatedPackagesTransform
Transforming autofill-1.0.0.aar (androidx.autofill:autofill:1.0.0) with IdentityTransform
Transforming window-1.0.0.aar (androidx.window:window:1.0.0) with IdentityTransform
Transforming window-1.0.0.aar (androidx.window:window:1.0.0) with CopyTransform
Transforming autofill-1.0.0.aar (androidx.autofill:autofill:1.0.0) with CopyTransform
Transforming window-1.0.0.aar (androidx.window:window:1.0.0) with AggregatedPackagesTransform
Transforming autofill-1.0.0.aar (androidx.autofill:autofill:1.0.0) with AggregatedPackagesTransform
Transforming core-1.13.1.aar (androidx.core:core:1.13.1) with IdentityTransform
Transforming core-1.13.1.aar (androidx.core:core:1.13.1) with IdentityTransform
Transforming core-1.13.1.aar (androidx.core:core:1.13.1) with CopyTransform
Transforming core-1.13.1.aar (androidx.core:core:1.13.1) with CopyTransform
Transforming core-1.13.1.aar (androidx.core:core:1.13.1) with AggregatedPackagesTransform
Transforming core-1.13.1.aar (androidx.core:core:1.13.1) with AggregatedPackagesTransform
Transforming savedstate-1.2.1.aar (androidx.savedstate:savedstate:1.2.1) with IdentityTransform
Transforming savedstate-ktx-1.2.1.aar (androidx.savedstate:savedstate-ktx:1.2.1) with IdentityTransform
Transforming savedstate-ktx-1.2.1.aar (androidx.savedstate:savedstate-ktx:1.2.1) with CopyTransform
Transforming savedstate-1.2.1.aar (androidx.savedstate:savedstate:1.2.1) with CopyTransform
Transforming savedstate-ktx-1.2.1.aar (androidx.savedstate:savedstate-ktx:1.2.1) with AggregatedPackagesTransform
Transforming savedstate-1.2.1.aar (androidx.savedstate:savedstate:1.2.1) with AggregatedPackagesTransform
Transforming lifecycle-common-java8-2.8.7.jar (androidx.lifecycle:lifecycle-common-java8:2.8.7) with JetifyTransform
Transforming lifecycle-service-2.8.7.aar (androidx.lifecycle:lifecycle-service:2.8.7) with IdentityTransform
Transforming lifecycle-common-java8-2.8.7.jar (androidx.lifecycle:lifecycle-common-java8:2.8.7) with IdentityTransform
Transforming lifecycle-service-2.8.7.aar (androidx.lifecycle:lifecycle-service:2.8.7) with CopyTransform
Transforming lifecycle-common-java8-2.8.7.jar (androidx.lifecycle:lifecycle-common-java8:2.8.7) with IdentityTransform
Transforming lifecycle-common-java8-2.8.7.jar (androidx.lifecycle:lifecycle-common-java8:2.8.7) with CopyTransform
Transforming lifecycle-service-2.8.7.aar (androidx.lifecycle:lifecycle-service:2.8.7) with AggregatedPackagesTransform
Transforming lifecycle-common-java8-2.8.7.jar (androidx.lifecycle:lifecycle-common-java8:2.8.7) with AggregatedPackagesTransform
Transforming lifecycle-common-jvm-2.8.7.jar (androidx.lifecycle:lifecycle-common-jvm:2.8.7) with AggregatedPackagesTransform
Transforming lifecycle-runtime-release.aar (androidx.lifecycle:lifecycle-runtime-android:2.8.7) with IdentityTransform
Transforming lifecycle-runtime-release.aar (androidx.lifecycle:lifecycle-runtime-android:2.8.7) with CopyTransform
Transforming lifecycle-runtime-release.aar (androidx.lifecycle:lifecycle-runtime-android:2.8.7) with AggregatedPackagesTransform
Transforming lifecycle-viewmodel-2.8.7.aar (androidx.lifecycle:lifecycle-viewmodel:2.8.7) with IdentityTransform
Transforming lifecycle-viewmodel-2.8.7.aar (androidx.lifecycle:lifecycle-viewmodel:2.8.7) with CopyTransform
Transforming lifecycle-viewmodel-2.8.7.aar (androidx.lifecycle:lifecycle-viewmodel:2.8.7) with AggregatedPackagesTransform
Transforming lifecycle-viewmodel-release.aar (androidx.lifecycle:lifecycle-viewmodel-android:2.8.7) with IdentityTransform
Transforming lifecycle-viewmodel-release.aar (androidx.lifecycle:lifecycle-viewmodel-android:2.8.7) with CopyTransform
Transforming lifecycle-livedata-core-2.8.7.aar (androidx.lifecycle:lifecycle-livedata-core:2.8.7) with IdentityTransform
Transforming lifecycle-viewmodel-release.aar (androidx.lifecycle:lifecycle-viewmodel-android:2.8.7) with AggregatedPackagesTransform
Transforming lifecycle-livedata-core-2.8.7.aar (androidx.lifecycle:lifecycle-livedata-core:2.8.7) with CopyTransform
Transforming lifecycle-livedata-core-2.8.7.aar (androidx.lifecycle:lifecycle-livedata-core:2.8.7) with AggregatedPackagesTransform
Transforming lifecycle-process-2.8.7.aar (androidx.lifecycle:lifecycle-process:2.8.7) with IdentityTransform
Transforming lifecycle-process-2.8.7.aar (androidx.lifecycle:lifecycle-process:2.8.7) with CopyTransform
Transforming lifecycle-process-2.8.7.aar (androidx.lifecycle:lifecycle-process:2.8.7) with AggregatedPackagesTransform
Transforming lifecycle-runtime-compose-release.aar (androidx.lifecycle:lifecycle-runtime-compose-android:2.8.7) with IdentityTransform
Transforming lifecycle-runtime-compose-release.aar (androidx.lifecycle:lifecycle-runtime-compose-android:2.8.7) with CopyTransform
Transforming lifecycle-runtime-compose-release.aar (androidx.lifecycle:lifecycle-runtime-compose-android:2.8.7) with AggregatedPackagesTransform
Transforming lifecycle-viewmodel-compose-release.aar (androidx.lifecycle:lifecycle-viewmodel-compose-android:2.8.7) with IdentityTransform
Transforming lifecycle-viewmodel-compose-release.aar (androidx.lifecycle:lifecycle-viewmodel-compose-android:2.8.7) with CopyTransform
Transforming lifecycle-viewmodel-compose-release.aar (androidx.lifecycle:lifecycle-viewmodel-compose-android:2.8.7) with AggregatedPackagesTransform
Transforming accompanist-drawablepainter-0.32.0.aar (com.google.accompanist:accompanist-drawablepainter:0.32.0) with IdentityTransform
Transforming accompanist-drawablepainter-0.32.0.aar (com.google.accompanist:accompanist-drawablepainter:0.32.0) with CopyTransform
Transforming ui-release.aar (androidx.compose.ui:ui-android:1.6.2) with IdentityTransform
Transforming accompanist-drawablepainter-0.32.0.aar (com.google.accompanist:accompanist-drawablepainter:0.32.0) with AggregatedPackagesTransform
Transforming ui-release.aar (androidx.compose.ui:ui-android:1.6.2) with CopyTransform
Transforming ui-release.aar (androidx.compose.ui:ui-android:1.6.2) with AggregatedPackagesTransform
Transforming ui-test-manifest-1.6.2.aar (androidx.compose.ui:ui-test-manifest:1.6.2) with IdentityTransform
Transforming ui-test-manifest-1.6.2.aar (androidx.compose.ui:ui-test-manifest:1.6.2) with CopyTransform
Transforming activity-1.9.3.aar (androidx.activity:activity:1.9.3) with IdentityTransform
Transforming ui-test-manifest-1.6.2.aar (androidx.compose.ui:ui-test-manifest:1.6.2) with AggregatedPackagesTransform
Transforming activity-1.9.3.aar (androidx.activity:activity:1.9.3) with CopyTransform
Transforming activity-1.9.3.aar (androidx.activity:activity:1.9.3) with AggregatedPackagesTransform
Transforming lifecycle-viewmodel-savedstate-2.8.7.aar (androidx.lifecycle:lifecycle-viewmodel-savedstate:2.8.7) with IdentityTransform
Transforming lifecycle-viewmodel-savedstate-2.8.7.aar (androidx.lifecycle:lifecycle-viewmodel-savedstate:2.8.7) with CopyTransform
Transforming lifecycle-viewmodel-savedstate-2.8.7.aar (androidx.lifecycle:lifecycle-viewmodel-savedstate:2.8.7) with AggregatedPackagesTransform
Transforming lifecycle-runtime-ktx-release.aar (androidx.lifecycle:lifecycle-runtime-ktx-android:2.8.7) with IdentityTransform
Transforming lifecycle-runtime-ktx-release.aar (androidx.lifecycle:lifecycle-runtime-ktx-android:2.8.7) with CopyTransform
Transforming lifecycle-runtime-ktx-release.aar (androidx.lifecycle:lifecycle-runtime-ktx-android:2.8.7) with AggregatedPackagesTransform
Transforming lifecycle-livedata-2.8.7.aar (androidx.lifecycle:lifecycle-livedata:2.8.7) with IdentityTransform
Transforming lifecycle-livedata-2.8.7.aar (androidx.lifecycle:lifecycle-livedata:2.8.7) with IdentityTransform
Transforming lifecycle-livedata-2.8.7.aar (androidx.lifecycle:lifecycle-livedata:2.8.7) with CopyTransform
Transforming lifecycle-livedata-2.8.7.aar (androidx.lifecycle:lifecycle-livedata:2.8.7) with CopyTransform
Transforming lifecycle-livedata-2.8.7.aar (androidx.lifecycle:lifecycle-livedata:2.8.7) with AggregatedPackagesTransform
Transforming lifecycle-livedata-2.8.7.aar (androidx.lifecycle:lifecycle-livedata:2.8.7) with AggregatedPackagesTransform
Transforming lifecycle-livedata-ktx-2.8.7.aar (androidx.lifecycle:lifecycle-livedata-ktx:2.8.7) with IdentityTransform
Transforming lifecycle-livedata-core-ktx-2.8.7.aar (androidx.lifecycle:lifecycle-livedata-core-ktx:2.8.7) with IdentityTransform
Transforming lifecycle-livedata-core-ktx-2.8.7.aar (androidx.lifecycle:lifecycle-livedata-core-ktx:2.8.7) with CopyTransform
Transforming lifecycle-livedata-ktx-2.8.7.aar (androidx.lifecycle:lifecycle-livedata-ktx:2.8.7) with CopyTransform
Transforming lifecycle-livedata-core-ktx-2.8.7.aar (androidx.lifecycle:lifecycle-livedata-core-ktx:2.8.7) with AggregatedPackagesTransform
Transforming lifecycle-livedata-ktx-2.8.7.aar (androidx.lifecycle:lifecycle-livedata-ktx:2.8.7) with AggregatedPackagesTransform
Transforming runtime-saveable-release.aar (androidx.compose.runtime:runtime-saveable-android:1.7.1) with IdentityTransform
Transforming lifecycle-viewmodel-ktx-2.8.7.aar (androidx.lifecycle:lifecycle-viewmodel-ktx:2.8.7) with IdentityTransform
Transforming lifecycle-viewmodel-ktx-2.8.7.aar (androidx.lifecycle:lifecycle-viewmodel-ktx:2.8.7) with CopyTransform
Transforming runtime-saveable-release.aar (androidx.compose.runtime:runtime-saveable-android:1.7.1) with CopyTransform
Transforming lifecycle-viewmodel-ktx-2.8.7.aar (androidx.lifecycle:lifecycle-viewmodel-ktx:2.8.7) with AggregatedPackagesTransform
Transforming runtime-saveable-release.aar (androidx.compose.runtime:runtime-saveable-android:1.7.1) with AggregatedPackagesTransform
Transforming kotlinx-coroutines-android-1.9.0.jar (org.jetbrains.kotlinx:kotlinx-coroutines-android:1.9.0) with AggregatedPackagesTransform
Transforming runtime-release.aar (androidx.compose.runtime:runtime-android:1.7.1) with IdentityTransform
Transforming runtime-release.aar (androidx.compose.runtime:runtime-android:1.7.1) with CopyTransform
Transforming ktor-server-content-negotiation-jvm-2.3.7.jar (io.ktor:ktor-server-content-negotiation-jvm:2.3.7) with AggregatedPackagesTransform
Transforming runtime-release.aar (androidx.compose.runtime:runtime-android:1.7.1) with AggregatedPackagesTransform
Transforming ktor-server-status-pages-jvm-2.3.7.jar (io.ktor:ktor-server-status-pages-jvm:2.3.7) with AggregatedPackagesTransform
Transforming ktor-server-cors-jvm-2.3.7.jar (io.ktor:ktor-server-cors-jvm:2.3.7) with AggregatedPackagesTransform
Transforming ktor-server-cio-jvm-2.3.7.jar (io.ktor:ktor-server-cio-jvm:2.3.7) with AggregatedPackagesTransform
Transforming ktor-server-host-common-jvm-2.3.7.jar (io.ktor:ktor-server-host-common-jvm:2.3.7) with AggregatedPackagesTransform
Transforming ktor-server-core-jvm-2.3.7.jar (io.ktor:ktor-server-core-jvm:2.3.7) with AggregatedPackagesTransform
Transforming ktor-serialization-gson-jvm-2.3.7.jar (io.ktor:ktor-serialization-gson-jvm:2.3.7) with AggregatedPackagesTransform
Transforming ktor-serialization-jvm-2.3.7.jar (io.ktor:ktor-serialization-jvm:2.3.7) with AggregatedPackagesTransform
Transforming ktor-events-jvm-2.3.7.jar (io.ktor:ktor-events-jvm:2.3.7) with AggregatedPackagesTransform
Transforming ktor-http-cio-jvm-2.3.7.jar (io.ktor:ktor-http-cio-jvm:2.3.7) with AggregatedPackagesTransform
Transforming ktor-websockets-jvm-2.3.7.jar (io.ktor:ktor-websockets-jvm:2.3.7) with AggregatedPackagesTransform
Transforming ktor-http-jvm-2.3.7.jar (io.ktor:ktor-http-jvm:2.3.7) with AggregatedPackagesTransform
Transforming ktor-network-jvm-2.3.7.jar (io.ktor:ktor-network-jvm:2.3.7) with AggregatedPackagesTransform
Transforming ktor-utils-jvm-2.3.7.jar (io.ktor:ktor-utils-jvm:2.3.7) with AggregatedPackagesTransform
Transforming ktor-io-jvm-2.3.7.jar (io.ktor:ktor-io-jvm:2.3.7) with AggregatedPackagesTransform
Transforming kotlinx-coroutines-jdk8-1.9.0.jar (org.jetbrains.kotlinx:kotlinx-coroutines-jdk8:1.9.0) with AggregatedPackagesTransform
Transforming ads-adservices-java-1.0.0-beta05.aar (androidx.privacysandbox.ads:ads-adservices-java:1.0.0-beta05) with IdentityTransform
Transforming ads-adservices-java-1.0.0-beta05.aar (androidx.privacysandbox.ads:ads-adservices-java:1.0.0-beta05) with CopyTransform
Transforming ads-adservices-1.0.0-beta05.aar (androidx.privacysandbox.ads:ads-adservices:1.0.0-beta05) with IdentityTransform
Transforming ads-adservices-1.0.0-beta05.aar (androidx.privacysandbox.ads:ads-adservices:1.0.0-beta05) with CopyTransform
Transforming ads-adservices-java-1.0.0-beta05.aar (androidx.privacysandbox.ads:ads-adservices-java:1.0.0-beta05) with AggregatedPackagesTransform
Transforming ads-adservices-1.0.0-beta05.aar (androidx.privacysandbox.ads:ads-adservices:1.0.0-beta05) with AggregatedPackagesTransform
Transforming ads-adservices-1.0.0-beta05.aar (androidx.privacysandbox.ads:ads-adservices:1.0.0-beta05) with IdentityTransform
Transforming ads-adservices-1.0.0-beta05.aar (androidx.privacysandbox.ads:ads-adservices:1.0.0-beta05) with CopyTransform
Transforming ads-adservices-1.0.0-beta05.aar (androidx.privacysandbox.ads:ads-adservices:1.0.0-beta05) with AggregatedPackagesTransform
Transforming kotlinx-coroutines-core-jvm-1.9.0.jar (org.jetbrains.kotlinx:kotlinx-coroutines-core-jvm:1.9.0) with AggregatedPackagesTransform
Transforming kotlinx-coroutines-play-services-1.9.0.jar (org.jetbrains.kotlinx:kotlinx-coroutines-play-services:1.9.0) with AggregatedPackagesTransform
Transforming firebase-installations-interop-17.1.1.aar (com.google.firebase:firebase-installations-interop:17.1.1) with IdentityTransform
Transforming firebase-installations-interop-17.1.1.aar (com.google.firebase:firebase-installations-interop:17.1.1) with CopyTransform
Transforming firebase-installations-interop-17.1.1.aar (com.google.firebase:firebase-installations-interop:17.1.1) with AggregatedPackagesTransform
Transforming play-services-tasks-18.2.0.aar (com.google.android.gms:play-services-tasks:18.2.0) with IdentityTransform
Transforming play-services-tasks-18.2.0.aar (com.google.android.gms:play-services-tasks:18.2.0) with CopyTransform
Transforming play-services-tasks-18.2.0.aar (com.google.android.gms:play-services-tasks:18.2.0) with AggregatedPackagesTransform
Transforming play-services-tasks-18.2.0.aar (com.google.android.gms:play-services-tasks:18.2.0) with IdentityTransform
Transforming play-services-tasks-18.2.0.aar (com.google.android.gms:play-services-tasks:18.2.0) with CopyTransform
Transforming play-services-tasks-18.2.0.aar (com.google.android.gms:play-services-tasks:18.2.0) with AggregatedPackagesTransform
Transforming firebase-measurement-connector-19.0.0.aar (com.google.firebase:firebase-measurement-connector:19.0.0) with IdentityTransform
Transforming play-services-basement-18.4.0.aar (com.google.android.gms:play-services-basement:18.4.0) with IdentityTransform
Transforming firebase-measurement-connector-19.0.0.aar (com.google.firebase:firebase-measurement-connector:19.0.0) with CopyTransform
Transforming play-services-basement-18.4.0.aar (com.google.android.gms:play-services-basement:18.4.0) with CopyTransform
Transforming firebase-measurement-connector-19.0.0.aar (com.google.firebase:firebase-measurement-connector:19.0.0) with AggregatedPackagesTransform
Transforming play-services-basement-18.4.0.aar (com.google.android.gms:play-services-basement:18.4.0) with AggregatedPackagesTransform
Transforming fragment-1.8.5.aar (androidx.fragment:fragment:1.8.5) with IdentityTransform
Transforming fragment-1.8.5.aar (androidx.fragment:fragment:1.8.5) with IdentityTransform
Transforming fragment-1.8.5.aar (androidx.fragment:fragment:1.8.5) with CopyTransform
Transforming fragment-1.8.5.aar (androidx.fragment:fragment:1.8.5) with CopyTransform
Transforming fragment-1.8.5.aar (androidx.fragment:fragment:1.8.5) with AggregatedPackagesTransform
Transforming fragment-1.8.5.aar (androidx.fragment:fragment:1.8.5) with AggregatedPackagesTransform
Transforming activity-ktx-1.9.3.aar (androidx.activity:activity-ktx:1.9.3) with IdentityTransform
Transforming fragment-ktx-1.8.5.aar (androidx.fragment:fragment-ktx:1.8.5) with IdentityTransform
Transforming activity-ktx-1.9.3.aar (androidx.activity:activity-ktx:1.9.3) with CopyTransform
Transforming fragment-ktx-1.8.5.aar (androidx.fragment:fragment-ktx:1.8.5) with CopyTransform
Transforming activity-ktx-1.9.3.aar (androidx.activity:activity-ktx:1.9.3) with AggregatedPackagesTransform
Transforming fragment-ktx-1.8.5.aar (androidx.fragment:fragment-ktx:1.8.5) with AggregatedPackagesTransform
Transforming core-ktx-1.13.1.aar (androidx.core:core-ktx:1.13.1) with IdentityTransform
Transforming customview-poolingcontainer-1.0.0.aar (androidx.customview:customview-poolingcontainer:1.0.0) with IdentityTransform
Transforming core-ktx-1.13.1.aar (androidx.core:core-ktx:1.13.1) with CopyTransform
Transforming customview-poolingcontainer-1.0.0.aar (androidx.customview:customview-poolingcontainer:1.0.0) with CopyTransform
Transforming core-ktx-1.13.1.aar (androidx.core:core-ktx:1.13.1) with AggregatedPackagesTransform
Transforming customview-poolingcontainer-1.0.0.aar (androidx.customview:customview-poolingcontainer:1.0.0) with AggregatedPackagesTransform
Transforming kotlin-android-extensions-runtime-1.9.25.jar (org.jetbrains.kotlin:kotlin-android-extensions-runtime:1.9.25) with AggregatedPackagesTransform
Transforming flexbox-3.0.0.aar (com.google.android.flexbox:flexbox:3.0.0) with IdentityTransform
Transforming flexbox-3.0.0.aar (com.google.android.flexbox:flexbox:3.0.0) with CopyTransform
Transforming flexbox-3.0.0.aar (com.google.android.flexbox:flexbox:3.0.0) with AggregatedPackagesTransform
Transforming sqlite-framework-2.4.0.aar (androidx.sqlite:sqlite-framework:2.4.0) with IdentityTransform
Transforming sqlite-framework-2.4.0.aar (androidx.sqlite:sqlite-framework:2.4.0) with CopyTransform
Transforming sqlite-framework-2.4.0.aar (androidx.sqlite:sqlite-framework:2.4.0) with AggregatedPackagesTransform
Transforming sqlite-2.4.0.aar (androidx.sqlite:sqlite:2.4.0) with IdentityTransform
Transforming sqlite-2.4.0.aar (androidx.sqlite:sqlite:2.4.0) with CopyTransform
Transforming sqlite-2.4.0.aar (androidx.sqlite:sqlite:2.4.0) with AggregatedPackagesTransform
Transforming kotlin-reflect-1.8.22.jar (org.jetbrains.kotlin:kotlin-reflect:1.8.22) with AggregatedPackagesTransform
Transforming security-crypto-1.1.0-alpha06.aar (androidx.security:security-crypto:1.1.0-alpha06) with IdentityTransform
Transforming cursoradapter-1.0.0.aar (androidx.cursoradapter:cursoradapter:1.0.0) with IdentityTransform
Transforming cursoradapter-1.0.0.aar (androidx.cursoradapter:cursoradapter:1.0.0) with CopyTransform
Transforming security-crypto-1.1.0-alpha06.aar (androidx.security:security-crypto:1.1.0-alpha06) with CopyTransform
Transforming cursoradapter-1.0.0.aar (androidx.cursoradapter:cursoradapter:1.0.0) with AggregatedPackagesTransform
Transforming security-crypto-1.1.0-alpha06.aar (androidx.security:security-crypto:1.1.0-alpha06) with AggregatedPackagesTransform
Transforming resourceinspection-annotation-1.0.1.jar (androidx.resourceinspection:resourceinspection-annotation:1.0.1) with AggregatedPackagesTransform
Transforming profileinstaller-1.3.1.aar (androidx.profileinstaller:profileinstaller:1.3.1) with IdentityTransform
Transforming profileinstaller-1.3.1.aar (androidx.profileinstaller:profileinstaller:1.3.1) with CopyTransform
Transforming profileinstaller-1.3.1.aar (androidx.profileinstaller:profileinstaller:1.3.1) with AggregatedPackagesTransform
Transforming cardview-1.0.0.aar (androidx.cardview:cardview:1.0.0) with IdentityTransform
Transforming cardview-1.0.0.aar (androidx.cardview:cardview:1.0.0) with CopyTransform
Transforming cardview-1.0.0.aar (androidx.cardview:cardview:1.0.0) with AggregatedPackagesTransform
Transforming core-runtime-2.2.0.aar (androidx.arch.core:core-runtime:2.2.0) with IdentityTransform
Transforming core-runtime-2.2.0.aar (androidx.arch.core:core-runtime:2.2.0) with CopyTransform
Transforming core-runtime-2.2.0.aar (androidx.arch.core:core-runtime:2.2.0) with AggregatedPackagesTransform
Transforming gifdecoder-4.16.0.aar (com.github.bumptech.glide:gifdecoder:4.16.0) with IdentityTransform
Transforming gifdecoder-4.16.0.aar (com.github.bumptech.glide:gifdecoder:4.16.0) with CopyTransform
Transforming gifdecoder-4.16.0.aar (com.github.bumptech.glide:gifdecoder:4.16.0) with AggregatedPackagesTransform
Transforming startup-runtime-1.1.1.aar (androidx.startup:startup-runtime:1.1.1) with IdentityTransform
Transforming startup-runtime-1.1.1.aar (androidx.startup:startup-runtime:1.1.1) with CopyTransform
Transforming tracing-1.0.0.aar (androidx.tracing:tracing:1.0.0) with IdentityTransform
Transforming startup-runtime-1.1.1.aar (androidx.startup:startup-runtime:1.1.1) with AggregatedPackagesTransform
Transforming tracing-1.0.0.aar (androidx.tracing:tracing:1.0.0) with CopyTransform
Transforming tracing-1.0.0.aar (androidx.tracing:tracing:1.0.0) with AggregatedPackagesTransform
Transforming firebase-components-18.0.0.aar (com.google.firebase:firebase-components:18.0.0) with IdentityTransform
Transforming firebase-components-18.0.0.aar (com.google.firebase:firebase-components:18.0.0) with CopyTransform
Transforming firebase-components-18.0.0.aar (com.google.firebase:firebase-components:18.0.0) with AggregatedPackagesTransform
Transforming interpolator-1.0.0.aar (androidx.interpolator:interpolator:1.0.0) with IdentityTransform
Transforming interpolator-1.0.0.aar (androidx.interpolator:interpolator:1.0.0) with IdentityTransform
Transforming interpolator-1.0.0.aar (androidx.interpolator:interpolator:1.0.0) with CopyTransform
Transforming interpolator-1.0.0.aar (androidx.interpolator:interpolator:1.0.0) with CopyTransform
Transforming interpolator-1.0.0.aar (androidx.interpolator:interpolator:1.0.0) with AggregatedPackagesTransform
Transforming interpolator-1.0.0.aar (androidx.interpolator:interpolator:1.0.0) with AggregatedPackagesTransform
Transforming concurrent-futures-1.1.0.jar (androidx.concurrent:concurrent-futures:1.1.0) with JetifyTransform
Transforming versionedparcelable-1.1.1.aar (androidx.versionedparcelable:versionedparcelable:1.1.1) with IdentityTransform
Transforming concurrent-futures-1.1.0.jar (androidx.concurrent:concurrent-futures:1.1.0) with IdentityTransform
Transforming concurrent-futures-1.1.0.jar (androidx.concurrent:concurrent-futures:1.1.0) with IdentityTransform
Transforming versionedparcelable-1.1.1.aar (androidx.versionedparcelable:versionedparcelable:1.1.1) with CopyTransform
Transforming concurrent-futures-1.1.0.jar (androidx.concurrent:concurrent-futures:1.1.0) with CopyTransform
Transforming versionedparcelable-1.1.1.aar (androidx.versionedparcelable:versionedparcelable:1.1.1) with AggregatedPackagesTransform
Transforming concurrent-futures-1.1.0.jar (androidx.concurrent:concurrent-futures:1.1.0) with AggregatedPackagesTransform
Transforming core-common-2.2.0.jar (androidx.arch.core:core-common:2.2.0) with AggregatedPackagesTransform
Transforming documentfile-1.0.0.aar (androidx.documentfile:documentfile:1.0.0) with IdentityTransform
Transforming documentfile-1.0.0.aar (androidx.documentfile:documentfile:1.0.0) with CopyTransform
Transforming documentfile-1.0.0.aar (androidx.documentfile:documentfile:1.0.0) with AggregatedPackagesTransform
Transforming localbroadcastmanager-1.0.0.aar (androidx.localbroadcastmanager:localbroadcastmanager:1.0.0) with IdentityTransform
Transforming localbroadcastmanager-1.0.0.aar (androidx.localbroadcastmanager:localbroadcastmanager:1.0.0) with CopyTransform
Transforming localbroadcastmanager-1.0.0.aar (androidx.localbroadcastmanager:localbroadcastmanager:1.0.0) with AggregatedPackagesTransform
Transforming print-1.0.0.aar (androidx.print:print:1.0.0) with IdentityTransform
Transforming print-1.0.0.aar (androidx.print:print:1.0.0) with CopyTransform
Transforming print-1.0.0.aar (androidx.print:print:1.0.0) with AggregatedPackagesTransform
Transforming exifinterface-1.3.7.aar (androidx.exifinterface:exifinterface:1.3.7) with IdentityTransform
Transforming exifinterface-1.3.7.aar (androidx.exifinterface:exifinterface:1.3.7) with CopyTransform
Transforming exifinterface-1.3.7.aar (androidx.exifinterface:exifinterface:1.3.7) with AggregatedPackagesTransform
Transforming collection-ktx-1.4.0.jar (androidx.collection:collection-ktx:1.4.0) with AggregatedPackagesTransform
Transforming collection-jvm-1.4.0.jar (androidx.collection:collection-jvm:1.4.0) with AggregatedPackagesTransform
Transforming annotation-jvm-1.8.1.jar (androidx.annotation:annotation-jvm:1.8.1) with AggregatedPackagesTransform
Transforming converter-scalars-2.9.0.jar (com.squareup.retrofit2:converter-scalars:2.9.0) with AggregatedPackagesTransform
Transforming converter-gson-2.9.0.jar (com.squareup.retrofit2:converter-gson:2.9.0) with AggregatedPackagesTransform
Transforming retrofit-2.9.0.jar (com.squareup.retrofit2:retrofit:2.9.0) with AggregatedPackagesTransform
Transforming logging-interceptor-4.12.0.jar (com.squareup.okhttp3:logging-interceptor:4.12.0) with AggregatedPackagesTransform
Transforming okhttp-4.12.0.jar (com.squareup.okhttp3:okhttp:4.12.0) with AggregatedPackagesTransform
Transforming kotlin-stdlib-jdk8-1.9.0.jar (org.jetbrains.kotlin:kotlin-stdlib-jdk8:1.9.0) with AggregatedPackagesTransform
Transforming kotlin-stdlib-jdk7-1.9.0.jar (org.jetbrains.kotlin:kotlin-stdlib-jdk7:1.9.0) with AggregatedPackagesTransform
Transforming annotation-experimental-1.4.1.aar (androidx.annotation:annotation-experimental:1.4.1) with IdentityTransform
Transforming annotation-experimental-1.4.1.aar (androidx.annotation:annotation-experimental:1.4.1) with CopyTransform
Transforming grpc-okhttp-1.57.2.jar (io.grpc:grpc-okhttp:1.57.2) with JetifyTransform
Transforming annotation-experimental-1.4.1.aar (androidx.annotation:annotation-experimental:1.4.1) with AggregatedPackagesTransform
Transforming grpc-okhttp-1.57.2.jar (io.grpc:grpc-okhttp:1.57.2) with IdentityTransform
Transforming grpc-okhttp-1.57.2.jar (io.grpc:grpc-okhttp:1.57.2) with IdentityTransform
Transforming grpc-okhttp-1.57.2.jar (io.grpc:grpc-okhttp:1.57.2) with CopyTransform
Transforming okio-jvm-3.8.0.jar (com.squareup.okio:okio-jvm:3.8.0) with AggregatedPackagesTransform
Transforming grpc-okhttp-1.57.2.jar (io.grpc:grpc-okhttp:1.57.2) with AggregatedPackagesTransform
Transforming kotlin-stdlib-2.0.0.jar (org.jetbrains.kotlin:kotlin-stdlib:2.0.0) with AggregatedPackagesTransform
Transforming multidex-2.0.1.aar (androidx.multidex:multidex:2.0.1) with IdentityTransform
Transforming tink-android-1.8.0.jar (com.google.crypto.tink:tink-android:1.8.0) with JetifyTransform
Transforming multidex-2.0.1.aar (androidx.multidex:multidex:2.0.1) with CopyTransform
Transforming tink-android-1.8.0.jar (com.google.crypto.tink:tink-android:1.8.0) with IdentityTransform
Transforming multidex-2.0.1.aar (androidx.multidex:multidex:2.0.1) with AggregatedPackagesTransform
Transforming tink-android-1.8.0.jar (com.google.crypto.tink:tink-android:1.8.0) with IdentityTransform
Transforming tink-android-1.8.0.jar (com.google.crypto.tink:tink-android:1.8.0) with CopyTransform
Transforming tink-android-1.8.0.jar (com.google.crypto.tink:tink-android:1.8.0) with AggregatedPackagesTransform
Transforming grpc-core-1.57.2.jar (io.grpc:grpc-core:1.57.2) with JetifyTransform
Transforming grpc-android-1.57.2.aar (io.grpc:grpc-android:1.57.2) with IdentityTransform
Transforming grpc-android-1.57.2.aar (io.grpc:grpc-android:1.57.2) with CopyTransform
Transforming grpc-core-1.57.2.jar (io.grpc:grpc-core:1.57.2) with IdentityTransform
Transforming grpc-android-1.57.2.aar (io.grpc:grpc-android:1.57.2) with AggregatedPackagesTransform
Transforming grpc-core-1.57.2.jar (io.grpc:grpc-core:1.57.2) with IdentityTransform
Transforming grpc-core-1.57.2.jar (io.grpc:grpc-core:1.57.2) with CopyTransform
Transforming grpc-core-1.57.2.jar (io.grpc:grpc-core:1.57.2) with AggregatedPackagesTransform
Transforming gson-2.10.1.jar (com.google.code.gson:gson:2.10.1) with AggregatedPackagesTransform
Transforming zxing-android-embedded-4.3.0.aar (com.journeyapps:zxing-android-embedded:4.3.0) with IdentityTransform
Transforming core-3.5.2.jar (com.google.zxing:core:3.5.2) with AggregatedPackagesTransform
Transforming zxing-android-embedded-4.3.0.aar (com.journeyapps:zxing-android-embedded:4.3.0) with CopyTransform
Transforming zxing-android-embedded-4.3.0.aar (com.journeyapps:zxing-android-embedded:4.3.0) with AggregatedPackagesTransform
Transforming annotations-23.0.0.jar (org.jetbrains:annotations:23.0.0) with AggregatedPackagesTransform
Transforming grpc-stub-1.57.2.jar (io.grpc:grpc-stub:1.57.2) with JetifyTransform
Transforming grpc-protobuf-lite-1.57.2.jar (io.grpc:grpc-protobuf-lite:1.57.2) with JetifyTransform
Transforming grpc-stub-1.57.2.jar (io.grpc:grpc-stub:1.57.2) with IdentityTransform
Transforming grpc-stub-1.57.2.jar (io.grpc:grpc-stub:1.57.2) with IdentityTransform
Transforming grpc-stub-1.57.2.jar (io.grpc:grpc-stub:1.57.2) with CopyTransform
Transforming grpc-protobuf-lite-1.57.2.jar (io.grpc:grpc-protobuf-lite:1.57.2) with IdentityTransform
Transforming grpc-stub-1.57.2.jar (io.grpc:grpc-stub:1.57.2) with AggregatedPackagesTransform
Transforming grpc-protobuf-lite-1.57.2.jar (io.grpc:grpc-protobuf-lite:1.57.2) with IdentityTransform
Transforming grpc-protobuf-lite-1.57.2.jar (io.grpc:grpc-protobuf-lite:1.57.2) with CopyTransform
Transforming grpc-protobuf-lite-1.57.2.jar (io.grpc:grpc-protobuf-lite:1.57.2) with AggregatedPackagesTransform
Transforming grpc-context-1.57.2.jar (io.grpc:grpc-context:1.57.2) with JetifyTransform
Transforming grpc-api-1.57.2.jar (io.grpc:grpc-api:1.57.2) with JetifyTransform
Transforming grpc-context-1.57.2.jar (io.grpc:grpc-context:1.57.2) with IdentityTransform
Transforming grpc-context-1.57.2.jar (io.grpc:grpc-context:1.57.2) with IdentityTransform
Transforming grpc-context-1.57.2.jar (io.grpc:grpc-context:1.57.2) with CopyTransform
Transforming grpc-api-1.57.2.jar (io.grpc:grpc-api:1.57.2) with IdentityTransform
Transforming grpc-context-1.57.2.jar (io.grpc:grpc-context:1.57.2) with AggregatedPackagesTransform
Transforming grpc-api-1.57.2.jar (io.grpc:grpc-api:1.57.2) with IdentityTransform
Transforming grpc-api-1.57.2.jar (io.grpc:grpc-api:1.57.2) with CopyTransform
Transforming grpc-api-1.57.2.jar (io.grpc:grpc-api:1.57.2) with AggregatedPackagesTransform
Transforming guava-33.3.1-android.jar (com.google.guava:guava:33.3.1-android) with AggregatedPackagesTransform
Transforming error_prone_annotations-2.28.0.jar (com.google.errorprone:error_prone_annotations:2.28.0) with AggregatedPackagesTransform
Transforming constraintlayout-core-1.0.4.jar (androidx.constraintlayout:constraintlayout-core:1.0.4) with JetifyTransform
Transforming constraintlayout-core-1.0.4.jar (androidx.constraintlayout:constraintlayout-core:1.0.4) with IdentityTransform
Transforming disklrucache-4.16.0.jar (com.github.bumptech.glide:disklrucache:4.16.0) with AggregatedPackagesTransform
Transforming constraintlayout-core-1.0.4.jar (androidx.constraintlayout:constraintlayout-core:1.0.4) with IdentityTransform
Transforming constraintlayout-core-1.0.4.jar (androidx.constraintlayout:constraintlayout-core:1.0.4) with CopyTransform
Transforming constraintlayout-core-1.0.4.jar (androidx.constraintlayout:constraintlayout-core:1.0.4) with AggregatedPackagesTransform
Transforming annotations-4.16.0.jar (com.github.bumptech.glide:annotations:4.16.0) with AggregatedPackagesTransform
Transforming hilt-common-1.2.0.jar (androidx.hilt:hilt-common:1.2.0) with AggregatedPackagesTransform
Transforming hilt-core-2.51.1.jar (com.google.dagger:hilt-core:2.51.1) with AggregatedPackagesTransform
Transforming dagger-2.51.1.jar (com.google.dagger:dagger:2.51.1) with AggregatedPackagesTransform
Transforming dagger-lint-aar-2.51.1.aar (com.google.dagger:dagger-lint-aar:2.51.1) with IdentityTransform
Transforming jsr305-3.0.2.jar (com.google.code.findbugs:jsr305:3.0.2) with AggregatedPackagesTransform
Transforming dagger-lint-aar-2.51.1.aar (com.google.dagger:dagger-lint-aar:2.51.1) with CopyTransform
Transforming dagger-lint-aar-2.51.1.aar (com.google.dagger:dagger-lint-aar:2.51.1) with AggregatedPackagesTransform
Transforming firebase-annotations-16.2.0.jar (com.google.firebase:firebase-annotations:16.2.0) with AggregatedPackagesTransform
Transforming javax.inject-1.jar (javax.inject:javax.inject:1) with AggregatedPackagesTransform
Transforming listenablefuture-9999.0-empty-to-avoid-conflict-with-guava.jar (com.google.guava:listenablefuture:9999.0-empty-to-avoid-conflict-with-guava) with AggregatedPackagesTransform
Transforming failureaccess-1.0.2.jar (com.google.guava:failureaccess:1.0.2) with AggregatedPackagesTransform
Transforming slf4j-api-1.7.36.jar (org.slf4j:slf4j-api:1.7.36) with AggregatedPackagesTransform
Transforming jansi-2.4.0.jar (org.fusesource.jansi:jansi:2.4.0) with JetifyTransform
Transforming config-1.4.2.jar (com.typesafe:config:1.4.2) with AggregatedPackagesTransform
Transforming jansi-2.4.0.jar (org.fusesource.jansi:jansi:2.4.0) with IdentityTransform
Transforming jansi-2.4.0.jar (org.fusesource.jansi:jansi:2.4.0) with IdentityTransform
Transforming jansi-2.4.0.jar (org.fusesource.jansi:jansi:2.4.0) with CopyTransform
Transforming protolite-well-known-types-18.0.0.aar (com.google.firebase:protolite-well-known-types:18.0.0) with IdentityTransform
Transforming jansi-2.4.0.jar (org.fusesource.jansi:jansi:2.4.0) with AggregatedPackagesTransform
Transforming protolite-well-known-types-18.0.0.aar (com.google.firebase:protolite-well-known-types:18.0.0) with CopyTransform
Transforming protolite-well-known-types-18.0.0.aar (com.google.firebase:protolite-well-known-types:18.0.0) with AggregatedPackagesTransform
Transforming protobuf-javalite-3.22.3.jar (com.google.protobuf:protobuf-javalite:3.22.3) with AggregatedPackagesTransform
Transforming perfmark-api-0.26.0.jar (io.perfmark:perfmark-api:0.26.0) with IdentityTransform
Transforming checker-qual-3.43.0.jar (org.checkerframework:checker-qual:3.43.0) with AggregatedPackagesTransform
Transforming perfmark-api-0.26.0.jar (io.perfmark:perfmark-api:0.26.0) with IdentityTransform
Transforming perfmark-api-0.26.0.jar (io.perfmark:perfmark-api:0.26.0) with CopyTransform
Transforming perfmark-api-0.26.0.jar (io.perfmark:perfmark-api:0.26.0) with AggregatedPackagesTransform
Transforming j2objc-annotations-3.0.0.jar (com.google.j2objc:j2objc-annotations:3.0.0) with AggregatedPackagesTransform
Transforming annotations-4.1.1.4.jar (com.google.android:annotations:4.1.1.4) with IdentityTransform
Transforming animal-sniffer-annotations-1.23.jar (org.codehaus.mojo:animal-sniffer-annotations:1.23) with IdentityTransform
Transforming animal-sniffer-annotations-1.23.jar (org.codehaus.mojo:animal-sniffer-annotations:1.23) with IdentityTransform
Transforming annotations-4.1.1.4.jar (com.google.android:annotations:4.1.1.4) with IdentityTransform
Transforming animal-sniffer-annotations-1.23.jar (org.codehaus.mojo:animal-sniffer-annotations:1.23) with CopyTransform
Transforming annotations-4.1.1.4.jar (com.google.android:annotations:4.1.1.4) with CopyTransform
Transforming animal-sniffer-annotations-1.23.jar (org.codehaus.mojo:animal-sniffer-annotations:1.23) with AggregatedPackagesTransform
Transforming annotations-4.1.1.4.jar (com.google.android:annotations:4.1.1.4) with AggregatedPackagesTransform
Registered task dependencies: app:hiltCompileOnlyDebug
Starting dependency analysis
Transforming android.jar with JetifyTransform
Transforming core-lambda-stubs.jar with JetifyTransform
Transforming R.jar with JetifyTransform
Transforming jetified-viewbinding-8.7.1-api.jar with JetifyTransform
Transforming jetified-kotlin-parcelize-runtime-1.9.25.jar with JetifyTransform
Transforming jetified-preference-ktx-1.2.1-api.jar with JetifyTransform
Transforming material-1.12.0-api.jar with JetifyTransform
Transforming jetified-appcompat-resources-1.7.0-api.jar with JetifyTransform
Transforming preference-1.2.1-api.jar with JetifyTransform
Transforming appcompat-1.7.0-api.jar with JetifyTransform
Transforming jetified-okhttp3-integration-4.16.0-api.jar with JetifyTransform
Transforming jetified-glide-4.16.0-api.jar with JetifyTransform
Transforming jetified-hilt-work-1.2.0-api.jar with JetifyTransform
Transforming jetified-hilt-android-2.51.1-api.jar with JetifyTransform
Transforming jetified-viewpager2-1.1.0-beta02-api.jar with JetifyTransform
Transforming jetified-firebase-firestore-ktx-25.0.0-api.jar with JetifyTransform
Transforming jetified-firebase-firestore-25.0.0-api.jar with JetifyTransform
Transforming jetified-firebase-appcheck-interop-17.0.0-api.jar with JetifyTransform
Transforming jetified-firebase-auth-interop-19.0.2-api.jar with JetifyTransform
Transforming jetified-firebase-analytics-ktx-22.0.2-api.jar with JetifyTransform
Transforming jetified-firebase-analytics-22.0.2-api.jar with JetifyTransform
Transforming jetified-play-services-measurement-api-22.0.2-api.jar with JetifyTransform
Transforming jetified-firebase-installations-18.0.0-api.jar with JetifyTransform
Transforming jetified-firebase-common-ktx-21.0.0-api.jar with JetifyTransform
Transforming jetified-firebase-common-21.0.0-api.jar with JetifyTransform
Transforming room-common-2.6.1.jar with JetifyTransform
Transforming room-common-2.6.1.jar with IdentityTransform
Transforming room-common-2.6.1.jar with IdentityTransform
Transforming room-common-2.6.1.jar with CopyTransform
Transforming room-common-2.6.1.jar with AggregatedPackagesTransform
Transforming jetified-room-ktx-2.6.1-api.jar with JetifyTransform
Transforming room-runtime-2.6.1-api.jar with JetifyTransform
Transforming jetified-room-paging-2.6.1-api.jar with JetifyTransform
Transforming jetified-paging-common-release-api.jar with JetifyTransform
Transforming jetified-paging-common-ktx-3.3.2.jar with JetifyTransform
Transforming jetified-paging-runtime-ktx-3.3.2-api.jar with JetifyTransform
Transforming paging-runtime-3.3.2-api.jar with JetifyTransform
Transforming jetified-activity-compose-1.9.3-api.jar with JetifyTransform
Transforming jetified-material3-release-api.jar with JetifyTransform
Transforming jetified-ui-util-release-api.jar with JetifyTransform
Transforming jetified-ui-unit-release-api.jar with JetifyTransform
Transforming jetified-ui-text-release-api.jar with JetifyTransform
Transforming jetified-coil-compose-2.6.0-api.jar with JetifyTransform
Transforming jetified-coil-compose-base-2.6.0-api.jar with JetifyTransform
Transforming jetified-foundation-layout-release-api.jar with JetifyTransform
Transforming jetified-material-icons-core-release-api.jar with JetifyTransform
Transforming jetified-material-ripple-release-api.jar with JetifyTransform
Transforming jetified-foundation-release-api.jar with JetifyTransform
Transforming jetified-animation-core-release-api.jar with JetifyTransform
Transforming jetified-animation-release-api.jar with JetifyTransform
Transforming jetified-ui-geometry-release-api.jar with JetifyTransform
Transforming jetified-ui-tooling-data-release-api.jar with JetifyTransform
Transforming jetified-ui-tooling-preview-release-api.jar with JetifyTransform
Transforming jetified-ui-graphics-release-api.jar with JetifyTransform
Transforming recyclerview-1.3.2-api.jar with JetifyTransform
Transforming drawerlayout-1.1.1-api.jar with JetifyTransform
Transforming coordinatorlayout-1.1.0-api.jar with JetifyTransform
Transforming dynamicanimation-1.0.0-api.jar with JetifyTransform
Transforming transition-1.5.0-api.jar with JetifyTransform
Transforming vectordrawable-animated-1.1.0-api.jar with JetifyTransform
Transforming vectordrawable-1.1.0-api.jar with JetifyTransform
Transforming viewpager-1.0.0-api.jar with JetifyTransform
Transforming slidingpanelayout-1.2.0-api.jar with JetifyTransform
Transforming customview-1.1.0-api.jar with JetifyTransform
Transforming android.jar with IdentityTransform
Transforming jetified-play-services-measurement-22.0.2-api.jar with JetifyTransform
Transforming jetified-play-services-measurement-sdk-22.0.2-api.jar with JetifyTransform
Transforming jetified-play-services-measurement-impl-22.0.2-api.jar with JetifyTransform
Transforming jetified-play-services-stats-17.0.2-api.jar with JetifyTransform
Transforming legacy-support-core-utils-1.0.0-api.jar with JetifyTransform
Transforming loader-1.0.0-api.jar with JetifyTransform
Transforming jetified-firebase-database-collection-18.0.1-api.jar with JetifyTransform
Transforming jetified-play-services-base-18.0.1-api.jar with JetifyTransform
Transforming core-1.13.1-api.jar with JetifyTransform
Transforming jetified-lifecycle-common-jvm-2.8.7.jar with JetifyTransform
Transforming lifecycle-viewmodel-2.8.7-api.jar with JetifyTransform
Transforming jetified-lifecycle-viewmodel-release-api.jar with JetifyTransform
Transforming jetified-coil-2.6.0-api.jar with JetifyTransform
Transforming jetified-coil-base-2.6.0-api.jar with JetifyTransform
Transforming jetified-lifecycle-runtime-release-api.jar with JetifyTransform
Transforming lifecycle-livedata-core-2.8.7-api.jar with JetifyTransform
Transforming jetified-lifecycle-runtime-compose-release-api.jar with JetifyTransform
Transforming jetified-lifecycle-viewmodel-compose-release-api.jar with JetifyTransform
Transforming jetified-ui-release-api.jar with JetifyTransform
Transforming jetified-ui-tooling-release-api.jar with JetifyTransform
Transforming jetified-ui-test-manifest-1.6.2-api.jar with JetifyTransform
Transforming jetified-activity-1.9.3-api.jar with JetifyTransform
Transforming jetified-lifecycle-viewmodel-savedstate-2.8.7-api.jar with JetifyTransform
Transforming jetified-lifecycle-runtime-ktx-release-api.jar with JetifyTransform
Transforming work-runtime-ktx-2.9.1-api.jar with JetifyTransform
Transforming work-runtime-2.9.1-api.jar with JetifyTransform
Transforming lifecycle-livedata-2.8.7-api.jar with JetifyTransform
Transforming jetified-lifecycle-livedata-core-ktx-2.8.7-api.jar with JetifyTransform
Transforming jetified-lifecycle-livedata-ktx-2.8.7-api.jar with JetifyTransform
Transforming jetified-lifecycle-viewmodel-ktx-2.8.7-api.jar with JetifyTransform
Transforming jetified-runtime-saveable-release-api.jar with JetifyTransform
Transforming jetified-runtime-release-api.jar with JetifyTransform
Transforming jetified-kotlinx-coroutines-android-1.9.0.jar with JetifyTransform
Transforming jetified-ktor-server-content-negotiation-jvm-2.3.7.jar with JetifyTransform
Transforming jetified-ktor-server-cors-jvm-2.3.7.jar with JetifyTransform
Transforming jetified-ktor-server-status-pages-jvm-2.3.7.jar with JetifyTransform
Transforming jetified-ktor-server-cio-jvm-2.3.7.jar with JetifyTransform
Transforming jetified-ktor-server-host-common-jvm-2.3.7.jar with JetifyTransform
Transforming jetified-ktor-server-core-jvm-2.3.7.jar with JetifyTransform
Transforming jetified-ktor-serialization-gson-jvm-2.3.7.jar with JetifyTransform
Transforming jetified-ktor-serialization-jvm-2.3.7.jar with JetifyTransform
Transforming jetified-ktor-events-jvm-2.3.7.jar with JetifyTransform
Transforming jetified-ktor-http-cio-jvm-2.3.7.jar with JetifyTransform
Transforming jetified-ktor-websockets-jvm-2.3.7.jar with JetifyTransform
Transforming jetified-ktor-http-jvm-2.3.7.jar with JetifyTransform
Transforming jetified-ktor-network-jvm-2.3.7.jar with JetifyTransform
Transforming jetified-ktor-utils-jvm-2.3.7.jar with JetifyTransform
Transforming jetified-ktor-io-jvm-2.3.7.jar with JetifyTransform
Transforming jetified-kotlinx-coroutines-jdk8-1.9.0.jar with JetifyTransform
Transforming jetified-ads-adservices-java-1.0.0-beta05-api.jar with JetifyTransform
Transforming jetified-ads-adservices-1.0.0-beta05-api.jar with JetifyTransform
Transforming jetified-kotlinx-coroutines-core-jvm-1.9.0.jar with JetifyTransform
Transforming jetified-kotlinx-coroutines-play-services-1.9.0.jar with JetifyTransform
Transforming jetified-firebase-installations-interop-17.1.1-api.jar with JetifyTransform
Transforming jetified-play-services-tasks-18.2.0-api.jar with JetifyTransform
Transforming jetified-play-services-ads-identifier-18.0.0-api.jar with JetifyTransform
Transforming android.jar with IdentityTransform
Transforming jetified-play-services-measurement-sdk-api-22.0.2-api.jar with JetifyTransform
Transforming android.jar with CopyTransform
Transforming jetified-play-services-measurement-base-22.0.2-api.jar with JetifyTransform
Transforming jetified-firebase-measurement-connector-19.0.0-api.jar with JetifyTransform
Transforming jetified-play-services-basement-18.4.0-api.jar with JetifyTransform
Transforming fragment-1.8.5-api.jar with JetifyTransform
Transforming jetified-fragment-ktx-1.8.5-api.jar with JetifyTransform
Transforming jetified-activity-ktx-1.9.3-api.jar with JetifyTransform
Transforming jetified-core-ktx-1.13.1-api.jar with JetifyTransform
Transforming jetified-flexbox-3.0.0-api.jar with JetifyTransform
Transforming jetified-kotlin-android-extensions-runtime-1.9.25.jar with JetifyTransform
Transforming jetified-savedstate-ktx-1.2.1-api.jar with JetifyTransform
Transforming jetified-savedstate-1.2.1-api.jar with JetifyTransform
Transforming jetified-media3-ffmpeg-decoder-1.5.0+1-api.jar with JetifyTransform
Transforming jetified-media3-exoplayer-1.5.0-api.jar with JetifyTransform
Transforming jetified-media3-container-1.5.0-api.jar with JetifyTransform
Transforming jetified-media3-common-1.5.0-api.jar with JetifyTransform
Transforming jetified-annotation-experimental-1.4.1-api.jar with JetifyTransform
Transforming jetified-logging-interceptor-4.12.0.jar with JetifyTransform
Transforming jetified-converter-gson-2.9.0.jar with JetifyTransform
Transforming jetified-converter-scalars-2.9.0.jar with JetifyTransform
Transforming jetified-retrofit-2.9.0.jar with JetifyTransform
Transforming jetified-media3-datasource-okhttp-1.5.0-api.jar with JetifyTransform
Transforming jetified-okhttp-4.12.0.jar with JetifyTransform
Transforming jetified-kotlin-stdlib-jdk8-1.9.0.jar with JetifyTransform
Transforming jetified-security-crypto-1.1.0-alpha06-api.jar with JetifyTransform
Transforming cursoradapter-1.0.0-api.jar with JetifyTransform
Transforming cardview-1.0.0-api.jar with JetifyTransform
Transforming sqlite-framework-2.4.0-api.jar with JetifyTransform
Transforming sqlite-2.4.0-api.jar with JetifyTransform
Transforming jetified-gifdecoder-4.16.0-api.jar with JetifyTransform
Transforming versionedparcelable-1.1.1-api.jar with JetifyTransform
Transforming core-runtime-2.2.0-api.jar with JetifyTransform
Transforming interpolator-1.0.0-api.jar with JetifyTransform
Transforming jetified-collection-ktx-1.4.0.jar with JetifyTransform
Transforming jetified-collection-jvm-1.4.0.jar with JetifyTransform
Transforming documentfile-1.0.0-api.jar with JetifyTransform
Transforming localbroadcastmanager-1.0.0-api.jar with JetifyTransform
Transforming print-1.0.0-api.jar with JetifyTransform
Transforming core-common-2.2.0.jar with JetifyTransform
Transforming core-common-2.2.0.jar with IdentityTransform
Transforming core-common-2.2.0.jar with IdentityTransform
Transforming core-common-2.2.0.jar with CopyTransform
Transforming core-common-2.2.0.jar with AggregatedPackagesTransform
Transforming jetified-annotation-jvm-1.8.1.jar with JetifyTransform
Transforming jetified-kotlin-stdlib-jdk7-1.9.0.jar with JetifyTransform
Transforming jetified-kotlin-reflect-1.8.22.jar with JetifyTransform
Transforming jetified-okio-jvm-3.8.0.jar with JetifyTransform
Transforming jetified-kotlin-stdlib-2.0.0.jar with JetifyTransform
Transforming multidex-2.0.1-api.jar with JetifyTransform
Transforming constraintlayout-2.1.4-api.jar with JetifyTransform
Transforming jetified-gson-2.10.1.jar with JetifyTransform
Transforming android.jar with AggregatedPackagesTransform
Transforming jetified-media3-exoplayer-hls-1.5.0-api.jar with JetifyTransform
Transforming jetified-media3-ui-1.5.0-api.jar with JetifyTransform
Transforming jetified-media3-extractor-1.5.0-api.jar with JetifyTransform
Transforming jetified-zxing-android-embedded-4.3.0-api.jar with JetifyTransform
Transforming jetified-core-3.5.2.jar with JetifyTransform
Transforming jetified-annotations-23.0.0.jar with JetifyTransform
Transforming jetified-guava-33.3.1-android.jar with JetifyTransform
Transforming jetified-listenablefuture-9999.0-empty-to-avoid-conflict-with-guava.jar with JetifyTransform
Transforming jetified-startup-runtime-1.1.1-api.jar with JetifyTransform
Transforming jetified-tracing-1.0.0-api.jar with JetifyTransform
Transforming jetified-resourceinspection-annotation-1.0.1.jar with JetifyTransform
Transforming jetified-error_prone_annotations-2.28.0.jar with JetifyTransform
Transforming exifinterface-1.3.7-api.jar with JetifyTransform
Transforming jetified-failureaccess-1.0.2.jar with JetifyTransform
Transforming jetified-hilt-core-2.51.1.jar with JetifyTransform
Transforming jetified-jsr305-3.0.2.jar with JetifyTransform
Transforming jetified-checker-qual-3.43.0.jar with JetifyTransform
Transforming jetified-j2objc-annotations-3.0.0.jar with JetifyTransform
Transforming jetified-media3-database-1.5.0-api.jar with JetifyTransform
Transforming jetified-media3-datasource-1.5.0-api.jar with JetifyTransform
Transforming jetified-media3-decoder-1.5.0-api.jar with JetifyTransform
Transforming jetified-disklrucache-4.16.0.jar with JetifyTransform
Transforming jetified-annotations-4.16.0.jar with JetifyTransform
Transforming jetified-dagger-2.51.1.jar with JetifyTransform
Transforming jetified-firebase-components-18.0.0-api.jar with JetifyTransform
Transforming jetified-firebase-annotations-16.2.0.jar with JetifyTransform
Transforming jetified-javax.inject-1.jar with JetifyTransform
Transforming jetified-dagger-lint-aar-2.51.1-api.jar with JetifyTransform
Transforming jetified-hilt-common-1.2.0.jar with JetifyTransform
Transforming jetified-protolite-well-known-types-18.0.0-api.jar with JetifyTransform
Transforming jetified-protobuf-javalite-3.22.3.jar with JetifyTransform
Transforming jetified-slf4j-api-1.7.36.jar with JetifyTransform
Transforming jetified-config-1.4.2.jar with JetifyTransform
Transforming debug with CopyTransform
Transforming debug with CopyTransform
Transforming classes with CopyTransform
Transforming R.jar with IdentityTransform
Transforming core-lambda-stubs.jar with IdentityTransform
Transforming R.jar with IdentityTransform
Transforming core-lambda-stubs.jar with IdentityTransform
Transforming R.jar with CopyTransform
Transforming core-lambda-stubs.jar with CopyTransform
Transforming R.jar with AggregatedPackagesTransform
Transforming core-lambda-stubs.jar with AggregatedPackagesTransform
Transforming jetified-viewbinding-8.7.1-api.jar with IdentityTransform
Transforming jetified-kotlin-parcelize-runtime-1.9.25.jar with IdentityTransform
Transforming jetified-viewbinding-8.7.1-api.jar with IdentityTransform
Transforming jetified-kotlin-parcelize-runtime-1.9.25.jar with IdentityTransform
Transforming jetified-viewbinding-8.7.1-api.jar with CopyTransform
Transforming jetified-kotlin-parcelize-runtime-1.9.25.jar with CopyTransform
Transforming jetified-kotlin-parcelize-runtime-1.9.25.jar with AggregatedPackagesTransform
Transforming jetified-viewbinding-8.7.1-api.jar with AggregatedPackagesTransform
Transforming jetified-preference-ktx-1.2.1-api.jar with IdentityTransform
Transforming material-1.12.0-api.jar with IdentityTransform
Transforming material-1.12.0-api.jar with IdentityTransform
Transforming material-1.12.0-api.jar with CopyTransform
Transforming jetified-preference-ktx-1.2.1-api.jar with IdentityTransform
Transforming jetified-preference-ktx-1.2.1-api.jar with CopyTransform
Transforming jetified-preference-ktx-1.2.1-api.jar with AggregatedPackagesTransform
Transforming material-1.12.0-api.jar with AggregatedPackagesTransform
Transforming preference-1.2.1-api.jar with IdentityTransform
Transforming jetified-appcompat-resources-1.7.0-api.jar with IdentityTransform
Transforming jetified-appcompat-resources-1.7.0-api.jar with IdentityTransform
Transforming preference-1.2.1-api.jar with IdentityTransform
Transforming jetified-appcompat-resources-1.7.0-api.jar with CopyTransform
Transforming preference-1.2.1-api.jar with CopyTransform
Transforming jetified-appcompat-resources-1.7.0-api.jar with AggregatedPackagesTransform
Transforming preference-1.2.1-api.jar with AggregatedPackagesTransform
Transforming appcompat-1.7.0-api.jar with IdentityTransform
Transforming jetified-okhttp3-integration-4.16.0-api.jar with IdentityTransform
Transforming appcompat-1.7.0-api.jar with IdentityTransform
Transforming jetified-okhttp3-integration-4.16.0-api.jar with IdentityTransform
Transforming appcompat-1.7.0-api.jar with CopyTransform
Transforming jetified-okhttp3-integration-4.16.0-api.jar with CopyTransform
Transforming appcompat-1.7.0-api.jar with AggregatedPackagesTransform
Transforming jetified-okhttp3-integration-4.16.0-api.jar with AggregatedPackagesTransform
Transforming jetified-glide-4.16.0-api.jar with IdentityTransform
Transforming jetified-hilt-work-1.2.0-api.jar with IdentityTransform
Transforming jetified-glide-4.16.0-api.jar with IdentityTransform
Transforming jetified-hilt-work-1.2.0-api.jar with IdentityTransform
Transforming jetified-glide-4.16.0-api.jar with CopyTransform
Transforming jetified-hilt-work-1.2.0-api.jar with CopyTransform
Transforming jetified-glide-4.16.0-api.jar with AggregatedPackagesTransform
Transforming jetified-hilt-work-1.2.0-api.jar with AggregatedPackagesTransform
Transforming jetified-hilt-android-2.51.1-api.jar with IdentityTransform
Transforming jetified-viewpager2-1.1.0-beta02-api.jar with IdentityTransform
Transforming jetified-viewpager2-1.1.0-beta02-api.jar with IdentityTransform
Transforming jetified-hilt-android-2.51.1-api.jar with IdentityTransform
Transforming jetified-viewpager2-1.1.0-beta02-api.jar with CopyTransform
Transforming jetified-hilt-android-2.51.1-api.jar with CopyTransform
Transforming jetified-viewpager2-1.1.0-beta02-api.jar with AggregatedPackagesTransform
Transforming jetified-hilt-android-2.51.1-api.jar with AggregatedPackagesTransform
Transforming jetified-firebase-firestore-ktx-25.0.0-api.jar with IdentityTransform
Transforming jetified-firebase-firestore-25.0.0-api.jar with IdentityTransform
Transforming jetified-firebase-firestore-ktx-25.0.0-api.jar with IdentityTransform
Transforming jetified-firebase-firestore-25.0.0-api.jar with IdentityTransform
Transforming jetified-firebase-firestore-ktx-25.0.0-api.jar with CopyTransform
Transforming jetified-firebase-firestore-25.0.0-api.jar with CopyTransform
Transforming jetified-firebase-firestore-25.0.0-api.jar with AggregatedPackagesTransform
Transforming jetified-firebase-firestore-ktx-25.0.0-api.jar with AggregatedPackagesTransform
Transforming jetified-firebase-auth-interop-19.0.2-api.jar with IdentityTransform
Transforming jetified-firebase-appcheck-interop-17.0.0-api.jar with IdentityTransform
Transforming jetified-firebase-appcheck-interop-17.0.0-api.jar with IdentityTransform
Transforming jetified-firebase-auth-interop-19.0.2-api.jar with IdentityTransform
Transforming jetified-firebase-appcheck-interop-17.0.0-api.jar with CopyTransform
Transforming jetified-firebase-auth-interop-19.0.2-api.jar with CopyTransform
Transforming jetified-firebase-auth-interop-19.0.2-api.jar with AggregatedPackagesTransform
Transforming jetified-firebase-appcheck-interop-17.0.0-api.jar with AggregatedPackagesTransform
Transforming jetified-firebase-analytics-ktx-22.0.2-api.jar with IdentityTransform
Transforming jetified-firebase-analytics-22.0.2-api.jar with IdentityTransform
Transforming jetified-firebase-analytics-ktx-22.0.2-api.jar with IdentityTransform
Transforming jetified-firebase-analytics-22.0.2-api.jar with IdentityTransform
Transforming jetified-firebase-analytics-ktx-22.0.2-api.jar with CopyTransform
Transforming jetified-firebase-analytics-22.0.2-api.jar with CopyTransform
Transforming jetified-firebase-analytics-22.0.2-api.jar with AggregatedPackagesTransform
Transforming jetified-firebase-analytics-ktx-22.0.2-api.jar with AggregatedPackagesTransform
Transforming jetified-firebase-installations-18.0.0-api.jar with IdentityTransform
Transforming jetified-play-services-measurement-api-22.0.2-api.jar with IdentityTransform
Transforming jetified-firebase-installations-18.0.0-api.jar with IdentityTransform
Transforming jetified-play-services-measurement-api-22.0.2-api.jar with IdentityTransform
Transforming jetified-firebase-installations-18.0.0-api.jar with CopyTransform
Transforming jetified-play-services-measurement-api-22.0.2-api.jar with CopyTransform
Transforming jetified-firebase-installations-18.0.0-api.jar with AggregatedPackagesTransform
Transforming jetified-play-services-measurement-api-22.0.2-api.jar with AggregatedPackagesTransform
Transforming jetified-firebase-common-21.0.0-api.jar with IdentityTransform
Transforming jetified-firebase-common-ktx-21.0.0-api.jar with IdentityTransform
Transforming jetified-firebase-common-ktx-21.0.0-api.jar with IdentityTransform
Transforming jetified-firebase-common-21.0.0-api.jar with IdentityTransform
Transforming jetified-firebase-common-ktx-21.0.0-api.jar with CopyTransform
Transforming jetified-firebase-common-21.0.0-api.jar with CopyTransform
Transforming jetified-firebase-common-ktx-21.0.0-api.jar with AggregatedPackagesTransform
Transforming jetified-firebase-common-21.0.0-api.jar with AggregatedPackagesTransform
Transforming jetified-room-ktx-2.6.1-api.jar with IdentityTransform
Transforming room-runtime-2.6.1-api.jar with IdentityTransform
Transforming room-runtime-2.6.1-api.jar with IdentityTransform
Transforming room-runtime-2.6.1-api.jar with CopyTransform
Transforming jetified-room-ktx-2.6.1-api.jar with IdentityTransform
Transforming jetified-room-ktx-2.6.1-api.jar with CopyTransform
Transforming room-runtime-2.6.1-api.jar with AggregatedPackagesTransform
Transforming jetified-room-ktx-2.6.1-api.jar with AggregatedPackagesTransform
Transforming jetified-room-paging-2.6.1-api.jar with IdentityTransform
Transforming jetified-paging-common-release-api.jar with IdentityTransform
Transforming jetified-room-paging-2.6.1-api.jar with IdentityTransform
Transforming jetified-paging-common-release-api.jar with IdentityTransform
Transforming jetified-room-paging-2.6.1-api.jar with CopyTransform
Transforming jetified-paging-common-release-api.jar with CopyTransform
Transforming jetified-paging-common-release-api.jar with AggregatedPackagesTransform
Transforming jetified-room-paging-2.6.1-api.jar with AggregatedPackagesTransform
Transforming jetified-paging-runtime-ktx-3.3.2-api.jar with IdentityTransform
Transforming jetified-paging-common-ktx-3.3.2.jar with IdentityTransform
Transforming jetified-paging-runtime-ktx-3.3.2-api.jar with IdentityTransform
Transforming jetified-paging-common-ktx-3.3.2.jar with IdentityTransform
Transforming jetified-paging-runtime-ktx-3.3.2-api.jar with CopyTransform
Transforming jetified-paging-common-ktx-3.3.2.jar with CopyTransform
Transforming jetified-paging-runtime-ktx-3.3.2-api.jar with AggregatedPackagesTransform
Transforming jetified-paging-common-ktx-3.3.2.jar with AggregatedPackagesTransform
Transforming jetified-activity-compose-1.9.3-api.jar with IdentityTransform
Transforming paging-runtime-3.3.2-api.jar with IdentityTransform
Transforming paging-runtime-3.3.2-api.jar with IdentityTransform
Transforming jetified-activity-compose-1.9.3-api.jar with IdentityTransform
Transforming paging-runtime-3.3.2-api.jar with CopyTransform
Transforming jetified-activity-compose-1.9.3-api.jar with CopyTransform
Transforming jetified-activity-compose-1.9.3-api.jar with AggregatedPackagesTransform
Transforming paging-runtime-3.3.2-api.jar with AggregatedPackagesTransform
Transforming jetified-material3-release-api.jar with IdentityTransform
Transforming jetified-ui-util-release-api.jar with IdentityTransform
Transforming jetified-ui-util-release-api.jar with IdentityTransform
Transforming jetified-material3-release-api.jar with IdentityTransform
Transforming jetified-ui-util-release-api.jar with CopyTransform
Transforming jetified-material3-release-api.jar with CopyTransform
Transforming jetified-ui-util-release-api.jar with AggregatedPackagesTransform
Transforming jetified-material3-release-api.jar with AggregatedPackagesTransform
Transforming jetified-ui-text-release-api.jar with IdentityTransform
Transforming jetified-ui-unit-release-api.jar with IdentityTransform
Transforming jetified-ui-unit-release-api.jar with IdentityTransform
Transforming jetified-ui-text-release-api.jar with IdentityTransform
Transforming jetified-ui-unit-release-api.jar with CopyTransform
Transforming jetified-ui-text-release-api.jar with CopyTransform
Transforming jetified-ui-unit-release-api.jar with AggregatedPackagesTransform
Transforming jetified-ui-text-release-api.jar with AggregatedPackagesTransform
Transforming jetified-coil-compose-2.6.0-api.jar with IdentityTransform
Transforming jetified-coil-compose-base-2.6.0-api.jar with IdentityTransform
Transforming jetified-coil-compose-base-2.6.0-api.jar with IdentityTransform
Transforming jetified-coil-compose-base-2.6.0-api.jar with CopyTransform
Transforming jetified-coil-compose-2.6.0-api.jar with IdentityTransform
Transforming jetified-coil-compose-2.6.0-api.jar with CopyTransform
Transforming jetified-coil-compose-2.6.0-api.jar with AggregatedPackagesTransform
Transforming jetified-coil-compose-base-2.6.0-api.jar with AggregatedPackagesTransform
Transforming jetified-material-icons-core-release-api.jar with IdentityTransform
Transforming jetified-foundation-layout-release-api.jar with IdentityTransform
Transforming jetified-material-icons-core-release-api.jar with IdentityTransform
Transforming jetified-material-icons-core-release-api.jar with CopyTransform
Transforming jetified-foundation-layout-release-api.jar with IdentityTransform
Transforming jetified-foundation-layout-release-api.jar with CopyTransform
Transforming jetified-material-icons-core-release-api.jar with AggregatedPackagesTransform
Transforming jetified-foundation-layout-release-api.jar with AggregatedPackagesTransform
Transforming jetified-material-ripple-release-api.jar with IdentityTransform
Transforming jetified-foundation-release-api.jar with IdentityTransform
Transforming jetified-material-ripple-release-api.jar with IdentityTransform
Transforming jetified-foundation-release-api.jar with IdentityTransform
Transforming jetified-material-ripple-release-api.jar with CopyTransform
Transforming jetified-foundation-release-api.jar with CopyTransform
Transforming jetified-material-ripple-release-api.jar with AggregatedPackagesTransform
Transforming jetified-foundation-release-api.jar with AggregatedPackagesTransform
Transforming jetified-animation-core-release-api.jar with IdentityTransform
Transforming jetified-animation-release-api.jar with IdentityTransform
Transforming jetified-animation-core-release-api.jar with IdentityTransform
Transforming jetified-animation-core-release-api.jar with CopyTransform
Transforming jetified-animation-release-api.jar with IdentityTransform
Transforming jetified-animation-release-api.jar with CopyTransform
Transforming jetified-animation-core-release-api.jar with AggregatedPackagesTransform
Transforming jetified-animation-release-api.jar with AggregatedPackagesTransform
Transforming jetified-ui-geometry-release-api.jar with IdentityTransform
Transforming jetified-ui-tooling-data-release-api.jar with IdentityTransform
Transforming jetified-ui-geometry-release-api.jar with IdentityTransform
Transforming jetified-ui-geometry-release-api.jar with CopyTransform
Transforming jetified-ui-tooling-data-release-api.jar with IdentityTransform
Transforming jetified-ui-tooling-data-release-api.jar with CopyTransform
Transforming jetified-ui-geometry-release-api.jar with AggregatedPackagesTransform
Transforming jetified-ui-tooling-data-release-api.jar with AggregatedPackagesTransform
Transforming jetified-ui-graphics-release-api.jar with IdentityTransform
Transforming jetified-ui-tooling-preview-release-api.jar with IdentityTransform
Transforming jetified-ui-graphics-release-api.jar with IdentityTransform
Transforming jetified-ui-graphics-release-api.jar with CopyTransform
Transforming jetified-ui-tooling-preview-release-api.jar with IdentityTransform
Transforming jetified-ui-tooling-preview-release-api.jar with CopyTransform
Transforming jetified-ui-graphics-release-api.jar with AggregatedPackagesTransform
Transforming jetified-ui-tooling-preview-release-api.jar with AggregatedPackagesTransform
Transforming drawerlayout-1.1.1-api.jar with IdentityTransform
Transforming recyclerview-1.3.2-api.jar with IdentityTransform
Transforming drawerlayout-1.1.1-api.jar with IdentityTransform
Transforming drawerlayout-1.1.1-api.jar with CopyTransform
Transforming recyclerview-1.3.2-api.jar with IdentityTransform
Transforming recyclerview-1.3.2-api.jar with CopyTransform
Transforming drawerlayout-1.1.1-api.jar with AggregatedPackagesTransform
Transforming recyclerview-1.3.2-api.jar with AggregatedPackagesTransform
Transforming coordinatorlayout-1.1.0-api.jar with IdentityTransform
Transforming dynamicanimation-1.0.0-api.jar with IdentityTransform
Transforming dynamicanimation-1.0.0-api.jar with IdentityTransform
Transforming coordinatorlayout-1.1.0-api.jar with IdentityTransform
Transforming dynamicanimation-1.0.0-api.jar with CopyTransform
Transforming coordinatorlayout-1.1.0-api.jar with CopyTransform
Transforming coordinatorlayout-1.1.0-api.jar with AggregatedPackagesTransform
Transforming dynamicanimation-1.0.0-api.jar with AggregatedPackagesTransform
Transforming vectordrawable-animated-1.1.0-api.jar with IdentityTransform
Transforming transition-1.5.0-api.jar with IdentityTransform
Transforming vectordrawable-animated-1.1.0-api.jar with IdentityTransform
Transforming vectordrawable-animated-1.1.0-api.jar with CopyTransform
Transforming transition-1.5.0-api.jar with IdentityTransform
Transforming transition-1.5.0-api.jar with CopyTransform
Transforming transition-1.5.0-api.jar with AggregatedPackagesTransform
Transforming vectordrawable-animated-1.1.0-api.jar with AggregatedPackagesTransform
Transforming vectordrawable-1.1.0-api.jar with IdentityTransform
Transforming viewpager-1.0.0-api.jar with IdentityTransform
Transforming vectordrawable-1.1.0-api.jar with IdentityTransform
Transforming vectordrawable-1.1.0-api.jar with CopyTransform
Transforming viewpager-1.0.0-api.jar with IdentityTransform
Transforming viewpager-1.0.0-api.jar with CopyTransform
Transforming vectordrawable-1.1.0-api.jar with AggregatedPackagesTransform
Transforming viewpager-1.0.0-api.jar with AggregatedPackagesTransform
Transforming customview-1.1.0-api.jar with IdentityTransform
Transforming slidingpanelayout-1.2.0-api.jar with IdentityTransform
Transforming customview-1.1.0-api.jar with IdentityTransform
Transforming slidingpanelayout-1.2.0-api.jar with IdentityTransform
Transforming customview-1.1.0-api.jar with CopyTransform
Transforming slidingpanelayout-1.2.0-api.jar with CopyTransform
Transforming slidingpanelayout-1.2.0-api.jar with AggregatedPackagesTransform
Transforming customview-1.1.0-api.jar with AggregatedPackagesTransform
Transforming jetified-play-services-measurement-sdk-22.0.2-api.jar with IdentityTransform
Transforming jetified-play-services-measurement-22.0.2-api.jar with IdentityTransform
Transforming jetified-play-services-measurement-sdk-22.0.2-api.jar with IdentityTransform
Transforming jetified-play-services-measurement-sdk-22.0.2-api.jar with CopyTransform
Transforming jetified-play-services-measurement-22.0.2-api.jar with IdentityTransform
Transforming jetified-play-services-measurement-22.0.2-api.jar with CopyTransform
Transforming jetified-play-services-measurement-sdk-22.0.2-api.jar with AggregatedPackagesTransform
Transforming jetified-play-services-measurement-22.0.2-api.jar with AggregatedPackagesTransform
Transforming jetified-play-services-measurement-impl-22.0.2-api.jar with IdentityTransform
Transforming jetified-play-services-stats-17.0.2-api.jar with IdentityTransform
Transforming jetified-play-services-measurement-impl-22.0.2-api.jar with IdentityTransform
Transforming jetified-play-services-measurement-impl-22.0.2-api.jar with CopyTransform
Transforming jetified-play-services-stats-17.0.2-api.jar with IdentityTransform
Transforming jetified-play-services-stats-17.0.2-api.jar with CopyTransform
Transforming jetified-play-services-measurement-impl-22.0.2-api.jar with AggregatedPackagesTransform
Transforming jetified-play-services-stats-17.0.2-api.jar with AggregatedPackagesTransform
Transforming legacy-support-core-utils-1.0.0-api.jar with IdentityTransform
Transforming loader-1.0.0-api.jar with IdentityTransform
Transforming legacy-support-core-utils-1.0.0-api.jar with IdentityTransform
Transforming legacy-support-core-utils-1.0.0-api.jar with CopyTransform
Transforming loader-1.0.0-api.jar with IdentityTransform
Transforming loader-1.0.0-api.jar with CopyTransform
Transforming legacy-support-core-utils-1.0.0-api.jar with AggregatedPackagesTransform
Transforming loader-1.0.0-api.jar with AggregatedPackagesTransform
Transforming jetified-firebase-database-collection-18.0.1-api.jar with IdentityTransform
Transforming jetified-play-services-base-18.0.1-api.jar with IdentityTransform
Transforming jetified-firebase-database-collection-18.0.1-api.jar with IdentityTransform
Transforming jetified-firebase-database-collection-18.0.1-api.jar with CopyTransform
Transforming jetified-play-services-base-18.0.1-api.jar with IdentityTransform
Transforming jetified-play-services-base-18.0.1-api.jar with CopyTransform
Transforming jetified-firebase-database-collection-18.0.1-api.jar with AggregatedPackagesTransform
Transforming jetified-play-services-base-18.0.1-api.jar with AggregatedPackagesTransform
Transforming core-1.13.1-api.jar with IdentityTransform
Transforming jetified-lifecycle-common-jvm-2.8.7.jar with IdentityTransform
Transforming core-1.13.1-api.jar with IdentityTransform
Transforming core-1.13.1-api.jar with CopyTransform
Transforming jetified-lifecycle-common-jvm-2.8.7.jar with IdentityTransform
Transforming jetified-lifecycle-common-jvm-2.8.7.jar with CopyTransform
Transforming core-1.13.1-api.jar with AggregatedPackagesTransform
Transforming jetified-lifecycle-common-jvm-2.8.7.jar with AggregatedPackagesTransform
Transforming lifecycle-viewmodel-2.8.7-api.jar with IdentityTransform
Transforming jetified-lifecycle-viewmodel-release-api.jar with IdentityTransform
Transforming lifecycle-viewmodel-2.8.7-api.jar with IdentityTransform
Transforming jetified-lifecycle-viewmodel-release-api.jar with IdentityTransform
Transforming lifecycle-viewmodel-2.8.7-api.jar with CopyTransform
Transforming jetified-lifecycle-viewmodel-release-api.jar with CopyTransform
Transforming lifecycle-viewmodel-2.8.7-api.jar with AggregatedPackagesTransform
Transforming jetified-lifecycle-viewmodel-release-api.jar with AggregatedPackagesTransform
Transforming jetified-coil-2.6.0-api.jar with IdentityTransform
Transforming jetified-coil-base-2.6.0-api.jar with IdentityTransform
Transforming jetified-coil-2.6.0-api.jar with IdentityTransform
Transforming jetified-coil-base-2.6.0-api.jar with IdentityTransform
Transforming jetified-coil-2.6.0-api.jar with CopyTransform
Transforming jetified-coil-base-2.6.0-api.jar with CopyTransform
Transforming jetified-coil-2.6.0-api.jar with AggregatedPackagesTransform
Transforming jetified-coil-base-2.6.0-api.jar with AggregatedPackagesTransform
Transforming jetified-lifecycle-runtime-release-api.jar with IdentityTransform
Transforming lifecycle-livedata-core-2.8.7-api.jar with IdentityTransform
Transforming jetified-lifecycle-runtime-release-api.jar with IdentityTransform
Transforming lifecycle-livedata-core-2.8.7-api.jar with IdentityTransform
Transforming jetified-lifecycle-runtime-release-api.jar with CopyTransform
Transforming lifecycle-livedata-core-2.8.7-api.jar with CopyTransform
Transforming lifecycle-livedata-core-2.8.7-api.jar with AggregatedPackagesTransform
Transforming jetified-lifecycle-runtime-release-api.jar with AggregatedPackagesTransform
Transforming jetified-lifecycle-runtime-compose-release-api.jar with IdentityTransform
Transforming jetified-lifecycle-viewmodel-compose-release-api.jar with IdentityTransform
Transforming jetified-lifecycle-runtime-compose-release-api.jar with IdentityTransform
Transforming jetified-lifecycle-runtime-compose-release-api.jar with CopyTransform
Transforming jetified-lifecycle-viewmodel-compose-release-api.jar with IdentityTransform
Transforming jetified-lifecycle-viewmodel-compose-release-api.jar with CopyTransform
Transforming jetified-lifecycle-runtime-compose-release-api.jar with AggregatedPackagesTransform
Transforming jetified-lifecycle-viewmodel-compose-release-api.jar with AggregatedPackagesTransform
Transforming jetified-ui-tooling-release-api.jar with IdentityTransform
Transforming jetified-ui-release-api.jar with IdentityTransform
Transforming jetified-ui-tooling-release-api.jar with IdentityTransform
Transforming jetified-ui-release-api.jar with IdentityTransform
Transforming jetified-ui-tooling-release-api.jar with CopyTransform
Transforming jetified-ui-release-api.jar with CopyTransform
Transforming jetified-ui-release-api.jar with AggregatedPackagesTransform
Transforming jetified-ui-tooling-release-api.jar with AggregatedPackagesTransform
Transforming jetified-ui-test-manifest-1.6.2-api.jar with IdentityTransform
Transforming jetified-activity-1.9.3-api.jar with IdentityTransform
Transforming jetified-ui-test-manifest-1.6.2-api.jar with IdentityTransform
Transforming jetified-activity-1.9.3-api.jar with IdentityTransform
Transforming jetified-ui-test-manifest-1.6.2-api.jar with CopyTransform
Transforming jetified-activity-1.9.3-api.jar with CopyTransform
Transforming jetified-activity-1.9.3-api.jar with AggregatedPackagesTransform
Transforming jetified-ui-test-manifest-1.6.2-api.jar with AggregatedPackagesTransform
Transforming jetified-lifecycle-runtime-ktx-release-api.jar with IdentityTransform
Transforming jetified-lifecycle-viewmodel-savedstate-2.8.7-api.jar with IdentityTransform
Transforming jetified-lifecycle-viewmodel-savedstate-2.8.7-api.jar with IdentityTransform
Transforming jetified-lifecycle-runtime-ktx-release-api.jar with IdentityTransform
Transforming jetified-lifecycle-viewmodel-savedstate-2.8.7-api.jar with CopyTransform
Transforming jetified-lifecycle-runtime-ktx-release-api.jar with CopyTransform
Transforming jetified-lifecycle-viewmodel-savedstate-2.8.7-api.jar with AggregatedPackagesTransform
Transforming jetified-lifecycle-runtime-ktx-release-api.jar with AggregatedPackagesTransform
Transforming work-runtime-ktx-2.9.1-api.jar with IdentityTransform
Transforming work-runtime-2.9.1-api.jar with IdentityTransform
Transforming work-runtime-2.9.1-api.jar with IdentityTransform
Transforming work-runtime-ktx-2.9.1-api.jar with IdentityTransform
Transforming work-runtime-2.9.1-api.jar with CopyTransform
Transforming work-runtime-ktx-2.9.1-api.jar with CopyTransform
Transforming work-runtime-2.9.1-api.jar with AggregatedPackagesTransform
Transforming work-runtime-ktx-2.9.1-api.jar with AggregatedPackagesTransform
Transforming lifecycle-livedata-2.8.7-api.jar with IdentityTransform
Transforming jetified-lifecycle-livedata-core-ktx-2.8.7-api.jar with IdentityTransform
Transforming lifecycle-livedata-2.8.7-api.jar with IdentityTransform
Transforming jetified-lifecycle-livedata-core-ktx-2.8.7-api.jar with IdentityTransform
Transforming lifecycle-livedata-2.8.7-api.jar with CopyTransform
Transforming jetified-lifecycle-livedata-core-ktx-2.8.7-api.jar with CopyTransform
Transforming lifecycle-livedata-2.8.7-api.jar with AggregatedPackagesTransform
Transforming jetified-lifecycle-livedata-core-ktx-2.8.7-api.jar with AggregatedPackagesTransform
Transforming jetified-lifecycle-livedata-ktx-2.8.7-api.jar with IdentityTransform
Transforming jetified-lifecycle-viewmodel-ktx-2.8.7-api.jar with IdentityTransform
Transforming jetified-lifecycle-viewmodel-ktx-2.8.7-api.jar with IdentityTransform
Transforming jetified-lifecycle-livedata-ktx-2.8.7-api.jar with IdentityTransform
Transforming jetified-lifecycle-viewmodel-ktx-2.8.7-api.jar with CopyTransform
Transforming jetified-lifecycle-livedata-ktx-2.8.7-api.jar with CopyTransform
Transforming jetified-lifecycle-livedata-ktx-2.8.7-api.jar with AggregatedPackagesTransform
Transforming jetified-lifecycle-viewmodel-ktx-2.8.7-api.jar with AggregatedPackagesTransform
Transforming jetified-runtime-release-api.jar with IdentityTransform
Transforming jetified-runtime-saveable-release-api.jar with IdentityTransform
Transforming jetified-runtime-saveable-release-api.jar with IdentityTransform
Transforming jetified-runtime-release-api.jar with IdentityTransform
Transforming jetified-runtime-saveable-release-api.jar with CopyTransform
Transforming jetified-runtime-release-api.jar with CopyTransform
Transforming jetified-runtime-release-api.jar with AggregatedPackagesTransform
Transforming jetified-runtime-saveable-release-api.jar with AggregatedPackagesTransform
Transforming jetified-ktor-server-content-negotiation-jvm-2.3.7.jar with IdentityTransform
Transforming jetified-kotlinx-coroutines-android-1.9.0.jar with IdentityTransform
Transforming jetified-ktor-server-content-negotiation-jvm-2.3.7.jar with IdentityTransform
Transforming jetified-kotlinx-coroutines-android-1.9.0.jar with IdentityTransform
Transforming jetified-ktor-server-content-negotiation-jvm-2.3.7.jar with CopyTransform
Transforming jetified-kotlinx-coroutines-android-1.9.0.jar with CopyTransform
Transforming jetified-ktor-server-content-negotiation-jvm-2.3.7.jar with AggregatedPackagesTransform
Transforming jetified-kotlinx-coroutines-android-1.9.0.jar with AggregatedPackagesTransform
Transforming jetified-ktor-server-cors-jvm-2.3.7.jar with IdentityTransform
Transforming jetified-ktor-server-status-pages-jvm-2.3.7.jar with IdentityTransform
Transforming jetified-ktor-server-cors-jvm-2.3.7.jar with IdentityTransform
Transforming jetified-ktor-server-cors-jvm-2.3.7.jar with CopyTransform
Transforming jetified-ktor-server-status-pages-jvm-2.3.7.jar with IdentityTransform
Transforming jetified-ktor-server-status-pages-jvm-2.3.7.jar with CopyTransform
Transforming jetified-ktor-server-cors-jvm-2.3.7.jar with AggregatedPackagesTransform
Transforming jetified-ktor-server-status-pages-jvm-2.3.7.jar with AggregatedPackagesTransform
Transforming jetified-ktor-server-cio-jvm-2.3.7.jar with IdentityTransform
Transforming jetified-ktor-server-host-common-jvm-2.3.7.jar with IdentityTransform
Transforming jetified-ktor-server-host-common-jvm-2.3.7.jar with IdentityTransform
Transforming jetified-ktor-server-host-common-jvm-2.3.7.jar with CopyTransform
Transforming jetified-ktor-server-cio-jvm-2.3.7.jar with IdentityTransform
Transforming jetified-ktor-server-cio-jvm-2.3.7.jar with CopyTransform
Transforming jetified-ktor-server-host-common-jvm-2.3.7.jar with AggregatedPackagesTransform
Transforming jetified-ktor-server-cio-jvm-2.3.7.jar with AggregatedPackagesTransform
Transforming jetified-ktor-server-core-jvm-2.3.7.jar with IdentityTransform
Transforming jetified-ktor-serialization-gson-jvm-2.3.7.jar with IdentityTransform
Transforming jetified-ktor-server-core-jvm-2.3.7.jar with IdentityTransform
Transforming jetified-ktor-server-core-jvm-2.3.7.jar with CopyTransform
Transforming jetified-ktor-serialization-gson-jvm-2.3.7.jar with IdentityTransform
Transforming jetified-ktor-serialization-gson-jvm-2.3.7.jar with CopyTransform
Transforming jetified-ktor-server-core-jvm-2.3.7.jar with AggregatedPackagesTransform
Transforming jetified-ktor-serialization-gson-jvm-2.3.7.jar with AggregatedPackagesTransform
Transforming jetified-ktor-serialization-jvm-2.3.7.jar with IdentityTransform
Transforming jetified-ktor-events-jvm-2.3.7.jar with IdentityTransform
Transforming jetified-ktor-serialization-jvm-2.3.7.jar with IdentityTransform
Transforming jetified-ktor-serialization-jvm-2.3.7.jar with CopyTransform
Transforming jetified-ktor-events-jvm-2.3.7.jar with IdentityTransform
Transforming jetified-ktor-events-jvm-2.3.7.jar with CopyTransform
Transforming jetified-ktor-serialization-jvm-2.3.7.jar with AggregatedPackagesTransform
Transforming jetified-ktor-events-jvm-2.3.7.jar with AggregatedPackagesTransform
Transforming jetified-ktor-http-cio-jvm-2.3.7.jar with IdentityTransform
Transforming jetified-ktor-websockets-jvm-2.3.7.jar with IdentityTransform
Transforming jetified-ktor-http-cio-jvm-2.3.7.jar with IdentityTransform
Transforming jetified-ktor-http-cio-jvm-2.3.7.jar with CopyTransform
Transforming jetified-ktor-websockets-jvm-2.3.7.jar with IdentityTransform
Transforming jetified-ktor-websockets-jvm-2.3.7.jar with CopyTransform
Transforming jetified-ktor-http-cio-jvm-2.3.7.jar with AggregatedPackagesTransform
Transforming jetified-ktor-websockets-jvm-2.3.7.jar with AggregatedPackagesTransform
Transforming jetified-ktor-http-jvm-2.3.7.jar with IdentityTransform
Transforming jetified-ktor-network-jvm-2.3.7.jar with IdentityTransform
Transforming jetified-ktor-http-jvm-2.3.7.jar with IdentityTransform
Transforming jetified-ktor-http-jvm-2.3.7.jar with CopyTransform
Transforming jetified-ktor-network-jvm-2.3.7.jar with IdentityTransform
Transforming jetified-ktor-network-jvm-2.3.7.jar with CopyTransform
Transforming jetified-ktor-network-jvm-2.3.7.jar with AggregatedPackagesTransform
Transforming jetified-ktor-http-jvm-2.3.7.jar with AggregatedPackagesTransform
Transforming jetified-ktor-utils-jvm-2.3.7.jar with IdentityTransform
Transforming jetified-ktor-io-jvm-2.3.7.jar with IdentityTransform
Transforming jetified-ktor-utils-jvm-2.3.7.jar with IdentityTransform
Transforming jetified-ktor-utils-jvm-2.3.7.jar with CopyTransform
Transforming jetified-ktor-io-jvm-2.3.7.jar with IdentityTransform
Transforming jetified-ktor-io-jvm-2.3.7.jar with CopyTransform
Transforming jetified-ktor-io-jvm-2.3.7.jar with AggregatedPackagesTransform
Transforming jetified-ktor-utils-jvm-2.3.7.jar with AggregatedPackagesTransform
Transforming jetified-ads-adservices-java-1.0.0-beta05-api.jar with IdentityTransform
Transforming jetified-kotlinx-coroutines-jdk8-1.9.0.jar with IdentityTransform
Transforming jetified-ads-adservices-java-1.0.0-beta05-api.jar with IdentityTransform
Transforming jetified-kotlinx-coroutines-jdk8-1.9.0.jar with IdentityTransform
Transforming jetified-ads-adservices-java-1.0.0-beta05-api.jar with CopyTransform
Transforming jetified-kotlinx-coroutines-jdk8-1.9.0.jar with CopyTransform
Transforming jetified-ads-adservices-java-1.0.0-beta05-api.jar with AggregatedPackagesTransform
Transforming jetified-kotlinx-coroutines-jdk8-1.9.0.jar with AggregatedPackagesTransform
Transforming jetified-kotlinx-coroutines-core-jvm-1.9.0.jar with IdentityTransform
Transforming jetified-ads-adservices-1.0.0-beta05-api.jar with IdentityTransform
Transforming jetified-ads-adservices-1.0.0-beta05-api.jar with IdentityTransform
Transforming jetified-kotlinx-coroutines-core-jvm-1.9.0.jar with IdentityTransform
Transforming jetified-ads-adservices-1.0.0-beta05-api.jar with CopyTransform
Transforming jetified-kotlinx-coroutines-core-jvm-1.9.0.jar with CopyTransform
Transforming jetified-kotlinx-coroutines-core-jvm-1.9.0.jar with AggregatedPackagesTransform
Transforming jetified-ads-adservices-1.0.0-beta05-api.jar with AggregatedPackagesTransform
Transforming jetified-kotlinx-coroutines-play-services-1.9.0.jar with IdentityTransform
Transforming jetified-firebase-installations-interop-17.1.1-api.jar with IdentityTransform
Transforming jetified-kotlinx-coroutines-play-services-1.9.0.jar with IdentityTransform
Transforming jetified-firebase-installations-interop-17.1.1-api.jar with IdentityTransform
Transforming jetified-kotlinx-coroutines-play-services-1.9.0.jar with CopyTransform
Transforming jetified-firebase-installations-interop-17.1.1-api.jar with CopyTransform
Transforming jetified-kotlinx-coroutines-play-services-1.9.0.jar with AggregatedPackagesTransform
Transforming jetified-firebase-installations-interop-17.1.1-api.jar with AggregatedPackagesTransform
Transforming jetified-play-services-ads-identifier-18.0.0-api.jar with IdentityTransform
Transforming jetified-play-services-tasks-18.2.0-api.jar with IdentityTransform
Transforming jetified-play-services-ads-identifier-18.0.0-api.jar with IdentityTransform
Transforming jetified-play-services-tasks-18.2.0-api.jar with IdentityTransform
Transforming jetified-play-services-ads-identifier-18.0.0-api.jar with CopyTransform
Transforming jetified-play-services-tasks-18.2.0-api.jar with CopyTransform
Transforming jetified-play-services-tasks-18.2.0-api.jar with AggregatedPackagesTransform
Transforming jetified-play-services-ads-identifier-18.0.0-api.jar with AggregatedPackagesTransform
Transforming jetified-play-services-measurement-sdk-api-22.0.2-api.jar with IdentityTransform
Transforming jetified-play-services-measurement-base-22.0.2-api.jar with IdentityTransform
Transforming jetified-play-services-measurement-base-22.0.2-api.jar with IdentityTransform
Transforming jetified-play-services-measurement-sdk-api-22.0.2-api.jar with IdentityTransform
Transforming jetified-play-services-measurement-base-22.0.2-api.jar with CopyTransform
Transforming jetified-play-services-measurement-sdk-api-22.0.2-api.jar with CopyTransform
Transforming jetified-play-services-measurement-base-22.0.2-api.jar with AggregatedPackagesTransform
Transforming jetified-play-services-measurement-sdk-api-22.0.2-api.jar with AggregatedPackagesTransform
Transforming jetified-firebase-measurement-connector-19.0.0-api.jar with IdentityTransform
Transforming jetified-play-services-basement-18.4.0-api.jar with IdentityTransform
Transforming jetified-firebase-measurement-connector-19.0.0-api.jar with IdentityTransform
Transforming jetified-play-services-basement-18.4.0-api.jar with IdentityTransform
Transforming jetified-firebase-measurement-connector-19.0.0-api.jar with CopyTransform
Transforming jetified-play-services-basement-18.4.0-api.jar with CopyTransform
Transforming jetified-play-services-basement-18.4.0-api.jar with AggregatedPackagesTransform
Transforming jetified-firebase-measurement-connector-19.0.0-api.jar with AggregatedPackagesTransform
Transforming fragment-1.8.5-api.jar with IdentityTransform
Transforming jetified-fragment-ktx-1.8.5-api.jar with IdentityTransform
Transforming fragment-1.8.5-api.jar with IdentityTransform
Transforming fragment-1.8.5-api.jar with CopyTransform
Transforming jetified-fragment-ktx-1.8.5-api.jar with IdentityTransform
Transforming jetified-fragment-ktx-1.8.5-api.jar with CopyTransform
Transforming fragment-1.8.5-api.jar with AggregatedPackagesTransform
Transforming jetified-fragment-ktx-1.8.5-api.jar with AggregatedPackagesTransform
Transforming jetified-activity-ktx-1.9.3-api.jar with IdentityTransform
Transforming jetified-core-ktx-1.13.1-api.jar with IdentityTransform
Transforming jetified-activity-ktx-1.9.3-api.jar with IdentityTransform
Transforming jetified-activity-ktx-1.9.3-api.jar with CopyTransform
Transforming jetified-core-ktx-1.13.1-api.jar with IdentityTransform
Transforming jetified-core-ktx-1.13.1-api.jar with CopyTransform
Transforming jetified-activity-ktx-1.9.3-api.jar with AggregatedPackagesTransform
Transforming jetified-core-ktx-1.13.1-api.jar with AggregatedPackagesTransform
Transforming jetified-kotlin-android-extensions-runtime-1.9.25.jar with IdentityTransform
Transforming jetified-flexbox-3.0.0-api.jar with IdentityTransform
Transforming jetified-flexbox-3.0.0-api.jar with IdentityTransform
Transforming jetified-kotlin-android-extensions-runtime-1.9.25.jar with IdentityTransform
Transforming jetified-flexbox-3.0.0-api.jar with CopyTransform
Transforming jetified-kotlin-android-extensions-runtime-1.9.25.jar with CopyTransform
Transforming jetified-kotlin-android-extensions-runtime-1.9.25.jar with AggregatedPackagesTransform
Transforming jetified-flexbox-3.0.0-api.jar with AggregatedPackagesTransform
Transforming jetified-savedstate-1.2.1-api.jar with IdentityTransform
Transforming jetified-savedstate-ktx-1.2.1-api.jar with IdentityTransform
Transforming jetified-savedstate-1.2.1-api.jar with IdentityTransform
Transforming jetified-savedstate-1.2.1-api.jar with CopyTransform
Transforming jetified-savedstate-ktx-1.2.1-api.jar with IdentityTransform
Transforming jetified-savedstate-ktx-1.2.1-api.jar with CopyTransform
Transforming jetified-savedstate-1.2.1-api.jar with AggregatedPackagesTransform
Transforming jetified-savedstate-ktx-1.2.1-api.jar with AggregatedPackagesTransform
Transforming jetified-media3-exoplayer-1.5.0-api.jar with IdentityTransform
Transforming jetified-media3-ffmpeg-decoder-1.5.0+1-api.jar with IdentityTransform
Transforming jetified-media3-ffmpeg-decoder-1.5.0+1-api.jar with IdentityTransform
Transforming jetified-media3-exoplayer-1.5.0-api.jar with IdentityTransform
Transforming jetified-media3-ffmpeg-decoder-1.5.0+1-api.jar with CopyTransform
Transforming jetified-media3-exoplayer-1.5.0-api.jar with CopyTransform
Transforming jetified-media3-exoplayer-1.5.0-api.jar with AggregatedPackagesTransform
Transforming jetified-media3-ffmpeg-decoder-1.5.0+1-api.jar with AggregatedPackagesTransform
Transforming jetified-media3-container-1.5.0-api.jar with IdentityTransform
Transforming jetified-media3-common-1.5.0-api.jar with IdentityTransform
Transforming jetified-media3-container-1.5.0-api.jar with IdentityTransform
Transforming jetified-media3-container-1.5.0-api.jar with CopyTransform
Transforming jetified-media3-common-1.5.0-api.jar with IdentityTransform
Transforming jetified-media3-common-1.5.0-api.jar with CopyTransform
Transforming jetified-media3-container-1.5.0-api.jar with AggregatedPackagesTransform
Transforming jetified-media3-common-1.5.0-api.jar with AggregatedPackagesTransform
Transforming jetified-annotation-experimental-1.4.1-api.jar with IdentityTransform
Transforming jetified-logging-interceptor-4.12.0.jar with IdentityTransform
Transforming jetified-annotation-experimental-1.4.1-api.jar with IdentityTransform
Transforming jetified-annotation-experimental-1.4.1-api.jar with CopyTransform
Transforming jetified-logging-interceptor-4.12.0.jar with IdentityTransform
Transforming jetified-annotation-experimental-1.4.1-api.jar with AggregatedPackagesTransform
Transforming jetified-logging-interceptor-4.12.0.jar with CopyTransform
Transforming jetified-logging-interceptor-4.12.0.jar with AggregatedPackagesTransform
Transforming jetified-converter-gson-2.9.0.jar with IdentityTransform
Transforming jetified-converter-gson-2.9.0.jar with IdentityTransform
Transforming jetified-converter-gson-2.9.0.jar with CopyTransform
Transforming jetified-converter-scalars-2.9.0.jar with IdentityTransform
Transforming jetified-converter-gson-2.9.0.jar with AggregatedPackagesTransform
Transforming jetified-converter-scalars-2.9.0.jar with IdentityTransform
Transforming jetified-converter-scalars-2.9.0.jar with CopyTransform
Transforming jetified-converter-scalars-2.9.0.jar with AggregatedPackagesTransform
Transforming jetified-retrofit-2.9.0.jar with IdentityTransform
Transforming jetified-media3-datasource-okhttp-1.5.0-api.jar with IdentityTransform
Transforming jetified-retrofit-2.9.0.jar with IdentityTransform
Transforming jetified-retrofit-2.9.0.jar with CopyTransform
Transforming jetified-media3-datasource-okhttp-1.5.0-api.jar with IdentityTransform
Transforming jetified-retrofit-2.9.0.jar with AggregatedPackagesTransform
Transforming jetified-media3-datasource-okhttp-1.5.0-api.jar with CopyTransform
Transforming jetified-media3-datasource-okhttp-1.5.0-api.jar with AggregatedPackagesTransform
Transforming jetified-okhttp-4.12.0.jar with IdentityTransform
Transforming jetified-okhttp-4.12.0.jar with IdentityTransform
Transforming jetified-okhttp-4.12.0.jar with CopyTransform
Transforming jetified-kotlin-stdlib-jdk8-1.9.0.jar with IdentityTransform
Transforming jetified-okhttp-4.12.0.jar with AggregatedPackagesTransform
Transforming jetified-kotlin-stdlib-jdk8-1.9.0.jar with IdentityTransform
Transforming jetified-kotlin-stdlib-jdk8-1.9.0.jar with CopyTransform
Transforming jetified-kotlin-stdlib-jdk8-1.9.0.jar with AggregatedPackagesTransform
Transforming jetified-security-crypto-1.1.0-alpha06-api.jar with IdentityTransform
Transforming cursoradapter-1.0.0-api.jar with IdentityTransform
Transforming jetified-security-crypto-1.1.0-alpha06-api.jar with IdentityTransform
Transforming jetified-security-crypto-1.1.0-alpha06-api.jar with CopyTransform
Transforming cursoradapter-1.0.0-api.jar with IdentityTransform
Transforming jetified-security-crypto-1.1.0-alpha06-api.jar with AggregatedPackagesTransform
Transforming cursoradapter-1.0.0-api.jar with CopyTransform
Transforming cursoradapter-1.0.0-api.jar with AggregatedPackagesTransform
Transforming cardview-1.0.0-api.jar with IdentityTransform
Transforming cardview-1.0.0-api.jar with IdentityTransform
Transforming cardview-1.0.0-api.jar with CopyTransform
Transforming sqlite-framework-2.4.0-api.jar with IdentityTransform
Transforming sqlite-framework-2.4.0-api.jar with IdentityTransform
Transforming cardview-1.0.0-api.jar with AggregatedPackagesTransform
Transforming sqlite-framework-2.4.0-api.jar with CopyTransform
Transforming sqlite-framework-2.4.0-api.jar with AggregatedPackagesTransform
Transforming sqlite-2.4.0-api.jar with IdentityTransform
Transforming sqlite-2.4.0-api.jar with IdentityTransform
Transforming sqlite-2.4.0-api.jar with CopyTransform
Transforming jetified-gifdecoder-4.16.0-api.jar with IdentityTransform
Transforming sqlite-2.4.0-api.jar with AggregatedPackagesTransform
Transforming jetified-gifdecoder-4.16.0-api.jar with IdentityTransform
Transforming jetified-gifdecoder-4.16.0-api.jar with CopyTransform
Transforming jetified-gifdecoder-4.16.0-api.jar with AggregatedPackagesTransform
Transforming versionedparcelable-1.1.1-api.jar with IdentityTransform
Transforming core-runtime-2.2.0-api.jar with IdentityTransform
Transforming versionedparcelable-1.1.1-api.jar with IdentityTransform
Transforming versionedparcelable-1.1.1-api.jar with CopyTransform
Transforming core-runtime-2.2.0-api.jar with IdentityTransform
Transforming versionedparcelable-1.1.1-api.jar with AggregatedPackagesTransform
Transforming core-runtime-2.2.0-api.jar with CopyTransform
Transforming core-runtime-2.2.0-api.jar with AggregatedPackagesTransform
Transforming interpolator-1.0.0-api.jar with IdentityTransform
Transforming interpolator-1.0.0-api.jar with IdentityTransform
Transforming interpolator-1.0.0-api.jar with CopyTransform
Transforming jetified-collection-ktx-1.4.0.jar with IdentityTransform
Transforming jetified-collection-ktx-1.4.0.jar with IdentityTransform
Transforming interpolator-1.0.0-api.jar with AggregatedPackagesTransform
Transforming jetified-collection-ktx-1.4.0.jar with CopyTransform
Transforming jetified-collection-ktx-1.4.0.jar with AggregatedPackagesTransform
Transforming jetified-collection-jvm-1.4.0.jar with IdentityTransform
Transforming jetified-collection-jvm-1.4.0.jar with IdentityTransform
Transforming jetified-collection-jvm-1.4.0.jar with CopyTransform
Transforming documentfile-1.0.0-api.jar with IdentityTransform
Transforming documentfile-1.0.0-api.jar with IdentityTransform
Transforming jetified-collection-jvm-1.4.0.jar with AggregatedPackagesTransform
Transforming documentfile-1.0.0-api.jar with CopyTransform
Transforming documentfile-1.0.0-api.jar with AggregatedPackagesTransform
Transforming localbroadcastmanager-1.0.0-api.jar with IdentityTransform
Transforming localbroadcastmanager-1.0.0-api.jar with IdentityTransform
Transforming print-1.0.0-api.jar with IdentityTransform
Transforming localbroadcastmanager-1.0.0-api.jar with CopyTransform
Transforming localbroadcastmanager-1.0.0-api.jar with AggregatedPackagesTransform
Transforming print-1.0.0-api.jar with IdentityTransform
Transforming print-1.0.0-api.jar with CopyTransform
Transforming print-1.0.0-api.jar with AggregatedPackagesTransform
Transforming jetified-annotation-jvm-1.8.1.jar with IdentityTransform
Transforming jetified-annotation-jvm-1.8.1.jar with IdentityTransform
Transforming jetified-annotation-jvm-1.8.1.jar with CopyTransform
Transforming jetified-kotlin-stdlib-jdk7-1.9.0.jar with IdentityTransform
Transforming jetified-annotation-jvm-1.8.1.jar with AggregatedPackagesTransform
Transforming jetified-kotlin-stdlib-jdk7-1.9.0.jar with IdentityTransform
Transforming jetified-kotlin-stdlib-jdk7-1.9.0.jar with CopyTransform
Transforming jetified-kotlin-stdlib-jdk7-1.9.0.jar with AggregatedPackagesTransform
Transforming jetified-kotlin-reflect-1.8.22.jar with IdentityTransform
Transforming jetified-kotlin-reflect-1.8.22.jar with IdentityTransform
Transforming jetified-kotlin-reflect-1.8.22.jar with CopyTransform
Transforming jetified-okio-jvm-3.8.0.jar with IdentityTransform
Transforming jetified-kotlin-reflect-1.8.22.jar with AggregatedPackagesTransform
Transforming jetified-okio-jvm-3.8.0.jar with IdentityTransform
Transforming jetified-okio-jvm-3.8.0.jar with CopyTransform
Transforming jetified-okio-jvm-3.8.0.jar with AggregatedPackagesTransform
Transforming jetified-kotlin-stdlib-2.0.0.jar with IdentityTransform
Transforming jetified-kotlin-stdlib-2.0.0.jar with IdentityTransform
Transforming jetified-kotlin-stdlib-2.0.0.jar with CopyTransform
Transforming multidex-2.0.1-api.jar with IdentityTransform
Transforming jetified-kotlin-stdlib-2.0.0.jar with AggregatedPackagesTransform
Transforming multidex-2.0.1-api.jar with IdentityTransform
Transforming multidex-2.0.1-api.jar with CopyTransform
Transforming multidex-2.0.1-api.jar with AggregatedPackagesTransform
Transforming constraintlayout-2.1.4-api.jar with IdentityTransform
Transforming constraintlayout-2.1.4-api.jar with IdentityTransform
Transforming constraintlayout-2.1.4-api.jar with CopyTransform
Transforming jetified-gson-2.10.1.jar with IdentityTransform
Transforming constraintlayout-2.1.4-api.jar with AggregatedPackagesTransform
Transforming jetified-gson-2.10.1.jar with IdentityTransform
Transforming jetified-gson-2.10.1.jar with CopyTransform
Transforming jetified-gson-2.10.1.jar with AggregatedPackagesTransform
Transforming jetified-media3-exoplayer-hls-1.5.0-api.jar with IdentityTransform
Transforming jetified-media3-exoplayer-hls-1.5.0-api.jar with IdentityTransform
Transforming jetified-media3-exoplayer-hls-1.5.0-api.jar with CopyTransform
Transforming jetified-media3-ui-1.5.0-api.jar with IdentityTransform
Transforming jetified-media3-exoplayer-hls-1.5.0-api.jar with AggregatedPackagesTransform
Transforming jetified-media3-ui-1.5.0-api.jar with IdentityTransform
Transforming jetified-media3-ui-1.5.0-api.jar with CopyTransform
Transforming jetified-media3-ui-1.5.0-api.jar with AggregatedPackagesTransform
Transforming jetified-media3-extractor-1.5.0-api.jar with IdentityTransform
Transforming jetified-media3-extractor-1.5.0-api.jar with IdentityTransform
Transforming jetified-media3-extractor-1.5.0-api.jar with CopyTransform
Transforming jetified-media3-extractor-1.5.0-api.jar with AggregatedPackagesTransform
Transforming jetified-zxing-android-embedded-4.3.0-api.jar with IdentityTransform
Transforming jetified-zxing-android-embedded-4.3.0-api.jar with IdentityTransform
Transforming jetified-zxing-android-embedded-4.3.0-api.jar with CopyTransform
Transforming jetified-zxing-android-embedded-4.3.0-api.jar with AggregatedPackagesTransform
Transforming jetified-core-3.5.2.jar with IdentityTransform
Transforming jetified-core-3.5.2.jar with IdentityTransform
Transforming jetified-core-3.5.2.jar with CopyTransform
Transforming jetified-core-3.5.2.jar with AggregatedPackagesTransform
Transforming jetified-annotations-23.0.0.jar with IdentityTransform
Transforming jetified-annotations-23.0.0.jar with IdentityTransform
Transforming jetified-annotations-23.0.0.jar with CopyTransform
Transforming jetified-annotations-23.0.0.jar with AggregatedPackagesTransform
Transforming jetified-guava-33.3.1-android.jar with IdentityTransform
Transforming jetified-guava-33.3.1-android.jar with IdentityTransform
Transforming jetified-guava-33.3.1-android.jar with CopyTransform
Transforming jetified-guava-33.3.1-android.jar with AggregatedPackagesTransform
Transforming jetified-listenablefuture-9999.0-empty-to-avoid-conflict-with-guava.jar with IdentityTransform
Transforming jetified-listenablefuture-9999.0-empty-to-avoid-conflict-with-guava.jar with IdentityTransform
Transforming jetified-listenablefuture-9999.0-empty-to-avoid-conflict-with-guava.jar with CopyTransform
Transforming jetified-listenablefuture-9999.0-empty-to-avoid-conflict-with-guava.jar with AggregatedPackagesTransform
Transforming jetified-startup-runtime-1.1.1-api.jar with IdentityTransform
Transforming jetified-startup-runtime-1.1.1-api.jar with IdentityTransform
Transforming jetified-startup-runtime-1.1.1-api.jar with CopyTransform
Transforming jetified-startup-runtime-1.1.1-api.jar with AggregatedPackagesTransform
Transforming jetified-tracing-1.0.0-api.jar with IdentityTransform
Transforming jetified-tracing-1.0.0-api.jar with IdentityTransform
Transforming jetified-tracing-1.0.0-api.jar with CopyTransform
Transforming jetified-tracing-1.0.0-api.jar with AggregatedPackagesTransform
Transforming jetified-resourceinspection-annotation-1.0.1.jar with IdentityTransform
Transforming jetified-resourceinspection-annotation-1.0.1.jar with IdentityTransform
Transforming jetified-resourceinspection-annotation-1.0.1.jar with CopyTransform
Transforming jetified-resourceinspection-annotation-1.0.1.jar with AggregatedPackagesTransform
Transforming jetified-error_prone_annotations-2.28.0.jar with IdentityTransform
Transforming jetified-error_prone_annotations-2.28.0.jar with IdentityTransform
Transforming jetified-error_prone_annotations-2.28.0.jar with CopyTransform
Transforming jetified-error_prone_annotations-2.28.0.jar with AggregatedPackagesTransform
Transforming exifinterface-1.3.7-api.jar with IdentityTransform
Transforming exifinterface-1.3.7-api.jar with IdentityTransform
Transforming exifinterface-1.3.7-api.jar with CopyTransform
Transforming exifinterface-1.3.7-api.jar with AggregatedPackagesTransform
Transforming jetified-failureaccess-1.0.2.jar with IdentityTransform
Transforming jetified-failureaccess-1.0.2.jar with IdentityTransform
Transforming jetified-failureaccess-1.0.2.jar with CopyTransform
Transforming jetified-failureaccess-1.0.2.jar with AggregatedPackagesTransform
Transforming jetified-hilt-core-2.51.1.jar with IdentityTransform
Transforming jetified-hilt-core-2.51.1.jar with IdentityTransform
Transforming jetified-hilt-core-2.51.1.jar with CopyTransform
Transforming jetified-hilt-core-2.51.1.jar with AggregatedPackagesTransform
Transforming jetified-jsr305-3.0.2.jar with IdentityTransform
Transforming jetified-jsr305-3.0.2.jar with IdentityTransform
Transforming jetified-jsr305-3.0.2.jar with CopyTransform
Transforming jetified-jsr305-3.0.2.jar with AggregatedPackagesTransform
Transforming jetified-checker-qual-3.43.0.jar with IdentityTransform
Transforming jetified-checker-qual-3.43.0.jar with IdentityTransform
Transforming jetified-checker-qual-3.43.0.jar with CopyTransform
Transforming jetified-checker-qual-3.43.0.jar with AggregatedPackagesTransform
Transforming jetified-j2objc-annotations-3.0.0.jar with IdentityTransform
Transforming jetified-j2objc-annotations-3.0.0.jar with IdentityTransform
Transforming jetified-j2objc-annotations-3.0.0.jar with CopyTransform
Transforming jetified-media3-database-1.5.0-api.jar with IdentityTransform
Transforming jetified-j2objc-annotations-3.0.0.jar with AggregatedPackagesTransform
Transforming jetified-media3-database-1.5.0-api.jar with IdentityTransform
Transforming jetified-media3-database-1.5.0-api.jar with CopyTransform
Transforming jetified-media3-database-1.5.0-api.jar with AggregatedPackagesTransform
Transforming jetified-media3-datasource-1.5.0-api.jar with IdentityTransform
Transforming jetified-media3-datasource-1.5.0-api.jar with IdentityTransform
Transforming jetified-media3-datasource-1.5.0-api.jar with CopyTransform
Transforming jetified-media3-decoder-1.5.0-api.jar with IdentityTransform
Transforming jetified-media3-datasource-1.5.0-api.jar with AggregatedPackagesTransform
Transforming jetified-media3-decoder-1.5.0-api.jar with IdentityTransform
Transforming jetified-media3-decoder-1.5.0-api.jar with CopyTransform
Transforming jetified-media3-decoder-1.5.0-api.jar with AggregatedPackagesTransform
Transforming jetified-disklrucache-4.16.0.jar with IdentityTransform
Transforming jetified-disklrucache-4.16.0.jar with IdentityTransform
Transforming jetified-disklrucache-4.16.0.jar with CopyTransform
Transforming jetified-disklrucache-4.16.0.jar with AggregatedPackagesTransform
Transforming jetified-annotations-4.16.0.jar with IdentityTransform
Transforming jetified-annotations-4.16.0.jar with IdentityTransform
Transforming jetified-annotations-4.16.0.jar with CopyTransform
Transforming jetified-annotations-4.16.0.jar with AggregatedPackagesTransform
Transforming jetified-dagger-2.51.1.jar with IdentityTransform
Transforming jetified-dagger-2.51.1.jar with IdentityTransform
Transforming jetified-dagger-2.51.1.jar with CopyTransform
Transforming jetified-dagger-2.51.1.jar with AggregatedPackagesTransform
Transforming jetified-firebase-components-18.0.0-api.jar with IdentityTransform
Transforming jetified-firebase-components-18.0.0-api.jar with IdentityTransform
Transforming jetified-firebase-components-18.0.0-api.jar with CopyTransform
Transforming jetified-firebase-components-18.0.0-api.jar with AggregatedPackagesTransform
Transforming jetified-firebase-annotations-16.2.0.jar with IdentityTransform
Transforming jetified-firebase-annotations-16.2.0.jar with IdentityTransform
Transforming jetified-firebase-annotations-16.2.0.jar with CopyTransform
Transforming jetified-firebase-annotations-16.2.0.jar with AggregatedPackagesTransform
Transforming jetified-javax.inject-1.jar with IdentityTransform
Transforming jetified-javax.inject-1.jar with IdentityTransform
Transforming jetified-javax.inject-1.jar with CopyTransform
Transforming jetified-javax.inject-1.jar with AggregatedPackagesTransform
Transforming jetified-dagger-lint-aar-2.51.1-api.jar with IdentityTransform
Transforming jetified-dagger-lint-aar-2.51.1-api.jar with IdentityTransform
Transforming jetified-dagger-lint-aar-2.51.1-api.jar with CopyTransform
Transforming jetified-dagger-lint-aar-2.51.1-api.jar with AggregatedPackagesTransform
Transforming jetified-hilt-common-1.2.0.jar with IdentityTransform
Transforming jetified-hilt-common-1.2.0.jar with IdentityTransform
Transforming jetified-hilt-common-1.2.0.jar with CopyTransform
Transforming jetified-hilt-common-1.2.0.jar with AggregatedPackagesTransform
Transforming jetified-protolite-well-known-types-18.0.0-api.jar with IdentityTransform
Transforming jetified-protolite-well-known-types-18.0.0-api.jar with IdentityTransform
Transforming jetified-protolite-well-known-types-18.0.0-api.jar with CopyTransform
Transforming jetified-protolite-well-known-types-18.0.0-api.jar with AggregatedPackagesTransform
Transforming jetified-protobuf-javalite-3.22.3.jar with IdentityTransform
Transforming jetified-protobuf-javalite-3.22.3.jar with IdentityTransform
Transforming jetified-protobuf-javalite-3.22.3.jar with CopyTransform
Transforming jetified-slf4j-api-1.7.36.jar with IdentityTransform
Transforming jetified-protobuf-javalite-3.22.3.jar with AggregatedPackagesTransform
Transforming jetified-slf4j-api-1.7.36.jar with IdentityTransform
Transforming jetified-slf4j-api-1.7.36.jar with CopyTransform
Transforming jetified-slf4j-api-1.7.36.jar with AggregatedPackagesTransform
Transforming jetified-config-1.4.2.jar with IdentityTransform
Transforming jetified-config-1.4.2.jar with IdentityTransform
Transforming jetified-config-1.4.2.jar with CopyTransform
Transforming jetified-config-1.4.2.jar with AggregatedPackagesTransform
Transforming debug with AggregatedPackagesTransform
Transforming classes with AggregatedPackagesTransform
Transforming debug with AggregatedPackagesTransform
Caching disabled for task ':app:hiltAggregateDepsDebug' because:
  Build cache is disabled
Skipping task ':app:hiltAggregateDepsDebug' as it is up-to-date.

> Task :app:hiltAggregateDepsDebug UP-TO-DATE
Resolve mutations for :app:hiltJavaCompileDebug (Thread[#64,included builds,5,main]) started.
:app:hiltJavaCompileDebug (Thread[#64,included builds,5,main]) started.

> Task :app:hiltJavaCompileDebug UP-TO-DATE
Transforming viewbinding-8.7.1.aar (androidx.databinding:viewbinding:8.7.1) with JetifyTransform
Transforming viewbinding-8.7.1.aar (androidx.databinding:viewbinding:8.7.1) with AarToClassTransform
Transforming viewbinding-8.7.1.aar (androidx.databinding:viewbinding:8.7.1) with IdentityTransform
Transforming viewbinding-8.7.1.aar (androidx.databinding:viewbinding:8.7.1) with CopyTransform
Transforming kotlin-parcelize-runtime-1.9.25.jar (org.jetbrains.kotlin:kotlin-parcelize-runtime:1.9.25) with JetifyTransform
Transforming kotlin-parcelize-runtime-1.9.25.jar (org.jetbrains.kotlin:kotlin-parcelize-runtime:1.9.25) with IdentityTransform
Transforming kotlin-parcelize-runtime-1.9.25.jar (org.jetbrains.kotlin:kotlin-parcelize-runtime:1.9.25) with IdentityTransform
Transforming kotlin-parcelize-runtime-1.9.25.jar (org.jetbrains.kotlin:kotlin-parcelize-runtime:1.9.25) with CopyTransform
Transforming material-1.12.0.aar (com.google.android.material:material:1.12.0) with JetifyTransform
Transforming material-1.12.0.aar (com.google.android.material:material:1.12.0) with AarToClassTransform
Transforming material-1.12.0.aar (com.google.android.material:material:1.12.0) with IdentityTransform
Transforming material-1.12.0.aar (com.google.android.material:material:1.12.0) with CopyTransform
Transforming constraintlayout-2.1.4.aar (androidx.constraintlayout:constraintlayout:2.1.4) with JetifyTransform
Transforming constraintlayout-2.1.4.aar (androidx.constraintlayout:constraintlayout:2.1.4) with AarToClassTransform
Transforming constraintlayout-2.1.4.aar (androidx.constraintlayout:constraintlayout:2.1.4) with IdentityTransform
Transforming constraintlayout-2.1.4.aar (androidx.constraintlayout:constraintlayout:2.1.4) with CopyTransform
Transforming coil-compose-2.6.0.aar (io.coil-kt:coil-compose:2.6.0) with JetifyTransform
Transforming coil-compose-2.6.0.aar (io.coil-kt:coil-compose:2.6.0) with AarToClassTransform
Transforming coil-compose-2.6.0.aar (io.coil-kt:coil-compose:2.6.0) with IdentityTransform
Transforming coil-compose-2.6.0.aar (io.coil-kt:coil-compose:2.6.0) with CopyTransform
Transforming coil-compose-base-2.6.0.aar (io.coil-kt:coil-compose-base:2.6.0) with JetifyTransform
Transforming coil-compose-base-2.6.0.aar (io.coil-kt:coil-compose-base:2.6.0) with AarToClassTransform
Transforming coil-compose-base-2.6.0.aar (io.coil-kt:coil-compose-base:2.6.0) with IdentityTransform
Transforming coil-compose-base-2.6.0.aar (io.coil-kt:coil-compose-base:2.6.0) with CopyTransform
Transforming coil-2.6.0.aar (io.coil-kt:coil:2.6.0) with JetifyTransform
Transforming coil-2.6.0.aar (io.coil-kt:coil:2.6.0) with AarToClassTransform
Transforming coil-2.6.0.aar (io.coil-kt:coil:2.6.0) with IdentityTransform
Transforming coil-2.6.0.aar (io.coil-kt:coil:2.6.0) with CopyTransform
Transforming coil-base-2.6.0.aar (io.coil-kt:coil-base:2.6.0) with JetifyTransform
Transforming coil-base-2.6.0.aar (io.coil-kt:coil-base:2.6.0) with AarToClassTransform
Transforming coil-base-2.6.0.aar (io.coil-kt:coil-base:2.6.0) with IdentityTransform
Transforming coil-base-2.6.0.aar (io.coil-kt:coil-base:2.6.0) with CopyTransform
Transforming appcompat-resources-1.7.0.aar (androidx.appcompat:appcompat-resources:1.7.0) with JetifyTransform
Transforming appcompat-resources-1.7.0.aar (androidx.appcompat:appcompat-resources:1.7.0) with AarToClassTransform
Transforming appcompat-resources-1.7.0.aar (androidx.appcompat:appcompat-resources:1.7.0) with IdentityTransform
Transforming appcompat-resources-1.7.0.aar (androidx.appcompat:appcompat-resources:1.7.0) with CopyTransform
Transforming preference-ktx-1.2.1.aar (androidx.preference:preference-ktx:1.2.1) with JetifyTransform
Transforming preference-ktx-1.2.1.aar (androidx.preference:preference-ktx:1.2.1) with AarToClassTransform
Transforming preference-ktx-1.2.1.aar (androidx.preference:preference-ktx:1.2.1) with IdentityTransform
Transforming preference-ktx-1.2.1.aar (androidx.preference:preference-ktx:1.2.1) with CopyTransform
Transforming preference-1.2.1.aar (androidx.preference:preference:1.2.1) with JetifyTransform
Transforming preference-1.2.1.aar (androidx.preference:preference:1.2.1) with AarToClassTransform
Transforming preference-1.2.1.aar (androidx.preference:preference:1.2.1) with IdentityTransform
Transforming preference-1.2.1.aar (androidx.preference:preference:1.2.1) with CopyTransform
Transforming appcompat-1.7.0.aar (androidx.appcompat:appcompat:1.7.0) with JetifyTransform
Transforming appcompat-1.7.0.aar (androidx.appcompat:appcompat:1.7.0) with AarToClassTransform
Transforming appcompat-1.7.0.aar (androidx.appcompat:appcompat:1.7.0) with IdentityTransform
Transforming appcompat-1.7.0.aar (androidx.appcompat:appcompat:1.7.0) with CopyTransform
Transforming okhttp3-integration-4.16.0.aar (com.github.bumptech.glide:okhttp3-integration:4.16.0) with JetifyTransform
Transforming okhttp3-integration-4.16.0.aar (com.github.bumptech.glide:okhttp3-integration:4.16.0) with AarToClassTransform
Transforming okhttp3-integration-4.16.0.aar (com.github.bumptech.glide:okhttp3-integration:4.16.0) with IdentityTransform
Transforming okhttp3-integration-4.16.0.aar (com.github.bumptech.glide:okhttp3-integration:4.16.0) with CopyTransform
Transforming glide-4.16.0.aar (com.github.bumptech.glide:glide:4.16.0) with JetifyTransform
Transforming glide-4.16.0.aar (com.github.bumptech.glide:glide:4.16.0) with AarToClassTransform
Transforming glide-4.16.0.aar (com.github.bumptech.glide:glide:4.16.0) with IdentityTransform
Transforming glide-4.16.0.aar (com.github.bumptech.glide:glide:4.16.0) with CopyTransform
Transforming hilt-work-1.2.0.aar (androidx.hilt:hilt-work:1.2.0) with JetifyTransform
Transforming hilt-work-1.2.0.aar (androidx.hilt:hilt-work:1.2.0) with AarToClassTransform
Transforming hilt-work-1.2.0.aar (androidx.hilt:hilt-work:1.2.0) with IdentityTransform
Transforming hilt-work-1.2.0.aar (androidx.hilt:hilt-work:1.2.0) with CopyTransform
Transforming hilt-android-2.51.1.aar (com.google.dagger:hilt-android:2.51.1) with JetifyTransform
Transforming hilt-android-2.51.1.aar (com.google.dagger:hilt-android:2.51.1) with AarToClassTransform
Transforming hilt-android-2.51.1.aar (com.google.dagger:hilt-android:2.51.1) with IdentityTransform
Transforming hilt-android-2.51.1.aar (com.google.dagger:hilt-android:2.51.1) with CopyTransform
Transforming media3-exoplayer-hls-1.5.0.aar (androidx.media3:media3-exoplayer-hls:1.5.0) with JetifyTransform
Transforming media3-exoplayer-hls-1.5.0.aar (androidx.media3:media3-exoplayer-hls:1.5.0) with AarToClassTransform
Transforming media3-exoplayer-hls-1.5.0.aar (androidx.media3:media3-exoplayer-hls:1.5.0) with IdentityTransform
Transforming media3-exoplayer-hls-1.5.0.aar (androidx.media3:media3-exoplayer-hls:1.5.0) with CopyTransform
Transforming media3-ffmpeg-decoder-1.5.0+1.aar (org.jellyfin.media3:media3-ffmpeg-decoder:1.5.0+1) with JetifyTransform
Transforming media3-ffmpeg-decoder-1.5.0+1.aar (org.jellyfin.media3:media3-ffmpeg-decoder:1.5.0+1) with AarToClassTransform
Transforming media3-ffmpeg-decoder-1.5.0+1.aar (org.jellyfin.media3:media3-ffmpeg-decoder:1.5.0+1) with IdentityTransform
Transforming media3-ffmpeg-decoder-1.5.0+1.aar (org.jellyfin.media3:media3-ffmpeg-decoder:1.5.0+1) with CopyTransform
Transforming media3-exoplayer-1.5.0.aar (androidx.media3:media3-exoplayer:1.5.0) with JetifyTransform
Transforming media3-exoplayer-1.5.0.aar (androidx.media3:media3-exoplayer:1.5.0) with AarToClassTransform
Transforming media3-exoplayer-1.5.0.aar (androidx.media3:media3-exoplayer:1.5.0) with IdentityTransform
Transforming media3-exoplayer-1.5.0.aar (androidx.media3:media3-exoplayer:1.5.0) with CopyTransform
Transforming media3-exoplayer-1.5.0.aar (androidx.media3:media3-exoplayer:1.5.0) with JetifyTransform
Transforming media3-exoplayer-1.5.0.aar (androidx.media3:media3-exoplayer:1.5.0) with AarToClassTransform
Transforming media3-exoplayer-1.5.0.aar (androidx.media3:media3-exoplayer:1.5.0) with IdentityTransform
Transforming media3-exoplayer-1.5.0.aar (androidx.media3:media3-exoplayer:1.5.0) with CopyTransform
Transforming media3-datasource-okhttp-1.5.0.aar (androidx.media3:media3-datasource-okhttp:1.5.0) with JetifyTransform
Transforming media3-datasource-okhttp-1.5.0.aar (androidx.media3:media3-datasource-okhttp:1.5.0) with AarToClassTransform
Transforming media3-datasource-okhttp-1.5.0.aar (androidx.media3:media3-datasource-okhttp:1.5.0) with IdentityTransform
Transforming media3-datasource-okhttp-1.5.0.aar (androidx.media3:media3-datasource-okhttp:1.5.0) with CopyTransform
Transforming media3-extractor-1.5.0.aar (androidx.media3:media3-extractor:1.5.0) with JetifyTransform
Transforming media3-extractor-1.5.0.aar (androidx.media3:media3-extractor:1.5.0) with AarToClassTransform
Transforming media3-extractor-1.5.0.aar (androidx.media3:media3-extractor:1.5.0) with IdentityTransform
Transforming media3-extractor-1.5.0.aar (androidx.media3:media3-extractor:1.5.0) with CopyTransform
Transforming media3-container-1.5.0.aar (androidx.media3:media3-container:1.5.0) with JetifyTransform
Transforming media3-container-1.5.0.aar (androidx.media3:media3-container:1.5.0) with AarToClassTransform
Transforming media3-container-1.5.0.aar (androidx.media3:media3-container:1.5.0) with IdentityTransform
Transforming media3-container-1.5.0.aar (androidx.media3:media3-container:1.5.0) with CopyTransform
Transforming media3-datasource-1.5.0.aar (androidx.media3:media3-datasource:1.5.0) with JetifyTransform
Transforming media3-datasource-1.5.0.aar (androidx.media3:media3-datasource:1.5.0) with AarToClassTransform
Transforming media3-datasource-1.5.0.aar (androidx.media3:media3-datasource:1.5.0) with IdentityTransform
Transforming media3-datasource-1.5.0.aar (androidx.media3:media3-datasource:1.5.0) with CopyTransform
Transforming media3-decoder-1.5.0.aar (androidx.media3:media3-decoder:1.5.0) with JetifyTransform
Transforming media3-decoder-1.5.0.aar (androidx.media3:media3-decoder:1.5.0) with AarToClassTransform
Transforming media3-decoder-1.5.0.aar (androidx.media3:media3-decoder:1.5.0) with IdentityTransform
Transforming media3-decoder-1.5.0.aar (androidx.media3:media3-decoder:1.5.0) with CopyTransform
Transforming media3-decoder-1.5.0.aar (androidx.media3:media3-decoder:1.5.0) with JetifyTransform
Transforming media3-decoder-1.5.0.aar (androidx.media3:media3-decoder:1.5.0) with AarToClassTransform
Transforming media3-decoder-1.5.0.aar (androidx.media3:media3-decoder:1.5.0) with IdentityTransform
Transforming media3-decoder-1.5.0.aar (androidx.media3:media3-decoder:1.5.0) with CopyTransform
Transforming media3-database-1.5.0.aar (androidx.media3:media3-database:1.5.0) with JetifyTransform
Transforming media3-database-1.5.0.aar (androidx.media3:media3-database:1.5.0) with AarToClassTransform
Transforming media3-database-1.5.0.aar (androidx.media3:media3-database:1.5.0) with IdentityTransform
Transforming media3-database-1.5.0.aar (androidx.media3:media3-database:1.5.0) with CopyTransform
Transforming media3-common-1.5.0.aar (androidx.media3:media3-common:1.5.0) with JetifyTransform
Transforming media3-common-1.5.0.aar (androidx.media3:media3-common:1.5.0) with AarToClassTransform
Transforming media3-common-1.5.0.aar (androidx.media3:media3-common:1.5.0) with IdentityTransform
Transforming media3-common-1.5.0.aar (androidx.media3:media3-common:1.5.0) with CopyTransform
Transforming media3-ui-1.5.0.aar (androidx.media3:media3-ui:1.5.0) with JetifyTransform
Transforming media3-ui-1.5.0.aar (androidx.media3:media3-ui:1.5.0) with AarToClassTransform
Transforming media3-ui-1.5.0.aar (androidx.media3:media3-ui:1.5.0) with IdentityTransform
Transforming media3-ui-1.5.0.aar (androidx.media3:media3-ui:1.5.0) with CopyTransform
Transforming room-common-2.6.1.jar (androidx.room:room-common:2.6.1) with JetifyTransform
Transforming room-common-2.6.1.jar (androidx.room:room-common:2.6.1) with IdentityTransform
Transforming room-common-2.6.1.jar (androidx.room:room-common:2.6.1) with IdentityTransform
Transforming room-common-2.6.1.jar (androidx.room:room-common:2.6.1) with CopyTransform
Transforming work-runtime-ktx-2.9.1.aar (androidx.work:work-runtime-ktx:2.9.1) with JetifyTransform
Transforming work-runtime-ktx-2.9.1.aar (androidx.work:work-runtime-ktx:2.9.1) with AarToClassTransform
Transforming work-runtime-ktx-2.9.1.aar (androidx.work:work-runtime-ktx:2.9.1) with IdentityTransform
Transforming work-runtime-ktx-2.9.1.aar (androidx.work:work-runtime-ktx:2.9.1) with CopyTransform
Transforming work-runtime-2.9.1.aar (androidx.work:work-runtime:2.9.1) with JetifyTransform
Transforming work-runtime-2.9.1.aar (androidx.work:work-runtime:2.9.1) with AarToClassTransform
Transforming work-runtime-2.9.1.aar (androidx.work:work-runtime:2.9.1) with IdentityTransform
Transforming work-runtime-2.9.1.aar (androidx.work:work-runtime:2.9.1) with CopyTransform
Transforming room-ktx-2.6.1.aar (androidx.room:room-ktx:2.6.1) with JetifyTransform
Transforming room-ktx-2.6.1.aar (androidx.room:room-ktx:2.6.1) with AarToClassTransform
Transforming room-ktx-2.6.1.aar (androidx.room:room-ktx:2.6.1) with IdentityTransform
Transforming room-ktx-2.6.1.aar (androidx.room:room-ktx:2.6.1) with CopyTransform
Transforming room-runtime-2.6.1.aar (androidx.room:room-runtime:2.6.1) with JetifyTransform
Transforming room-runtime-2.6.1.aar (androidx.room:room-runtime:2.6.1) with AarToClassTransform
Transforming room-runtime-2.6.1.aar (androidx.room:room-runtime:2.6.1) with IdentityTransform
Transforming room-runtime-2.6.1.aar (androidx.room:room-runtime:2.6.1) with CopyTransform
Transforming room-paging-2.6.1.aar (androidx.room:room-paging:2.6.1) with JetifyTransform
Transforming room-paging-2.6.1.aar (androidx.room:room-paging:2.6.1) with AarToClassTransform
Transforming room-paging-2.6.1.aar (androidx.room:room-paging:2.6.1) with IdentityTransform
Transforming room-paging-2.6.1.aar (androidx.room:room-paging:2.6.1) with CopyTransform
Transforming paging-common-release.aar (androidx.paging:paging-common-android:3.3.2) with JetifyTransform
Transforming paging-common-release.aar (androidx.paging:paging-common-android:3.3.2) with AarToClassTransform
Transforming paging-common-release.aar (androidx.paging:paging-common-android:3.3.2) with IdentityTransform
Transforming paging-common-release.aar (androidx.paging:paging-common-android:3.3.2) with CopyTransform
Transforming paging-common-ktx-3.3.2.jar (androidx.paging:paging-common-ktx:3.3.2) with JetifyTransform
Transforming paging-common-ktx-3.3.2.jar (androidx.paging:paging-common-ktx:3.3.2) with IdentityTransform
Transforming paging-common-ktx-3.3.2.jar (androidx.paging:paging-common-ktx:3.3.2) with IdentityTransform
Transforming paging-common-ktx-3.3.2.jar (androidx.paging:paging-common-ktx:3.3.2) with CopyTransform
Transforming paging-runtime-ktx-3.3.2.aar (androidx.paging:paging-runtime-ktx:3.3.2) with JetifyTransform
Transforming paging-runtime-ktx-3.3.2.aar (androidx.paging:paging-runtime-ktx:3.3.2) with AarToClassTransform
Transforming paging-runtime-ktx-3.3.2.aar (androidx.paging:paging-runtime-ktx:3.3.2) with IdentityTransform
Transforming paging-runtime-ktx-3.3.2.aar (androidx.paging:paging-runtime-ktx:3.3.2) with CopyTransform
Transforming paging-runtime-3.3.2.aar (androidx.paging:paging-runtime:3.3.2) with JetifyTransform
Transforming paging-runtime-3.3.2.aar (androidx.paging:paging-runtime:3.3.2) with AarToClassTransform
Transforming paging-runtime-3.3.2.aar (androidx.paging:paging-runtime:3.3.2) with IdentityTransform
Transforming paging-runtime-3.3.2.aar (androidx.paging:paging-runtime:3.3.2) with CopyTransform
Transforming recyclerview-1.3.2.aar (androidx.recyclerview:recyclerview:1.3.2) with JetifyTransform
Transforming recyclerview-1.3.2.aar (androidx.recyclerview:recyclerview:1.3.2) with AarToClassTransform
Transforming recyclerview-1.3.2.aar (androidx.recyclerview:recyclerview:1.3.2) with IdentityTransform
Transforming recyclerview-1.3.2.aar (androidx.recyclerview:recyclerview:1.3.2) with CopyTransform
Transforming viewpager2-1.1.0-beta02.aar (androidx.viewpager2:viewpager2:1.1.0-beta02) with JetifyTransform
Transforming viewpager2-1.1.0-beta02.aar (androidx.viewpager2:viewpager2:1.1.0-beta02) with AarToClassTransform
Transforming viewpager2-1.1.0-beta02.aar (androidx.viewpager2:viewpager2:1.1.0-beta02) with IdentityTransform
Transforming viewpager2-1.1.0-beta02.aar (androidx.viewpager2:viewpager2:1.1.0-beta02) with CopyTransform
Transforming firebase-firestore-ktx-25.0.0.aar (com.google.firebase:firebase-firestore-ktx:25.0.0) with JetifyTransform
Transforming firebase-firestore-ktx-25.0.0.aar (com.google.firebase:firebase-firestore-ktx:25.0.0) with AarToClassTransform
Transforming firebase-firestore-ktx-25.0.0.aar (com.google.firebase:firebase-firestore-ktx:25.0.0) with IdentityTransform
Transforming firebase-firestore-ktx-25.0.0.aar (com.google.firebase:firebase-firestore-ktx:25.0.0) with CopyTransform
Transforming firebase-firestore-25.0.0.aar (com.google.firebase:firebase-firestore:25.0.0) with JetifyTransform
Transforming firebase-firestore-25.0.0.aar (com.google.firebase:firebase-firestore:25.0.0) with AarToClassTransform
Transforming firebase-firestore-25.0.0.aar (com.google.firebase:firebase-firestore:25.0.0) with IdentityTransform
Transforming firebase-firestore-25.0.0.aar (com.google.firebase:firebase-firestore:25.0.0) with CopyTransform
Transforming firebase-appcheck-interop-17.0.0.aar (com.google.firebase:firebase-appcheck-interop:17.0.0) with JetifyTransform
Transforming firebase-appcheck-interop-17.0.0.aar (com.google.firebase:firebase-appcheck-interop:17.0.0) with AarToClassTransform
Transforming firebase-appcheck-interop-17.0.0.aar (com.google.firebase:firebase-appcheck-interop:17.0.0) with IdentityTransform
Transforming firebase-appcheck-interop-17.0.0.aar (com.google.firebase:firebase-appcheck-interop:17.0.0) with CopyTransform
Transforming firebase-database-collection-18.0.1.aar (com.google.firebase:firebase-database-collection:18.0.1) with JetifyTransform
Transforming firebase-database-collection-18.0.1.aar (com.google.firebase:firebase-database-collection:18.0.1) with AarToClassTransform
Transforming firebase-database-collection-18.0.1.aar (com.google.firebase:firebase-database-collection:18.0.1) with IdentityTransform
Transforming firebase-database-collection-18.0.1.aar (com.google.firebase:firebase-database-collection:18.0.1) with CopyTransform
Transforming play-services-base-18.0.1.aar (com.google.android.gms:play-services-base:18.0.1) with JetifyTransform
Transforming play-services-base-18.0.1.aar (com.google.android.gms:play-services-base:18.0.1) with AarToClassTransform
Transforming play-services-base-18.0.1.aar (com.google.android.gms:play-services-base:18.0.1) with IdentityTransform
Transforming play-services-base-18.0.1.aar (com.google.android.gms:play-services-base:18.0.1) with CopyTransform
Transforming firebase-analytics-ktx-22.0.2.aar (com.google.firebase:firebase-analytics-ktx:22.0.2) with JetifyTransform
Transforming firebase-analytics-ktx-22.0.2.aar (com.google.firebase:firebase-analytics-ktx:22.0.2) with AarToClassTransform
Transforming firebase-analytics-ktx-22.0.2.aar (com.google.firebase:firebase-analytics-ktx:22.0.2) with IdentityTransform
Transforming firebase-analytics-ktx-22.0.2.aar (com.google.firebase:firebase-analytics-ktx:22.0.2) with CopyTransform
Transforming firebase-analytics-22.0.2.aar (com.google.firebase:firebase-analytics:22.0.2) with JetifyTransform
Transforming firebase-analytics-22.0.2.aar (com.google.firebase:firebase-analytics:22.0.2) with AarToClassTransform
Transforming firebase-analytics-22.0.2.aar (com.google.firebase:firebase-analytics:22.0.2) with IdentityTransform
Transforming firebase-analytics-22.0.2.aar (com.google.firebase:firebase-analytics:22.0.2) with CopyTransform
Transforming play-services-measurement-api-22.0.2.aar (com.google.android.gms:play-services-measurement-api:22.0.2) with JetifyTransform
Transforming play-services-measurement-api-22.0.2.aar (com.google.android.gms:play-services-measurement-api:22.0.2) with AarToClassTransform
Transforming play-services-measurement-api-22.0.2.aar (com.google.android.gms:play-services-measurement-api:22.0.2) with IdentityTransform
Transforming play-services-measurement-api-22.0.2.aar (com.google.android.gms:play-services-measurement-api:22.0.2) with CopyTransform
Transforming firebase-installations-18.0.0.aar (com.google.firebase:firebase-installations:18.0.0) with JetifyTransform
Transforming firebase-installations-18.0.0.aar (com.google.firebase:firebase-installations:18.0.0) with AarToClassTransform
Transforming firebase-installations-18.0.0.aar (com.google.firebase:firebase-installations:18.0.0) with IdentityTransform
Transforming firebase-installations-18.0.0.aar (com.google.firebase:firebase-installations:18.0.0) with CopyTransform
Transforming firebase-common-ktx-21.0.0.aar (com.google.firebase:firebase-common-ktx:21.0.0) with JetifyTransform
Transforming firebase-common-ktx-21.0.0.aar (com.google.firebase:firebase-common-ktx:21.0.0) with AarToClassTransform
Transforming firebase-common-ktx-21.0.0.aar (com.google.firebase:firebase-common-ktx:21.0.0) with IdentityTransform
Transforming firebase-common-ktx-21.0.0.aar (com.google.firebase:firebase-common-ktx:21.0.0) with CopyTransform
Transforming firebase-common-21.0.0.aar (com.google.firebase:firebase-common:21.0.0) with JetifyTransform
Transforming firebase-common-21.0.0.aar (com.google.firebase:firebase-common:21.0.0) with AarToClassTransform
Transforming firebase-common-21.0.0.aar (com.google.firebase:firebase-common:21.0.0) with IdentityTransform
Transforming firebase-common-21.0.0.aar (com.google.firebase:firebase-common:21.0.0) with CopyTransform
Transforming play-services-measurement-22.0.2.aar (com.google.android.gms:play-services-measurement:22.0.2) with JetifyTransform
Transforming play-services-measurement-22.0.2.aar (com.google.android.gms:play-services-measurement:22.0.2) with AarToClassTransform
Transforming play-services-measurement-22.0.2.aar (com.google.android.gms:play-services-measurement:22.0.2) with IdentityTransform
Transforming play-services-measurement-22.0.2.aar (com.google.android.gms:play-services-measurement:22.0.2) with CopyTransform
Transforming play-services-measurement-sdk-22.0.2.aar (com.google.android.gms:play-services-measurement-sdk:22.0.2) with JetifyTransform
Transforming play-services-measurement-sdk-22.0.2.aar (com.google.android.gms:play-services-measurement-sdk:22.0.2) with AarToClassTransform
Transforming play-services-measurement-sdk-22.0.2.aar (com.google.android.gms:play-services-measurement-sdk:22.0.2) with IdentityTransform
Transforming play-services-measurement-sdk-22.0.2.aar (com.google.android.gms:play-services-measurement-sdk:22.0.2) with CopyTransform
Transforming firebase-auth-interop-19.0.2.aar (com.google.firebase:firebase-auth-interop:19.0.2) with JetifyTransform
Transforming firebase-auth-interop-19.0.2.aar (com.google.firebase:firebase-auth-interop:19.0.2) with AarToClassTransform
Transforming firebase-auth-interop-19.0.2.aar (com.google.firebase:firebase-auth-interop:19.0.2) with IdentityTransform
Transforming firebase-auth-interop-19.0.2.aar (com.google.firebase:firebase-auth-interop:19.0.2) with CopyTransform
Transforming play-services-measurement-impl-22.0.2.aar (com.google.android.gms:play-services-measurement-impl:22.0.2) with JetifyTransform
Transforming play-services-measurement-impl-22.0.2.aar (com.google.android.gms:play-services-measurement-impl:22.0.2) with AarToClassTransform
Transforming play-services-measurement-impl-22.0.2.aar (com.google.android.gms:play-services-measurement-impl:22.0.2) with IdentityTransform
Transforming play-services-measurement-impl-22.0.2.aar (com.google.android.gms:play-services-measurement-impl:22.0.2) with CopyTransform
Transforming play-services-ads-identifier-18.0.0.aar (com.google.android.gms:play-services-ads-identifier:18.0.0) with JetifyTransform
Transforming play-services-ads-identifier-18.0.0.aar (com.google.android.gms:play-services-ads-identifier:18.0.0) with AarToClassTransform
Transforming play-services-ads-identifier-18.0.0.aar (com.google.android.gms:play-services-ads-identifier:18.0.0) with IdentityTransform
Transforming play-services-ads-identifier-18.0.0.aar (com.google.android.gms:play-services-ads-identifier:18.0.0) with CopyTransform
Transforming play-services-measurement-sdk-api-22.0.2.aar (com.google.android.gms:play-services-measurement-sdk-api:22.0.2) with JetifyTransform
Transforming play-services-measurement-sdk-api-22.0.2.aar (com.google.android.gms:play-services-measurement-sdk-api:22.0.2) with AarToClassTransform
Transforming play-services-measurement-sdk-api-22.0.2.aar (com.google.android.gms:play-services-measurement-sdk-api:22.0.2) with IdentityTransform
Transforming play-services-measurement-sdk-api-22.0.2.aar (com.google.android.gms:play-services-measurement-sdk-api:22.0.2) with CopyTransform
Transforming play-services-measurement-base-22.0.2.aar (com.google.android.gms:play-services-measurement-base:22.0.2) with JetifyTransform
Transforming play-services-measurement-base-22.0.2.aar (com.google.android.gms:play-services-measurement-base:22.0.2) with AarToClassTransform
Transforming play-services-measurement-base-22.0.2.aar (com.google.android.gms:play-services-measurement-base:22.0.2) with IdentityTransform
Transforming play-services-measurement-base-22.0.2.aar (com.google.android.gms:play-services-measurement-base:22.0.2) with CopyTransform
Transforming play-services-stats-17.0.2.aar (com.google.android.gms:play-services-stats:17.0.2) with JetifyTransform
Transforming play-services-stats-17.0.2.aar (com.google.android.gms:play-services-stats:17.0.2) with AarToClassTransform
Transforming play-services-stats-17.0.2.aar (com.google.android.gms:play-services-stats:17.0.2) with IdentityTransform
Transforming play-services-stats-17.0.2.aar (com.google.android.gms:play-services-stats:17.0.2) with CopyTransform
Transforming material3-release.aar (androidx.compose.material3:material3-android:1.2.0) with JetifyTransform
Transforming material3-release.aar (androidx.compose.material3:material3-android:1.2.0) with AarToClassTransform
Transforming material3-release.aar (androidx.compose.material3:material3-android:1.2.0) with IdentityTransform
Transforming material3-release.aar (androidx.compose.material3:material3-android:1.2.0) with CopyTransform
Transforming material-ripple-release.aar (androidx.compose.material:material-ripple-android:1.6.2) with JetifyTransform
Transforming material-ripple-release.aar (androidx.compose.material:material-ripple-android:1.6.2) with AarToClassTransform
Transforming material-ripple-release.aar (androidx.compose.material:material-ripple-android:1.6.2) with IdentityTransform
Transforming material-ripple-release.aar (androidx.compose.material:material-ripple-android:1.6.2) with CopyTransform
Transforming material-icons-core-release.aar (androidx.compose.material:material-icons-core-android:1.6.2) with JetifyTransform
Transforming material-icons-core-release.aar (androidx.compose.material:material-icons-core-android:1.6.2) with AarToClassTransform
Transforming material-icons-core-release.aar (androidx.compose.material:material-icons-core-android:1.6.2) with IdentityTransform
Transforming material-icons-core-release.aar (androidx.compose.material:material-icons-core-android:1.6.2) with CopyTransform
Transforming material-release.aar (androidx.compose.material:material-android:1.6.2) with JetifyTransform
Transforming material-release.aar (androidx.compose.material:material-android:1.6.2) with AarToClassTransform
Transforming material-release.aar (androidx.compose.material:material-android:1.6.2) with IdentityTransform
Transforming material-release.aar (androidx.compose.material:material-android:1.6.2) with CopyTransform
Transforming animation-core-release.aar (androidx.compose.animation:animation-core-android:1.6.2) with JetifyTransform
Transforming animation-core-release.aar (androidx.compose.animation:animation-core-android:1.6.2) with AarToClassTransform
Transforming animation-core-release.aar (androidx.compose.animation:animation-core-android:1.6.2) with IdentityTransform
Transforming animation-core-release.aar (androidx.compose.animation:animation-core-android:1.6.2) with CopyTransform
Transforming animation-release.aar (androidx.compose.animation:animation-android:1.6.2) with JetifyTransform
Transforming animation-release.aar (androidx.compose.animation:animation-android:1.6.2) with AarToClassTransform
Transforming animation-release.aar (androidx.compose.animation:animation-android:1.6.2) with IdentityTransform
Transforming animation-release.aar (androidx.compose.animation:animation-android:1.6.2) with CopyTransform
Transforming foundation-layout-release.aar (androidx.compose.foundation:foundation-layout-android:1.6.2) with JetifyTransform
Transforming foundation-layout-release.aar (androidx.compose.foundation:foundation-layout-android:1.6.2) with AarToClassTransform
Transforming foundation-layout-release.aar (androidx.compose.foundation:foundation-layout-android:1.6.2) with IdentityTransform
Transforming foundation-layout-release.aar (androidx.compose.foundation:foundation-layout-android:1.6.2) with CopyTransform
Transforming foundation-release.aar (androidx.compose.foundation:foundation-android:1.6.2) with JetifyTransform
Transforming foundation-release.aar (androidx.compose.foundation:foundation-android:1.6.2) with AarToClassTransform
Transforming foundation-release.aar (androidx.compose.foundation:foundation-android:1.6.2) with IdentityTransform
Transforming foundation-release.aar (androidx.compose.foundation:foundation-android:1.6.2) with CopyTransform
Transforming ui-tooling-data-release.aar (androidx.compose.ui:ui-tooling-data-android:1.6.2) with JetifyTransform
Transforming ui-tooling-data-release.aar (androidx.compose.ui:ui-tooling-data-android:1.6.2) with AarToClassTransform
Transforming ui-tooling-data-release.aar (androidx.compose.ui:ui-tooling-data-android:1.6.2) with IdentityTransform
Transforming ui-tooling-data-release.aar (androidx.compose.ui:ui-tooling-data-android:1.6.2) with CopyTransform
Transforming ui-unit-release.aar (androidx.compose.ui:ui-unit-android:1.6.2) with JetifyTransform
Transforming ui-unit-release.aar (androidx.compose.ui:ui-unit-android:1.6.2) with AarToClassTransform
Transforming ui-unit-release.aar (androidx.compose.ui:ui-unit-android:1.6.2) with IdentityTransform
Transforming ui-unit-release.aar (androidx.compose.ui:ui-unit-android:1.6.2) with CopyTransform
Transforming ui-geometry-release.aar (androidx.compose.ui:ui-geometry-android:1.6.2) with JetifyTransform
Transforming ui-geometry-release.aar (androidx.compose.ui:ui-geometry-android:1.6.2) with AarToClassTransform
Transforming ui-geometry-release.aar (androidx.compose.ui:ui-geometry-android:1.6.2) with IdentityTransform
Transforming ui-geometry-release.aar (androidx.compose.ui:ui-geometry-android:1.6.2) with CopyTransform
Transforming ui-util-release.aar (androidx.compose.ui:ui-util-android:1.6.2) with JetifyTransform
Transforming ui-util-release.aar (androidx.compose.ui:ui-util-android:1.6.2) with AarToClassTransform
Transforming ui-util-release.aar (androidx.compose.ui:ui-util-android:1.6.2) with IdentityTransform
Transforming ui-util-release.aar (androidx.compose.ui:ui-util-android:1.6.2) with CopyTransform
Transforming ui-text-release.aar (androidx.compose.ui:ui-text-android:1.6.2) with JetifyTransform
Transforming ui-text-release.aar (androidx.compose.ui:ui-text-android:1.6.2) with AarToClassTransform
Transforming ui-text-release.aar (androidx.compose.ui:ui-text-android:1.6.2) with IdentityTransform
Transforming ui-text-release.aar (androidx.compose.ui:ui-text-android:1.6.2) with CopyTransform
Transforming ui-tooling-preview-release.aar (androidx.compose.ui:ui-tooling-preview-android:1.6.2) with JetifyTransform
Transforming ui-tooling-preview-release.aar (androidx.compose.ui:ui-tooling-preview-android:1.6.2) with AarToClassTransform
Transforming ui-tooling-preview-release.aar (androidx.compose.ui:ui-tooling-preview-android:1.6.2) with IdentityTransform
Transforming ui-tooling-preview-release.aar (androidx.compose.ui:ui-tooling-preview-android:1.6.2) with CopyTransform
Transforming ui-graphics-release.aar (androidx.compose.ui:ui-graphics-android:1.6.2) with JetifyTransform
Transforming ui-graphics-release.aar (androidx.compose.ui:ui-graphics-android:1.6.2) with AarToClassTransform
Transforming ui-graphics-release.aar (androidx.compose.ui:ui-graphics-android:1.6.2) with IdentityTransform
Transforming ui-graphics-release.aar (androidx.compose.ui:ui-graphics-android:1.6.2) with CopyTransform
Transforming ui-tooling-release.aar (androidx.compose.ui:ui-tooling-android:1.6.2) with JetifyTransform
Transforming ui-tooling-release.aar (androidx.compose.ui:ui-tooling-android:1.6.2) with AarToClassTransform
Transforming ui-tooling-release.aar (androidx.compose.ui:ui-tooling-android:1.6.2) with IdentityTransform
Transforming ui-tooling-release.aar (androidx.compose.ui:ui-tooling-android:1.6.2) with CopyTransform
Transforming activity-compose-1.9.3.aar (androidx.activity:activity-compose:1.9.3) with JetifyTransform
Transforming activity-compose-1.9.3.aar (androidx.activity:activity-compose:1.9.3) with AarToClassTransform
Transforming activity-compose-1.9.3.aar (androidx.activity:activity-compose:1.9.3) with IdentityTransform
Transforming activity-compose-1.9.3.aar (androidx.activity:activity-compose:1.9.3) with CopyTransform
Transforming emoji2-views-helper-1.3.0.aar (androidx.emoji2:emoji2-views-helper:1.3.0) with JetifyTransform
Transforming emoji2-views-helper-1.3.0.aar (androidx.emoji2:emoji2-views-helper:1.3.0) with AarToClassTransform
Transforming emoji2-views-helper-1.3.0.aar (androidx.emoji2:emoji2-views-helper:1.3.0) with IdentityTransform
Transforming emoji2-views-helper-1.3.0.aar (androidx.emoji2:emoji2-views-helper:1.3.0) with CopyTransform
Transforming emoji2-1.3.0.aar (androidx.emoji2:emoji2:1.3.0) with JetifyTransform
Transforming emoji2-1.3.0.aar (androidx.emoji2:emoji2:1.3.0) with AarToClassTransform
Transforming emoji2-1.3.0.aar (androidx.emoji2:emoji2:1.3.0) with IdentityTransform
Transforming emoji2-1.3.0.aar (androidx.emoji2:emoji2:1.3.0) with CopyTransform
Transforming slidingpanelayout-1.2.0.aar (androidx.slidingpanelayout:slidingpanelayout:1.2.0) with JetifyTransform
Transforming slidingpanelayout-1.2.0.aar (androidx.slidingpanelayout:slidingpanelayout:1.2.0) with AarToClassTransform
Transforming slidingpanelayout-1.2.0.aar (androidx.slidingpanelayout:slidingpanelayout:1.2.0) with IdentityTransform
Transforming slidingpanelayout-1.2.0.aar (androidx.slidingpanelayout:slidingpanelayout:1.2.0) with CopyTransform
Transforming transition-1.5.0.aar (androidx.transition:transition:1.5.0) with JetifyTransform
Transforming transition-1.5.0.aar (androidx.transition:transition:1.5.0) with AarToClassTransform
Transforming transition-1.5.0.aar (androidx.transition:transition:1.5.0) with IdentityTransform
Transforming transition-1.5.0.aar (androidx.transition:transition:1.5.0) with CopyTransform
Transforming dynamicanimation-1.0.0.aar (androidx.dynamicanimation:dynamicanimation:1.0.0) with JetifyTransform
Transforming dynamicanimation-1.0.0.aar (androidx.dynamicanimation:dynamicanimation:1.0.0) with AarToClassTransform
Transforming dynamicanimation-1.0.0.aar (androidx.dynamicanimation:dynamicanimation:1.0.0) with IdentityTransform
Transforming dynamicanimation-1.0.0.aar (androidx.dynamicanimation:dynamicanimation:1.0.0) with CopyTransform
Transforming legacy-support-core-utils-1.0.0.aar (androidx.legacy:legacy-support-core-utils:1.0.0) with JetifyTransform
Transforming legacy-support-core-utils-1.0.0.aar (androidx.legacy:legacy-support-core-utils:1.0.0) with AarToClassTransform
Transforming legacy-support-core-utils-1.0.0.aar (androidx.legacy:legacy-support-core-utils:1.0.0) with IdentityTransform
Transforming legacy-support-core-utils-1.0.0.aar (androidx.legacy:legacy-support-core-utils:1.0.0) with CopyTransform
Transforming loader-1.0.0.aar (androidx.loader:loader:1.0.0) with JetifyTransform
Transforming loader-1.0.0.aar (androidx.loader:loader:1.0.0) with AarToClassTransform
Transforming loader-1.0.0.aar (androidx.loader:loader:1.0.0) with IdentityTransform
Transforming loader-1.0.0.aar (androidx.loader:loader:1.0.0) with CopyTransform
Transforming loader-1.0.0.aar (androidx.loader:loader:1.0.0) with JetifyTransform
Transforming loader-1.0.0.aar (androidx.loader:loader:1.0.0) with AarToClassTransform
Transforming loader-1.0.0.aar (androidx.loader:loader:1.0.0) with IdentityTransform
Transforming loader-1.0.0.aar (androidx.loader:loader:1.0.0) with CopyTransform
Transforming drawerlayout-1.1.1.aar (androidx.drawerlayout:drawerlayout:1.1.1) with JetifyTransform
Transforming drawerlayout-1.1.1.aar (androidx.drawerlayout:drawerlayout:1.1.1) with AarToClassTransform
Transforming drawerlayout-1.1.1.aar (androidx.drawerlayout:drawerlayout:1.1.1) with IdentityTransform
Transforming drawerlayout-1.1.1.aar (androidx.drawerlayout:drawerlayout:1.1.1) with CopyTransform
Transforming coordinatorlayout-1.1.0.aar (androidx.coordinatorlayout:coordinatorlayout:1.1.0) with JetifyTransform
Transforming coordinatorlayout-1.1.0.aar (androidx.coordinatorlayout:coordinatorlayout:1.1.0) with AarToClassTransform
Transforming coordinatorlayout-1.1.0.aar (androidx.coordinatorlayout:coordinatorlayout:1.1.0) with IdentityTransform
Transforming coordinatorlayout-1.1.0.aar (androidx.coordinatorlayout:coordinatorlayout:1.1.0) with CopyTransform
Transforming vectordrawable-animated-1.1.0.aar (androidx.vectordrawable:vectordrawable-animated:1.1.0) with JetifyTransform
Transforming vectordrawable-animated-1.1.0.aar (androidx.vectordrawable:vectordrawable-animated:1.1.0) with AarToClassTransform
Transforming vectordrawable-animated-1.1.0.aar (androidx.vectordrawable:vectordrawable-animated:1.1.0) with IdentityTransform
Transforming vectordrawable-animated-1.1.0.aar (androidx.vectordrawable:vectordrawable-animated:1.1.0) with CopyTransform
Transforming vectordrawable-1.1.0.aar (androidx.vectordrawable:vectordrawable:1.1.0) with JetifyTransform
Transforming vectordrawable-1.1.0.aar (androidx.vectordrawable:vectordrawable:1.1.0) with AarToClassTransform
Transforming vectordrawable-1.1.0.aar (androidx.vectordrawable:vectordrawable:1.1.0) with IdentityTransform
Transforming vectordrawable-1.1.0.aar (androidx.vectordrawable:vectordrawable:1.1.0) with CopyTransform
Transforming vectordrawable-1.1.0.aar (androidx.vectordrawable:vectordrawable:1.1.0) with JetifyTransform
Transforming vectordrawable-1.1.0.aar (androidx.vectordrawable:vectordrawable:1.1.0) with AarToClassTransform
Transforming vectordrawable-1.1.0.aar (androidx.vectordrawable:vectordrawable:1.1.0) with IdentityTransform
Transforming vectordrawable-1.1.0.aar (androidx.vectordrawable:vectordrawable:1.1.0) with CopyTransform
Transforming media-1.7.0.aar (androidx.media:media:1.7.0) with JetifyTransform
Transforming media-1.7.0.aar (androidx.media:media:1.7.0) with AarToClassTransform
Transforming media-1.7.0.aar (androidx.media:media:1.7.0) with IdentityTransform
Transforming media-1.7.0.aar (androidx.media:media:1.7.0) with CopyTransform
Transforming viewpager-1.0.0.aar (androidx.viewpager:viewpager:1.0.0) with JetifyTransform
Transforming viewpager-1.0.0.aar (androidx.viewpager:viewpager:1.0.0) with AarToClassTransform
Transforming viewpager-1.0.0.aar (androidx.viewpager:viewpager:1.0.0) with IdentityTransform
Transforming viewpager-1.0.0.aar (androidx.viewpager:viewpager:1.0.0) with CopyTransform
Transforming customview-1.1.0.aar (androidx.customview:customview:1.1.0) with JetifyTransform
Transforming customview-1.1.0.aar (androidx.customview:customview:1.1.0) with AarToClassTransform
Transforming customview-1.1.0.aar (androidx.customview:customview:1.1.0) with IdentityTransform
Transforming customview-1.1.0.aar (androidx.customview:customview:1.1.0) with CopyTransform
Transforming customview-1.1.0.aar (androidx.customview:customview:1.1.0) with JetifyTransform
Transforming customview-1.1.0.aar (androidx.customview:customview:1.1.0) with AarToClassTransform
Transforming customview-1.1.0.aar (androidx.customview:customview:1.1.0) with IdentityTransform
Transforming customview-1.1.0.aar (androidx.customview:customview:1.1.0) with CopyTransform
Transforming autofill-1.0.0.aar (androidx.autofill:autofill:1.0.0) with JetifyTransform
Transforming autofill-1.0.0.aar (androidx.autofill:autofill:1.0.0) with AarToClassTransform
Transforming autofill-1.0.0.aar (androidx.autofill:autofill:1.0.0) with IdentityTransform
Transforming autofill-1.0.0.aar (androidx.autofill:autofill:1.0.0) with CopyTransform
Transforming window-1.0.0.aar (androidx.window:window:1.0.0) with JetifyTransform
Transforming window-1.0.0.aar (androidx.window:window:1.0.0) with AarToClassTransform
Transforming window-1.0.0.aar (androidx.window:window:1.0.0) with IdentityTransform
Transforming window-1.0.0.aar (androidx.window:window:1.0.0) with CopyTransform
Transforming core-1.13.1.aar (androidx.core:core:1.13.1) with JetifyTransform
Transforming core-1.13.1.aar (androidx.core:core:1.13.1) with AarToClassTransform
Transforming core-1.13.1.aar (androidx.core:core:1.13.1) with IdentityTransform
Transforming core-1.13.1.aar (androidx.core:core:1.13.1) with CopyTransform
Transforming core-1.13.1.aar (androidx.core:core:1.13.1) with JetifyTransform
Transforming core-1.13.1.aar (androidx.core:core:1.13.1) with AarToClassTransform
Transforming core-1.13.1.aar (androidx.core:core:1.13.1) with IdentityTransform
Transforming core-1.13.1.aar (androidx.core:core:1.13.1) with CopyTransform
Transforming savedstate-ktx-1.2.1.aar (androidx.savedstate:savedstate-ktx:1.2.1) with JetifyTransform
Transforming savedstate-ktx-1.2.1.aar (androidx.savedstate:savedstate-ktx:1.2.1) with AarToClassTransform
Transforming savedstate-ktx-1.2.1.aar (androidx.savedstate:savedstate-ktx:1.2.1) with IdentityTransform
Transforming savedstate-ktx-1.2.1.aar (androidx.savedstate:savedstate-ktx:1.2.1) with CopyTransform
Transforming savedstate-1.2.1.aar (androidx.savedstate:savedstate:1.2.1) with JetifyTransform
Transforming savedstate-1.2.1.aar (androidx.savedstate:savedstate:1.2.1) with AarToClassTransform
Transforming savedstate-1.2.1.aar (androidx.savedstate:savedstate:1.2.1) with IdentityTransform
Transforming savedstate-1.2.1.aar (androidx.savedstate:savedstate:1.2.1) with CopyTransform
Transforming lifecycle-common-java8-2.8.7.jar (androidx.lifecycle:lifecycle-common-java8:2.8.7) with JetifyTransform
Transforming lifecycle-common-java8-2.8.7.jar (androidx.lifecycle:lifecycle-common-java8:2.8.7) with IdentityTransform
Transforming lifecycle-common-java8-2.8.7.jar (androidx.lifecycle:lifecycle-common-java8:2.8.7) with IdentityTransform
Transforming lifecycle-common-java8-2.8.7.jar (androidx.lifecycle:lifecycle-common-java8:2.8.7) with CopyTransform
Transforming lifecycle-service-2.8.7.aar (androidx.lifecycle:lifecycle-service:2.8.7) with JetifyTransform
Transforming lifecycle-service-2.8.7.aar (androidx.lifecycle:lifecycle-service:2.8.7) with AarToClassTransform
Transforming lifecycle-service-2.8.7.aar (androidx.lifecycle:lifecycle-service:2.8.7) with IdentityTransform
Transforming lifecycle-service-2.8.7.aar (androidx.lifecycle:lifecycle-service:2.8.7) with CopyTransform
Transforming lifecycle-common-jvm-2.8.7.jar (androidx.lifecycle:lifecycle-common-jvm:2.8.7) with JetifyTransform
Transforming lifecycle-common-jvm-2.8.7.jar (androidx.lifecycle:lifecycle-common-jvm:2.8.7) with IdentityTransform
Transforming lifecycle-common-jvm-2.8.7.jar (androidx.lifecycle:lifecycle-common-jvm:2.8.7) with IdentityTransform
Transforming lifecycle-common-jvm-2.8.7.jar (androidx.lifecycle:lifecycle-common-jvm:2.8.7) with CopyTransform
Transforming lifecycle-runtime-release.aar (androidx.lifecycle:lifecycle-runtime-android:2.8.7) with JetifyTransform
Transforming lifecycle-runtime-release.aar (androidx.lifecycle:lifecycle-runtime-android:2.8.7) with AarToClassTransform
Transforming lifecycle-runtime-release.aar (androidx.lifecycle:lifecycle-runtime-android:2.8.7) with IdentityTransform
Transforming lifecycle-runtime-release.aar (androidx.lifecycle:lifecycle-runtime-android:2.8.7) with CopyTransform
Transforming lifecycle-viewmodel-2.8.7.aar (androidx.lifecycle:lifecycle-viewmodel:2.8.7) with JetifyTransform
Transforming lifecycle-viewmodel-2.8.7.aar (androidx.lifecycle:lifecycle-viewmodel:2.8.7) with AarToClassTransform
Transforming lifecycle-viewmodel-2.8.7.aar (androidx.lifecycle:lifecycle-viewmodel:2.8.7) with IdentityTransform
Transforming lifecycle-viewmodel-2.8.7.aar (androidx.lifecycle:lifecycle-viewmodel:2.8.7) with CopyTransform
Transforming lifecycle-viewmodel-release.aar (androidx.lifecycle:lifecycle-viewmodel-android:2.8.7) with JetifyTransform
Transforming lifecycle-viewmodel-release.aar (androidx.lifecycle:lifecycle-viewmodel-android:2.8.7) with AarToClassTransform
Transforming lifecycle-viewmodel-release.aar (androidx.lifecycle:lifecycle-viewmodel-android:2.8.7) with IdentityTransform
Transforming lifecycle-viewmodel-release.aar (androidx.lifecycle:lifecycle-viewmodel-android:2.8.7) with CopyTransform
Transforming lifecycle-livedata-core-2.8.7.aar (androidx.lifecycle:lifecycle-livedata-core:2.8.7) with JetifyTransform
Transforming lifecycle-livedata-core-2.8.7.aar (androidx.lifecycle:lifecycle-livedata-core:2.8.7) with AarToClassTransform
Transforming lifecycle-livedata-core-2.8.7.aar (androidx.lifecycle:lifecycle-livedata-core:2.8.7) with IdentityTransform
Transforming lifecycle-livedata-core-2.8.7.aar (androidx.lifecycle:lifecycle-livedata-core:2.8.7) with CopyTransform
Transforming lifecycle-process-2.8.7.aar (androidx.lifecycle:lifecycle-process:2.8.7) with JetifyTransform
Transforming lifecycle-process-2.8.7.aar (androidx.lifecycle:lifecycle-process:2.8.7) with AarToClassTransform
Transforming lifecycle-process-2.8.7.aar (androidx.lifecycle:lifecycle-process:2.8.7) with IdentityTransform
Transforming lifecycle-process-2.8.7.aar (androidx.lifecycle:lifecycle-process:2.8.7) with CopyTransform
Transforming lifecycle-runtime-compose-release.aar (androidx.lifecycle:lifecycle-runtime-compose-android:2.8.7) with JetifyTransform
Transforming lifecycle-runtime-compose-release.aar (androidx.lifecycle:lifecycle-runtime-compose-android:2.8.7) with AarToClassTransform
Transforming lifecycle-runtime-compose-release.aar (androidx.lifecycle:lifecycle-runtime-compose-android:2.8.7) with IdentityTransform
Transforming lifecycle-runtime-compose-release.aar (androidx.lifecycle:lifecycle-runtime-compose-android:2.8.7) with CopyTransform
Transforming lifecycle-viewmodel-compose-release.aar (androidx.lifecycle:lifecycle-viewmodel-compose-android:2.8.7) with JetifyTransform
Transforming lifecycle-viewmodel-compose-release.aar (androidx.lifecycle:lifecycle-viewmodel-compose-android:2.8.7) with AarToClassTransform
Transforming lifecycle-viewmodel-compose-release.aar (androidx.lifecycle:lifecycle-viewmodel-compose-android:2.8.7) with IdentityTransform
Transforming lifecycle-viewmodel-compose-release.aar (androidx.lifecycle:lifecycle-viewmodel-compose-android:2.8.7) with CopyTransform
Transforming accompanist-drawablepainter-0.32.0.aar (com.google.accompanist:accompanist-drawablepainter:0.32.0) with JetifyTransform
Transforming accompanist-drawablepainter-0.32.0.aar (com.google.accompanist:accompanist-drawablepainter:0.32.0) with AarToClassTransform
Transforming accompanist-drawablepainter-0.32.0.aar (com.google.accompanist:accompanist-drawablepainter:0.32.0) with IdentityTransform
Transforming accompanist-drawablepainter-0.32.0.aar (com.google.accompanist:accompanist-drawablepainter:0.32.0) with CopyTransform
Transforming ui-release.aar (androidx.compose.ui:ui-android:1.6.2) with JetifyTransform
Transforming ui-release.aar (androidx.compose.ui:ui-android:1.6.2) with AarToClassTransform
Transforming ui-release.aar (androidx.compose.ui:ui-android:1.6.2) with IdentityTransform
Transforming ui-release.aar (androidx.compose.ui:ui-android:1.6.2) with CopyTransform
Transforming ui-test-manifest-1.6.2.aar (androidx.compose.ui:ui-test-manifest:1.6.2) with JetifyTransform
Transforming ui-test-manifest-1.6.2.aar (androidx.compose.ui:ui-test-manifest:1.6.2) with AarToClassTransform
Transforming ui-test-manifest-1.6.2.aar (androidx.compose.ui:ui-test-manifest:1.6.2) with IdentityTransform
Transforming ui-test-manifest-1.6.2.aar (androidx.compose.ui:ui-test-manifest:1.6.2) with CopyTransform
Transforming activity-1.9.3.aar (androidx.activity:activity:1.9.3) with JetifyTransform
Transforming activity-1.9.3.aar (androidx.activity:activity:1.9.3) with AarToClassTransform
Transforming activity-1.9.3.aar (androidx.activity:activity:1.9.3) with IdentityTransform
Transforming activity-1.9.3.aar (androidx.activity:activity:1.9.3) with CopyTransform
Transforming lifecycle-viewmodel-savedstate-2.8.7.aar (androidx.lifecycle:lifecycle-viewmodel-savedstate:2.8.7) with JetifyTransform
Transforming lifecycle-viewmodel-savedstate-2.8.7.aar (androidx.lifecycle:lifecycle-viewmodel-savedstate:2.8.7) with AarToClassTransform
Transforming lifecycle-viewmodel-savedstate-2.8.7.aar (androidx.lifecycle:lifecycle-viewmodel-savedstate:2.8.7) with IdentityTransform
Transforming lifecycle-viewmodel-savedstate-2.8.7.aar (androidx.lifecycle:lifecycle-viewmodel-savedstate:2.8.7) with CopyTransform
Transforming lifecycle-runtime-ktx-release.aar (androidx.lifecycle:lifecycle-runtime-ktx-android:2.8.7) with JetifyTransform
Transforming lifecycle-runtime-ktx-release.aar (androidx.lifecycle:lifecycle-runtime-ktx-android:2.8.7) with AarToClassTransform
Transforming lifecycle-runtime-ktx-release.aar (androidx.lifecycle:lifecycle-runtime-ktx-android:2.8.7) with IdentityTransform
Transforming lifecycle-runtime-ktx-release.aar (androidx.lifecycle:lifecycle-runtime-ktx-android:2.8.7) with CopyTransform
Transforming lifecycle-livedata-2.8.7.aar (androidx.lifecycle:lifecycle-livedata:2.8.7) with JetifyTransform
Transforming lifecycle-livedata-2.8.7.aar (androidx.lifecycle:lifecycle-livedata:2.8.7) with AarToClassTransform
Transforming lifecycle-livedata-2.8.7.aar (androidx.lifecycle:lifecycle-livedata:2.8.7) with IdentityTransform
Transforming lifecycle-livedata-2.8.7.aar (androidx.lifecycle:lifecycle-livedata:2.8.7) with CopyTransform
Transforming lifecycle-livedata-2.8.7.aar (androidx.lifecycle:lifecycle-livedata:2.8.7) with JetifyTransform
Transforming lifecycle-livedata-2.8.7.aar (androidx.lifecycle:lifecycle-livedata:2.8.7) with AarToClassTransform
Transforming lifecycle-livedata-2.8.7.aar (androidx.lifecycle:lifecycle-livedata:2.8.7) with IdentityTransform
Transforming lifecycle-livedata-2.8.7.aar (androidx.lifecycle:lifecycle-livedata:2.8.7) with CopyTransform
Transforming lifecycle-livedata-core-ktx-2.8.7.aar (androidx.lifecycle:lifecycle-livedata-core-ktx:2.8.7) with JetifyTransform
Transforming lifecycle-livedata-core-ktx-2.8.7.aar (androidx.lifecycle:lifecycle-livedata-core-ktx:2.8.7) with AarToClassTransform
Transforming lifecycle-livedata-core-ktx-2.8.7.aar (androidx.lifecycle:lifecycle-livedata-core-ktx:2.8.7) with IdentityTransform
Transforming lifecycle-livedata-core-ktx-2.8.7.aar (androidx.lifecycle:lifecycle-livedata-core-ktx:2.8.7) with CopyTransform
Transforming lifecycle-livedata-ktx-2.8.7.aar (androidx.lifecycle:lifecycle-livedata-ktx:2.8.7) with JetifyTransform
Transforming lifecycle-livedata-ktx-2.8.7.aar (androidx.lifecycle:lifecycle-livedata-ktx:2.8.7) with AarToClassTransform
Transforming lifecycle-livedata-ktx-2.8.7.aar (androidx.lifecycle:lifecycle-livedata-ktx:2.8.7) with IdentityTransform
Transforming lifecycle-livedata-ktx-2.8.7.aar (androidx.lifecycle:lifecycle-livedata-ktx:2.8.7) with CopyTransform
Transforming lifecycle-viewmodel-ktx-2.8.7.aar (androidx.lifecycle:lifecycle-viewmodel-ktx:2.8.7) with JetifyTransform
Transforming lifecycle-viewmodel-ktx-2.8.7.aar (androidx.lifecycle:lifecycle-viewmodel-ktx:2.8.7) with AarToClassTransform
Transforming lifecycle-viewmodel-ktx-2.8.7.aar (androidx.lifecycle:lifecycle-viewmodel-ktx:2.8.7) with IdentityTransform
Transforming lifecycle-viewmodel-ktx-2.8.7.aar (androidx.lifecycle:lifecycle-viewmodel-ktx:2.8.7) with CopyTransform
Transforming runtime-saveable-release.aar (androidx.compose.runtime:runtime-saveable-android:1.7.1) with JetifyTransform
Transforming runtime-saveable-release.aar (androidx.compose.runtime:runtime-saveable-android:1.7.1) with AarToClassTransform
Transforming runtime-saveable-release.aar (androidx.compose.runtime:runtime-saveable-android:1.7.1) with IdentityTransform
Transforming runtime-saveable-release.aar (androidx.compose.runtime:runtime-saveable-android:1.7.1) with CopyTransform
Transforming runtime-release.aar (androidx.compose.runtime:runtime-android:1.7.1) with JetifyTransform
Transforming runtime-release.aar (androidx.compose.runtime:runtime-android:1.7.1) with AarToClassTransform
Transforming runtime-release.aar (androidx.compose.runtime:runtime-android:1.7.1) with IdentityTransform
Transforming runtime-release.aar (androidx.compose.runtime:runtime-android:1.7.1) with CopyTransform
Transforming kotlinx-coroutines-android-1.9.0.jar (org.jetbrains.kotlinx:kotlinx-coroutines-android:1.9.0) with JetifyTransform
Transforming kotlinx-coroutines-android-1.9.0.jar (org.jetbrains.kotlinx:kotlinx-coroutines-android:1.9.0) with IdentityTransform
Transforming kotlinx-coroutines-android-1.9.0.jar (org.jetbrains.kotlinx:kotlinx-coroutines-android:1.9.0) with IdentityTransform
Transforming kotlinx-coroutines-android-1.9.0.jar (org.jetbrains.kotlinx:kotlinx-coroutines-android:1.9.0) with CopyTransform
Transforming ktor-server-content-negotiation-jvm-2.3.7.jar (io.ktor:ktor-server-content-negotiation-jvm:2.3.7) with JetifyTransform
Transforming ktor-server-content-negotiation-jvm-2.3.7.jar (io.ktor:ktor-server-content-negotiation-jvm:2.3.7) with IdentityTransform
Transforming ktor-server-content-negotiation-jvm-2.3.7.jar (io.ktor:ktor-server-content-negotiation-jvm:2.3.7) with IdentityTransform
Transforming ktor-server-content-negotiation-jvm-2.3.7.jar (io.ktor:ktor-server-content-negotiation-jvm:2.3.7) with CopyTransform
Transforming ktor-server-cors-jvm-2.3.7.jar (io.ktor:ktor-server-cors-jvm:2.3.7) with JetifyTransform
Transforming ktor-server-cors-jvm-2.3.7.jar (io.ktor:ktor-server-cors-jvm:2.3.7) with IdentityTransform
Transforming ktor-server-cors-jvm-2.3.7.jar (io.ktor:ktor-server-cors-jvm:2.3.7) with IdentityTransform
Transforming ktor-server-cors-jvm-2.3.7.jar (io.ktor:ktor-server-cors-jvm:2.3.7) with CopyTransform
Transforming ktor-server-status-pages-jvm-2.3.7.jar (io.ktor:ktor-server-status-pages-jvm:2.3.7) with JetifyTransform
Transforming ktor-server-status-pages-jvm-2.3.7.jar (io.ktor:ktor-server-status-pages-jvm:2.3.7) with IdentityTransform
Transforming ktor-server-status-pages-jvm-2.3.7.jar (io.ktor:ktor-server-status-pages-jvm:2.3.7) with IdentityTransform
Transforming ktor-server-status-pages-jvm-2.3.7.jar (io.ktor:ktor-server-status-pages-jvm:2.3.7) with CopyTransform
Transforming ktor-server-cio-jvm-2.3.7.jar (io.ktor:ktor-server-cio-jvm:2.3.7) with JetifyTransform
Transforming ktor-server-cio-jvm-2.3.7.jar (io.ktor:ktor-server-cio-jvm:2.3.7) with IdentityTransform
Transforming ktor-server-cio-jvm-2.3.7.jar (io.ktor:ktor-server-cio-jvm:2.3.7) with IdentityTransform
Transforming ktor-server-cio-jvm-2.3.7.jar (io.ktor:ktor-server-cio-jvm:2.3.7) with CopyTransform
Transforming ktor-server-host-common-jvm-2.3.7.jar (io.ktor:ktor-server-host-common-jvm:2.3.7) with JetifyTransform
Transforming ktor-server-host-common-jvm-2.3.7.jar (io.ktor:ktor-server-host-common-jvm:2.3.7) with IdentityTransform
Transforming ktor-server-host-common-jvm-2.3.7.jar (io.ktor:ktor-server-host-common-jvm:2.3.7) with IdentityTransform
Transforming ktor-server-host-common-jvm-2.3.7.jar (io.ktor:ktor-server-host-common-jvm:2.3.7) with CopyTransform
Transforming ktor-server-core-jvm-2.3.7.jar (io.ktor:ktor-server-core-jvm:2.3.7) with JetifyTransform
Transforming ktor-server-core-jvm-2.3.7.jar (io.ktor:ktor-server-core-jvm:2.3.7) with IdentityTransform
Transforming ktor-server-core-jvm-2.3.7.jar (io.ktor:ktor-server-core-jvm:2.3.7) with IdentityTransform
Transforming ktor-server-core-jvm-2.3.7.jar (io.ktor:ktor-server-core-jvm:2.3.7) with CopyTransform
Transforming ktor-serialization-gson-jvm-2.3.7.jar (io.ktor:ktor-serialization-gson-jvm:2.3.7) with JetifyTransform
Transforming ktor-serialization-gson-jvm-2.3.7.jar (io.ktor:ktor-serialization-gson-jvm:2.3.7) with IdentityTransform
Transforming ktor-serialization-gson-jvm-2.3.7.jar (io.ktor:ktor-serialization-gson-jvm:2.3.7) with IdentityTransform
Transforming ktor-serialization-gson-jvm-2.3.7.jar (io.ktor:ktor-serialization-gson-jvm:2.3.7) with CopyTransform
Transforming ktor-serialization-jvm-2.3.7.jar (io.ktor:ktor-serialization-jvm:2.3.7) with JetifyTransform
Transforming ktor-serialization-jvm-2.3.7.jar (io.ktor:ktor-serialization-jvm:2.3.7) with IdentityTransform
Transforming ktor-serialization-jvm-2.3.7.jar (io.ktor:ktor-serialization-jvm:2.3.7) with IdentityTransform
Transforming ktor-serialization-jvm-2.3.7.jar (io.ktor:ktor-serialization-jvm:2.3.7) with CopyTransform
Transforming ktor-events-jvm-2.3.7.jar (io.ktor:ktor-events-jvm:2.3.7) with JetifyTransform
Transforming ktor-events-jvm-2.3.7.jar (io.ktor:ktor-events-jvm:2.3.7) with IdentityTransform
Transforming ktor-events-jvm-2.3.7.jar (io.ktor:ktor-events-jvm:2.3.7) with IdentityTransform
Transforming ktor-events-jvm-2.3.7.jar (io.ktor:ktor-events-jvm:2.3.7) with CopyTransform
Transforming ktor-http-cio-jvm-2.3.7.jar (io.ktor:ktor-http-cio-jvm:2.3.7) with JetifyTransform
Transforming ktor-http-cio-jvm-2.3.7.jar (io.ktor:ktor-http-cio-jvm:2.3.7) with IdentityTransform
Transforming ktor-http-cio-jvm-2.3.7.jar (io.ktor:ktor-http-cio-jvm:2.3.7) with IdentityTransform
Transforming ktor-http-cio-jvm-2.3.7.jar (io.ktor:ktor-http-cio-jvm:2.3.7) with CopyTransform
Transforming ktor-websockets-jvm-2.3.7.jar (io.ktor:ktor-websockets-jvm:2.3.7) with JetifyTransform
Transforming ktor-websockets-jvm-2.3.7.jar (io.ktor:ktor-websockets-jvm:2.3.7) with IdentityTransform
Transforming ktor-websockets-jvm-2.3.7.jar (io.ktor:ktor-websockets-jvm:2.3.7) with IdentityTransform
Transforming ktor-websockets-jvm-2.3.7.jar (io.ktor:ktor-websockets-jvm:2.3.7) with CopyTransform
Transforming ktor-http-jvm-2.3.7.jar (io.ktor:ktor-http-jvm:2.3.7) with JetifyTransform
Transforming ktor-http-jvm-2.3.7.jar (io.ktor:ktor-http-jvm:2.3.7) with IdentityTransform
Transforming ktor-http-jvm-2.3.7.jar (io.ktor:ktor-http-jvm:2.3.7) with IdentityTransform
Transforming ktor-http-jvm-2.3.7.jar (io.ktor:ktor-http-jvm:2.3.7) with CopyTransform
Transforming ktor-network-jvm-2.3.7.jar (io.ktor:ktor-network-jvm:2.3.7) with JetifyTransform
Transforming ktor-network-jvm-2.3.7.jar (io.ktor:ktor-network-jvm:2.3.7) with IdentityTransform
Transforming ktor-network-jvm-2.3.7.jar (io.ktor:ktor-network-jvm:2.3.7) with IdentityTransform
Transforming ktor-network-jvm-2.3.7.jar (io.ktor:ktor-network-jvm:2.3.7) with CopyTransform
Transforming ktor-utils-jvm-2.3.7.jar (io.ktor:ktor-utils-jvm:2.3.7) with JetifyTransform
Transforming ktor-utils-jvm-2.3.7.jar (io.ktor:ktor-utils-jvm:2.3.7) with IdentityTransform
Transforming ktor-utils-jvm-2.3.7.jar (io.ktor:ktor-utils-jvm:2.3.7) with IdentityTransform
Transforming ktor-utils-jvm-2.3.7.jar (io.ktor:ktor-utils-jvm:2.3.7) with CopyTransform
Transforming ktor-io-jvm-2.3.7.jar (io.ktor:ktor-io-jvm:2.3.7) with JetifyTransform
Transforming ktor-io-jvm-2.3.7.jar (io.ktor:ktor-io-jvm:2.3.7) with IdentityTransform
Transforming ktor-io-jvm-2.3.7.jar (io.ktor:ktor-io-jvm:2.3.7) with IdentityTransform
Transforming ktor-io-jvm-2.3.7.jar (io.ktor:ktor-io-jvm:2.3.7) with CopyTransform
Transforming kotlinx-coroutines-jdk8-1.9.0.jar (org.jetbrains.kotlinx:kotlinx-coroutines-jdk8:1.9.0) with JetifyTransform
Transforming kotlinx-coroutines-jdk8-1.9.0.jar (org.jetbrains.kotlinx:kotlinx-coroutines-jdk8:1.9.0) with IdentityTransform
Transforming kotlinx-coroutines-jdk8-1.9.0.jar (org.jetbrains.kotlinx:kotlinx-coroutines-jdk8:1.9.0) with IdentityTransform
Transforming kotlinx-coroutines-jdk8-1.9.0.jar (org.jetbrains.kotlinx:kotlinx-coroutines-jdk8:1.9.0) with CopyTransform
Transforming ads-adservices-java-1.0.0-beta05.aar (androidx.privacysandbox.ads:ads-adservices-java:1.0.0-beta05) with JetifyTransform
Transforming ads-adservices-java-1.0.0-beta05.aar (androidx.privacysandbox.ads:ads-adservices-java:1.0.0-beta05) with AarToClassTransform
Transforming ads-adservices-java-1.0.0-beta05.aar (androidx.privacysandbox.ads:ads-adservices-java:1.0.0-beta05) with IdentityTransform
Transforming ads-adservices-java-1.0.0-beta05.aar (androidx.privacysandbox.ads:ads-adservices-java:1.0.0-beta05) with CopyTransform
Transforming ads-adservices-1.0.0-beta05.aar (androidx.privacysandbox.ads:ads-adservices:1.0.0-beta05) with JetifyTransform
Transforming ads-adservices-1.0.0-beta05.aar (androidx.privacysandbox.ads:ads-adservices:1.0.0-beta05) with AarToClassTransform
Transforming ads-adservices-1.0.0-beta05.aar (androidx.privacysandbox.ads:ads-adservices:1.0.0-beta05) with IdentityTransform
Transforming ads-adservices-1.0.0-beta05.aar (androidx.privacysandbox.ads:ads-adservices:1.0.0-beta05) with CopyTransform
Transforming ads-adservices-1.0.0-beta05.aar (androidx.privacysandbox.ads:ads-adservices:1.0.0-beta05) with JetifyTransform
Transforming ads-adservices-1.0.0-beta05.aar (androidx.privacysandbox.ads:ads-adservices:1.0.0-beta05) with AarToClassTransform
Transforming ads-adservices-1.0.0-beta05.aar (androidx.privacysandbox.ads:ads-adservices:1.0.0-beta05) with IdentityTransform
Transforming ads-adservices-1.0.0-beta05.aar (androidx.privacysandbox.ads:ads-adservices:1.0.0-beta05) with CopyTransform
Transforming kotlinx-coroutines-core-jvm-1.9.0.jar (org.jetbrains.kotlinx:kotlinx-coroutines-core-jvm:1.9.0) with JetifyTransform
Transforming kotlinx-coroutines-core-jvm-1.9.0.jar (org.jetbrains.kotlinx:kotlinx-coroutines-core-jvm:1.9.0) with IdentityTransform
Transforming kotlinx-coroutines-core-jvm-1.9.0.jar (org.jetbrains.kotlinx:kotlinx-coroutines-core-jvm:1.9.0) with IdentityTransform
Transforming kotlinx-coroutines-core-jvm-1.9.0.jar (org.jetbrains.kotlinx:kotlinx-coroutines-core-jvm:1.9.0) with CopyTransform
Transforming kotlinx-coroutines-play-services-1.9.0.jar (org.jetbrains.kotlinx:kotlinx-coroutines-play-services:1.9.0) with JetifyTransform
Transforming kotlinx-coroutines-play-services-1.9.0.jar (org.jetbrains.kotlinx:kotlinx-coroutines-play-services:1.9.0) with IdentityTransform
Transforming kotlinx-coroutines-play-services-1.9.0.jar (org.jetbrains.kotlinx:kotlinx-coroutines-play-services:1.9.0) with IdentityTransform
Transforming kotlinx-coroutines-play-services-1.9.0.jar (org.jetbrains.kotlinx:kotlinx-coroutines-play-services:1.9.0) with CopyTransform
Transforming firebase-installations-interop-17.1.1.aar (com.google.firebase:firebase-installations-interop:17.1.1) with JetifyTransform
Transforming firebase-installations-interop-17.1.1.aar (com.google.firebase:firebase-installations-interop:17.1.1) with AarToClassTransform
Transforming firebase-installations-interop-17.1.1.aar (com.google.firebase:firebase-installations-interop:17.1.1) with IdentityTransform
Transforming firebase-installations-interop-17.1.1.aar (com.google.firebase:firebase-installations-interop:17.1.1) with CopyTransform
Transforming play-services-tasks-18.2.0.aar (com.google.android.gms:play-services-tasks:18.2.0) with JetifyTransform
Transforming play-services-tasks-18.2.0.aar (com.google.android.gms:play-services-tasks:18.2.0) with AarToClassTransform
Transforming play-services-tasks-18.2.0.aar (com.google.android.gms:play-services-tasks:18.2.0) with IdentityTransform
Transforming play-services-tasks-18.2.0.aar (com.google.android.gms:play-services-tasks:18.2.0) with CopyTransform
Transforming play-services-tasks-18.2.0.aar (com.google.android.gms:play-services-tasks:18.2.0) with JetifyTransform
Transforming play-services-tasks-18.2.0.aar (com.google.android.gms:play-services-tasks:18.2.0) with AarToClassTransform
Transforming play-services-tasks-18.2.0.aar (com.google.android.gms:play-services-tasks:18.2.0) with IdentityTransform
Transforming play-services-tasks-18.2.0.aar (com.google.android.gms:play-services-tasks:18.2.0) with CopyTransform
Transforming firebase-measurement-connector-19.0.0.aar (com.google.firebase:firebase-measurement-connector:19.0.0) with JetifyTransform
Transforming firebase-measurement-connector-19.0.0.aar (com.google.firebase:firebase-measurement-connector:19.0.0) with AarToClassTransform
Transforming firebase-measurement-connector-19.0.0.aar (com.google.firebase:firebase-measurement-connector:19.0.0) with IdentityTransform
Transforming firebase-measurement-connector-19.0.0.aar (com.google.firebase:firebase-measurement-connector:19.0.0) with CopyTransform
Transforming play-services-basement-18.4.0.aar (com.google.android.gms:play-services-basement:18.4.0) with JetifyTransform
Transforming play-services-basement-18.4.0.aar (com.google.android.gms:play-services-basement:18.4.0) with AarToClassTransform
Transforming play-services-basement-18.4.0.aar (com.google.android.gms:play-services-basement:18.4.0) with IdentityTransform
Transforming play-services-basement-18.4.0.aar (com.google.android.gms:play-services-basement:18.4.0) with CopyTransform
Transforming fragment-1.8.5.aar (androidx.fragment:fragment:1.8.5) with JetifyTransform
Transforming fragment-1.8.5.aar (androidx.fragment:fragment:1.8.5) with AarToClassTransform
Transforming fragment-1.8.5.aar (androidx.fragment:fragment:1.8.5) with IdentityTransform
Transforming fragment-1.8.5.aar (androidx.fragment:fragment:1.8.5) with CopyTransform
Transforming fragment-1.8.5.aar (androidx.fragment:fragment:1.8.5) with JetifyTransform
Transforming fragment-1.8.5.aar (androidx.fragment:fragment:1.8.5) with AarToClassTransform
Transforming fragment-1.8.5.aar (androidx.fragment:fragment:1.8.5) with IdentityTransform
Transforming fragment-1.8.5.aar (androidx.fragment:fragment:1.8.5) with CopyTransform
Transforming fragment-ktx-1.8.5.aar (androidx.fragment:fragment-ktx:1.8.5) with JetifyTransform
Transforming fragment-ktx-1.8.5.aar (androidx.fragment:fragment-ktx:1.8.5) with AarToClassTransform
Transforming fragment-ktx-1.8.5.aar (androidx.fragment:fragment-ktx:1.8.5) with IdentityTransform
Transforming fragment-ktx-1.8.5.aar (androidx.fragment:fragment-ktx:1.8.5) with CopyTransform
Transforming activity-ktx-1.9.3.aar (androidx.activity:activity-ktx:1.9.3) with JetifyTransform
Transforming activity-ktx-1.9.3.aar (androidx.activity:activity-ktx:1.9.3) with AarToClassTransform
Transforming activity-ktx-1.9.3.aar (androidx.activity:activity-ktx:1.9.3) with IdentityTransform
Transforming activity-ktx-1.9.3.aar (androidx.activity:activity-ktx:1.9.3) with CopyTransform
Transforming customview-poolingcontainer-1.0.0.aar (androidx.customview:customview-poolingcontainer:1.0.0) with JetifyTransform
Transforming customview-poolingcontainer-1.0.0.aar (androidx.customview:customview-poolingcontainer:1.0.0) with AarToClassTransform
Transforming customview-poolingcontainer-1.0.0.aar (androidx.customview:customview-poolingcontainer:1.0.0) with IdentityTransform
Transforming customview-poolingcontainer-1.0.0.aar (androidx.customview:customview-poolingcontainer:1.0.0) with CopyTransform
Transforming core-ktx-1.13.1.aar (androidx.core:core-ktx:1.13.1) with JetifyTransform
Transforming core-ktx-1.13.1.aar (androidx.core:core-ktx:1.13.1) with AarToClassTransform
Transforming core-ktx-1.13.1.aar (androidx.core:core-ktx:1.13.1) with IdentityTransform
Transforming core-ktx-1.13.1.aar (androidx.core:core-ktx:1.13.1) with CopyTransform
Transforming flexbox-3.0.0.aar (com.google.android.flexbox:flexbox:3.0.0) with JetifyTransform
Transforming flexbox-3.0.0.aar (com.google.android.flexbox:flexbox:3.0.0) with AarToClassTransform
Transforming flexbox-3.0.0.aar (com.google.android.flexbox:flexbox:3.0.0) with IdentityTransform
Transforming flexbox-3.0.0.aar (com.google.android.flexbox:flexbox:3.0.0) with CopyTransform
Transforming kotlin-android-extensions-runtime-1.9.25.jar (org.jetbrains.kotlin:kotlin-android-extensions-runtime:1.9.25) with JetifyTransform
Transforming kotlin-android-extensions-runtime-1.9.25.jar (org.jetbrains.kotlin:kotlin-android-extensions-runtime:1.9.25) with IdentityTransform
Transforming kotlin-android-extensions-runtime-1.9.25.jar (org.jetbrains.kotlin:kotlin-android-extensions-runtime:1.9.25) with IdentityTransform
Transforming kotlin-android-extensions-runtime-1.9.25.jar (org.jetbrains.kotlin:kotlin-android-extensions-runtime:1.9.25) with CopyTransform
Transforming sqlite-framework-2.4.0.aar (androidx.sqlite:sqlite-framework:2.4.0) with JetifyTransform
Transforming sqlite-framework-2.4.0.aar (androidx.sqlite:sqlite-framework:2.4.0) with AarToClassTransform
Transforming sqlite-framework-2.4.0.aar (androidx.sqlite:sqlite-framework:2.4.0) with IdentityTransform
Transforming sqlite-framework-2.4.0.aar (androidx.sqlite:sqlite-framework:2.4.0) with CopyTransform
Transforming sqlite-2.4.0.aar (androidx.sqlite:sqlite:2.4.0) with JetifyTransform
Transforming sqlite-2.4.0.aar (androidx.sqlite:sqlite:2.4.0) with AarToClassTransform
Transforming sqlite-2.4.0.aar (androidx.sqlite:sqlite:2.4.0) with IdentityTransform
Transforming sqlite-2.4.0.aar (androidx.sqlite:sqlite:2.4.0) with CopyTransform
Transforming kotlin-reflect-1.8.22.jar (org.jetbrains.kotlin:kotlin-reflect:1.8.22) with JetifyTransform
Transforming kotlin-reflect-1.8.22.jar (org.jetbrains.kotlin:kotlin-reflect:1.8.22) with IdentityTransform
Transforming kotlin-reflect-1.8.22.jar (org.jetbrains.kotlin:kotlin-reflect:1.8.22) with IdentityTransform
Transforming kotlin-reflect-1.8.22.jar (org.jetbrains.kotlin:kotlin-reflect:1.8.22) with CopyTransform
Transforming security-crypto-1.1.0-alpha06.aar (androidx.security:security-crypto:1.1.0-alpha06) with JetifyTransform
Transforming security-crypto-1.1.0-alpha06.aar (androidx.security:security-crypto:1.1.0-alpha06) with AarToClassTransform
Transforming security-crypto-1.1.0-alpha06.aar (androidx.security:security-crypto:1.1.0-alpha06) with IdentityTransform
Transforming security-crypto-1.1.0-alpha06.aar (androidx.security:security-crypto:1.1.0-alpha06) with CopyTransform
Transforming cursoradapter-1.0.0.aar (androidx.cursoradapter:cursoradapter:1.0.0) with JetifyTransform
Transforming cursoradapter-1.0.0.aar (androidx.cursoradapter:cursoradapter:1.0.0) with AarToClassTransform
Transforming cursoradapter-1.0.0.aar (androidx.cursoradapter:cursoradapter:1.0.0) with IdentityTransform
Transforming cursoradapter-1.0.0.aar (androidx.cursoradapter:cursoradapter:1.0.0) with CopyTransform
Transforming profileinstaller-1.3.1.aar (androidx.profileinstaller:profileinstaller:1.3.1) with JetifyTransform
Transforming profileinstaller-1.3.1.aar (androidx.profileinstaller:profileinstaller:1.3.1) with AarToClassTransform
Transforming profileinstaller-1.3.1.aar (androidx.profileinstaller:profileinstaller:1.3.1) with IdentityTransform
Transforming profileinstaller-1.3.1.aar (androidx.profileinstaller:profileinstaller:1.3.1) with CopyTransform
Transforming resourceinspection-annotation-1.0.1.jar (androidx.resourceinspection:resourceinspection-annotation:1.0.1) with JetifyTransform
Transforming resourceinspection-annotation-1.0.1.jar (androidx.resourceinspection:resourceinspection-annotation:1.0.1) with IdentityTransform
Transforming resourceinspection-annotation-1.0.1.jar (androidx.resourceinspection:resourceinspection-annotation:1.0.1) with IdentityTransform
Transforming resourceinspection-annotation-1.0.1.jar (androidx.resourceinspection:resourceinspection-annotation:1.0.1) with CopyTransform
Transforming cardview-1.0.0.aar (androidx.cardview:cardview:1.0.0) with JetifyTransform
Transforming cardview-1.0.0.aar (androidx.cardview:cardview:1.0.0) with AarToClassTransform
Transforming cardview-1.0.0.aar (androidx.cardview:cardview:1.0.0) with IdentityTransform
Transforming cardview-1.0.0.aar (androidx.cardview:cardview:1.0.0) with CopyTransform
Transforming core-runtime-2.2.0.aar (androidx.arch.core:core-runtime:2.2.0) with JetifyTransform
Transforming core-runtime-2.2.0.aar (androidx.arch.core:core-runtime:2.2.0) with AarToClassTransform
Transforming core-runtime-2.2.0.aar (androidx.arch.core:core-runtime:2.2.0) with IdentityTransform
Transforming core-runtime-2.2.0.aar (androidx.arch.core:core-runtime:2.2.0) with CopyTransform
Transforming gifdecoder-4.16.0.aar (com.github.bumptech.glide:gifdecoder:4.16.0) with JetifyTransform
Transforming gifdecoder-4.16.0.aar (com.github.bumptech.glide:gifdecoder:4.16.0) with AarToClassTransform
Transforming gifdecoder-4.16.0.aar (com.github.bumptech.glide:gifdecoder:4.16.0) with IdentityTransform
Transforming gifdecoder-4.16.0.aar (com.github.bumptech.glide:gifdecoder:4.16.0) with CopyTransform
Transforming startup-runtime-1.1.1.aar (androidx.startup:startup-runtime:1.1.1) with JetifyTransform
Transforming startup-runtime-1.1.1.aar (androidx.startup:startup-runtime:1.1.1) with AarToClassTransform
Transforming startup-runtime-1.1.1.aar (androidx.startup:startup-runtime:1.1.1) with IdentityTransform
Transforming startup-runtime-1.1.1.aar (androidx.startup:startup-runtime:1.1.1) with CopyTransform
Transforming tracing-1.0.0.aar (androidx.tracing:tracing:1.0.0) with JetifyTransform
Transforming tracing-1.0.0.aar (androidx.tracing:tracing:1.0.0) with AarToClassTransform
Transforming tracing-1.0.0.aar (androidx.tracing:tracing:1.0.0) with IdentityTransform
Transforming tracing-1.0.0.aar (androidx.tracing:tracing:1.0.0) with CopyTransform
Transforming firebase-components-18.0.0.aar (com.google.firebase:firebase-components:18.0.0) with JetifyTransform
Transforming firebase-components-18.0.0.aar (com.google.firebase:firebase-components:18.0.0) with AarToClassTransform
Transforming firebase-components-18.0.0.aar (com.google.firebase:firebase-components:18.0.0) with IdentityTransform
Transforming firebase-components-18.0.0.aar (com.google.firebase:firebase-components:18.0.0) with CopyTransform
Transforming interpolator-1.0.0.aar (androidx.interpolator:interpolator:1.0.0) with JetifyTransform
Transforming interpolator-1.0.0.aar (androidx.interpolator:interpolator:1.0.0) with AarToClassTransform
Transforming interpolator-1.0.0.aar (androidx.interpolator:interpolator:1.0.0) with IdentityTransform
Transforming interpolator-1.0.0.aar (androidx.interpolator:interpolator:1.0.0) with CopyTransform
Transforming interpolator-1.0.0.aar (androidx.interpolator:interpolator:1.0.0) with JetifyTransform
Transforming interpolator-1.0.0.aar (androidx.interpolator:interpolator:1.0.0) with AarToClassTransform
Transforming interpolator-1.0.0.aar (androidx.interpolator:interpolator:1.0.0) with IdentityTransform
Transforming interpolator-1.0.0.aar (androidx.interpolator:interpolator:1.0.0) with CopyTransform
Transforming versionedparcelable-1.1.1.aar (androidx.versionedparcelable:versionedparcelable:1.1.1) with JetifyTransform
Transforming versionedparcelable-1.1.1.aar (androidx.versionedparcelable:versionedparcelable:1.1.1) with AarToClassTransform
Transforming versionedparcelable-1.1.1.aar (androidx.versionedparcelable:versionedparcelable:1.1.1) with IdentityTransform
Transforming versionedparcelable-1.1.1.aar (androidx.versionedparcelable:versionedparcelable:1.1.1) with CopyTransform
Transforming concurrent-futures-1.1.0.jar (androidx.concurrent:concurrent-futures:1.1.0) with JetifyTransform
Transforming concurrent-futures-1.1.0.jar (androidx.concurrent:concurrent-futures:1.1.0) with IdentityTransform
Transforming concurrent-futures-1.1.0.jar (androidx.concurrent:concurrent-futures:1.1.0) with IdentityTransform
Transforming concurrent-futures-1.1.0.jar (androidx.concurrent:concurrent-futures:1.1.0) with CopyTransform
Transforming core-common-2.2.0.jar (androidx.arch.core:core-common:2.2.0) with JetifyTransform
Transforming core-common-2.2.0.jar (androidx.arch.core:core-common:2.2.0) with IdentityTransform
Transforming core-common-2.2.0.jar (androidx.arch.core:core-common:2.2.0) with IdentityTransform
Transforming core-common-2.2.0.jar (androidx.arch.core:core-common:2.2.0) with CopyTransform
Transforming documentfile-1.0.0.aar (androidx.documentfile:documentfile:1.0.0) with JetifyTransform
Transforming documentfile-1.0.0.aar (androidx.documentfile:documentfile:1.0.0) with AarToClassTransform
Transforming documentfile-1.0.0.aar (androidx.documentfile:documentfile:1.0.0) with IdentityTransform
Transforming documentfile-1.0.0.aar (androidx.documentfile:documentfile:1.0.0) with CopyTransform
Transforming localbroadcastmanager-1.0.0.aar (androidx.localbroadcastmanager:localbroadcastmanager:1.0.0) with JetifyTransform
Transforming localbroadcastmanager-1.0.0.aar (androidx.localbroadcastmanager:localbroadcastmanager:1.0.0) with AarToClassTransform
Transforming localbroadcastmanager-1.0.0.aar (androidx.localbroadcastmanager:localbroadcastmanager:1.0.0) with IdentityTransform
Transforming localbroadcastmanager-1.0.0.aar (androidx.localbroadcastmanager:localbroadcastmanager:1.0.0) with CopyTransform
Transforming print-1.0.0.aar (androidx.print:print:1.0.0) with JetifyTransform
Transforming print-1.0.0.aar (androidx.print:print:1.0.0) with AarToClassTransform
Transforming print-1.0.0.aar (androidx.print:print:1.0.0) with IdentityTransform
Transforming print-1.0.0.aar (androidx.print:print:1.0.0) with CopyTransform
Transforming exifinterface-1.3.7.aar (androidx.exifinterface:exifinterface:1.3.7) with JetifyTransform
Transforming exifinterface-1.3.7.aar (androidx.exifinterface:exifinterface:1.3.7) with AarToClassTransform
Transforming exifinterface-1.3.7.aar (androidx.exifinterface:exifinterface:1.3.7) with IdentityTransform
Transforming exifinterface-1.3.7.aar (androidx.exifinterface:exifinterface:1.3.7) with CopyTransform
Transforming collection-ktx-1.4.0.jar (androidx.collection:collection-ktx:1.4.0) with JetifyTransform
Transforming collection-ktx-1.4.0.jar (androidx.collection:collection-ktx:1.4.0) with IdentityTransform
Transforming collection-ktx-1.4.0.jar (androidx.collection:collection-ktx:1.4.0) with IdentityTransform
Transforming collection-ktx-1.4.0.jar (androidx.collection:collection-ktx:1.4.0) with CopyTransform
Transforming collection-jvm-1.4.0.jar (androidx.collection:collection-jvm:1.4.0) with JetifyTransform
Transforming collection-jvm-1.4.0.jar (androidx.collection:collection-jvm:1.4.0) with IdentityTransform
Transforming collection-jvm-1.4.0.jar (androidx.collection:collection-jvm:1.4.0) with IdentityTransform
Transforming collection-jvm-1.4.0.jar (androidx.collection:collection-jvm:1.4.0) with CopyTransform
Transforming annotation-jvm-1.8.1.jar (androidx.annotation:annotation-jvm:1.8.1) with JetifyTransform
Transforming annotation-jvm-1.8.1.jar (androidx.annotation:annotation-jvm:1.8.1) with IdentityTransform
Transforming annotation-jvm-1.8.1.jar (androidx.annotation:annotation-jvm:1.8.1) with IdentityTransform
Transforming annotation-jvm-1.8.1.jar (androidx.annotation:annotation-jvm:1.8.1) with CopyTransform
Transforming converter-gson-2.9.0.jar (com.squareup.retrofit2:converter-gson:2.9.0) with JetifyTransform
Transforming converter-gson-2.9.0.jar (com.squareup.retrofit2:converter-gson:2.9.0) with IdentityTransform
Transforming converter-gson-2.9.0.jar (com.squareup.retrofit2:converter-gson:2.9.0) with IdentityTransform
Transforming converter-gson-2.9.0.jar (com.squareup.retrofit2:converter-gson:2.9.0) with CopyTransform
Transforming converter-scalars-2.9.0.jar (com.squareup.retrofit2:converter-scalars:2.9.0) with JetifyTransform
Transforming converter-scalars-2.9.0.jar (com.squareup.retrofit2:converter-scalars:2.9.0) with IdentityTransform
Transforming converter-scalars-2.9.0.jar (com.squareup.retrofit2:converter-scalars:2.9.0) with IdentityTransform
Transforming converter-scalars-2.9.0.jar (com.squareup.retrofit2:converter-scalars:2.9.0) with CopyTransform
Transforming retrofit-2.9.0.jar (com.squareup.retrofit2:retrofit:2.9.0) with JetifyTransform
Transforming retrofit-2.9.0.jar (com.squareup.retrofit2:retrofit:2.9.0) with IdentityTransform
Transforming retrofit-2.9.0.jar (com.squareup.retrofit2:retrofit:2.9.0) with IdentityTransform
Transforming retrofit-2.9.0.jar (com.squareup.retrofit2:retrofit:2.9.0) with CopyTransform
Transforming logging-interceptor-4.12.0.jar (com.squareup.okhttp3:logging-interceptor:4.12.0) with JetifyTransform
Transforming logging-interceptor-4.12.0.jar (com.squareup.okhttp3:logging-interceptor:4.12.0) with IdentityTransform
Transforming logging-interceptor-4.12.0.jar (com.squareup.okhttp3:logging-interceptor:4.12.0) with IdentityTransform
Transforming logging-interceptor-4.12.0.jar (com.squareup.okhttp3:logging-interceptor:4.12.0) with CopyTransform
Transforming okhttp-4.12.0.jar (com.squareup.okhttp3:okhttp:4.12.0) with JetifyTransform
Transforming okhttp-4.12.0.jar (com.squareup.okhttp3:okhttp:4.12.0) with IdentityTransform
Transforming okhttp-4.12.0.jar (com.squareup.okhttp3:okhttp:4.12.0) with IdentityTransform
Transforming okhttp-4.12.0.jar (com.squareup.okhttp3:okhttp:4.12.0) with CopyTransform
Transforming kotlin-stdlib-jdk8-1.9.0.jar (org.jetbrains.kotlin:kotlin-stdlib-jdk8:1.9.0) with JetifyTransform
Transforming kotlin-stdlib-jdk8-1.9.0.jar (org.jetbrains.kotlin:kotlin-stdlib-jdk8:1.9.0) with IdentityTransform
Transforming kotlin-stdlib-jdk8-1.9.0.jar (org.jetbrains.kotlin:kotlin-stdlib-jdk8:1.9.0) with IdentityTransform
Transforming kotlin-stdlib-jdk8-1.9.0.jar (org.jetbrains.kotlin:kotlin-stdlib-jdk8:1.9.0) with CopyTransform
Transforming annotation-experimental-1.4.1.aar (androidx.annotation:annotation-experimental:1.4.1) with JetifyTransform
Transforming annotation-experimental-1.4.1.aar (androidx.annotation:annotation-experimental:1.4.1) with AarToClassTransform
Transforming annotation-experimental-1.4.1.aar (androidx.annotation:annotation-experimental:1.4.1) with IdentityTransform
Transforming annotation-experimental-1.4.1.aar (androidx.annotation:annotation-experimental:1.4.1) with CopyTransform
Transforming kotlin-stdlib-jdk7-1.9.0.jar (org.jetbrains.kotlin:kotlin-stdlib-jdk7:1.9.0) with JetifyTransform
Transforming kotlin-stdlib-jdk7-1.9.0.jar (org.jetbrains.kotlin:kotlin-stdlib-jdk7:1.9.0) with IdentityTransform
Transforming kotlin-stdlib-jdk7-1.9.0.jar (org.jetbrains.kotlin:kotlin-stdlib-jdk7:1.9.0) with IdentityTransform
Transforming kotlin-stdlib-jdk7-1.9.0.jar (org.jetbrains.kotlin:kotlin-stdlib-jdk7:1.9.0) with CopyTransform
Transforming grpc-okhttp-1.57.2.jar (io.grpc:grpc-okhttp:1.57.2) with JetifyTransform
Transforming grpc-okhttp-1.57.2.jar (io.grpc:grpc-okhttp:1.57.2) with IdentityTransform
Transforming grpc-okhttp-1.57.2.jar (io.grpc:grpc-okhttp:1.57.2) with IdentityTransform
Transforming grpc-okhttp-1.57.2.jar (io.grpc:grpc-okhttp:1.57.2) with CopyTransform
Transforming okio-jvm-3.8.0.jar (com.squareup.okio:okio-jvm:3.8.0) with JetifyTransform
Transforming okio-jvm-3.8.0.jar (com.squareup.okio:okio-jvm:3.8.0) with IdentityTransform
Transforming okio-jvm-3.8.0.jar (com.squareup.okio:okio-jvm:3.8.0) with IdentityTransform
Transforming okio-jvm-3.8.0.jar (com.squareup.okio:okio-jvm:3.8.0) with CopyTransform
Transforming kotlin-stdlib-2.0.0.jar (org.jetbrains.kotlin:kotlin-stdlib:2.0.0) with JetifyTransform
Transforming kotlin-stdlib-2.0.0.jar (org.jetbrains.kotlin:kotlin-stdlib:2.0.0) with IdentityTransform
Transforming kotlin-stdlib-2.0.0.jar (org.jetbrains.kotlin:kotlin-stdlib:2.0.0) with IdentityTransform
Transforming kotlin-stdlib-2.0.0.jar (org.jetbrains.kotlin:kotlin-stdlib:2.0.0) with CopyTransform
Transforming multidex-2.0.1.aar (androidx.multidex:multidex:2.0.1) with JetifyTransform
Transforming multidex-2.0.1.aar (androidx.multidex:multidex:2.0.1) with AarToClassTransform
Transforming multidex-2.0.1.aar (androidx.multidex:multidex:2.0.1) with IdentityTransform
Transforming multidex-2.0.1.aar (androidx.multidex:multidex:2.0.1) with CopyTransform
Transforming tink-android-1.8.0.jar (com.google.crypto.tink:tink-android:1.8.0) with JetifyTransform
Transforming tink-android-1.8.0.jar (com.google.crypto.tink:tink-android:1.8.0) with IdentityTransform
Transforming tink-android-1.8.0.jar (com.google.crypto.tink:tink-android:1.8.0) with IdentityTransform
Transforming tink-android-1.8.0.jar (com.google.crypto.tink:tink-android:1.8.0) with CopyTransform
Transforming grpc-android-1.57.2.aar (io.grpc:grpc-android:1.57.2) with JetifyTransform
Transforming grpc-android-1.57.2.aar (io.grpc:grpc-android:1.57.2) with AarToClassTransform
Transforming grpc-android-1.57.2.aar (io.grpc:grpc-android:1.57.2) with IdentityTransform
Transforming grpc-android-1.57.2.aar (io.grpc:grpc-android:1.57.2) with CopyTransform
Transforming grpc-core-1.57.2.jar (io.grpc:grpc-core:1.57.2) with JetifyTransform
Transforming grpc-core-1.57.2.jar (io.grpc:grpc-core:1.57.2) with IdentityTransform
Transforming grpc-core-1.57.2.jar (io.grpc:grpc-core:1.57.2) with IdentityTransform
Transforming grpc-core-1.57.2.jar (io.grpc:grpc-core:1.57.2) with CopyTransform
Transforming gson-2.10.1.jar (com.google.code.gson:gson:2.10.1) with JetifyTransform
Transforming gson-2.10.1.jar (com.google.code.gson:gson:2.10.1) with IdentityTransform
Transforming gson-2.10.1.jar (com.google.code.gson:gson:2.10.1) with IdentityTransform
Transforming gson-2.10.1.jar (com.google.code.gson:gson:2.10.1) with CopyTransform
Transforming zxing-android-embedded-4.3.0.aar (com.journeyapps:zxing-android-embedded:4.3.0) with JetifyTransform
Transforming zxing-android-embedded-4.3.0.aar (com.journeyapps:zxing-android-embedded:4.3.0) with AarToClassTransform
Transforming zxing-android-embedded-4.3.0.aar (com.journeyapps:zxing-android-embedded:4.3.0) with IdentityTransform
Transforming zxing-android-embedded-4.3.0.aar (com.journeyapps:zxing-android-embedded:4.3.0) with CopyTransform
Transforming core-3.5.2.jar (com.google.zxing:core:3.5.2) with JetifyTransform
Transforming core-3.5.2.jar (com.google.zxing:core:3.5.2) with IdentityTransform
Transforming core-3.5.2.jar (com.google.zxing:core:3.5.2) with IdentityTransform
Transforming core-3.5.2.jar (com.google.zxing:core:3.5.2) with CopyTransform
Transforming annotations-23.0.0.jar (org.jetbrains:annotations:23.0.0) with JetifyTransform
Transforming annotations-23.0.0.jar (org.jetbrains:annotations:23.0.0) with IdentityTransform
Transforming annotations-23.0.0.jar (org.jetbrains:annotations:23.0.0) with IdentityTransform
Transforming annotations-23.0.0.jar (org.jetbrains:annotations:23.0.0) with CopyTransform
Transforming grpc-stub-1.57.2.jar (io.grpc:grpc-stub:1.57.2) with JetifyTransform
Transforming grpc-stub-1.57.2.jar (io.grpc:grpc-stub:1.57.2) with IdentityTransform
Transforming grpc-stub-1.57.2.jar (io.grpc:grpc-stub:1.57.2) with IdentityTransform
Transforming grpc-stub-1.57.2.jar (io.grpc:grpc-stub:1.57.2) with CopyTransform
Transforming grpc-protobuf-lite-1.57.2.jar (io.grpc:grpc-protobuf-lite:1.57.2) with JetifyTransform
Transforming grpc-protobuf-lite-1.57.2.jar (io.grpc:grpc-protobuf-lite:1.57.2) with IdentityTransform
Transforming grpc-protobuf-lite-1.57.2.jar (io.grpc:grpc-protobuf-lite:1.57.2) with IdentityTransform
Transforming grpc-protobuf-lite-1.57.2.jar (io.grpc:grpc-protobuf-lite:1.57.2) with CopyTransform
Transforming grpc-context-1.57.2.jar (io.grpc:grpc-context:1.57.2) with JetifyTransform
Transforming grpc-context-1.57.2.jar (io.grpc:grpc-context:1.57.2) with IdentityTransform
Transforming grpc-context-1.57.2.jar (io.grpc:grpc-context:1.57.2) with IdentityTransform
Transforming grpc-context-1.57.2.jar (io.grpc:grpc-context:1.57.2) with CopyTransform
Transforming grpc-api-1.57.2.jar (io.grpc:grpc-api:1.57.2) with JetifyTransform
Transforming grpc-api-1.57.2.jar (io.grpc:grpc-api:1.57.2) with IdentityTransform
Transforming grpc-api-1.57.2.jar (io.grpc:grpc-api:1.57.2) with IdentityTransform
Transforming grpc-api-1.57.2.jar (io.grpc:grpc-api:1.57.2) with CopyTransform
Transforming guava-33.3.1-android.jar (com.google.guava:guava:33.3.1-android) with JetifyTransform
Transforming guava-33.3.1-android.jar (com.google.guava:guava:33.3.1-android) with IdentityTransform
Transforming guava-33.3.1-android.jar (com.google.guava:guava:33.3.1-android) with IdentityTransform
Transforming guava-33.3.1-android.jar (com.google.guava:guava:33.3.1-android) with CopyTransform
Transforming error_prone_annotations-2.28.0.jar (com.google.errorprone:error_prone_annotations:2.28.0) with JetifyTransform
Transforming error_prone_annotations-2.28.0.jar (com.google.errorprone:error_prone_annotations:2.28.0) with IdentityTransform
Transforming error_prone_annotations-2.28.0.jar (com.google.errorprone:error_prone_annotations:2.28.0) with IdentityTransform
Transforming error_prone_annotations-2.28.0.jar (com.google.errorprone:error_prone_annotations:2.28.0) with CopyTransform
Transforming constraintlayout-core-1.0.4.jar (androidx.constraintlayout:constraintlayout-core:1.0.4) with JetifyTransform
Transforming constraintlayout-core-1.0.4.jar (androidx.constraintlayout:constraintlayout-core:1.0.4) with IdentityTransform
Transforming constraintlayout-core-1.0.4.jar (androidx.constraintlayout:constraintlayout-core:1.0.4) with IdentityTransform
Transforming constraintlayout-core-1.0.4.jar (androidx.constraintlayout:constraintlayout-core:1.0.4) with CopyTransform
Transforming disklrucache-4.16.0.jar (com.github.bumptech.glide:disklrucache:4.16.0) with JetifyTransform
Transforming disklrucache-4.16.0.jar (com.github.bumptech.glide:disklrucache:4.16.0) with IdentityTransform
Transforming disklrucache-4.16.0.jar (com.github.bumptech.glide:disklrucache:4.16.0) with IdentityTransform
Transforming disklrucache-4.16.0.jar (com.github.bumptech.glide:disklrucache:4.16.0) with CopyTransform
Transforming annotations-4.16.0.jar (com.github.bumptech.glide:annotations:4.16.0) with JetifyTransform
Transforming annotations-4.16.0.jar (com.github.bumptech.glide:annotations:4.16.0) with IdentityTransform
Transforming annotations-4.16.0.jar (com.github.bumptech.glide:annotations:4.16.0) with IdentityTransform
Transforming annotations-4.16.0.jar (com.github.bumptech.glide:annotations:4.16.0) with CopyTransform
Transforming hilt-common-1.2.0.jar (androidx.hilt:hilt-common:1.2.0) with JetifyTransform
Transforming hilt-common-1.2.0.jar (androidx.hilt:hilt-common:1.2.0) with IdentityTransform
Transforming hilt-common-1.2.0.jar (androidx.hilt:hilt-common:1.2.0) with IdentityTransform
Transforming hilt-common-1.2.0.jar (androidx.hilt:hilt-common:1.2.0) with CopyTransform
Transforming hilt-core-2.51.1.jar (com.google.dagger:hilt-core:2.51.1) with JetifyTransform
Transforming hilt-core-2.51.1.jar (com.google.dagger:hilt-core:2.51.1) with IdentityTransform
Transforming hilt-core-2.51.1.jar (com.google.dagger:hilt-core:2.51.1) with IdentityTransform
Transforming hilt-core-2.51.1.jar (com.google.dagger:hilt-core:2.51.1) with CopyTransform
Transforming dagger-2.51.1.jar (com.google.dagger:dagger:2.51.1) with JetifyTransform
Transforming dagger-2.51.1.jar (com.google.dagger:dagger:2.51.1) with IdentityTransform
Transforming dagger-2.51.1.jar (com.google.dagger:dagger:2.51.1) with IdentityTransform
Transforming dagger-2.51.1.jar (com.google.dagger:dagger:2.51.1) with CopyTransform
Transforming dagger-lint-aar-2.51.1.aar (com.google.dagger:dagger-lint-aar:2.51.1) with JetifyTransform
Transforming dagger-lint-aar-2.51.1.aar (com.google.dagger:dagger-lint-aar:2.51.1) with AarToClassTransform
Transforming dagger-lint-aar-2.51.1.aar (com.google.dagger:dagger-lint-aar:2.51.1) with IdentityTransform
Transforming dagger-lint-aar-2.51.1.aar (com.google.dagger:dagger-lint-aar:2.51.1) with CopyTransform
Transforming jsr305-3.0.2.jar (com.google.code.findbugs:jsr305:3.0.2) with JetifyTransform
Transforming jsr305-3.0.2.jar (com.google.code.findbugs:jsr305:3.0.2) with IdentityTransform
Transforming jsr305-3.0.2.jar (com.google.code.findbugs:jsr305:3.0.2) with IdentityTransform
Transforming jsr305-3.0.2.jar (com.google.code.findbugs:jsr305:3.0.2) with CopyTransform
Transforming firebase-annotations-16.2.0.jar (com.google.firebase:firebase-annotations:16.2.0) with JetifyTransform
Transforming firebase-annotations-16.2.0.jar (com.google.firebase:firebase-annotations:16.2.0) with IdentityTransform
Transforming firebase-annotations-16.2.0.jar (com.google.firebase:firebase-annotations:16.2.0) with IdentityTransform
Transforming firebase-annotations-16.2.0.jar (com.google.firebase:firebase-annotations:16.2.0) with CopyTransform
Transforming javax.inject-1.jar (javax.inject:javax.inject:1) with JetifyTransform
Transforming javax.inject-1.jar (javax.inject:javax.inject:1) with IdentityTransform
Transforming javax.inject-1.jar (javax.inject:javax.inject:1) with IdentityTransform
Transforming javax.inject-1.jar (javax.inject:javax.inject:1) with CopyTransform
Transforming listenablefuture-9999.0-empty-to-avoid-conflict-with-guava.jar (com.google.guava:listenablefuture:9999.0-empty-to-avoid-conflict-with-guava) with JetifyTransform
Transforming listenablefuture-9999.0-empty-to-avoid-conflict-with-guava.jar (com.google.guava:listenablefuture:9999.0-empty-to-avoid-conflict-with-guava) with IdentityTransform
Transforming listenablefuture-9999.0-empty-to-avoid-conflict-with-guava.jar (com.google.guava:listenablefuture:9999.0-empty-to-avoid-conflict-with-guava) with IdentityTransform
Transforming listenablefuture-9999.0-empty-to-avoid-conflict-with-guava.jar (com.google.guava:listenablefuture:9999.0-empty-to-avoid-conflict-with-guava) with CopyTransform
Transforming failureaccess-1.0.2.jar (com.google.guava:failureaccess:1.0.2) with JetifyTransform
Transforming failureaccess-1.0.2.jar (com.google.guava:failureaccess:1.0.2) with IdentityTransform
Transforming failureaccess-1.0.2.jar (com.google.guava:failureaccess:1.0.2) with IdentityTransform
Transforming failureaccess-1.0.2.jar (com.google.guava:failureaccess:1.0.2) with CopyTransform
Transforming slf4j-api-1.7.36.jar (org.slf4j:slf4j-api:1.7.36) with JetifyTransform
Transforming slf4j-api-1.7.36.jar (org.slf4j:slf4j-api:1.7.36) with IdentityTransform
Transforming slf4j-api-1.7.36.jar (org.slf4j:slf4j-api:1.7.36) with IdentityTransform
Transforming slf4j-api-1.7.36.jar (org.slf4j:slf4j-api:1.7.36) with CopyTransform
Transforming config-1.4.2.jar (com.typesafe:config:1.4.2) with JetifyTransform
Transforming config-1.4.2.jar (com.typesafe:config:1.4.2) with IdentityTransform
Transforming config-1.4.2.jar (com.typesafe:config:1.4.2) with IdentityTransform
Transforming config-1.4.2.jar (com.typesafe:config:1.4.2) with CopyTransform
Transforming jansi-2.4.0.jar (org.fusesource.jansi:jansi:2.4.0) with JetifyTransform
Transforming jansi-2.4.0.jar (org.fusesource.jansi:jansi:2.4.0) with IdentityTransform
Transforming jansi-2.4.0.jar (org.fusesource.jansi:jansi:2.4.0) with IdentityTransform
Transforming jansi-2.4.0.jar (org.fusesource.jansi:jansi:2.4.0) with CopyTransform
Transforming protolite-well-known-types-18.0.0.aar (com.google.firebase:protolite-well-known-types:18.0.0) with JetifyTransform
Transforming protolite-well-known-types-18.0.0.aar (com.google.firebase:protolite-well-known-types:18.0.0) with AarToClassTransform
Transforming protolite-well-known-types-18.0.0.aar (com.google.firebase:protolite-well-known-types:18.0.0) with IdentityTransform
Transforming protolite-well-known-types-18.0.0.aar (com.google.firebase:protolite-well-known-types:18.0.0) with CopyTransform
Transforming protobuf-javalite-3.22.3.jar (com.google.protobuf:protobuf-javalite:3.22.3) with JetifyTransform
Transforming protobuf-javalite-3.22.3.jar (com.google.protobuf:protobuf-javalite:3.22.3) with IdentityTransform
Transforming protobuf-javalite-3.22.3.jar (com.google.protobuf:protobuf-javalite:3.22.3) with IdentityTransform
Transforming protobuf-javalite-3.22.3.jar (com.google.protobuf:protobuf-javalite:3.22.3) with CopyTransform
Transforming perfmark-api-0.26.0.jar (io.perfmark:perfmark-api:0.26.0) with JetifyTransform
Transforming perfmark-api-0.26.0.jar (io.perfmark:perfmark-api:0.26.0) with IdentityTransform
Transforming perfmark-api-0.26.0.jar (io.perfmark:perfmark-api:0.26.0) with IdentityTransform
Transforming perfmark-api-0.26.0.jar (io.perfmark:perfmark-api:0.26.0) with CopyTransform
Transforming checker-qual-3.43.0.jar (org.checkerframework:checker-qual:3.43.0) with JetifyTransform
Transforming checker-qual-3.43.0.jar (org.checkerframework:checker-qual:3.43.0) with IdentityTransform
Transforming checker-qual-3.43.0.jar (org.checkerframework:checker-qual:3.43.0) with IdentityTransform
Transforming checker-qual-3.43.0.jar (org.checkerframework:checker-qual:3.43.0) with CopyTransform
Transforming j2objc-annotations-3.0.0.jar (com.google.j2objc:j2objc-annotations:3.0.0) with JetifyTransform
Transforming j2objc-annotations-3.0.0.jar (com.google.j2objc:j2objc-annotations:3.0.0) with IdentityTransform
Transforming j2objc-annotations-3.0.0.jar (com.google.j2objc:j2objc-annotations:3.0.0) with IdentityTransform
Transforming j2objc-annotations-3.0.0.jar (com.google.j2objc:j2objc-annotations:3.0.0) with CopyTransform
Transforming annotations-4.1.1.4.jar (com.google.android:annotations:4.1.1.4) with JetifyTransform
Transforming annotations-4.1.1.4.jar (com.google.android:annotations:4.1.1.4) with IdentityTransform
Transforming annotations-4.1.1.4.jar (com.google.android:annotations:4.1.1.4) with IdentityTransform
Transforming annotations-4.1.1.4.jar (com.google.android:annotations:4.1.1.4) with CopyTransform
Transforming animal-sniffer-annotations-1.23.jar (org.codehaus.mojo:animal-sniffer-annotations:1.23) with JetifyTransform
Transforming animal-sniffer-annotations-1.23.jar (org.codehaus.mojo:animal-sniffer-annotations:1.23) with IdentityTransform
Transforming animal-sniffer-annotations-1.23.jar (org.codehaus.mojo:animal-sniffer-annotations:1.23) with IdentityTransform
Transforming animal-sniffer-annotations-1.23.jar (org.codehaus.mojo:animal-sniffer-annotations:1.23) with CopyTransform
Transforming android.jar with JetifyTransform
Transforming android.jar with IdentityTransform
Transforming android.jar with IdentityTransform
Transforming android.jar with CopyTransform
Transforming core-lambda-stubs.jar with JetifyTransform
Transforming core-lambda-stubs.jar with IdentityTransform
Transforming core-lambda-stubs.jar with IdentityTransform
Transforming core-lambda-stubs.jar with CopyTransform
Transforming R.jar with JetifyTransform
Transforming R.jar with IdentityTransform
Transforming R.jar with IdentityTransform
Transforming R.jar with CopyTransform
Transforming jetified-viewbinding-8.7.1-api.jar with JetifyTransform
Transforming jetified-viewbinding-8.7.1-api.jar with IdentityTransform
Transforming jetified-viewbinding-8.7.1-api.jar with IdentityTransform
Transforming jetified-viewbinding-8.7.1-api.jar with CopyTransform
Transforming jetified-kotlin-parcelize-runtime-1.9.25.jar with JetifyTransform
Transforming jetified-kotlin-parcelize-runtime-1.9.25.jar with IdentityTransform
Transforming jetified-kotlin-parcelize-runtime-1.9.25.jar with IdentityTransform
Transforming jetified-kotlin-parcelize-runtime-1.9.25.jar with CopyTransform
Transforming jetified-preference-ktx-1.2.1-api.jar with JetifyTransform
Transforming jetified-preference-ktx-1.2.1-api.jar with IdentityTransform
Transforming jetified-preference-ktx-1.2.1-api.jar with IdentityTransform
Transforming jetified-preference-ktx-1.2.1-api.jar with CopyTransform
Transforming material-1.12.0-api.jar with JetifyTransform
Transforming material-1.12.0-api.jar with IdentityTransform
Transforming material-1.12.0-api.jar with IdentityTransform
Transforming material-1.12.0-api.jar with CopyTransform
Transforming jetified-appcompat-resources-1.7.0-api.jar with JetifyTransform
Transforming jetified-appcompat-resources-1.7.0-api.jar with IdentityTransform
Transforming jetified-appcompat-resources-1.7.0-api.jar with IdentityTransform
Transforming jetified-appcompat-resources-1.7.0-api.jar with CopyTransform
Transforming preference-1.2.1-api.jar with JetifyTransform
Transforming preference-1.2.1-api.jar with IdentityTransform
Transforming preference-1.2.1-api.jar with IdentityTransform
Transforming preference-1.2.1-api.jar with CopyTransform
Transforming appcompat-1.7.0-api.jar with JetifyTransform
Transforming appcompat-1.7.0-api.jar with IdentityTransform
Transforming appcompat-1.7.0-api.jar with IdentityTransform
Transforming appcompat-1.7.0-api.jar with CopyTransform
Transforming jetified-okhttp3-integration-4.16.0-api.jar with JetifyTransform
Transforming jetified-okhttp3-integration-4.16.0-api.jar with IdentityTransform
Transforming jetified-okhttp3-integration-4.16.0-api.jar with IdentityTransform
Transforming jetified-okhttp3-integration-4.16.0-api.jar with CopyTransform
Transforming jetified-glide-4.16.0-api.jar with JetifyTransform
Transforming jetified-glide-4.16.0-api.jar with IdentityTransform
Transforming jetified-glide-4.16.0-api.jar with IdentityTransform
Transforming jetified-glide-4.16.0-api.jar with CopyTransform
Transforming jetified-hilt-work-1.2.0-api.jar with JetifyTransform
Transforming jetified-hilt-work-1.2.0-api.jar with IdentityTransform
Transforming jetified-hilt-work-1.2.0-api.jar with IdentityTransform
Transforming jetified-hilt-work-1.2.0-api.jar with CopyTransform
Transforming jetified-hilt-android-2.51.1-api.jar with JetifyTransform
Transforming jetified-hilt-android-2.51.1-api.jar with IdentityTransform
Transforming jetified-hilt-android-2.51.1-api.jar with IdentityTransform
Transforming jetified-hilt-android-2.51.1-api.jar with CopyTransform
Transforming jetified-viewpager2-1.1.0-beta02-api.jar with JetifyTransform
Transforming jetified-viewpager2-1.1.0-beta02-api.jar with IdentityTransform
Transforming jetified-viewpager2-1.1.0-beta02-api.jar with IdentityTransform
Transforming jetified-viewpager2-1.1.0-beta02-api.jar with CopyTransform
Transforming jetified-firebase-firestore-ktx-25.0.0-api.jar with JetifyTransform
Transforming jetified-firebase-firestore-ktx-25.0.0-api.jar with IdentityTransform
Transforming jetified-firebase-firestore-ktx-25.0.0-api.jar with IdentityTransform
Transforming jetified-firebase-firestore-ktx-25.0.0-api.jar with CopyTransform
Transforming jetified-firebase-firestore-25.0.0-api.jar with JetifyTransform
Transforming jetified-firebase-firestore-25.0.0-api.jar with IdentityTransform
Transforming jetified-firebase-firestore-25.0.0-api.jar with IdentityTransform
Transforming jetified-firebase-firestore-25.0.0-api.jar with CopyTransform
Transforming jetified-firebase-appcheck-interop-17.0.0-api.jar with JetifyTransform
Transforming jetified-firebase-appcheck-interop-17.0.0-api.jar with IdentityTransform
Transforming jetified-firebase-appcheck-interop-17.0.0-api.jar with IdentityTransform
Transforming jetified-firebase-appcheck-interop-17.0.0-api.jar with CopyTransform
Transforming jetified-firebase-auth-interop-19.0.2-api.jar with JetifyTransform
Transforming jetified-firebase-auth-interop-19.0.2-api.jar with IdentityTransform
Transforming jetified-firebase-auth-interop-19.0.2-api.jar with IdentityTransform
Transforming jetified-firebase-auth-interop-19.0.2-api.jar with CopyTransform
Transforming jetified-firebase-analytics-ktx-22.0.2-api.jar with JetifyTransform
Transforming jetified-firebase-analytics-ktx-22.0.2-api.jar with IdentityTransform
Transforming jetified-firebase-analytics-ktx-22.0.2-api.jar with IdentityTransform
Transforming jetified-firebase-analytics-ktx-22.0.2-api.jar with CopyTransform
Transforming jetified-firebase-analytics-22.0.2-api.jar with JetifyTransform
Transforming jetified-firebase-analytics-22.0.2-api.jar with IdentityTransform
Transforming jetified-firebase-analytics-22.0.2-api.jar with IdentityTransform
Transforming jetified-firebase-analytics-22.0.2-api.jar with CopyTransform
Transforming jetified-play-services-measurement-api-22.0.2-api.jar with JetifyTransform
Transforming jetified-play-services-measurement-api-22.0.2-api.jar with IdentityTransform
Transforming jetified-play-services-measurement-api-22.0.2-api.jar with IdentityTransform
Transforming jetified-play-services-measurement-api-22.0.2-api.jar with CopyTransform
Transforming jetified-firebase-installations-18.0.0-api.jar with JetifyTransform
Transforming jetified-firebase-installations-18.0.0-api.jar with IdentityTransform
Transforming jetified-firebase-installations-18.0.0-api.jar with IdentityTransform
Transforming jetified-firebase-installations-18.0.0-api.jar with CopyTransform
Transforming jetified-firebase-common-ktx-21.0.0-api.jar with JetifyTransform
Transforming jetified-firebase-common-ktx-21.0.0-api.jar with IdentityTransform
Transforming jetified-firebase-common-ktx-21.0.0-api.jar with IdentityTransform
Transforming jetified-firebase-common-ktx-21.0.0-api.jar with CopyTransform
Transforming jetified-firebase-common-21.0.0-api.jar with JetifyTransform
Transforming jetified-firebase-common-21.0.0-api.jar with IdentityTransform
Transforming jetified-firebase-common-21.0.0-api.jar with IdentityTransform
Transforming jetified-firebase-common-21.0.0-api.jar with CopyTransform
Transforming room-common-2.6.1.jar with JetifyTransform
Transforming room-common-2.6.1.jar with IdentityTransform
Transforming room-common-2.6.1.jar with IdentityTransform
Transforming room-common-2.6.1.jar with CopyTransform
Transforming jetified-room-ktx-2.6.1-api.jar with JetifyTransform
Transforming jetified-room-ktx-2.6.1-api.jar with IdentityTransform
Transforming jetified-room-ktx-2.6.1-api.jar with IdentityTransform
Transforming jetified-room-ktx-2.6.1-api.jar with CopyTransform
Transforming room-runtime-2.6.1-api.jar with JetifyTransform
Transforming room-runtime-2.6.1-api.jar with IdentityTransform
Transforming room-runtime-2.6.1-api.jar with IdentityTransform
Transforming room-runtime-2.6.1-api.jar with CopyTransform
Transforming jetified-room-paging-2.6.1-api.jar with JetifyTransform
Transforming jetified-room-paging-2.6.1-api.jar with IdentityTransform
Transforming jetified-room-paging-2.6.1-api.jar with IdentityTransform
Transforming jetified-room-paging-2.6.1-api.jar with CopyTransform
Transforming jetified-paging-common-release-api.jar with JetifyTransform
Transforming jetified-paging-common-release-api.jar with IdentityTransform
Transforming jetified-paging-common-release-api.jar with IdentityTransform
Transforming jetified-paging-common-release-api.jar with CopyTransform
Transforming jetified-paging-common-ktx-3.3.2.jar with JetifyTransform
Transforming jetified-paging-common-ktx-3.3.2.jar with IdentityTransform
Transforming jetified-paging-common-ktx-3.3.2.jar with IdentityTransform
Transforming jetified-paging-common-ktx-3.3.2.jar with CopyTransform
Transforming jetified-paging-runtime-ktx-3.3.2-api.jar with JetifyTransform
Transforming jetified-paging-runtime-ktx-3.3.2-api.jar with IdentityTransform
Transforming jetified-paging-runtime-ktx-3.3.2-api.jar with IdentityTransform
Transforming jetified-paging-runtime-ktx-3.3.2-api.jar with CopyTransform
Transforming paging-runtime-3.3.2-api.jar with JetifyTransform
Transforming paging-runtime-3.3.2-api.jar with IdentityTransform
Transforming paging-runtime-3.3.2-api.jar with IdentityTransform
Transforming paging-runtime-3.3.2-api.jar with CopyTransform
Transforming jetified-activity-compose-1.9.3-api.jar with JetifyTransform
Transforming jetified-activity-compose-1.9.3-api.jar with IdentityTransform
Transforming jetified-activity-compose-1.9.3-api.jar with IdentityTransform
Transforming jetified-activity-compose-1.9.3-api.jar with CopyTransform
Transforming jetified-material3-release-api.jar with JetifyTransform
Transforming jetified-material3-release-api.jar with IdentityTransform
Transforming jetified-material3-release-api.jar with IdentityTransform
Transforming jetified-material3-release-api.jar with CopyTransform
Transforming jetified-ui-util-release-api.jar with JetifyTransform
Transforming jetified-ui-util-release-api.jar with IdentityTransform
Transforming jetified-ui-util-release-api.jar with IdentityTransform
Transforming jetified-ui-util-release-api.jar with CopyTransform
Transforming jetified-ui-unit-release-api.jar with JetifyTransform
Transforming jetified-ui-unit-release-api.jar with IdentityTransform
Transforming jetified-ui-unit-release-api.jar with IdentityTransform
Transforming jetified-ui-unit-release-api.jar with CopyTransform
Transforming jetified-ui-text-release-api.jar with JetifyTransform
Transforming jetified-ui-text-release-api.jar with IdentityTransform
Transforming jetified-ui-text-release-api.jar with IdentityTransform
Transforming jetified-ui-text-release-api.jar with CopyTransform
Transforming jetified-coil-compose-2.6.0-api.jar with JetifyTransform
Transforming jetified-coil-compose-2.6.0-api.jar with IdentityTransform
Transforming jetified-coil-compose-2.6.0-api.jar with IdentityTransform
Transforming jetified-coil-compose-2.6.0-api.jar with CopyTransform
Transforming jetified-coil-compose-base-2.6.0-api.jar with JetifyTransform
Transforming jetified-coil-compose-base-2.6.0-api.jar with IdentityTransform
Transforming jetified-coil-compose-base-2.6.0-api.jar with IdentityTransform
Transforming jetified-coil-compose-base-2.6.0-api.jar with CopyTransform
Transforming jetified-foundation-layout-release-api.jar with JetifyTransform
Transforming jetified-foundation-layout-release-api.jar with IdentityTransform
Transforming jetified-foundation-layout-release-api.jar with IdentityTransform
Transforming jetified-foundation-layout-release-api.jar with CopyTransform
Transforming jetified-material-icons-core-release-api.jar with JetifyTransform
Transforming jetified-material-icons-core-release-api.jar with IdentityTransform
Transforming jetified-material-icons-core-release-api.jar with IdentityTransform
Transforming jetified-material-icons-core-release-api.jar with CopyTransform
Transforming jetified-material-ripple-release-api.jar with JetifyTransform
Transforming jetified-material-ripple-release-api.jar with IdentityTransform
Transforming jetified-material-ripple-release-api.jar with IdentityTransform
Transforming jetified-material-ripple-release-api.jar with CopyTransform
Transforming jetified-foundation-release-api.jar with JetifyTransform
Transforming jetified-foundation-release-api.jar with IdentityTransform
Transforming jetified-foundation-release-api.jar with IdentityTransform
Transforming jetified-foundation-release-api.jar with CopyTransform
Transforming jetified-animation-core-release-api.jar with JetifyTransform
Transforming jetified-animation-core-release-api.jar with IdentityTransform
Transforming jetified-animation-core-release-api.jar with IdentityTransform
Transforming jetified-animation-core-release-api.jar with CopyTransform
Transforming jetified-animation-release-api.jar with JetifyTransform
Transforming jetified-animation-release-api.jar with IdentityTransform
Transforming jetified-animation-release-api.jar with IdentityTransform
Transforming jetified-animation-release-api.jar with CopyTransform
Transforming jetified-ui-geometry-release-api.jar with JetifyTransform
Transforming jetified-ui-geometry-release-api.jar with IdentityTransform
Transforming jetified-ui-geometry-release-api.jar with IdentityTransform
Transforming jetified-ui-geometry-release-api.jar with CopyTransform
Transforming jetified-ui-tooling-data-release-api.jar with JetifyTransform
Transforming jetified-ui-tooling-data-release-api.jar with IdentityTransform
Transforming jetified-ui-tooling-data-release-api.jar with IdentityTransform
Transforming jetified-ui-tooling-data-release-api.jar with CopyTransform
Transforming jetified-ui-tooling-preview-release-api.jar with JetifyTransform
Transforming jetified-ui-tooling-preview-release-api.jar with IdentityTransform
Transforming jetified-ui-tooling-preview-release-api.jar with IdentityTransform
Transforming jetified-ui-tooling-preview-release-api.jar with CopyTransform
Transforming jetified-ui-graphics-release-api.jar with JetifyTransform
Transforming jetified-ui-graphics-release-api.jar with IdentityTransform
Transforming jetified-ui-graphics-release-api.jar with IdentityTransform
Transforming jetified-ui-graphics-release-api.jar with CopyTransform
Transforming recyclerview-1.3.2-api.jar with JetifyTransform
Transforming recyclerview-1.3.2-api.jar with IdentityTransform
Transforming recyclerview-1.3.2-api.jar with IdentityTransform
Transforming recyclerview-1.3.2-api.jar with CopyTransform
Transforming drawerlayout-1.1.1-api.jar with JetifyTransform
Transforming drawerlayout-1.1.1-api.jar with IdentityTransform
Transforming drawerlayout-1.1.1-api.jar with IdentityTransform
Transforming drawerlayout-1.1.1-api.jar with CopyTransform
Transforming coordinatorlayout-1.1.0-api.jar with JetifyTransform
Transforming coordinatorlayout-1.1.0-api.jar with IdentityTransform
Transforming coordinatorlayout-1.1.0-api.jar with IdentityTransform
Transforming coordinatorlayout-1.1.0-api.jar with CopyTransform
Transforming dynamicanimation-1.0.0-api.jar with JetifyTransform
Transforming dynamicanimation-1.0.0-api.jar with IdentityTransform
Transforming dynamicanimation-1.0.0-api.jar with IdentityTransform
Transforming dynamicanimation-1.0.0-api.jar with CopyTransform
Transforming transition-1.5.0-api.jar with JetifyTransform
Transforming transition-1.5.0-api.jar with IdentityTransform
Transforming transition-1.5.0-api.jar with IdentityTransform
Transforming transition-1.5.0-api.jar with CopyTransform
Transforming vectordrawable-animated-1.1.0-api.jar with JetifyTransform
Transforming vectordrawable-animated-1.1.0-api.jar with IdentityTransform
Transforming vectordrawable-animated-1.1.0-api.jar with IdentityTransform
Transforming vectordrawable-animated-1.1.0-api.jar with CopyTransform
Transforming vectordrawable-1.1.0-api.jar with JetifyTransform
Transforming vectordrawable-1.1.0-api.jar with IdentityTransform
Transforming vectordrawable-1.1.0-api.jar with IdentityTransform
Transforming vectordrawable-1.1.0-api.jar with CopyTransform
Transforming viewpager-1.0.0-api.jar with JetifyTransform
Transforming viewpager-1.0.0-api.jar with IdentityTransform
Transforming viewpager-1.0.0-api.jar with IdentityTransform
Transforming viewpager-1.0.0-api.jar with CopyTransform
Transforming slidingpanelayout-1.2.0-api.jar with JetifyTransform
Transforming slidingpanelayout-1.2.0-api.jar with IdentityTransform
Transforming slidingpanelayout-1.2.0-api.jar with IdentityTransform
Transforming slidingpanelayout-1.2.0-api.jar with CopyTransform
Transforming customview-1.1.0-api.jar with JetifyTransform
Transforming customview-1.1.0-api.jar with IdentityTransform
Transforming customview-1.1.0-api.jar with IdentityTransform
Transforming customview-1.1.0-api.jar with CopyTransform
Transforming jetified-play-services-measurement-22.0.2-api.jar with JetifyTransform
Transforming jetified-play-services-measurement-22.0.2-api.jar with IdentityTransform
Transforming jetified-play-services-measurement-22.0.2-api.jar with IdentityTransform
Transforming jetified-play-services-measurement-22.0.2-api.jar with CopyTransform
Transforming jetified-play-services-measurement-sdk-22.0.2-api.jar with JetifyTransform
Transforming jetified-play-services-measurement-sdk-22.0.2-api.jar with IdentityTransform
Transforming jetified-play-services-measurement-sdk-22.0.2-api.jar with IdentityTransform
Transforming jetified-play-services-measurement-sdk-22.0.2-api.jar with CopyTransform
Transforming jetified-play-services-measurement-impl-22.0.2-api.jar with JetifyTransform
Transforming jetified-play-services-measurement-impl-22.0.2-api.jar with IdentityTransform
Transforming jetified-play-services-measurement-impl-22.0.2-api.jar with IdentityTransform
Transforming jetified-play-services-measurement-impl-22.0.2-api.jar with CopyTransform
Transforming jetified-play-services-stats-17.0.2-api.jar with JetifyTransform
Transforming jetified-play-services-stats-17.0.2-api.jar with IdentityTransform
Transforming jetified-play-services-stats-17.0.2-api.jar with IdentityTransform
Transforming jetified-play-services-stats-17.0.2-api.jar with CopyTransform
Transforming legacy-support-core-utils-1.0.0-api.jar with JetifyTransform
Transforming legacy-support-core-utils-1.0.0-api.jar with IdentityTransform
Transforming legacy-support-core-utils-1.0.0-api.jar with IdentityTransform
Transforming legacy-support-core-utils-1.0.0-api.jar with CopyTransform
Transforming loader-1.0.0-api.jar with JetifyTransform
Transforming loader-1.0.0-api.jar with IdentityTransform
Transforming loader-1.0.0-api.jar with IdentityTransform
Transforming loader-1.0.0-api.jar with CopyTransform
Transforming jetified-firebase-database-collection-18.0.1-api.jar with JetifyTransform
Transforming jetified-firebase-database-collection-18.0.1-api.jar with IdentityTransform
Transforming jetified-firebase-database-collection-18.0.1-api.jar with IdentityTransform
Transforming jetified-firebase-database-collection-18.0.1-api.jar with CopyTransform
Transforming jetified-play-services-base-18.0.1-api.jar with JetifyTransform
Transforming jetified-play-services-base-18.0.1-api.jar with IdentityTransform
Transforming jetified-play-services-base-18.0.1-api.jar with IdentityTransform
Transforming jetified-play-services-base-18.0.1-api.jar with CopyTransform
Transforming core-1.13.1-api.jar with JetifyTransform
Transforming core-1.13.1-api.jar with IdentityTransform
Transforming core-1.13.1-api.jar with IdentityTransform
Transforming core-1.13.1-api.jar with CopyTransform
Transforming jetified-lifecycle-common-jvm-2.8.7.jar with JetifyTransform
Transforming jetified-lifecycle-common-jvm-2.8.7.jar with IdentityTransform
Transforming jetified-lifecycle-common-jvm-2.8.7.jar with IdentityTransform
Transforming jetified-lifecycle-common-jvm-2.8.7.jar with CopyTransform
Transforming lifecycle-viewmodel-2.8.7-api.jar with JetifyTransform
Transforming lifecycle-viewmodel-2.8.7-api.jar with IdentityTransform
Transforming lifecycle-viewmodel-2.8.7-api.jar with IdentityTransform
Transforming lifecycle-viewmodel-2.8.7-api.jar with CopyTransform
Transforming jetified-lifecycle-viewmodel-release-api.jar with JetifyTransform
Transforming jetified-lifecycle-viewmodel-release-api.jar with IdentityTransform
Transforming jetified-lifecycle-viewmodel-release-api.jar with IdentityTransform
Transforming jetified-lifecycle-viewmodel-release-api.jar with CopyTransform
Transforming jetified-coil-2.6.0-api.jar with JetifyTransform
Transforming jetified-coil-2.6.0-api.jar with IdentityTransform
Transforming jetified-coil-2.6.0-api.jar with IdentityTransform
Transforming jetified-coil-2.6.0-api.jar with CopyTransform
Transforming jetified-coil-base-2.6.0-api.jar with JetifyTransform
Transforming jetified-coil-base-2.6.0-api.jar with IdentityTransform
Transforming jetified-coil-base-2.6.0-api.jar with IdentityTransform
Transforming jetified-coil-base-2.6.0-api.jar with CopyTransform
Transforming jetified-lifecycle-runtime-release-api.jar with JetifyTransform
Transforming jetified-lifecycle-runtime-release-api.jar with IdentityTransform
Transforming jetified-lifecycle-runtime-release-api.jar with IdentityTransform
Transforming jetified-lifecycle-runtime-release-api.jar with CopyTransform
Transforming lifecycle-livedata-core-2.8.7-api.jar with JetifyTransform
Transforming lifecycle-livedata-core-2.8.7-api.jar with IdentityTransform
Transforming lifecycle-livedata-core-2.8.7-api.jar with IdentityTransform
Transforming lifecycle-livedata-core-2.8.7-api.jar with CopyTransform
Transforming jetified-lifecycle-runtime-compose-release-api.jar with JetifyTransform
Transforming jetified-lifecycle-runtime-compose-release-api.jar with IdentityTransform
Transforming jetified-lifecycle-runtime-compose-release-api.jar with IdentityTransform
Transforming jetified-lifecycle-runtime-compose-release-api.jar with CopyTransform
Transforming jetified-lifecycle-viewmodel-compose-release-api.jar with JetifyTransform
Transforming jetified-lifecycle-viewmodel-compose-release-api.jar with IdentityTransform
Transforming jetified-lifecycle-viewmodel-compose-release-api.jar with IdentityTransform
Transforming jetified-lifecycle-viewmodel-compose-release-api.jar with CopyTransform
Transforming jetified-ui-release-api.jar with JetifyTransform
Transforming jetified-ui-release-api.jar with IdentityTransform
Transforming jetified-ui-release-api.jar with IdentityTransform
Transforming jetified-ui-release-api.jar with CopyTransform
Transforming jetified-ui-tooling-release-api.jar with JetifyTransform
Transforming jetified-ui-tooling-release-api.jar with IdentityTransform
Transforming jetified-ui-tooling-release-api.jar with IdentityTransform
Transforming jetified-ui-tooling-release-api.jar with CopyTransform
Transforming jetified-ui-test-manifest-1.6.2-api.jar with JetifyTransform
Transforming jetified-ui-test-manifest-1.6.2-api.jar with IdentityTransform
Transforming jetified-ui-test-manifest-1.6.2-api.jar with IdentityTransform
Transforming jetified-ui-test-manifest-1.6.2-api.jar with CopyTransform
Transforming jetified-activity-1.9.3-api.jar with JetifyTransform
Transforming jetified-activity-1.9.3-api.jar with IdentityTransform
Transforming jetified-activity-1.9.3-api.jar with IdentityTransform
Transforming jetified-activity-1.9.3-api.jar with CopyTransform
Transforming jetified-lifecycle-viewmodel-savedstate-2.8.7-api.jar with JetifyTransform
Transforming jetified-lifecycle-viewmodel-savedstate-2.8.7-api.jar with IdentityTransform
Transforming jetified-lifecycle-viewmodel-savedstate-2.8.7-api.jar with IdentityTransform
Transforming jetified-lifecycle-viewmodel-savedstate-2.8.7-api.jar with CopyTransform
Transforming jetified-lifecycle-runtime-ktx-release-api.jar with JetifyTransform
Transforming jetified-lifecycle-runtime-ktx-release-api.jar with IdentityTransform
Transforming jetified-lifecycle-runtime-ktx-release-api.jar with IdentityTransform
Transforming jetified-lifecycle-runtime-ktx-release-api.jar with CopyTransform
Transforming work-runtime-ktx-2.9.1-api.jar with JetifyTransform
Transforming work-runtime-ktx-2.9.1-api.jar with IdentityTransform
Transforming work-runtime-ktx-2.9.1-api.jar with IdentityTransform
Transforming work-runtime-ktx-2.9.1-api.jar with CopyTransform
Transforming work-runtime-2.9.1-api.jar with JetifyTransform
Transforming work-runtime-2.9.1-api.jar with IdentityTransform
Transforming work-runtime-2.9.1-api.jar with IdentityTransform
Transforming work-runtime-2.9.1-api.jar with CopyTransform
Transforming lifecycle-livedata-2.8.7-api.jar with JetifyTransform
Transforming lifecycle-livedata-2.8.7-api.jar with IdentityTransform
Transforming lifecycle-livedata-2.8.7-api.jar with IdentityTransform
Transforming lifecycle-livedata-2.8.7-api.jar with CopyTransform
Transforming jetified-lifecycle-livedata-core-ktx-2.8.7-api.jar with JetifyTransform
Transforming jetified-lifecycle-livedata-core-ktx-2.8.7-api.jar with IdentityTransform
Transforming jetified-lifecycle-livedata-core-ktx-2.8.7-api.jar with IdentityTransform
Transforming jetified-lifecycle-livedata-core-ktx-2.8.7-api.jar with CopyTransform
Transforming jetified-lifecycle-livedata-ktx-2.8.7-api.jar with JetifyTransform
Transforming jetified-lifecycle-livedata-ktx-2.8.7-api.jar with IdentityTransform
Transforming jetified-lifecycle-livedata-ktx-2.8.7-api.jar with IdentityTransform
Transforming jetified-lifecycle-livedata-ktx-2.8.7-api.jar with CopyTransform
Transforming jetified-lifecycle-viewmodel-ktx-2.8.7-api.jar with JetifyTransform
Transforming jetified-lifecycle-viewmodel-ktx-2.8.7-api.jar with IdentityTransform
Transforming jetified-lifecycle-viewmodel-ktx-2.8.7-api.jar with IdentityTransform
Transforming jetified-lifecycle-viewmodel-ktx-2.8.7-api.jar with CopyTransform
Transforming jetified-runtime-saveable-release-api.jar with JetifyTransform
Transforming jetified-runtime-saveable-release-api.jar with IdentityTransform
Transforming jetified-runtime-saveable-release-api.jar with IdentityTransform
Transforming jetified-runtime-saveable-release-api.jar with CopyTransform
Transforming jetified-runtime-release-api.jar with JetifyTransform
Transforming jetified-runtime-release-api.jar with IdentityTransform
Transforming jetified-runtime-release-api.jar with IdentityTransform
Transforming jetified-runtime-release-api.jar with CopyTransform
Transforming jetified-kotlinx-coroutines-android-1.9.0.jar with JetifyTransform
Transforming jetified-kotlinx-coroutines-android-1.9.0.jar with IdentityTransform
Transforming jetified-kotlinx-coroutines-android-1.9.0.jar with IdentityTransform
Transforming jetified-kotlinx-coroutines-android-1.9.0.jar with CopyTransform
Transforming jetified-ktor-server-content-negotiation-jvm-2.3.7.jar with JetifyTransform
Transforming jetified-ktor-server-content-negotiation-jvm-2.3.7.jar with IdentityTransform
Transforming jetified-ktor-server-content-negotiation-jvm-2.3.7.jar with IdentityTransform
Transforming jetified-ktor-server-content-negotiation-jvm-2.3.7.jar with CopyTransform
Transforming jetified-ktor-server-cors-jvm-2.3.7.jar with JetifyTransform
Transforming jetified-ktor-server-cors-jvm-2.3.7.jar with IdentityTransform
Transforming jetified-ktor-server-cors-jvm-2.3.7.jar with IdentityTransform
Transforming jetified-ktor-server-cors-jvm-2.3.7.jar with CopyTransform
Transforming jetified-ktor-server-status-pages-jvm-2.3.7.jar with JetifyTransform
Transforming jetified-ktor-server-status-pages-jvm-2.3.7.jar with IdentityTransform
Transforming jetified-ktor-server-status-pages-jvm-2.3.7.jar with IdentityTransform
Transforming jetified-ktor-server-status-pages-jvm-2.3.7.jar with CopyTransform
Transforming jetified-ktor-server-cio-jvm-2.3.7.jar with JetifyTransform
Transforming jetified-ktor-server-cio-jvm-2.3.7.jar with IdentityTransform
Transforming jetified-ktor-server-cio-jvm-2.3.7.jar with IdentityTransform
Transforming jetified-ktor-server-cio-jvm-2.3.7.jar with CopyTransform
Transforming jetified-ktor-server-host-common-jvm-2.3.7.jar with JetifyTransform
Transforming jetified-ktor-server-host-common-jvm-2.3.7.jar with IdentityTransform
Transforming jetified-ktor-server-host-common-jvm-2.3.7.jar with IdentityTransform
Transforming jetified-ktor-server-host-common-jvm-2.3.7.jar with CopyTransform
Transforming jetified-ktor-server-core-jvm-2.3.7.jar with JetifyTransform
Transforming jetified-ktor-server-core-jvm-2.3.7.jar with IdentityTransform
Transforming jetified-ktor-server-core-jvm-2.3.7.jar with IdentityTransform
Transforming jetified-ktor-server-core-jvm-2.3.7.jar with CopyTransform
Transforming jetified-ktor-serialization-gson-jvm-2.3.7.jar with JetifyTransform
Transforming jetified-ktor-serialization-gson-jvm-2.3.7.jar with IdentityTransform
Transforming jetified-ktor-serialization-gson-jvm-2.3.7.jar with IdentityTransform
Transforming jetified-ktor-serialization-gson-jvm-2.3.7.jar with CopyTransform
Transforming jetified-ktor-serialization-jvm-2.3.7.jar with JetifyTransform
Transforming jetified-ktor-serialization-jvm-2.3.7.jar with IdentityTransform
Transforming jetified-ktor-serialization-jvm-2.3.7.jar with IdentityTransform
Transforming jetified-ktor-serialization-jvm-2.3.7.jar with CopyTransform
Transforming jetified-ktor-events-jvm-2.3.7.jar with JetifyTransform
Transforming jetified-ktor-events-jvm-2.3.7.jar with IdentityTransform
Transforming jetified-ktor-events-jvm-2.3.7.jar with IdentityTransform
Transforming jetified-ktor-events-jvm-2.3.7.jar with CopyTransform
Transforming jetified-ktor-http-cio-jvm-2.3.7.jar with JetifyTransform
Transforming jetified-ktor-http-cio-jvm-2.3.7.jar with IdentityTransform
Transforming jetified-ktor-http-cio-jvm-2.3.7.jar with IdentityTransform
Transforming jetified-ktor-http-cio-jvm-2.3.7.jar with CopyTransform
Transforming jetified-ktor-websockets-jvm-2.3.7.jar with JetifyTransform
Transforming jetified-ktor-websockets-jvm-2.3.7.jar with IdentityTransform
Transforming jetified-ktor-websockets-jvm-2.3.7.jar with IdentityTransform
Transforming jetified-ktor-websockets-jvm-2.3.7.jar with CopyTransform
Transforming jetified-ktor-http-jvm-2.3.7.jar with JetifyTransform
Transforming jetified-ktor-http-jvm-2.3.7.jar with IdentityTransform
Transforming jetified-ktor-http-jvm-2.3.7.jar with IdentityTransform
Transforming jetified-ktor-http-jvm-2.3.7.jar with CopyTransform
Transforming jetified-ktor-network-jvm-2.3.7.jar with JetifyTransform
Transforming jetified-ktor-network-jvm-2.3.7.jar with IdentityTransform
Transforming jetified-ktor-network-jvm-2.3.7.jar with IdentityTransform
Transforming jetified-ktor-network-jvm-2.3.7.jar with CopyTransform
Transforming jetified-ktor-utils-jvm-2.3.7.jar with JetifyTransform
Transforming jetified-ktor-utils-jvm-2.3.7.jar with IdentityTransform
Transforming jetified-ktor-utils-jvm-2.3.7.jar with IdentityTransform
Transforming jetified-ktor-utils-jvm-2.3.7.jar with CopyTransform
Transforming jetified-ktor-io-jvm-2.3.7.jar with JetifyTransform
Transforming jetified-ktor-io-jvm-2.3.7.jar with IdentityTransform
Transforming jetified-ktor-io-jvm-2.3.7.jar with IdentityTransform
Transforming jetified-ktor-io-jvm-2.3.7.jar with CopyTransform
Transforming jetified-kotlinx-coroutines-jdk8-1.9.0.jar with JetifyTransform
Transforming jetified-kotlinx-coroutines-jdk8-1.9.0.jar with IdentityTransform
Transforming jetified-kotlinx-coroutines-jdk8-1.9.0.jar with IdentityTransform
Transforming jetified-kotlinx-coroutines-jdk8-1.9.0.jar with CopyTransform
Transforming jetified-ads-adservices-java-1.0.0-beta05-api.jar with JetifyTransform
Transforming jetified-ads-adservices-java-1.0.0-beta05-api.jar with IdentityTransform
Transforming jetified-ads-adservices-java-1.0.0-beta05-api.jar with IdentityTransform
Transforming jetified-ads-adservices-java-1.0.0-beta05-api.jar with CopyTransform
Transforming jetified-ads-adservices-1.0.0-beta05-api.jar with JetifyTransform
Transforming jetified-ads-adservices-1.0.0-beta05-api.jar with IdentityTransform
Transforming jetified-ads-adservices-1.0.0-beta05-api.jar with IdentityTransform
Transforming jetified-ads-adservices-1.0.0-beta05-api.jar with CopyTransform
Transforming jetified-kotlinx-coroutines-core-jvm-1.9.0.jar with JetifyTransform
Transforming jetified-kotlinx-coroutines-core-jvm-1.9.0.jar with IdentityTransform
Transforming jetified-kotlinx-coroutines-core-jvm-1.9.0.jar with IdentityTransform
Transforming jetified-kotlinx-coroutines-core-jvm-1.9.0.jar with CopyTransform
Transforming jetified-kotlinx-coroutines-play-services-1.9.0.jar with JetifyTransform
Transforming jetified-kotlinx-coroutines-play-services-1.9.0.jar with IdentityTransform
Transforming jetified-kotlinx-coroutines-play-services-1.9.0.jar with IdentityTransform
Transforming jetified-kotlinx-coroutines-play-services-1.9.0.jar with CopyTransform
Transforming jetified-firebase-installations-interop-17.1.1-api.jar with JetifyTransform
Transforming jetified-firebase-installations-interop-17.1.1-api.jar with IdentityTransform
Transforming jetified-firebase-installations-interop-17.1.1-api.jar with IdentityTransform
Transforming jetified-firebase-installations-interop-17.1.1-api.jar with CopyTransform
Transforming jetified-play-services-tasks-18.2.0-api.jar with JetifyTransform
Transforming jetified-play-services-tasks-18.2.0-api.jar with IdentityTransform
Transforming jetified-play-services-tasks-18.2.0-api.jar with IdentityTransform
Transforming jetified-play-services-tasks-18.2.0-api.jar with CopyTransform
Transforming jetified-play-services-ads-identifier-18.0.0-api.jar with JetifyTransform
Transforming jetified-play-services-ads-identifier-18.0.0-api.jar with IdentityTransform
Transforming jetified-play-services-ads-identifier-18.0.0-api.jar with IdentityTransform
Transforming jetified-play-services-ads-identifier-18.0.0-api.jar with CopyTransform
Transforming jetified-play-services-measurement-sdk-api-22.0.2-api.jar with JetifyTransform
Transforming jetified-play-services-measurement-sdk-api-22.0.2-api.jar with IdentityTransform
Transforming jetified-play-services-measurement-sdk-api-22.0.2-api.jar with IdentityTransform
Transforming jetified-play-services-measurement-sdk-api-22.0.2-api.jar with CopyTransform
Transforming jetified-play-services-measurement-base-22.0.2-api.jar with JetifyTransform
Transforming jetified-play-services-measurement-base-22.0.2-api.jar with IdentityTransform
Transforming jetified-play-services-measurement-base-22.0.2-api.jar with IdentityTransform
Transforming jetified-play-services-measurement-base-22.0.2-api.jar with CopyTransform
Transforming jetified-firebase-measurement-connector-19.0.0-api.jar with JetifyTransform
Transforming jetified-firebase-measurement-connector-19.0.0-api.jar with IdentityTransform
Transforming jetified-firebase-measurement-connector-19.0.0-api.jar with IdentityTransform
Transforming jetified-firebase-measurement-connector-19.0.0-api.jar with CopyTransform
Transforming jetified-play-services-basement-18.4.0-api.jar with JetifyTransform
Transforming jetified-play-services-basement-18.4.0-api.jar with IdentityTransform
Transforming jetified-play-services-basement-18.4.0-api.jar with IdentityTransform
Transforming jetified-play-services-basement-18.4.0-api.jar with CopyTransform
Transforming fragment-1.8.5-api.jar with JetifyTransform
Transforming fragment-1.8.5-api.jar with IdentityTransform
Transforming fragment-1.8.5-api.jar with IdentityTransform
Transforming fragment-1.8.5-api.jar with CopyTransform
Transforming jetified-fragment-ktx-1.8.5-api.jar with JetifyTransform
Transforming jetified-fragment-ktx-1.8.5-api.jar with IdentityTransform
Transforming jetified-fragment-ktx-1.8.5-api.jar with IdentityTransform
Transforming jetified-fragment-ktx-1.8.5-api.jar with CopyTransform
Transforming jetified-activity-ktx-1.9.3-api.jar with JetifyTransform
Transforming jetified-activity-ktx-1.9.3-api.jar with IdentityTransform
Transforming jetified-activity-ktx-1.9.3-api.jar with IdentityTransform
Transforming jetified-activity-ktx-1.9.3-api.jar with CopyTransform
Transforming jetified-core-ktx-1.13.1-api.jar with JetifyTransform
Transforming jetified-core-ktx-1.13.1-api.jar with IdentityTransform
Transforming jetified-core-ktx-1.13.1-api.jar with IdentityTransform
Transforming jetified-core-ktx-1.13.1-api.jar with CopyTransform
Transforming jetified-flexbox-3.0.0-api.jar with JetifyTransform
Transforming jetified-flexbox-3.0.0-api.jar with IdentityTransform
Transforming jetified-flexbox-3.0.0-api.jar with IdentityTransform
Transforming jetified-flexbox-3.0.0-api.jar with CopyTransform
Transforming jetified-kotlin-android-extensions-runtime-1.9.25.jar with JetifyTransform
Transforming jetified-kotlin-android-extensions-runtime-1.9.25.jar with IdentityTransform
Transforming jetified-kotlin-android-extensions-runtime-1.9.25.jar with IdentityTransform
Transforming jetified-kotlin-android-extensions-runtime-1.9.25.jar with CopyTransform
Transforming jetified-savedstate-ktx-1.2.1-api.jar with JetifyTransform
Transforming jetified-savedstate-ktx-1.2.1-api.jar with IdentityTransform
Transforming jetified-savedstate-ktx-1.2.1-api.jar with IdentityTransform
Transforming jetified-savedstate-ktx-1.2.1-api.jar with CopyTransform
Transforming jetified-savedstate-1.2.1-api.jar with JetifyTransform
Transforming jetified-savedstate-1.2.1-api.jar with IdentityTransform
Transforming jetified-savedstate-1.2.1-api.jar with IdentityTransform
Transforming jetified-savedstate-1.2.1-api.jar with CopyTransform
Transforming jetified-media3-ffmpeg-decoder-1.5.0+1-api.jar with JetifyTransform
Transforming jetified-media3-ffmpeg-decoder-1.5.0+1-api.jar with IdentityTransform
Transforming jetified-media3-ffmpeg-decoder-1.5.0+1-api.jar with IdentityTransform
Transforming jetified-media3-ffmpeg-decoder-1.5.0+1-api.jar with CopyTransform
Transforming jetified-media3-exoplayer-1.5.0-api.jar with JetifyTransform
Transforming jetified-media3-exoplayer-1.5.0-api.jar with IdentityTransform
Transforming jetified-media3-exoplayer-1.5.0-api.jar with IdentityTransform
Transforming jetified-media3-exoplayer-1.5.0-api.jar with CopyTransform
Transforming jetified-media3-container-1.5.0-api.jar with JetifyTransform
Transforming jetified-media3-container-1.5.0-api.jar with IdentityTransform
Transforming jetified-media3-container-1.5.0-api.jar with IdentityTransform
Transforming jetified-media3-container-1.5.0-api.jar with CopyTransform
Transforming jetified-media3-common-1.5.0-api.jar with JetifyTransform
Transforming jetified-media3-common-1.5.0-api.jar with IdentityTransform
Transforming jetified-media3-common-1.5.0-api.jar with IdentityTransform
Transforming jetified-media3-common-1.5.0-api.jar with CopyTransform
Transforming jetified-annotation-experimental-1.4.1-api.jar with JetifyTransform
Transforming jetified-annotation-experimental-1.4.1-api.jar with IdentityTransform
Transforming jetified-annotation-experimental-1.4.1-api.jar with IdentityTransform
Transforming jetified-annotation-experimental-1.4.1-api.jar with CopyTransform
Transforming jetified-logging-interceptor-4.12.0.jar with JetifyTransform
Transforming jetified-logging-interceptor-4.12.0.jar with IdentityTransform
Transforming jetified-logging-interceptor-4.12.0.jar with IdentityTransform
Transforming jetified-logging-interceptor-4.12.0.jar with CopyTransform
Transforming jetified-converter-gson-2.9.0.jar with JetifyTransform
Transforming jetified-converter-gson-2.9.0.jar with IdentityTransform
Transforming jetified-converter-gson-2.9.0.jar with IdentityTransform
Transforming jetified-converter-gson-2.9.0.jar with CopyTransform
Transforming jetified-converter-scalars-2.9.0.jar with JetifyTransform
Transforming jetified-converter-scalars-2.9.0.jar with IdentityTransform
Transforming jetified-converter-scalars-2.9.0.jar with IdentityTransform
Transforming jetified-converter-scalars-2.9.0.jar with CopyTransform
Transforming jetified-retrofit-2.9.0.jar with JetifyTransform
Transforming jetified-retrofit-2.9.0.jar with IdentityTransform
Transforming jetified-retrofit-2.9.0.jar with IdentityTransform
Transforming jetified-retrofit-2.9.0.jar with CopyTransform
Transforming jetified-media3-datasource-okhttp-1.5.0-api.jar with JetifyTransform
Transforming jetified-media3-datasource-okhttp-1.5.0-api.jar with IdentityTransform
Transforming jetified-media3-datasource-okhttp-1.5.0-api.jar with IdentityTransform
Transforming jetified-media3-datasource-okhttp-1.5.0-api.jar with CopyTransform
Transforming jetified-okhttp-4.12.0.jar with JetifyTransform
Transforming jetified-okhttp-4.12.0.jar with IdentityTransform
Transforming jetified-okhttp-4.12.0.jar with IdentityTransform
Transforming jetified-okhttp-4.12.0.jar with CopyTransform
Transforming jetified-kotlin-stdlib-jdk8-1.9.0.jar with JetifyTransform
Transforming jetified-kotlin-stdlib-jdk8-1.9.0.jar with IdentityTransform
Transforming jetified-kotlin-stdlib-jdk8-1.9.0.jar with IdentityTransform
Transforming jetified-kotlin-stdlib-jdk8-1.9.0.jar with CopyTransform
Transforming jetified-security-crypto-1.1.0-alpha06-api.jar with JetifyTransform
Transforming jetified-security-crypto-1.1.0-alpha06-api.jar with IdentityTransform
Transforming jetified-security-crypto-1.1.0-alpha06-api.jar with IdentityTransform
Transforming jetified-security-crypto-1.1.0-alpha06-api.jar with CopyTransform
Transforming cursoradapter-1.0.0-api.jar with JetifyTransform
Transforming cursoradapter-1.0.0-api.jar with IdentityTransform
Transforming cursoradapter-1.0.0-api.jar with IdentityTransform
Transforming cursoradapter-1.0.0-api.jar with CopyTransform
Transforming cardview-1.0.0-api.jar with JetifyTransform
Transforming cardview-1.0.0-api.jar with IdentityTransform
Transforming cardview-1.0.0-api.jar with IdentityTransform
Transforming cardview-1.0.0-api.jar with CopyTransform
Transforming sqlite-framework-2.4.0-api.jar with JetifyTransform
Transforming sqlite-framework-2.4.0-api.jar with IdentityTransform
Transforming sqlite-framework-2.4.0-api.jar with IdentityTransform
Transforming sqlite-framework-2.4.0-api.jar with CopyTransform
Transforming sqlite-2.4.0-api.jar with JetifyTransform
Transforming sqlite-2.4.0-api.jar with IdentityTransform
Transforming sqlite-2.4.0-api.jar with IdentityTransform
Transforming sqlite-2.4.0-api.jar with CopyTransform
Transforming jetified-gifdecoder-4.16.0-api.jar with JetifyTransform
Transforming jetified-gifdecoder-4.16.0-api.jar with IdentityTransform
Transforming jetified-gifdecoder-4.16.0-api.jar with IdentityTransform
Transforming jetified-gifdecoder-4.16.0-api.jar with CopyTransform
Transforming versionedparcelable-1.1.1-api.jar with JetifyTransform
Transforming versionedparcelable-1.1.1-api.jar with IdentityTransform
Transforming versionedparcelable-1.1.1-api.jar with IdentityTransform
Transforming versionedparcelable-1.1.1-api.jar with CopyTransform
Transforming core-runtime-2.2.0-api.jar with JetifyTransform
Transforming core-runtime-2.2.0-api.jar with IdentityTransform
Transforming core-runtime-2.2.0-api.jar with IdentityTransform
Transforming core-runtime-2.2.0-api.jar with CopyTransform
Transforming interpolator-1.0.0-api.jar with JetifyTransform
Transforming interpolator-1.0.0-api.jar with IdentityTransform
Transforming interpolator-1.0.0-api.jar with IdentityTransform
Transforming interpolator-1.0.0-api.jar with CopyTransform
Transforming jetified-collection-ktx-1.4.0.jar with JetifyTransform
Transforming jetified-collection-ktx-1.4.0.jar with IdentityTransform
Transforming jetified-collection-ktx-1.4.0.jar with IdentityTransform
Transforming jetified-collection-ktx-1.4.0.jar with CopyTransform
Transforming jetified-collection-jvm-1.4.0.jar with JetifyTransform
Transforming jetified-collection-jvm-1.4.0.jar with IdentityTransform
Transforming jetified-collection-jvm-1.4.0.jar with IdentityTransform
Transforming jetified-collection-jvm-1.4.0.jar with CopyTransform
Transforming documentfile-1.0.0-api.jar with JetifyTransform
Transforming documentfile-1.0.0-api.jar with IdentityTransform
Transforming documentfile-1.0.0-api.jar with IdentityTransform
Transforming documentfile-1.0.0-api.jar with CopyTransform
Transforming localbroadcastmanager-1.0.0-api.jar with JetifyTransform
Transforming localbroadcastmanager-1.0.0-api.jar with IdentityTransform
Transforming localbroadcastmanager-1.0.0-api.jar with IdentityTransform
Transforming localbroadcastmanager-1.0.0-api.jar with CopyTransform
Transforming print-1.0.0-api.jar with JetifyTransform
Transforming print-1.0.0-api.jar with IdentityTransform
Transforming print-1.0.0-api.jar with IdentityTransform
Transforming print-1.0.0-api.jar with CopyTransform
Transforming core-common-2.2.0.jar with JetifyTransform
Transforming core-common-2.2.0.jar with IdentityTransform
Transforming core-common-2.2.0.jar with IdentityTransform
Transforming core-common-2.2.0.jar with CopyTransform
Transforming jetified-annotation-jvm-1.8.1.jar with JetifyTransform
Transforming jetified-annotation-jvm-1.8.1.jar with IdentityTransform
Transforming jetified-annotation-jvm-1.8.1.jar with IdentityTransform
Transforming jetified-annotation-jvm-1.8.1.jar with CopyTransform
Transforming jetified-kotlin-stdlib-jdk7-1.9.0.jar with JetifyTransform
Transforming jetified-kotlin-stdlib-jdk7-1.9.0.jar with IdentityTransform
Transforming jetified-kotlin-stdlib-jdk7-1.9.0.jar with IdentityTransform
Transforming jetified-kotlin-stdlib-jdk7-1.9.0.jar with CopyTransform
Transforming jetified-kotlin-reflect-1.8.22.jar with JetifyTransform
Transforming jetified-kotlin-reflect-1.8.22.jar with IdentityTransform
Transforming jetified-kotlin-reflect-1.8.22.jar with IdentityTransform
Transforming jetified-kotlin-reflect-1.8.22.jar with CopyTransform
Transforming jetified-okio-jvm-3.8.0.jar with JetifyTransform
Transforming jetified-okio-jvm-3.8.0.jar with IdentityTransform
Transforming jetified-okio-jvm-3.8.0.jar with IdentityTransform
Transforming jetified-okio-jvm-3.8.0.jar with CopyTransform
Transforming jetified-kotlin-stdlib-2.0.0.jar with JetifyTransform
Transforming jetified-kotlin-stdlib-2.0.0.jar with IdentityTransform
Transforming jetified-kotlin-stdlib-2.0.0.jar with IdentityTransform
Transforming jetified-kotlin-stdlib-2.0.0.jar with CopyTransform
Transforming multidex-2.0.1-api.jar with JetifyTransform
Transforming multidex-2.0.1-api.jar with IdentityTransform
Transforming multidex-2.0.1-api.jar with IdentityTransform
Transforming multidex-2.0.1-api.jar with CopyTransform
Transforming constraintlayout-2.1.4-api.jar with JetifyTransform
Transforming constraintlayout-2.1.4-api.jar with IdentityTransform
Transforming constraintlayout-2.1.4-api.jar with IdentityTransform
Transforming constraintlayout-2.1.4-api.jar with CopyTransform
Transforming jetified-gson-2.10.1.jar with JetifyTransform
Transforming jetified-gson-2.10.1.jar with IdentityTransform
Transforming jetified-gson-2.10.1.jar with IdentityTransform
Transforming jetified-gson-2.10.1.jar with CopyTransform
Transforming jetified-media3-exoplayer-hls-1.5.0-api.jar with JetifyTransform
Transforming jetified-media3-exoplayer-hls-1.5.0-api.jar with IdentityTransform
Transforming jetified-media3-exoplayer-hls-1.5.0-api.jar with IdentityTransform
Transforming jetified-media3-exoplayer-hls-1.5.0-api.jar with CopyTransform
Transforming jetified-media3-ui-1.5.0-api.jar with JetifyTransform
Transforming jetified-media3-ui-1.5.0-api.jar with IdentityTransform
Transforming jetified-media3-ui-1.5.0-api.jar with IdentityTransform
Transforming jetified-media3-ui-1.5.0-api.jar with CopyTransform
Transforming jetified-media3-extractor-1.5.0-api.jar with JetifyTransform
Transforming jetified-media3-extractor-1.5.0-api.jar with IdentityTransform
Transforming jetified-media3-extractor-1.5.0-api.jar with IdentityTransform
Transforming jetified-media3-extractor-1.5.0-api.jar with CopyTransform
Transforming jetified-zxing-android-embedded-4.3.0-api.jar with JetifyTransform
Transforming jetified-zxing-android-embedded-4.3.0-api.jar with IdentityTransform
Transforming jetified-zxing-android-embedded-4.3.0-api.jar with IdentityTransform
Transforming jetified-zxing-android-embedded-4.3.0-api.jar with CopyTransform
Transforming jetified-core-3.5.2.jar with JetifyTransform
Transforming jetified-core-3.5.2.jar with IdentityTransform
Transforming jetified-core-3.5.2.jar with IdentityTransform
Transforming jetified-core-3.5.2.jar with CopyTransform
Transforming jetified-annotations-23.0.0.jar with JetifyTransform
Transforming jetified-annotations-23.0.0.jar with IdentityTransform
Transforming jetified-annotations-23.0.0.jar with IdentityTransform
Transforming jetified-annotations-23.0.0.jar with CopyTransform
Transforming jetified-guava-33.3.1-android.jar with JetifyTransform
Transforming jetified-guava-33.3.1-android.jar with IdentityTransform
Transforming jetified-guava-33.3.1-android.jar with IdentityTransform
Transforming jetified-guava-33.3.1-android.jar with CopyTransform
Transforming jetified-listenablefuture-9999.0-empty-to-avoid-conflict-with-guava.jar with JetifyTransform
Transforming jetified-listenablefuture-9999.0-empty-to-avoid-conflict-with-guava.jar with IdentityTransform
Transforming jetified-listenablefuture-9999.0-empty-to-avoid-conflict-with-guava.jar with IdentityTransform
Transforming jetified-listenablefuture-9999.0-empty-to-avoid-conflict-with-guava.jar with CopyTransform
Transforming jetified-startup-runtime-1.1.1-api.jar with JetifyTransform
Transforming jetified-startup-runtime-1.1.1-api.jar with IdentityTransform
Transforming jetified-startup-runtime-1.1.1-api.jar with IdentityTransform
Transforming jetified-startup-runtime-1.1.1-api.jar with CopyTransform
Transforming jetified-tracing-1.0.0-api.jar with JetifyTransform
Transforming jetified-tracing-1.0.0-api.jar with IdentityTransform
Transforming jetified-tracing-1.0.0-api.jar with IdentityTransform
Transforming jetified-tracing-1.0.0-api.jar with CopyTransform
Transforming jetified-resourceinspection-annotation-1.0.1.jar with JetifyTransform
Transforming jetified-resourceinspection-annotation-1.0.1.jar with IdentityTransform
Transforming jetified-resourceinspection-annotation-1.0.1.jar with IdentityTransform
Transforming jetified-resourceinspection-annotation-1.0.1.jar with CopyTransform
Transforming jetified-error_prone_annotations-2.28.0.jar with JetifyTransform
Transforming jetified-error_prone_annotations-2.28.0.jar with IdentityTransform
Transforming jetified-error_prone_annotations-2.28.0.jar with IdentityTransform
Transforming jetified-error_prone_annotations-2.28.0.jar with CopyTransform
Transforming exifinterface-1.3.7-api.jar with JetifyTransform
Transforming exifinterface-1.3.7-api.jar with IdentityTransform
Transforming exifinterface-1.3.7-api.jar with IdentityTransform
Transforming exifinterface-1.3.7-api.jar with CopyTransform
Transforming jetified-failureaccess-1.0.2.jar with JetifyTransform
Transforming jetified-failureaccess-1.0.2.jar with IdentityTransform
Transforming jetified-failureaccess-1.0.2.jar with IdentityTransform
Transforming jetified-failureaccess-1.0.2.jar with CopyTransform
Transforming jetified-hilt-core-2.51.1.jar with JetifyTransform
Transforming jetified-hilt-core-2.51.1.jar with IdentityTransform
Transforming jetified-hilt-core-2.51.1.jar with IdentityTransform
Transforming jetified-hilt-core-2.51.1.jar with CopyTransform
Transforming jetified-jsr305-3.0.2.jar with JetifyTransform
Transforming jetified-jsr305-3.0.2.jar with IdentityTransform
Transforming jetified-jsr305-3.0.2.jar with IdentityTransform
Transforming jetified-jsr305-3.0.2.jar with CopyTransform
Transforming jetified-checker-qual-3.43.0.jar with JetifyTransform
Transforming jetified-checker-qual-3.43.0.jar with IdentityTransform
Transforming jetified-checker-qual-3.43.0.jar with IdentityTransform
Transforming jetified-checker-qual-3.43.0.jar with CopyTransform
Transforming jetified-j2objc-annotations-3.0.0.jar with JetifyTransform
Transforming jetified-j2objc-annotations-3.0.0.jar with IdentityTransform
Transforming jetified-j2objc-annotations-3.0.0.jar with IdentityTransform
Transforming jetified-j2objc-annotations-3.0.0.jar with CopyTransform
Transforming jetified-media3-database-1.5.0-api.jar with JetifyTransform
Transforming jetified-media3-database-1.5.0-api.jar with IdentityTransform
Transforming jetified-media3-database-1.5.0-api.jar with IdentityTransform
Transforming jetified-media3-database-1.5.0-api.jar with CopyTransform
Transforming jetified-media3-datasource-1.5.0-api.jar with JetifyTransform
Transforming jetified-media3-datasource-1.5.0-api.jar with IdentityTransform
Transforming jetified-media3-datasource-1.5.0-api.jar with IdentityTransform
Transforming jetified-media3-datasource-1.5.0-api.jar with CopyTransform
Transforming jetified-media3-decoder-1.5.0-api.jar with JetifyTransform
Transforming jetified-media3-decoder-1.5.0-api.jar with IdentityTransform
Transforming jetified-media3-decoder-1.5.0-api.jar with IdentityTransform
Transforming jetified-media3-decoder-1.5.0-api.jar with CopyTransform
Transforming jetified-disklrucache-4.16.0.jar with JetifyTransform
Transforming jetified-disklrucache-4.16.0.jar with IdentityTransform
Transforming jetified-disklrucache-4.16.0.jar with IdentityTransform
Transforming jetified-disklrucache-4.16.0.jar with CopyTransform
Transforming jetified-annotations-4.16.0.jar with JetifyTransform
Transforming jetified-annotations-4.16.0.jar with IdentityTransform
Transforming jetified-annotations-4.16.0.jar with IdentityTransform
Transforming jetified-annotations-4.16.0.jar with CopyTransform
Transforming jetified-dagger-2.51.1.jar with JetifyTransform
Transforming jetified-dagger-2.51.1.jar with IdentityTransform
Transforming jetified-dagger-2.51.1.jar with IdentityTransform
Transforming jetified-dagger-2.51.1.jar with CopyTransform
Transforming jetified-firebase-components-18.0.0-api.jar with JetifyTransform
Transforming jetified-firebase-components-18.0.0-api.jar with IdentityTransform
Transforming jetified-firebase-components-18.0.0-api.jar with IdentityTransform
Transforming jetified-firebase-components-18.0.0-api.jar with CopyTransform
Transforming jetified-firebase-annotations-16.2.0.jar with JetifyTransform
Transforming jetified-firebase-annotations-16.2.0.jar with IdentityTransform
Transforming jetified-firebase-annotations-16.2.0.jar with IdentityTransform
Transforming jetified-firebase-annotations-16.2.0.jar with CopyTransform
Transforming jetified-javax.inject-1.jar with JetifyTransform
Transforming jetified-javax.inject-1.jar with IdentityTransform
Transforming jetified-javax.inject-1.jar with IdentityTransform
Transforming jetified-javax.inject-1.jar with CopyTransform
Transforming jetified-dagger-lint-aar-2.51.1-api.jar with JetifyTransform
Transforming jetified-dagger-lint-aar-2.51.1-api.jar with IdentityTransform
Transforming jetified-dagger-lint-aar-2.51.1-api.jar with IdentityTransform
Transforming jetified-dagger-lint-aar-2.51.1-api.jar with CopyTransform
Transforming jetified-hilt-common-1.2.0.jar with JetifyTransform
Transforming jetified-hilt-common-1.2.0.jar with IdentityTransform
Transforming jetified-hilt-common-1.2.0.jar with IdentityTransform
Transforming jetified-hilt-common-1.2.0.jar with CopyTransform
Transforming jetified-protolite-well-known-types-18.0.0-api.jar with JetifyTransform
Transforming jetified-protolite-well-known-types-18.0.0-api.jar with IdentityTransform
Transforming jetified-protolite-well-known-types-18.0.0-api.jar with IdentityTransform
Transforming jetified-protolite-well-known-types-18.0.0-api.jar with CopyTransform
Transforming jetified-protobuf-javalite-3.22.3.jar with JetifyTransform
Transforming jetified-protobuf-javalite-3.22.3.jar with IdentityTransform
Transforming jetified-protobuf-javalite-3.22.3.jar with IdentityTransform
Transforming jetified-protobuf-javalite-3.22.3.jar with CopyTransform
Transforming jetified-slf4j-api-1.7.36.jar with JetifyTransform
Transforming jetified-slf4j-api-1.7.36.jar with IdentityTransform
Transforming jetified-slf4j-api-1.7.36.jar with IdentityTransform
Transforming jetified-slf4j-api-1.7.36.jar with CopyTransform
Transforming jetified-config-1.4.2.jar with JetifyTransform
Transforming jetified-config-1.4.2.jar with IdentityTransform
Transforming jetified-config-1.4.2.jar with IdentityTransform
Transforming jetified-config-1.4.2.jar with CopyTransform
Transforming debug with CopyTransform
Transforming debug with CopyTransform
Transforming classes with CopyTransform
Transforming core-for-system-modules.jar with JdkImageTransform
Transforming core-for-system-modules.jar with JdkImageTransform
Transforming core-for-system-modules.jar with JdkImageTransform
Transforming core-for-system-modules.jar with JdkImageTransform
Transforming android.jar with JetifyTransform
Transforming android.jar with IdentityTransform
Transforming android.jar with IdentityTransform
Transforming android.jar with CopyTransform
Transforming core-lambda-stubs.jar with JetifyTransform
Transforming core-lambda-stubs.jar with IdentityTransform
Transforming core-lambda-stubs.jar with IdentityTransform
Transforming core-lambda-stubs.jar with CopyTransform
Transforming R.jar with JetifyTransform
Transforming R.jar with IdentityTransform
Transforming R.jar with IdentityTransform
Transforming R.jar with CopyTransform
Transforming jetified-viewbinding-8.7.1-api.jar with JetifyTransform
Transforming jetified-viewbinding-8.7.1-api.jar with IdentityTransform
Transforming jetified-viewbinding-8.7.1-api.jar with IdentityTransform
Transforming jetified-viewbinding-8.7.1-api.jar with CopyTransform
Transforming jetified-kotlin-parcelize-runtime-1.9.25.jar with JetifyTransform
Transforming jetified-kotlin-parcelize-runtime-1.9.25.jar with IdentityTransform
Transforming jetified-kotlin-parcelize-runtime-1.9.25.jar with IdentityTransform
Transforming jetified-kotlin-parcelize-runtime-1.9.25.jar with CopyTransform
Transforming jetified-preference-ktx-1.2.1-api.jar with JetifyTransform
Transforming jetified-preference-ktx-1.2.1-api.jar with IdentityTransform
Transforming jetified-preference-ktx-1.2.1-api.jar with IdentityTransform
Transforming jetified-preference-ktx-1.2.1-api.jar with CopyTransform
Transforming material-1.12.0-api.jar with JetifyTransform
Transforming material-1.12.0-api.jar with IdentityTransform
Transforming material-1.12.0-api.jar with IdentityTransform
Transforming material-1.12.0-api.jar with CopyTransform
Transforming jetified-appcompat-resources-1.7.0-api.jar with JetifyTransform
Transforming jetified-appcompat-resources-1.7.0-api.jar with IdentityTransform
Transforming jetified-appcompat-resources-1.7.0-api.jar with IdentityTransform
Transforming jetified-appcompat-resources-1.7.0-api.jar with CopyTransform
Transforming preference-1.2.1-api.jar with JetifyTransform
Transforming preference-1.2.1-api.jar with IdentityTransform
Transforming preference-1.2.1-api.jar with IdentityTransform
Transforming preference-1.2.1-api.jar with CopyTransform
Transforming appcompat-1.7.0-api.jar with JetifyTransform
Transforming appcompat-1.7.0-api.jar with IdentityTransform
Transforming appcompat-1.7.0-api.jar with IdentityTransform
Transforming appcompat-1.7.0-api.jar with CopyTransform
Transforming jetified-okhttp3-integration-4.16.0-api.jar with JetifyTransform
Transforming jetified-okhttp3-integration-4.16.0-api.jar with IdentityTransform
Transforming jetified-okhttp3-integration-4.16.0-api.jar with IdentityTransform
Transforming jetified-okhttp3-integration-4.16.0-api.jar with CopyTransform
Transforming jetified-glide-4.16.0-api.jar with JetifyTransform
Transforming jetified-glide-4.16.0-api.jar with IdentityTransform
Transforming jetified-glide-4.16.0-api.jar with IdentityTransform
Transforming jetified-glide-4.16.0-api.jar with CopyTransform
Transforming jetified-hilt-work-1.2.0-api.jar with JetifyTransform
Transforming jetified-hilt-work-1.2.0-api.jar with IdentityTransform
Transforming jetified-hilt-work-1.2.0-api.jar with IdentityTransform
Transforming jetified-hilt-work-1.2.0-api.jar with CopyTransform
Transforming jetified-hilt-android-2.51.1-api.jar with JetifyTransform
Transforming jetified-hilt-android-2.51.1-api.jar with IdentityTransform
Transforming jetified-hilt-android-2.51.1-api.jar with IdentityTransform
Transforming jetified-hilt-android-2.51.1-api.jar with CopyTransform
Transforming jetified-viewpager2-1.1.0-beta02-api.jar with JetifyTransform
Transforming jetified-viewpager2-1.1.0-beta02-api.jar with IdentityTransform
Transforming jetified-viewpager2-1.1.0-beta02-api.jar with IdentityTransform
Transforming jetified-viewpager2-1.1.0-beta02-api.jar with CopyTransform
Transforming jetified-firebase-firestore-ktx-25.0.0-api.jar with JetifyTransform
Transforming jetified-firebase-firestore-ktx-25.0.0-api.jar with IdentityTransform
Transforming jetified-firebase-firestore-ktx-25.0.0-api.jar with IdentityTransform
Transforming jetified-firebase-firestore-ktx-25.0.0-api.jar with CopyTransform
Transforming jetified-firebase-firestore-25.0.0-api.jar with JetifyTransform
Transforming jetified-firebase-firestore-25.0.0-api.jar with IdentityTransform
Transforming jetified-firebase-firestore-25.0.0-api.jar with IdentityTransform
Transforming jetified-firebase-firestore-25.0.0-api.jar with CopyTransform
Transforming jetified-firebase-appcheck-interop-17.0.0-api.jar with JetifyTransform
Transforming jetified-firebase-appcheck-interop-17.0.0-api.jar with IdentityTransform
Transforming jetified-firebase-appcheck-interop-17.0.0-api.jar with IdentityTransform
Transforming jetified-firebase-appcheck-interop-17.0.0-api.jar with CopyTransform
Transforming jetified-firebase-auth-interop-19.0.2-api.jar with JetifyTransform
Transforming jetified-firebase-auth-interop-19.0.2-api.jar with IdentityTransform
Transforming jetified-firebase-auth-interop-19.0.2-api.jar with IdentityTransform
Transforming jetified-firebase-auth-interop-19.0.2-api.jar with CopyTransform
Transforming jetified-firebase-analytics-ktx-22.0.2-api.jar with JetifyTransform
Transforming jetified-firebase-analytics-ktx-22.0.2-api.jar with IdentityTransform
Transforming jetified-firebase-analytics-ktx-22.0.2-api.jar with IdentityTransform
Transforming jetified-firebase-analytics-ktx-22.0.2-api.jar with CopyTransform
Transforming jetified-firebase-analytics-22.0.2-api.jar with JetifyTransform
Transforming jetified-firebase-analytics-22.0.2-api.jar with IdentityTransform
Transforming jetified-firebase-analytics-22.0.2-api.jar with IdentityTransform
Transforming jetified-firebase-analytics-22.0.2-api.jar with CopyTransform
Transforming jetified-play-services-measurement-api-22.0.2-api.jar with JetifyTransform
Transforming jetified-play-services-measurement-api-22.0.2-api.jar with IdentityTransform
Transforming jetified-play-services-measurement-api-22.0.2-api.jar with IdentityTransform
Transforming jetified-play-services-measurement-api-22.0.2-api.jar with CopyTransform
Transforming jetified-firebase-installations-18.0.0-api.jar with JetifyTransform
Transforming jetified-firebase-installations-18.0.0-api.jar with IdentityTransform
Transforming jetified-firebase-installations-18.0.0-api.jar with IdentityTransform
Transforming jetified-firebase-installations-18.0.0-api.jar with CopyTransform
Transforming jetified-firebase-common-ktx-21.0.0-api.jar with JetifyTransform
Transforming jetified-firebase-common-ktx-21.0.0-api.jar with IdentityTransform
Transforming jetified-firebase-common-ktx-21.0.0-api.jar with IdentityTransform
Transforming jetified-firebase-common-ktx-21.0.0-api.jar with CopyTransform
Transforming jetified-firebase-common-21.0.0-api.jar with JetifyTransform
Transforming jetified-firebase-common-21.0.0-api.jar with IdentityTransform
Transforming jetified-firebase-common-21.0.0-api.jar with IdentityTransform
Transforming jetified-firebase-common-21.0.0-api.jar with CopyTransform
Transforming room-common-2.6.1.jar with JetifyTransform
Transforming room-common-2.6.1.jar with IdentityTransform
Transforming room-common-2.6.1.jar with IdentityTransform
Transforming room-common-2.6.1.jar with CopyTransform
Transforming jetified-room-ktx-2.6.1-api.jar with JetifyTransform
Transforming jetified-room-ktx-2.6.1-api.jar with IdentityTransform
Transforming jetified-room-ktx-2.6.1-api.jar with IdentityTransform
Transforming jetified-room-ktx-2.6.1-api.jar with CopyTransform
Transforming room-runtime-2.6.1-api.jar with JetifyTransform
Transforming room-runtime-2.6.1-api.jar with IdentityTransform
Transforming room-runtime-2.6.1-api.jar with IdentityTransform
Transforming room-runtime-2.6.1-api.jar with CopyTransform
Transforming jetified-room-paging-2.6.1-api.jar with JetifyTransform
Transforming jetified-room-paging-2.6.1-api.jar with IdentityTransform
Transforming jetified-room-paging-2.6.1-api.jar with IdentityTransform
Transforming jetified-room-paging-2.6.1-api.jar with CopyTransform
Transforming jetified-paging-common-release-api.jar with JetifyTransform
Transforming jetified-paging-common-release-api.jar with IdentityTransform
Transforming jetified-paging-common-release-api.jar with IdentityTransform
Transforming jetified-paging-common-release-api.jar with CopyTransform
Transforming jetified-paging-common-ktx-3.3.2.jar with JetifyTransform
Transforming jetified-paging-common-ktx-3.3.2.jar with IdentityTransform
Transforming jetified-paging-common-ktx-3.3.2.jar with IdentityTransform
Transforming jetified-paging-common-ktx-3.3.2.jar with CopyTransform
Transforming jetified-paging-runtime-ktx-3.3.2-api.jar with JetifyTransform
Transforming jetified-paging-runtime-ktx-3.3.2-api.jar with IdentityTransform
Transforming jetified-paging-runtime-ktx-3.3.2-api.jar with IdentityTransform
Transforming jetified-paging-runtime-ktx-3.3.2-api.jar with CopyTransform
Transforming paging-runtime-3.3.2-api.jar with JetifyTransform
Transforming paging-runtime-3.3.2-api.jar with IdentityTransform
Transforming paging-runtime-3.3.2-api.jar with IdentityTransform
Transforming paging-runtime-3.3.2-api.jar with CopyTransform
Transforming jetified-activity-compose-1.9.3-api.jar with JetifyTransform
Transforming jetified-activity-compose-1.9.3-api.jar with IdentityTransform
Transforming jetified-activity-compose-1.9.3-api.jar with IdentityTransform
Transforming jetified-activity-compose-1.9.3-api.jar with CopyTransform
Transforming jetified-material3-release-api.jar with JetifyTransform
Transforming jetified-material3-release-api.jar with IdentityTransform
Transforming jetified-material3-release-api.jar with IdentityTransform
Transforming jetified-material3-release-api.jar with CopyTransform
Transforming jetified-ui-util-release-api.jar with JetifyTransform
Transforming jetified-ui-util-release-api.jar with IdentityTransform
Transforming jetified-ui-util-release-api.jar with IdentityTransform
Transforming jetified-ui-util-release-api.jar with CopyTransform
Transforming jetified-ui-unit-release-api.jar with JetifyTransform
Transforming jetified-ui-unit-release-api.jar with IdentityTransform
Transforming jetified-ui-unit-release-api.jar with IdentityTransform
Transforming jetified-ui-unit-release-api.jar with CopyTransform
Transforming jetified-ui-text-release-api.jar with JetifyTransform
Transforming jetified-ui-text-release-api.jar with IdentityTransform
Transforming jetified-ui-text-release-api.jar with IdentityTransform
Transforming jetified-ui-text-release-api.jar with CopyTransform
Transforming jetified-coil-compose-2.6.0-api.jar with JetifyTransform
Transforming jetified-coil-compose-2.6.0-api.jar with IdentityTransform
Transforming jetified-coil-compose-2.6.0-api.jar with IdentityTransform
Transforming jetified-coil-compose-2.6.0-api.jar with CopyTransform
Transforming jetified-coil-compose-base-2.6.0-api.jar with JetifyTransform
Transforming jetified-coil-compose-base-2.6.0-api.jar with IdentityTransform
Transforming jetified-coil-compose-base-2.6.0-api.jar with IdentityTransform
Transforming jetified-coil-compose-base-2.6.0-api.jar with CopyTransform
Transforming jetified-foundation-layout-release-api.jar with JetifyTransform
Transforming jetified-foundation-layout-release-api.jar with IdentityTransform
Transforming jetified-foundation-layout-release-api.jar with IdentityTransform
Transforming jetified-foundation-layout-release-api.jar with CopyTransform
Transforming jetified-material-icons-core-release-api.jar with JetifyTransform
Transforming jetified-material-icons-core-release-api.jar with IdentityTransform
Transforming jetified-material-icons-core-release-api.jar with IdentityTransform
Transforming jetified-material-icons-core-release-api.jar with CopyTransform
Transforming jetified-material-ripple-release-api.jar with JetifyTransform
Transforming jetified-material-ripple-release-api.jar with IdentityTransform
Transforming jetified-material-ripple-release-api.jar with IdentityTransform
Transforming jetified-material-ripple-release-api.jar with CopyTransform
Transforming jetified-foundation-release-api.jar with JetifyTransform
Transforming jetified-foundation-release-api.jar with IdentityTransform
Transforming jetified-foundation-release-api.jar with IdentityTransform
Transforming jetified-foundation-release-api.jar with CopyTransform
Transforming jetified-animation-core-release-api.jar with JetifyTransform
Transforming jetified-animation-core-release-api.jar with IdentityTransform
Transforming jetified-animation-core-release-api.jar with IdentityTransform
Transforming jetified-animation-core-release-api.jar with CopyTransform
Transforming jetified-animation-release-api.jar with JetifyTransform
Transforming jetified-animation-release-api.jar with IdentityTransform
Transforming jetified-animation-release-api.jar with IdentityTransform
Transforming jetified-animation-release-api.jar with CopyTransform
Transforming jetified-ui-geometry-release-api.jar with JetifyTransform
Transforming jetified-ui-geometry-release-api.jar with IdentityTransform
Transforming jetified-ui-geometry-release-api.jar with IdentityTransform
Transforming jetified-ui-geometry-release-api.jar with CopyTransform
Transforming jetified-ui-tooling-data-release-api.jar with JetifyTransform
Transforming jetified-ui-tooling-data-release-api.jar with IdentityTransform
Transforming jetified-ui-tooling-data-release-api.jar with IdentityTransform
Transforming jetified-ui-tooling-data-release-api.jar with CopyTransform
Transforming jetified-ui-tooling-preview-release-api.jar with JetifyTransform
Transforming jetified-ui-tooling-preview-release-api.jar with IdentityTransform
Transforming jetified-ui-tooling-preview-release-api.jar with IdentityTransform
Transforming jetified-ui-tooling-preview-release-api.jar with CopyTransform
Transforming jetified-ui-graphics-release-api.jar with JetifyTransform
Transforming jetified-ui-graphics-release-api.jar with IdentityTransform
Transforming jetified-ui-graphics-release-api.jar with IdentityTransform
Transforming jetified-ui-graphics-release-api.jar with CopyTransform
Transforming recyclerview-1.3.2-api.jar with JetifyTransform
Transforming recyclerview-1.3.2-api.jar with IdentityTransform
Transforming recyclerview-1.3.2-api.jar with IdentityTransform
Transforming recyclerview-1.3.2-api.jar with CopyTransform
Transforming drawerlayout-1.1.1-api.jar with JetifyTransform
Transforming drawerlayout-1.1.1-api.jar with IdentityTransform
Transforming drawerlayout-1.1.1-api.jar with IdentityTransform
Transforming drawerlayout-1.1.1-api.jar with CopyTransform
Transforming coordinatorlayout-1.1.0-api.jar with JetifyTransform
Transforming coordinatorlayout-1.1.0-api.jar with IdentityTransform
Transforming coordinatorlayout-1.1.0-api.jar with IdentityTransform
Transforming coordinatorlayout-1.1.0-api.jar with CopyTransform
Transforming dynamicanimation-1.0.0-api.jar with JetifyTransform
Transforming dynamicanimation-1.0.0-api.jar with IdentityTransform
Transforming dynamicanimation-1.0.0-api.jar with IdentityTransform
Transforming dynamicanimation-1.0.0-api.jar with CopyTransform
Transforming transition-1.5.0-api.jar with JetifyTransform
Transforming transition-1.5.0-api.jar with IdentityTransform
Transforming transition-1.5.0-api.jar with IdentityTransform
Transforming transition-1.5.0-api.jar with CopyTransform
Transforming vectordrawable-animated-1.1.0-api.jar with JetifyTransform
Transforming vectordrawable-animated-1.1.0-api.jar with IdentityTransform
Transforming vectordrawable-animated-1.1.0-api.jar with IdentityTransform
Transforming vectordrawable-animated-1.1.0-api.jar with CopyTransform
Transforming vectordrawable-1.1.0-api.jar with JetifyTransform
Transforming vectordrawable-1.1.0-api.jar with IdentityTransform
Transforming vectordrawable-1.1.0-api.jar with IdentityTransform
Transforming vectordrawable-1.1.0-api.jar with CopyTransform
Transforming viewpager-1.0.0-api.jar with JetifyTransform
Transforming viewpager-1.0.0-api.jar with IdentityTransform
Transforming viewpager-1.0.0-api.jar with IdentityTransform
Transforming viewpager-1.0.0-api.jar with CopyTransform
Transforming slidingpanelayout-1.2.0-api.jar with JetifyTransform
Transforming slidingpanelayout-1.2.0-api.jar with IdentityTransform
Transforming slidingpanelayout-1.2.0-api.jar with IdentityTransform
Transforming slidingpanelayout-1.2.0-api.jar with CopyTransform
Transforming customview-1.1.0-api.jar with JetifyTransform
Transforming customview-1.1.0-api.jar with IdentityTransform
Transforming customview-1.1.0-api.jar with IdentityTransform
Transforming customview-1.1.0-api.jar with CopyTransform
Transforming jetified-play-services-measurement-22.0.2-api.jar with JetifyTransform
Transforming jetified-play-services-measurement-22.0.2-api.jar with IdentityTransform
Transforming jetified-play-services-measurement-22.0.2-api.jar with IdentityTransform
Transforming jetified-play-services-measurement-22.0.2-api.jar with CopyTransform
Transforming jetified-play-services-measurement-sdk-22.0.2-api.jar with JetifyTransform
Transforming jetified-play-services-measurement-sdk-22.0.2-api.jar with IdentityTransform
Transforming jetified-play-services-measurement-sdk-22.0.2-api.jar with IdentityTransform
Transforming jetified-play-services-measurement-sdk-22.0.2-api.jar with CopyTransform
Transforming jetified-play-services-measurement-impl-22.0.2-api.jar with JetifyTransform
Transforming jetified-play-services-measurement-impl-22.0.2-api.jar with IdentityTransform
Transforming jetified-play-services-measurement-impl-22.0.2-api.jar with IdentityTransform
Transforming jetified-play-services-measurement-impl-22.0.2-api.jar with CopyTransform
Transforming jetified-play-services-stats-17.0.2-api.jar with JetifyTransform
Transforming jetified-play-services-stats-17.0.2-api.jar with IdentityTransform
Transforming jetified-play-services-stats-17.0.2-api.jar with IdentityTransform
Transforming jetified-play-services-stats-17.0.2-api.jar with CopyTransform
Transforming legacy-support-core-utils-1.0.0-api.jar with JetifyTransform
Transforming legacy-support-core-utils-1.0.0-api.jar with IdentityTransform
Transforming legacy-support-core-utils-1.0.0-api.jar with IdentityTransform
Transforming legacy-support-core-utils-1.0.0-api.jar with CopyTransform
Transforming loader-1.0.0-api.jar with JetifyTransform
Transforming loader-1.0.0-api.jar with IdentityTransform
Transforming loader-1.0.0-api.jar with IdentityTransform
Transforming loader-1.0.0-api.jar with CopyTransform
Transforming jetified-firebase-database-collection-18.0.1-api.jar with JetifyTransform
Transforming jetified-firebase-database-collection-18.0.1-api.jar with IdentityTransform
Transforming jetified-firebase-database-collection-18.0.1-api.jar with IdentityTransform
Transforming jetified-firebase-database-collection-18.0.1-api.jar with CopyTransform
Transforming jetified-play-services-base-18.0.1-api.jar with JetifyTransform
Transforming jetified-play-services-base-18.0.1-api.jar with IdentityTransform
Transforming jetified-play-services-base-18.0.1-api.jar with IdentityTransform
Transforming jetified-play-services-base-18.0.1-api.jar with CopyTransform
Transforming core-1.13.1-api.jar with JetifyTransform
Transforming core-1.13.1-api.jar with IdentityTransform
Transforming core-1.13.1-api.jar with IdentityTransform
Transforming core-1.13.1-api.jar with CopyTransform
Transforming jetified-lifecycle-common-jvm-2.8.7.jar with JetifyTransform
Transforming jetified-lifecycle-common-jvm-2.8.7.jar with IdentityTransform
Transforming jetified-lifecycle-common-jvm-2.8.7.jar with IdentityTransform
Transforming jetified-lifecycle-common-jvm-2.8.7.jar with CopyTransform
Transforming lifecycle-viewmodel-2.8.7-api.jar with JetifyTransform
Transforming lifecycle-viewmodel-2.8.7-api.jar with IdentityTransform
Transforming lifecycle-viewmodel-2.8.7-api.jar with IdentityTransform
Transforming lifecycle-viewmodel-2.8.7-api.jar with CopyTransform
Transforming jetified-lifecycle-viewmodel-release-api.jar with JetifyTransform
Transforming jetified-lifecycle-viewmodel-release-api.jar with IdentityTransform
Transforming jetified-lifecycle-viewmodel-release-api.jar with IdentityTransform
Transforming jetified-lifecycle-viewmodel-release-api.jar with CopyTransform
Transforming jetified-coil-2.6.0-api.jar with JetifyTransform
Transforming jetified-coil-2.6.0-api.jar with IdentityTransform
Transforming jetified-coil-2.6.0-api.jar with IdentityTransform
Transforming jetified-coil-2.6.0-api.jar with CopyTransform
Transforming jetified-coil-base-2.6.0-api.jar with JetifyTransform
Transforming jetified-coil-base-2.6.0-api.jar with IdentityTransform
Transforming jetified-coil-base-2.6.0-api.jar with IdentityTransform
Transforming jetified-coil-base-2.6.0-api.jar with CopyTransform
Transforming jetified-lifecycle-runtime-release-api.jar with JetifyTransform
Transforming jetified-lifecycle-runtime-release-api.jar with IdentityTransform
Transforming jetified-lifecycle-runtime-release-api.jar with IdentityTransform
Transforming jetified-lifecycle-runtime-release-api.jar with CopyTransform
Transforming lifecycle-livedata-core-2.8.7-api.jar with JetifyTransform
Transforming lifecycle-livedata-core-2.8.7-api.jar with IdentityTransform
Transforming lifecycle-livedata-core-2.8.7-api.jar with IdentityTransform
Transforming lifecycle-livedata-core-2.8.7-api.jar with CopyTransform
Transforming jetified-lifecycle-runtime-compose-release-api.jar with JetifyTransform
Transforming jetified-lifecycle-runtime-compose-release-api.jar with IdentityTransform
Transforming jetified-lifecycle-runtime-compose-release-api.jar with IdentityTransform
Transforming jetified-lifecycle-runtime-compose-release-api.jar with CopyTransform
Transforming jetified-lifecycle-viewmodel-compose-release-api.jar with JetifyTransform
Transforming jetified-lifecycle-viewmodel-compose-release-api.jar with IdentityTransform
Transforming jetified-lifecycle-viewmodel-compose-release-api.jar with IdentityTransform
Transforming jetified-lifecycle-viewmodel-compose-release-api.jar with CopyTransform
Transforming jetified-ui-release-api.jar with JetifyTransform
Transforming jetified-ui-release-api.jar with IdentityTransform
Transforming jetified-ui-release-api.jar with IdentityTransform
Transforming jetified-ui-release-api.jar with CopyTransform
Transforming jetified-ui-tooling-release-api.jar with JetifyTransform
Transforming jetified-ui-tooling-release-api.jar with IdentityTransform
Transforming jetified-ui-tooling-release-api.jar with IdentityTransform
Transforming jetified-ui-tooling-release-api.jar with CopyTransform
Transforming jetified-ui-test-manifest-1.6.2-api.jar with JetifyTransform
Transforming jetified-ui-test-manifest-1.6.2-api.jar with IdentityTransform
Transforming jetified-ui-test-manifest-1.6.2-api.jar with IdentityTransform
Transforming jetified-ui-test-manifest-1.6.2-api.jar with CopyTransform
Transforming jetified-activity-1.9.3-api.jar with JetifyTransform
Transforming jetified-activity-1.9.3-api.jar with IdentityTransform
Transforming jetified-activity-1.9.3-api.jar with IdentityTransform
Transforming jetified-activity-1.9.3-api.jar with CopyTransform
Transforming jetified-lifecycle-viewmodel-savedstate-2.8.7-api.jar with JetifyTransform
Transforming jetified-lifecycle-viewmodel-savedstate-2.8.7-api.jar with IdentityTransform
Transforming jetified-lifecycle-viewmodel-savedstate-2.8.7-api.jar with IdentityTransform
Transforming jetified-lifecycle-viewmodel-savedstate-2.8.7-api.jar with CopyTransform
Transforming jetified-lifecycle-runtime-ktx-release-api.jar with JetifyTransform
Transforming jetified-lifecycle-runtime-ktx-release-api.jar with IdentityTransform
Transforming jetified-lifecycle-runtime-ktx-release-api.jar with IdentityTransform
Transforming jetified-lifecycle-runtime-ktx-release-api.jar with CopyTransform
Transforming work-runtime-ktx-2.9.1-api.jar with JetifyTransform
Transforming work-runtime-ktx-2.9.1-api.jar with IdentityTransform
Transforming work-runtime-ktx-2.9.1-api.jar with IdentityTransform
Transforming work-runtime-ktx-2.9.1-api.jar with CopyTransform
Transforming work-runtime-2.9.1-api.jar with JetifyTransform
Transforming work-runtime-2.9.1-api.jar with IdentityTransform
Transforming work-runtime-2.9.1-api.jar with IdentityTransform
Transforming work-runtime-2.9.1-api.jar with CopyTransform
Transforming lifecycle-livedata-2.8.7-api.jar with JetifyTransform
Transforming lifecycle-livedata-2.8.7-api.jar with IdentityTransform
Transforming lifecycle-livedata-2.8.7-api.jar with IdentityTransform
Transforming lifecycle-livedata-2.8.7-api.jar with CopyTransform
Transforming jetified-lifecycle-livedata-core-ktx-2.8.7-api.jar with JetifyTransform
Transforming jetified-lifecycle-livedata-core-ktx-2.8.7-api.jar with IdentityTransform
Transforming jetified-lifecycle-livedata-core-ktx-2.8.7-api.jar with IdentityTransform
Transforming jetified-lifecycle-livedata-core-ktx-2.8.7-api.jar with CopyTransform
Transforming jetified-lifecycle-livedata-ktx-2.8.7-api.jar with JetifyTransform
Transforming jetified-lifecycle-livedata-ktx-2.8.7-api.jar with IdentityTransform
Transforming jetified-lifecycle-livedata-ktx-2.8.7-api.jar with IdentityTransform
Transforming jetified-lifecycle-livedata-ktx-2.8.7-api.jar with CopyTransform
Transforming jetified-lifecycle-viewmodel-ktx-2.8.7-api.jar with JetifyTransform
Transforming jetified-lifecycle-viewmodel-ktx-2.8.7-api.jar with IdentityTransform
Transforming jetified-lifecycle-viewmodel-ktx-2.8.7-api.jar with IdentityTransform
Transforming jetified-lifecycle-viewmodel-ktx-2.8.7-api.jar with CopyTransform
Transforming jetified-runtime-saveable-release-api.jar with JetifyTransform
Transforming jetified-runtime-saveable-release-api.jar with IdentityTransform
Transforming jetified-runtime-saveable-release-api.jar with IdentityTransform
Transforming jetified-runtime-saveable-release-api.jar with CopyTransform
Transforming jetified-runtime-release-api.jar with JetifyTransform
Transforming jetified-runtime-release-api.jar with IdentityTransform
Transforming jetified-runtime-release-api.jar with IdentityTransform
Transforming jetified-runtime-release-api.jar with CopyTransform
Transforming jetified-kotlinx-coroutines-android-1.9.0.jar with JetifyTransform
Transforming jetified-kotlinx-coroutines-android-1.9.0.jar with IdentityTransform
Transforming jetified-kotlinx-coroutines-android-1.9.0.jar with IdentityTransform
Transforming jetified-kotlinx-coroutines-android-1.9.0.jar with CopyTransform
Transforming jetified-ktor-server-content-negotiation-jvm-2.3.7.jar with JetifyTransform
Transforming jetified-ktor-server-content-negotiation-jvm-2.3.7.jar with IdentityTransform
Transforming jetified-ktor-server-content-negotiation-jvm-2.3.7.jar with IdentityTransform
Transforming jetified-ktor-server-content-negotiation-jvm-2.3.7.jar with CopyTransform
Transforming jetified-ktor-server-cors-jvm-2.3.7.jar with JetifyTransform
Transforming jetified-ktor-server-cors-jvm-2.3.7.jar with IdentityTransform
Transforming jetified-ktor-server-cors-jvm-2.3.7.jar with IdentityTransform
Transforming jetified-ktor-server-cors-jvm-2.3.7.jar with CopyTransform
Transforming jetified-ktor-server-status-pages-jvm-2.3.7.jar with JetifyTransform
Transforming jetified-ktor-server-status-pages-jvm-2.3.7.jar with IdentityTransform
Transforming jetified-ktor-server-status-pages-jvm-2.3.7.jar with IdentityTransform
Transforming jetified-ktor-server-status-pages-jvm-2.3.7.jar with CopyTransform
Transforming jetified-ktor-server-cio-jvm-2.3.7.jar with JetifyTransform
Transforming jetified-ktor-server-cio-jvm-2.3.7.jar with IdentityTransform
Transforming jetified-ktor-server-cio-jvm-2.3.7.jar with IdentityTransform
Transforming jetified-ktor-server-cio-jvm-2.3.7.jar with CopyTransform
Transforming jetified-ktor-server-host-common-jvm-2.3.7.jar with JetifyTransform
Transforming jetified-ktor-server-host-common-jvm-2.3.7.jar with IdentityTransform
Transforming jetified-ktor-server-host-common-jvm-2.3.7.jar with IdentityTransform
Transforming jetified-ktor-server-host-common-jvm-2.3.7.jar with CopyTransform
Transforming jetified-ktor-server-core-jvm-2.3.7.jar with JetifyTransform
Transforming jetified-ktor-server-core-jvm-2.3.7.jar with IdentityTransform
Transforming jetified-ktor-server-core-jvm-2.3.7.jar with IdentityTransform
Transforming jetified-ktor-server-core-jvm-2.3.7.jar with CopyTransform
Transforming jetified-ktor-serialization-gson-jvm-2.3.7.jar with JetifyTransform
Transforming jetified-ktor-serialization-gson-jvm-2.3.7.jar with IdentityTransform
Transforming jetified-ktor-serialization-gson-jvm-2.3.7.jar with IdentityTransform
Transforming jetified-ktor-serialization-gson-jvm-2.3.7.jar with CopyTransform
Transforming jetified-ktor-serialization-jvm-2.3.7.jar with JetifyTransform
Transforming jetified-ktor-serialization-jvm-2.3.7.jar with IdentityTransform
Transforming jetified-ktor-serialization-jvm-2.3.7.jar with IdentityTransform
Transforming jetified-ktor-serialization-jvm-2.3.7.jar with CopyTransform
Transforming jetified-ktor-events-jvm-2.3.7.jar with JetifyTransform
Transforming jetified-ktor-events-jvm-2.3.7.jar with IdentityTransform
Transforming jetified-ktor-events-jvm-2.3.7.jar with IdentityTransform
Transforming jetified-ktor-events-jvm-2.3.7.jar with CopyTransform
Transforming jetified-ktor-http-cio-jvm-2.3.7.jar with JetifyTransform
Transforming jetified-ktor-http-cio-jvm-2.3.7.jar with IdentityTransform
Transforming jetified-ktor-http-cio-jvm-2.3.7.jar with IdentityTransform
Transforming jetified-ktor-http-cio-jvm-2.3.7.jar with CopyTransform
Transforming jetified-ktor-websockets-jvm-2.3.7.jar with JetifyTransform
Transforming jetified-ktor-websockets-jvm-2.3.7.jar with IdentityTransform
Transforming jetified-ktor-websockets-jvm-2.3.7.jar with IdentityTransform
Transforming jetified-ktor-websockets-jvm-2.3.7.jar with CopyTransform
Transforming jetified-ktor-http-jvm-2.3.7.jar with JetifyTransform
Transforming jetified-ktor-http-jvm-2.3.7.jar with IdentityTransform
Transforming jetified-ktor-http-jvm-2.3.7.jar with IdentityTransform
Transforming jetified-ktor-http-jvm-2.3.7.jar with CopyTransform
Transforming jetified-ktor-network-jvm-2.3.7.jar with JetifyTransform
Transforming jetified-ktor-network-jvm-2.3.7.jar with IdentityTransform
Transforming jetified-ktor-network-jvm-2.3.7.jar with IdentityTransform
Transforming jetified-ktor-network-jvm-2.3.7.jar with CopyTransform
Transforming jetified-ktor-utils-jvm-2.3.7.jar with JetifyTransform
Transforming jetified-ktor-utils-jvm-2.3.7.jar with IdentityTransform
Transforming jetified-ktor-utils-jvm-2.3.7.jar with IdentityTransform
Transforming jetified-ktor-utils-jvm-2.3.7.jar with CopyTransform
Transforming jetified-ktor-io-jvm-2.3.7.jar with JetifyTransform
Transforming jetified-ktor-io-jvm-2.3.7.jar with IdentityTransform
Transforming jetified-ktor-io-jvm-2.3.7.jar with IdentityTransform
Transforming jetified-ktor-io-jvm-2.3.7.jar with CopyTransform
Transforming jetified-kotlinx-coroutines-jdk8-1.9.0.jar with JetifyTransform
Transforming jetified-kotlinx-coroutines-jdk8-1.9.0.jar with IdentityTransform
Transforming jetified-kotlinx-coroutines-jdk8-1.9.0.jar with IdentityTransform
Transforming jetified-kotlinx-coroutines-jdk8-1.9.0.jar with CopyTransform
Transforming jetified-ads-adservices-java-1.0.0-beta05-api.jar with JetifyTransform
Transforming jetified-ads-adservices-java-1.0.0-beta05-api.jar with IdentityTransform
Transforming jetified-ads-adservices-java-1.0.0-beta05-api.jar with IdentityTransform
Transforming jetified-ads-adservices-java-1.0.0-beta05-api.jar with CopyTransform
Transforming jetified-ads-adservices-1.0.0-beta05-api.jar with JetifyTransform
Transforming jetified-ads-adservices-1.0.0-beta05-api.jar with IdentityTransform
Transforming jetified-ads-adservices-1.0.0-beta05-api.jar with IdentityTransform
Transforming jetified-ads-adservices-1.0.0-beta05-api.jar with CopyTransform
Transforming jetified-kotlinx-coroutines-core-jvm-1.9.0.jar with JetifyTransform
Transforming jetified-kotlinx-coroutines-core-jvm-1.9.0.jar with IdentityTransform
Transforming jetified-kotlinx-coroutines-core-jvm-1.9.0.jar with IdentityTransform
Transforming jetified-kotlinx-coroutines-core-jvm-1.9.0.jar with CopyTransform
Transforming jetified-kotlinx-coroutines-play-services-1.9.0.jar with JetifyTransform
Transforming jetified-kotlinx-coroutines-play-services-1.9.0.jar with IdentityTransform
Transforming jetified-kotlinx-coroutines-play-services-1.9.0.jar with IdentityTransform
Transforming jetified-kotlinx-coroutines-play-services-1.9.0.jar with CopyTransform
Transforming jetified-firebase-installations-interop-17.1.1-api.jar with JetifyTransform
Transforming jetified-firebase-installations-interop-17.1.1-api.jar with IdentityTransform
Transforming jetified-firebase-installations-interop-17.1.1-api.jar with IdentityTransform
Transforming jetified-firebase-installations-interop-17.1.1-api.jar with CopyTransform
Transforming jetified-play-services-tasks-18.2.0-api.jar with JetifyTransform
Transforming jetified-play-services-tasks-18.2.0-api.jar with IdentityTransform
Transforming jetified-play-services-tasks-18.2.0-api.jar with IdentityTransform
Transforming jetified-play-services-tasks-18.2.0-api.jar with CopyTransform
Transforming jetified-play-services-ads-identifier-18.0.0-api.jar with JetifyTransform
Transforming jetified-play-services-ads-identifier-18.0.0-api.jar with IdentityTransform
Transforming jetified-play-services-ads-identifier-18.0.0-api.jar with IdentityTransform
Transforming jetified-play-services-ads-identifier-18.0.0-api.jar with CopyTransform
Transforming jetified-play-services-measurement-sdk-api-22.0.2-api.jar with JetifyTransform
Transforming jetified-play-services-measurement-sdk-api-22.0.2-api.jar with IdentityTransform
Transforming jetified-play-services-measurement-sdk-api-22.0.2-api.jar with IdentityTransform
Transforming jetified-play-services-measurement-sdk-api-22.0.2-api.jar with CopyTransform
Transforming jetified-play-services-measurement-base-22.0.2-api.jar with JetifyTransform
Transforming jetified-play-services-measurement-base-22.0.2-api.jar with IdentityTransform
Transforming jetified-play-services-measurement-base-22.0.2-api.jar with IdentityTransform
Transforming jetified-play-services-measurement-base-22.0.2-api.jar with CopyTransform
Transforming jetified-firebase-measurement-connector-19.0.0-api.jar with JetifyTransform
Transforming jetified-firebase-measurement-connector-19.0.0-api.jar with IdentityTransform
Transforming jetified-firebase-measurement-connector-19.0.0-api.jar with IdentityTransform
Transforming jetified-firebase-measurement-connector-19.0.0-api.jar with CopyTransform
Transforming jetified-play-services-basement-18.4.0-api.jar with JetifyTransform
Transforming jetified-play-services-basement-18.4.0-api.jar with IdentityTransform
Transforming jetified-play-services-basement-18.4.0-api.jar with IdentityTransform
Transforming jetified-play-services-basement-18.4.0-api.jar with CopyTransform
Transforming fragment-1.8.5-api.jar with JetifyTransform
Transforming fragment-1.8.5-api.jar with IdentityTransform
Transforming fragment-1.8.5-api.jar with IdentityTransform
Transforming fragment-1.8.5-api.jar with CopyTransform
Transforming jetified-fragment-ktx-1.8.5-api.jar with JetifyTransform
Transforming jetified-fragment-ktx-1.8.5-api.jar with IdentityTransform
Transforming jetified-fragment-ktx-1.8.5-api.jar with IdentityTransform
Transforming jetified-fragment-ktx-1.8.5-api.jar with CopyTransform
Transforming jetified-activity-ktx-1.9.3-api.jar with JetifyTransform
Transforming jetified-activity-ktx-1.9.3-api.jar with IdentityTransform
Transforming jetified-activity-ktx-1.9.3-api.jar with IdentityTransform
Transforming jetified-activity-ktx-1.9.3-api.jar with CopyTransform
Transforming jetified-core-ktx-1.13.1-api.jar with JetifyTransform
Transforming jetified-core-ktx-1.13.1-api.jar with IdentityTransform
Transforming jetified-core-ktx-1.13.1-api.jar with IdentityTransform
Transforming jetified-core-ktx-1.13.1-api.jar with CopyTransform
Transforming jetified-flexbox-3.0.0-api.jar with JetifyTransform
Transforming jetified-flexbox-3.0.0-api.jar with IdentityTransform
Transforming jetified-flexbox-3.0.0-api.jar with IdentityTransform
Transforming jetified-flexbox-3.0.0-api.jar with CopyTransform
Transforming jetified-kotlin-android-extensions-runtime-1.9.25.jar with JetifyTransform
Transforming jetified-kotlin-android-extensions-runtime-1.9.25.jar with IdentityTransform
Transforming jetified-kotlin-android-extensions-runtime-1.9.25.jar with IdentityTransform
Transforming jetified-kotlin-android-extensions-runtime-1.9.25.jar with CopyTransform
Transforming jetified-savedstate-ktx-1.2.1-api.jar with JetifyTransform
Transforming jetified-savedstate-ktx-1.2.1-api.jar with IdentityTransform
Transforming jetified-savedstate-ktx-1.2.1-api.jar with IdentityTransform
Transforming jetified-savedstate-ktx-1.2.1-api.jar with CopyTransform
Transforming jetified-savedstate-1.2.1-api.jar with JetifyTransform
Transforming jetified-savedstate-1.2.1-api.jar with IdentityTransform
Transforming jetified-savedstate-1.2.1-api.jar with IdentityTransform
Transforming jetified-savedstate-1.2.1-api.jar with CopyTransform
Transforming jetified-media3-ffmpeg-decoder-1.5.0+1-api.jar with JetifyTransform
Transforming jetified-media3-ffmpeg-decoder-1.5.0+1-api.jar with IdentityTransform
Transforming jetified-media3-ffmpeg-decoder-1.5.0+1-api.jar with IdentityTransform
Transforming jetified-media3-ffmpeg-decoder-1.5.0+1-api.jar with CopyTransform
Transforming jetified-media3-exoplayer-1.5.0-api.jar with JetifyTransform
Transforming jetified-media3-exoplayer-1.5.0-api.jar with IdentityTransform
Transforming jetified-media3-exoplayer-1.5.0-api.jar with IdentityTransform
Transforming jetified-media3-exoplayer-1.5.0-api.jar with CopyTransform
Transforming jetified-media3-container-1.5.0-api.jar with JetifyTransform
Transforming jetified-media3-container-1.5.0-api.jar with IdentityTransform
Transforming jetified-media3-container-1.5.0-api.jar with IdentityTransform
Transforming jetified-media3-container-1.5.0-api.jar with CopyTransform
Transforming jetified-media3-common-1.5.0-api.jar with JetifyTransform
Transforming jetified-media3-common-1.5.0-api.jar with IdentityTransform
Transforming jetified-media3-common-1.5.0-api.jar with IdentityTransform
Transforming jetified-media3-common-1.5.0-api.jar with CopyTransform
Transforming jetified-annotation-experimental-1.4.1-api.jar with JetifyTransform
Transforming jetified-annotation-experimental-1.4.1-api.jar with IdentityTransform
Transforming jetified-annotation-experimental-1.4.1-api.jar with IdentityTransform
Transforming jetified-annotation-experimental-1.4.1-api.jar with CopyTransform
Transforming jetified-logging-interceptor-4.12.0.jar with JetifyTransform
Transforming jetified-logging-interceptor-4.12.0.jar with IdentityTransform
Transforming jetified-logging-interceptor-4.12.0.jar with IdentityTransform
Transforming jetified-logging-interceptor-4.12.0.jar with CopyTransform
Transforming jetified-converter-gson-2.9.0.jar with JetifyTransform
Transforming jetified-converter-gson-2.9.0.jar with IdentityTransform
Transforming jetified-converter-gson-2.9.0.jar with IdentityTransform
Transforming jetified-converter-gson-2.9.0.jar with CopyTransform
Transforming jetified-converter-scalars-2.9.0.jar with JetifyTransform
Transforming jetified-converter-scalars-2.9.0.jar with IdentityTransform
Transforming jetified-converter-scalars-2.9.0.jar with IdentityTransform
Transforming jetified-converter-scalars-2.9.0.jar with CopyTransform
Transforming jetified-retrofit-2.9.0.jar with JetifyTransform
Transforming jetified-retrofit-2.9.0.jar with IdentityTransform
Transforming jetified-retrofit-2.9.0.jar with IdentityTransform
Transforming jetified-retrofit-2.9.0.jar with CopyTransform
Transforming jetified-media3-datasource-okhttp-1.5.0-api.jar with JetifyTransform
Transforming jetified-media3-datasource-okhttp-1.5.0-api.jar with IdentityTransform
Transforming jetified-media3-datasource-okhttp-1.5.0-api.jar with IdentityTransform
Transforming jetified-media3-datasource-okhttp-1.5.0-api.jar with CopyTransform
Transforming jetified-okhttp-4.12.0.jar with JetifyTransform
Transforming jetified-okhttp-4.12.0.jar with IdentityTransform
Transforming jetified-okhttp-4.12.0.jar with IdentityTransform
Transforming jetified-okhttp-4.12.0.jar with CopyTransform
Transforming jetified-kotlin-stdlib-jdk8-1.9.0.jar with JetifyTransform
Transforming jetified-kotlin-stdlib-jdk8-1.9.0.jar with IdentityTransform
Transforming jetified-kotlin-stdlib-jdk8-1.9.0.jar with IdentityTransform
Transforming jetified-kotlin-stdlib-jdk8-1.9.0.jar with CopyTransform
Transforming jetified-security-crypto-1.1.0-alpha06-api.jar with JetifyTransform
Transforming jetified-security-crypto-1.1.0-alpha06-api.jar with IdentityTransform
Transforming jetified-security-crypto-1.1.0-alpha06-api.jar with IdentityTransform
Transforming jetified-security-crypto-1.1.0-alpha06-api.jar with CopyTransform
Transforming cursoradapter-1.0.0-api.jar with JetifyTransform
Transforming cursoradapter-1.0.0-api.jar with IdentityTransform
Transforming cursoradapter-1.0.0-api.jar with IdentityTransform
Transforming cursoradapter-1.0.0-api.jar with CopyTransform
Transforming cardview-1.0.0-api.jar with JetifyTransform
Transforming cardview-1.0.0-api.jar with IdentityTransform
Transforming cardview-1.0.0-api.jar with IdentityTransform
Transforming cardview-1.0.0-api.jar with CopyTransform
Transforming sqlite-framework-2.4.0-api.jar with JetifyTransform
Transforming sqlite-framework-2.4.0-api.jar with IdentityTransform
Transforming sqlite-framework-2.4.0-api.jar with IdentityTransform
Transforming sqlite-framework-2.4.0-api.jar with CopyTransform
Transforming sqlite-2.4.0-api.jar with JetifyTransform
Transforming sqlite-2.4.0-api.jar with IdentityTransform
Transforming sqlite-2.4.0-api.jar with IdentityTransform
Transforming sqlite-2.4.0-api.jar with CopyTransform
Transforming jetified-gifdecoder-4.16.0-api.jar with JetifyTransform
Transforming jetified-gifdecoder-4.16.0-api.jar with IdentityTransform
Transforming jetified-gifdecoder-4.16.0-api.jar with IdentityTransform
Transforming jetified-gifdecoder-4.16.0-api.jar with CopyTransform
Transforming versionedparcelable-1.1.1-api.jar with JetifyTransform
Transforming versionedparcelable-1.1.1-api.jar with IdentityTransform
Transforming versionedparcelable-1.1.1-api.jar with IdentityTransform
Transforming versionedparcelable-1.1.1-api.jar with CopyTransform
Transforming core-runtime-2.2.0-api.jar with JetifyTransform
Transforming core-runtime-2.2.0-api.jar with IdentityTransform
Transforming core-runtime-2.2.0-api.jar with IdentityTransform
Transforming core-runtime-2.2.0-api.jar with CopyTransform
Transforming interpolator-1.0.0-api.jar with JetifyTransform
Transforming interpolator-1.0.0-api.jar with IdentityTransform
Transforming interpolator-1.0.0-api.jar with IdentityTransform
Transforming interpolator-1.0.0-api.jar with CopyTransform
Transforming jetified-collection-ktx-1.4.0.jar with JetifyTransform
Transforming jetified-collection-ktx-1.4.0.jar with IdentityTransform
Transforming jetified-collection-ktx-1.4.0.jar with IdentityTransform
Transforming jetified-collection-ktx-1.4.0.jar with CopyTransform
Transforming jetified-collection-jvm-1.4.0.jar with JetifyTransform
Transforming jetified-collection-jvm-1.4.0.jar with IdentityTransform
Transforming jetified-collection-jvm-1.4.0.jar with IdentityTransform
Transforming jetified-collection-jvm-1.4.0.jar with CopyTransform
Transforming documentfile-1.0.0-api.jar with JetifyTransform
Transforming documentfile-1.0.0-api.jar with IdentityTransform
Transforming documentfile-1.0.0-api.jar with IdentityTransform
Transforming documentfile-1.0.0-api.jar with CopyTransform
Transforming localbroadcastmanager-1.0.0-api.jar with JetifyTransform
Transforming localbroadcastmanager-1.0.0-api.jar with IdentityTransform
Transforming localbroadcastmanager-1.0.0-api.jar with IdentityTransform
Transforming localbroadcastmanager-1.0.0-api.jar with CopyTransform
Transforming print-1.0.0-api.jar with JetifyTransform
Transforming print-1.0.0-api.jar with IdentityTransform
Transforming print-1.0.0-api.jar with IdentityTransform
Transforming print-1.0.0-api.jar with CopyTransform
Transforming core-common-2.2.0.jar with JetifyTransform
Transforming core-common-2.2.0.jar with IdentityTransform
Transforming core-common-2.2.0.jar with IdentityTransform
Transforming core-common-2.2.0.jar with CopyTransform
Transforming jetified-annotation-jvm-1.8.1.jar with JetifyTransform
Transforming jetified-annotation-jvm-1.8.1.jar with IdentityTransform
Transforming jetified-annotation-jvm-1.8.1.jar with IdentityTransform
Transforming jetified-annotation-jvm-1.8.1.jar with CopyTransform
Transforming jetified-kotlin-stdlib-jdk7-1.9.0.jar with JetifyTransform
Transforming jetified-kotlin-stdlib-jdk7-1.9.0.jar with IdentityTransform
Transforming jetified-kotlin-stdlib-jdk7-1.9.0.jar with IdentityTransform
Transforming jetified-kotlin-stdlib-jdk7-1.9.0.jar with CopyTransform
Transforming jetified-kotlin-reflect-1.8.22.jar with JetifyTransform
Transforming jetified-kotlin-reflect-1.8.22.jar with IdentityTransform
Transforming jetified-kotlin-reflect-1.8.22.jar with IdentityTransform
Transforming jetified-kotlin-reflect-1.8.22.jar with CopyTransform
Transforming jetified-okio-jvm-3.8.0.jar with JetifyTransform
Transforming jetified-okio-jvm-3.8.0.jar with IdentityTransform
Transforming jetified-okio-jvm-3.8.0.jar with IdentityTransform
Transforming jetified-okio-jvm-3.8.0.jar with CopyTransform
Transforming jetified-kotlin-stdlib-2.0.0.jar with JetifyTransform
Transforming jetified-kotlin-stdlib-2.0.0.jar with IdentityTransform
Transforming jetified-kotlin-stdlib-2.0.0.jar with IdentityTransform
Transforming jetified-kotlin-stdlib-2.0.0.jar with CopyTransform
Transforming multidex-2.0.1-api.jar with JetifyTransform
Transforming multidex-2.0.1-api.jar with IdentityTransform
Transforming multidex-2.0.1-api.jar with IdentityTransform
Transforming multidex-2.0.1-api.jar with CopyTransform
Transforming constraintlayout-2.1.4-api.jar with JetifyTransform
Transforming constraintlayout-2.1.4-api.jar with IdentityTransform
Transforming constraintlayout-2.1.4-api.jar with IdentityTransform
Transforming constraintlayout-2.1.4-api.jar with CopyTransform
Transforming jetified-gson-2.10.1.jar with JetifyTransform
Transforming jetified-gson-2.10.1.jar with IdentityTransform
Transforming jetified-gson-2.10.1.jar with IdentityTransform
Transforming jetified-gson-2.10.1.jar with CopyTransform
Transforming jetified-media3-exoplayer-hls-1.5.0-api.jar with JetifyTransform
Transforming jetified-media3-exoplayer-hls-1.5.0-api.jar with IdentityTransform
Transforming jetified-media3-exoplayer-hls-1.5.0-api.jar with IdentityTransform
Transforming jetified-media3-exoplayer-hls-1.5.0-api.jar with CopyTransform
Transforming jetified-media3-ui-1.5.0-api.jar with JetifyTransform
Transforming jetified-media3-ui-1.5.0-api.jar with IdentityTransform
Transforming jetified-media3-ui-1.5.0-api.jar with IdentityTransform
Transforming jetified-media3-ui-1.5.0-api.jar with CopyTransform
Transforming jetified-media3-extractor-1.5.0-api.jar with JetifyTransform
Transforming jetified-media3-extractor-1.5.0-api.jar with IdentityTransform
Transforming jetified-media3-extractor-1.5.0-api.jar with IdentityTransform
Transforming jetified-media3-extractor-1.5.0-api.jar with CopyTransform
Transforming jetified-zxing-android-embedded-4.3.0-api.jar with JetifyTransform
Transforming jetified-zxing-android-embedded-4.3.0-api.jar with IdentityTransform
Transforming jetified-zxing-android-embedded-4.3.0-api.jar with IdentityTransform
Transforming jetified-zxing-android-embedded-4.3.0-api.jar with CopyTransform
Transforming jetified-core-3.5.2.jar with JetifyTransform
Transforming jetified-core-3.5.2.jar with IdentityTransform
Transforming jetified-core-3.5.2.jar with IdentityTransform
Transforming jetified-core-3.5.2.jar with CopyTransform
Transforming jetified-annotations-23.0.0.jar with JetifyTransform
Transforming jetified-annotations-23.0.0.jar with IdentityTransform
Transforming jetified-annotations-23.0.0.jar with IdentityTransform
Transforming jetified-annotations-23.0.0.jar with CopyTransform
Transforming jetified-guava-33.3.1-android.jar with JetifyTransform
Transforming jetified-guava-33.3.1-android.jar with IdentityTransform
Transforming jetified-guava-33.3.1-android.jar with IdentityTransform
Transforming jetified-guava-33.3.1-android.jar with CopyTransform
Transforming jetified-listenablefuture-9999.0-empty-to-avoid-conflict-with-guava.jar with JetifyTransform
Transforming jetified-listenablefuture-9999.0-empty-to-avoid-conflict-with-guava.jar with IdentityTransform
Transforming jetified-listenablefuture-9999.0-empty-to-avoid-conflict-with-guava.jar with IdentityTransform
Transforming jetified-listenablefuture-9999.0-empty-to-avoid-conflict-with-guava.jar with CopyTransform
Transforming jetified-startup-runtime-1.1.1-api.jar with JetifyTransform
Transforming jetified-startup-runtime-1.1.1-api.jar with IdentityTransform
Transforming jetified-startup-runtime-1.1.1-api.jar with IdentityTransform
Transforming jetified-startup-runtime-1.1.1-api.jar with CopyTransform
Transforming jetified-tracing-1.0.0-api.jar with JetifyTransform
Transforming jetified-tracing-1.0.0-api.jar with IdentityTransform
Transforming jetified-tracing-1.0.0-api.jar with IdentityTransform
Transforming jetified-tracing-1.0.0-api.jar with CopyTransform
Transforming jetified-resourceinspection-annotation-1.0.1.jar with JetifyTransform
Transforming jetified-resourceinspection-annotation-1.0.1.jar with IdentityTransform
Transforming jetified-resourceinspection-annotation-1.0.1.jar with IdentityTransform
Transforming jetified-resourceinspection-annotation-1.0.1.jar with CopyTransform
Transforming jetified-error_prone_annotations-2.28.0.jar with JetifyTransform
Transforming jetified-error_prone_annotations-2.28.0.jar with IdentityTransform
Transforming jetified-error_prone_annotations-2.28.0.jar with IdentityTransform
Transforming jetified-error_prone_annotations-2.28.0.jar with CopyTransform
Transforming exifinterface-1.3.7-api.jar with JetifyTransform
Transforming exifinterface-1.3.7-api.jar with IdentityTransform
Transforming exifinterface-1.3.7-api.jar with IdentityTransform
Transforming exifinterface-1.3.7-api.jar with CopyTransform
Transforming jetified-failureaccess-1.0.2.jar with JetifyTransform
Transforming jetified-failureaccess-1.0.2.jar with IdentityTransform
Transforming jetified-failureaccess-1.0.2.jar with IdentityTransform
Transforming jetified-failureaccess-1.0.2.jar with CopyTransform
Transforming jetified-hilt-core-2.51.1.jar with JetifyTransform
Transforming jetified-hilt-core-2.51.1.jar with IdentityTransform
Transforming jetified-hilt-core-2.51.1.jar with IdentityTransform
Transforming jetified-hilt-core-2.51.1.jar with CopyTransform
Transforming jetified-jsr305-3.0.2.jar with JetifyTransform
Transforming jetified-jsr305-3.0.2.jar with IdentityTransform
Transforming jetified-jsr305-3.0.2.jar with IdentityTransform
Transforming jetified-jsr305-3.0.2.jar with CopyTransform
Transforming jetified-checker-qual-3.43.0.jar with JetifyTransform
Transforming jetified-checker-qual-3.43.0.jar with IdentityTransform
Transforming jetified-checker-qual-3.43.0.jar with IdentityTransform
Transforming jetified-checker-qual-3.43.0.jar with CopyTransform
Transforming jetified-j2objc-annotations-3.0.0.jar with JetifyTransform
Transforming jetified-j2objc-annotations-3.0.0.jar with IdentityTransform
Transforming jetified-j2objc-annotations-3.0.0.jar with IdentityTransform
Transforming jetified-j2objc-annotations-3.0.0.jar with CopyTransform
Transforming jetified-media3-database-1.5.0-api.jar with JetifyTransform
Transforming jetified-media3-database-1.5.0-api.jar with IdentityTransform
Transforming jetified-media3-database-1.5.0-api.jar with IdentityTransform
Transforming jetified-media3-database-1.5.0-api.jar with CopyTransform
Transforming jetified-media3-datasource-1.5.0-api.jar with JetifyTransform
Transforming jetified-media3-datasource-1.5.0-api.jar with IdentityTransform
Transforming jetified-media3-datasource-1.5.0-api.jar with IdentityTransform
Transforming jetified-media3-datasource-1.5.0-api.jar with CopyTransform
Transforming jetified-media3-decoder-1.5.0-api.jar with JetifyTransform
Transforming jetified-media3-decoder-1.5.0-api.jar with IdentityTransform
Transforming jetified-media3-decoder-1.5.0-api.jar with IdentityTransform
Transforming jetified-media3-decoder-1.5.0-api.jar with CopyTransform
Transforming jetified-disklrucache-4.16.0.jar with JetifyTransform
Transforming jetified-disklrucache-4.16.0.jar with IdentityTransform
Transforming jetified-disklrucache-4.16.0.jar with IdentityTransform
Transforming jetified-disklrucache-4.16.0.jar with CopyTransform
Transforming jetified-annotations-4.16.0.jar with JetifyTransform
Transforming jetified-annotations-4.16.0.jar with IdentityTransform
Transforming jetified-annotations-4.16.0.jar with IdentityTransform
Transforming jetified-annotations-4.16.0.jar with CopyTransform
Transforming jetified-dagger-2.51.1.jar with JetifyTransform
Transforming jetified-dagger-2.51.1.jar with IdentityTransform
Transforming jetified-dagger-2.51.1.jar with IdentityTransform
Transforming jetified-dagger-2.51.1.jar with CopyTransform
Transforming jetified-firebase-components-18.0.0-api.jar with JetifyTransform
Transforming jetified-firebase-components-18.0.0-api.jar with IdentityTransform
Transforming jetified-firebase-components-18.0.0-api.jar with IdentityTransform
Transforming jetified-firebase-components-18.0.0-api.jar with CopyTransform
Transforming jetified-firebase-annotations-16.2.0.jar with JetifyTransform
Transforming jetified-firebase-annotations-16.2.0.jar with IdentityTransform
Transforming jetified-firebase-annotations-16.2.0.jar with IdentityTransform
Transforming jetified-firebase-annotations-16.2.0.jar with CopyTransform
Transforming jetified-javax.inject-1.jar with JetifyTransform
Transforming jetified-javax.inject-1.jar with IdentityTransform
Transforming jetified-javax.inject-1.jar with IdentityTransform
Transforming jetified-javax.inject-1.jar with CopyTransform
Transforming jetified-dagger-lint-aar-2.51.1-api.jar with JetifyTransform
Transforming jetified-dagger-lint-aar-2.51.1-api.jar with IdentityTransform
Transforming jetified-dagger-lint-aar-2.51.1-api.jar with IdentityTransform
Transforming jetified-dagger-lint-aar-2.51.1-api.jar with CopyTransform
Transforming jetified-hilt-common-1.2.0.jar with JetifyTransform
Transforming jetified-hilt-common-1.2.0.jar with IdentityTransform
Transforming jetified-hilt-common-1.2.0.jar with IdentityTransform
Transforming jetified-hilt-common-1.2.0.jar with CopyTransform
Transforming jetified-protolite-well-known-types-18.0.0-api.jar with JetifyTransform
Transforming jetified-protolite-well-known-types-18.0.0-api.jar with IdentityTransform
Transforming jetified-protolite-well-known-types-18.0.0-api.jar with IdentityTransform
Transforming jetified-protolite-well-known-types-18.0.0-api.jar with CopyTransform
Transforming jetified-protobuf-javalite-3.22.3.jar with JetifyTransform
Transforming jetified-protobuf-javalite-3.22.3.jar with IdentityTransform
Transforming jetified-protobuf-javalite-3.22.3.jar with IdentityTransform
Transforming jetified-protobuf-javalite-3.22.3.jar with CopyTransform
Transforming jetified-slf4j-api-1.7.36.jar with JetifyTransform
Transforming jetified-slf4j-api-1.7.36.jar with IdentityTransform
Transforming jetified-slf4j-api-1.7.36.jar with IdentityTransform
Transforming jetified-slf4j-api-1.7.36.jar with CopyTransform
Transforming jetified-config-1.4.2.jar with JetifyTransform
Transforming jetified-config-1.4.2.jar with IdentityTransform
Transforming jetified-config-1.4.2.jar with IdentityTransform
Transforming jetified-config-1.4.2.jar with CopyTransform
Transforming debug with CopyTransform
Transforming debug with CopyTransform
Transforming classes with CopyTransform
Transforming core-for-system-modules.jar with JdkImageTransform
Transforming core-for-system-modules.jar with JdkImageTransform
Caching disabled for task ':app:hiltJavaCompileDebug' because:
  Build cache is disabled
Skipping task ':app:hiltJavaCompileDebug' as it is up-to-date.
No compile result for :app:hiltJavaCompileDebug
No compile result for :app:hiltJavaCompileDebug
Resolve mutations for :app:bundleDebugClassesToCompileJar (Thread[#64,included builds,5,main]) started.
:app:bundleDebugClassesToCompileJar (Thread[#64,included builds,5,main]) started.

> Task :app:bundleDebugClassesToCompileJar UP-TO-DATE
Caching disabled for task ':app:bundleDebugClassesToCompileJar' because:
  Build cache is disabled
  Caching has been disabled for the task
Skipping task ':app:bundleDebugClassesToCompileJar' as it is up-to-date.
work action resolve classes.jar (project :app) (Thread[#64,included builds,5,main]) started.
Resolve mutations for :app:kaptGenerateStubsDebugUnitTestKotlin (Thread[#64,included builds,5,main]) started.
:app:kaptGenerateStubsDebugUnitTestKotlin (Thread[#64,included builds,5,main]) started.

> Task :app:kaptGenerateStubsDebugUnitTestKotlin UP-TO-DATE
Registered task dependencies: app:debugUnitTestCompileClasspath
Skipping misunderstood TO dep string: androidx.compose.ui:ui-tooling
Skipping misunderstood TO dep string: androidx.compose.ui:ui-test-manifest
Skipping misunderstood TO dep string: project :app
Skipping misunderstood TO dep string: androidx.compose.ui:ui
Skipping misunderstood TO dep string: androidx.compose.ui:ui-graphics
Skipping misunderstood TO dep string: androidx.compose.ui:ui-tooling-preview
Skipping misunderstood TO dep string: androidx.compose.material3:material3
Skipping misunderstood TO dep string: com.google.firebase:firebase-firestore-ktx
Skipping misunderstood TO dep string: com.google.firebase:firebase-analytics-ktx
Starting dependency analysis
Transforming concurrent-futures-1.1.0.jar (androidx.concurrent:concurrent-futures:1.1.0) with JetifyTransform
Transforming concurrent-futures-1.1.0.jar (androidx.concurrent:concurrent-futures:1.1.0) with IdentityTransform
Transforming javax.annotation-api-1.3.2.jar (javax.annotation:javax.annotation-api:1.3.2) with JetifyTransform
Transforming asm-commons-9.6.jar (org.ow2.asm:asm-commons:9.6) with JetifyTransform
Transforming asm-util-9.6.jar (org.ow2.asm:asm-util:9.6) with JetifyTransform
Transforming core-1.5.0.aar (androidx.test:core:1.5.0) with JetifyTransform
Transforming asm-analysis-9.6.jar (org.ow2.asm:asm-analysis:9.6) with JetifyTransform
Transforming asm-tree-9.6.jar (org.ow2.asm:asm-tree:9.6) with JetifyTransform
Transforming asm-9.6.jar (org.ow2.asm:asm:9.6) with JetifyTransform
Transforming work-testing-2.9.1.aar (androidx.work:work-testing:2.9.1) with JetifyTransform
Transforming work-testing-2.9.1.aar (androidx.work:work-testing:2.9.1) with AarToClassTransform
Transforming core-1.5.0.aar (androidx.test:core:1.5.0) with AarToClassTransform
Transforming kotlinx-coroutines-test-jvm-1.9.0.jar (org.jetbrains.kotlinx:kotlinx-coroutines-test-jvm:1.9.0) with JetifyTransform
Transforming Turbine-jvm.jar (app.cash.turbine:turbine-jvm:1.0.0) with JetifyTransform
Transforming Turbine-jvm.jar (app.cash.turbine:turbine-jvm:1.0.0) with IdentityTransform
Transforming kotlinx-coroutines-test-jvm-1.9.0.jar (org.jetbrains.kotlinx:kotlinx-coroutines-test-jvm:1.9.0) with IdentityTransform
Transforming kotlin-test-1.9.0.jar (org.jetbrains.kotlin:kotlin-test:1.9.0) with JetifyTransform
Transforming kotlin-test-junit-1.9.0.jar (org.jetbrains.kotlin:kotlin-test-junit:1.9.0) with JetifyTransform
Transforming kotlin-test-junit-1.9.0.jar (org.jetbrains.kotlin:kotlin-test-junit:1.9.0) with IdentityTransform
Transforming kotlin-test-1.9.0.jar (org.jetbrains.kotlin:kotlin-test:1.9.0) with IdentityTransform
Transforming storage-1.4.2.aar (androidx.test.services:storage:1.4.2) with JetifyTransform
Transforming robolectric-4.11.1.jar (org.robolectric:robolectric:4.11.1) with JetifyTransform
Transforming robolectric-4.11.1.jar (org.robolectric:robolectric:4.11.1) with IdentityTransform
Transforming storage-1.4.2.aar (androidx.test.services:storage:1.4.2) with AarToClassTransform
Transforming shadows-framework-4.11.1.jar (org.robolectric:shadows-framework:4.11.1) with JetifyTransform
Transforming monitor-1.6.1.aar (androidx.test:monitor:1.6.1) with JetifyTransform
Transforming monitor-1.6.1.aar (androidx.test:monitor:1.6.1) with AarToClassTransform
Transforming shadows-framework-4.11.1.jar (org.robolectric:shadows-framework:4.11.1) with IdentityTransform
Transforming monitor-1.6.1.aar (androidx.test:monitor:1.6.1) with JetifyTransform
Transforming monitor-1.6.1.aar (androidx.test:monitor:1.6.1) with AarToClassTransform
Transforming annotation-1.0.1.aar (androidx.test:annotation:1.0.1) with JetifyTransform
Transforming mockk-jvm-1.13.8.jar (io.mockk:mockk-jvm:1.13.8) with JetifyTransform
Transforming annotation-1.0.1.aar (androidx.test:annotation:1.0.1) with AarToClassTransform
Transforming mockk-jvm-1.13.8.jar (io.mockk:mockk-jvm:1.13.8) with IdentityTransform
Transforming mockk-dsl-jvm-1.13.8.jar (io.mockk:mockk-dsl-jvm:1.13.8) with JetifyTransform
Transforming mockk-agent-jvm-1.13.8.jar (io.mockk:mockk-agent-jvm:1.13.8) with JetifyTransform
Transforming mockk-dsl-jvm-1.13.8.jar (io.mockk:mockk-dsl-jvm:1.13.8) with IdentityTransform
Transforming mockk-agent-jvm-1.13.8.jar (io.mockk:mockk-agent-jvm:1.13.8) with IdentityTransform
Transforming mockk-core-jvm-1.13.8.jar (io.mockk:mockk-core-jvm:1.13.8) with JetifyTransform
Transforming mockk-agent-api-jvm-1.13.8.jar (io.mockk:mockk-agent-api-jvm:1.13.8) with JetifyTransform
Transforming mockk-core-jvm-1.13.8.jar (io.mockk:mockk-core-jvm:1.13.8) with IdentityTransform
Transforming mockk-agent-api-jvm-1.13.8.jar (io.mockk:mockk-agent-api-jvm:1.13.8) with IdentityTransform
Transforming kotlin-stdlib-jdk8-1.9.10.jar (org.jetbrains.kotlin:kotlin-stdlib-jdk8:1.9.10) with JetifyTransform
Transforming core-testing-2.2.0.aar (androidx.arch.core:core-testing:2.2.0) with JetifyTransform
Transforming core-testing-2.2.0.aar (androidx.arch.core:core-testing:2.2.0) with AarToClassTransform
Transforming kotlin-stdlib-jdk8-1.9.10.jar (org.jetbrains.kotlin:kotlin-stdlib-jdk8:1.9.10) with IdentityTransform
Transforming kotlin-stdlib-jdk7-1.9.10.jar (org.jetbrains.kotlin:kotlin-stdlib-jdk7:1.9.10) with JetifyTransform
Transforming kotlin-reflect-1.9.10.jar (org.jetbrains.kotlin:kotlin-reflect:1.9.10) with JetifyTransform
Transforming kotlin-reflect-1.9.10.jar (org.jetbrains.kotlin:kotlin-reflect:1.9.10) with IdentityTransform
Transforming kotlin-stdlib-jdk7-1.9.10.jar (org.jetbrains.kotlin:kotlin-stdlib-jdk7:1.9.10) with IdentityTransform
Transforming junit-4.13.2.jar (junit:junit:4.13.2) with JetifyTransform
Transforming hamcrest-core-1.3.jar (org.hamcrest:hamcrest-core:1.3) with JetifyTransform
Transforming junit-4.13.2.jar (junit:junit:4.13.2) with IdentityTransform
Transforming hamcrest-core-1.3.jar (org.hamcrest:hamcrest-core:1.3) with IdentityTransform
Transforming resources-4.11.1.jar (org.robolectric:resources:4.11.1) with JetifyTransform
Transforming junit-4.11.1.jar (org.robolectric:junit:4.11.1) with JetifyTransform
Transforming resources-4.11.1.jar (org.robolectric:resources:4.11.1) with IdentityTransform
Transforming junit-4.11.1.jar (org.robolectric:junit:4.11.1) with IdentityTransform
Transforming sandbox-4.11.1.jar (org.robolectric:sandbox:4.11.1) with JetifyTransform
Transforming nativeruntime-4.11.1.jar (org.robolectric:nativeruntime:4.11.1) with JetifyTransform
Transforming sandbox-4.11.1.jar (org.robolectric:sandbox:4.11.1) with IdentityTransform
Transforming nativeruntime-4.11.1.jar (org.robolectric:nativeruntime:4.11.1) with IdentityTransform
Transforming plugins-maven-dependency-resolver-4.11.1.jar (org.robolectric:plugins-maven-dependency-resolver:4.11.1) with JetifyTransform
Transforming utils-reflector-4.11.1.jar (org.robolectric:utils-reflector:4.11.1) with JetifyTransform
Transforming utils-reflector-4.11.1.jar (org.robolectric:utils-reflector:4.11.1) with IdentityTransform
Transforming plugins-maven-dependency-resolver-4.11.1.jar (org.robolectric:plugins-maven-dependency-resolver:4.11.1) with IdentityTransform
Transforming shadowapi-4.11.1.jar (org.robolectric:shadowapi:4.11.1) with JetifyTransform
Transforming shadows-versioning-4.11.1.jar (org.robolectric:shadows-versioning:4.11.1) with JetifyTransform
Transforming shadowapi-4.11.1.jar (org.robolectric:shadowapi:4.11.1) with IdentityTransform
Transforming shadows-versioning-4.11.1.jar (org.robolectric:shadows-versioning:4.11.1) with IdentityTransform
Transforming pluginapi-4.11.1.jar (org.robolectric:pluginapi:4.11.1) with JetifyTransform
Transforming utils-4.11.1.jar (org.robolectric:utils:4.11.1) with JetifyTransform
Transforming pluginapi-4.11.1.jar (org.robolectric:pluginapi:4.11.1) with IdentityTransform
Transforming utils-4.11.1.jar (org.robolectric:utils:4.11.1) with IdentityTransform
Transforming mockito-core-2.25.0.jar (org.mockito:mockito-core:2.25.0) with JetifyTransform
Transforming objenesis-3.3.jar (org.objenesis:objenesis:3.3) with JetifyTransform
Transforming mockito-core-2.25.0.jar (org.mockito:mockito-core:2.25.0) with IdentityTransform
Transforming objenesis-3.3.jar (org.objenesis:objenesis:3.3) with IdentityTransform
Transforming byte-buddy-1.14.6.jar (net.bytebuddy:byte-buddy:1.14.6) with JetifyTransform
Transforming byte-buddy-agent-1.14.6.jar (net.bytebuddy:byte-buddy-agent:1.14.6) with JetifyTransform
Transforming byte-buddy-1.14.6.jar (net.bytebuddy:byte-buddy:1.14.6) with IdentityTransform
Transforming byte-buddy-agent-1.14.6.jar (net.bytebuddy:byte-buddy-agent:1.14.6) with IdentityTransform
Transforming annotations-4.11.1.jar (org.robolectric:annotations:4.11.1) with JetifyTransform
Transforming javax.annotation-api-1.3.2.jar (javax.annotation:javax.annotation-api:1.3.2) with IdentityTransform
Transforming annotations-4.11.1.jar (org.robolectric:annotations:4.11.1) with IdentityTransform
Transforming asm-commons-9.6.jar (org.ow2.asm:asm-commons:9.6) with IdentityTransform
Transforming asm-util-9.6.jar (org.ow2.asm:asm-util:9.6) with IdentityTransform
Transforming asm-analysis-9.6.jar (org.ow2.asm:asm-analysis:9.6) with IdentityTransform
Transforming asm-tree-9.6.jar (org.ow2.asm:asm-tree:9.6) with IdentityTransform
Transforming auto-value-annotations-1.10.4.jar (com.google.auto.value:auto-value-annotations:1.10.4) with JetifyTransform
Transforming asm-9.6.jar (org.ow2.asm:asm:9.6) with IdentityTransform
Transforming auto-value-annotations-1.10.4.jar (com.google.auto.value:auto-value-annotations:1.10.4) with IdentityTransform
Transforming sqlite4java-1.0.392.jar (com.almworks.sqlite4java:sqlite4java:1.0.392) with JetifyTransform
Transforming icu4j-73.2.jar (com.ibm.icu:icu4j:73.2) with JetifyTransform
Transforming sqlite4java-1.0.392.jar (com.almworks.sqlite4java:sqlite4java:1.0.392) with IdentityTransform
Transforming icu4j-73.2.jar (com.ibm.icu:icu4j:73.2) with IdentityTransform
Transforming bcprov-jdk18on-1.76.jar (org.bouncycastle:bcprov-jdk18on:1.76) with JetifyTransform
Transforming bcprov-jdk18on-1.76.jar (org.bouncycastle:bcprov-jdk18on:1.76) with IdentityTransform
Transforming R.jar with ClasspathEntrySnapshotTransform
Transforming classes.jar with ClasspathEntrySnapshotTransform
Transforming jetified-viewbinding-8.7.1-api.jar with ClasspathEntrySnapshotTransform
Transforming jetified-kotlin-parcelize-runtime-1.9.25.jar with ClasspathEntrySnapshotTransform
Transforming jetified-preference-ktx-1.2.1-api.jar with ClasspathEntrySnapshotTransform
Transforming material-1.12.0-api.jar with ClasspathEntrySnapshotTransform
Transforming jetified-appcompat-resources-1.7.0-api.jar with ClasspathEntrySnapshotTransform
Transforming preference-1.2.1-api.jar with ClasspathEntrySnapshotTransform
Transforming appcompat-1.7.0-api.jar with ClasspathEntrySnapshotTransform
Transforming jetified-okhttp3-integration-4.16.0-api.jar with ClasspathEntrySnapshotTransform
Transforming jetified-glide-4.16.0-api.jar with ClasspathEntrySnapshotTransform
Transforming jetified-hilt-work-1.2.0-api.jar with ClasspathEntrySnapshotTransform
Transforming jetified-hilt-android-2.51.1-api.jar with ClasspathEntrySnapshotTransform
Transforming jetified-viewpager2-1.1.0-beta02-api.jar with ClasspathEntrySnapshotTransform
Transforming jetified-firebase-firestore-ktx-25.0.0-api.jar with ClasspathEntrySnapshotTransform
Transforming jetified-firebase-firestore-25.0.0-api.jar with ClasspathEntrySnapshotTransform
Transforming jetified-firebase-appcheck-interop-17.0.0-api.jar with ClasspathEntrySnapshotTransform
Transforming jetified-firebase-auth-interop-19.0.2-api.jar with ClasspathEntrySnapshotTransform
Transforming jetified-firebase-analytics-ktx-22.0.2-api.jar with ClasspathEntrySnapshotTransform
Transforming jetified-firebase-analytics-22.0.2-api.jar with ClasspathEntrySnapshotTransform
Transforming jetified-play-services-measurement-api-22.0.2-api.jar with ClasspathEntrySnapshotTransform
Transforming jetified-firebase-installations-18.0.0-api.jar with ClasspathEntrySnapshotTransform
Transforming jetified-firebase-common-ktx-21.0.0-api.jar with ClasspathEntrySnapshotTransform
Transforming jetified-firebase-common-21.0.0-api.jar with ClasspathEntrySnapshotTransform
Transforming room-common-2.6.1.jar with ClasspathEntrySnapshotTransform
Transforming jetified-room-ktx-2.6.1-api.jar with ClasspathEntrySnapshotTransform
Transforming room-runtime-2.6.1-api.jar with ClasspathEntrySnapshotTransform
Transforming jetified-room-paging-2.6.1-api.jar with ClasspathEntrySnapshotTransform
Transforming jetified-paging-common-release-api.jar with ClasspathEntrySnapshotTransform
Transforming jetified-paging-common-ktx-3.3.2.jar with ClasspathEntrySnapshotTransform
Transforming jetified-paging-runtime-ktx-3.3.2-api.jar with ClasspathEntrySnapshotTransform
Transforming paging-runtime-3.3.2-api.jar with ClasspathEntrySnapshotTransform
Transforming jetified-activity-compose-1.9.3-api.jar with ClasspathEntrySnapshotTransform
Transforming jetified-material3-release-api.jar with ClasspathEntrySnapshotTransform
Transforming jetified-ui-util-release-api.jar with ClasspathEntrySnapshotTransform
Transforming jetified-ui-unit-release-api.jar with ClasspathEntrySnapshotTransform
Transforming jetified-ui-text-release-api.jar with ClasspathEntrySnapshotTransform
Transforming jetified-coil-compose-2.6.0-api.jar with ClasspathEntrySnapshotTransform
Transforming jetified-coil-compose-base-2.6.0-api.jar with ClasspathEntrySnapshotTransform
Transforming jetified-foundation-layout-release-api.jar with ClasspathEntrySnapshotTransform
Transforming jetified-material-icons-core-release-api.jar with ClasspathEntrySnapshotTransform
Transforming jetified-material-ripple-release-api.jar with ClasspathEntrySnapshotTransform
Transforming jetified-foundation-release-api.jar with ClasspathEntrySnapshotTransform
Transforming jetified-animation-core-release-api.jar with ClasspathEntrySnapshotTransform
Transforming jetified-animation-release-api.jar with ClasspathEntrySnapshotTransform
Transforming jetified-ui-geometry-release-api.jar with ClasspathEntrySnapshotTransform
Transforming jetified-ui-tooling-data-release-api.jar with ClasspathEntrySnapshotTransform
Transforming jetified-ui-tooling-preview-release-api.jar with ClasspathEntrySnapshotTransform
Transforming jetified-ui-graphics-release-api.jar with ClasspathEntrySnapshotTransform
Transforming recyclerview-1.3.2-api.jar with ClasspathEntrySnapshotTransform
Transforming drawerlayout-1.1.1-api.jar with ClasspathEntrySnapshotTransform
Transforming coordinatorlayout-1.1.0-api.jar with ClasspathEntrySnapshotTransform
Transforming dynamicanimation-1.0.0-api.jar with ClasspathEntrySnapshotTransform
Transforming transition-1.5.0-api.jar with ClasspathEntrySnapshotTransform
Transforming vectordrawable-animated-1.1.0-api.jar with ClasspathEntrySnapshotTransform
Transforming vectordrawable-1.1.0-api.jar with ClasspathEntrySnapshotTransform
Transforming viewpager-1.0.0-api.jar with ClasspathEntrySnapshotTransform
Transforming slidingpanelayout-1.2.0-api.jar with ClasspathEntrySnapshotTransform
Transforming customview-1.1.0-api.jar with ClasspathEntrySnapshotTransform
Transforming jetified-play-services-measurement-22.0.2-api.jar with ClasspathEntrySnapshotTransform
Transforming jetified-play-services-measurement-sdk-22.0.2-api.jar with ClasspathEntrySnapshotTransform
Transforming jetified-play-services-measurement-impl-22.0.2-api.jar with ClasspathEntrySnapshotTransform
Transforming jetified-play-services-stats-17.0.2-api.jar with ClasspathEntrySnapshotTransform
Transforming legacy-support-core-utils-1.0.0-api.jar with ClasspathEntrySnapshotTransform
Transforming loader-1.0.0-api.jar with ClasspathEntrySnapshotTransform
Transforming jetified-firebase-database-collection-18.0.1-api.jar with ClasspathEntrySnapshotTransform
Transforming jetified-play-services-base-18.0.1-api.jar with ClasspathEntrySnapshotTransform
Transforming core-1.13.1-api.jar with ClasspathEntrySnapshotTransform
Transforming jetified-core-1.5.0-api.jar with ClasspathEntrySnapshotTransform
Transforming jetified-lifecycle-common-jvm-2.8.7.jar with ClasspathEntrySnapshotTransform
Transforming lifecycle-viewmodel-2.8.7-api.jar with ClasspathEntrySnapshotTransform
Transforming jetified-lifecycle-viewmodel-release-api.jar with ClasspathEntrySnapshotTransform
Transforming jetified-coil-2.6.0-api.jar with ClasspathEntrySnapshotTransform
Transforming jetified-coil-base-2.6.0-api.jar with ClasspathEntrySnapshotTransform
Transforming jetified-lifecycle-runtime-release-api.jar with ClasspathEntrySnapshotTransform
Transforming lifecycle-livedata-core-2.8.7-api.jar with ClasspathEntrySnapshotTransform
Transforming jetified-lifecycle-runtime-compose-release-api.jar with ClasspathEntrySnapshotTransform
Transforming jetified-lifecycle-viewmodel-compose-release-api.jar with ClasspathEntrySnapshotTransform
Transforming jetified-ui-release-api.jar with ClasspathEntrySnapshotTransform
Transforming jetified-ui-tooling-release-api.jar with ClasspathEntrySnapshotTransform
Transforming jetified-ui-test-manifest-1.6.2-api.jar with ClasspathEntrySnapshotTransform
Transforming jetified-activity-1.9.3-api.jar with ClasspathEntrySnapshotTransform
Transforming jetified-lifecycle-viewmodel-savedstate-2.8.7-api.jar with ClasspathEntrySnapshotTransform
Transforming jetified-lifecycle-runtime-ktx-release-api.jar with ClasspathEntrySnapshotTransform
Transforming work-testing-2.9.1-api.jar with ClasspathEntrySnapshotTransform
Transforming work-runtime-ktx-2.9.1-api.jar with ClasspathEntrySnapshotTransform
Transforming work-runtime-2.9.1-api.jar with ClasspathEntrySnapshotTransform
Transforming lifecycle-livedata-2.8.7-api.jar with ClasspathEntrySnapshotTransform
Transforming jetified-lifecycle-livedata-core-ktx-2.8.7-api.jar with ClasspathEntrySnapshotTransform
Transforming jetified-lifecycle-livedata-ktx-2.8.7-api.jar with ClasspathEntrySnapshotTransform
Transforming jetified-lifecycle-viewmodel-ktx-2.8.7-api.jar with ClasspathEntrySnapshotTransform
Transforming jetified-runtime-saveable-release-api.jar with ClasspathEntrySnapshotTransform
Transforming jetified-runtime-release-api.jar with ClasspathEntrySnapshotTransform
Transforming jetified-kotlinx-coroutines-android-1.9.0.jar with ClasspathEntrySnapshotTransform
Transforming jetified-kotlinx-coroutines-test-jvm-1.9.0.jar with ClasspathEntrySnapshotTransform
Transforming jetified-ktor-server-content-negotiation-jvm-2.3.7.jar with ClasspathEntrySnapshotTransform
Transforming jetified-ktor-server-cors-jvm-2.3.7.jar with ClasspathEntrySnapshotTransform
Transforming jetified-ktor-server-status-pages-jvm-2.3.7.jar with ClasspathEntrySnapshotTransform
Transforming jetified-ktor-server-cio-jvm-2.3.7.jar with ClasspathEntrySnapshotTransform
Transforming jetified-ktor-server-host-common-jvm-2.3.7.jar with ClasspathEntrySnapshotTransform
Transforming jetified-ktor-server-core-jvm-2.3.7.jar with ClasspathEntrySnapshotTransform
Transforming jetified-ktor-serialization-gson-jvm-2.3.7.jar with ClasspathEntrySnapshotTransform
Transforming jetified-ktor-serialization-jvm-2.3.7.jar with ClasspathEntrySnapshotTransform
Transforming jetified-ktor-events-jvm-2.3.7.jar with ClasspathEntrySnapshotTransform
Transforming jetified-ktor-http-cio-jvm-2.3.7.jar with ClasspathEntrySnapshotTransform
Transforming jetified-ktor-websockets-jvm-2.3.7.jar with ClasspathEntrySnapshotTransform
Transforming jetified-ktor-http-jvm-2.3.7.jar with ClasspathEntrySnapshotTransform
Transforming jetified-ktor-network-jvm-2.3.7.jar with ClasspathEntrySnapshotTransform
Transforming jetified-ktor-utils-jvm-2.3.7.jar with ClasspathEntrySnapshotTransform
Transforming jetified-ktor-io-jvm-2.3.7.jar with ClasspathEntrySnapshotTransform
Transforming jetified-kotlinx-coroutines-jdk8-1.9.0.jar with ClasspathEntrySnapshotTransform
Transforming jetified-Turbine-jvm.jar with ClasspathEntrySnapshotTransform
Transforming jetified-ads-adservices-java-1.0.0-beta05-api.jar with ClasspathEntrySnapshotTransform
Transforming jetified-ads-adservices-1.0.0-beta05-api.jar with ClasspathEntrySnapshotTransform
Transforming jetified-kotlinx-coroutines-core-jvm-1.9.0.jar with ClasspathEntrySnapshotTransform
Transforming jetified-kotlinx-coroutines-play-services-1.9.0.jar with ClasspathEntrySnapshotTransform
Transforming jetified-firebase-installations-interop-17.1.1-api.jar with ClasspathEntrySnapshotTransform
Transforming jetified-play-services-tasks-18.2.0-api.jar with ClasspathEntrySnapshotTransform
Transforming jetified-play-services-ads-identifier-18.0.0-api.jar with ClasspathEntrySnapshotTransform
Transforming jetified-play-services-measurement-sdk-api-22.0.2-api.jar with ClasspathEntrySnapshotTransform
Transforming jetified-play-services-measurement-base-22.0.2-api.jar with ClasspathEntrySnapshotTransform
Transforming jetified-firebase-measurement-connector-19.0.0-api.jar with ClasspathEntrySnapshotTransform
Transforming jetified-play-services-basement-18.4.0-api.jar with ClasspathEntrySnapshotTransform
Transforming fragment-1.8.5-api.jar with ClasspathEntrySnapshotTransform
Transforming jetified-fragment-ktx-1.8.5-api.jar with ClasspathEntrySnapshotTransform
Transforming jetified-activity-ktx-1.9.3-api.jar with ClasspathEntrySnapshotTransform
Transforming jetified-core-ktx-1.13.1-api.jar with ClasspathEntrySnapshotTransform
Transforming jetified-flexbox-3.0.0-api.jar with ClasspathEntrySnapshotTransform
Transforming jetified-kotlin-test-junit-1.9.0.jar with ClasspathEntrySnapshotTransform
Transforming jetified-kotlin-test-1.9.0.jar with ClasspathEntrySnapshotTransform
Transforming jetified-kotlin-android-extensions-runtime-1.9.25.jar with ClasspathEntrySnapshotTransform
Transforming jetified-savedstate-ktx-1.2.1-api.jar with ClasspathEntrySnapshotTransform
Transforming jetified-savedstate-1.2.1-api.jar with ClasspathEntrySnapshotTransform
Transforming jetified-media3-ffmpeg-decoder-1.5.0+1-api.jar with ClasspathEntrySnapshotTransform
Transforming jetified-media3-exoplayer-1.5.0-api.jar with ClasspathEntrySnapshotTransform
Transforming jetified-media3-container-1.5.0-api.jar with ClasspathEntrySnapshotTransform
Transforming jetified-media3-common-1.5.0-api.jar with ClasspathEntrySnapshotTransform
Transforming jetified-robolectric-4.11.1.jar with ClasspathEntrySnapshotTransform
Transforming jetified-storage-1.4.2-api.jar with ClasspathEntrySnapshotTransform
Transforming jetified-shadows-framework-4.11.1.jar with ClasspathEntrySnapshotTransform
Transforming monitor-1.6.1-api.jar with ClasspathEntrySnapshotTransform
Transforming jetified-annotation-1.0.1-api.jar with ClasspathEntrySnapshotTransform
Transforming jetified-annotation-experimental-1.4.1-api.jar with ClasspathEntrySnapshotTransform
Transforming jetified-logging-interceptor-4.12.0.jar with ClasspathEntrySnapshotTransform
Transforming jetified-converter-gson-2.9.0.jar with ClasspathEntrySnapshotTransform
Transforming jetified-converter-scalars-2.9.0.jar with ClasspathEntrySnapshotTransform
Transforming jetified-retrofit-2.9.0.jar with ClasspathEntrySnapshotTransform
Transforming jetified-media3-datasource-okhttp-1.5.0-api.jar with ClasspathEntrySnapshotTransform
Transforming jetified-okhttp-4.12.0.jar with ClasspathEntrySnapshotTransform
Transforming jetified-mockk-jvm-1.13.8.jar with ClasspathEntrySnapshotTransform
Transforming jetified-mockk-dsl-jvm-1.13.8.jar with ClasspathEntrySnapshotTransform
Transforming jetified-mockk-agent-jvm-1.13.8.jar with ClasspathEntrySnapshotTransform
Transforming jetified-mockk-agent-api-jvm-1.13.8.jar with ClasspathEntrySnapshotTransform
Transforming jetified-mockk-core-jvm-1.13.8.jar with ClasspathEntrySnapshotTransform
Transforming jetified-kotlin-stdlib-jdk8-1.9.10.jar with ClasspathEntrySnapshotTransform
Transforming jetified-security-crypto-1.1.0-alpha06-api.jar with ClasspathEntrySnapshotTransform
Transforming core-testing-2.2.0-api.jar with ClasspathEntrySnapshotTransform
Transforming cursoradapter-1.0.0-api.jar with ClasspathEntrySnapshotTransform
Transforming cardview-1.0.0-api.jar with ClasspathEntrySnapshotTransform
Transforming sqlite-framework-2.4.0-api.jar with ClasspathEntrySnapshotTransform
Transforming sqlite-2.4.0-api.jar with ClasspathEntrySnapshotTransform
Transforming jetified-gifdecoder-4.16.0-api.jar with ClasspathEntrySnapshotTransform
Transforming core-runtime-2.2.0-api.jar with ClasspathEntrySnapshotTransform
Transforming jetified-concurrent-futures-1.1.0.jar with ClasspathEntrySnapshotTransform
Transforming versionedparcelable-1.1.1-api.jar with ClasspathEntrySnapshotTransform
Transforming interpolator-1.0.0-api.jar with ClasspathEntrySnapshotTransform
Transforming core-common-2.2.0.jar with ClasspathEntrySnapshotTransform
Transforming jetified-collection-ktx-1.4.0.jar with ClasspathEntrySnapshotTransform
Transforming jetified-collection-jvm-1.4.0.jar with ClasspathEntrySnapshotTransform
Transforming documentfile-1.0.0-api.jar with ClasspathEntrySnapshotTransform
Transforming localbroadcastmanager-1.0.0-api.jar with ClasspathEntrySnapshotTransform
Transforming print-1.0.0-api.jar with ClasspathEntrySnapshotTransform
Transforming jetified-annotation-jvm-1.8.1.jar with ClasspathEntrySnapshotTransform
Transforming jetified-kotlin-stdlib-jdk7-1.9.10.jar with ClasspathEntrySnapshotTransform
Transforming jetified-kotlin-reflect-1.9.10.jar with ClasspathEntrySnapshotTransform
Transforming jetified-okio-jvm-3.8.0.jar with ClasspathEntrySnapshotTransform
Transforming jetified-kotlin-stdlib-2.0.0.jar with ClasspathEntrySnapshotTransform
Transforming multidex-2.0.1-api.jar with ClasspathEntrySnapshotTransform
Transforming constraintlayout-2.1.4-api.jar with ClasspathEntrySnapshotTransform
Transforming jetified-gson-2.10.1.jar with ClasspathEntrySnapshotTransform
Transforming jetified-media3-exoplayer-hls-1.5.0-api.jar with ClasspathEntrySnapshotTransform
Transforming jetified-media3-ui-1.5.0-api.jar with ClasspathEntrySnapshotTransform
Transforming jetified-media3-extractor-1.5.0-api.jar with ClasspathEntrySnapshotTransform
Transforming jetified-zxing-android-embedded-4.3.0-api.jar with ClasspathEntrySnapshotTransform
Transforming jetified-core-3.5.2.jar with ClasspathEntrySnapshotTransform
Transforming jetified-junit-4.13.2.jar with ClasspathEntrySnapshotTransform
Transforming jetified-annotations-23.0.0.jar with ClasspathEntrySnapshotTransform
Transforming jetified-hamcrest-core-1.3.jar with ClasspathEntrySnapshotTransform
Transforming jetified-junit-4.11.1.jar with ClasspathEntrySnapshotTransform
Transforming jetified-resources-4.11.1.jar with ClasspathEntrySnapshotTransform
Transforming jetified-sandbox-4.11.1.jar with ClasspathEntrySnapshotTransform
Transforming jetified-nativeruntime-4.11.1.jar with ClasspathEntrySnapshotTransform
Transforming jetified-utils-reflector-4.11.1.jar with ClasspathEntrySnapshotTransform
Transforming jetified-plugins-maven-dependency-resolver-4.11.1.jar with ClasspathEntrySnapshotTransform
Transforming jetified-shadows-versioning-4.11.1.jar with ClasspathEntrySnapshotTransform
Transforming jetified-shadowapi-4.11.1.jar with ClasspathEntrySnapshotTransform
Transforming jetified-utils-4.11.1.jar with ClasspathEntrySnapshotTransform
Transforming jetified-pluginapi-4.11.1.jar with ClasspathEntrySnapshotTransform
Transforming jetified-guava-33.3.1-android.jar with ClasspathEntrySnapshotTransform
Transforming jetified-listenablefuture-9999.0-empty-to-avoid-conflict-with-guava.jar with ClasspathEntrySnapshotTransform
Transforming jetified-startup-runtime-1.1.1-api.jar with ClasspathEntrySnapshotTransform
Transforming jetified-tracing-1.0.0-api.jar with ClasspathEntrySnapshotTransform
Transforming jetified-mockito-core-2.25.0.jar with ClasspathEntrySnapshotTransform
Transforming jetified-objenesis-3.3.jar with ClasspathEntrySnapshotTransform
Transforming jetified-byte-buddy-1.14.6.jar with ClasspathEntrySnapshotTransform
Transforming jetified-byte-buddy-agent-1.14.6.jar with ClasspathEntrySnapshotTransform
Transforming jetified-hilt-core-2.51.1.jar with ClasspathEntrySnapshotTransform
Transforming jetified-jsr305-3.0.2.jar with ClasspathEntrySnapshotTransform
Transforming jetified-annotations-4.11.1.jar with ClasspathEntrySnapshotTransform
Transforming jetified-failureaccess-1.0.2.jar with ClasspathEntrySnapshotTransform
Transforming jetified-checker-qual-3.43.0.jar with ClasspathEntrySnapshotTransform
Transforming jetified-error_prone_annotations-2.28.0.jar with ClasspathEntrySnapshotTransform
Transforming jetified-j2objc-annotations-3.0.0.jar with ClasspathEntrySnapshotTransform
Transforming jetified-dagger-2.51.1.jar with ClasspathEntrySnapshotTransform
Transforming jetified-firebase-components-18.0.0-api.jar with ClasspathEntrySnapshotTransform
Transforming jetified-firebase-annotations-16.2.0.jar with ClasspathEntrySnapshotTransform
Transforming jetified-javax.inject-1.jar with ClasspathEntrySnapshotTransform
Transforming jetified-javax.annotation-api-1.3.2.jar with ClasspathEntrySnapshotTransform
Transforming jetified-asm-commons-9.6.jar with ClasspathEntrySnapshotTransform
Transforming jetified-asm-util-9.6.jar with ClasspathEntrySnapshotTransform
Transforming jetified-asm-analysis-9.6.jar with ClasspathEntrySnapshotTransform
Transforming jetified-asm-tree-9.6.jar with ClasspathEntrySnapshotTransform
Transforming jetified-asm-9.6.jar with ClasspathEntrySnapshotTransform
Transforming jetified-auto-value-annotations-1.10.4.jar with ClasspathEntrySnapshotTransform
Transforming jetified-sqlite4java-1.0.392.jar with ClasspathEntrySnapshotTransform
Transforming jetified-icu4j-73.2.jar with ClasspathEntrySnapshotTransform
Transforming jetified-bcprov-jdk18on-1.76.jar with ClasspathEntrySnapshotTransform
Transforming jetified-resourceinspection-annotation-1.0.1.jar with ClasspathEntrySnapshotTransform
Transforming exifinterface-1.3.7-api.jar with ClasspathEntrySnapshotTransform
Transforming jetified-media3-database-1.5.0-api.jar with ClasspathEntrySnapshotTransform
Transforming jetified-media3-datasource-1.5.0-api.jar with ClasspathEntrySnapshotTransform
Transforming jetified-media3-decoder-1.5.0-api.jar with ClasspathEntrySnapshotTransform
Transforming jetified-disklrucache-4.16.0.jar with ClasspathEntrySnapshotTransform
Transforming jetified-annotations-4.16.0.jar with ClasspathEntrySnapshotTransform
Transforming jetified-dagger-lint-aar-2.51.1-api.jar with ClasspathEntrySnapshotTransform
Transforming jetified-hilt-common-1.2.0.jar with ClasspathEntrySnapshotTransform
Transforming jetified-protolite-well-known-types-18.0.0-api.jar with ClasspathEntrySnapshotTransform
Transforming jetified-protobuf-javalite-3.22.3.jar with ClasspathEntrySnapshotTransform
Transforming jetified-slf4j-api-1.7.36.jar with ClasspathEntrySnapshotTransform
Transforming jetified-config-1.4.2.jar with ClasspathEntrySnapshotTransform
Transforming android.jar with ClasspathEntrySnapshotTransform
Transforming core-lambda-stubs.jar with ClasspathEntrySnapshotTransform
Registered task dependencies: app:kotlinCompilerPluginClasspathDebugUnitTest
Starting dependency analysis
Caching disabled for task ':app:kaptGenerateStubsDebugUnitTestKotlin' because:
  Build cache is disabled
Skipping task ':app:kaptGenerateStubsDebugUnitTestKotlin' as it is up-to-date.
Resolve mutations for :app:kaptDebugUnitTestKotlin (Thread[#64,included builds,5,main]) started.
:app:kaptDebugUnitTestKotlin (Thread[#64,included builds,5,main]) started.

> Task :app:kaptDebugUnitTestKotlin UP-TO-DATE
Transforming R.jar with StructureTransformAction
Transforming classes.jar with StructureTransformAction
Transforming jetified-viewbinding-8.7.1-api.jar with StructureTransformAction
Transforming jetified-kotlin-parcelize-runtime-1.9.25.jar with StructureTransformAction
Transforming jetified-preference-ktx-1.2.1-api.jar with StructureTransformAction
Transforming material-1.12.0-api.jar with StructureTransformAction
Transforming jetified-appcompat-resources-1.7.0-api.jar with StructureTransformAction
Transforming preference-1.2.1-api.jar with StructureTransformAction
Transforming appcompat-1.7.0-api.jar with StructureTransformAction
Transforming jetified-okhttp3-integration-4.16.0-api.jar with StructureTransformAction
Transforming jetified-glide-4.16.0-api.jar with StructureTransformAction
Transforming jetified-hilt-work-1.2.0-api.jar with StructureTransformAction
Transforming jetified-hilt-android-2.51.1-api.jar with StructureTransformAction
Transforming jetified-viewpager2-1.1.0-beta02-api.jar with StructureTransformAction
Transforming jetified-firebase-firestore-ktx-25.0.0-api.jar with StructureTransformAction
Transforming jetified-firebase-firestore-25.0.0-api.jar with StructureTransformAction
Transforming jetified-firebase-appcheck-interop-17.0.0-api.jar with StructureTransformAction
Transforming jetified-firebase-auth-interop-19.0.2-api.jar with StructureTransformAction
Transforming jetified-firebase-analytics-ktx-22.0.2-api.jar with StructureTransformAction
Transforming jetified-firebase-analytics-22.0.2-api.jar with StructureTransformAction
Transforming jetified-play-services-measurement-api-22.0.2-api.jar with StructureTransformAction
Transforming jetified-firebase-installations-18.0.0-api.jar with StructureTransformAction
Transforming jetified-firebase-common-ktx-21.0.0-api.jar with StructureTransformAction
Transforming jetified-firebase-common-21.0.0-api.jar with StructureTransformAction
Transforming room-common-2.6.1.jar with StructureTransformAction
Transforming jetified-room-ktx-2.6.1-api.jar with StructureTransformAction
Transforming room-runtime-2.6.1-api.jar with StructureTransformAction
Transforming jetified-room-paging-2.6.1-api.jar with StructureTransformAction
Transforming jetified-paging-common-release-api.jar with StructureTransformAction
Transforming jetified-paging-common-ktx-3.3.2.jar with StructureTransformAction
Transforming jetified-paging-runtime-ktx-3.3.2-api.jar with StructureTransformAction
Transforming paging-runtime-3.3.2-api.jar with StructureTransformAction
Transforming jetified-activity-compose-1.9.3-api.jar with StructureTransformAction
Transforming jetified-material3-release-api.jar with StructureTransformAction
Transforming jetified-ui-util-release-api.jar with StructureTransformAction
Transforming jetified-ui-unit-release-api.jar with StructureTransformAction
Transforming jetified-ui-text-release-api.jar with StructureTransformAction
Transforming jetified-coil-compose-2.6.0-api.jar with StructureTransformAction
Transforming jetified-coil-compose-base-2.6.0-api.jar with StructureTransformAction
Transforming jetified-foundation-layout-release-api.jar with StructureTransformAction
Transforming jetified-material-icons-core-release-api.jar with StructureTransformAction
Transforming jetified-material-ripple-release-api.jar with StructureTransformAction
Transforming jetified-foundation-release-api.jar with StructureTransformAction
Transforming jetified-animation-core-release-api.jar with StructureTransformAction
Transforming jetified-animation-release-api.jar with StructureTransformAction
Transforming jetified-ui-geometry-release-api.jar with StructureTransformAction
Transforming jetified-ui-tooling-data-release-api.jar with StructureTransformAction
Transforming jetified-ui-tooling-preview-release-api.jar with StructureTransformAction
Transforming jetified-ui-graphics-release-api.jar with StructureTransformAction
Transforming recyclerview-1.3.2-api.jar with StructureTransformAction
Transforming drawerlayout-1.1.1-api.jar with StructureTransformAction
Transforming coordinatorlayout-1.1.0-api.jar with StructureTransformAction
Transforming dynamicanimation-1.0.0-api.jar with StructureTransformAction
Transforming transition-1.5.0-api.jar with StructureTransformAction
Transforming vectordrawable-animated-1.1.0-api.jar with StructureTransformAction
Transforming vectordrawable-1.1.0-api.jar with StructureTransformAction
Transforming viewpager-1.0.0-api.jar with StructureTransformAction
Transforming slidingpanelayout-1.2.0-api.jar with StructureTransformAction
Transforming customview-1.1.0-api.jar with StructureTransformAction
Transforming jetified-play-services-measurement-22.0.2-api.jar with StructureTransformAction
Transforming jetified-play-services-measurement-sdk-22.0.2-api.jar with StructureTransformAction
Transforming jetified-play-services-measurement-impl-22.0.2-api.jar with StructureTransformAction
Transforming jetified-play-services-stats-17.0.2-api.jar with StructureTransformAction
Transforming legacy-support-core-utils-1.0.0-api.jar with StructureTransformAction
Transforming loader-1.0.0-api.jar with StructureTransformAction
Transforming jetified-firebase-database-collection-18.0.1-api.jar with StructureTransformAction
Transforming jetified-play-services-base-18.0.1-api.jar with StructureTransformAction
Transforming core-1.13.1-api.jar with StructureTransformAction
Transforming jetified-core-1.5.0-api.jar with StructureTransformAction
Transforming jetified-lifecycle-common-jvm-2.8.7.jar with StructureTransformAction
Transforming lifecycle-viewmodel-2.8.7-api.jar with StructureTransformAction
Transforming jetified-lifecycle-viewmodel-release-api.jar with StructureTransformAction
Transforming jetified-coil-2.6.0-api.jar with StructureTransformAction
Transforming jetified-coil-base-2.6.0-api.jar with StructureTransformAction
Transforming jetified-lifecycle-runtime-release-api.jar with StructureTransformAction
Transforming lifecycle-livedata-core-2.8.7-api.jar with StructureTransformAction
Transforming jetified-lifecycle-runtime-compose-release-api.jar with StructureTransformAction
Transforming jetified-lifecycle-viewmodel-compose-release-api.jar with StructureTransformAction
Transforming jetified-ui-release-api.jar with StructureTransformAction
Transforming jetified-ui-tooling-release-api.jar with StructureTransformAction
Transforming jetified-ui-test-manifest-1.6.2-api.jar with StructureTransformAction
Transforming jetified-activity-1.9.3-api.jar with StructureTransformAction
Transforming jetified-lifecycle-viewmodel-savedstate-2.8.7-api.jar with StructureTransformAction
Transforming jetified-lifecycle-runtime-ktx-release-api.jar with StructureTransformAction
Transforming work-testing-2.9.1-api.jar with StructureTransformAction
Transforming work-runtime-ktx-2.9.1-api.jar with StructureTransformAction
Transforming work-runtime-2.9.1-api.jar with StructureTransformAction
Transforming lifecycle-livedata-2.8.7-api.jar with StructureTransformAction
Transforming jetified-lifecycle-livedata-core-ktx-2.8.7-api.jar with StructureTransformAction
Transforming jetified-lifecycle-livedata-ktx-2.8.7-api.jar with StructureTransformAction
Transforming jetified-lifecycle-viewmodel-ktx-2.8.7-api.jar with StructureTransformAction
Transforming jetified-runtime-saveable-release-api.jar with StructureTransformAction
Transforming jetified-runtime-release-api.jar with StructureTransformAction
Transforming jetified-kotlinx-coroutines-android-1.9.0.jar with StructureTransformAction
Transforming jetified-kotlinx-coroutines-test-jvm-1.9.0.jar with StructureTransformAction
Transforming jetified-ktor-server-content-negotiation-jvm-2.3.7.jar with StructureTransformAction
Transforming jetified-ktor-server-cors-jvm-2.3.7.jar with StructureTransformAction
Transforming jetified-ktor-server-status-pages-jvm-2.3.7.jar with StructureTransformAction
Transforming jetified-ktor-server-cio-jvm-2.3.7.jar with StructureTransformAction
Transforming jetified-ktor-server-host-common-jvm-2.3.7.jar with StructureTransformAction
Transforming jetified-ktor-server-core-jvm-2.3.7.jar with StructureTransformAction
Transforming jetified-ktor-serialization-gson-jvm-2.3.7.jar with StructureTransformAction
Transforming jetified-ktor-serialization-jvm-2.3.7.jar with StructureTransformAction
Transforming jetified-ktor-events-jvm-2.3.7.jar with StructureTransformAction
Transforming jetified-ktor-http-cio-jvm-2.3.7.jar with StructureTransformAction
Transforming jetified-ktor-websockets-jvm-2.3.7.jar with StructureTransformAction
Transforming jetified-ktor-http-jvm-2.3.7.jar with StructureTransformAction
Transforming jetified-ktor-network-jvm-2.3.7.jar with StructureTransformAction
Transforming jetified-ktor-utils-jvm-2.3.7.jar with StructureTransformAction
Transforming jetified-ktor-io-jvm-2.3.7.jar with StructureTransformAction
Transforming jetified-kotlinx-coroutines-jdk8-1.9.0.jar with StructureTransformAction
Transforming jetified-Turbine-jvm.jar with StructureTransformAction
Transforming jetified-ads-adservices-java-1.0.0-beta05-api.jar with StructureTransformAction
Transforming jetified-ads-adservices-1.0.0-beta05-api.jar with StructureTransformAction
Transforming jetified-kotlinx-coroutines-core-jvm-1.9.0.jar with StructureTransformAction
Transforming jetified-kotlinx-coroutines-play-services-1.9.0.jar with StructureTransformAction
Transforming jetified-firebase-installations-interop-17.1.1-api.jar with StructureTransformAction
Transforming jetified-play-services-tasks-18.2.0-api.jar with StructureTransformAction
Transforming jetified-play-services-ads-identifier-18.0.0-api.jar with StructureTransformAction
Transforming jetified-play-services-measurement-sdk-api-22.0.2-api.jar with StructureTransformAction
Transforming jetified-play-services-measurement-base-22.0.2-api.jar with StructureTransformAction
Transforming jetified-firebase-measurement-connector-19.0.0-api.jar with StructureTransformAction
Transforming jetified-play-services-basement-18.4.0-api.jar with StructureTransformAction
Transforming fragment-1.8.5-api.jar with StructureTransformAction
Transforming jetified-fragment-ktx-1.8.5-api.jar with StructureTransformAction
Transforming jetified-activity-ktx-1.9.3-api.jar with StructureTransformAction
Transforming jetified-core-ktx-1.13.1-api.jar with StructureTransformAction
Transforming jetified-flexbox-3.0.0-api.jar with StructureTransformAction
Transforming jetified-kotlin-test-junit-1.9.0.jar with StructureTransformAction
Transforming jetified-kotlin-test-1.9.0.jar with StructureTransformAction
Transforming jetified-kotlin-android-extensions-runtime-1.9.25.jar with StructureTransformAction
Transforming jetified-savedstate-ktx-1.2.1-api.jar with StructureTransformAction
Transforming jetified-savedstate-1.2.1-api.jar with StructureTransformAction
Transforming jetified-media3-ffmpeg-decoder-1.5.0+1-api.jar with StructureTransformAction
Transforming jetified-media3-exoplayer-1.5.0-api.jar with StructureTransformAction
Transforming jetified-media3-container-1.5.0-api.jar with StructureTransformAction
Transforming jetified-media3-common-1.5.0-api.jar with StructureTransformAction
Transforming jetified-robolectric-4.11.1.jar with StructureTransformAction
Transforming jetified-storage-1.4.2-api.jar with StructureTransformAction
Transforming jetified-shadows-framework-4.11.1.jar with StructureTransformAction
Transforming monitor-1.6.1-api.jar with StructureTransformAction
Transforming jetified-annotation-1.0.1-api.jar with StructureTransformAction
Transforming jetified-annotation-experimental-1.4.1-api.jar with StructureTransformAction
Transforming jetified-logging-interceptor-4.12.0.jar with StructureTransformAction
Transforming jetified-converter-gson-2.9.0.jar with StructureTransformAction
Transforming jetified-converter-scalars-2.9.0.jar with StructureTransformAction
Transforming jetified-retrofit-2.9.0.jar with StructureTransformAction
Transforming jetified-media3-datasource-okhttp-1.5.0-api.jar with StructureTransformAction
Transforming jetified-okhttp-4.12.0.jar with StructureTransformAction
Transforming jetified-mockk-jvm-1.13.8.jar with StructureTransformAction
Transforming jetified-mockk-dsl-jvm-1.13.8.jar with StructureTransformAction
Transforming jetified-mockk-agent-jvm-1.13.8.jar with StructureTransformAction
Transforming jetified-mockk-agent-api-jvm-1.13.8.jar with StructureTransformAction
Transforming jetified-mockk-core-jvm-1.13.8.jar with StructureTransformAction
Transforming jetified-kotlin-stdlib-jdk8-1.9.10.jar with StructureTransformAction
Transforming jetified-security-crypto-1.1.0-alpha06-api.jar with StructureTransformAction
Transforming core-testing-2.2.0-api.jar with StructureTransformAction
Transforming cursoradapter-1.0.0-api.jar with StructureTransformAction
Transforming cardview-1.0.0-api.jar with StructureTransformAction
Transforming sqlite-framework-2.4.0-api.jar with StructureTransformAction
Transforming sqlite-2.4.0-api.jar with StructureTransformAction
Transforming jetified-gifdecoder-4.16.0-api.jar with StructureTransformAction
Transforming core-runtime-2.2.0-api.jar with StructureTransformAction
Transforming jetified-concurrent-futures-1.1.0.jar with StructureTransformAction
Transforming versionedparcelable-1.1.1-api.jar with StructureTransformAction
Transforming interpolator-1.0.0-api.jar with StructureTransformAction
Transforming core-common-2.2.0.jar with StructureTransformAction
Transforming jetified-collection-ktx-1.4.0.jar with StructureTransformAction
Transforming jetified-collection-jvm-1.4.0.jar with StructureTransformAction
Transforming documentfile-1.0.0-api.jar with StructureTransformAction
Transforming localbroadcastmanager-1.0.0-api.jar with StructureTransformAction
Transforming print-1.0.0-api.jar with StructureTransformAction
Transforming jetified-annotation-jvm-1.8.1.jar with StructureTransformAction
Transforming jetified-kotlin-stdlib-jdk7-1.9.10.jar with StructureTransformAction
Transforming jetified-kotlin-reflect-1.9.10.jar with StructureTransformAction
Transforming jetified-okio-jvm-3.8.0.jar with StructureTransformAction
Transforming jetified-kotlin-stdlib-2.0.0.jar with StructureTransformAction
Transforming multidex-2.0.1-api.jar with StructureTransformAction
Transforming constraintlayout-2.1.4-api.jar with StructureTransformAction
Transforming jetified-gson-2.10.1.jar with StructureTransformAction
Transforming jetified-media3-exoplayer-hls-1.5.0-api.jar with StructureTransformAction
Transforming jetified-media3-ui-1.5.0-api.jar with StructureTransformAction
Transforming jetified-media3-extractor-1.5.0-api.jar with StructureTransformAction
Transforming jetified-zxing-android-embedded-4.3.0-api.jar with StructureTransformAction
Transforming jetified-core-3.5.2.jar with StructureTransformAction
Transforming jetified-junit-4.13.2.jar with StructureTransformAction
Transforming jetified-annotations-23.0.0.jar with StructureTransformAction
Transforming jetified-hamcrest-core-1.3.jar with StructureTransformAction
Transforming jetified-junit-4.11.1.jar with StructureTransformAction
Transforming jetified-resources-4.11.1.jar with StructureTransformAction
Transforming jetified-sandbox-4.11.1.jar with StructureTransformAction
Transforming jetified-nativeruntime-4.11.1.jar with StructureTransformAction
Transforming jetified-utils-reflector-4.11.1.jar with StructureTransformAction
Transforming jetified-plugins-maven-dependency-resolver-4.11.1.jar with StructureTransformAction
Transforming jetified-shadows-versioning-4.11.1.jar with StructureTransformAction
Transforming jetified-shadowapi-4.11.1.jar with StructureTransformAction
Transforming jetified-utils-4.11.1.jar with StructureTransformAction
Transforming jetified-pluginapi-4.11.1.jar with StructureTransformAction
Transforming jetified-guava-33.3.1-android.jar with StructureTransformAction
Transforming jetified-listenablefuture-9999.0-empty-to-avoid-conflict-with-guava.jar with StructureTransformAction
Transforming jetified-startup-runtime-1.1.1-api.jar with StructureTransformAction
Transforming jetified-tracing-1.0.0-api.jar with StructureTransformAction
Transforming jetified-mockito-core-2.25.0.jar with StructureTransformAction
Transforming jetified-objenesis-3.3.jar with StructureTransformAction
Transforming jetified-byte-buddy-1.14.6.jar with StructureTransformAction
Transforming jetified-byte-buddy-agent-1.14.6.jar with StructureTransformAction
Transforming jetified-hilt-core-2.51.1.jar with StructureTransformAction
Transforming jetified-jsr305-3.0.2.jar with StructureTransformAction
Transforming jetified-annotations-4.11.1.jar with StructureTransformAction
Transforming jetified-failureaccess-1.0.2.jar with StructureTransformAction
Transforming jetified-checker-qual-3.43.0.jar with StructureTransformAction
Transforming jetified-error_prone_annotations-2.28.0.jar with StructureTransformAction
Transforming jetified-j2objc-annotations-3.0.0.jar with StructureTransformAction
Transforming jetified-dagger-2.51.1.jar with StructureTransformAction
Transforming jetified-firebase-components-18.0.0-api.jar with StructureTransformAction
Transforming jetified-firebase-annotations-16.2.0.jar with StructureTransformAction
Transforming jetified-javax.inject-1.jar with StructureTransformAction
Transforming jetified-javax.annotation-api-1.3.2.jar with StructureTransformAction
Transforming jetified-asm-commons-9.6.jar with StructureTransformAction
Transforming jetified-asm-util-9.6.jar with StructureTransformAction
Transforming jetified-asm-analysis-9.6.jar with StructureTransformAction
Transforming jetified-asm-tree-9.6.jar with StructureTransformAction
Transforming jetified-asm-9.6.jar with StructureTransformAction
Transforming jetified-auto-value-annotations-1.10.4.jar with StructureTransformAction
Transforming jetified-sqlite4java-1.0.392.jar with StructureTransformAction
Transforming jetified-icu4j-73.2.jar with StructureTransformAction
Transforming jetified-bcprov-jdk18on-1.76.jar with StructureTransformAction
Transforming jetified-resourceinspection-annotation-1.0.1.jar with StructureTransformAction
Transforming exifinterface-1.3.7-api.jar with StructureTransformAction
Transforming jetified-media3-database-1.5.0-api.jar with StructureTransformAction
Transforming jetified-media3-datasource-1.5.0-api.jar with StructureTransformAction
Transforming jetified-media3-decoder-1.5.0-api.jar with StructureTransformAction
Transforming jetified-disklrucache-4.16.0.jar with StructureTransformAction
Transforming jetified-annotations-4.16.0.jar with StructureTransformAction
Transforming jetified-dagger-lint-aar-2.51.1-api.jar with StructureTransformAction
Transforming jetified-hilt-common-1.2.0.jar with StructureTransformAction
Transforming jetified-protolite-well-known-types-18.0.0-api.jar with StructureTransformAction
Transforming jetified-protobuf-javalite-3.22.3.jar with StructureTransformAction
Transforming jetified-slf4j-api-1.7.36.jar with StructureTransformAction
Transforming jetified-config-1.4.2.jar with StructureTransformAction
Transforming android.jar with StructureTransformAction
Transforming core-lambda-stubs.jar with StructureTransformAction
file or directory 'D:\cursor working\debxtrem\app\src\debugUnitTest\kotlin', not found
file or directory 'D:\cursor working\debxtrem\app\src\test\kotlin', not found
file or directory 'D:\cursor working\debxtrem\app\src\test\kotlin', not found
file or directory 'D:\cursor working\debxtrem\app\src\test\kotlin', not found
file or directory 'D:\cursor working\debxtrem\app\src\testDebug\kotlin', not found
file or directory 'D:\cursor working\debxtrem\app\src\testDebug\kotlin', not found
file or directory 'D:\cursor working\debxtrem\app\src\testDebug\java', not found
file or directory 'D:\cursor working\debxtrem\app\src\testDebug\kotlin', not found
file or directory 'D:\cursor working\debxtrem\app\src\testDebug\java', not found
file or directory 'D:\cursor working\debxtrem\app\src\test\kotlin', not found
file or directory 'D:\cursor working\debxtrem\app\src\test\kotlin', not found
file or directory 'D:\cursor working\debxtrem\app\src\test\kotlin', not found
file or directory 'D:\cursor working\debxtrem\app\src\testDebug\kotlin', not found
file or directory 'D:\cursor working\debxtrem\app\src\testDebug\kotlin', not found
file or directory 'D:\cursor working\debxtrem\app\src\testDebug\java', not found
file or directory 'D:\cursor working\debxtrem\app\src\testDebug\kotlin', not found
file or directory 'D:\cursor working\debxtrem\app\src\testDebug\java', not found
file or directory 'D:\cursor working\debxtrem\app\src\testDebug\java', not found
Caching disabled for task ':app:kaptDebugUnitTestKotlin' because:
  Build cache is disabled
Skipping task ':app:kaptDebugUnitTestKotlin' as it is up-to-date.
Resolve mutations for :app:compileDebugUnitTestKotlin (Thread[#64,included builds,5,main]) started.
:app:compileDebugUnitTestKotlin (Thread[#64,included builds,5,main]) started.

> Task :app:compileDebugUnitTestKotlin
Transforming R.jar with ClasspathEntrySnapshotTransform
Transforming classes.jar with ClasspathEntrySnapshotTransform
Transforming jetified-viewbinding-8.7.1-api.jar with ClasspathEntrySnapshotTransform
Transforming jetified-kotlin-parcelize-runtime-1.9.25.jar with ClasspathEntrySnapshotTransform
Transforming jetified-preference-ktx-1.2.1-api.jar with ClasspathEntrySnapshotTransform
Transforming material-1.12.0-api.jar with ClasspathEntrySnapshotTransform
Transforming jetified-appcompat-resources-1.7.0-api.jar with ClasspathEntrySnapshotTransform
Transforming preference-1.2.1-api.jar with ClasspathEntrySnapshotTransform
Transforming appcompat-1.7.0-api.jar with ClasspathEntrySnapshotTransform
Transforming jetified-okhttp3-integration-4.16.0-api.jar with ClasspathEntrySnapshotTransform
Transforming jetified-glide-4.16.0-api.jar with ClasspathEntrySnapshotTransform
Transforming jetified-hilt-work-1.2.0-api.jar with ClasspathEntrySnapshotTransform
Transforming jetified-hilt-android-2.51.1-api.jar with ClasspathEntrySnapshotTransform
Transforming jetified-viewpager2-1.1.0-beta02-api.jar with ClasspathEntrySnapshotTransform
Transforming jetified-firebase-firestore-ktx-25.0.0-api.jar with ClasspathEntrySnapshotTransform
Transforming jetified-firebase-firestore-25.0.0-api.jar with ClasspathEntrySnapshotTransform
Transforming jetified-firebase-appcheck-interop-17.0.0-api.jar with ClasspathEntrySnapshotTransform
Transforming jetified-firebase-auth-interop-19.0.2-api.jar with ClasspathEntrySnapshotTransform
Transforming jetified-firebase-analytics-ktx-22.0.2-api.jar with ClasspathEntrySnapshotTransform
Transforming jetified-firebase-analytics-22.0.2-api.jar with ClasspathEntrySnapshotTransform
Transforming jetified-play-services-measurement-api-22.0.2-api.jar with ClasspathEntrySnapshotTransform
Transforming jetified-firebase-installations-18.0.0-api.jar with ClasspathEntrySnapshotTransform
Transforming jetified-firebase-common-ktx-21.0.0-api.jar with ClasspathEntrySnapshotTransform
Transforming jetified-firebase-common-21.0.0-api.jar with ClasspathEntrySnapshotTransform
Transforming room-common-2.6.1.jar with ClasspathEntrySnapshotTransform
Transforming jetified-room-ktx-2.6.1-api.jar with ClasspathEntrySnapshotTransform
Transforming room-runtime-2.6.1-api.jar with ClasspathEntrySnapshotTransform
Transforming jetified-room-paging-2.6.1-api.jar with ClasspathEntrySnapshotTransform
Transforming jetified-paging-common-release-api.jar with ClasspathEntrySnapshotTransform
Transforming jetified-paging-common-ktx-3.3.2.jar with ClasspathEntrySnapshotTransform
Transforming jetified-paging-runtime-ktx-3.3.2-api.jar with ClasspathEntrySnapshotTransform
Transforming paging-runtime-3.3.2-api.jar with ClasspathEntrySnapshotTransform
Transforming jetified-activity-compose-1.9.3-api.jar with ClasspathEntrySnapshotTransform
Transforming jetified-material3-release-api.jar with ClasspathEntrySnapshotTransform
Transforming jetified-ui-util-release-api.jar with ClasspathEntrySnapshotTransform
Transforming jetified-ui-unit-release-api.jar with ClasspathEntrySnapshotTransform
Transforming jetified-ui-text-release-api.jar with ClasspathEntrySnapshotTransform
Transforming jetified-coil-compose-2.6.0-api.jar with ClasspathEntrySnapshotTransform
Transforming jetified-coil-compose-base-2.6.0-api.jar with ClasspathEntrySnapshotTransform
Transforming jetified-foundation-layout-release-api.jar with ClasspathEntrySnapshotTransform
Transforming jetified-material-icons-core-release-api.jar with ClasspathEntrySnapshotTransform
Transforming jetified-material-ripple-release-api.jar with ClasspathEntrySnapshotTransform
Transforming jetified-foundation-release-api.jar with ClasspathEntrySnapshotTransform
Transforming jetified-animation-core-release-api.jar with ClasspathEntrySnapshotTransform
Transforming jetified-animation-release-api.jar with ClasspathEntrySnapshotTransform
Transforming jetified-ui-geometry-release-api.jar with ClasspathEntrySnapshotTransform
Transforming jetified-ui-tooling-data-release-api.jar with ClasspathEntrySnapshotTransform
Transforming jetified-ui-tooling-preview-release-api.jar with ClasspathEntrySnapshotTransform
Transforming jetified-ui-graphics-release-api.jar with ClasspathEntrySnapshotTransform
Transforming recyclerview-1.3.2-api.jar with ClasspathEntrySnapshotTransform
Transforming drawerlayout-1.1.1-api.jar with ClasspathEntrySnapshotTransform
Transforming coordinatorlayout-1.1.0-api.jar with ClasspathEntrySnapshotTransform
Transforming dynamicanimation-1.0.0-api.jar with ClasspathEntrySnapshotTransform
Transforming transition-1.5.0-api.jar with ClasspathEntrySnapshotTransform
Transforming vectordrawable-animated-1.1.0-api.jar with ClasspathEntrySnapshotTransform
Transforming vectordrawable-1.1.0-api.jar with ClasspathEntrySnapshotTransform
Transforming viewpager-1.0.0-api.jar with ClasspathEntrySnapshotTransform
Transforming slidingpanelayout-1.2.0-api.jar with ClasspathEntrySnapshotTransform
Transforming customview-1.1.0-api.jar with ClasspathEntrySnapshotTransform
Transforming jetified-play-services-measurement-22.0.2-api.jar with ClasspathEntrySnapshotTransform
Transforming jetified-play-services-measurement-sdk-22.0.2-api.jar with ClasspathEntrySnapshotTransform
Transforming jetified-play-services-measurement-impl-22.0.2-api.jar with ClasspathEntrySnapshotTransform
Transforming jetified-play-services-stats-17.0.2-api.jar with ClasspathEntrySnapshotTransform
Transforming legacy-support-core-utils-1.0.0-api.jar with ClasspathEntrySnapshotTransform
Transforming loader-1.0.0-api.jar with ClasspathEntrySnapshotTransform
Transforming jetified-firebase-database-collection-18.0.1-api.jar with ClasspathEntrySnapshotTransform
Transforming jetified-play-services-base-18.0.1-api.jar with ClasspathEntrySnapshotTransform
Transforming core-1.13.1-api.jar with ClasspathEntrySnapshotTransform
Transforming jetified-core-1.5.0-api.jar with ClasspathEntrySnapshotTransform
Transforming jetified-lifecycle-common-jvm-2.8.7.jar with ClasspathEntrySnapshotTransform
Transforming lifecycle-viewmodel-2.8.7-api.jar with ClasspathEntrySnapshotTransform
Transforming jetified-lifecycle-viewmodel-release-api.jar with ClasspathEntrySnapshotTransform
Transforming jetified-coil-2.6.0-api.jar with ClasspathEntrySnapshotTransform
Transforming jetified-coil-base-2.6.0-api.jar with ClasspathEntrySnapshotTransform
Transforming jetified-lifecycle-runtime-release-api.jar with ClasspathEntrySnapshotTransform
Transforming lifecycle-livedata-core-2.8.7-api.jar with ClasspathEntrySnapshotTransform
Transforming jetified-lifecycle-runtime-compose-release-api.jar with ClasspathEntrySnapshotTransform
Transforming jetified-lifecycle-viewmodel-compose-release-api.jar with ClasspathEntrySnapshotTransform
Transforming jetified-ui-release-api.jar with ClasspathEntrySnapshotTransform
Transforming jetified-ui-tooling-release-api.jar with ClasspathEntrySnapshotTransform
Transforming jetified-ui-test-manifest-1.6.2-api.jar with ClasspathEntrySnapshotTransform
Transforming jetified-activity-1.9.3-api.jar with ClasspathEntrySnapshotTransform
Transforming jetified-lifecycle-viewmodel-savedstate-2.8.7-api.jar with ClasspathEntrySnapshotTransform
Transforming jetified-lifecycle-runtime-ktx-release-api.jar with ClasspathEntrySnapshotTransform
Transforming work-testing-2.9.1-api.jar with ClasspathEntrySnapshotTransform
Transforming work-runtime-ktx-2.9.1-api.jar with ClasspathEntrySnapshotTransform
Transforming work-runtime-2.9.1-api.jar with ClasspathEntrySnapshotTransform
Transforming lifecycle-livedata-2.8.7-api.jar with ClasspathEntrySnapshotTransform
Transforming jetified-lifecycle-livedata-core-ktx-2.8.7-api.jar with ClasspathEntrySnapshotTransform
Transforming jetified-lifecycle-livedata-ktx-2.8.7-api.jar with ClasspathEntrySnapshotTransform
Transforming jetified-lifecycle-viewmodel-ktx-2.8.7-api.jar with ClasspathEntrySnapshotTransform
Transforming jetified-runtime-saveable-release-api.jar with ClasspathEntrySnapshotTransform
Transforming jetified-runtime-release-api.jar with ClasspathEntrySnapshotTransform
Transforming jetified-kotlinx-coroutines-android-1.9.0.jar with ClasspathEntrySnapshotTransform
Transforming jetified-kotlinx-coroutines-test-jvm-1.9.0.jar with ClasspathEntrySnapshotTransform
Transforming jetified-ktor-server-content-negotiation-jvm-2.3.7.jar with ClasspathEntrySnapshotTransform
Transforming jetified-ktor-server-cors-jvm-2.3.7.jar with ClasspathEntrySnapshotTransform
Transforming jetified-ktor-server-status-pages-jvm-2.3.7.jar with ClasspathEntrySnapshotTransform
Transforming jetified-ktor-server-cio-jvm-2.3.7.jar with ClasspathEntrySnapshotTransform
Transforming jetified-ktor-server-host-common-jvm-2.3.7.jar with ClasspathEntrySnapshotTransform
Transforming jetified-ktor-server-core-jvm-2.3.7.jar with ClasspathEntrySnapshotTransform
Transforming jetified-ktor-serialization-gson-jvm-2.3.7.jar with ClasspathEntrySnapshotTransform
Transforming jetified-ktor-serialization-jvm-2.3.7.jar with ClasspathEntrySnapshotTransform
Transforming jetified-ktor-events-jvm-2.3.7.jar with ClasspathEntrySnapshotTransform
Transforming jetified-ktor-http-cio-jvm-2.3.7.jar with ClasspathEntrySnapshotTransform
Transforming jetified-ktor-websockets-jvm-2.3.7.jar with ClasspathEntrySnapshotTransform
Transforming jetified-ktor-http-jvm-2.3.7.jar with ClasspathEntrySnapshotTransform
Transforming jetified-ktor-network-jvm-2.3.7.jar with ClasspathEntrySnapshotTransform
Transforming jetified-ktor-utils-jvm-2.3.7.jar with ClasspathEntrySnapshotTransform
Transforming jetified-ktor-io-jvm-2.3.7.jar with ClasspathEntrySnapshotTransform
Transforming jetified-kotlinx-coroutines-jdk8-1.9.0.jar with ClasspathEntrySnapshotTransform
Transforming jetified-Turbine-jvm.jar with ClasspathEntrySnapshotTransform
Transforming jetified-ads-adservices-java-1.0.0-beta05-api.jar with ClasspathEntrySnapshotTransform
Transforming jetified-ads-adservices-1.0.0-beta05-api.jar with ClasspathEntrySnapshotTransform
Transforming jetified-kotlinx-coroutines-core-jvm-1.9.0.jar with ClasspathEntrySnapshotTransform
Transforming jetified-kotlinx-coroutines-play-services-1.9.0.jar with ClasspathEntrySnapshotTransform
Transforming jetified-firebase-installations-interop-17.1.1-api.jar with ClasspathEntrySnapshotTransform
Transforming jetified-play-services-tasks-18.2.0-api.jar with ClasspathEntrySnapshotTransform
Transforming jetified-play-services-ads-identifier-18.0.0-api.jar with ClasspathEntrySnapshotTransform
Transforming jetified-play-services-measurement-sdk-api-22.0.2-api.jar with ClasspathEntrySnapshotTransform
Transforming jetified-play-services-measurement-base-22.0.2-api.jar with ClasspathEntrySnapshotTransform
Transforming jetified-firebase-measurement-connector-19.0.0-api.jar with ClasspathEntrySnapshotTransform
Transforming jetified-play-services-basement-18.4.0-api.jar with ClasspathEntrySnapshotTransform
Transforming fragment-1.8.5-api.jar with ClasspathEntrySnapshotTransform
Transforming jetified-fragment-ktx-1.8.5-api.jar with ClasspathEntrySnapshotTransform
Transforming jetified-activity-ktx-1.9.3-api.jar with ClasspathEntrySnapshotTransform
Transforming jetified-core-ktx-1.13.1-api.jar with ClasspathEntrySnapshotTransform
Transforming jetified-flexbox-3.0.0-api.jar with ClasspathEntrySnapshotTransform
Transforming jetified-kotlin-test-junit-1.9.0.jar with ClasspathEntrySnapshotTransform
Transforming jetified-kotlin-test-1.9.0.jar with ClasspathEntrySnapshotTransform
Transforming jetified-kotlin-android-extensions-runtime-1.9.25.jar with ClasspathEntrySnapshotTransform
Transforming jetified-savedstate-ktx-1.2.1-api.jar with ClasspathEntrySnapshotTransform
Transforming jetified-savedstate-1.2.1-api.jar with ClasspathEntrySnapshotTransform
Transforming jetified-media3-ffmpeg-decoder-1.5.0+1-api.jar with ClasspathEntrySnapshotTransform
Transforming jetified-media3-exoplayer-1.5.0-api.jar with ClasspathEntrySnapshotTransform
Transforming jetified-media3-container-1.5.0-api.jar with ClasspathEntrySnapshotTransform
Transforming jetified-media3-common-1.5.0-api.jar with ClasspathEntrySnapshotTransform
Transforming jetified-robolectric-4.11.1.jar with ClasspathEntrySnapshotTransform
Transforming jetified-storage-1.4.2-api.jar with ClasspathEntrySnapshotTransform
Transforming jetified-shadows-framework-4.11.1.jar with ClasspathEntrySnapshotTransform
Transforming monitor-1.6.1-api.jar with ClasspathEntrySnapshotTransform
Transforming jetified-annotation-1.0.1-api.jar with ClasspathEntrySnapshotTransform
Transforming jetified-annotation-experimental-1.4.1-api.jar with ClasspathEntrySnapshotTransform
Transforming jetified-logging-interceptor-4.12.0.jar with ClasspathEntrySnapshotTransform
Transforming jetified-converter-gson-2.9.0.jar with ClasspathEntrySnapshotTransform
Transforming jetified-converter-scalars-2.9.0.jar with ClasspathEntrySnapshotTransform
Transforming jetified-retrofit-2.9.0.jar with ClasspathEntrySnapshotTransform
Transforming jetified-media3-datasource-okhttp-1.5.0-api.jar with ClasspathEntrySnapshotTransform
Transforming jetified-okhttp-4.12.0.jar with ClasspathEntrySnapshotTransform
Transforming jetified-mockk-jvm-1.13.8.jar with ClasspathEntrySnapshotTransform
Transforming jetified-mockk-dsl-jvm-1.13.8.jar with ClasspathEntrySnapshotTransform
Transforming jetified-mockk-agent-jvm-1.13.8.jar with ClasspathEntrySnapshotTransform
Transforming jetified-mockk-agent-api-jvm-1.13.8.jar with ClasspathEntrySnapshotTransform
Transforming jetified-mockk-core-jvm-1.13.8.jar with ClasspathEntrySnapshotTransform
Transforming jetified-kotlin-stdlib-jdk8-1.9.10.jar with ClasspathEntrySnapshotTransform
Transforming jetified-security-crypto-1.1.0-alpha06-api.jar with ClasspathEntrySnapshotTransform
Transforming core-testing-2.2.0-api.jar with ClasspathEntrySnapshotTransform
Transforming cursoradapter-1.0.0-api.jar with ClasspathEntrySnapshotTransform
Transforming cardview-1.0.0-api.jar with ClasspathEntrySnapshotTransform
Transforming sqlite-framework-2.4.0-api.jar with ClasspathEntrySnapshotTransform
Transforming sqlite-2.4.0-api.jar with ClasspathEntrySnapshotTransform
Transforming jetified-gifdecoder-4.16.0-api.jar with ClasspathEntrySnapshotTransform
Transforming core-runtime-2.2.0-api.jar with ClasspathEntrySnapshotTransform
Transforming jetified-concurrent-futures-1.1.0.jar with ClasspathEntrySnapshotTransform
Transforming versionedparcelable-1.1.1-api.jar with ClasspathEntrySnapshotTransform
Transforming interpolator-1.0.0-api.jar with ClasspathEntrySnapshotTransform
Transforming core-common-2.2.0.jar with ClasspathEntrySnapshotTransform
Transforming jetified-collection-ktx-1.4.0.jar with ClasspathEntrySnapshotTransform
Transforming jetified-collection-jvm-1.4.0.jar with ClasspathEntrySnapshotTransform
Transforming documentfile-1.0.0-api.jar with ClasspathEntrySnapshotTransform
Transforming localbroadcastmanager-1.0.0-api.jar with ClasspathEntrySnapshotTransform
Transforming print-1.0.0-api.jar with ClasspathEntrySnapshotTransform
Transforming jetified-annotation-jvm-1.8.1.jar with ClasspathEntrySnapshotTransform
Transforming jetified-kotlin-stdlib-jdk7-1.9.10.jar with ClasspathEntrySnapshotTransform
Transforming jetified-kotlin-reflect-1.9.10.jar with ClasspathEntrySnapshotTransform
Transforming jetified-okio-jvm-3.8.0.jar with ClasspathEntrySnapshotTransform
Transforming jetified-kotlin-stdlib-2.0.0.jar with ClasspathEntrySnapshotTransform
Transforming multidex-2.0.1-api.jar with ClasspathEntrySnapshotTransform
Transforming constraintlayout-2.1.4-api.jar with ClasspathEntrySnapshotTransform
Transforming jetified-gson-2.10.1.jar with ClasspathEntrySnapshotTransform
Transforming jetified-media3-exoplayer-hls-1.5.0-api.jar with ClasspathEntrySnapshotTransform
Transforming jetified-media3-ui-1.5.0-api.jar with ClasspathEntrySnapshotTransform
Transforming jetified-media3-extractor-1.5.0-api.jar with ClasspathEntrySnapshotTransform
Transforming jetified-zxing-android-embedded-4.3.0-api.jar with ClasspathEntrySnapshotTransform
Transforming jetified-core-3.5.2.jar with ClasspathEntrySnapshotTransform
Transforming jetified-junit-4.13.2.jar with ClasspathEntrySnapshotTransform
Transforming jetified-annotations-23.0.0.jar with ClasspathEntrySnapshotTransform
Transforming jetified-hamcrest-core-1.3.jar with ClasspathEntrySnapshotTransform
Transforming jetified-junit-4.11.1.jar with ClasspathEntrySnapshotTransform
Transforming jetified-resources-4.11.1.jar with ClasspathEntrySnapshotTransform
Transforming jetified-sandbox-4.11.1.jar with ClasspathEntrySnapshotTransform
Transforming jetified-nativeruntime-4.11.1.jar with ClasspathEntrySnapshotTransform
Transforming jetified-utils-reflector-4.11.1.jar with ClasspathEntrySnapshotTransform
Transforming jetified-plugins-maven-dependency-resolver-4.11.1.jar with ClasspathEntrySnapshotTransform
Transforming jetified-shadows-versioning-4.11.1.jar with ClasspathEntrySnapshotTransform
Transforming jetified-shadowapi-4.11.1.jar with ClasspathEntrySnapshotTransform
Transforming jetified-utils-4.11.1.jar with ClasspathEntrySnapshotTransform
Transforming jetified-pluginapi-4.11.1.jar with ClasspathEntrySnapshotTransform
Transforming jetified-guava-33.3.1-android.jar with ClasspathEntrySnapshotTransform
Transforming jetified-listenablefuture-9999.0-empty-to-avoid-conflict-with-guava.jar with ClasspathEntrySnapshotTransform
Transforming jetified-startup-runtime-1.1.1-api.jar with ClasspathEntrySnapshotTransform
Transforming jetified-tracing-1.0.0-api.jar with ClasspathEntrySnapshotTransform
Transforming jetified-mockito-core-2.25.0.jar with ClasspathEntrySnapshotTransform
Transforming jetified-objenesis-3.3.jar with ClasspathEntrySnapshotTransform
Transforming jetified-byte-buddy-1.14.6.jar with ClasspathEntrySnapshotTransform
Transforming jetified-byte-buddy-agent-1.14.6.jar with ClasspathEntrySnapshotTransform
Transforming jetified-hilt-core-2.51.1.jar with ClasspathEntrySnapshotTransform
Transforming jetified-jsr305-3.0.2.jar with ClasspathEntrySnapshotTransform
Transforming jetified-annotations-4.11.1.jar with ClasspathEntrySnapshotTransform
Transforming jetified-failureaccess-1.0.2.jar with ClasspathEntrySnapshotTransform
Transforming jetified-checker-qual-3.43.0.jar with ClasspathEntrySnapshotTransform
Transforming jetified-error_prone_annotations-2.28.0.jar with ClasspathEntrySnapshotTransform
Transforming jetified-j2objc-annotations-3.0.0.jar with ClasspathEntrySnapshotTransform
Transforming jetified-dagger-2.51.1.jar with ClasspathEntrySnapshotTransform
Transforming jetified-firebase-components-18.0.0-api.jar with ClasspathEntrySnapshotTransform
Transforming jetified-firebase-annotations-16.2.0.jar with ClasspathEntrySnapshotTransform
Transforming jetified-javax.inject-1.jar with ClasspathEntrySnapshotTransform
Transforming jetified-javax.annotation-api-1.3.2.jar with ClasspathEntrySnapshotTransform
Transforming jetified-asm-commons-9.6.jar with ClasspathEntrySnapshotTransform
Transforming jetified-asm-util-9.6.jar with ClasspathEntrySnapshotTransform
Transforming jetified-asm-analysis-9.6.jar with ClasspathEntrySnapshotTransform
Transforming jetified-asm-tree-9.6.jar with ClasspathEntrySnapshotTransform
Transforming jetified-asm-9.6.jar with ClasspathEntrySnapshotTransform
Transforming jetified-auto-value-annotations-1.10.4.jar with ClasspathEntrySnapshotTransform
Transforming jetified-sqlite4java-1.0.392.jar with ClasspathEntrySnapshotTransform
Transforming jetified-icu4j-73.2.jar with ClasspathEntrySnapshotTransform
Transforming jetified-bcprov-jdk18on-1.76.jar with ClasspathEntrySnapshotTransform
Transforming jetified-resourceinspection-annotation-1.0.1.jar with ClasspathEntrySnapshotTransform
Transforming exifinterface-1.3.7-api.jar with ClasspathEntrySnapshotTransform
Transforming jetified-media3-database-1.5.0-api.jar with ClasspathEntrySnapshotTransform
Transforming jetified-media3-datasource-1.5.0-api.jar with ClasspathEntrySnapshotTransform
Transforming jetified-media3-decoder-1.5.0-api.jar with ClasspathEntrySnapshotTransform
Transforming jetified-disklrucache-4.16.0.jar with ClasspathEntrySnapshotTransform
Transforming jetified-annotations-4.16.0.jar with ClasspathEntrySnapshotTransform
Transforming jetified-dagger-lint-aar-2.51.1-api.jar with ClasspathEntrySnapshotTransform
Transforming jetified-hilt-common-1.2.0.jar with ClasspathEntrySnapshotTransform
Transforming jetified-protolite-well-known-types-18.0.0-api.jar with ClasspathEntrySnapshotTransform
Transforming jetified-protobuf-javalite-3.22.3.jar with ClasspathEntrySnapshotTransform
Transforming jetified-slf4j-api-1.7.36.jar with ClasspathEntrySnapshotTransform
Transforming jetified-config-1.4.2.jar with ClasspathEntrySnapshotTransform
Transforming android.jar with ClasspathEntrySnapshotTransform
Transforming core-lambda-stubs.jar with ClasspathEntrySnapshotTransform
Transforming debugUnitTest with ClasspathEntrySnapshotTransform
Caching disabled for task ':app:compileDebugUnitTestKotlin' because:
  Build cache is disabled
Task ':app:compileDebugUnitTestKotlin' is not up-to-date because:
  Task has failed previously.
The input changes require a full rebuild for incremental task ':app:compileDebugUnitTestKotlin'.
file or directory 'D:\cursor working\debxtrem\app\src\debugUnitTest\kotlin', not found
file or directory 'D:\cursor working\debxtrem\app\src\debugUnitTest\kotlin', not found
file or directory 'D:\cursor working\debxtrem\app\src\test\kotlin', not found
file or directory 'D:\cursor working\debxtrem\app\src\test\kotlin', not found
file or directory 'D:\cursor working\debxtrem\app\src\test\kotlin', not found
file or directory 'D:\cursor working\debxtrem\app\src\test\kotlin', not found
file or directory 'D:\cursor working\debxtrem\app\src\test\kotlin', not found
file or directory 'D:\cursor working\debxtrem\app\src\test\kotlin', not found
file or directory 'D:\cursor working\debxtrem\app\src\testDebug\kotlin', not found
file or directory 'D:\cursor working\debxtrem\app\src\testDebug\kotlin', not found
file or directory 'D:\cursor working\debxtrem\app\src\testDebug\java', not found
file or directory 'D:\cursor working\debxtrem\app\src\testDebug\kotlin', not found
file or directory 'D:\cursor working\debxtrem\app\src\testDebug\java', not found
file or directory 'D:\cursor working\debxtrem\app\src\testDebug\kotlin', not found
file or directory 'D:\cursor working\debxtrem\app\src\testDebug\kotlin', not found
file or directory 'D:\cursor working\debxtrem\app\src\testDebug\java', not found
file or directory 'D:\cursor working\debxtrem\app\src\testDebug\kotlin', not found
file or directory 'D:\cursor working\debxtrem\app\src\testDebug\java', not found
file or directory 'D:\cursor working\debxtrem\app\src\testDebug\java', not found
file or directory 'D:\cursor working\debxtrem\app\src\debugUnitTest\kotlin', not found
file or directory 'D:\cursor working\debxtrem\app\src\debugUnitTest\kotlin', not found
file or directory 'D:\cursor working\debxtrem\app\src\test\kotlin', not found
file or directory 'D:\cursor working\debxtrem\app\src\test\kotlin', not found
file or directory 'D:\cursor working\debxtrem\app\src\debugUnitTest\kotlin', not found
file or directory 'D:\cursor working\debxtrem\app\src\debugUnitTest\kotlin', not found
file or directory 'D:\cursor working\debxtrem\app\src\test\kotlin', not found
file or directory 'D:\cursor working\debxtrem\app\src\test\kotlin', not found
file or directory 'D:\cursor working\debxtrem\app\src\test\kotlin', not found
file or directory 'D:\cursor working\debxtrem\app\src\test\kotlin', not found
file or directory 'D:\cursor working\debxtrem\app\src\test\kotlin', not found
file or directory 'D:\cursor working\debxtrem\app\src\test\kotlin', not found
file or directory 'D:\cursor working\debxtrem\app\src\testDebug\kotlin', not found
file or directory 'D:\cursor working\debxtrem\app\src\testDebug\kotlin', not found
file or directory 'D:\cursor working\debxtrem\app\src\testDebug\java', not found
file or directory 'D:\cursor working\debxtrem\app\src\testDebug\kotlin', not found
file or directory 'D:\cursor working\debxtrem\app\src\testDebug\java', not found
file or directory 'D:\cursor working\debxtrem\app\src\testDebug\kotlin', not found
file or directory 'D:\cursor working\debxtrem\app\src\testDebug\kotlin', not found
file or directory 'D:\cursor working\debxtrem\app\src\testDebug\java', not found
file or directory 'D:\cursor working\debxtrem\app\src\testDebug\kotlin', not found
file or directory 'D:\cursor working\debxtrem\app\src\testDebug\java', not found
file or directory 'D:\cursor working\debxtrem\app\src\testDebug\java', not found
file or directory 'D:\cursor working\debxtrem\app\src\debugUnitTest\kotlin', not found
file or directory 'D:\cursor working\debxtrem\app\src\debugUnitTest\kotlin', not found
file or directory 'D:\cursor working\debxtrem\app\src\test\kotlin', not found
file or directory 'D:\cursor working\debxtrem\app\src\test\kotlin', not found
file or directory 'D:\cursor working\debxtrem\app\src\test\kotlin', not found
file or directory 'D:\cursor working\debxtrem\app\src\test\kotlin', not found
file or directory 'D:\cursor working\debxtrem\app\src\test\kotlin', not found
file or directory 'D:\cursor working\debxtrem\app\src\test\kotlin', not found
file or directory 'D:\cursor working\debxtrem\app\src\testDebug\kotlin', not found
file or directory 'D:\cursor working\debxtrem\app\src\testDebug\kotlin', not found
file or directory 'D:\cursor working\debxtrem\app\src\testDebug\java', not found
file or directory 'D:\cursor working\debxtrem\app\src\testDebug\kotlin', not found
file or directory 'D:\cursor working\debxtrem\app\src\testDebug\java', not found
file or directory 'D:\cursor working\debxtrem\app\src\testDebug\kotlin', not found
file or directory 'D:\cursor working\debxtrem\app\src\testDebug\kotlin', not found
file or directory 'D:\cursor working\debxtrem\app\src\testDebug\java', not found
file or directory 'D:\cursor working\debxtrem\app\src\testDebug\kotlin', not found
file or directory 'D:\cursor working\debxtrem\app\src\testDebug\java', not found
file or directory 'D:\cursor working\debxtrem\app\src\testDebug\java', not found
file or directory 'D:\cursor working\debxtrem\app\src\debugUnitTest\kotlin', not found
file or directory 'D:\cursor working\debxtrem\app\src\debugUnitTest\kotlin', not found
file or directory 'D:\cursor working\debxtrem\app\src\test\kotlin', not found
file or directory 'D:\cursor working\debxtrem\app\src\test\kotlin', not found
file or directory 'D:\cursor working\debxtrem\app\src\test\kotlin', not found
file or directory 'D:\cursor working\debxtrem\app\src\test\kotlin', not found
file or directory 'D:\cursor working\debxtrem\app\src\test\kotlin', not found
file or directory 'D:\cursor working\debxtrem\app\src\test\kotlin', not found
file or directory 'D:\cursor working\debxtrem\app\src\testDebug\kotlin', not found
file or directory 'D:\cursor working\debxtrem\app\src\testDebug\kotlin', not found
file or directory 'D:\cursor working\debxtrem\app\src\testDebug\java', not found
file or directory 'D:\cursor working\debxtrem\app\src\testDebug\kotlin', not found
file or directory 'D:\cursor working\debxtrem\app\src\testDebug\java', not found
file or directory 'D:\cursor working\debxtrem\app\src\testDebug\kotlin', not found
file or directory 'D:\cursor working\debxtrem\app\src\testDebug\kotlin', not found
file or directory 'D:\cursor working\debxtrem\app\src\testDebug\java', not found
file or directory 'D:\cursor working\debxtrem\app\src\testDebug\kotlin', not found
file or directory 'D:\cursor working\debxtrem\app\src\testDebug\java', not found
file or directory 'D:\cursor working\debxtrem\app\src\testDebug\java', not found
Kotlin source files: D:\cursor working\debxtrem\app\src\test\java\com\tvonnet\debridxtreamiptv\core\featureflag\FeatureFlagManagerTest.kt, D:\cursor working\debxtrem\app\src\test\java\com\tvonnet\debridxtreamiptv\core\network\NetworkSafetyTest.kt, D:\cursor working\debxtrem\app\src\test\java\com\tvonnet\debridxtreamiptv\data\cache\CachedDataTest.kt, D:\cursor working\debxtrem\app\src\test\java\com\tvonnet\debridxtreamiptv\data\debrid\source\MediaFusionFetcherTest.kt, D:\cursor working\debxtrem\app\src\test\java\com\tvonnet\debridxtreamiptv\data\debrid\util\LanguageParserTest.kt, D:\cursor working\debxtrem\app\src\test\java\com\tvonnet\debridxtreamiptv\data\local\CategoryDaoTest.kt, D:\cursor working\debxtrem\app\src\test\java\com\tvonnet\debridxtreamiptv\data\local\ChannelDaoTest.kt, D:\cursor working\debxtrem\app\src\test\java\com\tvonnet\debridxtreamiptv\data\local\entity\EpisodeEntityTest.kt, D:\cursor working\debxtrem\app\src\test\java\com\tvonnet\debridxtreamiptv\data\local\FavoriteDaoTest.kt, D:\cursor working\debxtrem\app\src\test\java\com\tvonnet\debridxtreamiptv\data\local\VodDaoTest.kt, D:\cursor working\debxtrem\app\src\test\java\com\tvonnet\debridxtreamiptv\data\paging\SeriesPagingSourceTest.kt, D:\cursor working\debxtrem\app\src\test\java\com\tvonnet\debridxtreamiptv\data\prefs\IdentityPreferencesTest.kt, D:\cursor working\debxtrem\app\src\test\java\com\tvonnet\debridxtreamiptv\data\remote\adapter\EpisodeDetailJsonAdapterTest.kt, D:\cursor working\debxtrem\app\src\test\java\com\tvonnet\debridxtreamiptv\data\repository\SeriesRepositoryErrorHandlingTest.kt, D:\cursor working\debxtrem\app\src\test\java\com\tvonnet\debridxtreamiptv\data\repository\XtreamRepositoryTest.kt, D:\cursor working\debxtrem\app\src\test\java\com\tvonnet\debridxtreamiptv\features\seriesv2\domain\logic\RetentionPolicyTest.kt, D:\cursor working\debxtrem\app\src\test\java\com\tvonnet\debridxtreamiptv\repository\XtreamRepositoryStreamLookupTest.kt, D:\cursor working\debxtrem\app\src\test\java\com\tvonnet\debridxtreamiptv\testutil\MainDispatcherRule.kt, D:\cursor working\debxtrem\app\src\test\java\com\tvonnet\debridxtreamiptv\ui\compose\MovieMapperTest.kt, D:\cursor working\debxtrem\app\src\test\java\com\tvonnet\debridxtreamiptv\ui\live\LiveViewModelTest.kt, D:\cursor working\debxtrem\app\src\test\java\com\tvonnet\debridxtreamiptv\ui\search\SearchViewModelTest.kt, D:\cursor working\debxtrem\app\src\test\java\com\tvonnet\debridxtreamiptv\ui\series\SeriesDetailActivityTest.kt, D:\cursor working\debxtrem\app\src\test\java\com\tvonnet\debridxtreamiptv\ui\series\SeriesDetailViewModelTest.kt, D:\cursor working\debxtrem\app\src\test\java\com\tvonnet\debridxtreamiptv\ui\series\SeriesViewModelTest.kt, D:\cursor working\debxtrem\app\src\test\java\com\tvonnet\debridxtreamiptv\ui\vod\VodViewModelTest.kt, D:\cursor working\debxtrem\app\src\test\java\com\tvonnet\debridxtreamiptv\utils\error\ErrorManagerTest.kt, D:\cursor working\debxtrem\app\src\test\java\com\tvonnet\debridxtreamiptv\utils\memory\MemoryPerformanceTest.kt, D:\cursor working\debxtrem\app\src\test\java\com\tvonnet\debridxtreamiptv\worker\EpgSyncControllerTest.kt, D:\cursor working\debxtrem\app\src\test\java\com\tvonnet\debridxtreamiptv\worker\SeriesSyncWorkerTest.kt
Java source files: 
Script source files: 
Script file extensions: 
[KOTLIN] Kotlin compilation 'jdkHome' argument: null

> Task :app:compileDebugUnitTestKotlin FAILED
Kotlin build report is written to file:///D:/cursor%20working/debxtrem/build/reports/kotlin-build/DebridXtreamIPTV-build-2026-05-11-17-06-40-0.txt

Deprecated Gradle features were used in this build, making it incompatible with Gradle 9.0.

You can use '--warning-mode all' to show the individual deprecation warnings and determine if they come from your own scripts or plugins.

For more on this, please refer to https://docs.gradle.org/8.9/userguide/command_line_interface.html#sec:command_line_warnings in the Gradle documentation.
29 actionable tasks: 2 executed, 27 up-to-date
