Initialized native services in: C:\Users\Malik\.gradle\native
Initialized jansi services in: C:\Users\Malik\.gradle\native
Received JVM installation metadata from 'C:\Program Files\Java': {JAVA_HOME=C:\Program Files\Java, JAVA_VERSION=21.0.4, JAVA_VENDOR=Red Hat, Inc., RUNTIME_NAME=OpenJDK Runtime Environment, RUNTIME_VERSION=21.0.4+7-LTS, VM_NAME=OpenJDK 64-Bit Server VM, VM_VERSION=21.0.4+7-LTS, VM_VENDOR=Red Hat, Inc., OS_ARCH=amd64}
To honour the JVM settings for this build a single-use Daemon process will be forked. For more on this, please refer to https://docs.gradle.org/8.9/userguide/gradle_daemon.html#sec:disabling_the_daemon in the Gradle documentation.
Starting process 'Gradle build daemon'. Working directory: C:\Users\Malik\.gradle\daemon\8.9 Command: C:\Program Files\Java\bin\java.exe -XX:MaxMetaspaceSize=512m -XX:+UseG1GC -XX:+UseStringDeduplication --add-opens=java.base/java.util=ALL-UNNAMED --add-opens=java.base/java.lang=ALL-UNNAMED --add-opens=java.base/java.lang.invoke=ALL-UNNAMED --add-opens=java.prefs/java.util.prefs=ALL-UNNAMED --add-exports=jdk.compiler/com.sun.tools.javac.api=ALL-UNNAMED --add-exports=jdk.compiler/com.sun.tools.javac.util=ALL-UNNAMED --add-opens=java.base/java.nio.charset=ALL-UNNAMED --add-opens=java.base/java.net=ALL-UNNAMED --add-opens=java.base/java.util.concurrent.atomic=ALL-UNNAMED -Xmx4096m -Dfile.encoding=UTF-8 -Duser.country=GB -Duser.language=en -Duser.variant -cp C:\Users\Malik\.gradle\wrapper\dists\gradle-8.9-all\6m0mbzute7p0zdleavqlib88a\gradle-8.9\lib\gradle-daemon-main-8.9.jar -javaagent:C:\Users\Malik\.gradle\wrapper\dists\gradle-8.9-all\6m0mbzute7p0zdleavqlib88a\gradle-8.9\lib\agents\gradle-instrumentation-agent-8.9.jar org.gradle.launcher.daemon.bootstrap.GradleDaemon 8.9
Successfully started process 'Gradle build daemon'
An attempt to start the daemon took 2.588 secs.
The client will now receive all logging from the daemon (pid: 40168). The daemon log file: C:\Users\Malik\.gradle\daemon\8.9\daemon-40168.out.log
Daemon will be stopped at the end of the build 
Using 4 worker leases.
Configuration on demand is an incubating feature.
Received JVM installation metadata from 'C:\Program Files\Java': {JAVA_HOME=C:\Program Files\Java, JAVA_VERSION=21.0.4, JAVA_VENDOR=Red Hat, Inc., RUNTIME_NAME=OpenJDK Runtime Environment, RUNTIME_VERSION=21.0.4+7-LTS, VM_NAME=OpenJDK 64-Bit Server VM, VM_VERSION=21.0.4+7-LTS, VM_VENDOR=Red Hat, Inc., OS_ARCH=amd64}
Watching the file system is configured to be enabled
Now considering [D:\cursor working\debxtrem] as hierarchies to watch
File system watching is active
Starting Build
Settings evaluated using settings file 'D:\cursor working\debxtrem\settings.gradle'.
Using local directory build cache for the root build (location = C:\Users\Malik\.gradle\caches\build-cache-1, removeUnusedEntriesAfter = 7 days).
Projects loaded. Root project using build file 'D:\cursor working\debxtrem\build.gradle'.
Included projects: [root project 'DebridXtreamIPTV', project ':app']

> Configure project :
Evaluating root project 'DebridXtreamIPTV' using build file 'D:\cursor working\debxtrem\build.gradle'.
Transforming gradle-8.7.1.jar (com.android.tools.build:gradle:8.7.1) with InstrumentationAnalysisTransform
Transforming kotlin-gradle-plugin-model-1.9.25.jar (org.jetbrains.kotlin:kotlin-gradle-plugin-model:1.9.25) with InstrumentationAnalysisTransform
Transforming kotlin-gradle-plugin-api-1.9.25.jar (org.jetbrains.kotlin:kotlin-gradle-plugin-api:1.9.25) with InstrumentationAnalysisTransform
Transforming kotlin-gradle-plugin-1.9.25-gradle82.jar (org.jetbrains.kotlin:kotlin-gradle-plugin:1.9.25) with InstrumentationAnalysisTransform
Transforming hilt-android-gradle-plugin-2.51.1.jar (com.google.dagger:hilt-android-gradle-plugin:2.51.1) with InstrumentationAnalysisTransform
Transforming google-services-4.4.2.jar (com.google.gms:google-services:4.4.2) with InstrumentationAnalysisTransform
Transforming gradle-settings-api-8.7.1.jar (com.android.tools.build:gradle-settings-api:8.7.1) with InstrumentationAnalysisTransform
Transforming lint-model-31.7.1.jar (com.android.tools.lint:lint-model:31.7.1) with InstrumentationAnalysisTransform
Transforming builder-8.7.1.jar (com.android.tools.build:builder:8.7.1) with InstrumentationAnalysisTransform
Transforming manifest-merger-31.7.1.jar (com.android.tools.build:manifest-merger:31.7.1) with InstrumentationAnalysisTransform
Transforming sdk-common-31.7.1.jar (com.android.tools:sdk-common:31.7.1) with InstrumentationAnalysisTransform
Transforming sdklib-31.7.1.jar (com.android.tools:sdklib:31.7.1) with InstrumentationAnalysisTransform
Transforming repository-31.7.1.jar (com.android.tools:repository:31.7.1) with InstrumentationAnalysisTransform
Transforming gradle-api-8.7.1.jar (com.android.tools.build:gradle-api:8.7.1) with InstrumentationAnalysisTransform
Transforming builder-test-api-8.7.1.jar (com.android.tools.build:builder-test-api:8.7.1) with InstrumentationAnalysisTransform
Transforming ddmlib-31.7.1.jar (com.android.tools.ddms:ddmlib:31.7.1) with InstrumentationAnalysisTransform
Transforming aaptcompiler-8.7.1.jar (com.android.tools.build:aaptcompiler:8.7.1) with InstrumentationAnalysisTransform
Transforming bundletool-1.17.1.jar (com.android.tools.build:bundletool:1.17.1) with InstrumentationAnalysisTransform
Transforming aapt2-proto-8.7.1-12006047.jar (com.android.tools.build:aapt2-proto:8.7.1-12006047) with InstrumentationAnalysisTransform
Transforming crash-31.7.1.jar (com.android.tools.analytics-library:crash:31.7.1) with InstrumentationAnalysisTransform
Transforming tracker-31.7.1.jar (com.android.tools.analytics-library:tracker:31.7.1) with InstrumentationAnalysisTransform
Transforming shared-31.7.1.jar (com.android.tools.analytics-library:shared:31.7.1) with InstrumentationAnalysisTransform
Transforming lint-typedef-remover-31.7.1.jar (com.android.tools.lint:lint-typedef-remover:31.7.1) with InstrumentationAnalysisTransform
Transforming databinding-compiler-common-8.7.1.jar (androidx.databinding:databinding-compiler-common:8.7.1) with InstrumentationAnalysisTransform
Transforming databinding-common-8.7.1.jar (androidx.databinding:databinding-common:8.7.1) with InstrumentationAnalysisTransform
Transforming baseLibrary-8.7.1.jar (com.android.databinding:baseLibrary:8.7.1) with InstrumentationAnalysisTransform
Transforming layoutlib-api-31.7.1.jar (com.android.tools.layoutlib:layoutlib-api:31.7.1) with InstrumentationAnalysisTransform
Transforming android-device-provider-ddmlib-proto-31.7.1.jar (com.android.tools.utp:android-device-provider-ddmlib-proto:31.7.1) with InstrumentationAnalysisTransform
Transforming android-device-provider-gradle-proto-31.7.1.jar (com.android.tools.utp:android-device-provider-gradle-proto:31.7.1) with InstrumentationAnalysisTransform
Transforming android-device-provider-profile-proto-31.7.1.jar (com.android.tools.utp:android-device-provider-profile-proto:31.7.1) with InstrumentationAnalysisTransform
Transforming android-test-plugin-host-additional-test-output-proto-31.7.1.jar (com.android.tools.utp:android-test-plugin-host-additional-test-output-proto:31.7.1) with InstrumentationAnalysisTransform
Transforming android-test-plugin-host-coverage-proto-31.7.1.jar (com.android.tools.utp:android-test-plugin-host-coverage-proto:31.7.1) with InstrumentationAnalysisTransform
Transforming android-test-plugin-host-emulator-control-proto-31.7.1.jar (com.android.tools.utp:android-test-plugin-host-emulator-control-proto:31.7.1) with InstrumentationAnalysisTransform
Transforming android-test-plugin-host-logcat-proto-31.7.1.jar (com.android.tools.utp:android-test-plugin-host-logcat-proto:31.7.1) with InstrumentationAnalysisTransform
Transforming android-test-plugin-host-apk-installer-proto-31.7.1.jar (com.android.tools.utp:android-test-plugin-host-apk-installer-proto:31.7.1) with InstrumentationAnalysisTransform
Transforming android-test-plugin-host-retention-proto-31.7.1.jar (com.android.tools.utp:android-test-plugin-host-retention-proto:31.7.1) with InstrumentationAnalysisTransform
Transforming android-test-plugin-result-listener-gradle-proto-31.7.1.jar (com.android.tools.utp:android-test-plugin-result-listener-gradle-proto:31.7.1) with InstrumentationAnalysisTransform
Transforming builder-model-8.7.1.jar (com.android.tools.build:builder-model:8.7.1) with InstrumentationAnalysisTransform
Transforming jetifier-processor-1.0.0-beta10.jar (com.android.tools.build.jetifier:jetifier-processor:1.0.0-beta10) with InstrumentationAnalysisTransform
Transforming jetifier-core-1.0.0-beta10.jar (com.android.tools.build.jetifier:jetifier-core:1.0.0-beta10) with InstrumentationAnalysisTransform
Transforming kotlin-reflect-1.9.20.jar (org.jetbrains.kotlin:kotlin-reflect:1.9.20) with InstrumentationAnalysisTransform
Transforming kotlin-stdlib-jdk7-1.9.20.jar (org.jetbrains.kotlin:kotlin-stdlib-jdk7:1.9.20) with InstrumentationAnalysisTransform
Transforming kotlin-stdlib-1.9.20.jar (org.jetbrains.kotlin:kotlin-stdlib:1.9.20) with InstrumentationAnalysisTransform
Transforming strict-version-matcher-plugin-1.2.4.jar (com.google.android.gms:strict-version-matcher-plugin:1.2.4) with InstrumentationAnalysisTransform
Transforming dvlib-31.7.1.jar (com.android.tools:dvlib:31.7.1) with InstrumentationAnalysisTransform
Transforming common-31.7.1.jar (com.android.tools:common:31.7.1) with InstrumentationAnalysisTransform
Transforming kotlin-stdlib-jdk8-1.9.20.jar (org.jetbrains.kotlin:kotlin-stdlib-jdk8:1.9.20) with InstrumentationAnalysisTransform
Transforming transform-api-2.0.0-deprecated-use-gradle-api.jar (com.android.tools.build:transform-api:2.0.0-deprecated-use-gradle-api) with InstrumentationAnalysisTransform
Transforming httpmime-4.5.6.jar (org.apache.httpcomponents:httpmime:4.5.6) with InstrumentationAnalysisTransform
Transforming commons-io-2.13.0.jar (commons-io:commons-io:2.13.0) with InstrumentationAnalysisTransform
Transforming asm-commons-9.6.jar (org.ow2.asm:asm-commons:9.6) with InstrumentationAnalysisTransform
Transforming asm-util-9.6.jar (org.ow2.asm:asm-util:9.6) with InstrumentationAnalysisTransform
Transforming asm-analysis-9.6.jar (org.ow2.asm:asm-analysis:9.6) with InstrumentationAnalysisTransform
Transforming asm-tree-9.6.jar (org.ow2.asm:asm-tree:9.6) with InstrumentationAnalysisTransform
Transforming asm-9.6.jar (org.ow2.asm:asm:9.6) with InstrumentationAnalysisTransform
Transforming apkzlib-8.7.1.jar (com.android.tools.build:apkzlib:8.7.1) with InstrumentationAnalysisTransform
Transforming bcpkix-jdk18on-1.77.jar (org.bouncycastle:bcpkix-jdk18on:1.77) with InstrumentationAnalysisTransform
Transforming jaxb-runtime-2.3.2.jar (org.glassfish.jaxb:jaxb-runtime:2.3.2) with InstrumentationAnalysisTransform
Transforming jopt-simple-4.9.jar (net.sf.jopt-simple:jopt-simple:4.9) with InstrumentationAnalysisTransform
Transforming javapoet-1.13.0.jar (com.squareup:javapoet:1.13.0) with InstrumentationAnalysisTransform
Transforming protobuf-java-util-3.22.3.jar (com.google.protobuf:protobuf-java-util:3.22.3) with InstrumentationAnalysisTransform
Transforming grpc-protobuf-1.57.0.jar (io.grpc:grpc-protobuf:1.57.0) with InstrumentationAnalysisTransform
Transforming tink-1.7.0.jar (com.google.crypto.tink:tink:1.7.0) with InstrumentationAnalysisTransform
Transforming protos-31.7.1.jar (com.android.tools.analytics-library:protos:31.7.1) with InstrumentationAnalysisTransform
Transforming proto-google-common-protos-2.17.0.jar (com.google.api.grpc:proto-google-common-protos:2.17.0) with InstrumentationAnalysisTransform
Transforming protobuf-java-3.22.3.jar (com.google.protobuf:protobuf-java:3.22.3) with InstrumentationAnalysisTransform
Transforming grpc-netty-1.57.0.jar (io.grpc:grpc-netty:1.57.0) with InstrumentationAnalysisTransform
Transforming grpc-core-1.57.0.jar (io.grpc:grpc-core:1.57.0) with InstrumentationAnalysisTransform
Transforming gson-2.10.1.jar (com.google.code.gson:gson:2.10.1) with InstrumentationAnalysisTransform
Transforming grpc-stub-1.57.0.jar (io.grpc:grpc-stub:1.57.0) with InstrumentationAnalysisTransform
Transforming core-proto-0.0.9-alpha02.jar (com.google.testing.platform:core-proto:0.0.9-alpha02) with InstrumentationAnalysisTransform
Transforming tensorflow-lite-metadata-0.1.0-rc2.jar (org.tensorflow:tensorflow-lite-metadata:0.1.0-rc2) with InstrumentationAnalysisTransform
Transforming flatbuffers-java-1.12.0.jar (com.google.flatbuffers:flatbuffers-java:1.12.0) with InstrumentationAnalysisTransform
Transforming kotlin-gradle-plugin-idea-proto-1.9.25.jar (org.jetbrains.kotlin:kotlin-gradle-plugin-idea-proto:1.9.25) with InstrumentationAnalysisTransform
Transforming kotlin-gradle-plugin-idea-1.9.25.jar (org.jetbrains.kotlin:kotlin-gradle-plugin-idea:1.9.25) with InstrumentationAnalysisTransform
Transforming kotlin-klib-commonizer-api-1.9.25.jar (org.jetbrains.kotlin:kotlin-klib-commonizer-api:1.9.25) with InstrumentationAnalysisTransform
Transforming kotlin-native-utils-1.9.25.jar (org.jetbrains.kotlin:kotlin-native-utils:1.9.25) with InstrumentationAnalysisTransform
Transforming kotlin-util-klib-1.9.25.jar (org.jetbrains.kotlin:kotlin-util-klib:1.9.25) with InstrumentationAnalysisTransform
Transforming kotlin-build-tools-api-1.9.25.jar (org.jetbrains.kotlin:kotlin-build-tools-api:1.9.25) with InstrumentationAnalysisTransform
Transforming kotlin-android-extensions-1.9.25.jar (org.jetbrains.kotlin:kotlin-android-extensions:1.9.25) with InstrumentationAnalysisTransform
Transforming kotlin-compiler-runner-1.9.25.jar (org.jetbrains.kotlin:kotlin-compiler-runner:1.9.25) with InstrumentationAnalysisTransform
Transforming kotlin-compiler-embeddable-1.9.25.jar (org.jetbrains.kotlin:kotlin-compiler-embeddable:1.9.25) with InstrumentationAnalysisTransform
Transforming kotlin-scripting-compiler-embeddable-1.9.25.jar (org.jetbrains.kotlin:kotlin-scripting-compiler-embeddable:1.9.25) with InstrumentationAnalysisTransform
Transforming kotlin-scripting-compiler-impl-embeddable-1.9.25.jar (org.jetbrains.kotlin:kotlin-scripting-compiler-impl-embeddable:1.9.25) with InstrumentationAnalysisTransform
Transforming jimfs-1.1.jar (com.google.jimfs:jimfs:1.1) with InstrumentationAnalysisTransform
Transforming grpc-context-1.57.0.jar (io.grpc:grpc-context:1.57.0) with InstrumentationAnalysisTransform
Transforming grpc-protobuf-lite-1.57.0.jar (io.grpc:grpc-protobuf-lite:1.57.0) with InstrumentationAnalysisTransform
Transforming grpc-api-1.57.0.jar (io.grpc:grpc-api:1.57.0) with InstrumentationAnalysisTransform
Transforming guava-32.0.1-jre.jar (com.google.guava:guava:32.0.1-jre) with InstrumentationAnalysisTransform
Transforming dagger-2.28.3.jar (com.google.dagger:dagger:2.28.3) with InstrumentationAnalysisTransform
Transforming javax.inject-1.jar (javax.inject:javax.inject:1) with InstrumentationAnalysisTransform
Transforming kxml2-2.3.0.jar (net.sf.kxml:kxml2:2.3.0) with InstrumentationAnalysisTransform
Transforming bcutil-jdk18on-1.77.jar (org.bouncycastle:bcutil-jdk18on:1.77) with InstrumentationAnalysisTransform
Transforming bcprov-jdk18on-1.77.jar (org.bouncycastle:bcprov-jdk18on:1.77) with InstrumentationAnalysisTransform
Transforming trove4j-1.0.20200330.jar (org.jetbrains.intellij.deps:trove4j:1.0.20200330) with InstrumentationAnalysisTransform
Transforming commons-compress-1.21.jar (org.apache.commons:commons-compress:1.21) with InstrumentationAnalysisTransform
Transforming httpclient-4.5.14.jar (org.apache.httpcomponents:httpclient:4.5.14) with InstrumentationAnalysisTransform
Transforming httpcore-4.4.16.jar (org.apache.httpcomponents:httpcore:4.4.16) with InstrumentationAnalysisTransform
Transforming javax.activation-1.2.0.jar (com.sun.activation:javax.activation:1.2.0) with InstrumentationAnalysisTransform
Transforming annotations-23.0.0.jar (org.jetbrains:annotations:23.0.0) with InstrumentationAnalysisTransform
Transforming signflinger-8.7.1.jar (com.android:signflinger:8.7.1) with InstrumentationAnalysisTransform
Transforming zipflinger-8.7.1.jar (com.android:zipflinger:8.7.1) with InstrumentationAnalysisTransform
Transforming annotations-31.7.1.jar (com.android.tools:annotations:31.7.1) with InstrumentationAnalysisTransform
Transforming jna-platform-5.6.0.jar (net.java.dev.jna:jna-platform:5.6.0) with InstrumentationAnalysisTransform
Transforming juniversalchardet-1.0.3.jar (com.googlecode.juniversalchardet:juniversalchardet:1.0.3) with InstrumentationAnalysisTransform
Transforming javax.annotation-api-1.3.2.jar (javax.annotation:javax.annotation-api:1.3.2) with InstrumentationAnalysisTransform
Transforming stax-ex-1.8.1.jar (org.jvnet.staxex:stax-ex:1.8.1) with InstrumentationAnalysisTransform
Transforming jakarta.xml.bind-api-2.3.2.jar (jakarta.xml.bind:jakarta.xml.bind-api:2.3.2) with InstrumentationAnalysisTransform
Transforming txw2-2.3.2.jar (org.glassfish.jaxb:txw2:2.3.2) with InstrumentationAnalysisTransform
Transforming istack-commons-runtime-3.0.8.jar (com.sun.istack:istack-commons-runtime:3.0.8) with InstrumentationAnalysisTransform
Transforming FastInfoset-1.2.16.jar (com.sun.xml.fastinfoset:FastInfoset:1.2.16) with InstrumentationAnalysisTransform
Transforming jakarta.activation-api-1.2.1.jar (jakarta.activation:jakarta.activation-api:1.2.1) with InstrumentationAnalysisTransform
Transforming auto-value-annotations-1.6.2.jar (com.google.auto.value:auto-value-annotations:1.6.2) with InstrumentationAnalysisTransform
Transforming error_prone_annotations-2.18.0.jar (com.google.errorprone:error_prone_annotations:2.18.0) with InstrumentationAnalysisTransform
Transforming jose4j-0.9.5.jar (org.bitbucket.b_c:jose4j:0.9.5) with InstrumentationAnalysisTransform
Transforming slf4j-api-1.7.30.jar (org.slf4j:slf4j-api:1.7.30) with InstrumentationAnalysisTransform
Transforming jdom2-2.0.6.jar (org.jdom:jdom2:2.0.6) with InstrumentationAnalysisTransform
Transforming jsr305-3.0.2.jar (com.google.code.findbugs:jsr305:3.0.2) with InstrumentationAnalysisTransform
Transforming j2objc-annotations-2.8.jar (com.google.j2objc:j2objc-annotations:2.8) with InstrumentationAnalysisTransform
Transforming annotations-4.1.1.4.jar (com.google.android:annotations:4.1.1.4) with InstrumentationAnalysisTransform
Transforming animal-sniffer-annotations-1.23.jar (org.codehaus.mojo:animal-sniffer-annotations:1.23) with InstrumentationAnalysisTransform
Transforming perfmark-api-0.26.0.jar (io.perfmark:perfmark-api:0.26.0) with InstrumentationAnalysisTransform
Transforming netty-codec-http2-4.1.93.Final.jar (io.netty:netty-codec-http2:4.1.93.Final) with InstrumentationAnalysisTransform
Transforming netty-handler-proxy-4.1.93.Final.jar (io.netty:netty-handler-proxy:4.1.93.Final) with InstrumentationAnalysisTransform
Transforming netty-codec-http-4.1.93.Final.jar (io.netty:netty-codec-http:4.1.93.Final) with InstrumentationAnalysisTransform
Transforming netty-handler-4.1.93.Final.jar (io.netty:netty-handler:4.1.93.Final) with InstrumentationAnalysisTransform
Transforming netty-transport-native-unix-common-4.1.93.Final.jar (io.netty:netty-transport-native-unix-common:4.1.93.Final) with InstrumentationAnalysisTransform
Transforming checker-qual-3.33.0.jar (org.checkerframework:checker-qual:3.33.0) with InstrumentationAnalysisTransform
Transforming commons-codec-1.11.jar (commons-codec:commons-codec:1.11) with InstrumentationAnalysisTransform
Transforming apksig-8.7.1.jar (com.android.tools.build:apksig:8.7.1) with InstrumentationAnalysisTransform
Transforming javawriter-2.5.0.jar (com.squareup:javawriter:2.5.0) with InstrumentationAnalysisTransform
Transforming kotlin-gradle-plugin-annotations-1.9.25.jar (org.jetbrains.kotlin:kotlin-gradle-plugin-annotations:1.9.25) with InstrumentationAnalysisTransform
Transforming kotlin-project-model-1.9.25.jar (org.jetbrains.kotlin:kotlin-project-model:1.9.25) with InstrumentationAnalysisTransform
Transforming kotlin-tooling-core-1.9.25.jar (org.jetbrains.kotlin:kotlin-tooling-core:1.9.25) with InstrumentationAnalysisTransform
Transforming kotlin-util-io-1.9.25.jar (org.jetbrains.kotlin:kotlin-util-io:1.9.25) with InstrumentationAnalysisTransform
Transforming kotlin-daemon-embeddable-1.9.25.jar (org.jetbrains.kotlin:kotlin-daemon-embeddable:1.9.25) with InstrumentationAnalysisTransform
Transforming kotlin-daemon-client-1.9.25.jar (org.jetbrains.kotlin:kotlin-daemon-client:1.9.25) with InstrumentationAnalysisTransform
Transforming kotlinx-coroutines-core-jvm-1.5.0.jar (org.jetbrains.kotlinx:kotlinx-coroutines-core-jvm:1.5.0) with InstrumentationAnalysisTransform
Transforming kotlin-scripting-jvm-1.9.25.jar (org.jetbrains.kotlin:kotlin-scripting-jvm:1.9.25) with InstrumentationAnalysisTransform
Transforming kotlin-scripting-common-1.9.25.jar (org.jetbrains.kotlin:kotlin-scripting-common:1.9.25) with InstrumentationAnalysisTransform
Transforming failureaccess-1.0.1.jar (com.google.guava:failureaccess:1.0.1) with InstrumentationAnalysisTransform
Transforming listenablefuture-9999.0-empty-to-avoid-conflict-with-guava.jar (com.google.guava:listenablefuture:9999.0-empty-to-avoid-conflict-with-guava) with InstrumentationAnalysisTransform
Transforming commons-logging-1.2.jar (commons-logging:commons-logging:1.2) with InstrumentationAnalysisTransform
Transforming jna-5.6.0.jar (net.java.dev.jna:jna:5.6.0) with InstrumentationAnalysisTransform
Transforming netty-codec-socks-4.1.93.Final.jar (io.netty:netty-codec-socks:4.1.93.Final) with InstrumentationAnalysisTransform
Transforming netty-codec-4.1.93.Final.jar (io.netty:netty-codec:4.1.93.Final) with InstrumentationAnalysisTransform
Transforming netty-transport-4.1.93.Final.jar (io.netty:netty-transport:4.1.93.Final) with InstrumentationAnalysisTransform
Transforming netty-buffer-4.1.93.Final.jar (io.netty:netty-buffer:4.1.93.Final) with InstrumentationAnalysisTransform
Transforming netty-resolver-4.1.93.Final.jar (io.netty:netty-resolver:4.1.93.Final) with InstrumentationAnalysisTransform
Transforming netty-common-4.1.93.Final.jar (io.netty:netty-common:4.1.93.Final) with InstrumentationAnalysisTransform
Transforming gradle-8.7.1.jar (com.android.tools.build:gradle:8.7.1) with InstrumentationAnalysisTransform
Transforming gradle-8.7.1.jar (com.android.tools.build:gradle:8.7.1) with MergeInstrumentationAnalysisTransform
Transforming kotlin-gradle-plugin-model-1.9.25.jar (org.jetbrains.kotlin:kotlin-gradle-plugin-model:1.9.25) with InstrumentationAnalysisTransform
Transforming kotlin-gradle-plugin-model-1.9.25.jar (org.jetbrains.kotlin:kotlin-gradle-plugin-model:1.9.25) with MergeInstrumentationAnalysisTransform
Transforming kotlin-gradle-plugin-api-1.9.25.jar (org.jetbrains.kotlin:kotlin-gradle-plugin-api:1.9.25) with InstrumentationAnalysisTransform
Transforming kotlin-gradle-plugin-api-1.9.25.jar (org.jetbrains.kotlin:kotlin-gradle-plugin-api:1.9.25) with MergeInstrumentationAnalysisTransform
Transforming kotlin-gradle-plugin-1.9.25-gradle82.jar (org.jetbrains.kotlin:kotlin-gradle-plugin:1.9.25) with InstrumentationAnalysisTransform
Transforming kotlin-gradle-plugin-1.9.25-gradle82.jar (org.jetbrains.kotlin:kotlin-gradle-plugin:1.9.25) with MergeInstrumentationAnalysisTransform
Transforming hilt-android-gradle-plugin-2.51.1.jar (com.google.dagger:hilt-android-gradle-plugin:2.51.1) with InstrumentationAnalysisTransform
Transforming hilt-android-gradle-plugin-2.51.1.jar (com.google.dagger:hilt-android-gradle-plugin:2.51.1) with MergeInstrumentationAnalysisTransform
Transforming google-services-4.4.2.jar (com.google.gms:google-services:4.4.2) with InstrumentationAnalysisTransform
Transforming google-services-4.4.2.jar (com.google.gms:google-services:4.4.2) with MergeInstrumentationAnalysisTransform
Transforming gradle-settings-api-8.7.1.jar (com.android.tools.build:gradle-settings-api:8.7.1) with InstrumentationAnalysisTransform
Transforming gradle-settings-api-8.7.1.jar (com.android.tools.build:gradle-settings-api:8.7.1) with MergeInstrumentationAnalysisTransform
Transforming lint-model-31.7.1.jar (com.android.tools.lint:lint-model:31.7.1) with InstrumentationAnalysisTransform
Transforming lint-model-31.7.1.jar (com.android.tools.lint:lint-model:31.7.1) with MergeInstrumentationAnalysisTransform
Transforming builder-8.7.1.jar (com.android.tools.build:builder:8.7.1) with InstrumentationAnalysisTransform
Transforming builder-8.7.1.jar (com.android.tools.build:builder:8.7.1) with MergeInstrumentationAnalysisTransform
Transforming manifest-merger-31.7.1.jar (com.android.tools.build:manifest-merger:31.7.1) with InstrumentationAnalysisTransform
Transforming manifest-merger-31.7.1.jar (com.android.tools.build:manifest-merger:31.7.1) with MergeInstrumentationAnalysisTransform
Transforming sdk-common-31.7.1.jar (com.android.tools:sdk-common:31.7.1) with InstrumentationAnalysisTransform
Transforming sdk-common-31.7.1.jar (com.android.tools:sdk-common:31.7.1) with MergeInstrumentationAnalysisTransform
Transforming sdklib-31.7.1.jar (com.android.tools:sdklib:31.7.1) with InstrumentationAnalysisTransform
Transforming sdklib-31.7.1.jar (com.android.tools:sdklib:31.7.1) with MergeInstrumentationAnalysisTransform
Transforming repository-31.7.1.jar (com.android.tools:repository:31.7.1) with InstrumentationAnalysisTransform
Transforming repository-31.7.1.jar (com.android.tools:repository:31.7.1) with MergeInstrumentationAnalysisTransform
Transforming gradle-api-8.7.1.jar (com.android.tools.build:gradle-api:8.7.1) with InstrumentationAnalysisTransform
Transforming gradle-api-8.7.1.jar (com.android.tools.build:gradle-api:8.7.1) with MergeInstrumentationAnalysisTransform
Transforming builder-test-api-8.7.1.jar (com.android.tools.build:builder-test-api:8.7.1) with InstrumentationAnalysisTransform
Transforming builder-test-api-8.7.1.jar (com.android.tools.build:builder-test-api:8.7.1) with MergeInstrumentationAnalysisTransform
Transforming ddmlib-31.7.1.jar (com.android.tools.ddms:ddmlib:31.7.1) with InstrumentationAnalysisTransform
Transforming ddmlib-31.7.1.jar (com.android.tools.ddms:ddmlib:31.7.1) with MergeInstrumentationAnalysisTransform
Transforming aaptcompiler-8.7.1.jar (com.android.tools.build:aaptcompiler:8.7.1) with InstrumentationAnalysisTransform
Transforming aaptcompiler-8.7.1.jar (com.android.tools.build:aaptcompiler:8.7.1) with MergeInstrumentationAnalysisTransform
Transforming bundletool-1.17.1.jar (com.android.tools.build:bundletool:1.17.1) with InstrumentationAnalysisTransform
Transforming bundletool-1.17.1.jar (com.android.tools.build:bundletool:1.17.1) with MergeInstrumentationAnalysisTransform
Transforming aapt2-proto-8.7.1-12006047.jar (com.android.tools.build:aapt2-proto:8.7.1-12006047) with InstrumentationAnalysisTransform
Transforming aapt2-proto-8.7.1-12006047.jar (com.android.tools.build:aapt2-proto:8.7.1-12006047) with MergeInstrumentationAnalysisTransform
Transforming crash-31.7.1.jar (com.android.tools.analytics-library:crash:31.7.1) with InstrumentationAnalysisTransform
Transforming crash-31.7.1.jar (com.android.tools.analytics-library:crash:31.7.1) with MergeInstrumentationAnalysisTransform
Transforming tracker-31.7.1.jar (com.android.tools.analytics-library:tracker:31.7.1) with InstrumentationAnalysisTransform
Transforming tracker-31.7.1.jar (com.android.tools.analytics-library:tracker:31.7.1) with MergeInstrumentationAnalysisTransform
Transforming shared-31.7.1.jar (com.android.tools.analytics-library:shared:31.7.1) with InstrumentationAnalysisTransform
Transforming shared-31.7.1.jar (com.android.tools.analytics-library:shared:31.7.1) with MergeInstrumentationAnalysisTransform
Transforming lint-typedef-remover-31.7.1.jar (com.android.tools.lint:lint-typedef-remover:31.7.1) with InstrumentationAnalysisTransform
Transforming lint-typedef-remover-31.7.1.jar (com.android.tools.lint:lint-typedef-remover:31.7.1) with MergeInstrumentationAnalysisTransform
Transforming databinding-compiler-common-8.7.1.jar (androidx.databinding:databinding-compiler-common:8.7.1) with InstrumentationAnalysisTransform
Transforming databinding-compiler-common-8.7.1.jar (androidx.databinding:databinding-compiler-common:8.7.1) with MergeInstrumentationAnalysisTransform
Transforming databinding-common-8.7.1.jar (androidx.databinding:databinding-common:8.7.1) with InstrumentationAnalysisTransform
Transforming databinding-common-8.7.1.jar (androidx.databinding:databinding-common:8.7.1) with MergeInstrumentationAnalysisTransform
Transforming baseLibrary-8.7.1.jar (com.android.databinding:baseLibrary:8.7.1) with InstrumentationAnalysisTransform
Transforming baseLibrary-8.7.1.jar (com.android.databinding:baseLibrary:8.7.1) with MergeInstrumentationAnalysisTransform
Transforming layoutlib-api-31.7.1.jar (com.android.tools.layoutlib:layoutlib-api:31.7.1) with InstrumentationAnalysisTransform
Transforming layoutlib-api-31.7.1.jar (com.android.tools.layoutlib:layoutlib-api:31.7.1) with MergeInstrumentationAnalysisTransform
Transforming android-device-provider-ddmlib-proto-31.7.1.jar (com.android.tools.utp:android-device-provider-ddmlib-proto:31.7.1) with InstrumentationAnalysisTransform
Transforming android-device-provider-ddmlib-proto-31.7.1.jar (com.android.tools.utp:android-device-provider-ddmlib-proto:31.7.1) with MergeInstrumentationAnalysisTransform
Transforming android-device-provider-gradle-proto-31.7.1.jar (com.android.tools.utp:android-device-provider-gradle-proto:31.7.1) with InstrumentationAnalysisTransform
Transforming android-device-provider-gradle-proto-31.7.1.jar (com.android.tools.utp:android-device-provider-gradle-proto:31.7.1) with MergeInstrumentationAnalysisTransform
Transforming android-device-provider-profile-proto-31.7.1.jar (com.android.tools.utp:android-device-provider-profile-proto:31.7.1) with InstrumentationAnalysisTransform
Transforming android-device-provider-profile-proto-31.7.1.jar (com.android.tools.utp:android-device-provider-profile-proto:31.7.1) with MergeInstrumentationAnalysisTransform
Transforming android-test-plugin-host-additional-test-output-proto-31.7.1.jar (com.android.tools.utp:android-test-plugin-host-additional-test-output-proto:31.7.1) with InstrumentationAnalysisTransform
Transforming android-test-plugin-host-additional-test-output-proto-31.7.1.jar (com.android.tools.utp:android-test-plugin-host-additional-test-output-proto:31.7.1) with MergeInstrumentationAnalysisTransform
Transforming android-test-plugin-host-coverage-proto-31.7.1.jar (com.android.tools.utp:android-test-plugin-host-coverage-proto:31.7.1) with InstrumentationAnalysisTransform
Transforming android-test-plugin-host-coverage-proto-31.7.1.jar (com.android.tools.utp:android-test-plugin-host-coverage-proto:31.7.1) with MergeInstrumentationAnalysisTransform
Transforming android-test-plugin-host-emulator-control-proto-31.7.1.jar (com.android.tools.utp:android-test-plugin-host-emulator-control-proto:31.7.1) with InstrumentationAnalysisTransform
Transforming android-test-plugin-host-emulator-control-proto-31.7.1.jar (com.android.tools.utp:android-test-plugin-host-emulator-control-proto:31.7.1) with MergeInstrumentationAnalysisTransform
Transforming android-test-plugin-host-logcat-proto-31.7.1.jar (com.android.tools.utp:android-test-plugin-host-logcat-proto:31.7.1) with InstrumentationAnalysisTransform
Transforming gradle-8.7.1.jar (com.android.tools.build:gradle:8.7.1) with ExternalDependencyInstrumentingArtifactTransform
Transforming kotlin-gradle-plugin-model-1.9.25.jar (org.jetbrains.kotlin:kotlin-gradle-plugin-model:1.9.25) with ExternalDependencyInstrumentingArtifactTransform
Transforming android-test-plugin-host-logcat-proto-31.7.1.jar (com.android.tools.utp:android-test-plugin-host-logcat-proto:31.7.1) with MergeInstrumentationAnalysisTransform
Transforming android-test-plugin-host-apk-installer-proto-31.7.1.jar (com.android.tools.utp:android-test-plugin-host-apk-installer-proto:31.7.1) with InstrumentationAnalysisTransform
Transforming android-test-plugin-host-apk-installer-proto-31.7.1.jar (com.android.tools.utp:android-test-plugin-host-apk-installer-proto:31.7.1) with MergeInstrumentationAnalysisTransform
Transforming android-test-plugin-host-retention-proto-31.7.1.jar (com.android.tools.utp:android-test-plugin-host-retention-proto:31.7.1) with InstrumentationAnalysisTransform
Transforming android-test-plugin-host-retention-proto-31.7.1.jar (com.android.tools.utp:android-test-plugin-host-retention-proto:31.7.1) with MergeInstrumentationAnalysisTransform
Transforming android-test-plugin-result-listener-gradle-proto-31.7.1.jar (com.android.tools.utp:android-test-plugin-result-listener-gradle-proto:31.7.1) with InstrumentationAnalysisTransform
Transforming android-test-plugin-result-listener-gradle-proto-31.7.1.jar (com.android.tools.utp:android-test-plugin-result-listener-gradle-proto:31.7.1) with MergeInstrumentationAnalysisTransform
Transforming builder-model-8.7.1.jar (com.android.tools.build:builder-model:8.7.1) with InstrumentationAnalysisTransform
Transforming builder-model-8.7.1.jar (com.android.tools.build:builder-model:8.7.1) with MergeInstrumentationAnalysisTransform
Transforming jetifier-processor-1.0.0-beta10.jar (com.android.tools.build.jetifier:jetifier-processor:1.0.0-beta10) with InstrumentationAnalysisTransform
Transforming jetifier-processor-1.0.0-beta10.jar (com.android.tools.build.jetifier:jetifier-processor:1.0.0-beta10) with MergeInstrumentationAnalysisTransform
Transforming jetifier-core-1.0.0-beta10.jar (com.android.tools.build.jetifier:jetifier-core:1.0.0-beta10) with InstrumentationAnalysisTransform
Transforming jetifier-core-1.0.0-beta10.jar (com.android.tools.build.jetifier:jetifier-core:1.0.0-beta10) with MergeInstrumentationAnalysisTransform
Transforming kotlin-reflect-1.9.20.jar (org.jetbrains.kotlin:kotlin-reflect:1.9.20) with InstrumentationAnalysisTransform
Transforming kotlin-reflect-1.9.20.jar (org.jetbrains.kotlin:kotlin-reflect:1.9.20) with MergeInstrumentationAnalysisTransform
Transforming kotlin-stdlib-jdk7-1.9.20.jar (org.jetbrains.kotlin:kotlin-stdlib-jdk7:1.9.20) with InstrumentationAnalysisTransform
Transforming kotlin-stdlib-jdk7-1.9.20.jar (org.jetbrains.kotlin:kotlin-stdlib-jdk7:1.9.20) with MergeInstrumentationAnalysisTransform
Transforming kotlin-stdlib-1.9.20.jar (org.jetbrains.kotlin:kotlin-stdlib:1.9.20) with InstrumentationAnalysisTransform
Transforming kotlin-stdlib-1.9.20.jar (org.jetbrains.kotlin:kotlin-stdlib:1.9.20) with MergeInstrumentationAnalysisTransform
Transforming strict-version-matcher-plugin-1.2.4.jar (com.google.android.gms:strict-version-matcher-plugin:1.2.4) with InstrumentationAnalysisTransform
Transforming strict-version-matcher-plugin-1.2.4.jar (com.google.android.gms:strict-version-matcher-plugin:1.2.4) with MergeInstrumentationAnalysisTransform
Transforming dvlib-31.7.1.jar (com.android.tools:dvlib:31.7.1) with InstrumentationAnalysisTransform
Transforming dvlib-31.7.1.jar (com.android.tools:dvlib:31.7.1) with MergeInstrumentationAnalysisTransform
Transforming common-31.7.1.jar (com.android.tools:common:31.7.1) with InstrumentationAnalysisTransform
Transforming common-31.7.1.jar (com.android.tools:common:31.7.1) with MergeInstrumentationAnalysisTransform
Transforming kotlin-stdlib-jdk8-1.9.20.jar (org.jetbrains.kotlin:kotlin-stdlib-jdk8:1.9.20) with InstrumentationAnalysisTransform
Transforming kotlin-stdlib-jdk8-1.9.20.jar (org.jetbrains.kotlin:kotlin-stdlib-jdk8:1.9.20) with MergeInstrumentationAnalysisTransform
Transforming transform-api-2.0.0-deprecated-use-gradle-api.jar (com.android.tools.build:transform-api:2.0.0-deprecated-use-gradle-api) with InstrumentationAnalysisTransform
Transforming transform-api-2.0.0-deprecated-use-gradle-api.jar (com.android.tools.build:transform-api:2.0.0-deprecated-use-gradle-api) with MergeInstrumentationAnalysisTransform
Transforming httpmime-4.5.6.jar (org.apache.httpcomponents:httpmime:4.5.6) with InstrumentationAnalysisTransform
Transforming httpmime-4.5.6.jar (org.apache.httpcomponents:httpmime:4.5.6) with MergeInstrumentationAnalysisTransform
Transforming commons-io-2.13.0.jar (commons-io:commons-io:2.13.0) with InstrumentationAnalysisTransform
Transforming commons-io-2.13.0.jar (commons-io:commons-io:2.13.0) with MergeInstrumentationAnalysisTransform
Transforming asm-commons-9.6.jar (org.ow2.asm:asm-commons:9.6) with InstrumentationAnalysisTransform
Transforming asm-commons-9.6.jar (org.ow2.asm:asm-commons:9.6) with MergeInstrumentationAnalysisTransform
Transforming asm-util-9.6.jar (org.ow2.asm:asm-util:9.6) with InstrumentationAnalysisTransform
Transforming asm-util-9.6.jar (org.ow2.asm:asm-util:9.6) with MergeInstrumentationAnalysisTransform
Transforming asm-analysis-9.6.jar (org.ow2.asm:asm-analysis:9.6) with InstrumentationAnalysisTransform
Transforming asm-analysis-9.6.jar (org.ow2.asm:asm-analysis:9.6) with MergeInstrumentationAnalysisTransform
Transforming asm-tree-9.6.jar (org.ow2.asm:asm-tree:9.6) with InstrumentationAnalysisTransform
Transforming asm-tree-9.6.jar (org.ow2.asm:asm-tree:9.6) with MergeInstrumentationAnalysisTransform
Transforming asm-9.6.jar (org.ow2.asm:asm:9.6) with InstrumentationAnalysisTransform
Transforming asm-9.6.jar (org.ow2.asm:asm:9.6) with MergeInstrumentationAnalysisTransform
Transforming apkzlib-8.7.1.jar (com.android.tools.build:apkzlib:8.7.1) with InstrumentationAnalysisTransform
Transforming apkzlib-8.7.1.jar (com.android.tools.build:apkzlib:8.7.1) with MergeInstrumentationAnalysisTransform
Transforming bcpkix-jdk18on-1.77.jar (org.bouncycastle:bcpkix-jdk18on:1.77) with InstrumentationAnalysisTransform
Transforming bcpkix-jdk18on-1.77.jar (org.bouncycastle:bcpkix-jdk18on:1.77) with MergeInstrumentationAnalysisTransform
Transforming jaxb-runtime-2.3.2.jar (org.glassfish.jaxb:jaxb-runtime:2.3.2) with InstrumentationAnalysisTransform
Transforming jaxb-runtime-2.3.2.jar (org.glassfish.jaxb:jaxb-runtime:2.3.2) with MergeInstrumentationAnalysisTransform
Transforming jopt-simple-4.9.jar (net.sf.jopt-simple:jopt-simple:4.9) with InstrumentationAnalysisTransform
Transforming jopt-simple-4.9.jar (net.sf.jopt-simple:jopt-simple:4.9) with MergeInstrumentationAnalysisTransform
Transforming javapoet-1.13.0.jar (com.squareup:javapoet:1.13.0) with InstrumentationAnalysisTransform
Transforming javapoet-1.13.0.jar (com.squareup:javapoet:1.13.0) with MergeInstrumentationAnalysisTransform
Transforming protobuf-java-util-3.22.3.jar (com.google.protobuf:protobuf-java-util:3.22.3) with InstrumentationAnalysisTransform
Transforming protobuf-java-util-3.22.3.jar (com.google.protobuf:protobuf-java-util:3.22.3) with MergeInstrumentationAnalysisTransform
Transforming grpc-protobuf-1.57.0.jar (io.grpc:grpc-protobuf:1.57.0) with InstrumentationAnalysisTransform
Transforming grpc-protobuf-1.57.0.jar (io.grpc:grpc-protobuf:1.57.0) with MergeInstrumentationAnalysisTransform
Transforming tink-1.7.0.jar (com.google.crypto.tink:tink:1.7.0) with InstrumentationAnalysisTransform
Transforming tink-1.7.0.jar (com.google.crypto.tink:tink:1.7.0) with MergeInstrumentationAnalysisTransform
Transforming protos-31.7.1.jar (com.android.tools.analytics-library:protos:31.7.1) with InstrumentationAnalysisTransform
Transforming protos-31.7.1.jar (com.android.tools.analytics-library:protos:31.7.1) with MergeInstrumentationAnalysisTransform
Transforming proto-google-common-protos-2.17.0.jar (com.google.api.grpc:proto-google-common-protos:2.17.0) with InstrumentationAnalysisTransform
Transforming proto-google-common-protos-2.17.0.jar (com.google.api.grpc:proto-google-common-protos:2.17.0) with MergeInstrumentationAnalysisTransform
Transforming protobuf-java-3.22.3.jar (com.google.protobuf:protobuf-java:3.22.3) with InstrumentationAnalysisTransform
Transforming protobuf-java-3.22.3.jar (com.google.protobuf:protobuf-java:3.22.3) with MergeInstrumentationAnalysisTransform
Transforming grpc-netty-1.57.0.jar (io.grpc:grpc-netty:1.57.0) with InstrumentationAnalysisTransform
Transforming grpc-netty-1.57.0.jar (io.grpc:grpc-netty:1.57.0) with MergeInstrumentationAnalysisTransform
Transforming grpc-core-1.57.0.jar (io.grpc:grpc-core:1.57.0) with InstrumentationAnalysisTransform
Transforming grpc-core-1.57.0.jar (io.grpc:grpc-core:1.57.0) with MergeInstrumentationAnalysisTransform
Transforming gson-2.10.1.jar (com.google.code.gson:gson:2.10.1) with InstrumentationAnalysisTransform
Transforming gson-2.10.1.jar (com.google.code.gson:gson:2.10.1) with MergeInstrumentationAnalysisTransform
Transforming grpc-stub-1.57.0.jar (io.grpc:grpc-stub:1.57.0) with InstrumentationAnalysisTransform
Transforming grpc-stub-1.57.0.jar (io.grpc:grpc-stub:1.57.0) with MergeInstrumentationAnalysisTransform
Transforming core-proto-0.0.9-alpha02.jar (com.google.testing.platform:core-proto:0.0.9-alpha02) with InstrumentationAnalysisTransform
Transforming kotlin-gradle-plugin-api-1.9.25.jar (org.jetbrains.kotlin:kotlin-gradle-plugin-api:1.9.25) with ExternalDependencyInstrumentingArtifactTransform
Transforming kotlin-gradle-plugin-1.9.25-gradle82.jar (org.jetbrains.kotlin:kotlin-gradle-plugin:1.9.25) with ExternalDependencyInstrumentingArtifactTransform
Transforming core-proto-0.0.9-alpha02.jar (com.google.testing.platform:core-proto:0.0.9-alpha02) with MergeInstrumentationAnalysisTransform
Transforming tensorflow-lite-metadata-0.1.0-rc2.jar (org.tensorflow:tensorflow-lite-metadata:0.1.0-rc2) with InstrumentationAnalysisTransform
Transforming tensorflow-lite-metadata-0.1.0-rc2.jar (org.tensorflow:tensorflow-lite-metadata:0.1.0-rc2) with MergeInstrumentationAnalysisTransform
Transforming flatbuffers-java-1.12.0.jar (com.google.flatbuffers:flatbuffers-java:1.12.0) with InstrumentationAnalysisTransform
Transforming flatbuffers-java-1.12.0.jar (com.google.flatbuffers:flatbuffers-java:1.12.0) with MergeInstrumentationAnalysisTransform
Transforming kotlin-gradle-plugin-idea-proto-1.9.25.jar (org.jetbrains.kotlin:kotlin-gradle-plugin-idea-proto:1.9.25) with InstrumentationAnalysisTransform
Transforming kotlin-gradle-plugin-idea-proto-1.9.25.jar (org.jetbrains.kotlin:kotlin-gradle-plugin-idea-proto:1.9.25) with MergeInstrumentationAnalysisTransform
Transforming kotlin-gradle-plugin-idea-1.9.25.jar (org.jetbrains.kotlin:kotlin-gradle-plugin-idea:1.9.25) with InstrumentationAnalysisTransform
Transforming kotlin-gradle-plugin-idea-1.9.25.jar (org.jetbrains.kotlin:kotlin-gradle-plugin-idea:1.9.25) with MergeInstrumentationAnalysisTransform
Transforming kotlin-klib-commonizer-api-1.9.25.jar (org.jetbrains.kotlin:kotlin-klib-commonizer-api:1.9.25) with InstrumentationAnalysisTransform
Transforming kotlin-klib-commonizer-api-1.9.25.jar (org.jetbrains.kotlin:kotlin-klib-commonizer-api:1.9.25) with MergeInstrumentationAnalysisTransform
Transforming hilt-android-gradle-plugin-2.51.1.jar (com.google.dagger:hilt-android-gradle-plugin:2.51.1) with ExternalDependencyInstrumentingArtifactTransform
Transforming kotlin-native-utils-1.9.25.jar (org.jetbrains.kotlin:kotlin-native-utils:1.9.25) with InstrumentationAnalysisTransform
Transforming kotlin-native-utils-1.9.25.jar (org.jetbrains.kotlin:kotlin-native-utils:1.9.25) with MergeInstrumentationAnalysisTransform
Transforming kotlin-util-klib-1.9.25.jar (org.jetbrains.kotlin:kotlin-util-klib:1.9.25) with InstrumentationAnalysisTransform
Transforming kotlin-util-klib-1.9.25.jar (org.jetbrains.kotlin:kotlin-util-klib:1.9.25) with MergeInstrumentationAnalysisTransform
Transforming kotlin-build-tools-api-1.9.25.jar (org.jetbrains.kotlin:kotlin-build-tools-api:1.9.25) with InstrumentationAnalysisTransform
Transforming kotlin-build-tools-api-1.9.25.jar (org.jetbrains.kotlin:kotlin-build-tools-api:1.9.25) with MergeInstrumentationAnalysisTransform
Transforming kotlin-android-extensions-1.9.25.jar (org.jetbrains.kotlin:kotlin-android-extensions:1.9.25) with InstrumentationAnalysisTransform
Transforming kotlin-android-extensions-1.9.25.jar (org.jetbrains.kotlin:kotlin-android-extensions:1.9.25) with MergeInstrumentationAnalysisTransform
Transforming kotlin-compiler-runner-1.9.25.jar (org.jetbrains.kotlin:kotlin-compiler-runner:1.9.25) with InstrumentationAnalysisTransform
Transforming kotlin-compiler-runner-1.9.25.jar (org.jetbrains.kotlin:kotlin-compiler-runner:1.9.25) with MergeInstrumentationAnalysisTransform
Transforming kotlin-compiler-embeddable-1.9.25.jar (org.jetbrains.kotlin:kotlin-compiler-embeddable:1.9.25) with InstrumentationAnalysisTransform
Transforming kotlin-compiler-embeddable-1.9.25.jar (org.jetbrains.kotlin:kotlin-compiler-embeddable:1.9.25) with MergeInstrumentationAnalysisTransform
Transforming kotlin-scripting-compiler-embeddable-1.9.25.jar (org.jetbrains.kotlin:kotlin-scripting-compiler-embeddable:1.9.25) with InstrumentationAnalysisTransform
Transforming kotlin-scripting-compiler-embeddable-1.9.25.jar (org.jetbrains.kotlin:kotlin-scripting-compiler-embeddable:1.9.25) with MergeInstrumentationAnalysisTransform
Transforming kotlin-scripting-compiler-impl-embeddable-1.9.25.jar (org.jetbrains.kotlin:kotlin-scripting-compiler-impl-embeddable:1.9.25) with InstrumentationAnalysisTransform
Transforming kotlin-scripting-compiler-impl-embeddable-1.9.25.jar (org.jetbrains.kotlin:kotlin-scripting-compiler-impl-embeddable:1.9.25) with MergeInstrumentationAnalysisTransform
Transforming jimfs-1.1.jar (com.google.jimfs:jimfs:1.1) with InstrumentationAnalysisTransform
Transforming jimfs-1.1.jar (com.google.jimfs:jimfs:1.1) with MergeInstrumentationAnalysisTransform
Transforming grpc-context-1.57.0.jar (io.grpc:grpc-context:1.57.0) with InstrumentationAnalysisTransform
Transforming grpc-context-1.57.0.jar (io.grpc:grpc-context:1.57.0) with MergeInstrumentationAnalysisTransform
Transforming grpc-protobuf-lite-1.57.0.jar (io.grpc:grpc-protobuf-lite:1.57.0) with InstrumentationAnalysisTransform
Transforming grpc-protobuf-lite-1.57.0.jar (io.grpc:grpc-protobuf-lite:1.57.0) with MergeInstrumentationAnalysisTransform
Transforming grpc-api-1.57.0.jar (io.grpc:grpc-api:1.57.0) with InstrumentationAnalysisTransform
Transforming grpc-api-1.57.0.jar (io.grpc:grpc-api:1.57.0) with MergeInstrumentationAnalysisTransform
Transforming guava-32.0.1-jre.jar (com.google.guava:guava:32.0.1-jre) with InstrumentationAnalysisTransform
Transforming guava-32.0.1-jre.jar (com.google.guava:guava:32.0.1-jre) with MergeInstrumentationAnalysisTransform
Transforming dagger-2.28.3.jar (com.google.dagger:dagger:2.28.3) with InstrumentationAnalysisTransform
Transforming dagger-2.28.3.jar (com.google.dagger:dagger:2.28.3) with MergeInstrumentationAnalysisTransform
Transforming javax.inject-1.jar (javax.inject:javax.inject:1) with InstrumentationAnalysisTransform
Transforming javax.inject-1.jar (javax.inject:javax.inject:1) with MergeInstrumentationAnalysisTransform
Transforming kxml2-2.3.0.jar (net.sf.kxml:kxml2:2.3.0) with InstrumentationAnalysisTransform
Transforming kxml2-2.3.0.jar (net.sf.kxml:kxml2:2.3.0) with MergeInstrumentationAnalysisTransform
Transforming bcutil-jdk18on-1.77.jar (org.bouncycastle:bcutil-jdk18on:1.77) with InstrumentationAnalysisTransform
Transforming bcutil-jdk18on-1.77.jar (org.bouncycastle:bcutil-jdk18on:1.77) with MergeInstrumentationAnalysisTransform
Transforming bcprov-jdk18on-1.77.jar (org.bouncycastle:bcprov-jdk18on:1.77) with InstrumentationAnalysisTransform
Transforming bcprov-jdk18on-1.77.jar (org.bouncycastle:bcprov-jdk18on:1.77) with MergeInstrumentationAnalysisTransform
Transforming trove4j-1.0.20200330.jar (org.jetbrains.intellij.deps:trove4j:1.0.20200330) with InstrumentationAnalysisTransform
Transforming trove4j-1.0.20200330.jar (org.jetbrains.intellij.deps:trove4j:1.0.20200330) with MergeInstrumentationAnalysisTransform
Transforming commons-compress-1.21.jar (org.apache.commons:commons-compress:1.21) with InstrumentationAnalysisTransform
Transforming commons-compress-1.21.jar (org.apache.commons:commons-compress:1.21) with MergeInstrumentationAnalysisTransform
Transforming httpclient-4.5.14.jar (org.apache.httpcomponents:httpclient:4.5.14) with InstrumentationAnalysisTransform
Transforming httpclient-4.5.14.jar (org.apache.httpcomponents:httpclient:4.5.14) with MergeInstrumentationAnalysisTransform
Transforming httpcore-4.4.16.jar (org.apache.httpcomponents:httpcore:4.4.16) with InstrumentationAnalysisTransform
Transforming httpcore-4.4.16.jar (org.apache.httpcomponents:httpcore:4.4.16) with MergeInstrumentationAnalysisTransform
Transforming javax.activation-1.2.0.jar (com.sun.activation:javax.activation:1.2.0) with InstrumentationAnalysisTransform
Transforming javax.activation-1.2.0.jar (com.sun.activation:javax.activation:1.2.0) with MergeInstrumentationAnalysisTransform
Transforming annotations-23.0.0.jar (org.jetbrains:annotations:23.0.0) with InstrumentationAnalysisTransform
Transforming annotations-23.0.0.jar (org.jetbrains:annotations:23.0.0) with MergeInstrumentationAnalysisTransform
Transforming signflinger-8.7.1.jar (com.android:signflinger:8.7.1) with InstrumentationAnalysisTransform
Transforming signflinger-8.7.1.jar (com.android:signflinger:8.7.1) with MergeInstrumentationAnalysisTransform
Transforming zipflinger-8.7.1.jar (com.android:zipflinger:8.7.1) with InstrumentationAnalysisTransform
Transforming zipflinger-8.7.1.jar (com.android:zipflinger:8.7.1) with MergeInstrumentationAnalysisTransform
Transforming annotations-31.7.1.jar (com.android.tools:annotations:31.7.1) with InstrumentationAnalysisTransform
Transforming annotations-31.7.1.jar (com.android.tools:annotations:31.7.1) with MergeInstrumentationAnalysisTransform
Transforming jna-platform-5.6.0.jar (net.java.dev.jna:jna-platform:5.6.0) with InstrumentationAnalysisTransform
Transforming jna-platform-5.6.0.jar (net.java.dev.jna:jna-platform:5.6.0) with MergeInstrumentationAnalysisTransform
Transforming juniversalchardet-1.0.3.jar (com.googlecode.juniversalchardet:juniversalchardet:1.0.3) with InstrumentationAnalysisTransform
Transforming juniversalchardet-1.0.3.jar (com.googlecode.juniversalchardet:juniversalchardet:1.0.3) with MergeInstrumentationAnalysisTransform
Transforming javax.annotation-api-1.3.2.jar (javax.annotation:javax.annotation-api:1.3.2) with InstrumentationAnalysisTransform
Transforming javax.annotation-api-1.3.2.jar (javax.annotation:javax.annotation-api:1.3.2) with MergeInstrumentationAnalysisTransform
Transforming stax-ex-1.8.1.jar (org.jvnet.staxex:stax-ex:1.8.1) with InstrumentationAnalysisTransform
Transforming stax-ex-1.8.1.jar (org.jvnet.staxex:stax-ex:1.8.1) with MergeInstrumentationAnalysisTransform
Transforming jakarta.xml.bind-api-2.3.2.jar (jakarta.xml.bind:jakarta.xml.bind-api:2.3.2) with InstrumentationAnalysisTransform
Transforming jakarta.xml.bind-api-2.3.2.jar (jakarta.xml.bind:jakarta.xml.bind-api:2.3.2) with MergeInstrumentationAnalysisTransform
Transforming txw2-2.3.2.jar (org.glassfish.jaxb:txw2:2.3.2) with InstrumentationAnalysisTransform
Transforming txw2-2.3.2.jar (org.glassfish.jaxb:txw2:2.3.2) with MergeInstrumentationAnalysisTransform
Transforming istack-commons-runtime-3.0.8.jar (com.sun.istack:istack-commons-runtime:3.0.8) with InstrumentationAnalysisTransform
Transforming istack-commons-runtime-3.0.8.jar (com.sun.istack:istack-commons-runtime:3.0.8) with MergeInstrumentationAnalysisTransform
Transforming FastInfoset-1.2.16.jar (com.sun.xml.fastinfoset:FastInfoset:1.2.16) with InstrumentationAnalysisTransform
Transforming FastInfoset-1.2.16.jar (com.sun.xml.fastinfoset:FastInfoset:1.2.16) with MergeInstrumentationAnalysisTransform
Transforming jakarta.activation-api-1.2.1.jar (jakarta.activation:jakarta.activation-api:1.2.1) with InstrumentationAnalysisTransform
Transforming jakarta.activation-api-1.2.1.jar (jakarta.activation:jakarta.activation-api:1.2.1) with MergeInstrumentationAnalysisTransform
Transforming auto-value-annotations-1.6.2.jar (com.google.auto.value:auto-value-annotations:1.6.2) with InstrumentationAnalysisTransform
Transforming auto-value-annotations-1.6.2.jar (com.google.auto.value:auto-value-annotations:1.6.2) with MergeInstrumentationAnalysisTransform
Transforming error_prone_annotations-2.18.0.jar (com.google.errorprone:error_prone_annotations:2.18.0) with InstrumentationAnalysisTransform
Transforming error_prone_annotations-2.18.0.jar (com.google.errorprone:error_prone_annotations:2.18.0) with MergeInstrumentationAnalysisTransform
Transforming jose4j-0.9.5.jar (org.bitbucket.b_c:jose4j:0.9.5) with InstrumentationAnalysisTransform
Transforming jose4j-0.9.5.jar (org.bitbucket.b_c:jose4j:0.9.5) with MergeInstrumentationAnalysisTransform
Transforming slf4j-api-1.7.30.jar (org.slf4j:slf4j-api:1.7.30) with InstrumentationAnalysisTransform
Transforming slf4j-api-1.7.30.jar (org.slf4j:slf4j-api:1.7.30) with MergeInstrumentationAnalysisTransform
Transforming jdom2-2.0.6.jar (org.jdom:jdom2:2.0.6) with InstrumentationAnalysisTransform
Transforming jdom2-2.0.6.jar (org.jdom:jdom2:2.0.6) with MergeInstrumentationAnalysisTransform
Transforming jsr305-3.0.2.jar (com.google.code.findbugs:jsr305:3.0.2) with InstrumentationAnalysisTransform
Transforming jsr305-3.0.2.jar (com.google.code.findbugs:jsr305:3.0.2) with MergeInstrumentationAnalysisTransform
Transforming j2objc-annotations-2.8.jar (com.google.j2objc:j2objc-annotations:2.8) with InstrumentationAnalysisTransform
Transforming j2objc-annotations-2.8.jar (com.google.j2objc:j2objc-annotations:2.8) with MergeInstrumentationAnalysisTransform
Transforming annotations-4.1.1.4.jar (com.google.android:annotations:4.1.1.4) with InstrumentationAnalysisTransform
Transforming annotations-4.1.1.4.jar (com.google.android:annotations:4.1.1.4) with MergeInstrumentationAnalysisTransform
Transforming animal-sniffer-annotations-1.23.jar (org.codehaus.mojo:animal-sniffer-annotations:1.23) with InstrumentationAnalysisTransform
Transforming animal-sniffer-annotations-1.23.jar (org.codehaus.mojo:animal-sniffer-annotations:1.23) with MergeInstrumentationAnalysisTransform
Transforming perfmark-api-0.26.0.jar (io.perfmark:perfmark-api:0.26.0) with InstrumentationAnalysisTransform
Transforming perfmark-api-0.26.0.jar (io.perfmark:perfmark-api:0.26.0) with MergeInstrumentationAnalysisTransform
Transforming netty-codec-http2-4.1.93.Final.jar (io.netty:netty-codec-http2:4.1.93.Final) with InstrumentationAnalysisTransform
Transforming netty-codec-http2-4.1.93.Final.jar (io.netty:netty-codec-http2:4.1.93.Final) with MergeInstrumentationAnalysisTransform
Transforming netty-handler-proxy-4.1.93.Final.jar (io.netty:netty-handler-proxy:4.1.93.Final) with InstrumentationAnalysisTransform
Transforming netty-handler-proxy-4.1.93.Final.jar (io.netty:netty-handler-proxy:4.1.93.Final) with MergeInstrumentationAnalysisTransform
Transforming netty-codec-http-4.1.93.Final.jar (io.netty:netty-codec-http:4.1.93.Final) with InstrumentationAnalysisTransform
Transforming netty-codec-http-4.1.93.Final.jar (io.netty:netty-codec-http:4.1.93.Final) with MergeInstrumentationAnalysisTransform
Transforming netty-handler-4.1.93.Final.jar (io.netty:netty-handler:4.1.93.Final) with InstrumentationAnalysisTransform
Transforming netty-handler-4.1.93.Final.jar (io.netty:netty-handler:4.1.93.Final) with MergeInstrumentationAnalysisTransform
Transforming netty-transport-native-unix-common-4.1.93.Final.jar (io.netty:netty-transport-native-unix-common:4.1.93.Final) with InstrumentationAnalysisTransform
Transforming netty-transport-native-unix-common-4.1.93.Final.jar (io.netty:netty-transport-native-unix-common:4.1.93.Final) with MergeInstrumentationAnalysisTransform
Transforming checker-qual-3.33.0.jar (org.checkerframework:checker-qual:3.33.0) with InstrumentationAnalysisTransform
Transforming checker-qual-3.33.0.jar (org.checkerframework:checker-qual:3.33.0) with MergeInstrumentationAnalysisTransform
Transforming commons-codec-1.11.jar (commons-codec:commons-codec:1.11) with InstrumentationAnalysisTransform
Transforming commons-codec-1.11.jar (commons-codec:commons-codec:1.11) with MergeInstrumentationAnalysisTransform
Transforming apksig-8.7.1.jar (com.android.tools.build:apksig:8.7.1) with InstrumentationAnalysisTransform
Transforming apksig-8.7.1.jar (com.android.tools.build:apksig:8.7.1) with MergeInstrumentationAnalysisTransform
Transforming javawriter-2.5.0.jar (com.squareup:javawriter:2.5.0) with InstrumentationAnalysisTransform
Transforming javawriter-2.5.0.jar (com.squareup:javawriter:2.5.0) with MergeInstrumentationAnalysisTransform
Transforming kotlin-gradle-plugin-annotations-1.9.25.jar (org.jetbrains.kotlin:kotlin-gradle-plugin-annotations:1.9.25) with InstrumentationAnalysisTransform
Transforming kotlin-gradle-plugin-annotations-1.9.25.jar (org.jetbrains.kotlin:kotlin-gradle-plugin-annotations:1.9.25) with MergeInstrumentationAnalysisTransform
Transforming kotlin-project-model-1.9.25.jar (org.jetbrains.kotlin:kotlin-project-model:1.9.25) with InstrumentationAnalysisTransform
Transforming lint-model-31.7.1.jar (com.android.tools.lint:lint-model:31.7.1) with ExternalDependencyInstrumentingArtifactTransform
Transforming google-services-4.4.2.jar (com.google.gms:google-services:4.4.2) with ExternalDependencyInstrumentingArtifactTransform
Transforming kotlin-project-model-1.9.25.jar (org.jetbrains.kotlin:kotlin-project-model:1.9.25) with MergeInstrumentationAnalysisTransform
Transforming kotlin-tooling-core-1.9.25.jar (org.jetbrains.kotlin:kotlin-tooling-core:1.9.25) with InstrumentationAnalysisTransform
Transforming kotlin-tooling-core-1.9.25.jar (org.jetbrains.kotlin:kotlin-tooling-core:1.9.25) with MergeInstrumentationAnalysisTransform
Transforming kotlin-util-io-1.9.25.jar (org.jetbrains.kotlin:kotlin-util-io:1.9.25) with InstrumentationAnalysisTransform
Transforming kotlin-util-io-1.9.25.jar (org.jetbrains.kotlin:kotlin-util-io:1.9.25) with MergeInstrumentationAnalysisTransform
Transforming kotlin-daemon-embeddable-1.9.25.jar (org.jetbrains.kotlin:kotlin-daemon-embeddable:1.9.25) with InstrumentationAnalysisTransform
Transforming kotlin-daemon-embeddable-1.9.25.jar (org.jetbrains.kotlin:kotlin-daemon-embeddable:1.9.25) with MergeInstrumentationAnalysisTransform
Transforming kotlin-daemon-client-1.9.25.jar (org.jetbrains.kotlin:kotlin-daemon-client:1.9.25) with InstrumentationAnalysisTransform
Transforming kotlin-daemon-client-1.9.25.jar (org.jetbrains.kotlin:kotlin-daemon-client:1.9.25) with MergeInstrumentationAnalysisTransform
Transforming kotlinx-coroutines-core-jvm-1.5.0.jar (org.jetbrains.kotlinx:kotlinx-coroutines-core-jvm:1.5.0) with InstrumentationAnalysisTransform
Transforming kotlinx-coroutines-core-jvm-1.5.0.jar (org.jetbrains.kotlinx:kotlinx-coroutines-core-jvm:1.5.0) with MergeInstrumentationAnalysisTransform
Transforming kotlin-scripting-jvm-1.9.25.jar (org.jetbrains.kotlin:kotlin-scripting-jvm:1.9.25) with InstrumentationAnalysisTransform
Transforming kotlin-scripting-jvm-1.9.25.jar (org.jetbrains.kotlin:kotlin-scripting-jvm:1.9.25) with MergeInstrumentationAnalysisTransform
Transforming kotlin-scripting-common-1.9.25.jar (org.jetbrains.kotlin:kotlin-scripting-common:1.9.25) with InstrumentationAnalysisTransform
Transforming kotlin-scripting-common-1.9.25.jar (org.jetbrains.kotlin:kotlin-scripting-common:1.9.25) with MergeInstrumentationAnalysisTransform
Transforming builder-8.7.1.jar (com.android.tools.build:builder:8.7.1) with ExternalDependencyInstrumentingArtifactTransform
Transforming failureaccess-1.0.1.jar (com.google.guava:failureaccess:1.0.1) with InstrumentationAnalysisTransform
Transforming failureaccess-1.0.1.jar (com.google.guava:failureaccess:1.0.1) with MergeInstrumentationAnalysisTransform
Transforming listenablefuture-9999.0-empty-to-avoid-conflict-with-guava.jar (com.google.guava:listenablefuture:9999.0-empty-to-avoid-conflict-with-guava) with InstrumentationAnalysisTransform
Transforming listenablefuture-9999.0-empty-to-avoid-conflict-with-guava.jar (com.google.guava:listenablefuture:9999.0-empty-to-avoid-conflict-with-guava) with MergeInstrumentationAnalysisTransform
Transforming commons-logging-1.2.jar (commons-logging:commons-logging:1.2) with InstrumentationAnalysisTransform
Transforming commons-logging-1.2.jar (commons-logging:commons-logging:1.2) with MergeInstrumentationAnalysisTransform
Transforming jna-5.6.0.jar (net.java.dev.jna:jna:5.6.0) with InstrumentationAnalysisTransform
Transforming jna-5.6.0.jar (net.java.dev.jna:jna:5.6.0) with MergeInstrumentationAnalysisTransform
Transforming netty-codec-socks-4.1.93.Final.jar (io.netty:netty-codec-socks:4.1.93.Final) with InstrumentationAnalysisTransform
Transforming netty-codec-socks-4.1.93.Final.jar (io.netty:netty-codec-socks:4.1.93.Final) with MergeInstrumentationAnalysisTransform
Transforming manifest-merger-31.7.1.jar (com.android.tools.build:manifest-merger:31.7.1) with ExternalDependencyInstrumentingArtifactTransform
Transforming netty-codec-4.1.93.Final.jar (io.netty:netty-codec:4.1.93.Final) with InstrumentationAnalysisTransform
Transforming netty-codec-4.1.93.Final.jar (io.netty:netty-codec:4.1.93.Final) with MergeInstrumentationAnalysisTransform
Transforming netty-transport-4.1.93.Final.jar (io.netty:netty-transport:4.1.93.Final) with InstrumentationAnalysisTransform
Transforming netty-transport-4.1.93.Final.jar (io.netty:netty-transport:4.1.93.Final) with MergeInstrumentationAnalysisTransform
Transforming netty-buffer-4.1.93.Final.jar (io.netty:netty-buffer:4.1.93.Final) with InstrumentationAnalysisTransform
Transforming netty-buffer-4.1.93.Final.jar (io.netty:netty-buffer:4.1.93.Final) with MergeInstrumentationAnalysisTransform
Transforming netty-resolver-4.1.93.Final.jar (io.netty:netty-resolver:4.1.93.Final) with InstrumentationAnalysisTransform
Transforming netty-resolver-4.1.93.Final.jar (io.netty:netty-resolver:4.1.93.Final) with MergeInstrumentationAnalysisTransform
Transforming netty-common-4.1.93.Final.jar (io.netty:netty-common:4.1.93.Final) with InstrumentationAnalysisTransform
Transforming netty-common-4.1.93.Final.jar (io.netty:netty-common:4.1.93.Final) with MergeInstrumentationAnalysisTransform
Transforming gradle-settings-api-8.7.1.jar (com.android.tools.build:gradle-settings-api:8.7.1) with ExternalDependencyInstrumentingArtifactTransform
Transforming sdk-common-31.7.1.jar (com.android.tools:sdk-common:31.7.1) with ExternalDependencyInstrumentingArtifactTransform
Transforming sdklib-31.7.1.jar (com.android.tools:sdklib:31.7.1) with ExternalDependencyInstrumentingArtifactTransform
Transforming repository-31.7.1.jar (com.android.tools:repository:31.7.1) with ExternalDependencyInstrumentingArtifactTransform
Transforming gradle-api-8.7.1.jar (com.android.tools.build:gradle-api:8.7.1) with ExternalDependencyInstrumentingArtifactTransform
Transforming builder-test-api-8.7.1.jar (com.android.tools.build:builder-test-api:8.7.1) with ExternalDependencyInstrumentingArtifactTransform
Transforming ddmlib-31.7.1.jar (com.android.tools.ddms:ddmlib:31.7.1) with ExternalDependencyInstrumentingArtifactTransform
Transforming aaptcompiler-8.7.1.jar (com.android.tools.build:aaptcompiler:8.7.1) with ExternalDependencyInstrumentingArtifactTransform
Transforming bundletool-1.17.1.jar (com.android.tools.build:bundletool:1.17.1) with ExternalDependencyInstrumentingArtifactTransform
Transforming aapt2-proto-8.7.1-12006047.jar (com.android.tools.build:aapt2-proto:8.7.1-12006047) with ExternalDependencyInstrumentingArtifactTransform
Transforming crash-31.7.1.jar (com.android.tools.analytics-library:crash:31.7.1) with ExternalDependencyInstrumentingArtifactTransform
Transforming shared-31.7.1.jar (com.android.tools.analytics-library:shared:31.7.1) with ExternalDependencyInstrumentingArtifactTransform
Transforming lint-typedef-remover-31.7.1.jar (com.android.tools.lint:lint-typedef-remover:31.7.1) with ExternalDependencyInstrumentingArtifactTransform
Transforming tracker-31.7.1.jar (com.android.tools.analytics-library:tracker:31.7.1) with ExternalDependencyInstrumentingArtifactTransform
Transforming databinding-compiler-common-8.7.1.jar (androidx.databinding:databinding-compiler-common:8.7.1) with ExternalDependencyInstrumentingArtifactTransform
Transforming databinding-common-8.7.1.jar (androidx.databinding:databinding-common:8.7.1) with ExternalDependencyInstrumentingArtifactTransform
Transforming layoutlib-api-31.7.1.jar (com.android.tools.layoutlib:layoutlib-api:31.7.1) with ExternalDependencyInstrumentingArtifactTransform
Transforming baseLibrary-8.7.1.jar (com.android.databinding:baseLibrary:8.7.1) with ExternalDependencyInstrumentingArtifactTransform
Transforming android-device-provider-ddmlib-proto-31.7.1.jar (com.android.tools.utp:android-device-provider-ddmlib-proto:31.7.1) with ExternalDependencyInstrumentingArtifactTransform
Transforming android-device-provider-gradle-proto-31.7.1.jar (com.android.tools.utp:android-device-provider-gradle-proto:31.7.1) with ExternalDependencyInstrumentingArtifactTransform
Transforming android-device-provider-profile-proto-31.7.1.jar (com.android.tools.utp:android-device-provider-profile-proto:31.7.1) with ExternalDependencyInstrumentingArtifactTransform
Transforming android-test-plugin-host-additional-test-output-proto-31.7.1.jar (com.android.tools.utp:android-test-plugin-host-additional-test-output-proto:31.7.1) with ExternalDependencyInstrumentingArtifactTransform
Transforming android-test-plugin-host-coverage-proto-31.7.1.jar (com.android.tools.utp:android-test-plugin-host-coverage-proto:31.7.1) with ExternalDependencyInstrumentingArtifactTransform
Transforming android-test-plugin-host-emulator-control-proto-31.7.1.jar (com.android.tools.utp:android-test-plugin-host-emulator-control-proto:31.7.1) with ExternalDependencyInstrumentingArtifactTransform
Transforming android-test-plugin-host-logcat-proto-31.7.1.jar (com.android.tools.utp:android-test-plugin-host-logcat-proto:31.7.1) with ExternalDependencyInstrumentingArtifactTransform
Transforming android-test-plugin-host-apk-installer-proto-31.7.1.jar (com.android.tools.utp:android-test-plugin-host-apk-installer-proto:31.7.1) with ExternalDependencyInstrumentingArtifactTransform
Transforming android-test-plugin-host-retention-proto-31.7.1.jar (com.android.tools.utp:android-test-plugin-host-retention-proto:31.7.1) with ExternalDependencyInstrumentingArtifactTransform
Transforming android-test-plugin-result-listener-gradle-proto-31.7.1.jar (com.android.tools.utp:android-test-plugin-result-listener-gradle-proto:31.7.1) with ExternalDependencyInstrumentingArtifactTransform
Transforming builder-model-8.7.1.jar (com.android.tools.build:builder-model:8.7.1) with ExternalDependencyInstrumentingArtifactTransform
Transforming jetifier-processor-1.0.0-beta10.jar (com.android.tools.build.jetifier:jetifier-processor:1.0.0-beta10) with ExternalDependencyInstrumentingArtifactTransform
Transforming jetifier-core-1.0.0-beta10.jar (com.android.tools.build.jetifier:jetifier-core:1.0.0-beta10) with ExternalDependencyInstrumentingArtifactTransform
Transforming kotlin-stdlib-jdk7-1.9.20.jar (org.jetbrains.kotlin:kotlin-stdlib-jdk7:1.9.20) with ExternalDependencyInstrumentingArtifactTransform
Transforming kotlin-reflect-1.9.20.jar (org.jetbrains.kotlin:kotlin-reflect:1.9.20) with ExternalDependencyInstrumentingArtifactTransform
Transforming kotlin-stdlib-1.9.20.jar (org.jetbrains.kotlin:kotlin-stdlib:1.9.20) with ExternalDependencyInstrumentingArtifactTransform
Transforming strict-version-matcher-plugin-1.2.4.jar (com.google.android.gms:strict-version-matcher-plugin:1.2.4) with ExternalDependencyInstrumentingArtifactTransform
Transforming common-31.7.1.jar (com.android.tools:common:31.7.1) with ExternalDependencyInstrumentingArtifactTransform
Transforming dvlib-31.7.1.jar (com.android.tools:dvlib:31.7.1) with ExternalDependencyInstrumentingArtifactTransform
Transforming kotlin-stdlib-jdk8-1.9.20.jar (org.jetbrains.kotlin:kotlin-stdlib-jdk8:1.9.20) with ExternalDependencyInstrumentingArtifactTransform
Transforming transform-api-2.0.0-deprecated-use-gradle-api.jar (com.android.tools.build:transform-api:2.0.0-deprecated-use-gradle-api) with ExternalDependencyInstrumentingArtifactTransform
Transforming httpmime-4.5.6.jar (org.apache.httpcomponents:httpmime:4.5.6) with ExternalDependencyInstrumentingArtifactTransform
Transforming commons-io-2.13.0.jar (commons-io:commons-io:2.13.0) with ExternalDependencyInstrumentingArtifactTransform
Transforming asm-util-9.6.jar (org.ow2.asm:asm-util:9.6) with ExternalDependencyInstrumentingArtifactTransform
Transforming asm-commons-9.6.jar (org.ow2.asm:asm-commons:9.6) with ExternalDependencyInstrumentingArtifactTransform
Transforming asm-analysis-9.6.jar (org.ow2.asm:asm-analysis:9.6) with ExternalDependencyInstrumentingArtifactTransform
Transforming asm-tree-9.6.jar (org.ow2.asm:asm-tree:9.6) with ExternalDependencyInstrumentingArtifactTransform
Transforming asm-9.6.jar (org.ow2.asm:asm:9.6) with ExternalDependencyInstrumentingArtifactTransform
Transforming apkzlib-8.7.1.jar (com.android.tools.build:apkzlib:8.7.1) with ExternalDependencyInstrumentingArtifactTransform
Transforming bcpkix-jdk18on-1.77.jar (org.bouncycastle:bcpkix-jdk18on:1.77) with ExternalDependencyInstrumentingArtifactTransform
Transforming jopt-simple-4.9.jar (net.sf.jopt-simple:jopt-simple:4.9) with ExternalDependencyInstrumentingArtifactTransform
Transforming jaxb-runtime-2.3.2.jar (org.glassfish.jaxb:jaxb-runtime:2.3.2) with ExternalDependencyInstrumentingArtifactTransform
Transforming javapoet-1.13.0.jar (com.squareup:javapoet:1.13.0) with ExternalDependencyInstrumentingArtifactTransform
Transforming protobuf-java-util-3.22.3.jar (com.google.protobuf:protobuf-java-util:3.22.3) with ExternalDependencyInstrumentingArtifactTransform
Transforming protos-31.7.1.jar (com.android.tools.analytics-library:protos:31.7.1) with ExternalDependencyInstrumentingArtifactTransform
Transforming tink-1.7.0.jar (com.google.crypto.tink:tink:1.7.0) with ExternalDependencyInstrumentingArtifactTransform
Transforming grpc-protobuf-1.57.0.jar (io.grpc:grpc-protobuf:1.57.0) with ExternalDependencyInstrumentingArtifactTransform
Transforming protobuf-java-3.22.3.jar (com.google.protobuf:protobuf-java:3.22.3) with ExternalDependencyInstrumentingArtifactTransform
Transforming grpc-netty-1.57.0.jar (io.grpc:grpc-netty:1.57.0) with ExternalDependencyInstrumentingArtifactTransform
Transforming grpc-core-1.57.0.jar (io.grpc:grpc-core:1.57.0) with ExternalDependencyInstrumentingArtifactTransform
Transforming proto-google-common-protos-2.17.0.jar (com.google.api.grpc:proto-google-common-protos:2.17.0) with ExternalDependencyInstrumentingArtifactTransform
Transforming gson-2.10.1.jar (com.google.code.gson:gson:2.10.1) with ExternalDependencyInstrumentingArtifactTransform
Transforming core-proto-0.0.9-alpha02.jar (com.google.testing.platform:core-proto:0.0.9-alpha02) with ExternalDependencyInstrumentingArtifactTransform
Transforming grpc-stub-1.57.0.jar (io.grpc:grpc-stub:1.57.0) with ExternalDependencyInstrumentingArtifactTransform
Transforming tensorflow-lite-metadata-0.1.0-rc2.jar (org.tensorflow:tensorflow-lite-metadata:0.1.0-rc2) with ExternalDependencyInstrumentingArtifactTransform
Transforming flatbuffers-java-1.12.0.jar (com.google.flatbuffers:flatbuffers-java:1.12.0) with ExternalDependencyInstrumentingArtifactTransform
Transforming kotlin-gradle-plugin-idea-1.9.25.jar (org.jetbrains.kotlin:kotlin-gradle-plugin-idea:1.9.25) with ExternalDependencyInstrumentingArtifactTransform
Transforming kotlin-gradle-plugin-idea-proto-1.9.25.jar (org.jetbrains.kotlin:kotlin-gradle-plugin-idea-proto:1.9.25) with ExternalDependencyInstrumentingArtifactTransform
Transforming kotlin-klib-commonizer-api-1.9.25.jar (org.jetbrains.kotlin:kotlin-klib-commonizer-api:1.9.25) with ExternalDependencyInstrumentingArtifactTransform
Transforming kotlin-build-tools-api-1.9.25.jar (org.jetbrains.kotlin:kotlin-build-tools-api:1.9.25) with ExternalDependencyInstrumentingArtifactTransform
Transforming kotlin-util-klib-1.9.25.jar (org.jetbrains.kotlin:kotlin-util-klib:1.9.25) with ExternalDependencyInstrumentingArtifactTransform
Transforming kotlin-native-utils-1.9.25.jar (org.jetbrains.kotlin:kotlin-native-utils:1.9.25) with ExternalDependencyInstrumentingArtifactTransform
Transforming kotlin-android-extensions-1.9.25.jar (org.jetbrains.kotlin:kotlin-android-extensions:1.9.25) with ExternalDependencyInstrumentingArtifactTransform
Transforming kotlin-scripting-compiler-embeddable-1.9.25.jar (org.jetbrains.kotlin:kotlin-scripting-compiler-embeddable:1.9.25) with ExternalDependencyInstrumentingArtifactTransform
Transforming kotlin-compiler-runner-1.9.25.jar (org.jetbrains.kotlin:kotlin-compiler-runner:1.9.25) with ExternalDependencyInstrumentingArtifactTransform
Transforming kotlin-compiler-embeddable-1.9.25.jar (org.jetbrains.kotlin:kotlin-compiler-embeddable:1.9.25) with ExternalDependencyInstrumentingArtifactTransform
Transforming kotlin-scripting-compiler-impl-embeddable-1.9.25.jar (org.jetbrains.kotlin:kotlin-scripting-compiler-impl-embeddable:1.9.25) with ExternalDependencyInstrumentingArtifactTransform
Transforming grpc-context-1.57.0.jar (io.grpc:grpc-context:1.57.0) with ExternalDependencyInstrumentingArtifactTransform
Transforming jimfs-1.1.jar (com.google.jimfs:jimfs:1.1) with ExternalDependencyInstrumentingArtifactTransform
Transforming grpc-api-1.57.0.jar (io.grpc:grpc-api:1.57.0) with ExternalDependencyInstrumentingArtifactTransform
Transforming grpc-protobuf-lite-1.57.0.jar (io.grpc:grpc-protobuf-lite:1.57.0) with ExternalDependencyInstrumentingArtifactTransform
Transforming guava-32.0.1-jre.jar (com.google.guava:guava:32.0.1-jre) with ExternalDependencyInstrumentingArtifactTransform
Transforming dagger-2.28.3.jar (com.google.dagger:dagger:2.28.3) with ExternalDependencyInstrumentingArtifactTransform
Transforming javax.inject-1.jar (javax.inject:javax.inject:1) with ExternalDependencyInstrumentingArtifactTransform
Transforming kxml2-2.3.0.jar (net.sf.kxml:kxml2:2.3.0) with ExternalDependencyInstrumentingArtifactTransform
Transforming bcutil-jdk18on-1.77.jar (org.bouncycastle:bcutil-jdk18on:1.77) with ExternalDependencyInstrumentingArtifactTransform
Transforming bcprov-jdk18on-1.77.jar (org.bouncycastle:bcprov-jdk18on:1.77) with ExternalDependencyInstrumentingArtifactTransform
Transforming commons-compress-1.21.jar (org.apache.commons:commons-compress:1.21) with ExternalDependencyInstrumentingArtifactTransform
Transforming httpcore-4.4.16.jar (org.apache.httpcomponents:httpcore:4.4.16) with ExternalDependencyInstrumentingArtifactTransform
Transforming httpclient-4.5.14.jar (org.apache.httpcomponents:httpclient:4.5.14) with ExternalDependencyInstrumentingArtifactTransform
Transforming trove4j-1.0.20200330.jar (org.jetbrains.intellij.deps:trove4j:1.0.20200330) with ExternalDependencyInstrumentingArtifactTransform
Transforming javax.activation-1.2.0.jar (com.sun.activation:javax.activation:1.2.0) with ExternalDependencyInstrumentingArtifactTransform
Transforming annotations-23.0.0.jar (org.jetbrains:annotations:23.0.0) with ExternalDependencyInstrumentingArtifactTransform
Transforming signflinger-8.7.1.jar (com.android:signflinger:8.7.1) with ExternalDependencyInstrumentingArtifactTransform
Transforming annotations-31.7.1.jar (com.android.tools:annotations:31.7.1) with ExternalDependencyInstrumentingArtifactTransform
Transforming zipflinger-8.7.1.jar (com.android:zipflinger:8.7.1) with ExternalDependencyInstrumentingArtifactTransform
Transforming jna-platform-5.6.0.jar (net.java.dev.jna:jna-platform:5.6.0) with ExternalDependencyInstrumentingArtifactTransform
Transforming juniversalchardet-1.0.3.jar (com.googlecode.juniversalchardet:juniversalchardet:1.0.3) with ExternalDependencyInstrumentingArtifactTransform
Transforming javax.annotation-api-1.3.2.jar (javax.annotation:javax.annotation-api:1.3.2) with ExternalDependencyInstrumentingArtifactTransform
Transforming stax-ex-1.8.1.jar (org.jvnet.staxex:stax-ex:1.8.1) with ExternalDependencyInstrumentingArtifactTransform
Transforming jakarta.xml.bind-api-2.3.2.jar (jakarta.xml.bind:jakarta.xml.bind-api:2.3.2) with ExternalDependencyInstrumentingArtifactTransform
Transforming txw2-2.3.2.jar (org.glassfish.jaxb:txw2:2.3.2) with ExternalDependencyInstrumentingArtifactTransform
Transforming FastInfoset-1.2.16.jar (com.sun.xml.fastinfoset:FastInfoset:1.2.16) with ExternalDependencyInstrumentingArtifactTransform
Transforming istack-commons-runtime-3.0.8.jar (com.sun.istack:istack-commons-runtime:3.0.8) with ExternalDependencyInstrumentingArtifactTransform
Transforming auto-value-annotations-1.6.2.jar (com.google.auto.value:auto-value-annotations:1.6.2) with ExternalDependencyInstrumentingArtifactTransform
Transforming error_prone_annotations-2.18.0.jar (com.google.errorprone:error_prone_annotations:2.18.0) with ExternalDependencyInstrumentingArtifactTransform
Transforming jakarta.activation-api-1.2.1.jar (jakarta.activation:jakarta.activation-api:1.2.1) with ExternalDependencyInstrumentingArtifactTransform
Transforming slf4j-api-1.7.30.jar (org.slf4j:slf4j-api:1.7.30) with ExternalDependencyInstrumentingArtifactTransform
Transforming jose4j-0.9.5.jar (org.bitbucket.b_c:jose4j:0.9.5) with ExternalDependencyInstrumentingArtifactTransform
Transforming jdom2-2.0.6.jar (org.jdom:jdom2:2.0.6) with ExternalDependencyInstrumentingArtifactTransform
Transforming j2objc-annotations-2.8.jar (com.google.j2objc:j2objc-annotations:2.8) with ExternalDependencyInstrumentingArtifactTransform
Transforming jsr305-3.0.2.jar (com.google.code.findbugs:jsr305:3.0.2) with ExternalDependencyInstrumentingArtifactTransform
Transforming animal-sniffer-annotations-1.23.jar (org.codehaus.mojo:animal-sniffer-annotations:1.23) with ExternalDependencyInstrumentingArtifactTransform
Transforming annotations-4.1.1.4.jar (com.google.android:annotations:4.1.1.4) with ExternalDependencyInstrumentingArtifactTransform
Transforming perfmark-api-0.26.0.jar (io.perfmark:perfmark-api:0.26.0) with ExternalDependencyInstrumentingArtifactTransform
Transforming netty-codec-http2-4.1.93.Final.jar (io.netty:netty-codec-http2:4.1.93.Final) with ExternalDependencyInstrumentingArtifactTransform
Transforming netty-handler-proxy-4.1.93.Final.jar (io.netty:netty-handler-proxy:4.1.93.Final) with ExternalDependencyInstrumentingArtifactTransform
Transforming netty-handler-4.1.93.Final.jar (io.netty:netty-handler:4.1.93.Final) with ExternalDependencyInstrumentingArtifactTransform
Transforming netty-codec-http-4.1.93.Final.jar (io.netty:netty-codec-http:4.1.93.Final) with ExternalDependencyInstrumentingArtifactTransform
Transforming netty-transport-native-unix-common-4.1.93.Final.jar (io.netty:netty-transport-native-unix-common:4.1.93.Final) with ExternalDependencyInstrumentingArtifactTransform
Transforming checker-qual-3.33.0.jar (org.checkerframework:checker-qual:3.33.0) with ExternalDependencyInstrumentingArtifactTransform
Transforming commons-codec-1.11.jar (commons-codec:commons-codec:1.11) with ExternalDependencyInstrumentingArtifactTransform
Transforming apksig-8.7.1.jar (com.android.tools.build:apksig:8.7.1) with ExternalDependencyInstrumentingArtifactTransform
Transforming javawriter-2.5.0.jar (com.squareup:javawriter:2.5.0) with ExternalDependencyInstrumentingArtifactTransform
Transforming kotlin-gradle-plugin-annotations-1.9.25.jar (org.jetbrains.kotlin:kotlin-gradle-plugin-annotations:1.9.25) with ExternalDependencyInstrumentingArtifactTransform
Transforming kotlin-project-model-1.9.25.jar (org.jetbrains.kotlin:kotlin-project-model:1.9.25) with ExternalDependencyInstrumentingArtifactTransform
Transforming kotlin-util-io-1.9.25.jar (org.jetbrains.kotlin:kotlin-util-io:1.9.25) with ExternalDependencyInstrumentingArtifactTransform
Transforming kotlin-tooling-core-1.9.25.jar (org.jetbrains.kotlin:kotlin-tooling-core:1.9.25) with ExternalDependencyInstrumentingArtifactTransform
Transforming kotlin-daemon-embeddable-1.9.25.jar (org.jetbrains.kotlin:kotlin-daemon-embeddable:1.9.25) with ExternalDependencyInstrumentingArtifactTransform
Transforming kotlin-daemon-client-1.9.25.jar (org.jetbrains.kotlin:kotlin-daemon-client:1.9.25) with ExternalDependencyInstrumentingArtifactTransform
Transforming kotlinx-coroutines-core-jvm-1.5.0.jar (org.jetbrains.kotlinx:kotlinx-coroutines-core-jvm:1.5.0) with ExternalDependencyInstrumentingArtifactTransform
Transforming kotlin-scripting-common-1.9.25.jar (org.jetbrains.kotlin:kotlin-scripting-common:1.9.25) with ExternalDependencyInstrumentingArtifactTransform
Transforming kotlin-scripting-jvm-1.9.25.jar (org.jetbrains.kotlin:kotlin-scripting-jvm:1.9.25) with ExternalDependencyInstrumentingArtifactTransform
Transforming failureaccess-1.0.1.jar (com.google.guava:failureaccess:1.0.1) with ExternalDependencyInstrumentingArtifactTransform
Transforming listenablefuture-9999.0-empty-to-avoid-conflict-with-guava.jar (com.google.guava:listenablefuture:9999.0-empty-to-avoid-conflict-with-guava) with ExternalDependencyInstrumentingArtifactTransform
Transforming jna-5.6.0.jar (net.java.dev.jna:jna:5.6.0) with ExternalDependencyInstrumentingArtifactTransform
Transforming commons-logging-1.2.jar (commons-logging:commons-logging:1.2) with ExternalDependencyInstrumentingArtifactTransform
Transforming netty-codec-socks-4.1.93.Final.jar (io.netty:netty-codec-socks:4.1.93.Final) with ExternalDependencyInstrumentingArtifactTransform
Transforming netty-codec-4.1.93.Final.jar (io.netty:netty-codec:4.1.93.Final) with ExternalDependencyInstrumentingArtifactTransform
Transforming netty-transport-4.1.93.Final.jar (io.netty:netty-transport:4.1.93.Final) with ExternalDependencyInstrumentingArtifactTransform
Transforming netty-buffer-4.1.93.Final.jar (io.netty:netty-buffer:4.1.93.Final) with ExternalDependencyInstrumentingArtifactTransform
Transforming netty-resolver-4.1.93.Final.jar (io.netty:netty-resolver:4.1.93.Final) with ExternalDependencyInstrumentingArtifactTransform
Transforming netty-common-4.1.93.Final.jar (io.netty:netty-common:4.1.93.Final) with ExternalDependencyInstrumentingArtifactTransform

> Configure project :app
Evaluating project ':app' using build file 'D:\cursor working\debxtrem\app\build.gradle'.
Using default execution profile
Build report service is registered. Unique build id: 62a196ed-d8f5-4f25-98e3-c2ecfe895825
Using Kotlin Gradle Plugin gradle82 variant
Task name matched 'compileDebugKotlin'
Selected primary task 'compileDebugKotlin' from project :
All projects evaluated.
Tasks to be executed: [task ':app:checkKotlinGradlePluginConfigurationErrors', task ':app:preBuild', task ':app:preDebugBuild', task ':app:dataBindingMergeDependencyArtifactsDebug', task ':app:generateDebugResValues', task ':app:generateDebugResources', task ':app:processDebugGoogleServices', task ':app:mergeDebugResources', task ':app:packageDebugResources', task ':app:parseDebugLocalResources', task ':app:dataBindingGenBaseClassesDebug', task ':app:generateDebugBuildConfig', task ':app:checkDebugAarMetadata', task ':app:mapDebugSourceSetPaths', task ':app:createDebugCompatibleScreenManifests', task ':app:extractDeepLinksDebug', task ':app:processDebugMainManifest', task ':app:processDebugManifest', task ':app:processDebugManifestForPackage', task ':app:processDebugResources', task ':app:kaptGenerateStubsDebugKotlin', task ':app:kaptDebugKotlin', task ':app:compileDebugKotlin']
Tasks that were excluded: []
Resolve mutations for :app:checkKotlinGradlePluginConfigurationErrors (Thread[#72,included builds,5,main]) started.
:app:checkKotlinGradlePluginConfigurationErrors (Thread[#75,Execution worker Thread 3,5,main]) started.

> Task :app:checkKotlinGradlePluginConfigurationErrors
Caching disabled for task ':app:checkKotlinGradlePluginConfigurationErrors' because:
  This task renders reported diagnostics; caching this task will hide diagnostics and obscure issues in the build
Task ':app:checkKotlinGradlePluginConfigurationErrors' is not up-to-date because:
  Task has not declared any outputs despite executing actions.
Resolve mutations for :app:preBuild (Thread[#75,Execution worker Thread 3,5,main]) started.
:app:preBuild (Thread[#75,Execution worker Thread 3,5,main]) started.

> Task :app:preBuild UP-TO-DATE
Skipping task ':app:preBuild' as it has no actions.
Resolve mutations for :app:preDebugBuild (Thread[#75,Execution worker Thread 3,5,main]) started.
:app:preDebugBuild (Thread[#75,Execution worker Thread 3,5,main]) started.

> Task :app:preDebugBuild UP-TO-DATE
Skipping task ':app:preDebugBuild' as it has no actions.
Resolve mutations for :app:dataBindingMergeDependencyArtifactsDebug (Thread[#75,Execution worker Thread 3,5,main]) started.
:app:dataBindingMergeDependencyArtifactsDebug (Thread[#75,Execution worker Thread 3,5,main]) started.

> Task :app:dataBindingMergeDependencyArtifactsDebug
Registered task dependencies: app:debugCompileClasspath
Skipping misunderstood TO dep string: androidx.compose.ui:ui-tooling
Skipping misunderstood TO dep string: androidx.compose.ui:ui-test-manifest
Skipping misunderstood TO dep string: androidx.compose.ui:ui
Skipping misunderstood TO dep string: androidx.compose.ui:ui-graphics
Skipping misunderstood TO dep string: androidx.compose.ui:ui-tooling-preview
Skipping misunderstood TO dep string: androidx.compose.material3:material3
Skipping misunderstood TO dep string: com.google.firebase:firebase-firestore-ktx
Skipping misunderstood TO dep string: com.google.firebase:firebase-analytics-ktx
Starting dependency analysis
Transforming preference-ktx-1.2.1.aar (androidx.preference:preference-ktx:1.2.1) with JetifyTransform
Transforming material-1.12.0.aar (com.google.android.material:material:1.12.0) with JetifyTransform
Transforming material-1.12.0.aar (com.google.android.material:material:1.12.0) with ExtractAarTransform
Transforming preference-ktx-1.2.1.aar (androidx.preference:preference-ktx:1.2.1) with ExtractAarTransform
Transforming viewbinding-8.7.1.aar (androidx.databinding:viewbinding:8.7.1) with JetifyTransform
Transforming viewbinding-8.7.1.aar (androidx.databinding:viewbinding:8.7.1) with ExtractAarTransform
Transforming appcompat-resources-1.7.0.aar (androidx.appcompat:appcompat-resources:1.7.0) with JetifyTransform
Transforming appcompat-resources-1.7.0.aar (androidx.appcompat:appcompat-resources:1.7.0) with ExtractAarTransform
Transforming viewbinding-8.7.1.aar (androidx.databinding:viewbinding:8.7.1) with AarTransform
Transforming preference-ktx-1.2.1.aar (androidx.preference:preference-ktx:1.2.1) with AarTransform
Transforming preference-1.2.1.aar (androidx.preference:preference:1.2.1) with JetifyTransform
Transforming appcompat-1.7.0.aar (androidx.appcompat:appcompat:1.7.0) with JetifyTransform
Transforming appcompat-resources-1.7.0.aar (androidx.appcompat:appcompat-resources:1.7.0) with AarTransform
Transforming appcompat-1.7.0.aar (androidx.appcompat:appcompat:1.7.0) with ExtractAarTransform
Transforming glide-4.16.0.aar (com.github.bumptech.glide:glide:4.16.0) with JetifyTransform
Transforming glide-4.16.0.aar (com.github.bumptech.glide:glide:4.16.0) with ExtractAarTransform
Transforming appcompat-1.7.0.aar (androidx.appcompat:appcompat:1.7.0) with AarTransform
Transforming hilt-work-1.2.0.aar (androidx.hilt:hilt-work:1.2.0) with JetifyTransform
Transforming glide-4.16.0.aar (com.github.bumptech.glide:glide:4.16.0) with AarTransform
Transforming hilt-work-1.2.0.aar (androidx.hilt:hilt-work:1.2.0) with ExtractAarTransform
Transforming hilt-android-2.51.1.aar (com.google.dagger:hilt-android:2.51.1) with JetifyTransform
Transforming hilt-work-1.2.0.aar (androidx.hilt:hilt-work:1.2.0) with AarTransform
Transforming hilt-android-2.51.1.aar (com.google.dagger:hilt-android:2.51.1) with ExtractAarTransform
Transforming viewpager2-1.1.0-beta02.aar (androidx.viewpager2:viewpager2:1.1.0-beta02) with JetifyTransform
Transforming hilt-android-2.51.1.aar (com.google.dagger:hilt-android:2.51.1) with AarTransform
Transforming material-1.12.0.aar (com.google.android.material:material:1.12.0) with AarTransform
Transforming preference-1.2.1.aar (androidx.preference:preference:1.2.1) with ExtractAarTransform
Transforming firebase-firestore-ktx-25.0.0.aar (com.google.firebase:firebase-firestore-ktx:25.0.0) with JetifyTransform
Transforming viewpager2-1.1.0-beta02.aar (androidx.viewpager2:viewpager2:1.1.0-beta02) with ExtractAarTransform
Transforming firebase-firestore-25.0.0.aar (com.google.firebase:firebase-firestore:25.0.0) with JetifyTransform
Transforming firebase-firestore-ktx-25.0.0.aar (com.google.firebase:firebase-firestore-ktx:25.0.0) with ExtractAarTransform
Transforming firebase-firestore-25.0.0.aar (com.google.firebase:firebase-firestore:25.0.0) with ExtractAarTransform
Transforming firebase-firestore-ktx-25.0.0.aar (com.google.firebase:firebase-firestore-ktx:25.0.0) with AarTransform
Transforming viewpager2-1.1.0-beta02.aar (androidx.viewpager2:viewpager2:1.1.0-beta02) with AarTransform
Transforming firebase-firestore-25.0.0.aar (com.google.firebase:firebase-firestore:25.0.0) with AarTransform
Transforming firebase-appcheck-interop-17.0.0.aar (com.google.firebase:firebase-appcheck-interop:17.0.0) with JetifyTransform
Transforming firebase-auth-interop-19.0.2.aar (com.google.firebase:firebase-auth-interop:19.0.2) with JetifyTransform
Transforming firebase-appcheck-interop-17.0.0.aar (com.google.firebase:firebase-appcheck-interop:17.0.0) with ExtractAarTransform
Transforming firebase-auth-interop-19.0.2.aar (com.google.firebase:firebase-auth-interop:19.0.2) with ExtractAarTransform
Transforming firebase-auth-interop-19.0.2.aar (com.google.firebase:firebase-auth-interop:19.0.2) with AarTransform
Transforming firebase-appcheck-interop-17.0.0.aar (com.google.firebase:firebase-appcheck-interop:17.0.0) with AarTransform
Transforming firebase-analytics-ktx-22.0.2.aar (com.google.firebase:firebase-analytics-ktx:22.0.2) with JetifyTransform
Transforming firebase-analytics-22.0.2.aar (com.google.firebase:firebase-analytics:22.0.2) with JetifyTransform
Transforming firebase-analytics-ktx-22.0.2.aar (com.google.firebase:firebase-analytics-ktx:22.0.2) with ExtractAarTransform
Transforming firebase-analytics-ktx-22.0.2.aar (com.google.firebase:firebase-analytics-ktx:22.0.2) with AarTransform
Transforming firebase-analytics-22.0.2.aar (com.google.firebase:firebase-analytics:22.0.2) with ExtractAarTransform
Transforming play-services-measurement-api-22.0.2.aar (com.google.android.gms:play-services-measurement-api:22.0.2) with JetifyTransform
Transforming firebase-analytics-22.0.2.aar (com.google.firebase:firebase-analytics:22.0.2) with AarTransform
Transforming play-services-measurement-api-22.0.2.aar (com.google.android.gms:play-services-measurement-api:22.0.2) with ExtractAarTransform
Transforming play-services-measurement-api-22.0.2.aar (com.google.android.gms:play-services-measurement-api:22.0.2) with AarTransform
Transforming firebase-installations-18.0.0.aar (com.google.firebase:firebase-installations:18.0.0) with JetifyTransform
Transforming firebase-installations-18.0.0.aar (com.google.firebase:firebase-installations:18.0.0) with ExtractAarTransform
Transforming firebase-common-ktx-21.0.0.aar (com.google.firebase:firebase-common-ktx:21.0.0) with JetifyTransform
Transforming firebase-installations-18.0.0.aar (com.google.firebase:firebase-installations:18.0.0) with AarTransform
Transforming firebase-common-ktx-21.0.0.aar (com.google.firebase:firebase-common-ktx:21.0.0) with JetifyTransform
Transforming firebase-common-ktx-21.0.0.aar (com.google.firebase:firebase-common-ktx:21.0.0) with ExtractAarTransform
Transforming firebase-common-ktx-21.0.0.aar (com.google.firebase:firebase-common-ktx:21.0.0) with ExtractAarTransform
Transforming firebase-common-ktx-21.0.0.aar (com.google.firebase:firebase-common-ktx:21.0.0) with AarTransform
Transforming firebase-common-ktx-21.0.0.aar (com.google.firebase:firebase-common-ktx:21.0.0) with AarTransform
Transforming firebase-common-21.0.0.aar (com.google.firebase:firebase-common:21.0.0) with JetifyTransform
Transforming firebase-common-21.0.0.aar (com.google.firebase:firebase-common:21.0.0) with JetifyTransform
Transforming preference-1.2.1.aar (androidx.preference:preference:1.2.1) with AarTransform
Transforming firebase-common-21.0.0.aar (com.google.firebase:firebase-common:21.0.0) with JetifyTransform
Transforming firebase-common-21.0.0.aar (com.google.firebase:firebase-common:21.0.0) with ExtractAarTransform
Transforming firebase-common-21.0.0.aar (com.google.firebase:firebase-common:21.0.0) with ExtractAarTransform
Transforming firebase-common-21.0.0.aar (com.google.firebase:firebase-common:21.0.0) with ExtractAarTransform
Transforming firebase-common-21.0.0.aar (com.google.firebase:firebase-common:21.0.0) with JetifyTransform
Transforming firebase-common-21.0.0.aar (com.google.firebase:firebase-common:21.0.0) with ExtractAarTransform
Transforming firebase-common-21.0.0.aar (com.google.firebase:firebase-common:21.0.0) with AarTransform
Transforming firebase-common-21.0.0.aar (com.google.firebase:firebase-common:21.0.0) with AarTransform
Transforming firebase-common-21.0.0.aar (com.google.firebase:firebase-common:21.0.0) with AarTransform
Transforming firebase-common-21.0.0.aar (com.google.firebase:firebase-common:21.0.0) with AarTransform
Transforming room-ktx-2.6.1.aar (androidx.room:room-ktx:2.6.1) with JetifyTransform
Transforming room-runtime-2.6.1.aar (androidx.room:room-runtime:2.6.1) with JetifyTransform
Transforming room-paging-2.6.1.aar (androidx.room:room-paging:2.6.1) with JetifyTransform
Transforming paging-common-release.aar (androidx.paging:paging-common-android:3.3.2) with JetifyTransform
Transforming room-runtime-2.6.1.aar (androidx.room:room-runtime:2.6.1) with ExtractAarTransform
Transforming room-ktx-2.6.1.aar (androidx.room:room-ktx:2.6.1) with ExtractAarTransform
Transforming room-paging-2.6.1.aar (androidx.room:room-paging:2.6.1) with ExtractAarTransform
Transforming paging-common-release.aar (androidx.paging:paging-common-android:3.3.2) with ExtractAarTransform
Transforming room-ktx-2.6.1.aar (androidx.room:room-ktx:2.6.1) with AarTransform
Transforming room-paging-2.6.1.aar (androidx.room:room-paging:2.6.1) with AarTransform
Transforming room-runtime-2.6.1.aar (androidx.room:room-runtime:2.6.1) with AarTransform
Transforming paging-common-release.aar (androidx.paging:paging-common-android:3.3.2) with AarTransform
Transforming paging-runtime-3.3.2.aar (androidx.paging:paging-runtime:3.3.2) with JetifyTransform
Transforming paging-runtime-ktx-3.3.2.aar (androidx.paging:paging-runtime-ktx:3.3.2) with JetifyTransform
Transforming activity-compose-1.9.3.aar (androidx.activity:activity-compose:1.9.3) with JetifyTransform
Transforming paging-runtime-3.3.2.aar (androidx.paging:paging-runtime:3.3.2) with ExtractAarTransform
Transforming material3-release.aar (androidx.compose.material3:material3-android:1.2.0) with JetifyTransform
Transforming activity-compose-1.9.3.aar (androidx.activity:activity-compose:1.9.3) with ExtractAarTransform
Transforming paging-runtime-ktx-3.3.2.aar (androidx.paging:paging-runtime-ktx:3.3.2) with ExtractAarTransform
Transforming material3-release.aar (androidx.compose.material3:material3-android:1.2.0) with ExtractAarTransform
Transforming paging-runtime-3.3.2.aar (androidx.paging:paging-runtime:3.3.2) with AarTransform
Transforming paging-runtime-ktx-3.3.2.aar (androidx.paging:paging-runtime-ktx:3.3.2) with AarTransform
Transforming ui-util-release.aar (androidx.compose.ui:ui-util-android:1.6.2) with JetifyTransform
Transforming ui-unit-release.aar (androidx.compose.ui:ui-unit-android:1.6.2) with JetifyTransform
Transforming ui-unit-release.aar (androidx.compose.ui:ui-unit-android:1.6.2) with ExtractAarTransform
Transforming activity-compose-1.9.3.aar (androidx.activity:activity-compose:1.9.3) with AarTransform
Transforming ui-unit-release.aar (androidx.compose.ui:ui-unit-android:1.6.2) with AarTransform
Transforming ui-text-release.aar (androidx.compose.ui:ui-text-android:1.6.2) with JetifyTransform
Transforming ui-util-release.aar (androidx.compose.ui:ui-util-android:1.6.2) with ExtractAarTransform
Transforming coil-compose-2.6.0.aar (io.coil-kt:coil-compose:2.6.0) with JetifyTransform
Transforming coil-compose-2.6.0.aar (io.coil-kt:coil-compose:2.6.0) with ExtractAarTransform
Transforming ui-util-release.aar (androidx.compose.ui:ui-util-android:1.6.2) with AarTransform
Transforming coil-compose-base-2.6.0.aar (io.coil-kt:coil-compose-base:2.6.0) with JetifyTransform
Transforming coil-compose-2.6.0.aar (io.coil-kt:coil-compose:2.6.0) with AarTransform
Transforming foundation-layout-release.aar (androidx.compose.foundation:foundation-layout-android:1.6.2) with JetifyTransform
Transforming coil-compose-base-2.6.0.aar (io.coil-kt:coil-compose-base:2.6.0) with ExtractAarTransform
Transforming coil-compose-base-2.6.0.aar (io.coil-kt:coil-compose-base:2.6.0) with AarTransform
Transforming material-icons-core-release.aar (androidx.compose.material:material-icons-core-android:1.6.2) with JetifyTransform
Transforming foundation-layout-release.aar (androidx.compose.foundation:foundation-layout-android:1.6.2) with ExtractAarTransform
Transforming material-icons-core-release.aar (androidx.compose.material:material-icons-core-android:1.6.2) with ExtractAarTransform
Transforming material-icons-core-release.aar (androidx.compose.material:material-icons-core-android:1.6.2) with AarTransform
Transforming foundation-layout-release.aar (androidx.compose.foundation:foundation-layout-android:1.6.2) with AarTransform
Transforming material-ripple-release.aar (androidx.compose.material:material-ripple-android:1.6.2) with JetifyTransform
Transforming foundation-release.aar (androidx.compose.foundation:foundation-android:1.6.2) with JetifyTransform
Transforming material-ripple-release.aar (androidx.compose.material:material-ripple-android:1.6.2) with ExtractAarTransform
Transforming foundation-release.aar (androidx.compose.foundation:foundation-android:1.6.2) with ExtractAarTransform
Transforming material3-release.aar (androidx.compose.material3:material3-android:1.2.0) with AarTransform
Transforming material-ripple-release.aar (androidx.compose.material:material-ripple-android:1.6.2) with AarTransform
Transforming ui-text-release.aar (androidx.compose.ui:ui-text-android:1.6.2) with ExtractAarTransform
Transforming animation-core-release.aar (androidx.compose.animation:animation-core-android:1.6.2) with JetifyTransform
Transforming animation-release.aar (androidx.compose.animation:animation-android:1.6.2) with JetifyTransform
Transforming animation-core-release.aar (androidx.compose.animation:animation-core-android:1.6.2) with ExtractAarTransform
Transforming animation-release.aar (androidx.compose.animation:animation-android:1.6.2) with ExtractAarTransform
Transforming ui-text-release.aar (androidx.compose.ui:ui-text-android:1.6.2) with AarTransform
Transforming ui-geometry-release.aar (androidx.compose.ui:ui-geometry-android:1.6.2) with JetifyTransform
Transforming animation-core-release.aar (androidx.compose.animation:animation-core-android:1.6.2) with AarTransform
Transforming ui-geometry-release.aar (androidx.compose.ui:ui-geometry-android:1.6.2) with ExtractAarTransform
Transforming animation-release.aar (androidx.compose.animation:animation-android:1.6.2) with AarTransform
Transforming ui-tooling-data-release.aar (androidx.compose.ui:ui-tooling-data-android:1.6.2) with JetifyTransform
Transforming ui-geometry-release.aar (androidx.compose.ui:ui-geometry-android:1.6.2) with AarTransform
Transforming ui-tooling-preview-release.aar (androidx.compose.ui:ui-tooling-preview-android:1.6.2) with JetifyTransform
Transforming ui-graphics-release.aar (androidx.compose.ui:ui-graphics-android:1.6.2) with JetifyTransform
Transforming ui-tooling-preview-release.aar (androidx.compose.ui:ui-tooling-preview-android:1.6.2) with ExtractAarTransform
Transforming ui-tooling-data-release.aar (androidx.compose.ui:ui-tooling-data-android:1.6.2) with ExtractAarTransform
Transforming ui-graphics-release.aar (androidx.compose.ui:ui-graphics-android:1.6.2) with ExtractAarTransform
Transforming ui-tooling-preview-release.aar (androidx.compose.ui:ui-tooling-preview-android:1.6.2) with AarTransform
Transforming ui-tooling-data-release.aar (androidx.compose.ui:ui-tooling-data-android:1.6.2) with AarTransform
Transforming ui-graphics-release.aar (androidx.compose.ui:ui-graphics-android:1.6.2) with AarTransform
Transforming recyclerview-1.3.2.aar (androidx.recyclerview:recyclerview:1.3.2) with JetifyTransform
Transforming drawerlayout-1.1.1.aar (androidx.drawerlayout:drawerlayout:1.1.1) with JetifyTransform
Transforming recyclerview-1.3.2.aar (androidx.recyclerview:recyclerview:1.3.2) with ExtractAarTransform
Transforming coordinatorlayout-1.1.0.aar (androidx.coordinatorlayout:coordinatorlayout:1.1.0) with JetifyTransform
Transforming drawerlayout-1.1.1.aar (androidx.drawerlayout:drawerlayout:1.1.1) with ExtractAarTransform
Transforming coordinatorlayout-1.1.0.aar (androidx.coordinatorlayout:coordinatorlayout:1.1.0) with ExtractAarTransform
Transforming recyclerview-1.3.2.aar (androidx.recyclerview:recyclerview:1.3.2) with AarTransform
Transforming drawerlayout-1.1.1.aar (androidx.drawerlayout:drawerlayout:1.1.1) with AarTransform
Transforming coordinatorlayout-1.1.0.aar (androidx.coordinatorlayout:coordinatorlayout:1.1.0) with AarTransform
Transforming dynamicanimation-1.0.0.aar (androidx.dynamicanimation:dynamicanimation:1.0.0) with JetifyTransform
Transforming transition-1.5.0.aar (androidx.transition:transition:1.5.0) with JetifyTransform
Transforming vectordrawable-animated-1.1.0.aar (androidx.vectordrawable:vectordrawable-animated:1.1.0) with JetifyTransform
Transforming dynamicanimation-1.0.0.aar (androidx.dynamicanimation:dynamicanimation:1.0.0) with ExtractAarTransform
Transforming foundation-release.aar (androidx.compose.foundation:foundation-android:1.6.2) with AarTransform
Transforming transition-1.5.0.aar (androidx.transition:transition:1.5.0) with ExtractAarTransform
Transforming vectordrawable-animated-1.1.0.aar (androidx.vectordrawable:vectordrawable-animated:1.1.0) with ExtractAarTransform
Transforming dynamicanimation-1.0.0.aar (androidx.dynamicanimation:dynamicanimation:1.0.0) with AarTransform
Transforming vectordrawable-1.1.0.aar (androidx.vectordrawable:vectordrawable:1.1.0) with JetifyTransform
Transforming transition-1.5.0.aar (androidx.transition:transition:1.5.0) with AarTransform
Transforming vectordrawable-1.1.0.aar (androidx.vectordrawable:vectordrawable:1.1.0) with JetifyTransform
Transforming viewpager-1.0.0.aar (androidx.viewpager:viewpager:1.0.0) with JetifyTransform
Transforming vectordrawable-animated-1.1.0.aar (androidx.vectordrawable:vectordrawable-animated:1.1.0) with AarTransform
Transforming vectordrawable-1.1.0.aar (androidx.vectordrawable:vectordrawable:1.1.0) with ExtractAarTransform
Transforming slidingpanelayout-1.2.0.aar (androidx.slidingpanelayout:slidingpanelayout:1.2.0) with JetifyTransform
Transforming viewpager-1.0.0.aar (androidx.viewpager:viewpager:1.0.0) with ExtractAarTransform
Transforming vectordrawable-1.1.0.aar (androidx.vectordrawable:vectordrawable:1.1.0) with AarTransform
Transforming vectordrawable-1.1.0.aar (androidx.vectordrawable:vectordrawable:1.1.0) with ExtractAarTransform
Transforming vectordrawable-1.1.0.aar (androidx.vectordrawable:vectordrawable:1.1.0) with AarTransform
Transforming slidingpanelayout-1.2.0.aar (androidx.slidingpanelayout:slidingpanelayout:1.2.0) with ExtractAarTransform
Transforming customview-1.1.0.aar (androidx.customview:customview:1.1.0) with JetifyTransform
Transforming customview-1.1.0.aar (androidx.customview:customview:1.1.0) with JetifyTransform
Transforming viewpager-1.0.0.aar (androidx.viewpager:viewpager:1.0.0) with AarTransform
Transforming customview-1.1.0.aar (androidx.customview:customview:1.1.0) with ExtractAarTransform
Transforming customview-1.1.0.aar (androidx.customview:customview:1.1.0) with ExtractAarTransform
Transforming customview-1.1.0.aar (androidx.customview:customview:1.1.0) with JetifyTransform
Transforming customview-1.1.0.aar (androidx.customview:customview:1.1.0) with ExtractAarTransform
Transforming slidingpanelayout-1.2.0.aar (androidx.slidingpanelayout:slidingpanelayout:1.2.0) with AarTransform
Transforming customview-1.1.0.aar (androidx.customview:customview:1.1.0) with JetifyTransform
Transforming customview-1.1.0.aar (androidx.customview:customview:1.1.0) with AarTransform
Transforming customview-1.1.0.aar (androidx.customview:customview:1.1.0) with AarTransform
Transforming customview-1.1.0.aar (androidx.customview:customview:1.1.0) with AarTransform
Transforming customview-1.1.0.aar (androidx.customview:customview:1.1.0) with ExtractAarTransform
Transforming customview-1.1.0.aar (androidx.customview:customview:1.1.0) with AarTransform
Transforming play-services-measurement-22.0.2.aar (com.google.android.gms:play-services-measurement:22.0.2) with JetifyTransform
Transforming play-services-measurement-sdk-22.0.2.aar (com.google.android.gms:play-services-measurement-sdk:22.0.2) with JetifyTransform
Transforming play-services-measurement-impl-22.0.2.aar (com.google.android.gms:play-services-measurement-impl:22.0.2) with JetifyTransform
Transforming play-services-measurement-impl-22.0.2.aar (com.google.android.gms:play-services-measurement-impl:22.0.2) with JetifyTransform
Transforming play-services-measurement-impl-22.0.2.aar (com.google.android.gms:play-services-measurement-impl:22.0.2) with ExtractAarTransform
Transforming play-services-measurement-impl-22.0.2.aar (com.google.android.gms:play-services-measurement-impl:22.0.2) with ExtractAarTransform
Transforming play-services-measurement-22.0.2.aar (com.google.android.gms:play-services-measurement:22.0.2) with ExtractAarTransform
Transforming play-services-measurement-sdk-22.0.2.aar (com.google.android.gms:play-services-measurement-sdk:22.0.2) with ExtractAarTransform
Transforming play-services-measurement-impl-22.0.2.aar (com.google.android.gms:play-services-measurement-impl:22.0.2) with AarTransform
Transforming play-services-measurement-impl-22.0.2.aar (com.google.android.gms:play-services-measurement-impl:22.0.2) with AarTransform
Transforming play-services-measurement-22.0.2.aar (com.google.android.gms:play-services-measurement:22.0.2) with AarTransform
Transforming play-services-measurement-sdk-22.0.2.aar (com.google.android.gms:play-services-measurement-sdk:22.0.2) with AarTransform
Transforming play-services-stats-17.0.2.aar (com.google.android.gms:play-services-stats:17.0.2) with JetifyTransform
Transforming play-services-stats-17.0.2.aar (com.google.android.gms:play-services-stats:17.0.2) with JetifyTransform
Transforming legacy-support-core-utils-1.0.0.aar (androidx.legacy:legacy-support-core-utils:1.0.0) with JetifyTransform
Transforming legacy-support-core-utils-1.0.0.aar (androidx.legacy:legacy-support-core-utils:1.0.0) with JetifyTransform
Transforming play-services-stats-17.0.2.aar (com.google.android.gms:play-services-stats:17.0.2) with ExtractAarTransform
Transforming legacy-support-core-utils-1.0.0.aar (androidx.legacy:legacy-support-core-utils:1.0.0) with ExtractAarTransform
Transforming legacy-support-core-utils-1.0.0.aar (androidx.legacy:legacy-support-core-utils:1.0.0) with ExtractAarTransform
Transforming play-services-stats-17.0.2.aar (com.google.android.gms:play-services-stats:17.0.2) with ExtractAarTransform
Transforming legacy-support-core-utils-1.0.0.aar (androidx.legacy:legacy-support-core-utils:1.0.0) with AarTransform
Transforming legacy-support-core-utils-1.0.0.aar (androidx.legacy:legacy-support-core-utils:1.0.0) with AarTransform
Transforming play-services-stats-17.0.2.aar (com.google.android.gms:play-services-stats:17.0.2) with AarTransform
Transforming loader-1.0.0.aar (androidx.loader:loader:1.0.0) with JetifyTransform
Transforming play-services-stats-17.0.2.aar (com.google.android.gms:play-services-stats:17.0.2) with AarTransform
Transforming loader-1.0.0.aar (androidx.loader:loader:1.0.0) with JetifyTransform
Transforming loader-1.0.0.aar (androidx.loader:loader:1.0.0) with ExtractAarTransform
Transforming loader-1.0.0.aar (androidx.loader:loader:1.0.0) with ExtractAarTransform
Transforming play-services-base-18.0.1.aar (com.google.android.gms:play-services-base:18.0.1) with JetifyTransform
Transforming firebase-database-collection-18.0.1.aar (com.google.firebase:firebase-database-collection:18.0.1) with JetifyTransform
Transforming play-services-base-18.0.1.aar (com.google.android.gms:play-services-base:18.0.1) with ExtractAarTransform
Transforming firebase-database-collection-18.0.1.aar (com.google.firebase:firebase-database-collection:18.0.1) with ExtractAarTransform
Transforming loader-1.0.0.aar (androidx.loader:loader:1.0.0) with AarTransform
Transforming loader-1.0.0.aar (androidx.loader:loader:1.0.0) with AarTransform
Transforming play-services-base-18.0.1.aar (com.google.android.gms:play-services-base:18.0.1) with JetifyTransform
Transforming firebase-database-collection-18.0.1.aar (com.google.firebase:firebase-database-collection:18.0.1) with AarTransform
Transforming play-services-base-18.0.1.aar (com.google.android.gms:play-services-base:18.0.1) with ExtractAarTransform
Transforming core-1.13.1.aar (androidx.core:core:1.13.1) with JetifyTransform
Transforming core-1.13.1.aar (androidx.core:core:1.13.1) with JetifyTransform
Transforming core-1.13.1.aar (androidx.core:core:1.13.1) with ExtractAarTransform
Transforming core-1.13.1.aar (androidx.core:core:1.13.1) with ExtractAarTransform
Transforming play-services-base-18.0.1.aar (com.google.android.gms:play-services-base:18.0.1) with AarTransform
Transforming play-services-base-18.0.1.aar (com.google.android.gms:play-services-base:18.0.1) with AarTransform
Transforming core-1.13.1.aar (androidx.core:core:1.13.1) with JetifyTransform
Transforming core-1.13.1.aar (androidx.core:core:1.13.1) with JetifyTransform
Transforming core-1.13.1.aar (androidx.core:core:1.13.1) with ExtractAarTransform
Transforming core-1.13.1.aar (androidx.core:core:1.13.1) with ExtractAarTransform
Transforming core-1.13.1.aar (androidx.core:core:1.13.1) with AarTransform
Transforming core-1.13.1.aar (androidx.core:core:1.13.1) with AarTransform
Transforming core-1.13.1.aar (androidx.core:core:1.13.1) with AarTransform
Transforming core-1.13.1.aar (androidx.core:core:1.13.1) with AarTransform
Transforming lifecycle-viewmodel-release.aar (androidx.lifecycle:lifecycle-viewmodel-android:2.8.7) with JetifyTransform
Transforming lifecycle-viewmodel-2.8.7.aar (androidx.lifecycle:lifecycle-viewmodel:2.8.7) with JetifyTransform
Transforming coil-2.6.0.aar (io.coil-kt:coil:2.6.0) with JetifyTransform
Transforming coil-base-2.6.0.aar (io.coil-kt:coil-base:2.6.0) with JetifyTransform
Transforming lifecycle-viewmodel-2.8.7.aar (androidx.lifecycle:lifecycle-viewmodel:2.8.7) with ExtractAarTransform
Transforming lifecycle-viewmodel-release.aar (androidx.lifecycle:lifecycle-viewmodel-android:2.8.7) with ExtractAarTransform
Transforming coil-base-2.6.0.aar (io.coil-kt:coil-base:2.6.0) with ExtractAarTransform
Transforming coil-2.6.0.aar (io.coil-kt:coil:2.6.0) with ExtractAarTransform
Transforming coil-base-2.6.0.aar (io.coil-kt:coil-base:2.6.0) with AarTransform
Transforming lifecycle-viewmodel-2.8.7.aar (androidx.lifecycle:lifecycle-viewmodel:2.8.7) with AarTransform
Transforming coil-2.6.0.aar (io.coil-kt:coil:2.6.0) with AarTransform
Transforming lifecycle-runtime-release.aar (androidx.lifecycle:lifecycle-runtime-android:2.8.7) with JetifyTransform
Transforming lifecycle-viewmodel-release.aar (androidx.lifecycle:lifecycle-viewmodel-android:2.8.7) with AarTransform
Transforming lifecycle-runtime-release.aar (androidx.lifecycle:lifecycle-runtime-android:2.8.7) with ExtractAarTransform
Transforming lifecycle-livedata-core-2.8.7.aar (androidx.lifecycle:lifecycle-livedata-core:2.8.7) with JetifyTransform
Transforming lifecycle-runtime-compose-release.aar (androidx.lifecycle:lifecycle-runtime-compose-android:2.8.7) with JetifyTransform
Transforming lifecycle-runtime-compose-release.aar (androidx.lifecycle:lifecycle-runtime-compose-android:2.8.7) with ExtractAarTransform
Transforming lifecycle-livedata-core-2.8.7.aar (androidx.lifecycle:lifecycle-livedata-core:2.8.7) with ExtractAarTransform
Transforming lifecycle-viewmodel-compose-release.aar (androidx.lifecycle:lifecycle-viewmodel-compose-android:2.8.7) with JetifyTransform
Transforming lifecycle-viewmodel-compose-release.aar (androidx.lifecycle:lifecycle-viewmodel-compose-android:2.8.7) with ExtractAarTransform
Transforming lifecycle-runtime-release.aar (androidx.lifecycle:lifecycle-runtime-android:2.8.7) with AarTransform
Transforming lifecycle-runtime-compose-release.aar (androidx.lifecycle:lifecycle-runtime-compose-android:2.8.7) with AarTransform
Transforming ui-release.aar (androidx.compose.ui:ui-android:1.6.2) with JetifyTransform
Transforming ui-tooling-release.aar (androidx.compose.ui:ui-tooling-android:1.6.2) with JetifyTransform
Transforming ui-release.aar (androidx.compose.ui:ui-android:1.6.2) with ExtractAarTransform
Transforming ui-tooling-release.aar (androidx.compose.ui:ui-tooling-android:1.6.2) with ExtractAarTransform
Transforming lifecycle-viewmodel-compose-release.aar (androidx.lifecycle:lifecycle-viewmodel-compose-android:2.8.7) with AarTransform
Transforming lifecycle-livedata-core-2.8.7.aar (androidx.lifecycle:lifecycle-livedata-core:2.8.7) with AarTransform
Transforming ui-test-manifest-1.6.2.aar (androidx.compose.ui:ui-test-manifest:1.6.2) with JetifyTransform
Transforming ui-test-manifest-1.6.2.aar (androidx.compose.ui:ui-test-manifest:1.6.2) with ExtractAarTransform
Transforming ui-tooling-release.aar (androidx.compose.ui:ui-tooling-android:1.6.2) with AarTransform
Transforming ui-test-manifest-1.6.2.aar (androidx.compose.ui:ui-test-manifest:1.6.2) with AarTransform
Transforming activity-1.9.3.aar (androidx.activity:activity:1.9.3) with JetifyTransform
Transforming lifecycle-viewmodel-savedstate-2.8.7.aar (androidx.lifecycle:lifecycle-viewmodel-savedstate:2.8.7) with JetifyTransform
Transforming activity-1.9.3.aar (androidx.activity:activity:1.9.3) with ExtractAarTransform
Transforming lifecycle-viewmodel-savedstate-2.8.7.aar (androidx.lifecycle:lifecycle-viewmodel-savedstate:2.8.7) with ExtractAarTransform
Transforming activity-1.9.3.aar (androidx.activity:activity:1.9.3) with AarTransform
Transforming lifecycle-runtime-ktx-release.aar (androidx.lifecycle:lifecycle-runtime-ktx-android:2.8.7) with JetifyTransform
Transforming lifecycle-viewmodel-savedstate-2.8.7.aar (androidx.lifecycle:lifecycle-viewmodel-savedstate:2.8.7) with AarTransform
Transforming lifecycle-runtime-ktx-release.aar (androidx.lifecycle:lifecycle-runtime-ktx-android:2.8.7) with ExtractAarTransform
Transforming lifecycle-runtime-ktx-release.aar (androidx.lifecycle:lifecycle-runtime-ktx-android:2.8.7) with AarTransform
Transforming work-runtime-ktx-2.9.1.aar (androidx.work:work-runtime-ktx:2.9.1) with JetifyTransform
Transforming work-runtime-ktx-2.9.1.aar (androidx.work:work-runtime-ktx:2.9.1) with ExtractAarTransform
Transforming work-runtime-ktx-2.9.1.aar (androidx.work:work-runtime-ktx:2.9.1) with AarTransform
Transforming work-runtime-2.9.1.aar (androidx.work:work-runtime:2.9.1) with JetifyTransform
Transforming work-runtime-2.9.1.aar (androidx.work:work-runtime:2.9.1) with ExtractAarTransform
Transforming work-runtime-2.9.1.aar (androidx.work:work-runtime:2.9.1) with AarTransform
Transforming lifecycle-livedata-2.8.7.aar (androidx.lifecycle:lifecycle-livedata:2.8.7) with JetifyTransform
Transforming lifecycle-livedata-2.8.7.aar (androidx.lifecycle:lifecycle-livedata:2.8.7) with ExtractAarTransform
Transforming lifecycle-livedata-2.8.7.aar (androidx.lifecycle:lifecycle-livedata:2.8.7) with AarTransform
Transforming lifecycle-livedata-2.8.7.aar (androidx.lifecycle:lifecycle-livedata:2.8.7) with JetifyTransform
Transforming lifecycle-livedata-2.8.7.aar (androidx.lifecycle:lifecycle-livedata:2.8.7) with ExtractAarTransform
Transforming lifecycle-livedata-2.8.7.aar (androidx.lifecycle:lifecycle-livedata:2.8.7) with AarTransform
Transforming lifecycle-livedata-core-ktx-2.8.7.aar (androidx.lifecycle:lifecycle-livedata-core-ktx:2.8.7) with JetifyTransform
Transforming ui-release.aar (androidx.compose.ui:ui-android:1.6.2) with AarTransform
Transforming lifecycle-livedata-core-ktx-2.8.7.aar (androidx.lifecycle:lifecycle-livedata-core-ktx:2.8.7) with ExtractAarTransform
Transforming lifecycle-livedata-ktx-2.8.7.aar (androidx.lifecycle:lifecycle-livedata-ktx:2.8.7) with JetifyTransform
Transforming lifecycle-viewmodel-ktx-2.8.7.aar (androidx.lifecycle:lifecycle-viewmodel-ktx:2.8.7) with JetifyTransform
Transforming runtime-saveable-release.aar (androidx.compose.runtime:runtime-saveable-android:1.7.1) with JetifyTransform
Transforming lifecycle-livedata-ktx-2.8.7.aar (androidx.lifecycle:lifecycle-livedata-ktx:2.8.7) with ExtractAarTransform
Transforming lifecycle-livedata-core-ktx-2.8.7.aar (androidx.lifecycle:lifecycle-livedata-core-ktx:2.8.7) with AarTransform
Transforming runtime-saveable-release.aar (androidx.compose.runtime:runtime-saveable-android:1.7.1) with ExtractAarTransform
Transforming lifecycle-viewmodel-ktx-2.8.7.aar (androidx.lifecycle:lifecycle-viewmodel-ktx:2.8.7) with ExtractAarTransform
Transforming runtime-release.aar (androidx.compose.runtime:runtime-android:1.7.1) with JetifyTransform
Transforming lifecycle-livedata-ktx-2.8.7.aar (androidx.lifecycle:lifecycle-livedata-ktx:2.8.7) with AarTransform
Transforming lifecycle-viewmodel-ktx-2.8.7.aar (androidx.lifecycle:lifecycle-viewmodel-ktx:2.8.7) with AarTransform
Transforming ads-adservices-java-1.0.0-beta05.aar (androidx.privacysandbox.ads:ads-adservices-java:1.0.0-beta05) with JetifyTransform
Transforming runtime-saveable-release.aar (androidx.compose.runtime:runtime-saveable-android:1.7.1) with AarTransform
Transforming runtime-release.aar (androidx.compose.runtime:runtime-android:1.7.1) with ExtractAarTransform
Transforming ads-adservices-1.0.0-beta05.aar (androidx.privacysandbox.ads:ads-adservices:1.0.0-beta05) with JetifyTransform
Transforming ads-adservices-java-1.0.0-beta05.aar (androidx.privacysandbox.ads:ads-adservices-java:1.0.0-beta05) with ExtractAarTransform
Transforming ads-adservices-1.0.0-beta05.aar (androidx.privacysandbox.ads:ads-adservices:1.0.0-beta05) with ExtractAarTransform
Transforming firebase-installations-interop-17.1.1.aar (com.google.firebase:firebase-installations-interop:17.1.1) with JetifyTransform
Transforming runtime-release.aar (androidx.compose.runtime:runtime-android:1.7.1) with AarTransform
Transforming firebase-installations-interop-17.1.1.aar (com.google.firebase:firebase-installations-interop:17.1.1) with ExtractAarTransform
Transforming ads-adservices-java-1.0.0-beta05.aar (androidx.privacysandbox.ads:ads-adservices-java:1.0.0-beta05) with AarTransform
Transforming firebase-installations-interop-17.1.1.aar (com.google.firebase:firebase-installations-interop:17.1.1) with JetifyTransform
Transforming ads-adservices-1.0.0-beta05.aar (androidx.privacysandbox.ads:ads-adservices:1.0.0-beta05) with AarTransform
Transforming firebase-installations-interop-17.1.1.aar (com.google.firebase:firebase-installations-interop:17.1.1) with ExtractAarTransform
Transforming play-services-tasks-18.2.0.aar (com.google.android.gms:play-services-tasks:18.2.0) with JetifyTransform
Transforming play-services-tasks-18.2.0.aar (com.google.android.gms:play-services-tasks:18.2.0) with JetifyTransform
Transforming firebase-installations-interop-17.1.1.aar (com.google.firebase:firebase-installations-interop:17.1.1) with AarTransform
Transforming firebase-installations-interop-17.1.1.aar (com.google.firebase:firebase-installations-interop:17.1.1) with AarTransform
Transforming play-services-tasks-18.2.0.aar (com.google.android.gms:play-services-tasks:18.2.0) with ExtractAarTransform
Transforming play-services-tasks-18.2.0.aar (com.google.android.gms:play-services-tasks:18.2.0) with ExtractAarTransform
Transforming play-services-tasks-18.2.0.aar (com.google.android.gms:play-services-tasks:18.2.0) with JetifyTransform
Transforming play-services-tasks-18.2.0.aar (com.google.android.gms:play-services-tasks:18.2.0) with JetifyTransform
Transforming play-services-tasks-18.2.0.aar (com.google.android.gms:play-services-tasks:18.2.0) with ExtractAarTransform
Transforming play-services-tasks-18.2.0.aar (com.google.android.gms:play-services-tasks:18.2.0) with ExtractAarTransform
Transforming play-services-tasks-18.2.0.aar (com.google.android.gms:play-services-tasks:18.2.0) with AarTransform
Transforming play-services-tasks-18.2.0.aar (com.google.android.gms:play-services-tasks:18.2.0) with AarTransform
Transforming play-services-tasks-18.2.0.aar (com.google.android.gms:play-services-tasks:18.2.0) with AarTransform
Transforming play-services-tasks-18.2.0.aar (com.google.android.gms:play-services-tasks:18.2.0) with AarTransform
Transforming play-services-ads-identifier-18.0.0.aar (com.google.android.gms:play-services-ads-identifier:18.0.0) with JetifyTransform
Transforming play-services-ads-identifier-18.0.0.aar (com.google.android.gms:play-services-ads-identifier:18.0.0) with JetifyTransform
Transforming play-services-ads-identifier-18.0.0.aar (com.google.android.gms:play-services-ads-identifier:18.0.0) with JetifyTransform
Transforming play-services-measurement-sdk-api-22.0.2.aar (com.google.android.gms:play-services-measurement-sdk-api:22.0.2) with JetifyTransform
Transforming play-services-ads-identifier-18.0.0.aar (com.google.android.gms:play-services-ads-identifier:18.0.0) with ExtractAarTransform
Transforming play-services-ads-identifier-18.0.0.aar (com.google.android.gms:play-services-ads-identifier:18.0.0) with ExtractAarTransform
Transforming play-services-ads-identifier-18.0.0.aar (com.google.android.gms:play-services-ads-identifier:18.0.0) with ExtractAarTransform
Transforming play-services-ads-identifier-18.0.0.aar (com.google.android.gms:play-services-ads-identifier:18.0.0) with AarTransform
Transforming play-services-ads-identifier-18.0.0.aar (com.google.android.gms:play-services-ads-identifier:18.0.0) with AarTransform
Transforming play-services-ads-identifier-18.0.0.aar (com.google.android.gms:play-services-ads-identifier:18.0.0) with AarTransform
Transforming play-services-measurement-sdk-api-22.0.2.aar (com.google.android.gms:play-services-measurement-sdk-api:22.0.2) with ExtractAarTransform
Transforming play-services-measurement-base-22.0.2.aar (com.google.android.gms:play-services-measurement-base:22.0.2) with JetifyTransform
Transforming play-services-measurement-base-22.0.2.aar (com.google.android.gms:play-services-measurement-base:22.0.2) with JetifyTransform
Transforming play-services-measurement-base-22.0.2.aar (com.google.android.gms:play-services-measurement-base:22.0.2) with JetifyTransform
Transforming play-services-measurement-base-22.0.2.aar (com.google.android.gms:play-services-measurement-base:22.0.2) with ExtractAarTransform
Transforming play-services-measurement-base-22.0.2.aar (com.google.android.gms:play-services-measurement-base:22.0.2) with ExtractAarTransform
Transforming play-services-measurement-base-22.0.2.aar (com.google.android.gms:play-services-measurement-base:22.0.2) with ExtractAarTransform
Transforming play-services-measurement-sdk-api-22.0.2.aar (com.google.android.gms:play-services-measurement-sdk-api:22.0.2) with AarTransform
Transforming play-services-measurement-base-22.0.2.aar (com.google.android.gms:play-services-measurement-base:22.0.2) with AarTransform
Transforming play-services-measurement-base-22.0.2.aar (com.google.android.gms:play-services-measurement-base:22.0.2) with JetifyTransform
Transforming play-services-measurement-base-22.0.2.aar (com.google.android.gms:play-services-measurement-base:22.0.2) with AarTransform
Transforming play-services-measurement-base-22.0.2.aar (com.google.android.gms:play-services-measurement-base:22.0.2) with AarTransform
Transforming play-services-measurement-base-22.0.2.aar (com.google.android.gms:play-services-measurement-base:22.0.2) with ExtractAarTransform
Transforming play-services-measurement-base-22.0.2.aar (com.google.android.gms:play-services-measurement-base:22.0.2) with AarTransform
Transforming play-services-basement-18.4.0.aar (com.google.android.gms:play-services-basement:18.4.0) with JetifyTransform
Transforming play-services-basement-18.4.0.aar (com.google.android.gms:play-services-basement:18.4.0) with JetifyTransform
Transforming play-services-basement-18.4.0.aar (com.google.android.gms:play-services-basement:18.4.0) with JetifyTransform
Transforming firebase-measurement-connector-19.0.0.aar (com.google.firebase:firebase-measurement-connector:19.0.0) with JetifyTransform
Transforming play-services-basement-18.4.0.aar (com.google.android.gms:play-services-basement:18.4.0) with ExtractAarTransform
Transforming play-services-basement-18.4.0.aar (com.google.android.gms:play-services-basement:18.4.0) with ExtractAarTransform
Transforming play-services-basement-18.4.0.aar (com.google.android.gms:play-services-basement:18.4.0) with ExtractAarTransform
Transforming firebase-measurement-connector-19.0.0.aar (com.google.firebase:firebase-measurement-connector:19.0.0) with ExtractAarTransform
Transforming firebase-measurement-connector-19.0.0.aar (com.google.firebase:firebase-measurement-connector:19.0.0) with AarTransform
Transforming play-services-basement-18.4.0.aar (com.google.android.gms:play-services-basement:18.4.0) with AarTransform
Transforming play-services-basement-18.4.0.aar (com.google.android.gms:play-services-basement:18.4.0) with AarTransform
Transforming play-services-basement-18.4.0.aar (com.google.android.gms:play-services-basement:18.4.0) with JetifyTransform
Transforming play-services-basement-18.4.0.aar (com.google.android.gms:play-services-basement:18.4.0) with ExtractAarTransform
Transforming play-services-basement-18.4.0.aar (com.google.android.gms:play-services-basement:18.4.0) with AarTransform
Transforming play-services-basement-18.4.0.aar (com.google.android.gms:play-services-basement:18.4.0) with AarTransform
Transforming fragment-1.8.5.aar (androidx.fragment:fragment:1.8.5) with JetifyTransform
Transforming fragment-1.8.5.aar (androidx.fragment:fragment:1.8.5) with JetifyTransform
Transforming fragment-1.8.5.aar (androidx.fragment:fragment:1.8.5) with JetifyTransform
Transforming fragment-ktx-1.8.5.aar (androidx.fragment:fragment-ktx:1.8.5) with JetifyTransform
Transforming fragment-1.8.5.aar (androidx.fragment:fragment:1.8.5) with ExtractAarTransform
Transforming fragment-1.8.5.aar (androidx.fragment:fragment:1.8.5) with ExtractAarTransform
Transforming fragment-1.8.5.aar (androidx.fragment:fragment:1.8.5) with ExtractAarTransform
Transforming fragment-ktx-1.8.5.aar (androidx.fragment:fragment-ktx:1.8.5) with ExtractAarTransform
Transforming fragment-ktx-1.8.5.aar (androidx.fragment:fragment-ktx:1.8.5) with AarTransform
Transforming fragment-1.8.5.aar (androidx.fragment:fragment:1.8.5) with AarTransform
Transforming fragment-1.8.5.aar (androidx.fragment:fragment:1.8.5) with AarTransform
Transforming fragment-1.8.5.aar (androidx.fragment:fragment:1.8.5) with AarTransform
Transforming core-ktx-1.13.1.aar (androidx.core:core-ktx:1.13.1) with JetifyTransform
Transforming activity-ktx-1.9.3.aar (androidx.activity:activity-ktx:1.9.3) with JetifyTransform
Transforming savedstate-1.2.1.aar (androidx.savedstate:savedstate:1.2.1) with JetifyTransform
Transforming savedstate-ktx-1.2.1.aar (androidx.savedstate:savedstate-ktx:1.2.1) with JetifyTransform
Transforming core-ktx-1.13.1.aar (androidx.core:core-ktx:1.13.1) with ExtractAarTransform
Transforming savedstate-1.2.1.aar (androidx.savedstate:savedstate:1.2.1) with ExtractAarTransform
Transforming activity-ktx-1.9.3.aar (androidx.activity:activity-ktx:1.9.3) with ExtractAarTransform
Transforming core-ktx-1.13.1.aar (androidx.core:core-ktx:1.13.1) with AarTransform
Transforming savedstate-ktx-1.2.1.aar (androidx.savedstate:savedstate-ktx:1.2.1) with ExtractAarTransform
Transforming media3-exoplayer-1.4.1.aar (androidx.media3:media3-exoplayer:1.4.1) with JetifyTransform
Transforming activity-ktx-1.9.3.aar (androidx.activity:activity-ktx:1.9.3) with AarTransform
Transforming media3-exoplayer-1.4.1.aar (androidx.media3:media3-exoplayer:1.4.1) with ExtractAarTransform
Transforming media3-container-1.4.1.aar (androidx.media3:media3-container:1.4.1) with JetifyTransform
Transforming savedstate-1.2.1.aar (androidx.savedstate:savedstate:1.2.1) with AarTransform
Transforming savedstate-ktx-1.2.1.aar (androidx.savedstate:savedstate-ktx:1.2.1) with AarTransform
Transforming media3-common-1.4.1.aar (androidx.media3:media3-common:1.4.1) with JetifyTransform
Transforming annotation-experimental-1.4.1.aar (androidx.annotation:annotation-experimental:1.4.1) with JetifyTransform
Transforming media3-container-1.4.1.aar (androidx.media3:media3-container:1.4.1) with ExtractAarTransform
Transforming media3-common-1.4.1.aar (androidx.media3:media3-common:1.4.1) with ExtractAarTransform
Transforming annotation-experimental-1.4.1.aar (androidx.annotation:annotation-experimental:1.4.1) with ExtractAarTransform
Transforming media3-container-1.4.1.aar (androidx.media3:media3-container:1.4.1) with AarTransform
Transforming media3-common-1.4.1.aar (androidx.media3:media3-common:1.4.1) with AarTransform
Transforming media3-datasource-okhttp-1.4.1.aar (androidx.media3:media3-datasource-okhttp:1.4.1) with JetifyTransform
Transforming security-crypto-1.1.0-alpha06.aar (androidx.security:security-crypto:1.1.0-alpha06) with JetifyTransform
Transforming annotation-experimental-1.4.1.aar (androidx.annotation:annotation-experimental:1.4.1) with AarTransform
Transforming media3-datasource-okhttp-1.4.1.aar (androidx.media3:media3-datasource-okhttp:1.4.1) with ExtractAarTransform
Transforming security-crypto-1.1.0-alpha06.aar (androidx.security:security-crypto:1.1.0-alpha06) with ExtractAarTransform
Transforming cursoradapter-1.0.0.aar (androidx.cursoradapter:cursoradapter:1.0.0) with JetifyTransform
Transforming media3-datasource-okhttp-1.4.1.aar (androidx.media3:media3-datasource-okhttp:1.4.1) with AarTransform
Transforming security-crypto-1.1.0-alpha06.aar (androidx.security:security-crypto:1.1.0-alpha06) with AarTransform
Transforming cardview-1.0.0.aar (androidx.cardview:cardview:1.0.0) with JetifyTransform
Transforming media3-exoplayer-1.4.1.aar (androidx.media3:media3-exoplayer:1.4.1) with AarTransform
Transforming sqlite-framework-2.4.0.aar (androidx.sqlite:sqlite-framework:2.4.0) with JetifyTransform
Transforming sqlite-2.4.0.aar (androidx.sqlite:sqlite:2.4.0) with JetifyTransform
Transforming cursoradapter-1.0.0.aar (androidx.cursoradapter:cursoradapter:1.0.0) with ExtractAarTransform
Transforming sqlite-2.4.0.aar (androidx.sqlite:sqlite:2.4.0) with ExtractAarTransform
Transforming sqlite-framework-2.4.0.aar (androidx.sqlite:sqlite-framework:2.4.0) with ExtractAarTransform
Transforming cardview-1.0.0.aar (androidx.cardview:cardview:1.0.0) with ExtractAarTransform
Transforming cursoradapter-1.0.0.aar (androidx.cursoradapter:cursoradapter:1.0.0) with AarTransform
Transforming gifdecoder-4.16.0.aar (com.github.bumptech.glide:gifdecoder:4.16.0) with JetifyTransform
Transforming cardview-1.0.0.aar (androidx.cardview:cardview:1.0.0) with AarTransform
Transforming sqlite-2.4.0.aar (androidx.sqlite:sqlite:2.4.0) with AarTransform
Transforming gifdecoder-4.16.0.aar (com.github.bumptech.glide:gifdecoder:4.16.0) with ExtractAarTransform
Transforming versionedparcelable-1.1.1.aar (androidx.versionedparcelable:versionedparcelable:1.1.1) with JetifyTransform
Transforming core-runtime-2.2.0.aar (androidx.arch.core:core-runtime:2.2.0) with JetifyTransform
Transforming sqlite-framework-2.4.0.aar (androidx.sqlite:sqlite-framework:2.4.0) with AarTransform
Transforming versionedparcelable-1.1.1.aar (androidx.versionedparcelable:versionedparcelable:1.1.1) with ExtractAarTransform
Transforming core-runtime-2.2.0.aar (androidx.arch.core:core-runtime:2.2.0) with ExtractAarTransform
Transforming interpolator-1.0.0.aar (androidx.interpolator:interpolator:1.0.0) with JetifyTransform
Transforming gifdecoder-4.16.0.aar (com.github.bumptech.glide:gifdecoder:4.16.0) with AarTransform
Transforming documentfile-1.0.0.aar (androidx.documentfile:documentfile:1.0.0) with JetifyTransform
Transforming core-runtime-2.2.0.aar (androidx.arch.core:core-runtime:2.2.0) with AarTransform
Transforming interpolator-1.0.0.aar (androidx.interpolator:interpolator:1.0.0) with ExtractAarTransform
Transforming versionedparcelable-1.1.1.aar (androidx.versionedparcelable:versionedparcelable:1.1.1) with AarTransform
Transforming localbroadcastmanager-1.0.0.aar (androidx.localbroadcastmanager:localbroadcastmanager:1.0.0) with JetifyTransform
Transforming documentfile-1.0.0.aar (androidx.documentfile:documentfile:1.0.0) with ExtractAarTransform
Transforming localbroadcastmanager-1.0.0.aar (androidx.localbroadcastmanager:localbroadcastmanager:1.0.0) with ExtractAarTransform
Transforming interpolator-1.0.0.aar (androidx.interpolator:interpolator:1.0.0) with AarTransform
Transforming print-1.0.0.aar (androidx.print:print:1.0.0) with JetifyTransform
Transforming multidex-2.0.1.aar (androidx.multidex:multidex:2.0.1) with JetifyTransform
Transforming localbroadcastmanager-1.0.0.aar (androidx.localbroadcastmanager:localbroadcastmanager:1.0.0) with AarTransform
Transforming documentfile-1.0.0.aar (androidx.documentfile:documentfile:1.0.0) with AarTransform
Transforming constraintlayout-2.1.4.aar (androidx.constraintlayout:constraintlayout:2.1.4) with JetifyTransform
Transforming print-1.0.0.aar (androidx.print:print:1.0.0) with ExtractAarTransform
Transforming constraintlayout-2.1.4.aar (androidx.constraintlayout:constraintlayout:2.1.4) with ExtractAarTransform
Transforming multidex-2.0.1.aar (androidx.multidex:multidex:2.0.1) with ExtractAarTransform
Transforming media3-exoplayer-hls-1.4.1.aar (androidx.media3:media3-exoplayer-hls:1.4.1) with JetifyTransform
Transforming constraintlayout-2.1.4.aar (androidx.constraintlayout:constraintlayout:2.1.4) with AarTransform
Transforming multidex-2.0.1.aar (androidx.multidex:multidex:2.0.1) with AarTransform
Transforming print-1.0.0.aar (androidx.print:print:1.0.0) with AarTransform
Transforming media3-ui-1.4.1.aar (androidx.media3:media3-ui:1.4.1) with JetifyTransform
Transforming media3-exoplayer-hls-1.4.1.aar (androidx.media3:media3-exoplayer-hls:1.4.1) with ExtractAarTransform
Transforming media3-extractor-1.4.1.aar (androidx.media3:media3-extractor:1.4.1) with JetifyTransform
Transforming media3-ui-1.4.1.aar (androidx.media3:media3-ui:1.4.1) with ExtractAarTransform
Transforming zxing-android-embedded-4.3.0.aar (com.journeyapps:zxing-android-embedded:4.3.0) with JetifyTransform
Transforming media3-extractor-1.4.1.aar (androidx.media3:media3-extractor:1.4.1) with ExtractAarTransform
Transforming media3-exoplayer-hls-1.4.1.aar (androidx.media3:media3-exoplayer-hls:1.4.1) with AarTransform
Transforming startup-runtime-1.1.1.aar (androidx.startup:startup-runtime:1.1.1) with JetifyTransform
Transforming media3-extractor-1.4.1.aar (androidx.media3:media3-extractor:1.4.1) with AarTransform
Transforming startup-runtime-1.1.1.aar (androidx.startup:startup-runtime:1.1.1) with ExtractAarTransform
Transforming tracing-1.0.0.aar (androidx.tracing:tracing:1.0.0) with JetifyTransform
Transforming tracing-1.0.0.aar (androidx.tracing:tracing:1.0.0) with ExtractAarTransform
Transforming tracing-1.0.0.aar (androidx.tracing:tracing:1.0.0) with AarTransform
Transforming exifinterface-1.3.7.aar (androidx.exifinterface:exifinterface:1.3.7) with JetifyTransform
Transforming exifinterface-1.3.7.aar (androidx.exifinterface:exifinterface:1.3.7) with ExtractAarTransform
Transforming exifinterface-1.3.7.aar (androidx.exifinterface:exifinterface:1.3.7) with AarTransform
Transforming media3-database-1.4.1.aar (androidx.media3:media3-database:1.4.1) with JetifyTransform
Transforming media3-database-1.4.1.aar (androidx.media3:media3-database:1.4.1) with ExtractAarTransform
Transforming media3-database-1.4.1.aar (androidx.media3:media3-database:1.4.1) with AarTransform
Transforming media3-datasource-1.4.1.aar (androidx.media3:media3-datasource:1.4.1) with JetifyTransform
Transforming media3-datasource-1.4.1.aar (androidx.media3:media3-datasource:1.4.1) with ExtractAarTransform
Transforming media3-datasource-1.4.1.aar (androidx.media3:media3-datasource:1.4.1) with AarTransform
Transforming media3-decoder-1.4.1.aar (androidx.media3:media3-decoder:1.4.1) with JetifyTransform
Transforming media3-decoder-1.4.1.aar (androidx.media3:media3-decoder:1.4.1) with ExtractAarTransform
Transforming media3-decoder-1.4.1.aar (androidx.media3:media3-decoder:1.4.1) with AarTransform
Transforming firebase-components-18.0.0.aar (com.google.firebase:firebase-components:18.0.0) with JetifyTransform
Transforming firebase-components-18.0.0.aar (com.google.firebase:firebase-components:18.0.0) with ExtractAarTransform
Transforming media3-ui-1.4.1.aar (androidx.media3:media3-ui:1.4.1) with AarTransform
Transforming zxing-android-embedded-4.3.0.aar (com.journeyapps:zxing-android-embedded:4.3.0) with ExtractAarTransform
Transforming firebase-components-18.0.0.aar (com.google.firebase:firebase-components:18.0.0) with JetifyTransform
Transforming firebase-components-18.0.0.aar (com.google.firebase:firebase-components:18.0.0) with ExtractAarTransform
Transforming firebase-components-18.0.0.aar (com.google.firebase:firebase-components:18.0.0) with AarTransform
Transforming firebase-components-18.0.0.aar (com.google.firebase:firebase-components:18.0.0) with AarTransform
Transforming startup-runtime-1.1.1.aar (androidx.startup:startup-runtime:1.1.1) with AarTransform
Transforming protolite-well-known-types-18.0.0.aar (com.google.firebase:protolite-well-known-types:18.0.0) with JetifyTransform
Transforming dagger-lint-aar-2.51.1.aar (com.google.dagger:dagger-lint-aar:2.51.1) with JetifyTransform
Transforming dagger-lint-aar-2.51.1.aar (com.google.dagger:dagger-lint-aar:2.51.1) with ExtractAarTransform
Transforming protolite-well-known-types-18.0.0.aar (com.google.firebase:protolite-well-known-types:18.0.0) with ExtractAarTransform
Transforming protolite-well-known-types-18.0.0.aar (com.google.firebase:protolite-well-known-types:18.0.0) with AarTransform
Transforming dagger-lint-aar-2.51.1.aar (com.google.dagger:dagger-lint-aar:2.51.1) with AarTransform
Transforming zxing-android-embedded-4.3.0.aar (com.journeyapps:zxing-android-embedded:4.3.0) with AarTransform
Transforming viewbinding-8.7.1.aar (androidx.databinding:viewbinding:8.7.1) with JetifyTransform
Transforming viewbinding-8.7.1.aar (androidx.databinding:viewbinding:8.7.1) with ExtractAarTransform
Transforming viewbinding-8.7.1.aar (androidx.databinding:viewbinding:8.7.1) with AarTransform
Transforming material-1.12.0.aar (com.google.android.material:material:1.12.0) with JetifyTransform
Transforming material-1.12.0.aar (com.google.android.material:material:1.12.0) with ExtractAarTransform
Transforming material-1.12.0.aar (com.google.android.material:material:1.12.0) with AarTransform
Transforming constraintlayout-2.1.4.aar (androidx.constraintlayout:constraintlayout:2.1.4) with JetifyTransform
Transforming constraintlayout-2.1.4.aar (androidx.constraintlayout:constraintlayout:2.1.4) with ExtractAarTransform
Transforming constraintlayout-2.1.4.aar (androidx.constraintlayout:constraintlayout:2.1.4) with AarTransform
Transforming coil-compose-2.6.0.aar (io.coil-kt:coil-compose:2.6.0) with JetifyTransform
Transforming coil-compose-2.6.0.aar (io.coil-kt:coil-compose:2.6.0) with ExtractAarTransform
Transforming coil-compose-2.6.0.aar (io.coil-kt:coil-compose:2.6.0) with AarTransform
Transforming coil-compose-base-2.6.0.aar (io.coil-kt:coil-compose-base:2.6.0) with JetifyTransform
Transforming coil-compose-base-2.6.0.aar (io.coil-kt:coil-compose-base:2.6.0) with ExtractAarTransform
Transforming coil-compose-base-2.6.0.aar (io.coil-kt:coil-compose-base:2.6.0) with AarTransform
Transforming coil-2.6.0.aar (io.coil-kt:coil:2.6.0) with JetifyTransform
Transforming coil-2.6.0.aar (io.coil-kt:coil:2.6.0) with ExtractAarTransform
Transforming coil-2.6.0.aar (io.coil-kt:coil:2.6.0) with AarTransform
Transforming coil-base-2.6.0.aar (io.coil-kt:coil-base:2.6.0) with JetifyTransform
Transforming coil-base-2.6.0.aar (io.coil-kt:coil-base:2.6.0) with ExtractAarTransform
Transforming coil-base-2.6.0.aar (io.coil-kt:coil-base:2.6.0) with AarTransform
Transforming appcompat-resources-1.7.0.aar (androidx.appcompat:appcompat-resources:1.7.0) with JetifyTransform
Transforming appcompat-resources-1.7.0.aar (androidx.appcompat:appcompat-resources:1.7.0) with ExtractAarTransform
Transforming appcompat-resources-1.7.0.aar (androidx.appcompat:appcompat-resources:1.7.0) with AarTransform
Transforming preference-ktx-1.2.1.aar (androidx.preference:preference-ktx:1.2.1) with JetifyTransform
Transforming preference-ktx-1.2.1.aar (androidx.preference:preference-ktx:1.2.1) with ExtractAarTransform
Transforming preference-ktx-1.2.1.aar (androidx.preference:preference-ktx:1.2.1) with AarTransform
Transforming preference-1.2.1.aar (androidx.preference:preference:1.2.1) with JetifyTransform
Transforming preference-1.2.1.aar (androidx.preference:preference:1.2.1) with ExtractAarTransform
Transforming preference-1.2.1.aar (androidx.preference:preference:1.2.1) with AarTransform
Transforming appcompat-1.7.0.aar (androidx.appcompat:appcompat:1.7.0) with JetifyTransform
Transforming appcompat-1.7.0.aar (androidx.appcompat:appcompat:1.7.0) with ExtractAarTransform
Transforming appcompat-1.7.0.aar (androidx.appcompat:appcompat:1.7.0) with AarTransform
Transforming glide-4.16.0.aar (com.github.bumptech.glide:glide:4.16.0) with JetifyTransform
Transforming glide-4.16.0.aar (com.github.bumptech.glide:glide:4.16.0) with ExtractAarTransform
Transforming glide-4.16.0.aar (com.github.bumptech.glide:glide:4.16.0) with AarTransform
Transforming hilt-work-1.2.0.aar (androidx.hilt:hilt-work:1.2.0) with JetifyTransform
Transforming hilt-work-1.2.0.aar (androidx.hilt:hilt-work:1.2.0) with ExtractAarTransform
Transforming hilt-work-1.2.0.aar (androidx.hilt:hilt-work:1.2.0) with AarTransform
Transforming hilt-android-2.51.1.aar (com.google.dagger:hilt-android:2.51.1) with JetifyTransform
Transforming hilt-android-2.51.1.aar (com.google.dagger:hilt-android:2.51.1) with ExtractAarTransform
Transforming hilt-android-2.51.1.aar (com.google.dagger:hilt-android:2.51.1) with AarTransform
Transforming media3-exoplayer-hls-1.4.1.aar (androidx.media3:media3-exoplayer-hls:1.4.1) with JetifyTransform
Transforming media3-exoplayer-hls-1.4.1.aar (androidx.media3:media3-exoplayer-hls:1.4.1) with ExtractAarTransform
Transforming media3-exoplayer-hls-1.4.1.aar (androidx.media3:media3-exoplayer-hls:1.4.1) with AarTransform
Transforming media3-exoplayer-1.4.1.aar (androidx.media3:media3-exoplayer:1.4.1) with JetifyTransform
Transforming media3-exoplayer-1.4.1.aar (androidx.media3:media3-exoplayer:1.4.1) with ExtractAarTransform
Transforming media3-exoplayer-1.4.1.aar (androidx.media3:media3-exoplayer:1.4.1) with AarTransform
Transforming media3-datasource-okhttp-1.4.1.aar (androidx.media3:media3-datasource-okhttp:1.4.1) with JetifyTransform
Transforming media3-datasource-okhttp-1.4.1.aar (androidx.media3:media3-datasource-okhttp:1.4.1) with ExtractAarTransform
Transforming media3-datasource-okhttp-1.4.1.aar (androidx.media3:media3-datasource-okhttp:1.4.1) with AarTransform
Transforming media3-extractor-1.4.1.aar (androidx.media3:media3-extractor:1.4.1) with JetifyTransform
Transforming media3-extractor-1.4.1.aar (androidx.media3:media3-extractor:1.4.1) with ExtractAarTransform
Transforming media3-extractor-1.4.1.aar (androidx.media3:media3-extractor:1.4.1) with AarTransform
Transforming media3-container-1.4.1.aar (androidx.media3:media3-container:1.4.1) with JetifyTransform
Transforming media3-container-1.4.1.aar (androidx.media3:media3-container:1.4.1) with ExtractAarTransform
Transforming media3-container-1.4.1.aar (androidx.media3:media3-container:1.4.1) with AarTransform
Transforming media3-datasource-1.4.1.aar (androidx.media3:media3-datasource:1.4.1) with JetifyTransform
Transforming media3-datasource-1.4.1.aar (androidx.media3:media3-datasource:1.4.1) with ExtractAarTransform
Transforming media3-datasource-1.4.1.aar (androidx.media3:media3-datasource:1.4.1) with AarTransform
Transforming media3-decoder-1.4.1.aar (androidx.media3:media3-decoder:1.4.1) with JetifyTransform
Transforming media3-decoder-1.4.1.aar (androidx.media3:media3-decoder:1.4.1) with ExtractAarTransform
Transforming media3-decoder-1.4.1.aar (androidx.media3:media3-decoder:1.4.1) with AarTransform
Transforming media3-database-1.4.1.aar (androidx.media3:media3-database:1.4.1) with JetifyTransform
Transforming media3-database-1.4.1.aar (androidx.media3:media3-database:1.4.1) with ExtractAarTransform
Transforming media3-database-1.4.1.aar (androidx.media3:media3-database:1.4.1) with AarTransform
Transforming media3-common-1.4.1.aar (androidx.media3:media3-common:1.4.1) with JetifyTransform
Transforming media3-common-1.4.1.aar (androidx.media3:media3-common:1.4.1) with ExtractAarTransform
Transforming media3-common-1.4.1.aar (androidx.media3:media3-common:1.4.1) with AarTransform
Transforming media3-ui-1.4.1.aar (androidx.media3:media3-ui:1.4.1) with JetifyTransform
Transforming media3-ui-1.4.1.aar (androidx.media3:media3-ui:1.4.1) with ExtractAarTransform
Transforming media3-ui-1.4.1.aar (androidx.media3:media3-ui:1.4.1) with AarTransform
Transforming work-runtime-ktx-2.9.1.aar (androidx.work:work-runtime-ktx:2.9.1) with JetifyTransform
Transforming work-runtime-ktx-2.9.1.aar (androidx.work:work-runtime-ktx:2.9.1) with ExtractAarTransform
Transforming work-runtime-ktx-2.9.1.aar (androidx.work:work-runtime-ktx:2.9.1) with AarTransform
Transforming work-runtime-2.9.1.aar (androidx.work:work-runtime:2.9.1) with JetifyTransform
Transforming work-runtime-2.9.1.aar (androidx.work:work-runtime:2.9.1) with ExtractAarTransform
Transforming work-runtime-2.9.1.aar (androidx.work:work-runtime:2.9.1) with AarTransform
Transforming room-ktx-2.6.1.aar (androidx.room:room-ktx:2.6.1) with JetifyTransform
Transforming room-ktx-2.6.1.aar (androidx.room:room-ktx:2.6.1) with ExtractAarTransform
Transforming room-ktx-2.6.1.aar (androidx.room:room-ktx:2.6.1) with AarTransform
Transforming room-runtime-2.6.1.aar (androidx.room:room-runtime:2.6.1) with JetifyTransform
Transforming room-runtime-2.6.1.aar (androidx.room:room-runtime:2.6.1) with ExtractAarTransform
Transforming room-runtime-2.6.1.aar (androidx.room:room-runtime:2.6.1) with AarTransform
Transforming room-paging-2.6.1.aar (androidx.room:room-paging:2.6.1) with JetifyTransform
Transforming room-paging-2.6.1.aar (androidx.room:room-paging:2.6.1) with ExtractAarTransform
Transforming room-paging-2.6.1.aar (androidx.room:room-paging:2.6.1) with AarTransform
Transforming paging-common-release.aar (androidx.paging:paging-common-android:3.3.2) with JetifyTransform
Transforming paging-common-release.aar (androidx.paging:paging-common-android:3.3.2) with ExtractAarTransform
Transforming paging-common-release.aar (androidx.paging:paging-common-android:3.3.2) with AarTransform
Transforming paging-runtime-ktx-3.3.2.aar (androidx.paging:paging-runtime-ktx:3.3.2) with JetifyTransform
Transforming paging-runtime-ktx-3.3.2.aar (androidx.paging:paging-runtime-ktx:3.3.2) with ExtractAarTransform
Transforming paging-runtime-ktx-3.3.2.aar (androidx.paging:paging-runtime-ktx:3.3.2) with AarTransform
Transforming paging-runtime-3.3.2.aar (androidx.paging:paging-runtime:3.3.2) with JetifyTransform
Transforming paging-runtime-3.3.2.aar (androidx.paging:paging-runtime:3.3.2) with ExtractAarTransform
Transforming paging-runtime-3.3.2.aar (androidx.paging:paging-runtime:3.3.2) with AarTransform
Transforming recyclerview-1.3.2.aar (androidx.recyclerview:recyclerview:1.3.2) with JetifyTransform
Transforming recyclerview-1.3.2.aar (androidx.recyclerview:recyclerview:1.3.2) with ExtractAarTransform
Transforming recyclerview-1.3.2.aar (androidx.recyclerview:recyclerview:1.3.2) with AarTransform
Transforming viewpager2-1.1.0-beta02.aar (androidx.viewpager2:viewpager2:1.1.0-beta02) with JetifyTransform
Transforming viewpager2-1.1.0-beta02.aar (androidx.viewpager2:viewpager2:1.1.0-beta02) with ExtractAarTransform
Transforming viewpager2-1.1.0-beta02.aar (androidx.viewpager2:viewpager2:1.1.0-beta02) with AarTransform
Transforming firebase-firestore-ktx-25.0.0.aar (com.google.firebase:firebase-firestore-ktx:25.0.0) with JetifyTransform
Transforming firebase-firestore-ktx-25.0.0.aar (com.google.firebase:firebase-firestore-ktx:25.0.0) with ExtractAarTransform
Transforming firebase-firestore-ktx-25.0.0.aar (com.google.firebase:firebase-firestore-ktx:25.0.0) with AarTransform
Transforming firebase-analytics-ktx-22.0.2.aar (com.google.firebase:firebase-analytics-ktx:22.0.2) with JetifyTransform
Transforming firebase-analytics-ktx-22.0.2.aar (com.google.firebase:firebase-analytics-ktx:22.0.2) with ExtractAarTransform
Transforming firebase-analytics-ktx-22.0.2.aar (com.google.firebase:firebase-analytics-ktx:22.0.2) with AarTransform
Transforming material3-release.aar (androidx.compose.material3:material3-android:1.2.0) with JetifyTransform
Transforming material3-release.aar (androidx.compose.material3:material3-android:1.2.0) with ExtractAarTransform
Transforming material3-release.aar (androidx.compose.material3:material3-android:1.2.0) with AarTransform
Transforming material-ripple-release.aar (androidx.compose.material:material-ripple-android:1.6.2) with JetifyTransform
Transforming material-ripple-release.aar (androidx.compose.material:material-ripple-android:1.6.2) with ExtractAarTransform
Transforming material-ripple-release.aar (androidx.compose.material:material-ripple-android:1.6.2) with AarTransform
Transforming material-icons-core-release.aar (androidx.compose.material:material-icons-core-android:1.6.2) with JetifyTransform
Transforming material-icons-core-release.aar (androidx.compose.material:material-icons-core-android:1.6.2) with ExtractAarTransform
Transforming material-icons-core-release.aar (androidx.compose.material:material-icons-core-android:1.6.2) with AarTransform
Transforming animation-core-release.aar (androidx.compose.animation:animation-core-android:1.6.2) with JetifyTransform
Transforming animation-core-release.aar (androidx.compose.animation:animation-core-android:1.6.2) with ExtractAarTransform
Transforming animation-core-release.aar (androidx.compose.animation:animation-core-android:1.6.2) with AarTransform
Transforming animation-release.aar (androidx.compose.animation:animation-android:1.6.2) with JetifyTransform
Transforming animation-release.aar (androidx.compose.animation:animation-android:1.6.2) with ExtractAarTransform
Transforming animation-release.aar (androidx.compose.animation:animation-android:1.6.2) with AarTransform
Transforming material-release.aar (androidx.compose.material:material-android:1.6.2) with JetifyTransform
Transforming foundation-layout-release.aar (androidx.compose.foundation:foundation-layout-android:1.6.2) with JetifyTransform
Transforming foundation-layout-release.aar (androidx.compose.foundation:foundation-layout-android:1.6.2) with ExtractAarTransform
Transforming foundation-layout-release.aar (androidx.compose.foundation:foundation-layout-android:1.6.2) with AarTransform
Transforming foundation-release.aar (androidx.compose.foundation:foundation-android:1.6.2) with JetifyTransform
Transforming foundation-release.aar (androidx.compose.foundation:foundation-android:1.6.2) with ExtractAarTransform
Transforming foundation-release.aar (androidx.compose.foundation:foundation-android:1.6.2) with AarTransform
Transforming ui-tooling-data-release.aar (androidx.compose.ui:ui-tooling-data-android:1.6.2) with JetifyTransform
Transforming ui-tooling-data-release.aar (androidx.compose.ui:ui-tooling-data-android:1.6.2) with ExtractAarTransform
Transforming ui-tooling-data-release.aar (androidx.compose.ui:ui-tooling-data-android:1.6.2) with AarTransform
Transforming ui-unit-release.aar (androidx.compose.ui:ui-unit-android:1.6.2) with JetifyTransform
Transforming ui-unit-release.aar (androidx.compose.ui:ui-unit-android:1.6.2) with ExtractAarTransform
Transforming ui-unit-release.aar (androidx.compose.ui:ui-unit-android:1.6.2) with AarTransform
Transforming ui-geometry-release.aar (androidx.compose.ui:ui-geometry-android:1.6.2) with JetifyTransform
Transforming ui-geometry-release.aar (androidx.compose.ui:ui-geometry-android:1.6.2) with ExtractAarTransform
Transforming ui-geometry-release.aar (androidx.compose.ui:ui-geometry-android:1.6.2) with AarTransform
Transforming ui-util-release.aar (androidx.compose.ui:ui-util-android:1.6.2) with JetifyTransform
Transforming ui-util-release.aar (androidx.compose.ui:ui-util-android:1.6.2) with ExtractAarTransform
Transforming material-release.aar (androidx.compose.material:material-android:1.6.2) with ExtractAarTransform
Transforming ui-util-release.aar (androidx.compose.ui:ui-util-android:1.6.2) with AarTransform
Transforming ui-text-release.aar (androidx.compose.ui:ui-text-android:1.6.2) with JetifyTransform
Transforming ui-text-release.aar (androidx.compose.ui:ui-text-android:1.6.2) with ExtractAarTransform
Transforming ui-text-release.aar (androidx.compose.ui:ui-text-android:1.6.2) with AarTransform
Transforming ui-tooling-preview-release.aar (androidx.compose.ui:ui-tooling-preview-android:1.6.2) with JetifyTransform
Transforming ui-tooling-preview-release.aar (androidx.compose.ui:ui-tooling-preview-android:1.6.2) with ExtractAarTransform
Transforming ui-tooling-preview-release.aar (androidx.compose.ui:ui-tooling-preview-android:1.6.2) with AarTransform
Transforming ui-graphics-release.aar (androidx.compose.ui:ui-graphics-android:1.6.2) with JetifyTransform
Transforming ui-graphics-release.aar (androidx.compose.ui:ui-graphics-android:1.6.2) with ExtractAarTransform
Transforming ui-graphics-release.aar (androidx.compose.ui:ui-graphics-android:1.6.2) with AarTransform
Transforming ui-tooling-release.aar (androidx.compose.ui:ui-tooling-android:1.6.2) with JetifyTransform
Transforming ui-tooling-release.aar (androidx.compose.ui:ui-tooling-android:1.6.2) with ExtractAarTransform
Transforming ui-tooling-release.aar (androidx.compose.ui:ui-tooling-android:1.6.2) with AarTransform
Transforming activity-compose-1.9.3.aar (androidx.activity:activity-compose:1.9.3) with JetifyTransform
Transforming activity-compose-1.9.3.aar (androidx.activity:activity-compose:1.9.3) with ExtractAarTransform
Transforming activity-compose-1.9.3.aar (androidx.activity:activity-compose:1.9.3) with AarTransform
Transforming slidingpanelayout-1.2.0.aar (androidx.slidingpanelayout:slidingpanelayout:1.2.0) with JetifyTransform
Transforming slidingpanelayout-1.2.0.aar (androidx.slidingpanelayout:slidingpanelayout:1.2.0) with ExtractAarTransform
Transforming slidingpanelayout-1.2.0.aar (androidx.slidingpanelayout:slidingpanelayout:1.2.0) with AarTransform
Transforming transition-1.5.0.aar (androidx.transition:transition:1.5.0) with JetifyTransform
Transforming emoji2-views-helper-1.3.0.aar (androidx.emoji2:emoji2-views-helper:1.3.0) with JetifyTransform
Transforming emoji2-1.3.0.aar (androidx.emoji2:emoji2:1.3.0) with JetifyTransform
Transforming transition-1.5.0.aar (androidx.transition:transition:1.5.0) with ExtractAarTransform
Transforming transition-1.5.0.aar (androidx.transition:transition:1.5.0) with AarTransform
Transforming dynamicanimation-1.0.0.aar (androidx.dynamicanimation:dynamicanimation:1.0.0) with JetifyTransform
Transforming dynamicanimation-1.0.0.aar (androidx.dynamicanimation:dynamicanimation:1.0.0) with ExtractAarTransform
Transforming dynamicanimation-1.0.0.aar (androidx.dynamicanimation:dynamicanimation:1.0.0) with AarTransform
Transforming loader-1.0.0.aar (androidx.loader:loader:1.0.0) with JetifyTransform
Transforming loader-1.0.0.aar (androidx.loader:loader:1.0.0) with ExtractAarTransform
Transforming loader-1.0.0.aar (androidx.loader:loader:1.0.0) with AarTransform
Transforming drawerlayout-1.1.1.aar (androidx.drawerlayout:drawerlayout:1.1.1) with JetifyTransform
Transforming drawerlayout-1.1.1.aar (androidx.drawerlayout:drawerlayout:1.1.1) with ExtractAarTransform
Transforming drawerlayout-1.1.1.aar (androidx.drawerlayout:drawerlayout:1.1.1) with AarTransform
Transforming coordinatorlayout-1.1.0.aar (androidx.coordinatorlayout:coordinatorlayout:1.1.0) with JetifyTransform
Transforming coordinatorlayout-1.1.0.aar (androidx.coordinatorlayout:coordinatorlayout:1.1.0) with ExtractAarTransform
Transforming coordinatorlayout-1.1.0.aar (androidx.coordinatorlayout:coordinatorlayout:1.1.0) with AarTransform
Transforming vectordrawable-animated-1.1.0.aar (androidx.vectordrawable:vectordrawable-animated:1.1.0) with JetifyTransform
Transforming vectordrawable-animated-1.1.0.aar (androidx.vectordrawable:vectordrawable-animated:1.1.0) with ExtractAarTransform
Transforming vectordrawable-animated-1.1.0.aar (androidx.vectordrawable:vectordrawable-animated:1.1.0) with AarTransform
Transforming vectordrawable-1.1.0.aar (androidx.vectordrawable:vectordrawable:1.1.0) with JetifyTransform
Transforming vectordrawable-1.1.0.aar (androidx.vectordrawable:vectordrawable:1.1.0) with ExtractAarTransform
Transforming material-release.aar (androidx.compose.material:material-android:1.6.2) with AarTransform
Transforming vectordrawable-1.1.0.aar (androidx.vectordrawable:vectordrawable:1.1.0) with AarTransform
Transforming emoji2-1.3.0.aar (androidx.emoji2:emoji2:1.3.0) with ExtractAarTransform
Transforming viewpager-1.0.0.aar (androidx.viewpager:viewpager:1.0.0) with JetifyTransform
Transforming viewpager-1.0.0.aar (androidx.viewpager:viewpager:1.0.0) with ExtractAarTransform
Transforming viewpager-1.0.0.aar (androidx.viewpager:viewpager:1.0.0) with AarTransform
Transforming customview-1.1.0.aar (androidx.customview:customview:1.1.0) with JetifyTransform
Transforming customview-1.1.0.aar (androidx.customview:customview:1.1.0) with ExtractAarTransform
Transforming customview-1.1.0.aar (androidx.customview:customview:1.1.0) with AarTransform
Transforming core-1.13.1.aar (androidx.core:core:1.13.1) with JetifyTransform
Transforming core-1.13.1.aar (androidx.core:core:1.13.1) with ExtractAarTransform
Transforming core-1.13.1.aar (androidx.core:core:1.13.1) with AarTransform
Transforming savedstate-ktx-1.2.1.aar (androidx.savedstate:savedstate-ktx:1.2.1) with JetifyTransform
Transforming savedstate-ktx-1.2.1.aar (androidx.savedstate:savedstate-ktx:1.2.1) with ExtractAarTransform
Transforming savedstate-ktx-1.2.1.aar (androidx.savedstate:savedstate-ktx:1.2.1) with AarTransform
Transforming savedstate-1.2.1.aar (androidx.savedstate:savedstate:1.2.1) with JetifyTransform
Transforming savedstate-1.2.1.aar (androidx.savedstate:savedstate:1.2.1) with ExtractAarTransform
Transforming savedstate-1.2.1.aar (androidx.savedstate:savedstate:1.2.1) with AarTransform
Transforming lifecycle-runtime-release.aar (androidx.lifecycle:lifecycle-runtime-android:2.8.7) with JetifyTransform
Transforming lifecycle-runtime-release.aar (androidx.lifecycle:lifecycle-runtime-android:2.8.7) with ExtractAarTransform
Transforming emoji2-views-helper-1.3.0.aar (androidx.emoji2:emoji2-views-helper:1.3.0) with ExtractAarTransform
Transforming lifecycle-runtime-release.aar (androidx.lifecycle:lifecycle-runtime-android:2.8.7) with AarTransform
Transforming media-1.7.0.aar (androidx.media:media:1.7.0) with JetifyTransform
Transforming lifecycle-viewmodel-release.aar (androidx.lifecycle:lifecycle-viewmodel-android:2.8.7) with JetifyTransform
Transforming lifecycle-viewmodel-release.aar (androidx.lifecycle:lifecycle-viewmodel-android:2.8.7) with ExtractAarTransform
Transforming lifecycle-viewmodel-release.aar (androidx.lifecycle:lifecycle-viewmodel-android:2.8.7) with AarTransform
Transforming lifecycle-livedata-core-2.8.7.aar (androidx.lifecycle:lifecycle-livedata-core:2.8.7) with JetifyTransform
Transforming lifecycle-livedata-core-2.8.7.aar (androidx.lifecycle:lifecycle-livedata-core:2.8.7) with ExtractAarTransform
Transforming lifecycle-livedata-core-2.8.7.aar (androidx.lifecycle:lifecycle-livedata-core:2.8.7) with AarTransform
Transforming lifecycle-runtime-compose-release.aar (androidx.lifecycle:lifecycle-runtime-compose-android:2.8.7) with JetifyTransform
Transforming lifecycle-runtime-compose-release.aar (androidx.lifecycle:lifecycle-runtime-compose-android:2.8.7) with ExtractAarTransform
Transforming lifecycle-runtime-compose-release.aar (androidx.lifecycle:lifecycle-runtime-compose-android:2.8.7) with AarTransform
Transforming lifecycle-viewmodel-compose-release.aar (androidx.lifecycle:lifecycle-viewmodel-compose-android:2.8.7) with JetifyTransform
Transforming lifecycle-viewmodel-compose-release.aar (androidx.lifecycle:lifecycle-viewmodel-compose-android:2.8.7) with ExtractAarTransform
Transforming lifecycle-viewmodel-compose-release.aar (androidx.lifecycle:lifecycle-viewmodel-compose-android:2.8.7) with AarTransform
Transforming ui-release.aar (androidx.compose.ui:ui-android:1.6.2) with JetifyTransform
Transforming ui-release.aar (androidx.compose.ui:ui-android:1.6.2) with ExtractAarTransform
Transforming ui-release.aar (androidx.compose.ui:ui-android:1.6.2) with AarTransform
Transforming ui-test-manifest-1.6.2.aar (androidx.compose.ui:ui-test-manifest:1.6.2) with JetifyTransform
Transforming ui-test-manifest-1.6.2.aar (androidx.compose.ui:ui-test-manifest:1.6.2) with ExtractAarTransform
Transforming ui-test-manifest-1.6.2.aar (androidx.compose.ui:ui-test-manifest:1.6.2) with AarTransform
Transforming activity-1.9.3.aar (androidx.activity:activity:1.9.3) with JetifyTransform
Transforming activity-1.9.3.aar (androidx.activity:activity:1.9.3) with ExtractAarTransform
Transforming activity-1.9.3.aar (androidx.activity:activity:1.9.3) with AarTransform
Transforming lifecycle-viewmodel-savedstate-2.8.7.aar (androidx.lifecycle:lifecycle-viewmodel-savedstate:2.8.7) with JetifyTransform
Transforming lifecycle-viewmodel-savedstate-2.8.7.aar (androidx.lifecycle:lifecycle-viewmodel-savedstate:2.8.7) with ExtractAarTransform
Transforming lifecycle-viewmodel-savedstate-2.8.7.aar (androidx.lifecycle:lifecycle-viewmodel-savedstate:2.8.7) with AarTransform
Transforming lifecycle-runtime-ktx-release.aar (androidx.lifecycle:lifecycle-runtime-ktx-android:2.8.7) with JetifyTransform
Transforming lifecycle-runtime-ktx-release.aar (androidx.lifecycle:lifecycle-runtime-ktx-android:2.8.7) with ExtractAarTransform
Transforming emoji2-1.3.0.aar (androidx.emoji2:emoji2:1.3.0) with AarTransform
Transforming lifecycle-runtime-ktx-release.aar (androidx.lifecycle:lifecycle-runtime-ktx-android:2.8.7) with AarTransform
Transforming lifecycle-livedata-2.8.7.aar (androidx.lifecycle:lifecycle-livedata:2.8.7) with JetifyTransform
Transforming lifecycle-livedata-2.8.7.aar (androidx.lifecycle:lifecycle-livedata:2.8.7) with ExtractAarTransform
Transforming lifecycle-livedata-2.8.7.aar (androidx.lifecycle:lifecycle-livedata:2.8.7) with AarTransform
Transforming lifecycle-livedata-core-ktx-2.8.7.aar (androidx.lifecycle:lifecycle-livedata-core-ktx:2.8.7) with JetifyTransform
Transforming emoji2-views-helper-1.3.0.aar (androidx.emoji2:emoji2-views-helper:1.3.0) with AarTransform
Transforming lifecycle-livedata-core-ktx-2.8.7.aar (androidx.lifecycle:lifecycle-livedata-core-ktx:2.8.7) with ExtractAarTransform
Transforming lifecycle-livedata-core-ktx-2.8.7.aar (androidx.lifecycle:lifecycle-livedata-core-ktx:2.8.7) with AarTransform
Transforming lifecycle-livedata-ktx-2.8.7.aar (androidx.lifecycle:lifecycle-livedata-ktx:2.8.7) with JetifyTransform
Transforming lifecycle-livedata-ktx-2.8.7.aar (androidx.lifecycle:lifecycle-livedata-ktx:2.8.7) with ExtractAarTransform
Transforming media-1.7.0.aar (androidx.media:media:1.7.0) with ExtractAarTransform
Transforming lifecycle-livedata-ktx-2.8.7.aar (androidx.lifecycle:lifecycle-livedata-ktx:2.8.7) with AarTransform
Transforming lifecycle-viewmodel-ktx-2.8.7.aar (androidx.lifecycle:lifecycle-viewmodel-ktx:2.8.7) with JetifyTransform
Transforming lifecycle-viewmodel-ktx-2.8.7.aar (androidx.lifecycle:lifecycle-viewmodel-ktx:2.8.7) with ExtractAarTransform
Transforming lifecycle-viewmodel-ktx-2.8.7.aar (androidx.lifecycle:lifecycle-viewmodel-ktx:2.8.7) with AarTransform
Transforming runtime-saveable-release.aar (androidx.compose.runtime:runtime-saveable-android:1.7.1) with JetifyTransform
Transforming runtime-saveable-release.aar (androidx.compose.runtime:runtime-saveable-android:1.7.1) with ExtractAarTransform
Transforming runtime-saveable-release.aar (androidx.compose.runtime:runtime-saveable-android:1.7.1) with AarTransform
Transforming runtime-release.aar (androidx.compose.runtime:runtime-android:1.7.1) with JetifyTransform
Transforming autofill-1.0.0.aar (androidx.autofill:autofill:1.0.0) with JetifyTransform
Transforming runtime-release.aar (androidx.compose.runtime:runtime-android:1.7.1) with ExtractAarTransform
Transforming runtime-release.aar (androidx.compose.runtime:runtime-android:1.7.1) with AarTransform
Transforming play-services-tasks-18.2.0.aar (com.google.android.gms:play-services-tasks:18.2.0) with JetifyTransform
Transforming window-1.0.0.aar (androidx.window:window:1.0.0) with JetifyTransform
Transforming play-services-tasks-18.2.0.aar (com.google.android.gms:play-services-tasks:18.2.0) with ExtractAarTransform
Transforming play-services-tasks-18.2.0.aar (com.google.android.gms:play-services-tasks:18.2.0) with AarTransform
Transforming fragment-1.8.5.aar (androidx.fragment:fragment:1.8.5) with JetifyTransform
Transforming fragment-1.8.5.aar (androidx.fragment:fragment:1.8.5) with ExtractAarTransform
Transforming fragment-1.8.5.aar (androidx.fragment:fragment:1.8.5) with AarTransform
Transforming fragment-ktx-1.8.5.aar (androidx.fragment:fragment-ktx:1.8.5) with JetifyTransform
Transforming fragment-ktx-1.8.5.aar (androidx.fragment:fragment-ktx:1.8.5) with ExtractAarTransform
Transforming fragment-ktx-1.8.5.aar (androidx.fragment:fragment-ktx:1.8.5) with AarTransform
Transforming activity-ktx-1.9.3.aar (androidx.activity:activity-ktx:1.9.3) with JetifyTransform
Transforming activity-ktx-1.9.3.aar (androidx.activity:activity-ktx:1.9.3) with ExtractAarTransform
Transforming activity-ktx-1.9.3.aar (androidx.activity:activity-ktx:1.9.3) with AarTransform
Transforming core-ktx-1.13.1.aar (androidx.core:core-ktx:1.13.1) with JetifyTransform
Transforming core-ktx-1.13.1.aar (androidx.core:core-ktx:1.13.1) with ExtractAarTransform
Transforming core-ktx-1.13.1.aar (androidx.core:core-ktx:1.13.1) with AarTransform
Transforming sqlite-framework-2.4.0.aar (androidx.sqlite:sqlite-framework:2.4.0) with JetifyTransform
Transforming sqlite-framework-2.4.0.aar (androidx.sqlite:sqlite-framework:2.4.0) with ExtractAarTransform
Transforming sqlite-framework-2.4.0.aar (androidx.sqlite:sqlite-framework:2.4.0) with AarTransform
Transforming sqlite-2.4.0.aar (androidx.sqlite:sqlite:2.4.0) with JetifyTransform
Transforming sqlite-2.4.0.aar (androidx.sqlite:sqlite:2.4.0) with ExtractAarTransform
Transforming sqlite-2.4.0.aar (androidx.sqlite:sqlite:2.4.0) with AarTransform
Transforming security-crypto-1.1.0-alpha06.aar (androidx.security:security-crypto:1.1.0-alpha06) with JetifyTransform
Transforming security-crypto-1.1.0-alpha06.aar (androidx.security:security-crypto:1.1.0-alpha06) with ExtractAarTransform
Transforming security-crypto-1.1.0-alpha06.aar (androidx.security:security-crypto:1.1.0-alpha06) with AarTransform
Transforming cursoradapter-1.0.0.aar (androidx.cursoradapter:cursoradapter:1.0.0) with JetifyTransform
Transforming cursoradapter-1.0.0.aar (androidx.cursoradapter:cursoradapter:1.0.0) with ExtractAarTransform
Transforming autofill-1.0.0.aar (androidx.autofill:autofill:1.0.0) with ExtractAarTransform
Transforming cursoradapter-1.0.0.aar (androidx.cursoradapter:cursoradapter:1.0.0) with AarTransform
Transforming window-1.0.0.aar (androidx.window:window:1.0.0) with ExtractAarTransform
Transforming cardview-1.0.0.aar (androidx.cardview:cardview:1.0.0) with JetifyTransform
Transforming cardview-1.0.0.aar (androidx.cardview:cardview:1.0.0) with ExtractAarTransform
Transforming cardview-1.0.0.aar (androidx.cardview:cardview:1.0.0) with AarTransform
Transforming core-runtime-2.2.0.aar (androidx.arch.core:core-runtime:2.2.0) with JetifyTransform
Transforming core-runtime-2.2.0.aar (androidx.arch.core:core-runtime:2.2.0) with ExtractAarTransform
Transforming core-runtime-2.2.0.aar (androidx.arch.core:core-runtime:2.2.0) with AarTransform
Transforming gifdecoder-4.16.0.aar (com.github.bumptech.glide:gifdecoder:4.16.0) with JetifyTransform
Transforming gifdecoder-4.16.0.aar (com.github.bumptech.glide:gifdecoder:4.16.0) with ExtractAarTransform
Transforming gifdecoder-4.16.0.aar (com.github.bumptech.glide:gifdecoder:4.16.0) with AarTransform
Transforming startup-runtime-1.1.1.aar (androidx.startup:startup-runtime:1.1.1) with JetifyTransform
Transforming startup-runtime-1.1.1.aar (androidx.startup:startup-runtime:1.1.1) with ExtractAarTransform
Transforming startup-runtime-1.1.1.aar (androidx.startup:startup-runtime:1.1.1) with AarTransform
Transforming tracing-1.0.0.aar (androidx.tracing:tracing:1.0.0) with JetifyTransform
Transforming tracing-1.0.0.aar (androidx.tracing:tracing:1.0.0) with ExtractAarTransform
Transforming tracing-1.0.0.aar (androidx.tracing:tracing:1.0.0) with AarTransform
Transforming interpolator-1.0.0.aar (androidx.interpolator:interpolator:1.0.0) with JetifyTransform
Transforming autofill-1.0.0.aar (androidx.autofill:autofill:1.0.0) with AarTransform
Transforming lifecycle-service-2.8.7.aar (androidx.lifecycle:lifecycle-service:2.8.7) with JetifyTransform
Transforming window-1.0.0.aar (androidx.window:window:1.0.0) with AarTransform
Transforming lifecycle-process-2.8.7.aar (androidx.lifecycle:lifecycle-process:2.8.7) with JetifyTransform
Transforming lifecycle-service-2.8.7.aar (androidx.lifecycle:lifecycle-service:2.8.7) with ExtractAarTransform
Transforming media-1.7.0.aar (androidx.media:media:1.7.0) with AarTransform
Transforming interpolator-1.0.0.aar (androidx.interpolator:interpolator:1.0.0) with ExtractAarTransform
Transforming lifecycle-process-2.8.7.aar (androidx.lifecycle:lifecycle-process:2.8.7) with ExtractAarTransform
Transforming accompanist-drawablepainter-0.32.0.aar (com.google.accompanist:accompanist-drawablepainter:0.32.0) with JetifyTransform
Transforming interpolator-1.0.0.aar (androidx.interpolator:interpolator:1.0.0) with AarTransform
Transforming versionedparcelable-1.1.1.aar (androidx.versionedparcelable:versionedparcelable:1.1.1) with JetifyTransform
Transforming versionedparcelable-1.1.1.aar (androidx.versionedparcelable:versionedparcelable:1.1.1) with ExtractAarTransform
Transforming versionedparcelable-1.1.1.aar (androidx.versionedparcelable:versionedparcelable:1.1.1) with AarTransform
Transforming exifinterface-1.3.7.aar (androidx.exifinterface:exifinterface:1.3.7) with JetifyTransform
Transforming exifinterface-1.3.7.aar (androidx.exifinterface:exifinterface:1.3.7) with ExtractAarTransform
Transforming exifinterface-1.3.7.aar (androidx.exifinterface:exifinterface:1.3.7) with AarTransform
Transforming annotation-experimental-1.4.1.aar (androidx.annotation:annotation-experimental:1.4.1) with JetifyTransform
Transforming annotation-experimental-1.4.1.aar (androidx.annotation:annotation-experimental:1.4.1) with ExtractAarTransform
Transforming annotation-experimental-1.4.1.aar (androidx.annotation:annotation-experimental:1.4.1) with AarTransform
Transforming multidex-2.0.1.aar (androidx.multidex:multidex:2.0.1) with JetifyTransform
Transforming multidex-2.0.1.aar (androidx.multidex:multidex:2.0.1) with ExtractAarTransform
Transforming multidex-2.0.1.aar (androidx.multidex:multidex:2.0.1) with AarTransform
Transforming lifecycle-service-2.8.7.aar (androidx.lifecycle:lifecycle-service:2.8.7) with AarTransform
Transforming zxing-android-embedded-4.3.0.aar (com.journeyapps:zxing-android-embedded:4.3.0) with JetifyTransform
Transforming zxing-android-embedded-4.3.0.aar (com.journeyapps:zxing-android-embedded:4.3.0) with ExtractAarTransform
Transforming zxing-android-embedded-4.3.0.aar (com.journeyapps:zxing-android-embedded:4.3.0) with AarTransform
Transforming dagger-lint-aar-2.51.1.aar (com.google.dagger:dagger-lint-aar:2.51.1) with JetifyTransform
Transforming dagger-lint-aar-2.51.1.aar (com.google.dagger:dagger-lint-aar:2.51.1) with ExtractAarTransform
Transforming dagger-lint-aar-2.51.1.aar (com.google.dagger:dagger-lint-aar:2.51.1) with AarTransform
Transforming ads-adservices-1.0.0-beta05.aar (androidx.privacysandbox.ads:ads-adservices:1.0.0-beta05) with JetifyTransform
Transforming ads-adservices-1.0.0-beta05.aar (androidx.privacysandbox.ads:ads-adservices:1.0.0-beta05) with ExtractAarTransform
Transforming ads-adservices-1.0.0-beta05.aar (androidx.privacysandbox.ads:ads-adservices:1.0.0-beta05) with AarTransform
Transforming customview-poolingcontainer-1.0.0.aar (androidx.customview:customview-poolingcontainer:1.0.0) with JetifyTransform
Transforming profileinstaller-1.3.1.aar (androidx.profileinstaller:profileinstaller:1.3.1) with JetifyTransform
Transforming accompanist-drawablepainter-0.32.0.aar (com.google.accompanist:accompanist-drawablepainter:0.32.0) with ExtractAarTransform
Transforming lifecycle-process-2.8.7.aar (androidx.lifecycle:lifecycle-process:2.8.7) with AarTransform
Transforming customview-poolingcontainer-1.0.0.aar (androidx.customview:customview-poolingcontainer:1.0.0) with ExtractAarTransform
Transforming grpc-android-1.57.2.aar (io.grpc:grpc-android:1.57.2) with JetifyTransform
Transforming accompanist-drawablepainter-0.32.0.aar (com.google.accompanist:accompanist-drawablepainter:0.32.0) with AarTransform
Transforming grpc-android-1.57.2.aar (io.grpc:grpc-android:1.57.2) with ExtractAarTransform
Transforming profileinstaller-1.3.1.aar (androidx.profileinstaller:profileinstaller:1.3.1) with ExtractAarTransform
Transforming customview-poolingcontainer-1.0.0.aar (androidx.customview:customview-poolingcontainer:1.0.0) with AarTransform
Transforming grpc-android-1.57.2.aar (io.grpc:grpc-android:1.57.2) with AarTransform
Transforming profileinstaller-1.3.1.aar (androidx.profileinstaller:profileinstaller:1.3.1) with AarTransform
Caching disabled for task ':app:dataBindingMergeDependencyArtifactsDebug' because:
  Caching has been disabled for the task
Skipping task ':app:dataBindingMergeDependencyArtifactsDebug' as it is up-to-date.

> Task :app:dataBindingMergeDependencyArtifactsDebug UP-TO-DATE
Resolve mutations for :app:generateDebugResValues (Thread[#75,Execution worker Thread 3,5,main]) started.
:app:generateDebugResValues (Thread[#75,Execution worker Thread 3,5,main]) started.

> Task :app:generateDebugResValues UP-TO-DATE
Build cache key for task ':app:generateDebugResValues' is bba34ab89b4f528d38bae1e4e85b5303
Skipping task ':app:generateDebugResValues' as it is up-to-date.
Resolve mutations for :app:generateDebugResources (Thread[#75,Execution worker Thread 3,5,main]) started.
:app:generateDebugResources (Thread[#72,included builds,5,main]) started.

> Task :app:generateDebugResources UP-TO-DATE
Build cache key for task ':app:generateDebugResources' is 2921c1c25e0769ec72b58a7be02379ad
Skipping task ':app:generateDebugResources' as it is up-to-date.
Resolve mutations for :app:processDebugGoogleServices (Thread[#72,included builds,5,main]) started.
:app:processDebugGoogleServices (Thread[#72,included builds,5,main]) started.

> Task :app:processDebugGoogleServices UP-TO-DATE
Build cache key for task ':app:processDebugGoogleServices' is ef30b3946875c3d0e927fb68a50f0489
Skipping task ':app:processDebugGoogleServices' as it is up-to-date.
Resolve mutations for :app:mergeDebugResources (Thread[#72,included builds,5,main]) started.
:app:mergeDebugResources (Thread[#72,included builds,5,main]) started.

> Task :app:mergeDebugResources UP-TO-DATE
Transforming viewbinding-8.7.1.aar (androidx.databinding:viewbinding:8.7.1) with JetifyTransform
Transforming viewbinding-8.7.1.aar (androidx.databinding:viewbinding:8.7.1) with ExtractAarTransform
Transforming viewbinding-8.7.1.aar (androidx.databinding:viewbinding:8.7.1) with AarTransform
Transforming material-1.12.0.aar (com.google.android.material:material:1.12.0) with JetifyTransform
Transforming material-1.12.0.aar (com.google.android.material:material:1.12.0) with ExtractAarTransform
Transforming material-1.12.0.aar (com.google.android.material:material:1.12.0) with AarTransform
Transforming constraintlayout-2.1.4.aar (androidx.constraintlayout:constraintlayout:2.1.4) with JetifyTransform
Transforming constraintlayout-2.1.4.aar (androidx.constraintlayout:constraintlayout:2.1.4) with ExtractAarTransform
Transforming constraintlayout-2.1.4.aar (androidx.constraintlayout:constraintlayout:2.1.4) with AarTransform
Transforming coil-compose-2.6.0.aar (io.coil-kt:coil-compose:2.6.0) with JetifyTransform
Transforming coil-compose-2.6.0.aar (io.coil-kt:coil-compose:2.6.0) with ExtractAarTransform
Transforming coil-compose-2.6.0.aar (io.coil-kt:coil-compose:2.6.0) with AarTransform
Transforming coil-compose-base-2.6.0.aar (io.coil-kt:coil-compose-base:2.6.0) with JetifyTransform
Transforming coil-compose-base-2.6.0.aar (io.coil-kt:coil-compose-base:2.6.0) with ExtractAarTransform
Transforming coil-compose-base-2.6.0.aar (io.coil-kt:coil-compose-base:2.6.0) with AarTransform
Transforming coil-2.6.0.aar (io.coil-kt:coil:2.6.0) with JetifyTransform
Transforming coil-2.6.0.aar (io.coil-kt:coil:2.6.0) with ExtractAarTransform
Transforming coil-2.6.0.aar (io.coil-kt:coil:2.6.0) with AarTransform
Transforming coil-base-2.6.0.aar (io.coil-kt:coil-base:2.6.0) with JetifyTransform
Transforming coil-base-2.6.0.aar (io.coil-kt:coil-base:2.6.0) with ExtractAarTransform
Transforming coil-base-2.6.0.aar (io.coil-kt:coil-base:2.6.0) with AarTransform
Transforming appcompat-resources-1.7.0.aar (androidx.appcompat:appcompat-resources:1.7.0) with JetifyTransform
Transforming appcompat-resources-1.7.0.aar (androidx.appcompat:appcompat-resources:1.7.0) with ExtractAarTransform
Transforming appcompat-resources-1.7.0.aar (androidx.appcompat:appcompat-resources:1.7.0) with AarTransform
Transforming preference-ktx-1.2.1.aar (androidx.preference:preference-ktx:1.2.1) with JetifyTransform
Transforming preference-ktx-1.2.1.aar (androidx.preference:preference-ktx:1.2.1) with ExtractAarTransform
Transforming preference-ktx-1.2.1.aar (androidx.preference:preference-ktx:1.2.1) with AarTransform
Transforming preference-1.2.1.aar (androidx.preference:preference:1.2.1) with JetifyTransform
Transforming preference-1.2.1.aar (androidx.preference:preference:1.2.1) with ExtractAarTransform
Transforming preference-1.2.1.aar (androidx.preference:preference:1.2.1) with AarTransform
Transforming appcompat-1.7.0.aar (androidx.appcompat:appcompat:1.7.0) with JetifyTransform
Transforming appcompat-1.7.0.aar (androidx.appcompat:appcompat:1.7.0) with ExtractAarTransform
Transforming appcompat-1.7.0.aar (androidx.appcompat:appcompat:1.7.0) with AarTransform
Transforming glide-4.16.0.aar (com.github.bumptech.glide:glide:4.16.0) with JetifyTransform
Transforming glide-4.16.0.aar (com.github.bumptech.glide:glide:4.16.0) with ExtractAarTransform
Transforming glide-4.16.0.aar (com.github.bumptech.glide:glide:4.16.0) with AarTransform
Transforming hilt-work-1.2.0.aar (androidx.hilt:hilt-work:1.2.0) with JetifyTransform
Transforming hilt-work-1.2.0.aar (androidx.hilt:hilt-work:1.2.0) with ExtractAarTransform
Transforming hilt-work-1.2.0.aar (androidx.hilt:hilt-work:1.2.0) with AarTransform
Transforming hilt-android-2.51.1.aar (com.google.dagger:hilt-android:2.51.1) with JetifyTransform
Transforming hilt-android-2.51.1.aar (com.google.dagger:hilt-android:2.51.1) with ExtractAarTransform
Transforming hilt-android-2.51.1.aar (com.google.dagger:hilt-android:2.51.1) with AarTransform
Transforming media3-exoplayer-hls-1.4.1.aar (androidx.media3:media3-exoplayer-hls:1.4.1) with JetifyTransform
Transforming media3-exoplayer-hls-1.4.1.aar (androidx.media3:media3-exoplayer-hls:1.4.1) with ExtractAarTransform
Transforming media3-exoplayer-hls-1.4.1.aar (androidx.media3:media3-exoplayer-hls:1.4.1) with AarTransform
Transforming media3-exoplayer-1.4.1.aar (androidx.media3:media3-exoplayer:1.4.1) with JetifyTransform
Transforming media3-exoplayer-1.4.1.aar (androidx.media3:media3-exoplayer:1.4.1) with ExtractAarTransform
Transforming media3-exoplayer-1.4.1.aar (androidx.media3:media3-exoplayer:1.4.1) with AarTransform
Transforming media3-datasource-okhttp-1.4.1.aar (androidx.media3:media3-datasource-okhttp:1.4.1) with JetifyTransform
Transforming media3-datasource-okhttp-1.4.1.aar (androidx.media3:media3-datasource-okhttp:1.4.1) with ExtractAarTransform
Transforming media3-datasource-okhttp-1.4.1.aar (androidx.media3:media3-datasource-okhttp:1.4.1) with AarTransform
Transforming media3-extractor-1.4.1.aar (androidx.media3:media3-extractor:1.4.1) with JetifyTransform
Transforming media3-extractor-1.4.1.aar (androidx.media3:media3-extractor:1.4.1) with ExtractAarTransform
Transforming media3-extractor-1.4.1.aar (androidx.media3:media3-extractor:1.4.1) with AarTransform
Transforming media3-container-1.4.1.aar (androidx.media3:media3-container:1.4.1) with JetifyTransform
Transforming media3-container-1.4.1.aar (androidx.media3:media3-container:1.4.1) with ExtractAarTransform
Transforming media3-container-1.4.1.aar (androidx.media3:media3-container:1.4.1) with AarTransform
Transforming media3-datasource-1.4.1.aar (androidx.media3:media3-datasource:1.4.1) with JetifyTransform
Transforming media3-datasource-1.4.1.aar (androidx.media3:media3-datasource:1.4.1) with ExtractAarTransform
Transforming media3-datasource-1.4.1.aar (androidx.media3:media3-datasource:1.4.1) with AarTransform
Transforming media3-decoder-1.4.1.aar (androidx.media3:media3-decoder:1.4.1) with JetifyTransform
Transforming media3-decoder-1.4.1.aar (androidx.media3:media3-decoder:1.4.1) with ExtractAarTransform
Transforming media3-decoder-1.4.1.aar (androidx.media3:media3-decoder:1.4.1) with AarTransform
Transforming media3-database-1.4.1.aar (androidx.media3:media3-database:1.4.1) with JetifyTransform
Transforming media3-database-1.4.1.aar (androidx.media3:media3-database:1.4.1) with ExtractAarTransform
Transforming media3-database-1.4.1.aar (androidx.media3:media3-database:1.4.1) with AarTransform
Transforming media3-common-1.4.1.aar (androidx.media3:media3-common:1.4.1) with JetifyTransform
Transforming media3-common-1.4.1.aar (androidx.media3:media3-common:1.4.1) with ExtractAarTransform
Transforming media3-common-1.4.1.aar (androidx.media3:media3-common:1.4.1) with AarTransform
Transforming media3-ui-1.4.1.aar (androidx.media3:media3-ui:1.4.1) with JetifyTransform
Transforming media3-ui-1.4.1.aar (androidx.media3:media3-ui:1.4.1) with ExtractAarTransform
Transforming media3-ui-1.4.1.aar (androidx.media3:media3-ui:1.4.1) with AarTransform
Transforming work-runtime-ktx-2.9.1.aar (androidx.work:work-runtime-ktx:2.9.1) with JetifyTransform
Transforming work-runtime-ktx-2.9.1.aar (androidx.work:work-runtime-ktx:2.9.1) with ExtractAarTransform
Transforming work-runtime-ktx-2.9.1.aar (androidx.work:work-runtime-ktx:2.9.1) with AarTransform
Transforming work-runtime-2.9.1.aar (androidx.work:work-runtime:2.9.1) with JetifyTransform
Transforming work-runtime-2.9.1.aar (androidx.work:work-runtime:2.9.1) with ExtractAarTransform
Transforming work-runtime-2.9.1.aar (androidx.work:work-runtime:2.9.1) with AarTransform
Transforming room-ktx-2.6.1.aar (androidx.room:room-ktx:2.6.1) with JetifyTransform
Transforming room-ktx-2.6.1.aar (androidx.room:room-ktx:2.6.1) with ExtractAarTransform
Transforming room-ktx-2.6.1.aar (androidx.room:room-ktx:2.6.1) with AarTransform
Transforming room-runtime-2.6.1.aar (androidx.room:room-runtime:2.6.1) with JetifyTransform
Transforming room-runtime-2.6.1.aar (androidx.room:room-runtime:2.6.1) with ExtractAarTransform
Transforming room-runtime-2.6.1.aar (androidx.room:room-runtime:2.6.1) with AarTransform
Transforming room-paging-2.6.1.aar (androidx.room:room-paging:2.6.1) with JetifyTransform
Transforming room-paging-2.6.1.aar (androidx.room:room-paging:2.6.1) with ExtractAarTransform
Transforming room-paging-2.6.1.aar (androidx.room:room-paging:2.6.1) with AarTransform
Transforming paging-common-release.aar (androidx.paging:paging-common-android:3.3.2) with JetifyTransform
Transforming paging-common-release.aar (androidx.paging:paging-common-android:3.3.2) with ExtractAarTransform
Transforming paging-common-release.aar (androidx.paging:paging-common-android:3.3.2) with AarTransform
Transforming paging-runtime-ktx-3.3.2.aar (androidx.paging:paging-runtime-ktx:3.3.2) with JetifyTransform
Transforming paging-runtime-ktx-3.3.2.aar (androidx.paging:paging-runtime-ktx:3.3.2) with ExtractAarTransform
Transforming paging-runtime-ktx-3.3.2.aar (androidx.paging:paging-runtime-ktx:3.3.2) with AarTransform
Transforming paging-runtime-3.3.2.aar (androidx.paging:paging-runtime:3.3.2) with JetifyTransform
Transforming paging-runtime-3.3.2.aar (androidx.paging:paging-runtime:3.3.2) with ExtractAarTransform
Transforming paging-runtime-3.3.2.aar (androidx.paging:paging-runtime:3.3.2) with AarTransform
Transforming recyclerview-1.3.2.aar (androidx.recyclerview:recyclerview:1.3.2) with JetifyTransform
Transforming recyclerview-1.3.2.aar (androidx.recyclerview:recyclerview:1.3.2) with ExtractAarTransform
Transforming recyclerview-1.3.2.aar (androidx.recyclerview:recyclerview:1.3.2) with AarTransform
Transforming viewpager2-1.1.0-beta02.aar (androidx.viewpager2:viewpager2:1.1.0-beta02) with JetifyTransform
Transforming viewpager2-1.1.0-beta02.aar (androidx.viewpager2:viewpager2:1.1.0-beta02) with ExtractAarTransform
Transforming viewpager2-1.1.0-beta02.aar (androidx.viewpager2:viewpager2:1.1.0-beta02) with AarTransform
Transforming firebase-firestore-ktx-25.0.0.aar (com.google.firebase:firebase-firestore-ktx:25.0.0) with JetifyTransform
Transforming firebase-firestore-ktx-25.0.0.aar (com.google.firebase:firebase-firestore-ktx:25.0.0) with ExtractAarTransform
Transforming firebase-firestore-ktx-25.0.0.aar (com.google.firebase:firebase-firestore-ktx:25.0.0) with AarTransform
Transforming firebase-firestore-25.0.0.aar (com.google.firebase:firebase-firestore:25.0.0) with JetifyTransform
Transforming firebase-firestore-25.0.0.aar (com.google.firebase:firebase-firestore:25.0.0) with ExtractAarTransform
Transforming firebase-firestore-25.0.0.aar (com.google.firebase:firebase-firestore:25.0.0) with AarTransform
Transforming firebase-appcheck-interop-17.0.0.aar (com.google.firebase:firebase-appcheck-interop:17.0.0) with JetifyTransform
Transforming firebase-appcheck-interop-17.0.0.aar (com.google.firebase:firebase-appcheck-interop:17.0.0) with ExtractAarTransform
Transforming firebase-appcheck-interop-17.0.0.aar (com.google.firebase:firebase-appcheck-interop:17.0.0) with AarTransform
Transforming firebase-database-collection-18.0.1.aar (com.google.firebase:firebase-database-collection:18.0.1) with JetifyTransform
Transforming firebase-database-collection-18.0.1.aar (com.google.firebase:firebase-database-collection:18.0.1) with ExtractAarTransform
Transforming firebase-database-collection-18.0.1.aar (com.google.firebase:firebase-database-collection:18.0.1) with AarTransform
Transforming play-services-base-18.0.1.aar (com.google.android.gms:play-services-base:18.0.1) with JetifyTransform
Transforming play-services-base-18.0.1.aar (com.google.android.gms:play-services-base:18.0.1) with ExtractAarTransform
Transforming play-services-base-18.0.1.aar (com.google.android.gms:play-services-base:18.0.1) with AarTransform
Transforming play-services-base-18.0.1.aar (com.google.android.gms:play-services-base:18.0.1) with JetifyTransform
Transforming play-services-base-18.0.1.aar (com.google.android.gms:play-services-base:18.0.1) with ExtractAarTransform
Transforming play-services-base-18.0.1.aar (com.google.android.gms:play-services-base:18.0.1) with AarTransform
Transforming play-services-base-18.0.1.aar (com.google.android.gms:play-services-base:18.0.1) with JetifyTransform
Transforming play-services-base-18.0.1.aar (com.google.android.gms:play-services-base:18.0.1) with ExtractAarTransform
Transforming play-services-base-18.0.1.aar (com.google.android.gms:play-services-base:18.0.1) with AarTransform
Transforming firebase-analytics-ktx-22.0.2.aar (com.google.firebase:firebase-analytics-ktx:22.0.2) with JetifyTransform
Transforming firebase-analytics-ktx-22.0.2.aar (com.google.firebase:firebase-analytics-ktx:22.0.2) with ExtractAarTransform
Transforming firebase-analytics-ktx-22.0.2.aar (com.google.firebase:firebase-analytics-ktx:22.0.2) with AarTransform
Transforming firebase-analytics-22.0.2.aar (com.google.firebase:firebase-analytics:22.0.2) with JetifyTransform
Transforming firebase-analytics-22.0.2.aar (com.google.firebase:firebase-analytics:22.0.2) with ExtractAarTransform
Transforming firebase-analytics-22.0.2.aar (com.google.firebase:firebase-analytics:22.0.2) with AarTransform
Transforming play-services-measurement-api-22.0.2.aar (com.google.android.gms:play-services-measurement-api:22.0.2) with JetifyTransform
Transforming play-services-measurement-api-22.0.2.aar (com.google.android.gms:play-services-measurement-api:22.0.2) with ExtractAarTransform
Transforming play-services-measurement-api-22.0.2.aar (com.google.android.gms:play-services-measurement-api:22.0.2) with AarTransform
Transforming firebase-installations-18.0.0.aar (com.google.firebase:firebase-installations:18.0.0) with JetifyTransform
Transforming firebase-installations-18.0.0.aar (com.google.firebase:firebase-installations:18.0.0) with ExtractAarTransform
Transforming firebase-installations-18.0.0.aar (com.google.firebase:firebase-installations:18.0.0) with AarTransform
Transforming firebase-common-ktx-21.0.0.aar (com.google.firebase:firebase-common-ktx:21.0.0) with JetifyTransform
Transforming firebase-common-ktx-21.0.0.aar (com.google.firebase:firebase-common-ktx:21.0.0) with ExtractAarTransform
Transforming firebase-common-ktx-21.0.0.aar (com.google.firebase:firebase-common-ktx:21.0.0) with AarTransform
Transforming firebase-common-ktx-21.0.0.aar (com.google.firebase:firebase-common-ktx:21.0.0) with JetifyTransform
Transforming firebase-common-ktx-21.0.0.aar (com.google.firebase:firebase-common-ktx:21.0.0) with ExtractAarTransform
Transforming firebase-common-ktx-21.0.0.aar (com.google.firebase:firebase-common-ktx:21.0.0) with AarTransform
Transforming firebase-common-ktx-21.0.0.aar (com.google.firebase:firebase-common-ktx:21.0.0) with JetifyTransform
Transforming firebase-common-ktx-21.0.0.aar (com.google.firebase:firebase-common-ktx:21.0.0) with ExtractAarTransform
Transforming firebase-common-ktx-21.0.0.aar (com.google.firebase:firebase-common-ktx:21.0.0) with AarTransform
Transforming firebase-common-ktx-21.0.0.aar (com.google.firebase:firebase-common-ktx:21.0.0) with JetifyTransform
Transforming firebase-common-ktx-21.0.0.aar (com.google.firebase:firebase-common-ktx:21.0.0) with ExtractAarTransform
Transforming firebase-common-ktx-21.0.0.aar (com.google.firebase:firebase-common-ktx:21.0.0) with AarTransform
Transforming firebase-common-ktx-21.0.0.aar (com.google.firebase:firebase-common-ktx:21.0.0) with JetifyTransform
Transforming firebase-common-ktx-21.0.0.aar (com.google.firebase:firebase-common-ktx:21.0.0) with ExtractAarTransform
Transforming firebase-common-ktx-21.0.0.aar (com.google.firebase:firebase-common-ktx:21.0.0) with AarTransform
Transforming firebase-common-21.0.0.aar (com.google.firebase:firebase-common:21.0.0) with JetifyTransform
Transforming firebase-common-21.0.0.aar (com.google.firebase:firebase-common:21.0.0) with ExtractAarTransform
Transforming firebase-common-21.0.0.aar (com.google.firebase:firebase-common:21.0.0) with AarTransform
Transforming firebase-common-21.0.0.aar (com.google.firebase:firebase-common:21.0.0) with JetifyTransform
Transforming firebase-common-21.0.0.aar (com.google.firebase:firebase-common:21.0.0) with ExtractAarTransform
Transforming firebase-common-21.0.0.aar (com.google.firebase:firebase-common:21.0.0) with AarTransform
Transforming firebase-common-21.0.0.aar (com.google.firebase:firebase-common:21.0.0) with JetifyTransform
Transforming firebase-common-21.0.0.aar (com.google.firebase:firebase-common:21.0.0) with ExtractAarTransform
Transforming firebase-common-21.0.0.aar (com.google.firebase:firebase-common:21.0.0) with AarTransform
Transforming firebase-common-21.0.0.aar (com.google.firebase:firebase-common:21.0.0) with JetifyTransform
Transforming firebase-common-21.0.0.aar (com.google.firebase:firebase-common:21.0.0) with ExtractAarTransform
Transforming firebase-common-21.0.0.aar (com.google.firebase:firebase-common:21.0.0) with AarTransform
Transforming firebase-common-21.0.0.aar (com.google.firebase:firebase-common:21.0.0) with JetifyTransform
Transforming firebase-common-21.0.0.aar (com.google.firebase:firebase-common:21.0.0) with ExtractAarTransform
Transforming firebase-common-21.0.0.aar (com.google.firebase:firebase-common:21.0.0) with AarTransform
Transforming firebase-common-21.0.0.aar (com.google.firebase:firebase-common:21.0.0) with JetifyTransform
Transforming firebase-common-21.0.0.aar (com.google.firebase:firebase-common:21.0.0) with ExtractAarTransform
Transforming firebase-common-21.0.0.aar (com.google.firebase:firebase-common:21.0.0) with AarTransform
Transforming play-services-measurement-22.0.2.aar (com.google.android.gms:play-services-measurement:22.0.2) with JetifyTransform
Transforming play-services-measurement-22.0.2.aar (com.google.android.gms:play-services-measurement:22.0.2) with ExtractAarTransform
Transforming play-services-measurement-22.0.2.aar (com.google.android.gms:play-services-measurement:22.0.2) with AarTransform
Transforming play-services-measurement-sdk-22.0.2.aar (com.google.android.gms:play-services-measurement-sdk:22.0.2) with JetifyTransform
Transforming play-services-measurement-sdk-22.0.2.aar (com.google.android.gms:play-services-measurement-sdk:22.0.2) with ExtractAarTransform
Transforming play-services-measurement-sdk-22.0.2.aar (com.google.android.gms:play-services-measurement-sdk:22.0.2) with AarTransform
Transforming firebase-auth-interop-19.0.2.aar (com.google.firebase:firebase-auth-interop:19.0.2) with JetifyTransform
Transforming firebase-auth-interop-19.0.2.aar (com.google.firebase:firebase-auth-interop:19.0.2) with ExtractAarTransform
Transforming firebase-auth-interop-19.0.2.aar (com.google.firebase:firebase-auth-interop:19.0.2) with AarTransform
Transforming play-services-measurement-impl-22.0.2.aar (com.google.android.gms:play-services-measurement-impl:22.0.2) with JetifyTransform
Transforming play-services-measurement-impl-22.0.2.aar (com.google.android.gms:play-services-measurement-impl:22.0.2) with ExtractAarTransform
Transforming play-services-measurement-impl-22.0.2.aar (com.google.android.gms:play-services-measurement-impl:22.0.2) with AarTransform
Transforming play-services-measurement-impl-22.0.2.aar (com.google.android.gms:play-services-measurement-impl:22.0.2) with JetifyTransform
Transforming play-services-measurement-impl-22.0.2.aar (com.google.android.gms:play-services-measurement-impl:22.0.2) with ExtractAarTransform
Transforming play-services-measurement-impl-22.0.2.aar (com.google.android.gms:play-services-measurement-impl:22.0.2) with AarTransform
Transforming play-services-ads-identifier-18.0.0.aar (com.google.android.gms:play-services-ads-identifier:18.0.0) with JetifyTransform
Transforming play-services-ads-identifier-18.0.0.aar (com.google.android.gms:play-services-ads-identifier:18.0.0) with ExtractAarTransform
Transforming play-services-ads-identifier-18.0.0.aar (com.google.android.gms:play-services-ads-identifier:18.0.0) with AarTransform
Transforming play-services-ads-identifier-18.0.0.aar (com.google.android.gms:play-services-ads-identifier:18.0.0) with JetifyTransform
Transforming play-services-ads-identifier-18.0.0.aar (com.google.android.gms:play-services-ads-identifier:18.0.0) with ExtractAarTransform
Transforming play-services-ads-identifier-18.0.0.aar (com.google.android.gms:play-services-ads-identifier:18.0.0) with AarTransform
Transforming play-services-ads-identifier-18.0.0.aar (com.google.android.gms:play-services-ads-identifier:18.0.0) with JetifyTransform
Transforming play-services-ads-identifier-18.0.0.aar (com.google.android.gms:play-services-ads-identifier:18.0.0) with ExtractAarTransform
Transforming play-services-ads-identifier-18.0.0.aar (com.google.android.gms:play-services-ads-identifier:18.0.0) with AarTransform
Transforming play-services-measurement-sdk-api-22.0.2.aar (com.google.android.gms:play-services-measurement-sdk-api:22.0.2) with JetifyTransform
Transforming play-services-measurement-sdk-api-22.0.2.aar (com.google.android.gms:play-services-measurement-sdk-api:22.0.2) with ExtractAarTransform
Transforming play-services-measurement-sdk-api-22.0.2.aar (com.google.android.gms:play-services-measurement-sdk-api:22.0.2) with AarTransform
Transforming play-services-measurement-base-22.0.2.aar (com.google.android.gms:play-services-measurement-base:22.0.2) with JetifyTransform
Transforming play-services-measurement-base-22.0.2.aar (com.google.android.gms:play-services-measurement-base:22.0.2) with ExtractAarTransform
Transforming play-services-measurement-base-22.0.2.aar (com.google.android.gms:play-services-measurement-base:22.0.2) with AarTransform
Transforming play-services-measurement-base-22.0.2.aar (com.google.android.gms:play-services-measurement-base:22.0.2) with JetifyTransform
Transforming play-services-measurement-base-22.0.2.aar (com.google.android.gms:play-services-measurement-base:22.0.2) with ExtractAarTransform
Transforming play-services-measurement-base-22.0.2.aar (com.google.android.gms:play-services-measurement-base:22.0.2) with AarTransform
Transforming play-services-measurement-base-22.0.2.aar (com.google.android.gms:play-services-measurement-base:22.0.2) with JetifyTransform
Transforming play-services-measurement-base-22.0.2.aar (com.google.android.gms:play-services-measurement-base:22.0.2) with ExtractAarTransform
Transforming play-services-measurement-base-22.0.2.aar (com.google.android.gms:play-services-measurement-base:22.0.2) with AarTransform
Transforming play-services-measurement-base-22.0.2.aar (com.google.android.gms:play-services-measurement-base:22.0.2) with JetifyTransform
Transforming play-services-measurement-base-22.0.2.aar (com.google.android.gms:play-services-measurement-base:22.0.2) with ExtractAarTransform
Transforming play-services-measurement-base-22.0.2.aar (com.google.android.gms:play-services-measurement-base:22.0.2) with AarTransform
Transforming play-services-measurement-base-22.0.2.aar (com.google.android.gms:play-services-measurement-base:22.0.2) with JetifyTransform
Transforming play-services-measurement-base-22.0.2.aar (com.google.android.gms:play-services-measurement-base:22.0.2) with ExtractAarTransform
Transforming play-services-measurement-base-22.0.2.aar (com.google.android.gms:play-services-measurement-base:22.0.2) with AarTransform
Transforming play-services-stats-17.0.2.aar (com.google.android.gms:play-services-stats:17.0.2) with JetifyTransform
Transforming play-services-stats-17.0.2.aar (com.google.android.gms:play-services-stats:17.0.2) with ExtractAarTransform
Transforming play-services-stats-17.0.2.aar (com.google.android.gms:play-services-stats:17.0.2) with AarTransform
Transforming play-services-stats-17.0.2.aar (com.google.android.gms:play-services-stats:17.0.2) with JetifyTransform
Transforming play-services-stats-17.0.2.aar (com.google.android.gms:play-services-stats:17.0.2) with ExtractAarTransform
Transforming play-services-stats-17.0.2.aar (com.google.android.gms:play-services-stats:17.0.2) with AarTransform
Transforming material3-release.aar (androidx.compose.material3:material3-android:1.2.0) with JetifyTransform
Transforming material3-release.aar (androidx.compose.material3:material3-android:1.2.0) with ExtractAarTransform
Transforming material3-release.aar (androidx.compose.material3:material3-android:1.2.0) with AarTransform
Transforming material-ripple-release.aar (androidx.compose.material:material-ripple-android:1.6.2) with JetifyTransform
Transforming material-ripple-release.aar (androidx.compose.material:material-ripple-android:1.6.2) with ExtractAarTransform
Transforming material-ripple-release.aar (androidx.compose.material:material-ripple-android:1.6.2) with AarTransform
Transforming material-icons-core-release.aar (androidx.compose.material:material-icons-core-android:1.6.2) with JetifyTransform
Transforming material-icons-core-release.aar (androidx.compose.material:material-icons-core-android:1.6.2) with ExtractAarTransform
Transforming material-icons-core-release.aar (androidx.compose.material:material-icons-core-android:1.6.2) with AarTransform
Transforming material-release.aar (androidx.compose.material:material-android:1.6.2) with JetifyTransform
Transforming material-release.aar (androidx.compose.material:material-android:1.6.2) with ExtractAarTransform
Transforming material-release.aar (androidx.compose.material:material-android:1.6.2) with AarTransform
Transforming animation-core-release.aar (androidx.compose.animation:animation-core-android:1.6.2) with JetifyTransform
Transforming animation-core-release.aar (androidx.compose.animation:animation-core-android:1.6.2) with ExtractAarTransform
Transforming animation-core-release.aar (androidx.compose.animation:animation-core-android:1.6.2) with AarTransform
Transforming animation-release.aar (androidx.compose.animation:animation-android:1.6.2) with JetifyTransform
Transforming animation-release.aar (androidx.compose.animation:animation-android:1.6.2) with ExtractAarTransform
Transforming animation-release.aar (androidx.compose.animation:animation-android:1.6.2) with AarTransform
Transforming foundation-layout-release.aar (androidx.compose.foundation:foundation-layout-android:1.6.2) with JetifyTransform
Transforming foundation-layout-release.aar (androidx.compose.foundation:foundation-layout-android:1.6.2) with ExtractAarTransform
Transforming foundation-layout-release.aar (androidx.compose.foundation:foundation-layout-android:1.6.2) with AarTransform
Transforming foundation-release.aar (androidx.compose.foundation:foundation-android:1.6.2) with JetifyTransform
Transforming foundation-release.aar (androidx.compose.foundation:foundation-android:1.6.2) with ExtractAarTransform
Transforming foundation-release.aar (androidx.compose.foundation:foundation-android:1.6.2) with AarTransform
Transforming ui-tooling-data-release.aar (androidx.compose.ui:ui-tooling-data-android:1.6.2) with JetifyTransform
Transforming ui-tooling-data-release.aar (androidx.compose.ui:ui-tooling-data-android:1.6.2) with ExtractAarTransform
Transforming ui-tooling-data-release.aar (androidx.compose.ui:ui-tooling-data-android:1.6.2) with AarTransform
Transforming ui-unit-release.aar (androidx.compose.ui:ui-unit-android:1.6.2) with JetifyTransform
Transforming ui-unit-release.aar (androidx.compose.ui:ui-unit-android:1.6.2) with ExtractAarTransform
Transforming ui-unit-release.aar (androidx.compose.ui:ui-unit-android:1.6.2) with AarTransform
Transforming ui-geometry-release.aar (androidx.compose.ui:ui-geometry-android:1.6.2) with JetifyTransform
Transforming ui-geometry-release.aar (androidx.compose.ui:ui-geometry-android:1.6.2) with ExtractAarTransform
Transforming ui-geometry-release.aar (androidx.compose.ui:ui-geometry-android:1.6.2) with AarTransform
Transforming ui-util-release.aar (androidx.compose.ui:ui-util-android:1.6.2) with JetifyTransform
Transforming ui-util-release.aar (androidx.compose.ui:ui-util-android:1.6.2) with ExtractAarTransform
Transforming ui-util-release.aar (androidx.compose.ui:ui-util-android:1.6.2) with AarTransform
Transforming ui-text-release.aar (androidx.compose.ui:ui-text-android:1.6.2) with JetifyTransform
Transforming ui-text-release.aar (androidx.compose.ui:ui-text-android:1.6.2) with ExtractAarTransform
Transforming ui-text-release.aar (androidx.compose.ui:ui-text-android:1.6.2) with AarTransform
Transforming ui-tooling-preview-release.aar (androidx.compose.ui:ui-tooling-preview-android:1.6.2) with JetifyTransform
Transforming ui-tooling-preview-release.aar (androidx.compose.ui:ui-tooling-preview-android:1.6.2) with ExtractAarTransform
Transforming ui-tooling-preview-release.aar (androidx.compose.ui:ui-tooling-preview-android:1.6.2) with AarTransform
Transforming ui-graphics-release.aar (androidx.compose.ui:ui-graphics-android:1.6.2) with JetifyTransform
Transforming ui-graphics-release.aar (androidx.compose.ui:ui-graphics-android:1.6.2) with ExtractAarTransform
Transforming ui-graphics-release.aar (androidx.compose.ui:ui-graphics-android:1.6.2) with AarTransform
Transforming ui-tooling-release.aar (androidx.compose.ui:ui-tooling-android:1.6.2) with JetifyTransform
Transforming ui-tooling-release.aar (androidx.compose.ui:ui-tooling-android:1.6.2) with ExtractAarTransform
Transforming ui-tooling-release.aar (androidx.compose.ui:ui-tooling-android:1.6.2) with AarTransform
Transforming activity-compose-1.9.3.aar (androidx.activity:activity-compose:1.9.3) with JetifyTransform
Transforming activity-compose-1.9.3.aar (androidx.activity:activity-compose:1.9.3) with ExtractAarTransform
Transforming activity-compose-1.9.3.aar (androidx.activity:activity-compose:1.9.3) with AarTransform
Transforming emoji2-views-helper-1.3.0.aar (androidx.emoji2:emoji2-views-helper:1.3.0) with JetifyTransform
Transforming emoji2-views-helper-1.3.0.aar (androidx.emoji2:emoji2-views-helper:1.3.0) with ExtractAarTransform
Transforming emoji2-views-helper-1.3.0.aar (androidx.emoji2:emoji2-views-helper:1.3.0) with AarTransform
Transforming emoji2-1.3.0.aar (androidx.emoji2:emoji2:1.3.0) with JetifyTransform
Transforming emoji2-1.3.0.aar (androidx.emoji2:emoji2:1.3.0) with ExtractAarTransform
Transforming emoji2-1.3.0.aar (androidx.emoji2:emoji2:1.3.0) with AarTransform
Transforming slidingpanelayout-1.2.0.aar (androidx.slidingpanelayout:slidingpanelayout:1.2.0) with JetifyTransform
Transforming slidingpanelayout-1.2.0.aar (androidx.slidingpanelayout:slidingpanelayout:1.2.0) with ExtractAarTransform
Transforming slidingpanelayout-1.2.0.aar (androidx.slidingpanelayout:slidingpanelayout:1.2.0) with AarTransform
Transforming transition-1.5.0.aar (androidx.transition:transition:1.5.0) with JetifyTransform
Transforming transition-1.5.0.aar (androidx.transition:transition:1.5.0) with ExtractAarTransform
Transforming transition-1.5.0.aar (androidx.transition:transition:1.5.0) with AarTransform
Transforming dynamicanimation-1.0.0.aar (androidx.dynamicanimation:dynamicanimation:1.0.0) with JetifyTransform
Transforming dynamicanimation-1.0.0.aar (androidx.dynamicanimation:dynamicanimation:1.0.0) with ExtractAarTransform
Transforming dynamicanimation-1.0.0.aar (androidx.dynamicanimation:dynamicanimation:1.0.0) with AarTransform
Transforming legacy-support-core-utils-1.0.0.aar (androidx.legacy:legacy-support-core-utils:1.0.0) with JetifyTransform
Transforming legacy-support-core-utils-1.0.0.aar (androidx.legacy:legacy-support-core-utils:1.0.0) with ExtractAarTransform
Transforming legacy-support-core-utils-1.0.0.aar (androidx.legacy:legacy-support-core-utils:1.0.0) with AarTransform
Transforming legacy-support-core-utils-1.0.0.aar (androidx.legacy:legacy-support-core-utils:1.0.0) with JetifyTransform
Transforming legacy-support-core-utils-1.0.0.aar (androidx.legacy:legacy-support-core-utils:1.0.0) with ExtractAarTransform
Transforming legacy-support-core-utils-1.0.0.aar (androidx.legacy:legacy-support-core-utils:1.0.0) with AarTransform
Transforming legacy-support-core-utils-1.0.0.aar (androidx.legacy:legacy-support-core-utils:1.0.0) with JetifyTransform
Transforming legacy-support-core-utils-1.0.0.aar (androidx.legacy:legacy-support-core-utils:1.0.0) with ExtractAarTransform
Transforming legacy-support-core-utils-1.0.0.aar (androidx.legacy:legacy-support-core-utils:1.0.0) with AarTransform
Transforming loader-1.0.0.aar (androidx.loader:loader:1.0.0) with JetifyTransform
Transforming loader-1.0.0.aar (androidx.loader:loader:1.0.0) with ExtractAarTransform
Transforming loader-1.0.0.aar (androidx.loader:loader:1.0.0) with AarTransform
Transforming loader-1.0.0.aar (androidx.loader:loader:1.0.0) with JetifyTransform
Transforming loader-1.0.0.aar (androidx.loader:loader:1.0.0) with ExtractAarTransform
Transforming loader-1.0.0.aar (androidx.loader:loader:1.0.0) with AarTransform
Transforming drawerlayout-1.1.1.aar (androidx.drawerlayout:drawerlayout:1.1.1) with JetifyTransform
Transforming drawerlayout-1.1.1.aar (androidx.drawerlayout:drawerlayout:1.1.1) with ExtractAarTransform
Transforming drawerlayout-1.1.1.aar (androidx.drawerlayout:drawerlayout:1.1.1) with AarTransform
Transforming coordinatorlayout-1.1.0.aar (androidx.coordinatorlayout:coordinatorlayout:1.1.0) with JetifyTransform
Transforming coordinatorlayout-1.1.0.aar (androidx.coordinatorlayout:coordinatorlayout:1.1.0) with ExtractAarTransform
Transforming coordinatorlayout-1.1.0.aar (androidx.coordinatorlayout:coordinatorlayout:1.1.0) with AarTransform
Transforming vectordrawable-animated-1.1.0.aar (androidx.vectordrawable:vectordrawable-animated:1.1.0) with JetifyTransform
Transforming vectordrawable-animated-1.1.0.aar (androidx.vectordrawable:vectordrawable-animated:1.1.0) with ExtractAarTransform
Transforming vectordrawable-animated-1.1.0.aar (androidx.vectordrawable:vectordrawable-animated:1.1.0) with AarTransform
Transforming vectordrawable-1.1.0.aar (androidx.vectordrawable:vectordrawable:1.1.0) with JetifyTransform
Transforming vectordrawable-1.1.0.aar (androidx.vectordrawable:vectordrawable:1.1.0) with ExtractAarTransform
Transforming vectordrawable-1.1.0.aar (androidx.vectordrawable:vectordrawable:1.1.0) with AarTransform
Transforming vectordrawable-1.1.0.aar (androidx.vectordrawable:vectordrawable:1.1.0) with JetifyTransform
Transforming vectordrawable-1.1.0.aar (androidx.vectordrawable:vectordrawable:1.1.0) with ExtractAarTransform
Transforming vectordrawable-1.1.0.aar (androidx.vectordrawable:vectordrawable:1.1.0) with AarTransform
Transforming media-1.7.0.aar (androidx.media:media:1.7.0) with JetifyTransform
Transforming media-1.7.0.aar (androidx.media:media:1.7.0) with ExtractAarTransform
Transforming media-1.7.0.aar (androidx.media:media:1.7.0) with AarTransform
Transforming viewpager-1.0.0.aar (androidx.viewpager:viewpager:1.0.0) with JetifyTransform
Transforming viewpager-1.0.0.aar (androidx.viewpager:viewpager:1.0.0) with ExtractAarTransform
Transforming viewpager-1.0.0.aar (androidx.viewpager:viewpager:1.0.0) with AarTransform
Transforming customview-1.1.0.aar (androidx.customview:customview:1.1.0) with JetifyTransform
Transforming customview-1.1.0.aar (androidx.customview:customview:1.1.0) with ExtractAarTransform
Transforming customview-1.1.0.aar (androidx.customview:customview:1.1.0) with AarTransform
Transforming customview-1.1.0.aar (androidx.customview:customview:1.1.0) with JetifyTransform
Transforming customview-1.1.0.aar (androidx.customview:customview:1.1.0) with ExtractAarTransform
Transforming customview-1.1.0.aar (androidx.customview:customview:1.1.0) with AarTransform
Transforming customview-1.1.0.aar (androidx.customview:customview:1.1.0) with JetifyTransform
Transforming customview-1.1.0.aar (androidx.customview:customview:1.1.0) with ExtractAarTransform
Transforming customview-1.1.0.aar (androidx.customview:customview:1.1.0) with AarTransform
Transforming customview-1.1.0.aar (androidx.customview:customview:1.1.0) with JetifyTransform
Transforming customview-1.1.0.aar (androidx.customview:customview:1.1.0) with ExtractAarTransform
Transforming customview-1.1.0.aar (androidx.customview:customview:1.1.0) with AarTransform
Transforming autofill-1.0.0.aar (androidx.autofill:autofill:1.0.0) with JetifyTransform
Transforming autofill-1.0.0.aar (androidx.autofill:autofill:1.0.0) with ExtractAarTransform
Transforming autofill-1.0.0.aar (androidx.autofill:autofill:1.0.0) with AarTransform
Transforming window-1.0.0.aar (androidx.window:window:1.0.0) with JetifyTransform
Transforming window-1.0.0.aar (androidx.window:window:1.0.0) with ExtractAarTransform
Transforming window-1.0.0.aar (androidx.window:window:1.0.0) with AarTransform
Transforming core-1.13.1.aar (androidx.core:core:1.13.1) with JetifyTransform
Transforming core-1.13.1.aar (androidx.core:core:1.13.1) with ExtractAarTransform
Transforming core-1.13.1.aar (androidx.core:core:1.13.1) with AarTransform
Transforming core-1.13.1.aar (androidx.core:core:1.13.1) with JetifyTransform
Transforming core-1.13.1.aar (androidx.core:core:1.13.1) with ExtractAarTransform
Transforming core-1.13.1.aar (androidx.core:core:1.13.1) with AarTransform
Transforming core-1.13.1.aar (androidx.core:core:1.13.1) with JetifyTransform
Transforming core-1.13.1.aar (androidx.core:core:1.13.1) with ExtractAarTransform
Transforming core-1.13.1.aar (androidx.core:core:1.13.1) with AarTransform
Transforming core-1.13.1.aar (androidx.core:core:1.13.1) with JetifyTransform
Transforming core-1.13.1.aar (androidx.core:core:1.13.1) with ExtractAarTransform
Transforming core-1.13.1.aar (androidx.core:core:1.13.1) with AarTransform
Transforming core-1.13.1.aar (androidx.core:core:1.13.1) with JetifyTransform
Transforming core-1.13.1.aar (androidx.core:core:1.13.1) with ExtractAarTransform
Transforming core-1.13.1.aar (androidx.core:core:1.13.1) with AarTransform
Transforming core-1.13.1.aar (androidx.core:core:1.13.1) with JetifyTransform
Transforming core-1.13.1.aar (androidx.core:core:1.13.1) with ExtractAarTransform
Transforming core-1.13.1.aar (androidx.core:core:1.13.1) with AarTransform
Transforming core-1.13.1.aar (androidx.core:core:1.13.1) with JetifyTransform
Transforming core-1.13.1.aar (androidx.core:core:1.13.1) with ExtractAarTransform
Transforming core-1.13.1.aar (androidx.core:core:1.13.1) with AarTransform
Transforming core-1.13.1.aar (androidx.core:core:1.13.1) with JetifyTransform
Transforming core-1.13.1.aar (androidx.core:core:1.13.1) with ExtractAarTransform
Transforming core-1.13.1.aar (androidx.core:core:1.13.1) with AarTransform
Transforming core-1.13.1.aar (androidx.core:core:1.13.1) with JetifyTransform
Transforming core-1.13.1.aar (androidx.core:core:1.13.1) with ExtractAarTransform
Transforming core-1.13.1.aar (androidx.core:core:1.13.1) with AarTransform
Transforming core-1.13.1.aar (androidx.core:core:1.13.1) with JetifyTransform
Transforming core-1.13.1.aar (androidx.core:core:1.13.1) with ExtractAarTransform
Transforming core-1.13.1.aar (androidx.core:core:1.13.1) with AarTransform
Transforming core-1.13.1.aar (androidx.core:core:1.13.1) with JetifyTransform
Transforming core-1.13.1.aar (androidx.core:core:1.13.1) with ExtractAarTransform
Transforming core-1.13.1.aar (androidx.core:core:1.13.1) with AarTransform
Transforming core-1.13.1.aar (androidx.core:core:1.13.1) with JetifyTransform
Transforming core-1.13.1.aar (androidx.core:core:1.13.1) with ExtractAarTransform
Transforming core-1.13.1.aar (androidx.core:core:1.13.1) with AarTransform
Transforming savedstate-ktx-1.2.1.aar (androidx.savedstate:savedstate-ktx:1.2.1) with JetifyTransform
Transforming savedstate-ktx-1.2.1.aar (androidx.savedstate:savedstate-ktx:1.2.1) with ExtractAarTransform
Transforming savedstate-ktx-1.2.1.aar (androidx.savedstate:savedstate-ktx:1.2.1) with AarTransform
Transforming savedstate-1.2.1.aar (androidx.savedstate:savedstate:1.2.1) with JetifyTransform
Transforming savedstate-1.2.1.aar (androidx.savedstate:savedstate:1.2.1) with ExtractAarTransform
Transforming savedstate-1.2.1.aar (androidx.savedstate:savedstate:1.2.1) with AarTransform
Transforming lifecycle-service-2.8.7.aar (androidx.lifecycle:lifecycle-service:2.8.7) with JetifyTransform
Transforming lifecycle-service-2.8.7.aar (androidx.lifecycle:lifecycle-service:2.8.7) with ExtractAarTransform
Transforming lifecycle-service-2.8.7.aar (androidx.lifecycle:lifecycle-service:2.8.7) with AarTransform
Transforming lifecycle-runtime-release.aar (androidx.lifecycle:lifecycle-runtime-android:2.8.7) with JetifyTransform
Transforming lifecycle-runtime-release.aar (androidx.lifecycle:lifecycle-runtime-android:2.8.7) with ExtractAarTransform
Transforming lifecycle-runtime-release.aar (androidx.lifecycle:lifecycle-runtime-android:2.8.7) with AarTransform
Transforming lifecycle-viewmodel-2.8.7.aar (androidx.lifecycle:lifecycle-viewmodel:2.8.7) with JetifyTransform
Transforming lifecycle-viewmodel-2.8.7.aar (androidx.lifecycle:lifecycle-viewmodel:2.8.7) with ExtractAarTransform
Transforming lifecycle-viewmodel-2.8.7.aar (androidx.lifecycle:lifecycle-viewmodel:2.8.7) with AarTransform
Transforming lifecycle-viewmodel-release.aar (androidx.lifecycle:lifecycle-viewmodel-android:2.8.7) with JetifyTransform
Transforming lifecycle-viewmodel-release.aar (androidx.lifecycle:lifecycle-viewmodel-android:2.8.7) with ExtractAarTransform
Transforming lifecycle-viewmodel-release.aar (androidx.lifecycle:lifecycle-viewmodel-android:2.8.7) with AarTransform
Transforming lifecycle-livedata-core-2.8.7.aar (androidx.lifecycle:lifecycle-livedata-core:2.8.7) with JetifyTransform
Transforming lifecycle-livedata-core-2.8.7.aar (androidx.lifecycle:lifecycle-livedata-core:2.8.7) with ExtractAarTransform
Transforming lifecycle-livedata-core-2.8.7.aar (androidx.lifecycle:lifecycle-livedata-core:2.8.7) with AarTransform
Transforming lifecycle-process-2.8.7.aar (androidx.lifecycle:lifecycle-process:2.8.7) with JetifyTransform
Transforming lifecycle-process-2.8.7.aar (androidx.lifecycle:lifecycle-process:2.8.7) with ExtractAarTransform
Transforming lifecycle-process-2.8.7.aar (androidx.lifecycle:lifecycle-process:2.8.7) with AarTransform
Transforming lifecycle-runtime-compose-release.aar (androidx.lifecycle:lifecycle-runtime-compose-android:2.8.7) with JetifyTransform
Transforming lifecycle-runtime-compose-release.aar (androidx.lifecycle:lifecycle-runtime-compose-android:2.8.7) with ExtractAarTransform
Transforming lifecycle-runtime-compose-release.aar (androidx.lifecycle:lifecycle-runtime-compose-android:2.8.7) with AarTransform
Transforming lifecycle-viewmodel-compose-release.aar (androidx.lifecycle:lifecycle-viewmodel-compose-android:2.8.7) with JetifyTransform
Transforming lifecycle-viewmodel-compose-release.aar (androidx.lifecycle:lifecycle-viewmodel-compose-android:2.8.7) with ExtractAarTransform
Transforming lifecycle-viewmodel-compose-release.aar (androidx.lifecycle:lifecycle-viewmodel-compose-android:2.8.7) with AarTransform
Transforming accompanist-drawablepainter-0.32.0.aar (com.google.accompanist:accompanist-drawablepainter:0.32.0) with JetifyTransform
Transforming accompanist-drawablepainter-0.32.0.aar (com.google.accompanist:accompanist-drawablepainter:0.32.0) with ExtractAarTransform
Transforming accompanist-drawablepainter-0.32.0.aar (com.google.accompanist:accompanist-drawablepainter:0.32.0) with AarTransform
Transforming ui-release.aar (androidx.compose.ui:ui-android:1.6.2) with JetifyTransform
Transforming ui-release.aar (androidx.compose.ui:ui-android:1.6.2) with ExtractAarTransform
Transforming ui-release.aar (androidx.compose.ui:ui-android:1.6.2) with AarTransform
Transforming ui-test-manifest-1.6.2.aar (androidx.compose.ui:ui-test-manifest:1.6.2) with JetifyTransform
Transforming ui-test-manifest-1.6.2.aar (androidx.compose.ui:ui-test-manifest:1.6.2) with ExtractAarTransform
Transforming ui-test-manifest-1.6.2.aar (androidx.compose.ui:ui-test-manifest:1.6.2) with AarTransform
Transforming activity-1.9.3.aar (androidx.activity:activity:1.9.3) with JetifyTransform
Transforming activity-1.9.3.aar (androidx.activity:activity:1.9.3) with ExtractAarTransform
Transforming activity-1.9.3.aar (androidx.activity:activity:1.9.3) with AarTransform
Transforming lifecycle-viewmodel-savedstate-2.8.7.aar (androidx.lifecycle:lifecycle-viewmodel-savedstate:2.8.7) with JetifyTransform
Transforming lifecycle-viewmodel-savedstate-2.8.7.aar (androidx.lifecycle:lifecycle-viewmodel-savedstate:2.8.7) with ExtractAarTransform
Transforming lifecycle-viewmodel-savedstate-2.8.7.aar (androidx.lifecycle:lifecycle-viewmodel-savedstate:2.8.7) with AarTransform
Transforming lifecycle-runtime-ktx-release.aar (androidx.lifecycle:lifecycle-runtime-ktx-android:2.8.7) with JetifyTransform
Transforming lifecycle-runtime-ktx-release.aar (androidx.lifecycle:lifecycle-runtime-ktx-android:2.8.7) with ExtractAarTransform
Transforming lifecycle-runtime-ktx-release.aar (androidx.lifecycle:lifecycle-runtime-ktx-android:2.8.7) with AarTransform
Transforming lifecycle-livedata-2.8.7.aar (androidx.lifecycle:lifecycle-livedata:2.8.7) with JetifyTransform
Transforming lifecycle-livedata-2.8.7.aar (androidx.lifecycle:lifecycle-livedata:2.8.7) with ExtractAarTransform
Transforming lifecycle-livedata-2.8.7.aar (androidx.lifecycle:lifecycle-livedata:2.8.7) with AarTransform
Transforming lifecycle-livedata-2.8.7.aar (androidx.lifecycle:lifecycle-livedata:2.8.7) with JetifyTransform
Transforming lifecycle-livedata-2.8.7.aar (androidx.lifecycle:lifecycle-livedata:2.8.7) with ExtractAarTransform
Transforming lifecycle-livedata-2.8.7.aar (androidx.lifecycle:lifecycle-livedata:2.8.7) with AarTransform
Transforming lifecycle-livedata-core-ktx-2.8.7.aar (androidx.lifecycle:lifecycle-livedata-core-ktx:2.8.7) with JetifyTransform
Transforming lifecycle-livedata-core-ktx-2.8.7.aar (androidx.lifecycle:lifecycle-livedata-core-ktx:2.8.7) with ExtractAarTransform
Transforming lifecycle-livedata-core-ktx-2.8.7.aar (androidx.lifecycle:lifecycle-livedata-core-ktx:2.8.7) with AarTransform
Transforming lifecycle-livedata-ktx-2.8.7.aar (androidx.lifecycle:lifecycle-livedata-ktx:2.8.7) with JetifyTransform
Transforming lifecycle-livedata-ktx-2.8.7.aar (androidx.lifecycle:lifecycle-livedata-ktx:2.8.7) with ExtractAarTransform
Transforming lifecycle-livedata-ktx-2.8.7.aar (androidx.lifecycle:lifecycle-livedata-ktx:2.8.7) with AarTransform
Transforming lifecycle-viewmodel-ktx-2.8.7.aar (androidx.lifecycle:lifecycle-viewmodel-ktx:2.8.7) with JetifyTransform
Transforming lifecycle-viewmodel-ktx-2.8.7.aar (androidx.lifecycle:lifecycle-viewmodel-ktx:2.8.7) with ExtractAarTransform
Transforming lifecycle-viewmodel-ktx-2.8.7.aar (androidx.lifecycle:lifecycle-viewmodel-ktx:2.8.7) with AarTransform
Transforming runtime-saveable-release.aar (androidx.compose.runtime:runtime-saveable-android:1.7.1) with JetifyTransform
Transforming runtime-saveable-release.aar (androidx.compose.runtime:runtime-saveable-android:1.7.1) with ExtractAarTransform
Transforming runtime-saveable-release.aar (androidx.compose.runtime:runtime-saveable-android:1.7.1) with AarTransform
Transforming runtime-release.aar (androidx.compose.runtime:runtime-android:1.7.1) with JetifyTransform
Transforming runtime-release.aar (androidx.compose.runtime:runtime-android:1.7.1) with ExtractAarTransform
Transforming runtime-release.aar (androidx.compose.runtime:runtime-android:1.7.1) with AarTransform
Transforming ads-adservices-java-1.0.0-beta05.aar (androidx.privacysandbox.ads:ads-adservices-java:1.0.0-beta05) with JetifyTransform
Transforming ads-adservices-java-1.0.0-beta05.aar (androidx.privacysandbox.ads:ads-adservices-java:1.0.0-beta05) with ExtractAarTransform
Transforming ads-adservices-java-1.0.0-beta05.aar (androidx.privacysandbox.ads:ads-adservices-java:1.0.0-beta05) with AarTransform
Transforming ads-adservices-1.0.0-beta05.aar (androidx.privacysandbox.ads:ads-adservices:1.0.0-beta05) with JetifyTransform
Transforming ads-adservices-1.0.0-beta05.aar (androidx.privacysandbox.ads:ads-adservices:1.0.0-beta05) with ExtractAarTransform
Transforming ads-adservices-1.0.0-beta05.aar (androidx.privacysandbox.ads:ads-adservices:1.0.0-beta05) with AarTransform
Transforming ads-adservices-1.0.0-beta05.aar (androidx.privacysandbox.ads:ads-adservices:1.0.0-beta05) with JetifyTransform
Transforming ads-adservices-1.0.0-beta05.aar (androidx.privacysandbox.ads:ads-adservices:1.0.0-beta05) with ExtractAarTransform
Transforming ads-adservices-1.0.0-beta05.aar (androidx.privacysandbox.ads:ads-adservices:1.0.0-beta05) with AarTransform
Transforming firebase-installations-interop-17.1.1.aar (com.google.firebase:firebase-installations-interop:17.1.1) with JetifyTransform
Transforming firebase-installations-interop-17.1.1.aar (com.google.firebase:firebase-installations-interop:17.1.1) with ExtractAarTransform
Transforming firebase-installations-interop-17.1.1.aar (com.google.firebase:firebase-installations-interop:17.1.1) with AarTransform
Transforming firebase-installations-interop-17.1.1.aar (com.google.firebase:firebase-installations-interop:17.1.1) with JetifyTransform
Transforming firebase-installations-interop-17.1.1.aar (com.google.firebase:firebase-installations-interop:17.1.1) with ExtractAarTransform
Transforming firebase-installations-interop-17.1.1.aar (com.google.firebase:firebase-installations-interop:17.1.1) with AarTransform
Transforming play-services-tasks-18.2.0.aar (com.google.android.gms:play-services-tasks:18.2.0) with JetifyTransform
Transforming play-services-tasks-18.2.0.aar (com.google.android.gms:play-services-tasks:18.2.0) with ExtractAarTransform
Transforming play-services-tasks-18.2.0.aar (com.google.android.gms:play-services-tasks:18.2.0) with AarTransform
Transforming play-services-tasks-18.2.0.aar (com.google.android.gms:play-services-tasks:18.2.0) with JetifyTransform
Transforming play-services-tasks-18.2.0.aar (com.google.android.gms:play-services-tasks:18.2.0) with ExtractAarTransform
Transforming play-services-tasks-18.2.0.aar (com.google.android.gms:play-services-tasks:18.2.0) with AarTransform
Transforming play-services-tasks-18.2.0.aar (com.google.android.gms:play-services-tasks:18.2.0) with JetifyTransform
Transforming play-services-tasks-18.2.0.aar (com.google.android.gms:play-services-tasks:18.2.0) with ExtractAarTransform
Transforming play-services-tasks-18.2.0.aar (com.google.android.gms:play-services-tasks:18.2.0) with AarTransform
Transforming play-services-tasks-18.2.0.aar (com.google.android.gms:play-services-tasks:18.2.0) with JetifyTransform
Transforming play-services-tasks-18.2.0.aar (com.google.android.gms:play-services-tasks:18.2.0) with ExtractAarTransform
Transforming play-services-tasks-18.2.0.aar (com.google.android.gms:play-services-tasks:18.2.0) with AarTransform
Transforming play-services-tasks-18.2.0.aar (com.google.android.gms:play-services-tasks:18.2.0) with JetifyTransform
Transforming play-services-tasks-18.2.0.aar (com.google.android.gms:play-services-tasks:18.2.0) with ExtractAarTransform
Transforming play-services-tasks-18.2.0.aar (com.google.android.gms:play-services-tasks:18.2.0) with AarTransform
Transforming play-services-tasks-18.2.0.aar (com.google.android.gms:play-services-tasks:18.2.0) with JetifyTransform
Transforming play-services-tasks-18.2.0.aar (com.google.android.gms:play-services-tasks:18.2.0) with ExtractAarTransform
Transforming play-services-tasks-18.2.0.aar (com.google.android.gms:play-services-tasks:18.2.0) with AarTransform
Transforming play-services-tasks-18.2.0.aar (com.google.android.gms:play-services-tasks:18.2.0) with JetifyTransform
Transforming play-services-tasks-18.2.0.aar (com.google.android.gms:play-services-tasks:18.2.0) with ExtractAarTransform
Transforming play-services-tasks-18.2.0.aar (com.google.android.gms:play-services-tasks:18.2.0) with AarTransform
Transforming play-services-tasks-18.2.0.aar (com.google.android.gms:play-services-tasks:18.2.0) with JetifyTransform
Transforming play-services-tasks-18.2.0.aar (com.google.android.gms:play-services-tasks:18.2.0) with ExtractAarTransform
Transforming play-services-tasks-18.2.0.aar (com.google.android.gms:play-services-tasks:18.2.0) with AarTransform
Transforming play-services-tasks-18.2.0.aar (com.google.android.gms:play-services-tasks:18.2.0) with JetifyTransform
Transforming play-services-tasks-18.2.0.aar (com.google.android.gms:play-services-tasks:18.2.0) with ExtractAarTransform
Transforming play-services-tasks-18.2.0.aar (com.google.android.gms:play-services-tasks:18.2.0) with AarTransform
Transforming firebase-measurement-connector-19.0.0.aar (com.google.firebase:firebase-measurement-connector:19.0.0) with JetifyTransform
Transforming firebase-measurement-connector-19.0.0.aar (com.google.firebase:firebase-measurement-connector:19.0.0) with ExtractAarTransform
Transforming firebase-measurement-connector-19.0.0.aar (com.google.firebase:firebase-measurement-connector:19.0.0) with AarTransform
Transforming play-services-basement-18.4.0.aar (com.google.android.gms:play-services-basement:18.4.0) with JetifyTransform
Transforming play-services-basement-18.4.0.aar (com.google.android.gms:play-services-basement:18.4.0) with ExtractAarTransform
Transforming play-services-basement-18.4.0.aar (com.google.android.gms:play-services-basement:18.4.0) with AarTransform
Transforming play-services-basement-18.4.0.aar (com.google.android.gms:play-services-basement:18.4.0) with JetifyTransform
Transforming play-services-basement-18.4.0.aar (com.google.android.gms:play-services-basement:18.4.0) with ExtractAarTransform
Transforming play-services-basement-18.4.0.aar (com.google.android.gms:play-services-basement:18.4.0) with AarTransform
Transforming play-services-basement-18.4.0.aar (com.google.android.gms:play-services-basement:18.4.0) with JetifyTransform
Transforming play-services-basement-18.4.0.aar (com.google.android.gms:play-services-basement:18.4.0) with ExtractAarTransform
Transforming play-services-basement-18.4.0.aar (com.google.android.gms:play-services-basement:18.4.0) with AarTransform
Transforming play-services-basement-18.4.0.aar (com.google.android.gms:play-services-basement:18.4.0) with JetifyTransform
Transforming play-services-basement-18.4.0.aar (com.google.android.gms:play-services-basement:18.4.0) with ExtractAarTransform
Transforming play-services-basement-18.4.0.aar (com.google.android.gms:play-services-basement:18.4.0) with AarTransform
Transforming play-services-basement-18.4.0.aar (com.google.android.gms:play-services-basement:18.4.0) with JetifyTransform
Transforming play-services-basement-18.4.0.aar (com.google.android.gms:play-services-basement:18.4.0) with ExtractAarTransform
Transforming play-services-basement-18.4.0.aar (com.google.android.gms:play-services-basement:18.4.0) with AarTransform
Transforming play-services-basement-18.4.0.aar (com.google.android.gms:play-services-basement:18.4.0) with JetifyTransform
Transforming play-services-basement-18.4.0.aar (com.google.android.gms:play-services-basement:18.4.0) with ExtractAarTransform
Transforming play-services-basement-18.4.0.aar (com.google.android.gms:play-services-basement:18.4.0) with AarTransform
Transforming play-services-basement-18.4.0.aar (com.google.android.gms:play-services-basement:18.4.0) with JetifyTransform
Transforming play-services-basement-18.4.0.aar (com.google.android.gms:play-services-basement:18.4.0) with ExtractAarTransform
Transforming play-services-basement-18.4.0.aar (com.google.android.gms:play-services-basement:18.4.0) with AarTransform
Transforming play-services-basement-18.4.0.aar (com.google.android.gms:play-services-basement:18.4.0) with JetifyTransform
Transforming play-services-basement-18.4.0.aar (com.google.android.gms:play-services-basement:18.4.0) with ExtractAarTransform
Transforming play-services-basement-18.4.0.aar (com.google.android.gms:play-services-basement:18.4.0) with AarTransform
Transforming play-services-basement-18.4.0.aar (com.google.android.gms:play-services-basement:18.4.0) with JetifyTransform
Transforming play-services-basement-18.4.0.aar (com.google.android.gms:play-services-basement:18.4.0) with ExtractAarTransform
Transforming play-services-basement-18.4.0.aar (com.google.android.gms:play-services-basement:18.4.0) with AarTransform
Transforming play-services-basement-18.4.0.aar (com.google.android.gms:play-services-basement:18.4.0) with JetifyTransform
Transforming play-services-basement-18.4.0.aar (com.google.android.gms:play-services-basement:18.4.0) with ExtractAarTransform
Transforming play-services-basement-18.4.0.aar (com.google.android.gms:play-services-basement:18.4.0) with AarTransform
Transforming play-services-basement-18.4.0.aar (com.google.android.gms:play-services-basement:18.4.0) with JetifyTransform
Transforming play-services-basement-18.4.0.aar (com.google.android.gms:play-services-basement:18.4.0) with ExtractAarTransform
Transforming play-services-basement-18.4.0.aar (com.google.android.gms:play-services-basement:18.4.0) with AarTransform
Transforming play-services-basement-18.4.0.aar (com.google.android.gms:play-services-basement:18.4.0) with JetifyTransform
Transforming play-services-basement-18.4.0.aar (com.google.android.gms:play-services-basement:18.4.0) with ExtractAarTransform
Transforming play-services-basement-18.4.0.aar (com.google.android.gms:play-services-basement:18.4.0) with AarTransform
Transforming play-services-basement-18.4.0.aar (com.google.android.gms:play-services-basement:18.4.0) with JetifyTransform
Transforming play-services-basement-18.4.0.aar (com.google.android.gms:play-services-basement:18.4.0) with ExtractAarTransform
Transforming play-services-basement-18.4.0.aar (com.google.android.gms:play-services-basement:18.4.0) with AarTransform
Transforming play-services-basement-18.4.0.aar (com.google.android.gms:play-services-basement:18.4.0) with JetifyTransform
Transforming play-services-basement-18.4.0.aar (com.google.android.gms:play-services-basement:18.4.0) with ExtractAarTransform
Transforming play-services-basement-18.4.0.aar (com.google.android.gms:play-services-basement:18.4.0) with AarTransform
Transforming fragment-1.8.5.aar (androidx.fragment:fragment:1.8.5) with JetifyTransform
Transforming fragment-1.8.5.aar (androidx.fragment:fragment:1.8.5) with ExtractAarTransform
Transforming fragment-1.8.5.aar (androidx.fragment:fragment:1.8.5) with AarTransform
Transforming fragment-1.8.5.aar (androidx.fragment:fragment:1.8.5) with JetifyTransform
Transforming fragment-1.8.5.aar (androidx.fragment:fragment:1.8.5) with ExtractAarTransform
Transforming fragment-1.8.5.aar (androidx.fragment:fragment:1.8.5) with AarTransform
Transforming fragment-1.8.5.aar (androidx.fragment:fragment:1.8.5) with JetifyTransform
Transforming fragment-1.8.5.aar (androidx.fragment:fragment:1.8.5) with ExtractAarTransform
Transforming fragment-1.8.5.aar (androidx.fragment:fragment:1.8.5) with AarTransform
Transforming fragment-ktx-1.8.5.aar (androidx.fragment:fragment-ktx:1.8.5) with JetifyTransform
Transforming fragment-ktx-1.8.5.aar (androidx.fragment:fragment-ktx:1.8.5) with ExtractAarTransform
Transforming fragment-ktx-1.8.5.aar (androidx.fragment:fragment-ktx:1.8.5) with AarTransform
Transforming activity-ktx-1.9.3.aar (androidx.activity:activity-ktx:1.9.3) with JetifyTransform
Transforming activity-ktx-1.9.3.aar (androidx.activity:activity-ktx:1.9.3) with ExtractAarTransform
Transforming activity-ktx-1.9.3.aar (androidx.activity:activity-ktx:1.9.3) with AarTransform
Transforming customview-poolingcontainer-1.0.0.aar (androidx.customview:customview-poolingcontainer:1.0.0) with JetifyTransform
Transforming customview-poolingcontainer-1.0.0.aar (androidx.customview:customview-poolingcontainer:1.0.0) with ExtractAarTransform
Transforming customview-poolingcontainer-1.0.0.aar (androidx.customview:customview-poolingcontainer:1.0.0) with AarTransform
Transforming core-ktx-1.13.1.aar (androidx.core:core-ktx:1.13.1) with JetifyTransform
Transforming core-ktx-1.13.1.aar (androidx.core:core-ktx:1.13.1) with ExtractAarTransform
Transforming core-ktx-1.13.1.aar (androidx.core:core-ktx:1.13.1) with AarTransform
Transforming sqlite-framework-2.4.0.aar (androidx.sqlite:sqlite-framework:2.4.0) with JetifyTransform
Transforming sqlite-framework-2.4.0.aar (androidx.sqlite:sqlite-framework:2.4.0) with ExtractAarTransform
Transforming sqlite-framework-2.4.0.aar (androidx.sqlite:sqlite-framework:2.4.0) with AarTransform
Transforming sqlite-2.4.0.aar (androidx.sqlite:sqlite:2.4.0) with JetifyTransform
Transforming sqlite-2.4.0.aar (androidx.sqlite:sqlite:2.4.0) with ExtractAarTransform
Transforming sqlite-2.4.0.aar (androidx.sqlite:sqlite:2.4.0) with AarTransform
Transforming security-crypto-1.1.0-alpha06.aar (androidx.security:security-crypto:1.1.0-alpha06) with JetifyTransform
Transforming security-crypto-1.1.0-alpha06.aar (androidx.security:security-crypto:1.1.0-alpha06) with ExtractAarTransform
Transforming security-crypto-1.1.0-alpha06.aar (androidx.security:security-crypto:1.1.0-alpha06) with AarTransform
Transforming cursoradapter-1.0.0.aar (androidx.cursoradapter:cursoradapter:1.0.0) with JetifyTransform
Transforming cursoradapter-1.0.0.aar (androidx.cursoradapter:cursoradapter:1.0.0) with ExtractAarTransform
Transforming cursoradapter-1.0.0.aar (androidx.cursoradapter:cursoradapter:1.0.0) with AarTransform
Transforming profileinstaller-1.3.1.aar (androidx.profileinstaller:profileinstaller:1.3.1) with JetifyTransform
Transforming profileinstaller-1.3.1.aar (androidx.profileinstaller:profileinstaller:1.3.1) with ExtractAarTransform
Transforming profileinstaller-1.3.1.aar (androidx.profileinstaller:profileinstaller:1.3.1) with AarTransform
Transforming cardview-1.0.0.aar (androidx.cardview:cardview:1.0.0) with JetifyTransform
Transforming cardview-1.0.0.aar (androidx.cardview:cardview:1.0.0) with ExtractAarTransform
Transforming cardview-1.0.0.aar (androidx.cardview:cardview:1.0.0) with AarTransform
Transforming core-runtime-2.2.0.aar (androidx.arch.core:core-runtime:2.2.0) with JetifyTransform
Transforming core-runtime-2.2.0.aar (androidx.arch.core:core-runtime:2.2.0) with ExtractAarTransform
Transforming core-runtime-2.2.0.aar (androidx.arch.core:core-runtime:2.2.0) with AarTransform
Transforming gifdecoder-4.16.0.aar (com.github.bumptech.glide:gifdecoder:4.16.0) with JetifyTransform
Transforming gifdecoder-4.16.0.aar (com.github.bumptech.glide:gifdecoder:4.16.0) with ExtractAarTransform
Transforming gifdecoder-4.16.0.aar (com.github.bumptech.glide:gifdecoder:4.16.0) with AarTransform
Transforming startup-runtime-1.1.1.aar (androidx.startup:startup-runtime:1.1.1) with JetifyTransform
Transforming startup-runtime-1.1.1.aar (androidx.startup:startup-runtime:1.1.1) with ExtractAarTransform
Transforming startup-runtime-1.1.1.aar (androidx.startup:startup-runtime:1.1.1) with AarTransform
Transforming tracing-1.0.0.aar (androidx.tracing:tracing:1.0.0) with JetifyTransform
Transforming tracing-1.0.0.aar (androidx.tracing:tracing:1.0.0) with ExtractAarTransform
Transforming tracing-1.0.0.aar (androidx.tracing:tracing:1.0.0) with AarTransform
Transforming firebase-components-18.0.0.aar (com.google.firebase:firebase-components:18.0.0) with JetifyTransform
Transforming firebase-components-18.0.0.aar (com.google.firebase:firebase-components:18.0.0) with ExtractAarTransform
Transforming firebase-components-18.0.0.aar (com.google.firebase:firebase-components:18.0.0) with AarTransform
Transforming firebase-components-18.0.0.aar (com.google.firebase:firebase-components:18.0.0) with JetifyTransform
Transforming firebase-components-18.0.0.aar (com.google.firebase:firebase-components:18.0.0) with ExtractAarTransform
Transforming firebase-components-18.0.0.aar (com.google.firebase:firebase-components:18.0.0) with AarTransform
Transforming firebase-components-18.0.0.aar (com.google.firebase:firebase-components:18.0.0) with JetifyTransform
Transforming firebase-components-18.0.0.aar (com.google.firebase:firebase-components:18.0.0) with ExtractAarTransform
Transforming firebase-components-18.0.0.aar (com.google.firebase:firebase-components:18.0.0) with AarTransform
Transforming firebase-components-18.0.0.aar (com.google.firebase:firebase-components:18.0.0) with JetifyTransform
Transforming firebase-components-18.0.0.aar (com.google.firebase:firebase-components:18.0.0) with ExtractAarTransform
Transforming firebase-components-18.0.0.aar (com.google.firebase:firebase-components:18.0.0) with AarTransform
Transforming firebase-components-18.0.0.aar (com.google.firebase:firebase-components:18.0.0) with JetifyTransform
Transforming firebase-components-18.0.0.aar (com.google.firebase:firebase-components:18.0.0) with ExtractAarTransform
Transforming firebase-components-18.0.0.aar (com.google.firebase:firebase-components:18.0.0) with AarTransform
Transforming firebase-components-18.0.0.aar (com.google.firebase:firebase-components:18.0.0) with JetifyTransform
Transforming firebase-components-18.0.0.aar (com.google.firebase:firebase-components:18.0.0) with ExtractAarTransform
Transforming firebase-components-18.0.0.aar (com.google.firebase:firebase-components:18.0.0) with AarTransform
Transforming firebase-components-18.0.0.aar (com.google.firebase:firebase-components:18.0.0) with JetifyTransform
Transforming firebase-components-18.0.0.aar (com.google.firebase:firebase-components:18.0.0) with ExtractAarTransform
Transforming firebase-components-18.0.0.aar (com.google.firebase:firebase-components:18.0.0) with AarTransform
Transforming interpolator-1.0.0.aar (androidx.interpolator:interpolator:1.0.0) with JetifyTransform
Transforming interpolator-1.0.0.aar (androidx.interpolator:interpolator:1.0.0) with ExtractAarTransform
Transforming interpolator-1.0.0.aar (androidx.interpolator:interpolator:1.0.0) with AarTransform
Transforming interpolator-1.0.0.aar (androidx.interpolator:interpolator:1.0.0) with JetifyTransform
Transforming interpolator-1.0.0.aar (androidx.interpolator:interpolator:1.0.0) with ExtractAarTransform
Transforming interpolator-1.0.0.aar (androidx.interpolator:interpolator:1.0.0) with AarTransform
Transforming versionedparcelable-1.1.1.aar (androidx.versionedparcelable:versionedparcelable:1.1.1) with JetifyTransform
Transforming versionedparcelable-1.1.1.aar (androidx.versionedparcelable:versionedparcelable:1.1.1) with ExtractAarTransform
Transforming versionedparcelable-1.1.1.aar (androidx.versionedparcelable:versionedparcelable:1.1.1) with AarTransform
Transforming documentfile-1.0.0.aar (androidx.documentfile:documentfile:1.0.0) with JetifyTransform
Transforming documentfile-1.0.0.aar (androidx.documentfile:documentfile:1.0.0) with ExtractAarTransform
Transforming documentfile-1.0.0.aar (androidx.documentfile:documentfile:1.0.0) with AarTransform
Transforming localbroadcastmanager-1.0.0.aar (androidx.localbroadcastmanager:localbroadcastmanager:1.0.0) with JetifyTransform
Transforming localbroadcastmanager-1.0.0.aar (androidx.localbroadcastmanager:localbroadcastmanager:1.0.0) with ExtractAarTransform
Transforming localbroadcastmanager-1.0.0.aar (androidx.localbroadcastmanager:localbroadcastmanager:1.0.0) with AarTransform
Transforming print-1.0.0.aar (androidx.print:print:1.0.0) with JetifyTransform
Transforming print-1.0.0.aar (androidx.print:print:1.0.0) with ExtractAarTransform
Transforming print-1.0.0.aar (androidx.print:print:1.0.0) with AarTransform
Transforming exifinterface-1.3.7.aar (androidx.exifinterface:exifinterface:1.3.7) with JetifyTransform
Transforming exifinterface-1.3.7.aar (androidx.exifinterface:exifinterface:1.3.7) with ExtractAarTransform
Transforming exifinterface-1.3.7.aar (androidx.exifinterface:exifinterface:1.3.7) with AarTransform
Transforming annotation-experimental-1.4.1.aar (androidx.annotation:annotation-experimental:1.4.1) with JetifyTransform
Transforming annotation-experimental-1.4.1.aar (androidx.annotation:annotation-experimental:1.4.1) with ExtractAarTransform
Transforming annotation-experimental-1.4.1.aar (androidx.annotation:annotation-experimental:1.4.1) with AarTransform
Transforming multidex-2.0.1.aar (androidx.multidex:multidex:2.0.1) with JetifyTransform
Transforming multidex-2.0.1.aar (androidx.multidex:multidex:2.0.1) with ExtractAarTransform
Transforming multidex-2.0.1.aar (androidx.multidex:multidex:2.0.1) with AarTransform
Transforming grpc-android-1.57.2.aar (io.grpc:grpc-android:1.57.2) with JetifyTransform
Transforming grpc-android-1.57.2.aar (io.grpc:grpc-android:1.57.2) with ExtractAarTransform
Transforming grpc-android-1.57.2.aar (io.grpc:grpc-android:1.57.2) with AarTransform
Transforming zxing-android-embedded-4.3.0.aar (com.journeyapps:zxing-android-embedded:4.3.0) with JetifyTransform
Transforming zxing-android-embedded-4.3.0.aar (com.journeyapps:zxing-android-embedded:4.3.0) with ExtractAarTransform
Transforming zxing-android-embedded-4.3.0.aar (com.journeyapps:zxing-android-embedded:4.3.0) with AarTransform
Transforming dagger-lint-aar-2.51.1.aar (com.google.dagger:dagger-lint-aar:2.51.1) with JetifyTransform
Transforming dagger-lint-aar-2.51.1.aar (com.google.dagger:dagger-lint-aar:2.51.1) with ExtractAarTransform
Transforming dagger-lint-aar-2.51.1.aar (com.google.dagger:dagger-lint-aar:2.51.1) with AarTransform
Transforming protolite-well-known-types-18.0.0.aar (com.google.firebase:protolite-well-known-types:18.0.0) with JetifyTransform
Transforming protolite-well-known-types-18.0.0.aar (com.google.firebase:protolite-well-known-types:18.0.0) with ExtractAarTransform
Transforming protolite-well-known-types-18.0.0.aar (com.google.firebase:protolite-well-known-types:18.0.0) with AarTransform
Build cache key for task ':app:mergeDebugResources' is 9142e3660612dab90ba7d62d752e0075
Skipping task ':app:mergeDebugResources' as it is up-to-date.
Resolve mutations for :app:packageDebugResources (Thread[#72,included builds,5,main]) started.
:app:packageDebugResources (Thread[#72,included builds,5,main]) started.

> Task :app:packageDebugResources UP-TO-DATE
Build cache key for task ':app:packageDebugResources' is 0d6c9827b86fa175e0690c36c2e263ff
Skipping task ':app:packageDebugResources' as it is up-to-date.
Resolve mutations for :app:parseDebugLocalResources (Thread[#72,included builds,5,main]) started.
:app:parseDebugLocalResources (Thread[#72,included builds,5,main]) started.

> Task :app:parseDebugLocalResources UP-TO-DATE
Transforming android.jar with PlatformAttrTransform
Transforming android.jar with PlatformAttrTransform
Build cache key for task ':app:parseDebugLocalResources' is 8c5baafb8d5cf59a6c016ea3db4c117a
Skipping task ':app:parseDebugLocalResources' as it is up-to-date.
Resolve mutations for :app:dataBindingGenBaseClassesDebug (Thread[#72,included builds,5,main]) started.
:app:dataBindingGenBaseClassesDebug (Thread[#75,Execution worker Thread 3,5,main]) started.

> Task :app:dataBindingGenBaseClassesDebug UP-TO-DATE
Transforming viewbinding-8.7.1.aar (androidx.databinding:viewbinding:8.7.1) with JetifyTransform
Transforming viewbinding-8.7.1.aar (androidx.databinding:viewbinding:8.7.1) with ExtractAarTransform
Transforming viewbinding-8.7.1.aar (androidx.databinding:viewbinding:8.7.1) with LibrarySymbolTableTransform
Transforming material-1.12.0.aar (com.google.android.material:material:1.12.0) with JetifyTransform
Transforming material-1.12.0.aar (com.google.android.material:material:1.12.0) with ExtractAarTransform
Transforming material-1.12.0.aar (com.google.android.material:material:1.12.0) with LibrarySymbolTableTransform
Transforming constraintlayout-2.1.4.aar (androidx.constraintlayout:constraintlayout:2.1.4) with JetifyTransform
Transforming constraintlayout-2.1.4.aar (androidx.constraintlayout:constraintlayout:2.1.4) with ExtractAarTransform
Transforming constraintlayout-2.1.4.aar (androidx.constraintlayout:constraintlayout:2.1.4) with LibrarySymbolTableTransform
Transforming coil-compose-2.6.0.aar (io.coil-kt:coil-compose:2.6.0) with JetifyTransform
Transforming coil-compose-2.6.0.aar (io.coil-kt:coil-compose:2.6.0) with ExtractAarTransform
Transforming coil-compose-2.6.0.aar (io.coil-kt:coil-compose:2.6.0) with LibrarySymbolTableTransform
Transforming coil-compose-base-2.6.0.aar (io.coil-kt:coil-compose-base:2.6.0) with JetifyTransform
Transforming coil-compose-base-2.6.0.aar (io.coil-kt:coil-compose-base:2.6.0) with ExtractAarTransform
Transforming coil-compose-base-2.6.0.aar (io.coil-kt:coil-compose-base:2.6.0) with LibrarySymbolTableTransform
Transforming coil-2.6.0.aar (io.coil-kt:coil:2.6.0) with JetifyTransform
Transforming coil-2.6.0.aar (io.coil-kt:coil:2.6.0) with ExtractAarTransform
Transforming coil-2.6.0.aar (io.coil-kt:coil:2.6.0) with LibrarySymbolTableTransform
Transforming coil-base-2.6.0.aar (io.coil-kt:coil-base:2.6.0) with JetifyTransform
Transforming coil-base-2.6.0.aar (io.coil-kt:coil-base:2.6.0) with ExtractAarTransform
Transforming coil-base-2.6.0.aar (io.coil-kt:coil-base:2.6.0) with LibrarySymbolTableTransform
Transforming appcompat-resources-1.7.0.aar (androidx.appcompat:appcompat-resources:1.7.0) with JetifyTransform
Transforming appcompat-resources-1.7.0.aar (androidx.appcompat:appcompat-resources:1.7.0) with ExtractAarTransform
Transforming appcompat-resources-1.7.0.aar (androidx.appcompat:appcompat-resources:1.7.0) with LibrarySymbolTableTransform
Transforming preference-ktx-1.2.1.aar (androidx.preference:preference-ktx:1.2.1) with JetifyTransform
Transforming preference-ktx-1.2.1.aar (androidx.preference:preference-ktx:1.2.1) with ExtractAarTransform
Transforming preference-ktx-1.2.1.aar (androidx.preference:preference-ktx:1.2.1) with LibrarySymbolTableTransform
Transforming preference-1.2.1.aar (androidx.preference:preference:1.2.1) with JetifyTransform
Transforming preference-1.2.1.aar (androidx.preference:preference:1.2.1) with ExtractAarTransform
Transforming preference-1.2.1.aar (androidx.preference:preference:1.2.1) with LibrarySymbolTableTransform
Transforming appcompat-1.7.0.aar (androidx.appcompat:appcompat:1.7.0) with JetifyTransform
Transforming appcompat-1.7.0.aar (androidx.appcompat:appcompat:1.7.0) with ExtractAarTransform
Transforming appcompat-1.7.0.aar (androidx.appcompat:appcompat:1.7.0) with LibrarySymbolTableTransform
Transforming glide-4.16.0.aar (com.github.bumptech.glide:glide:4.16.0) with JetifyTransform
Transforming glide-4.16.0.aar (com.github.bumptech.glide:glide:4.16.0) with ExtractAarTransform
Transforming glide-4.16.0.aar (com.github.bumptech.glide:glide:4.16.0) with LibrarySymbolTableTransform
Transforming hilt-work-1.2.0.aar (androidx.hilt:hilt-work:1.2.0) with JetifyTransform
Transforming hilt-work-1.2.0.aar (androidx.hilt:hilt-work:1.2.0) with ExtractAarTransform
Transforming hilt-work-1.2.0.aar (androidx.hilt:hilt-work:1.2.0) with LibrarySymbolTableTransform
Transforming hilt-android-2.51.1.aar (com.google.dagger:hilt-android:2.51.1) with JetifyTransform
Transforming hilt-android-2.51.1.aar (com.google.dagger:hilt-android:2.51.1) with ExtractAarTransform
Transforming hilt-android-2.51.1.aar (com.google.dagger:hilt-android:2.51.1) with LibrarySymbolTableTransform
Transforming media3-exoplayer-hls-1.4.1.aar (androidx.media3:media3-exoplayer-hls:1.4.1) with JetifyTransform
Transforming media3-exoplayer-hls-1.4.1.aar (androidx.media3:media3-exoplayer-hls:1.4.1) with ExtractAarTransform
Transforming media3-exoplayer-hls-1.4.1.aar (androidx.media3:media3-exoplayer-hls:1.4.1) with LibrarySymbolTableTransform
Transforming media3-exoplayer-1.4.1.aar (androidx.media3:media3-exoplayer:1.4.1) with JetifyTransform
Transforming media3-exoplayer-1.4.1.aar (androidx.media3:media3-exoplayer:1.4.1) with ExtractAarTransform
Transforming media3-exoplayer-1.4.1.aar (androidx.media3:media3-exoplayer:1.4.1) with LibrarySymbolTableTransform
Transforming media3-datasource-okhttp-1.4.1.aar (androidx.media3:media3-datasource-okhttp:1.4.1) with JetifyTransform
Transforming media3-datasource-okhttp-1.4.1.aar (androidx.media3:media3-datasource-okhttp:1.4.1) with ExtractAarTransform
Transforming media3-datasource-okhttp-1.4.1.aar (androidx.media3:media3-datasource-okhttp:1.4.1) with LibrarySymbolTableTransform
Transforming media3-extractor-1.4.1.aar (androidx.media3:media3-extractor:1.4.1) with JetifyTransform
Transforming media3-extractor-1.4.1.aar (androidx.media3:media3-extractor:1.4.1) with ExtractAarTransform
Transforming media3-extractor-1.4.1.aar (androidx.media3:media3-extractor:1.4.1) with LibrarySymbolTableTransform
Transforming media3-container-1.4.1.aar (androidx.media3:media3-container:1.4.1) with JetifyTransform
Transforming media3-container-1.4.1.aar (androidx.media3:media3-container:1.4.1) with ExtractAarTransform
Transforming media3-container-1.4.1.aar (androidx.media3:media3-container:1.4.1) with LibrarySymbolTableTransform
Transforming media3-datasource-1.4.1.aar (androidx.media3:media3-datasource:1.4.1) with JetifyTransform
Transforming media3-datasource-1.4.1.aar (androidx.media3:media3-datasource:1.4.1) with ExtractAarTransform
Transforming media3-datasource-1.4.1.aar (androidx.media3:media3-datasource:1.4.1) with LibrarySymbolTableTransform
Transforming media3-decoder-1.4.1.aar (androidx.media3:media3-decoder:1.4.1) with JetifyTransform
Transforming media3-decoder-1.4.1.aar (androidx.media3:media3-decoder:1.4.1) with ExtractAarTransform
Transforming media3-decoder-1.4.1.aar (androidx.media3:media3-decoder:1.4.1) with LibrarySymbolTableTransform
Transforming media3-database-1.4.1.aar (androidx.media3:media3-database:1.4.1) with JetifyTransform
Transforming media3-database-1.4.1.aar (androidx.media3:media3-database:1.4.1) with ExtractAarTransform
Transforming media3-database-1.4.1.aar (androidx.media3:media3-database:1.4.1) with LibrarySymbolTableTransform
Transforming media3-common-1.4.1.aar (androidx.media3:media3-common:1.4.1) with JetifyTransform
Transforming media3-common-1.4.1.aar (androidx.media3:media3-common:1.4.1) with ExtractAarTransform
Transforming media3-common-1.4.1.aar (androidx.media3:media3-common:1.4.1) with LibrarySymbolTableTransform
Transforming media3-ui-1.4.1.aar (androidx.media3:media3-ui:1.4.1) with JetifyTransform
Transforming media3-ui-1.4.1.aar (androidx.media3:media3-ui:1.4.1) with ExtractAarTransform
Transforming media3-ui-1.4.1.aar (androidx.media3:media3-ui:1.4.1) with LibrarySymbolTableTransform
Transforming work-runtime-ktx-2.9.1.aar (androidx.work:work-runtime-ktx:2.9.1) with JetifyTransform
Transforming work-runtime-ktx-2.9.1.aar (androidx.work:work-runtime-ktx:2.9.1) with ExtractAarTransform
Transforming work-runtime-ktx-2.9.1.aar (androidx.work:work-runtime-ktx:2.9.1) with LibrarySymbolTableTransform
Transforming work-runtime-2.9.1.aar (androidx.work:work-runtime:2.9.1) with JetifyTransform
Transforming work-runtime-2.9.1.aar (androidx.work:work-runtime:2.9.1) with ExtractAarTransform
Transforming work-runtime-2.9.1.aar (androidx.work:work-runtime:2.9.1) with LibrarySymbolTableTransform
Transforming room-ktx-2.6.1.aar (androidx.room:room-ktx:2.6.1) with JetifyTransform
Transforming room-ktx-2.6.1.aar (androidx.room:room-ktx:2.6.1) with ExtractAarTransform
Transforming room-ktx-2.6.1.aar (androidx.room:room-ktx:2.6.1) with LibrarySymbolTableTransform
Transforming room-runtime-2.6.1.aar (androidx.room:room-runtime:2.6.1) with JetifyTransform
Transforming room-runtime-2.6.1.aar (androidx.room:room-runtime:2.6.1) with ExtractAarTransform
Transforming room-runtime-2.6.1.aar (androidx.room:room-runtime:2.6.1) with LibrarySymbolTableTransform
Transforming room-paging-2.6.1.aar (androidx.room:room-paging:2.6.1) with JetifyTransform
Transforming room-paging-2.6.1.aar (androidx.room:room-paging:2.6.1) with ExtractAarTransform
Transforming room-paging-2.6.1.aar (androidx.room:room-paging:2.6.1) with LibrarySymbolTableTransform
Transforming paging-common-release.aar (androidx.paging:paging-common-android:3.3.2) with JetifyTransform
Transforming paging-common-release.aar (androidx.paging:paging-common-android:3.3.2) with ExtractAarTransform
Transforming paging-common-release.aar (androidx.paging:paging-common-android:3.3.2) with LibrarySymbolTableTransform
Transforming paging-runtime-ktx-3.3.2.aar (androidx.paging:paging-runtime-ktx:3.3.2) with JetifyTransform
Transforming paging-runtime-ktx-3.3.2.aar (androidx.paging:paging-runtime-ktx:3.3.2) with ExtractAarTransform
Transforming paging-runtime-ktx-3.3.2.aar (androidx.paging:paging-runtime-ktx:3.3.2) with LibrarySymbolTableTransform
Transforming paging-runtime-3.3.2.aar (androidx.paging:paging-runtime:3.3.2) with JetifyTransform
Transforming paging-runtime-3.3.2.aar (androidx.paging:paging-runtime:3.3.2) with ExtractAarTransform
Transforming paging-runtime-3.3.2.aar (androidx.paging:paging-runtime:3.3.2) with LibrarySymbolTableTransform
Transforming recyclerview-1.3.2.aar (androidx.recyclerview:recyclerview:1.3.2) with JetifyTransform
Transforming recyclerview-1.3.2.aar (androidx.recyclerview:recyclerview:1.3.2) with ExtractAarTransform
Transforming recyclerview-1.3.2.aar (androidx.recyclerview:recyclerview:1.3.2) with LibrarySymbolTableTransform
Transforming viewpager2-1.1.0-beta02.aar (androidx.viewpager2:viewpager2:1.1.0-beta02) with JetifyTransform
Transforming viewpager2-1.1.0-beta02.aar (androidx.viewpager2:viewpager2:1.1.0-beta02) with ExtractAarTransform
Transforming viewpager2-1.1.0-beta02.aar (androidx.viewpager2:viewpager2:1.1.0-beta02) with LibrarySymbolTableTransform
Transforming firebase-firestore-ktx-25.0.0.aar (com.google.firebase:firebase-firestore-ktx:25.0.0) with JetifyTransform
Transforming firebase-firestore-ktx-25.0.0.aar (com.google.firebase:firebase-firestore-ktx:25.0.0) with ExtractAarTransform
Transforming firebase-firestore-ktx-25.0.0.aar (com.google.firebase:firebase-firestore-ktx:25.0.0) with LibrarySymbolTableTransform
Transforming firebase-firestore-25.0.0.aar (com.google.firebase:firebase-firestore:25.0.0) with JetifyTransform
Transforming firebase-firestore-25.0.0.aar (com.google.firebase:firebase-firestore:25.0.0) with ExtractAarTransform
Transforming firebase-firestore-25.0.0.aar (com.google.firebase:firebase-firestore:25.0.0) with LibrarySymbolTableTransform
Transforming firebase-appcheck-interop-17.0.0.aar (com.google.firebase:firebase-appcheck-interop:17.0.0) with JetifyTransform
Transforming firebase-appcheck-interop-17.0.0.aar (com.google.firebase:firebase-appcheck-interop:17.0.0) with ExtractAarTransform
Transforming firebase-appcheck-interop-17.0.0.aar (com.google.firebase:firebase-appcheck-interop:17.0.0) with LibrarySymbolTableTransform
Transforming firebase-database-collection-18.0.1.aar (com.google.firebase:firebase-database-collection:18.0.1) with JetifyTransform
Transforming firebase-database-collection-18.0.1.aar (com.google.firebase:firebase-database-collection:18.0.1) with ExtractAarTransform
Transforming firebase-database-collection-18.0.1.aar (com.google.firebase:firebase-database-collection:18.0.1) with LibrarySymbolTableTransform
Transforming play-services-base-18.0.1.aar (com.google.android.gms:play-services-base:18.0.1) with JetifyTransform
Transforming play-services-base-18.0.1.aar (com.google.android.gms:play-services-base:18.0.1) with ExtractAarTransform
Transforming play-services-base-18.0.1.aar (com.google.android.gms:play-services-base:18.0.1) with LibrarySymbolTableTransform
Transforming play-services-base-18.0.1.aar (com.google.android.gms:play-services-base:18.0.1) with JetifyTransform
Transforming play-services-base-18.0.1.aar (com.google.android.gms:play-services-base:18.0.1) with ExtractAarTransform
Transforming play-services-base-18.0.1.aar (com.google.android.gms:play-services-base:18.0.1) with LibrarySymbolTableTransform
Transforming play-services-base-18.0.1.aar (com.google.android.gms:play-services-base:18.0.1) with JetifyTransform
Transforming play-services-base-18.0.1.aar (com.google.android.gms:play-services-base:18.0.1) with ExtractAarTransform
Transforming play-services-base-18.0.1.aar (com.google.android.gms:play-services-base:18.0.1) with LibrarySymbolTableTransform
Transforming firebase-analytics-ktx-22.0.2.aar (com.google.firebase:firebase-analytics-ktx:22.0.2) with JetifyTransform
Transforming firebase-analytics-ktx-22.0.2.aar (com.google.firebase:firebase-analytics-ktx:22.0.2) with ExtractAarTransform
Transforming firebase-analytics-ktx-22.0.2.aar (com.google.firebase:firebase-analytics-ktx:22.0.2) with LibrarySymbolTableTransform
Transforming firebase-analytics-22.0.2.aar (com.google.firebase:firebase-analytics:22.0.2) with JetifyTransform
Transforming firebase-analytics-22.0.2.aar (com.google.firebase:firebase-analytics:22.0.2) with ExtractAarTransform
Transforming firebase-analytics-22.0.2.aar (com.google.firebase:firebase-analytics:22.0.2) with LibrarySymbolTableTransform
Transforming play-services-measurement-api-22.0.2.aar (com.google.android.gms:play-services-measurement-api:22.0.2) with JetifyTransform
Transforming play-services-measurement-api-22.0.2.aar (com.google.android.gms:play-services-measurement-api:22.0.2) with ExtractAarTransform
Transforming play-services-measurement-api-22.0.2.aar (com.google.android.gms:play-services-measurement-api:22.0.2) with LibrarySymbolTableTransform
Transforming firebase-installations-18.0.0.aar (com.google.firebase:firebase-installations:18.0.0) with JetifyTransform
Transforming firebase-installations-18.0.0.aar (com.google.firebase:firebase-installations:18.0.0) with ExtractAarTransform
Transforming firebase-installations-18.0.0.aar (com.google.firebase:firebase-installations:18.0.0) with LibrarySymbolTableTransform
Transforming firebase-common-ktx-21.0.0.aar (com.google.firebase:firebase-common-ktx:21.0.0) with JetifyTransform
Transforming firebase-common-ktx-21.0.0.aar (com.google.firebase:firebase-common-ktx:21.0.0) with ExtractAarTransform
Transforming firebase-common-ktx-21.0.0.aar (com.google.firebase:firebase-common-ktx:21.0.0) with LibrarySymbolTableTransform
Transforming firebase-common-ktx-21.0.0.aar (com.google.firebase:firebase-common-ktx:21.0.0) with JetifyTransform
Transforming firebase-common-ktx-21.0.0.aar (com.google.firebase:firebase-common-ktx:21.0.0) with ExtractAarTransform
Transforming firebase-common-ktx-21.0.0.aar (com.google.firebase:firebase-common-ktx:21.0.0) with LibrarySymbolTableTransform
Transforming firebase-common-ktx-21.0.0.aar (com.google.firebase:firebase-common-ktx:21.0.0) with JetifyTransform
Transforming firebase-common-ktx-21.0.0.aar (com.google.firebase:firebase-common-ktx:21.0.0) with ExtractAarTransform
Transforming firebase-common-ktx-21.0.0.aar (com.google.firebase:firebase-common-ktx:21.0.0) with LibrarySymbolTableTransform
Transforming firebase-common-ktx-21.0.0.aar (com.google.firebase:firebase-common-ktx:21.0.0) with JetifyTransform
Transforming firebase-common-ktx-21.0.0.aar (com.google.firebase:firebase-common-ktx:21.0.0) with ExtractAarTransform
Transforming firebase-common-ktx-21.0.0.aar (com.google.firebase:firebase-common-ktx:21.0.0) with LibrarySymbolTableTransform
Transforming firebase-common-ktx-21.0.0.aar (com.google.firebase:firebase-common-ktx:21.0.0) with JetifyTransform
Transforming firebase-common-ktx-21.0.0.aar (com.google.firebase:firebase-common-ktx:21.0.0) with ExtractAarTransform
Transforming firebase-common-ktx-21.0.0.aar (com.google.firebase:firebase-common-ktx:21.0.0) with LibrarySymbolTableTransform
Transforming firebase-common-21.0.0.aar (com.google.firebase:firebase-common:21.0.0) with JetifyTransform
Transforming firebase-common-21.0.0.aar (com.google.firebase:firebase-common:21.0.0) with ExtractAarTransform
Transforming firebase-common-21.0.0.aar (com.google.firebase:firebase-common:21.0.0) with LibrarySymbolTableTransform
Transforming firebase-common-21.0.0.aar (com.google.firebase:firebase-common:21.0.0) with JetifyTransform
Transforming firebase-common-21.0.0.aar (com.google.firebase:firebase-common:21.0.0) with ExtractAarTransform
Transforming firebase-common-21.0.0.aar (com.google.firebase:firebase-common:21.0.0) with LibrarySymbolTableTransform
Transforming firebase-common-21.0.0.aar (com.google.firebase:firebase-common:21.0.0) with JetifyTransform
Transforming firebase-common-21.0.0.aar (com.google.firebase:firebase-common:21.0.0) with ExtractAarTransform
Transforming firebase-common-21.0.0.aar (com.google.firebase:firebase-common:21.0.0) with LibrarySymbolTableTransform
Transforming firebase-common-21.0.0.aar (com.google.firebase:firebase-common:21.0.0) with JetifyTransform
Transforming firebase-common-21.0.0.aar (com.google.firebase:firebase-common:21.0.0) with ExtractAarTransform
Transforming firebase-common-21.0.0.aar (com.google.firebase:firebase-common:21.0.0) with LibrarySymbolTableTransform
Transforming firebase-common-21.0.0.aar (com.google.firebase:firebase-common:21.0.0) with JetifyTransform
Transforming firebase-common-21.0.0.aar (com.google.firebase:firebase-common:21.0.0) with ExtractAarTransform
Transforming firebase-common-21.0.0.aar (com.google.firebase:firebase-common:21.0.0) with LibrarySymbolTableTransform
Transforming firebase-common-21.0.0.aar (com.google.firebase:firebase-common:21.0.0) with JetifyTransform
Transforming firebase-common-21.0.0.aar (com.google.firebase:firebase-common:21.0.0) with ExtractAarTransform
Transforming firebase-common-21.0.0.aar (com.google.firebase:firebase-common:21.0.0) with LibrarySymbolTableTransform
Transforming play-services-measurement-22.0.2.aar (com.google.android.gms:play-services-measurement:22.0.2) with JetifyTransform
Transforming play-services-measurement-22.0.2.aar (com.google.android.gms:play-services-measurement:22.0.2) with ExtractAarTransform
Transforming play-services-measurement-22.0.2.aar (com.google.android.gms:play-services-measurement:22.0.2) with LibrarySymbolTableTransform
Transforming play-services-measurement-sdk-22.0.2.aar (com.google.android.gms:play-services-measurement-sdk:22.0.2) with JetifyTransform
Transforming play-services-measurement-sdk-22.0.2.aar (com.google.android.gms:play-services-measurement-sdk:22.0.2) with ExtractAarTransform
Transforming play-services-measurement-sdk-22.0.2.aar (com.google.android.gms:play-services-measurement-sdk:22.0.2) with LibrarySymbolTableTransform
Transforming firebase-auth-interop-19.0.2.aar (com.google.firebase:firebase-auth-interop:19.0.2) with JetifyTransform
Transforming firebase-auth-interop-19.0.2.aar (com.google.firebase:firebase-auth-interop:19.0.2) with ExtractAarTransform
Transforming firebase-auth-interop-19.0.2.aar (com.google.firebase:firebase-auth-interop:19.0.2) with LibrarySymbolTableTransform
Transforming play-services-measurement-impl-22.0.2.aar (com.google.android.gms:play-services-measurement-impl:22.0.2) with JetifyTransform
Transforming play-services-measurement-impl-22.0.2.aar (com.google.android.gms:play-services-measurement-impl:22.0.2) with ExtractAarTransform
Transforming play-services-measurement-impl-22.0.2.aar (com.google.android.gms:play-services-measurement-impl:22.0.2) with LibrarySymbolTableTransform
Transforming play-services-measurement-impl-22.0.2.aar (com.google.android.gms:play-services-measurement-impl:22.0.2) with JetifyTransform
Transforming play-services-measurement-impl-22.0.2.aar (com.google.android.gms:play-services-measurement-impl:22.0.2) with ExtractAarTransform
Transforming play-services-measurement-impl-22.0.2.aar (com.google.android.gms:play-services-measurement-impl:22.0.2) with LibrarySymbolTableTransform
Transforming play-services-ads-identifier-18.0.0.aar (com.google.android.gms:play-services-ads-identifier:18.0.0) with JetifyTransform
Transforming play-services-ads-identifier-18.0.0.aar (com.google.android.gms:play-services-ads-identifier:18.0.0) with ExtractAarTransform
Transforming play-services-ads-identifier-18.0.0.aar (com.google.android.gms:play-services-ads-identifier:18.0.0) with LibrarySymbolTableTransform
Transforming play-services-ads-identifier-18.0.0.aar (com.google.android.gms:play-services-ads-identifier:18.0.0) with JetifyTransform
Transforming play-services-ads-identifier-18.0.0.aar (com.google.android.gms:play-services-ads-identifier:18.0.0) with ExtractAarTransform
Transforming play-services-ads-identifier-18.0.0.aar (com.google.android.gms:play-services-ads-identifier:18.0.0) with LibrarySymbolTableTransform
Transforming play-services-ads-identifier-18.0.0.aar (com.google.android.gms:play-services-ads-identifier:18.0.0) with JetifyTransform
Transforming play-services-ads-identifier-18.0.0.aar (com.google.android.gms:play-services-ads-identifier:18.0.0) with ExtractAarTransform
Transforming play-services-ads-identifier-18.0.0.aar (com.google.android.gms:play-services-ads-identifier:18.0.0) with LibrarySymbolTableTransform
Transforming play-services-measurement-sdk-api-22.0.2.aar (com.google.android.gms:play-services-measurement-sdk-api:22.0.2) with JetifyTransform
Transforming play-services-measurement-sdk-api-22.0.2.aar (com.google.android.gms:play-services-measurement-sdk-api:22.0.2) with ExtractAarTransform
Transforming play-services-measurement-sdk-api-22.0.2.aar (com.google.android.gms:play-services-measurement-sdk-api:22.0.2) with LibrarySymbolTableTransform
Transforming play-services-measurement-base-22.0.2.aar (com.google.android.gms:play-services-measurement-base:22.0.2) with JetifyTransform
Transforming play-services-measurement-base-22.0.2.aar (com.google.android.gms:play-services-measurement-base:22.0.2) with ExtractAarTransform
Transforming play-services-measurement-base-22.0.2.aar (com.google.android.gms:play-services-measurement-base:22.0.2) with LibrarySymbolTableTransform
Transforming play-services-measurement-base-22.0.2.aar (com.google.android.gms:play-services-measurement-base:22.0.2) with JetifyTransform
Transforming play-services-measurement-base-22.0.2.aar (com.google.android.gms:play-services-measurement-base:22.0.2) with ExtractAarTransform
Transforming play-services-measurement-base-22.0.2.aar (com.google.android.gms:play-services-measurement-base:22.0.2) with LibrarySymbolTableTransform
Transforming play-services-measurement-base-22.0.2.aar (com.google.android.gms:play-services-measurement-base:22.0.2) with JetifyTransform
Transforming play-services-measurement-base-22.0.2.aar (com.google.android.gms:play-services-measurement-base:22.0.2) with ExtractAarTransform
Transforming play-services-measurement-base-22.0.2.aar (com.google.android.gms:play-services-measurement-base:22.0.2) with LibrarySymbolTableTransform
Transforming play-services-measurement-base-22.0.2.aar (com.google.android.gms:play-services-measurement-base:22.0.2) with JetifyTransform
Transforming play-services-measurement-base-22.0.2.aar (com.google.android.gms:play-services-measurement-base:22.0.2) with ExtractAarTransform
Transforming play-services-measurement-base-22.0.2.aar (com.google.android.gms:play-services-measurement-base:22.0.2) with LibrarySymbolTableTransform
Transforming play-services-measurement-base-22.0.2.aar (com.google.android.gms:play-services-measurement-base:22.0.2) with JetifyTransform
Transforming play-services-measurement-base-22.0.2.aar (com.google.android.gms:play-services-measurement-base:22.0.2) with ExtractAarTransform
Transforming play-services-measurement-base-22.0.2.aar (com.google.android.gms:play-services-measurement-base:22.0.2) with LibrarySymbolTableTransform
Transforming play-services-stats-17.0.2.aar (com.google.android.gms:play-services-stats:17.0.2) with JetifyTransform
Transforming play-services-stats-17.0.2.aar (com.google.android.gms:play-services-stats:17.0.2) with ExtractAarTransform
Transforming play-services-stats-17.0.2.aar (com.google.android.gms:play-services-stats:17.0.2) with LibrarySymbolTableTransform
Transforming play-services-stats-17.0.2.aar (com.google.android.gms:play-services-stats:17.0.2) with JetifyTransform
Transforming play-services-stats-17.0.2.aar (com.google.android.gms:play-services-stats:17.0.2) with ExtractAarTransform
Transforming play-services-stats-17.0.2.aar (com.google.android.gms:play-services-stats:17.0.2) with LibrarySymbolTableTransform
Transforming material3-release.aar (androidx.compose.material3:material3-android:1.2.0) with JetifyTransform
Transforming material3-release.aar (androidx.compose.material3:material3-android:1.2.0) with ExtractAarTransform
Transforming material3-release.aar (androidx.compose.material3:material3-android:1.2.0) with LibrarySymbolTableTransform
Transforming material-ripple-release.aar (androidx.compose.material:material-ripple-android:1.6.2) with JetifyTransform
Transforming material-ripple-release.aar (androidx.compose.material:material-ripple-android:1.6.2) with ExtractAarTransform
Transforming material-ripple-release.aar (androidx.compose.material:material-ripple-android:1.6.2) with LibrarySymbolTableTransform
Transforming material-icons-core-release.aar (androidx.compose.material:material-icons-core-android:1.6.2) with JetifyTransform
Transforming material-icons-core-release.aar (androidx.compose.material:material-icons-core-android:1.6.2) with ExtractAarTransform
Transforming material-icons-core-release.aar (androidx.compose.material:material-icons-core-android:1.6.2) with LibrarySymbolTableTransform
Transforming material-release.aar (androidx.compose.material:material-android:1.6.2) with JetifyTransform
Transforming material-release.aar (androidx.compose.material:material-android:1.6.2) with ExtractAarTransform
Transforming material-release.aar (androidx.compose.material:material-android:1.6.2) with LibrarySymbolTableTransform
Transforming animation-core-release.aar (androidx.compose.animation:animation-core-android:1.6.2) with JetifyTransform
Transforming animation-core-release.aar (androidx.compose.animation:animation-core-android:1.6.2) with ExtractAarTransform
Transforming animation-core-release.aar (androidx.compose.animation:animation-core-android:1.6.2) with LibrarySymbolTableTransform
Transforming animation-release.aar (androidx.compose.animation:animation-android:1.6.2) with JetifyTransform
Transforming animation-release.aar (androidx.compose.animation:animation-android:1.6.2) with ExtractAarTransform
Transforming animation-release.aar (androidx.compose.animation:animation-android:1.6.2) with LibrarySymbolTableTransform
Transforming foundation-layout-release.aar (androidx.compose.foundation:foundation-layout-android:1.6.2) with JetifyTransform
Transforming foundation-layout-release.aar (androidx.compose.foundation:foundation-layout-android:1.6.2) with ExtractAarTransform
Transforming foundation-layout-release.aar (androidx.compose.foundation:foundation-layout-android:1.6.2) with LibrarySymbolTableTransform
Transforming foundation-release.aar (androidx.compose.foundation:foundation-android:1.6.2) with JetifyTransform
Transforming foundation-release.aar (androidx.compose.foundation:foundation-android:1.6.2) with ExtractAarTransform
Transforming foundation-release.aar (androidx.compose.foundation:foundation-android:1.6.2) with LibrarySymbolTableTransform
Transforming ui-tooling-data-release.aar (androidx.compose.ui:ui-tooling-data-android:1.6.2) with JetifyTransform
Transforming ui-tooling-data-release.aar (androidx.compose.ui:ui-tooling-data-android:1.6.2) with ExtractAarTransform
Transforming ui-tooling-data-release.aar (androidx.compose.ui:ui-tooling-data-android:1.6.2) with LibrarySymbolTableTransform
Transforming ui-unit-release.aar (androidx.compose.ui:ui-unit-android:1.6.2) with JetifyTransform
Transforming ui-unit-release.aar (androidx.compose.ui:ui-unit-android:1.6.2) with ExtractAarTransform
Transforming ui-unit-release.aar (androidx.compose.ui:ui-unit-android:1.6.2) with LibrarySymbolTableTransform
Transforming ui-geometry-release.aar (androidx.compose.ui:ui-geometry-android:1.6.2) with JetifyTransform
Transforming ui-geometry-release.aar (androidx.compose.ui:ui-geometry-android:1.6.2) with ExtractAarTransform
Transforming ui-geometry-release.aar (androidx.compose.ui:ui-geometry-android:1.6.2) with LibrarySymbolTableTransform
Transforming ui-util-release.aar (androidx.compose.ui:ui-util-android:1.6.2) with JetifyTransform
Transforming ui-util-release.aar (androidx.compose.ui:ui-util-android:1.6.2) with ExtractAarTransform
Transforming ui-util-release.aar (androidx.compose.ui:ui-util-android:1.6.2) with LibrarySymbolTableTransform
Transforming ui-text-release.aar (androidx.compose.ui:ui-text-android:1.6.2) with JetifyTransform
Transforming ui-text-release.aar (androidx.compose.ui:ui-text-android:1.6.2) with ExtractAarTransform
Transforming ui-text-release.aar (androidx.compose.ui:ui-text-android:1.6.2) with LibrarySymbolTableTransform
Transforming ui-tooling-preview-release.aar (androidx.compose.ui:ui-tooling-preview-android:1.6.2) with JetifyTransform
Transforming ui-tooling-preview-release.aar (androidx.compose.ui:ui-tooling-preview-android:1.6.2) with ExtractAarTransform
Transforming ui-tooling-preview-release.aar (androidx.compose.ui:ui-tooling-preview-android:1.6.2) with LibrarySymbolTableTransform
Transforming ui-graphics-release.aar (androidx.compose.ui:ui-graphics-android:1.6.2) with JetifyTransform
Transforming ui-graphics-release.aar (androidx.compose.ui:ui-graphics-android:1.6.2) with ExtractAarTransform
Transforming ui-graphics-release.aar (androidx.compose.ui:ui-graphics-android:1.6.2) with LibrarySymbolTableTransform
Transforming ui-tooling-release.aar (androidx.compose.ui:ui-tooling-android:1.6.2) with JetifyTransform
Transforming ui-tooling-release.aar (androidx.compose.ui:ui-tooling-android:1.6.2) with ExtractAarTransform
Transforming ui-tooling-release.aar (androidx.compose.ui:ui-tooling-android:1.6.2) with LibrarySymbolTableTransform
Transforming activity-compose-1.9.3.aar (androidx.activity:activity-compose:1.9.3) with JetifyTransform
Transforming activity-compose-1.9.3.aar (androidx.activity:activity-compose:1.9.3) with ExtractAarTransform
Transforming activity-compose-1.9.3.aar (androidx.activity:activity-compose:1.9.3) with LibrarySymbolTableTransform
Transforming emoji2-views-helper-1.3.0.aar (androidx.emoji2:emoji2-views-helper:1.3.0) with JetifyTransform
Transforming emoji2-views-helper-1.3.0.aar (androidx.emoji2:emoji2-views-helper:1.3.0) with ExtractAarTransform
Transforming emoji2-views-helper-1.3.0.aar (androidx.emoji2:emoji2-views-helper:1.3.0) with LibrarySymbolTableTransform
Transforming emoji2-1.3.0.aar (androidx.emoji2:emoji2:1.3.0) with JetifyTransform
Transforming emoji2-1.3.0.aar (androidx.emoji2:emoji2:1.3.0) with ExtractAarTransform
Transforming emoji2-1.3.0.aar (androidx.emoji2:emoji2:1.3.0) with LibrarySymbolTableTransform
Transforming slidingpanelayout-1.2.0.aar (androidx.slidingpanelayout:slidingpanelayout:1.2.0) with JetifyTransform
Transforming slidingpanelayout-1.2.0.aar (androidx.slidingpanelayout:slidingpanelayout:1.2.0) with ExtractAarTransform
Transforming slidingpanelayout-1.2.0.aar (androidx.slidingpanelayout:slidingpanelayout:1.2.0) with LibrarySymbolTableTransform
Transforming transition-1.5.0.aar (androidx.transition:transition:1.5.0) with JetifyTransform
Transforming transition-1.5.0.aar (androidx.transition:transition:1.5.0) with ExtractAarTransform
Transforming transition-1.5.0.aar (androidx.transition:transition:1.5.0) with LibrarySymbolTableTransform
Transforming dynamicanimation-1.0.0.aar (androidx.dynamicanimation:dynamicanimation:1.0.0) with JetifyTransform
Transforming dynamicanimation-1.0.0.aar (androidx.dynamicanimation:dynamicanimation:1.0.0) with ExtractAarTransform
Transforming dynamicanimation-1.0.0.aar (androidx.dynamicanimation:dynamicanimation:1.0.0) with LibrarySymbolTableTransform
Transforming legacy-support-core-utils-1.0.0.aar (androidx.legacy:legacy-support-core-utils:1.0.0) with JetifyTransform
Transforming legacy-support-core-utils-1.0.0.aar (androidx.legacy:legacy-support-core-utils:1.0.0) with ExtractAarTransform
Transforming legacy-support-core-utils-1.0.0.aar (androidx.legacy:legacy-support-core-utils:1.0.0) with LibrarySymbolTableTransform
Transforming legacy-support-core-utils-1.0.0.aar (androidx.legacy:legacy-support-core-utils:1.0.0) with JetifyTransform
Transforming legacy-support-core-utils-1.0.0.aar (androidx.legacy:legacy-support-core-utils:1.0.0) with ExtractAarTransform
Transforming legacy-support-core-utils-1.0.0.aar (androidx.legacy:legacy-support-core-utils:1.0.0) with LibrarySymbolTableTransform
Transforming legacy-support-core-utils-1.0.0.aar (androidx.legacy:legacy-support-core-utils:1.0.0) with JetifyTransform
Transforming legacy-support-core-utils-1.0.0.aar (androidx.legacy:legacy-support-core-utils:1.0.0) with ExtractAarTransform
Transforming legacy-support-core-utils-1.0.0.aar (androidx.legacy:legacy-support-core-utils:1.0.0) with LibrarySymbolTableTransform
Transforming loader-1.0.0.aar (androidx.loader:loader:1.0.0) with JetifyTransform
Transforming loader-1.0.0.aar (androidx.loader:loader:1.0.0) with ExtractAarTransform
Transforming loader-1.0.0.aar (androidx.loader:loader:1.0.0) with LibrarySymbolTableTransform
Transforming loader-1.0.0.aar (androidx.loader:loader:1.0.0) with JetifyTransform
Transforming loader-1.0.0.aar (androidx.loader:loader:1.0.0) with ExtractAarTransform
Transforming loader-1.0.0.aar (androidx.loader:loader:1.0.0) with LibrarySymbolTableTransform
Transforming drawerlayout-1.1.1.aar (androidx.drawerlayout:drawerlayout:1.1.1) with JetifyTransform
Transforming drawerlayout-1.1.1.aar (androidx.drawerlayout:drawerlayout:1.1.1) with ExtractAarTransform
Transforming drawerlayout-1.1.1.aar (androidx.drawerlayout:drawerlayout:1.1.1) with LibrarySymbolTableTransform
Transforming coordinatorlayout-1.1.0.aar (androidx.coordinatorlayout:coordinatorlayout:1.1.0) with JetifyTransform
Transforming coordinatorlayout-1.1.0.aar (androidx.coordinatorlayout:coordinatorlayout:1.1.0) with ExtractAarTransform
Transforming coordinatorlayout-1.1.0.aar (androidx.coordinatorlayout:coordinatorlayout:1.1.0) with LibrarySymbolTableTransform
Transforming vectordrawable-animated-1.1.0.aar (androidx.vectordrawable:vectordrawable-animated:1.1.0) with JetifyTransform
Transforming vectordrawable-animated-1.1.0.aar (androidx.vectordrawable:vectordrawable-animated:1.1.0) with ExtractAarTransform
Transforming vectordrawable-animated-1.1.0.aar (androidx.vectordrawable:vectordrawable-animated:1.1.0) with LibrarySymbolTableTransform
Transforming vectordrawable-1.1.0.aar (androidx.vectordrawable:vectordrawable:1.1.0) with JetifyTransform
Transforming vectordrawable-1.1.0.aar (androidx.vectordrawable:vectordrawable:1.1.0) with ExtractAarTransform
Transforming vectordrawable-1.1.0.aar (androidx.vectordrawable:vectordrawable:1.1.0) with LibrarySymbolTableTransform
Transforming vectordrawable-1.1.0.aar (androidx.vectordrawable:vectordrawable:1.1.0) with JetifyTransform
Transforming vectordrawable-1.1.0.aar (androidx.vectordrawable:vectordrawable:1.1.0) with ExtractAarTransform
Transforming vectordrawable-1.1.0.aar (androidx.vectordrawable:vectordrawable:1.1.0) with LibrarySymbolTableTransform
Transforming media-1.7.0.aar (androidx.media:media:1.7.0) with JetifyTransform
Transforming media-1.7.0.aar (androidx.media:media:1.7.0) with ExtractAarTransform
Transforming media-1.7.0.aar (androidx.media:media:1.7.0) with LibrarySymbolTableTransform
Transforming viewpager-1.0.0.aar (androidx.viewpager:viewpager:1.0.0) with JetifyTransform
Transforming viewpager-1.0.0.aar (androidx.viewpager:viewpager:1.0.0) with ExtractAarTransform
Transforming viewpager-1.0.0.aar (androidx.viewpager:viewpager:1.0.0) with LibrarySymbolTableTransform
Transforming customview-1.1.0.aar (androidx.customview:customview:1.1.0) with JetifyTransform
Transforming customview-1.1.0.aar (androidx.customview:customview:1.1.0) with ExtractAarTransform
Transforming customview-1.1.0.aar (androidx.customview:customview:1.1.0) with LibrarySymbolTableTransform
Transforming customview-1.1.0.aar (androidx.customview:customview:1.1.0) with JetifyTransform
Transforming customview-1.1.0.aar (androidx.customview:customview:1.1.0) with ExtractAarTransform
Transforming customview-1.1.0.aar (androidx.customview:customview:1.1.0) with LibrarySymbolTableTransform
Transforming customview-1.1.0.aar (androidx.customview:customview:1.1.0) with JetifyTransform
Transforming customview-1.1.0.aar (androidx.customview:customview:1.1.0) with ExtractAarTransform
Transforming customview-1.1.0.aar (androidx.customview:customview:1.1.0) with LibrarySymbolTableTransform
Transforming customview-1.1.0.aar (androidx.customview:customview:1.1.0) with JetifyTransform
Transforming customview-1.1.0.aar (androidx.customview:customview:1.1.0) with ExtractAarTransform
Transforming customview-1.1.0.aar (androidx.customview:customview:1.1.0) with LibrarySymbolTableTransform
Transforming autofill-1.0.0.aar (androidx.autofill:autofill:1.0.0) with JetifyTransform
Transforming autofill-1.0.0.aar (androidx.autofill:autofill:1.0.0) with ExtractAarTransform
Transforming autofill-1.0.0.aar (androidx.autofill:autofill:1.0.0) with LibrarySymbolTableTransform
Transforming window-1.0.0.aar (androidx.window:window:1.0.0) with JetifyTransform
Transforming window-1.0.0.aar (androidx.window:window:1.0.0) with ExtractAarTransform
Transforming window-1.0.0.aar (androidx.window:window:1.0.0) with LibrarySymbolTableTransform
Transforming core-1.13.1.aar (androidx.core:core:1.13.1) with JetifyTransform
Transforming core-1.13.1.aar (androidx.core:core:1.13.1) with ExtractAarTransform
Transforming core-1.13.1.aar (androidx.core:core:1.13.1) with LibrarySymbolTableTransform
Transforming core-1.13.1.aar (androidx.core:core:1.13.1) with JetifyTransform
Transforming core-1.13.1.aar (androidx.core:core:1.13.1) with ExtractAarTransform
Transforming core-1.13.1.aar (androidx.core:core:1.13.1) with LibrarySymbolTableTransform
Transforming core-1.13.1.aar (androidx.core:core:1.13.1) with JetifyTransform
Transforming core-1.13.1.aar (androidx.core:core:1.13.1) with ExtractAarTransform
Transforming core-1.13.1.aar (androidx.core:core:1.13.1) with LibrarySymbolTableTransform
Transforming core-1.13.1.aar (androidx.core:core:1.13.1) with JetifyTransform
Transforming core-1.13.1.aar (androidx.core:core:1.13.1) with ExtractAarTransform
Transforming core-1.13.1.aar (androidx.core:core:1.13.1) with LibrarySymbolTableTransform
Transforming core-1.13.1.aar (androidx.core:core:1.13.1) with JetifyTransform
Transforming core-1.13.1.aar (androidx.core:core:1.13.1) with ExtractAarTransform
Transforming core-1.13.1.aar (androidx.core:core:1.13.1) with LibrarySymbolTableTransform
Transforming core-1.13.1.aar (androidx.core:core:1.13.1) with JetifyTransform
Transforming core-1.13.1.aar (androidx.core:core:1.13.1) with ExtractAarTransform
Transforming core-1.13.1.aar (androidx.core:core:1.13.1) with LibrarySymbolTableTransform
Transforming core-1.13.1.aar (androidx.core:core:1.13.1) with JetifyTransform
Transforming core-1.13.1.aar (androidx.core:core:1.13.1) with ExtractAarTransform
Transforming core-1.13.1.aar (androidx.core:core:1.13.1) with LibrarySymbolTableTransform
Transforming core-1.13.1.aar (androidx.core:core:1.13.1) with JetifyTransform
Transforming core-1.13.1.aar (androidx.core:core:1.13.1) with ExtractAarTransform
Transforming core-1.13.1.aar (androidx.core:core:1.13.1) with LibrarySymbolTableTransform
Transforming core-1.13.1.aar (androidx.core:core:1.13.1) with JetifyTransform
Transforming core-1.13.1.aar (androidx.core:core:1.13.1) with ExtractAarTransform
Transforming core-1.13.1.aar (androidx.core:core:1.13.1) with LibrarySymbolTableTransform
Transforming core-1.13.1.aar (androidx.core:core:1.13.1) with JetifyTransform
Transforming core-1.13.1.aar (androidx.core:core:1.13.1) with ExtractAarTransform
Transforming core-1.13.1.aar (androidx.core:core:1.13.1) with LibrarySymbolTableTransform
Transforming core-1.13.1.aar (androidx.core:core:1.13.1) with JetifyTransform
Transforming core-1.13.1.aar (androidx.core:core:1.13.1) with ExtractAarTransform
Transforming core-1.13.1.aar (androidx.core:core:1.13.1) with LibrarySymbolTableTransform
Transforming core-1.13.1.aar (androidx.core:core:1.13.1) with JetifyTransform
Transforming core-1.13.1.aar (androidx.core:core:1.13.1) with ExtractAarTransform
Transforming core-1.13.1.aar (androidx.core:core:1.13.1) with LibrarySymbolTableTransform
Transforming core-1.13.1.aar (androidx.core:core:1.13.1) with JetifyTransform
Transforming core-1.13.1.aar (androidx.core:core:1.13.1) with ExtractAarTransform
Transforming core-1.13.1.aar (androidx.core:core:1.13.1) with LibrarySymbolTableTransform
Transforming savedstate-ktx-1.2.1.aar (androidx.savedstate:savedstate-ktx:1.2.1) with JetifyTransform
Transforming savedstate-ktx-1.2.1.aar (androidx.savedstate:savedstate-ktx:1.2.1) with ExtractAarTransform
Transforming savedstate-ktx-1.2.1.aar (androidx.savedstate:savedstate-ktx:1.2.1) with LibrarySymbolTableTransform
Transforming savedstate-1.2.1.aar (androidx.savedstate:savedstate:1.2.1) with JetifyTransform
Transforming savedstate-1.2.1.aar (androidx.savedstate:savedstate:1.2.1) with ExtractAarTransform
Transforming savedstate-1.2.1.aar (androidx.savedstate:savedstate:1.2.1) with LibrarySymbolTableTransform
Transforming lifecycle-service-2.8.7.aar (androidx.lifecycle:lifecycle-service:2.8.7) with JetifyTransform
Transforming lifecycle-service-2.8.7.aar (androidx.lifecycle:lifecycle-service:2.8.7) with ExtractAarTransform
Transforming lifecycle-service-2.8.7.aar (androidx.lifecycle:lifecycle-service:2.8.7) with LibrarySymbolTableTransform
Transforming lifecycle-runtime-release.aar (androidx.lifecycle:lifecycle-runtime-android:2.8.7) with JetifyTransform
Transforming lifecycle-runtime-release.aar (androidx.lifecycle:lifecycle-runtime-android:2.8.7) with ExtractAarTransform
Transforming lifecycle-runtime-release.aar (androidx.lifecycle:lifecycle-runtime-android:2.8.7) with LibrarySymbolTableTransform
Transforming lifecycle-viewmodel-2.8.7.aar (androidx.lifecycle:lifecycle-viewmodel:2.8.7) with JetifyTransform
Transforming lifecycle-viewmodel-2.8.7.aar (androidx.lifecycle:lifecycle-viewmodel:2.8.7) with ExtractAarTransform
Transforming lifecycle-viewmodel-2.8.7.aar (androidx.lifecycle:lifecycle-viewmodel:2.8.7) with LibrarySymbolTableTransform
Transforming lifecycle-viewmodel-release.aar (androidx.lifecycle:lifecycle-viewmodel-android:2.8.7) with JetifyTransform
Transforming lifecycle-viewmodel-release.aar (androidx.lifecycle:lifecycle-viewmodel-android:2.8.7) with ExtractAarTransform
Transforming lifecycle-viewmodel-release.aar (androidx.lifecycle:lifecycle-viewmodel-android:2.8.7) with LibrarySymbolTableTransform
Transforming lifecycle-livedata-core-2.8.7.aar (androidx.lifecycle:lifecycle-livedata-core:2.8.7) with JetifyTransform
Transforming lifecycle-livedata-core-2.8.7.aar (androidx.lifecycle:lifecycle-livedata-core:2.8.7) with ExtractAarTransform
Transforming lifecycle-livedata-core-2.8.7.aar (androidx.lifecycle:lifecycle-livedata-core:2.8.7) with LibrarySymbolTableTransform
Transforming lifecycle-process-2.8.7.aar (androidx.lifecycle:lifecycle-process:2.8.7) with JetifyTransform
Transforming lifecycle-process-2.8.7.aar (androidx.lifecycle:lifecycle-process:2.8.7) with ExtractAarTransform
Transforming lifecycle-process-2.8.7.aar (androidx.lifecycle:lifecycle-process:2.8.7) with LibrarySymbolTableTransform
Transforming lifecycle-runtime-compose-release.aar (androidx.lifecycle:lifecycle-runtime-compose-android:2.8.7) with JetifyTransform
Transforming lifecycle-runtime-compose-release.aar (androidx.lifecycle:lifecycle-runtime-compose-android:2.8.7) with ExtractAarTransform
Transforming lifecycle-runtime-compose-release.aar (androidx.lifecycle:lifecycle-runtime-compose-android:2.8.7) with LibrarySymbolTableTransform
Transforming lifecycle-viewmodel-compose-release.aar (androidx.lifecycle:lifecycle-viewmodel-compose-android:2.8.7) with JetifyTransform
Transforming lifecycle-viewmodel-compose-release.aar (androidx.lifecycle:lifecycle-viewmodel-compose-android:2.8.7) with ExtractAarTransform
Transforming lifecycle-viewmodel-compose-release.aar (androidx.lifecycle:lifecycle-viewmodel-compose-android:2.8.7) with LibrarySymbolTableTransform
Transforming accompanist-drawablepainter-0.32.0.aar (com.google.accompanist:accompanist-drawablepainter:0.32.0) with JetifyTransform
Transforming accompanist-drawablepainter-0.32.0.aar (com.google.accompanist:accompanist-drawablepainter:0.32.0) with ExtractAarTransform
Transforming accompanist-drawablepainter-0.32.0.aar (com.google.accompanist:accompanist-drawablepainter:0.32.0) with LibrarySymbolTableTransform
Transforming ui-release.aar (androidx.compose.ui:ui-android:1.6.2) with JetifyTransform
Transforming ui-release.aar (androidx.compose.ui:ui-android:1.6.2) with ExtractAarTransform
Transforming ui-release.aar (androidx.compose.ui:ui-android:1.6.2) with LibrarySymbolTableTransform
Transforming ui-test-manifest-1.6.2.aar (androidx.compose.ui:ui-test-manifest:1.6.2) with JetifyTransform
Transforming ui-test-manifest-1.6.2.aar (androidx.compose.ui:ui-test-manifest:1.6.2) with ExtractAarTransform
Transforming ui-test-manifest-1.6.2.aar (androidx.compose.ui:ui-test-manifest:1.6.2) with LibrarySymbolTableTransform
Transforming activity-1.9.3.aar (androidx.activity:activity:1.9.3) with JetifyTransform
Transforming activity-1.9.3.aar (androidx.activity:activity:1.9.3) with ExtractAarTransform
Transforming activity-1.9.3.aar (androidx.activity:activity:1.9.3) with LibrarySymbolTableTransform
Transforming lifecycle-viewmodel-savedstate-2.8.7.aar (androidx.lifecycle:lifecycle-viewmodel-savedstate:2.8.7) with JetifyTransform
Transforming lifecycle-viewmodel-savedstate-2.8.7.aar (androidx.lifecycle:lifecycle-viewmodel-savedstate:2.8.7) with ExtractAarTransform
Transforming lifecycle-viewmodel-savedstate-2.8.7.aar (androidx.lifecycle:lifecycle-viewmodel-savedstate:2.8.7) with LibrarySymbolTableTransform
Transforming lifecycle-runtime-ktx-release.aar (androidx.lifecycle:lifecycle-runtime-ktx-android:2.8.7) with JetifyTransform
Transforming lifecycle-runtime-ktx-release.aar (androidx.lifecycle:lifecycle-runtime-ktx-android:2.8.7) with ExtractAarTransform
Transforming lifecycle-runtime-ktx-release.aar (androidx.lifecycle:lifecycle-runtime-ktx-android:2.8.7) with LibrarySymbolTableTransform
Transforming lifecycle-livedata-2.8.7.aar (androidx.lifecycle:lifecycle-livedata:2.8.7) with JetifyTransform
Transforming lifecycle-livedata-2.8.7.aar (androidx.lifecycle:lifecycle-livedata:2.8.7) with ExtractAarTransform
Transforming lifecycle-livedata-2.8.7.aar (androidx.lifecycle:lifecycle-livedata:2.8.7) with LibrarySymbolTableTransform
Transforming lifecycle-livedata-2.8.7.aar (androidx.lifecycle:lifecycle-livedata:2.8.7) with JetifyTransform
Transforming lifecycle-livedata-2.8.7.aar (androidx.lifecycle:lifecycle-livedata:2.8.7) with ExtractAarTransform
Transforming lifecycle-livedata-2.8.7.aar (androidx.lifecycle:lifecycle-livedata:2.8.7) with LibrarySymbolTableTransform
Transforming lifecycle-livedata-core-ktx-2.8.7.aar (androidx.lifecycle:lifecycle-livedata-core-ktx:2.8.7) with JetifyTransform
Transforming lifecycle-livedata-core-ktx-2.8.7.aar (androidx.lifecycle:lifecycle-livedata-core-ktx:2.8.7) with ExtractAarTransform
Transforming lifecycle-livedata-core-ktx-2.8.7.aar (androidx.lifecycle:lifecycle-livedata-core-ktx:2.8.7) with LibrarySymbolTableTransform
Transforming lifecycle-livedata-ktx-2.8.7.aar (androidx.lifecycle:lifecycle-livedata-ktx:2.8.7) with JetifyTransform
Transforming lifecycle-livedata-ktx-2.8.7.aar (androidx.lifecycle:lifecycle-livedata-ktx:2.8.7) with ExtractAarTransform
Transforming lifecycle-livedata-ktx-2.8.7.aar (androidx.lifecycle:lifecycle-livedata-ktx:2.8.7) with LibrarySymbolTableTransform
Transforming lifecycle-viewmodel-ktx-2.8.7.aar (androidx.lifecycle:lifecycle-viewmodel-ktx:2.8.7) with JetifyTransform
Transforming lifecycle-viewmodel-ktx-2.8.7.aar (androidx.lifecycle:lifecycle-viewmodel-ktx:2.8.7) with ExtractAarTransform
Transforming lifecycle-viewmodel-ktx-2.8.7.aar (androidx.lifecycle:lifecycle-viewmodel-ktx:2.8.7) with LibrarySymbolTableTransform
Transforming runtime-saveable-release.aar (androidx.compose.runtime:runtime-saveable-android:1.7.1) with JetifyTransform
Transforming runtime-saveable-release.aar (androidx.compose.runtime:runtime-saveable-android:1.7.1) with ExtractAarTransform
Transforming runtime-saveable-release.aar (androidx.compose.runtime:runtime-saveable-android:1.7.1) with LibrarySymbolTableTransform
Transforming runtime-release.aar (androidx.compose.runtime:runtime-android:1.7.1) with JetifyTransform
Transforming runtime-release.aar (androidx.compose.runtime:runtime-android:1.7.1) with ExtractAarTransform
Transforming runtime-release.aar (androidx.compose.runtime:runtime-android:1.7.1) with LibrarySymbolTableTransform
Transforming ads-adservices-java-1.0.0-beta05.aar (androidx.privacysandbox.ads:ads-adservices-java:1.0.0-beta05) with JetifyTransform
Transforming ads-adservices-java-1.0.0-beta05.aar (androidx.privacysandbox.ads:ads-adservices-java:1.0.0-beta05) with ExtractAarTransform
Transforming ads-adservices-java-1.0.0-beta05.aar (androidx.privacysandbox.ads:ads-adservices-java:1.0.0-beta05) with LibrarySymbolTableTransform
Transforming ads-adservices-1.0.0-beta05.aar (androidx.privacysandbox.ads:ads-adservices:1.0.0-beta05) with JetifyTransform
Transforming ads-adservices-1.0.0-beta05.aar (androidx.privacysandbox.ads:ads-adservices:1.0.0-beta05) with ExtractAarTransform
Transforming ads-adservices-1.0.0-beta05.aar (androidx.privacysandbox.ads:ads-adservices:1.0.0-beta05) with LibrarySymbolTableTransform
Transforming ads-adservices-1.0.0-beta05.aar (androidx.privacysandbox.ads:ads-adservices:1.0.0-beta05) with JetifyTransform
Transforming ads-adservices-1.0.0-beta05.aar (androidx.privacysandbox.ads:ads-adservices:1.0.0-beta05) with ExtractAarTransform
Transforming ads-adservices-1.0.0-beta05.aar (androidx.privacysandbox.ads:ads-adservices:1.0.0-beta05) with LibrarySymbolTableTransform
Transforming firebase-installations-interop-17.1.1.aar (com.google.firebase:firebase-installations-interop:17.1.1) with JetifyTransform
Transforming firebase-installations-interop-17.1.1.aar (com.google.firebase:firebase-installations-interop:17.1.1) with ExtractAarTransform
Transforming firebase-installations-interop-17.1.1.aar (com.google.firebase:firebase-installations-interop:17.1.1) with LibrarySymbolTableTransform
Transforming firebase-installations-interop-17.1.1.aar (com.google.firebase:firebase-installations-interop:17.1.1) with JetifyTransform
Transforming firebase-installations-interop-17.1.1.aar (com.google.firebase:firebase-installations-interop:17.1.1) with ExtractAarTransform
Transforming firebase-installations-interop-17.1.1.aar (com.google.firebase:firebase-installations-interop:17.1.1) with LibrarySymbolTableTransform
Transforming play-services-tasks-18.2.0.aar (com.google.android.gms:play-services-tasks:18.2.0) with JetifyTransform
Transforming play-services-tasks-18.2.0.aar (com.google.android.gms:play-services-tasks:18.2.0) with ExtractAarTransform
Transforming play-services-tasks-18.2.0.aar (com.google.android.gms:play-services-tasks:18.2.0) with LibrarySymbolTableTransform
Transforming play-services-tasks-18.2.0.aar (com.google.android.gms:play-services-tasks:18.2.0) with JetifyTransform
Transforming play-services-tasks-18.2.0.aar (com.google.android.gms:play-services-tasks:18.2.0) with ExtractAarTransform
Transforming play-services-tasks-18.2.0.aar (com.google.android.gms:play-services-tasks:18.2.0) with LibrarySymbolTableTransform
Transforming play-services-tasks-18.2.0.aar (com.google.android.gms:play-services-tasks:18.2.0) with JetifyTransform
Transforming play-services-tasks-18.2.0.aar (com.google.android.gms:play-services-tasks:18.2.0) with ExtractAarTransform
Transforming play-services-tasks-18.2.0.aar (com.google.android.gms:play-services-tasks:18.2.0) with LibrarySymbolTableTransform
Transforming play-services-tasks-18.2.0.aar (com.google.android.gms:play-services-tasks:18.2.0) with JetifyTransform
Transforming play-services-tasks-18.2.0.aar (com.google.android.gms:play-services-tasks:18.2.0) with ExtractAarTransform
Transforming play-services-tasks-18.2.0.aar (com.google.android.gms:play-services-tasks:18.2.0) with LibrarySymbolTableTransform
Transforming play-services-tasks-18.2.0.aar (com.google.android.gms:play-services-tasks:18.2.0) with JetifyTransform
Transforming play-services-tasks-18.2.0.aar (com.google.android.gms:play-services-tasks:18.2.0) with ExtractAarTransform
Transforming play-services-tasks-18.2.0.aar (com.google.android.gms:play-services-tasks:18.2.0) with LibrarySymbolTableTransform
Transforming play-services-tasks-18.2.0.aar (com.google.android.gms:play-services-tasks:18.2.0) with JetifyTransform
Transforming play-services-tasks-18.2.0.aar (com.google.android.gms:play-services-tasks:18.2.0) with ExtractAarTransform
Transforming play-services-tasks-18.2.0.aar (com.google.android.gms:play-services-tasks:18.2.0) with LibrarySymbolTableTransform
Transforming play-services-tasks-18.2.0.aar (com.google.android.gms:play-services-tasks:18.2.0) with JetifyTransform
Transforming play-services-tasks-18.2.0.aar (com.google.android.gms:play-services-tasks:18.2.0) with ExtractAarTransform
Transforming play-services-tasks-18.2.0.aar (com.google.android.gms:play-services-tasks:18.2.0) with LibrarySymbolTableTransform
Transforming play-services-tasks-18.2.0.aar (com.google.android.gms:play-services-tasks:18.2.0) with JetifyTransform
Transforming play-services-tasks-18.2.0.aar (com.google.android.gms:play-services-tasks:18.2.0) with ExtractAarTransform
Transforming play-services-tasks-18.2.0.aar (com.google.android.gms:play-services-tasks:18.2.0) with LibrarySymbolTableTransform
Transforming play-services-tasks-18.2.0.aar (com.google.android.gms:play-services-tasks:18.2.0) with JetifyTransform
Transforming play-services-tasks-18.2.0.aar (com.google.android.gms:play-services-tasks:18.2.0) with ExtractAarTransform
Transforming play-services-tasks-18.2.0.aar (com.google.android.gms:play-services-tasks:18.2.0) with LibrarySymbolTableTransform
Transforming firebase-measurement-connector-19.0.0.aar (com.google.firebase:firebase-measurement-connector:19.0.0) with JetifyTransform
Transforming firebase-measurement-connector-19.0.0.aar (com.google.firebase:firebase-measurement-connector:19.0.0) with ExtractAarTransform
Transforming firebase-measurement-connector-19.0.0.aar (com.google.firebase:firebase-measurement-connector:19.0.0) with LibrarySymbolTableTransform
Transforming play-services-basement-18.4.0.aar (com.google.android.gms:play-services-basement:18.4.0) with JetifyTransform
Transforming play-services-basement-18.4.0.aar (com.google.android.gms:play-services-basement:18.4.0) with ExtractAarTransform
Transforming play-services-basement-18.4.0.aar (com.google.android.gms:play-services-basement:18.4.0) with LibrarySymbolTableTransform
Transforming play-services-basement-18.4.0.aar (com.google.android.gms:play-services-basement:18.4.0) with JetifyTransform
Transforming play-services-basement-18.4.0.aar (com.google.android.gms:play-services-basement:18.4.0) with ExtractAarTransform
Transforming play-services-basement-18.4.0.aar (com.google.android.gms:play-services-basement:18.4.0) with LibrarySymbolTableTransform
Transforming play-services-basement-18.4.0.aar (com.google.android.gms:play-services-basement:18.4.0) with JetifyTransform
Transforming play-services-basement-18.4.0.aar (com.google.android.gms:play-services-basement:18.4.0) with ExtractAarTransform
Transforming play-services-basement-18.4.0.aar (com.google.android.gms:play-services-basement:18.4.0) with LibrarySymbolTableTransform
Transforming play-services-basement-18.4.0.aar (com.google.android.gms:play-services-basement:18.4.0) with JetifyTransform
Transforming play-services-basement-18.4.0.aar (com.google.android.gms:play-services-basement:18.4.0) with ExtractAarTransform
Transforming play-services-basement-18.4.0.aar (com.google.android.gms:play-services-basement:18.4.0) with LibrarySymbolTableTransform
Transforming play-services-basement-18.4.0.aar (com.google.android.gms:play-services-basement:18.4.0) with JetifyTransform
Transforming play-services-basement-18.4.0.aar (com.google.android.gms:play-services-basement:18.4.0) with ExtractAarTransform
Transforming play-services-basement-18.4.0.aar (com.google.android.gms:play-services-basement:18.4.0) with LibrarySymbolTableTransform
Transforming play-services-basement-18.4.0.aar (com.google.android.gms:play-services-basement:18.4.0) with JetifyTransform
Transforming play-services-basement-18.4.0.aar (com.google.android.gms:play-services-basement:18.4.0) with ExtractAarTransform
Transforming play-services-basement-18.4.0.aar (com.google.android.gms:play-services-basement:18.4.0) with LibrarySymbolTableTransform
Transforming play-services-basement-18.4.0.aar (com.google.android.gms:play-services-basement:18.4.0) with JetifyTransform
Transforming play-services-basement-18.4.0.aar (com.google.android.gms:play-services-basement:18.4.0) with ExtractAarTransform
Transforming play-services-basement-18.4.0.aar (com.google.android.gms:play-services-basement:18.4.0) with LibrarySymbolTableTransform
Transforming play-services-basement-18.4.0.aar (com.google.android.gms:play-services-basement:18.4.0) with JetifyTransform
Transforming play-services-basement-18.4.0.aar (com.google.android.gms:play-services-basement:18.4.0) with ExtractAarTransform
Transforming play-services-basement-18.4.0.aar (com.google.android.gms:play-services-basement:18.4.0) with LibrarySymbolTableTransform
Transforming play-services-basement-18.4.0.aar (com.google.android.gms:play-services-basement:18.4.0) with JetifyTransform
Transforming play-services-basement-18.4.0.aar (com.google.android.gms:play-services-basement:18.4.0) with ExtractAarTransform
Transforming play-services-basement-18.4.0.aar (com.google.android.gms:play-services-basement:18.4.0) with LibrarySymbolTableTransform
Transforming play-services-basement-18.4.0.aar (com.google.android.gms:play-services-basement:18.4.0) with JetifyTransform
Transforming play-services-basement-18.4.0.aar (com.google.android.gms:play-services-basement:18.4.0) with ExtractAarTransform
Transforming play-services-basement-18.4.0.aar (com.google.android.gms:play-services-basement:18.4.0) with LibrarySymbolTableTransform
Transforming play-services-basement-18.4.0.aar (com.google.android.gms:play-services-basement:18.4.0) with JetifyTransform
Transforming play-services-basement-18.4.0.aar (com.google.android.gms:play-services-basement:18.4.0) with ExtractAarTransform
Transforming play-services-basement-18.4.0.aar (com.google.android.gms:play-services-basement:18.4.0) with LibrarySymbolTableTransform
Transforming play-services-basement-18.4.0.aar (com.google.android.gms:play-services-basement:18.4.0) with JetifyTransform
Transforming play-services-basement-18.4.0.aar (com.google.android.gms:play-services-basement:18.4.0) with ExtractAarTransform
Transforming play-services-basement-18.4.0.aar (com.google.android.gms:play-services-basement:18.4.0) with LibrarySymbolTableTransform
Transforming play-services-basement-18.4.0.aar (com.google.android.gms:play-services-basement:18.4.0) with JetifyTransform
Transforming play-services-basement-18.4.0.aar (com.google.android.gms:play-services-basement:18.4.0) with ExtractAarTransform
Transforming play-services-basement-18.4.0.aar (com.google.android.gms:play-services-basement:18.4.0) with LibrarySymbolTableTransform
Transforming play-services-basement-18.4.0.aar (com.google.android.gms:play-services-basement:18.4.0) with JetifyTransform
Transforming play-services-basement-18.4.0.aar (com.google.android.gms:play-services-basement:18.4.0) with ExtractAarTransform
Transforming play-services-basement-18.4.0.aar (com.google.android.gms:play-services-basement:18.4.0) with LibrarySymbolTableTransform
Transforming fragment-1.8.5.aar (androidx.fragment:fragment:1.8.5) with JetifyTransform
Transforming fragment-1.8.5.aar (androidx.fragment:fragment:1.8.5) with ExtractAarTransform
Transforming fragment-1.8.5.aar (androidx.fragment:fragment:1.8.5) with LibrarySymbolTableTransform
Transforming fragment-1.8.5.aar (androidx.fragment:fragment:1.8.5) with JetifyTransform
Transforming fragment-1.8.5.aar (androidx.fragment:fragment:1.8.5) with ExtractAarTransform
Transforming fragment-1.8.5.aar (androidx.fragment:fragment:1.8.5) with LibrarySymbolTableTransform
Transforming fragment-1.8.5.aar (androidx.fragment:fragment:1.8.5) with JetifyTransform
Transforming fragment-1.8.5.aar (androidx.fragment:fragment:1.8.5) with ExtractAarTransform
Transforming fragment-1.8.5.aar (androidx.fragment:fragment:1.8.5) with LibrarySymbolTableTransform
Transforming fragment-ktx-1.8.5.aar (androidx.fragment:fragment-ktx:1.8.5) with JetifyTransform
Transforming fragment-ktx-1.8.5.aar (androidx.fragment:fragment-ktx:1.8.5) with ExtractAarTransform
Transforming fragment-ktx-1.8.5.aar (androidx.fragment:fragment-ktx:1.8.5) with LibrarySymbolTableTransform
Transforming activity-ktx-1.9.3.aar (androidx.activity:activity-ktx:1.9.3) with JetifyTransform
Transforming activity-ktx-1.9.3.aar (androidx.activity:activity-ktx:1.9.3) with ExtractAarTransform
Transforming activity-ktx-1.9.3.aar (androidx.activity:activity-ktx:1.9.3) with LibrarySymbolTableTransform
Transforming customview-poolingcontainer-1.0.0.aar (androidx.customview:customview-poolingcontainer:1.0.0) with JetifyTransform
Transforming customview-poolingcontainer-1.0.0.aar (androidx.customview:customview-poolingcontainer:1.0.0) with ExtractAarTransform
Transforming customview-poolingcontainer-1.0.0.aar (androidx.customview:customview-poolingcontainer:1.0.0) with LibrarySymbolTableTransform
Transforming core-ktx-1.13.1.aar (androidx.core:core-ktx:1.13.1) with JetifyTransform
Transforming core-ktx-1.13.1.aar (androidx.core:core-ktx:1.13.1) with ExtractAarTransform
Transforming core-ktx-1.13.1.aar (androidx.core:core-ktx:1.13.1) with LibrarySymbolTableTransform
Transforming sqlite-framework-2.4.0.aar (androidx.sqlite:sqlite-framework:2.4.0) with JetifyTransform
Transforming sqlite-framework-2.4.0.aar (androidx.sqlite:sqlite-framework:2.4.0) with ExtractAarTransform
Transforming sqlite-framework-2.4.0.aar (androidx.sqlite:sqlite-framework:2.4.0) with LibrarySymbolTableTransform
Transforming sqlite-2.4.0.aar (androidx.sqlite:sqlite:2.4.0) with JetifyTransform
Transforming sqlite-2.4.0.aar (androidx.sqlite:sqlite:2.4.0) with ExtractAarTransform
Transforming sqlite-2.4.0.aar (androidx.sqlite:sqlite:2.4.0) with LibrarySymbolTableTransform
Transforming security-crypto-1.1.0-alpha06.aar (androidx.security:security-crypto:1.1.0-alpha06) with JetifyTransform
Transforming security-crypto-1.1.0-alpha06.aar (androidx.security:security-crypto:1.1.0-alpha06) with ExtractAarTransform
Transforming security-crypto-1.1.0-alpha06.aar (androidx.security:security-crypto:1.1.0-alpha06) with LibrarySymbolTableTransform
Transforming cursoradapter-1.0.0.aar (androidx.cursoradapter:cursoradapter:1.0.0) with JetifyTransform
Transforming cursoradapter-1.0.0.aar (androidx.cursoradapter:cursoradapter:1.0.0) with ExtractAarTransform
Transforming cursoradapter-1.0.0.aar (androidx.cursoradapter:cursoradapter:1.0.0) with LibrarySymbolTableTransform
Transforming profileinstaller-1.3.1.aar (androidx.profileinstaller:profileinstaller:1.3.1) with JetifyTransform
Transforming profileinstaller-1.3.1.aar (androidx.profileinstaller:profileinstaller:1.3.1) with ExtractAarTransform
Transforming profileinstaller-1.3.1.aar (androidx.profileinstaller:profileinstaller:1.3.1) with LibrarySymbolTableTransform
Transforming cardview-1.0.0.aar (androidx.cardview:cardview:1.0.0) with JetifyTransform
Transforming cardview-1.0.0.aar (androidx.cardview:cardview:1.0.0) with ExtractAarTransform
Transforming cardview-1.0.0.aar (androidx.cardview:cardview:1.0.0) with LibrarySymbolTableTransform
Transforming core-runtime-2.2.0.aar (androidx.arch.core:core-runtime:2.2.0) with JetifyTransform
Transforming core-runtime-2.2.0.aar (androidx.arch.core:core-runtime:2.2.0) with ExtractAarTransform
Transforming core-runtime-2.2.0.aar (androidx.arch.core:core-runtime:2.2.0) with LibrarySymbolTableTransform
Transforming gifdecoder-4.16.0.aar (com.github.bumptech.glide:gifdecoder:4.16.0) with JetifyTransform
Transforming gifdecoder-4.16.0.aar (com.github.bumptech.glide:gifdecoder:4.16.0) with ExtractAarTransform
Transforming gifdecoder-4.16.0.aar (com.github.bumptech.glide:gifdecoder:4.16.0) with LibrarySymbolTableTransform
Transforming startup-runtime-1.1.1.aar (androidx.startup:startup-runtime:1.1.1) with JetifyTransform
Transforming startup-runtime-1.1.1.aar (androidx.startup:startup-runtime:1.1.1) with ExtractAarTransform
Transforming startup-runtime-1.1.1.aar (androidx.startup:startup-runtime:1.1.1) with LibrarySymbolTableTransform
Transforming tracing-1.0.0.aar (androidx.tracing:tracing:1.0.0) with JetifyTransform
Transforming tracing-1.0.0.aar (androidx.tracing:tracing:1.0.0) with ExtractAarTransform
Transforming tracing-1.0.0.aar (androidx.tracing:tracing:1.0.0) with LibrarySymbolTableTransform
Transforming firebase-components-18.0.0.aar (com.google.firebase:firebase-components:18.0.0) with JetifyTransform
Transforming firebase-components-18.0.0.aar (com.google.firebase:firebase-components:18.0.0) with ExtractAarTransform
Transforming firebase-components-18.0.0.aar (com.google.firebase:firebase-components:18.0.0) with LibrarySymbolTableTransform
Transforming firebase-components-18.0.0.aar (com.google.firebase:firebase-components:18.0.0) with JetifyTransform
Transforming firebase-components-18.0.0.aar (com.google.firebase:firebase-components:18.0.0) with ExtractAarTransform
Transforming firebase-components-18.0.0.aar (com.google.firebase:firebase-components:18.0.0) with LibrarySymbolTableTransform
Transforming firebase-components-18.0.0.aar (com.google.firebase:firebase-components:18.0.0) with JetifyTransform
Transforming firebase-components-18.0.0.aar (com.google.firebase:firebase-components:18.0.0) with ExtractAarTransform
Transforming firebase-components-18.0.0.aar (com.google.firebase:firebase-components:18.0.0) with LibrarySymbolTableTransform
Transforming firebase-components-18.0.0.aar (com.google.firebase:firebase-components:18.0.0) with JetifyTransform
Transforming firebase-components-18.0.0.aar (com.google.firebase:firebase-components:18.0.0) with ExtractAarTransform
Transforming firebase-components-18.0.0.aar (com.google.firebase:firebase-components:18.0.0) with LibrarySymbolTableTransform
Transforming firebase-components-18.0.0.aar (com.google.firebase:firebase-components:18.0.0) with JetifyTransform
Transforming firebase-components-18.0.0.aar (com.google.firebase:firebase-components:18.0.0) with ExtractAarTransform
Transforming firebase-components-18.0.0.aar (com.google.firebase:firebase-components:18.0.0) with LibrarySymbolTableTransform
Transforming firebase-components-18.0.0.aar (com.google.firebase:firebase-components:18.0.0) with JetifyTransform
Transforming firebase-components-18.0.0.aar (com.google.firebase:firebase-components:18.0.0) with ExtractAarTransform
Transforming firebase-components-18.0.0.aar (com.google.firebase:firebase-components:18.0.0) with LibrarySymbolTableTransform
Transforming firebase-components-18.0.0.aar (com.google.firebase:firebase-components:18.0.0) with JetifyTransform
Transforming firebase-components-18.0.0.aar (com.google.firebase:firebase-components:18.0.0) with ExtractAarTransform
Transforming firebase-components-18.0.0.aar (com.google.firebase:firebase-components:18.0.0) with LibrarySymbolTableTransform
Transforming interpolator-1.0.0.aar (androidx.interpolator:interpolator:1.0.0) with JetifyTransform
Transforming interpolator-1.0.0.aar (androidx.interpolator:interpolator:1.0.0) with ExtractAarTransform
Transforming interpolator-1.0.0.aar (androidx.interpolator:interpolator:1.0.0) with LibrarySymbolTableTransform
Transforming interpolator-1.0.0.aar (androidx.interpolator:interpolator:1.0.0) with JetifyTransform
Transforming interpolator-1.0.0.aar (androidx.interpolator:interpolator:1.0.0) with ExtractAarTransform
Transforming interpolator-1.0.0.aar (androidx.interpolator:interpolator:1.0.0) with LibrarySymbolTableTransform
Transforming versionedparcelable-1.1.1.aar (androidx.versionedparcelable:versionedparcelable:1.1.1) with JetifyTransform
Transforming versionedparcelable-1.1.1.aar (androidx.versionedparcelable:versionedparcelable:1.1.1) with ExtractAarTransform
Transforming versionedparcelable-1.1.1.aar (androidx.versionedparcelable:versionedparcelable:1.1.1) with LibrarySymbolTableTransform
Transforming documentfile-1.0.0.aar (androidx.documentfile:documentfile:1.0.0) with JetifyTransform
Transforming documentfile-1.0.0.aar (androidx.documentfile:documentfile:1.0.0) with ExtractAarTransform
Transforming documentfile-1.0.0.aar (androidx.documentfile:documentfile:1.0.0) with LibrarySymbolTableTransform
Transforming localbroadcastmanager-1.0.0.aar (androidx.localbroadcastmanager:localbroadcastmanager:1.0.0) with JetifyTransform
Transforming localbroadcastmanager-1.0.0.aar (androidx.localbroadcastmanager:localbroadcastmanager:1.0.0) with ExtractAarTransform
Transforming localbroadcastmanager-1.0.0.aar (androidx.localbroadcastmanager:localbroadcastmanager:1.0.0) with LibrarySymbolTableTransform
Transforming print-1.0.0.aar (androidx.print:print:1.0.0) with JetifyTransform
Transforming print-1.0.0.aar (androidx.print:print:1.0.0) with ExtractAarTransform
Transforming print-1.0.0.aar (androidx.print:print:1.0.0) with LibrarySymbolTableTransform
Transforming exifinterface-1.3.7.aar (androidx.exifinterface:exifinterface:1.3.7) with JetifyTransform
Transforming exifinterface-1.3.7.aar (androidx.exifinterface:exifinterface:1.3.7) with ExtractAarTransform
Transforming exifinterface-1.3.7.aar (androidx.exifinterface:exifinterface:1.3.7) with LibrarySymbolTableTransform
Transforming annotation-experimental-1.4.1.aar (androidx.annotation:annotation-experimental:1.4.1) with JetifyTransform
Transforming annotation-experimental-1.4.1.aar (androidx.annotation:annotation-experimental:1.4.1) with ExtractAarTransform
Transforming annotation-experimental-1.4.1.aar (androidx.annotation:annotation-experimental:1.4.1) with LibrarySymbolTableTransform
Transforming multidex-2.0.1.aar (androidx.multidex:multidex:2.0.1) with JetifyTransform
Transforming multidex-2.0.1.aar (androidx.multidex:multidex:2.0.1) with ExtractAarTransform
Transforming multidex-2.0.1.aar (androidx.multidex:multidex:2.0.1) with LibrarySymbolTableTransform
Transforming grpc-android-1.57.2.aar (io.grpc:grpc-android:1.57.2) with JetifyTransform
Transforming grpc-android-1.57.2.aar (io.grpc:grpc-android:1.57.2) with ExtractAarTransform
Transforming grpc-android-1.57.2.aar (io.grpc:grpc-android:1.57.2) with LibrarySymbolTableTransform
Transforming zxing-android-embedded-4.3.0.aar (com.journeyapps:zxing-android-embedded:4.3.0) with JetifyTransform
Transforming zxing-android-embedded-4.3.0.aar (com.journeyapps:zxing-android-embedded:4.3.0) with ExtractAarTransform
Transforming zxing-android-embedded-4.3.0.aar (com.journeyapps:zxing-android-embedded:4.3.0) with LibrarySymbolTableTransform
Transforming dagger-lint-aar-2.51.1.aar (com.google.dagger:dagger-lint-aar:2.51.1) with JetifyTransform
Transforming dagger-lint-aar-2.51.1.aar (com.google.dagger:dagger-lint-aar:2.51.1) with ExtractAarTransform
Transforming dagger-lint-aar-2.51.1.aar (com.google.dagger:dagger-lint-aar:2.51.1) with LibrarySymbolTableTransform
Transforming protolite-well-known-types-18.0.0.aar (com.google.firebase:protolite-well-known-types:18.0.0) with JetifyTransform
Transforming protolite-well-known-types-18.0.0.aar (com.google.firebase:protolite-well-known-types:18.0.0) with ExtractAarTransform
Transforming protolite-well-known-types-18.0.0.aar (com.google.firebase:protolite-well-known-types:18.0.0) with LibrarySymbolTableTransform
Transforming viewbinding-8.7.1.aar (androidx.databinding:viewbinding:8.7.1) with JetifyTransform
Transforming viewbinding-8.7.1.aar (androidx.databinding:viewbinding:8.7.1) with ExtractAarTransform
Transforming viewbinding-8.7.1.aar (androidx.databinding:viewbinding:8.7.1) with AarTransform
Transforming preference-ktx-1.2.1.aar (androidx.preference:preference-ktx:1.2.1) with JetifyTransform
Transforming preference-ktx-1.2.1.aar (androidx.preference:preference-ktx:1.2.1) with ExtractAarTransform
Transforming preference-ktx-1.2.1.aar (androidx.preference:preference-ktx:1.2.1) with AarTransform
Transforming material-1.12.0.aar (com.google.android.material:material:1.12.0) with JetifyTransform
Transforming material-1.12.0.aar (com.google.android.material:material:1.12.0) with ExtractAarTransform
Transforming material-1.12.0.aar (com.google.android.material:material:1.12.0) with AarTransform
Transforming appcompat-resources-1.7.0.aar (androidx.appcompat:appcompat-resources:1.7.0) with JetifyTransform
Transforming appcompat-resources-1.7.0.aar (androidx.appcompat:appcompat-resources:1.7.0) with ExtractAarTransform
Transforming appcompat-resources-1.7.0.aar (androidx.appcompat:appcompat-resources:1.7.0) with AarTransform
Transforming preference-1.2.1.aar (androidx.preference:preference:1.2.1) with JetifyTransform
Transforming preference-1.2.1.aar (androidx.preference:preference:1.2.1) with ExtractAarTransform
Transforming preference-1.2.1.aar (androidx.preference:preference:1.2.1) with AarTransform
Transforming appcompat-1.7.0.aar (androidx.appcompat:appcompat:1.7.0) with JetifyTransform
Transforming appcompat-1.7.0.aar (androidx.appcompat:appcompat:1.7.0) with ExtractAarTransform
Transforming appcompat-1.7.0.aar (androidx.appcompat:appcompat:1.7.0) with AarTransform
Transforming glide-4.16.0.aar (com.github.bumptech.glide:glide:4.16.0) with JetifyTransform
Transforming glide-4.16.0.aar (com.github.bumptech.glide:glide:4.16.0) with ExtractAarTransform
Transforming glide-4.16.0.aar (com.github.bumptech.glide:glide:4.16.0) with AarTransform
Transforming hilt-work-1.2.0.aar (androidx.hilt:hilt-work:1.2.0) with JetifyTransform
Transforming hilt-work-1.2.0.aar (androidx.hilt:hilt-work:1.2.0) with ExtractAarTransform
Transforming hilt-work-1.2.0.aar (androidx.hilt:hilt-work:1.2.0) with AarTransform
Transforming hilt-android-2.51.1.aar (com.google.dagger:hilt-android:2.51.1) with JetifyTransform
Transforming hilt-android-2.51.1.aar (com.google.dagger:hilt-android:2.51.1) with ExtractAarTransform
Transforming hilt-android-2.51.1.aar (com.google.dagger:hilt-android:2.51.1) with AarTransform
Transforming viewpager2-1.1.0-beta02.aar (androidx.viewpager2:viewpager2:1.1.0-beta02) with JetifyTransform
Transforming viewpager2-1.1.0-beta02.aar (androidx.viewpager2:viewpager2:1.1.0-beta02) with ExtractAarTransform
Transforming viewpager2-1.1.0-beta02.aar (androidx.viewpager2:viewpager2:1.1.0-beta02) with AarTransform
Transforming firebase-firestore-ktx-25.0.0.aar (com.google.firebase:firebase-firestore-ktx:25.0.0) with JetifyTransform
Transforming firebase-firestore-ktx-25.0.0.aar (com.google.firebase:firebase-firestore-ktx:25.0.0) with ExtractAarTransform
Transforming firebase-firestore-ktx-25.0.0.aar (com.google.firebase:firebase-firestore-ktx:25.0.0) with AarTransform
Transforming firebase-firestore-25.0.0.aar (com.google.firebase:firebase-firestore:25.0.0) with JetifyTransform
Transforming firebase-firestore-25.0.0.aar (com.google.firebase:firebase-firestore:25.0.0) with ExtractAarTransform
Transforming firebase-firestore-25.0.0.aar (com.google.firebase:firebase-firestore:25.0.0) with AarTransform
Transforming firebase-appcheck-interop-17.0.0.aar (com.google.firebase:firebase-appcheck-interop:17.0.0) with JetifyTransform
Transforming firebase-appcheck-interop-17.0.0.aar (com.google.firebase:firebase-appcheck-interop:17.0.0) with ExtractAarTransform
Transforming firebase-appcheck-interop-17.0.0.aar (com.google.firebase:firebase-appcheck-interop:17.0.0) with AarTransform
Transforming firebase-auth-interop-19.0.2.aar (com.google.firebase:firebase-auth-interop:19.0.2) with JetifyTransform
Transforming firebase-auth-interop-19.0.2.aar (com.google.firebase:firebase-auth-interop:19.0.2) with ExtractAarTransform
Transforming firebase-auth-interop-19.0.2.aar (com.google.firebase:firebase-auth-interop:19.0.2) with AarTransform
Transforming firebase-analytics-ktx-22.0.2.aar (com.google.firebase:firebase-analytics-ktx:22.0.2) with JetifyTransform
Transforming firebase-analytics-ktx-22.0.2.aar (com.google.firebase:firebase-analytics-ktx:22.0.2) with ExtractAarTransform
Transforming firebase-analytics-ktx-22.0.2.aar (com.google.firebase:firebase-analytics-ktx:22.0.2) with AarTransform
Transforming firebase-analytics-22.0.2.aar (com.google.firebase:firebase-analytics:22.0.2) with JetifyTransform
Transforming firebase-analytics-22.0.2.aar (com.google.firebase:firebase-analytics:22.0.2) with ExtractAarTransform
Transforming firebase-analytics-22.0.2.aar (com.google.firebase:firebase-analytics:22.0.2) with AarTransform
Transforming play-services-measurement-api-22.0.2.aar (com.google.android.gms:play-services-measurement-api:22.0.2) with JetifyTransform
Transforming play-services-measurement-api-22.0.2.aar (com.google.android.gms:play-services-measurement-api:22.0.2) with ExtractAarTransform
Transforming play-services-measurement-api-22.0.2.aar (com.google.android.gms:play-services-measurement-api:22.0.2) with AarTransform
Transforming firebase-installations-18.0.0.aar (com.google.firebase:firebase-installations:18.0.0) with JetifyTransform
Transforming firebase-installations-18.0.0.aar (com.google.firebase:firebase-installations:18.0.0) with ExtractAarTransform
Transforming firebase-installations-18.0.0.aar (com.google.firebase:firebase-installations:18.0.0) with AarTransform
Transforming firebase-common-ktx-21.0.0.aar (com.google.firebase:firebase-common-ktx:21.0.0) with JetifyTransform
Transforming firebase-common-ktx-21.0.0.aar (com.google.firebase:firebase-common-ktx:21.0.0) with ExtractAarTransform
Transforming firebase-common-ktx-21.0.0.aar (com.google.firebase:firebase-common-ktx:21.0.0) with AarTransform
Transforming firebase-common-ktx-21.0.0.aar (com.google.firebase:firebase-common-ktx:21.0.0) with JetifyTransform
Transforming firebase-common-ktx-21.0.0.aar (com.google.firebase:firebase-common-ktx:21.0.0) with ExtractAarTransform
Transforming firebase-common-ktx-21.0.0.aar (com.google.firebase:firebase-common-ktx:21.0.0) with AarTransform
Transforming firebase-common-ktx-21.0.0.aar (com.google.firebase:firebase-common-ktx:21.0.0) with JetifyTransform
Transforming firebase-common-ktx-21.0.0.aar (com.google.firebase:firebase-common-ktx:21.0.0) with ExtractAarTransform
Transforming firebase-common-ktx-21.0.0.aar (com.google.firebase:firebase-common-ktx:21.0.0) with AarTransform
Transforming firebase-common-ktx-21.0.0.aar (com.google.firebase:firebase-common-ktx:21.0.0) with JetifyTransform
Transforming firebase-common-ktx-21.0.0.aar (com.google.firebase:firebase-common-ktx:21.0.0) with ExtractAarTransform
Transforming firebase-common-ktx-21.0.0.aar (com.google.firebase:firebase-common-ktx:21.0.0) with AarTransform
Transforming firebase-common-ktx-21.0.0.aar (com.google.firebase:firebase-common-ktx:21.0.0) with JetifyTransform
Transforming firebase-common-ktx-21.0.0.aar (com.google.firebase:firebase-common-ktx:21.0.0) with ExtractAarTransform
Transforming firebase-common-ktx-21.0.0.aar (com.google.firebase:firebase-common-ktx:21.0.0) with AarTransform
Transforming firebase-common-21.0.0.aar (com.google.firebase:firebase-common:21.0.0) with JetifyTransform
Transforming firebase-common-21.0.0.aar (com.google.firebase:firebase-common:21.0.0) with ExtractAarTransform
Transforming firebase-common-21.0.0.aar (com.google.firebase:firebase-common:21.0.0) with AarTransform
Transforming firebase-common-21.0.0.aar (com.google.firebase:firebase-common:21.0.0) with JetifyTransform
Transforming firebase-common-21.0.0.aar (com.google.firebase:firebase-common:21.0.0) with ExtractAarTransform
Transforming firebase-common-21.0.0.aar (com.google.firebase:firebase-common:21.0.0) with AarTransform
Transforming firebase-common-21.0.0.aar (com.google.firebase:firebase-common:21.0.0) with JetifyTransform
Transforming firebase-common-21.0.0.aar (com.google.firebase:firebase-common:21.0.0) with ExtractAarTransform
Transforming firebase-common-21.0.0.aar (com.google.firebase:firebase-common:21.0.0) with AarTransform
Transforming firebase-common-21.0.0.aar (com.google.firebase:firebase-common:21.0.0) with JetifyTransform
Transforming firebase-common-21.0.0.aar (com.google.firebase:firebase-common:21.0.0) with ExtractAarTransform
Transforming firebase-common-21.0.0.aar (com.google.firebase:firebase-common:21.0.0) with AarTransform
Transforming firebase-common-21.0.0.aar (com.google.firebase:firebase-common:21.0.0) with JetifyTransform
Transforming firebase-common-21.0.0.aar (com.google.firebase:firebase-common:21.0.0) with ExtractAarTransform
Transforming firebase-common-21.0.0.aar (com.google.firebase:firebase-common:21.0.0) with AarTransform
Transforming firebase-common-21.0.0.aar (com.google.firebase:firebase-common:21.0.0) with JetifyTransform
Transforming firebase-common-21.0.0.aar (com.google.firebase:firebase-common:21.0.0) with ExtractAarTransform
Transforming firebase-common-21.0.0.aar (com.google.firebase:firebase-common:21.0.0) with AarTransform
Transforming room-ktx-2.6.1.aar (androidx.room:room-ktx:2.6.1) with JetifyTransform
Transforming room-ktx-2.6.1.aar (androidx.room:room-ktx:2.6.1) with ExtractAarTransform
Transforming room-ktx-2.6.1.aar (androidx.room:room-ktx:2.6.1) with AarTransform
Transforming room-runtime-2.6.1.aar (androidx.room:room-runtime:2.6.1) with JetifyTransform
Transforming room-runtime-2.6.1.aar (androidx.room:room-runtime:2.6.1) with ExtractAarTransform
Transforming room-runtime-2.6.1.aar (androidx.room:room-runtime:2.6.1) with AarTransform
Transforming room-paging-2.6.1.aar (androidx.room:room-paging:2.6.1) with JetifyTransform
Transforming room-paging-2.6.1.aar (androidx.room:room-paging:2.6.1) with ExtractAarTransform
Transforming room-paging-2.6.1.aar (androidx.room:room-paging:2.6.1) with AarTransform
Transforming paging-common-release.aar (androidx.paging:paging-common-android:3.3.2) with JetifyTransform
Transforming paging-common-release.aar (androidx.paging:paging-common-android:3.3.2) with ExtractAarTransform
Transforming paging-common-release.aar (androidx.paging:paging-common-android:3.3.2) with AarTransform
Transforming paging-runtime-ktx-3.3.2.aar (androidx.paging:paging-runtime-ktx:3.3.2) with JetifyTransform
Transforming paging-runtime-ktx-3.3.2.aar (androidx.paging:paging-runtime-ktx:3.3.2) with ExtractAarTransform
Transforming paging-runtime-ktx-3.3.2.aar (androidx.paging:paging-runtime-ktx:3.3.2) with AarTransform
Transforming paging-runtime-3.3.2.aar (androidx.paging:paging-runtime:3.3.2) with JetifyTransform
Transforming paging-runtime-3.3.2.aar (androidx.paging:paging-runtime:3.3.2) with ExtractAarTransform
Transforming paging-runtime-3.3.2.aar (androidx.paging:paging-runtime:3.3.2) with AarTransform
Transforming activity-compose-1.9.3.aar (androidx.activity:activity-compose:1.9.3) with JetifyTransform
Transforming activity-compose-1.9.3.aar (androidx.activity:activity-compose:1.9.3) with ExtractAarTransform
Transforming activity-compose-1.9.3.aar (androidx.activity:activity-compose:1.9.3) with AarTransform
Transforming material3-release.aar (androidx.compose.material3:material3-android:1.2.0) with JetifyTransform
Transforming material3-release.aar (androidx.compose.material3:material3-android:1.2.0) with ExtractAarTransform
Transforming material3-release.aar (androidx.compose.material3:material3-android:1.2.0) with AarTransform
Transforming ui-util-release.aar (androidx.compose.ui:ui-util-android:1.6.2) with JetifyTransform
Transforming ui-util-release.aar (androidx.compose.ui:ui-util-android:1.6.2) with ExtractAarTransform
Transforming ui-util-release.aar (androidx.compose.ui:ui-util-android:1.6.2) with AarTransform
Transforming ui-unit-release.aar (androidx.compose.ui:ui-unit-android:1.6.2) with JetifyTransform
Transforming ui-unit-release.aar (androidx.compose.ui:ui-unit-android:1.6.2) with ExtractAarTransform
Transforming ui-unit-release.aar (androidx.compose.ui:ui-unit-android:1.6.2) with AarTransform
Transforming ui-text-release.aar (androidx.compose.ui:ui-text-android:1.6.2) with JetifyTransform
Transforming ui-text-release.aar (androidx.compose.ui:ui-text-android:1.6.2) with ExtractAarTransform
Transforming ui-text-release.aar (androidx.compose.ui:ui-text-android:1.6.2) with AarTransform
Transforming coil-compose-2.6.0.aar (io.coil-kt:coil-compose:2.6.0) with JetifyTransform
Transforming coil-compose-2.6.0.aar (io.coil-kt:coil-compose:2.6.0) with ExtractAarTransform
Transforming coil-compose-2.6.0.aar (io.coil-kt:coil-compose:2.6.0) with AarTransform
Transforming coil-compose-base-2.6.0.aar (io.coil-kt:coil-compose-base:2.6.0) with JetifyTransform
Transforming coil-compose-base-2.6.0.aar (io.coil-kt:coil-compose-base:2.6.0) with ExtractAarTransform
Transforming coil-compose-base-2.6.0.aar (io.coil-kt:coil-compose-base:2.6.0) with AarTransform
Transforming foundation-layout-release.aar (androidx.compose.foundation:foundation-layout-android:1.6.2) with JetifyTransform
Transforming foundation-layout-release.aar (androidx.compose.foundation:foundation-layout-android:1.6.2) with ExtractAarTransform
Transforming foundation-layout-release.aar (androidx.compose.foundation:foundation-layout-android:1.6.2) with AarTransform
Transforming material-icons-core-release.aar (androidx.compose.material:material-icons-core-android:1.6.2) with JetifyTransform
Transforming material-icons-core-release.aar (androidx.compose.material:material-icons-core-android:1.6.2) with ExtractAarTransform
Transforming material-icons-core-release.aar (androidx.compose.material:material-icons-core-android:1.6.2) with AarTransform
Transforming material-ripple-release.aar (androidx.compose.material:material-ripple-android:1.6.2) with JetifyTransform
Transforming material-ripple-release.aar (androidx.compose.material:material-ripple-android:1.6.2) with ExtractAarTransform
Transforming material-ripple-release.aar (androidx.compose.material:material-ripple-android:1.6.2) with AarTransform
Transforming foundation-release.aar (androidx.compose.foundation:foundation-android:1.6.2) with JetifyTransform
Transforming foundation-release.aar (androidx.compose.foundation:foundation-android:1.6.2) with ExtractAarTransform
Transforming foundation-release.aar (androidx.compose.foundation:foundation-android:1.6.2) with AarTransform
Transforming animation-core-release.aar (androidx.compose.animation:animation-core-android:1.6.2) with JetifyTransform
Transforming animation-core-release.aar (androidx.compose.animation:animation-core-android:1.6.2) with ExtractAarTransform
Transforming animation-core-release.aar (androidx.compose.animation:animation-core-android:1.6.2) with AarTransform
Transforming animation-release.aar (androidx.compose.animation:animation-android:1.6.2) with JetifyTransform
Transforming animation-release.aar (androidx.compose.animation:animation-android:1.6.2) with ExtractAarTransform
Transforming animation-release.aar (androidx.compose.animation:animation-android:1.6.2) with AarTransform
Transforming ui-geometry-release.aar (androidx.compose.ui:ui-geometry-android:1.6.2) with JetifyTransform
Transforming ui-geometry-release.aar (androidx.compose.ui:ui-geometry-android:1.6.2) with ExtractAarTransform
Transforming ui-geometry-release.aar (androidx.compose.ui:ui-geometry-android:1.6.2) with AarTransform
Transforming ui-tooling-data-release.aar (androidx.compose.ui:ui-tooling-data-android:1.6.2) with JetifyTransform
Transforming ui-tooling-data-release.aar (androidx.compose.ui:ui-tooling-data-android:1.6.2) with ExtractAarTransform
Transforming ui-tooling-data-release.aar (androidx.compose.ui:ui-tooling-data-android:1.6.2) with AarTransform
Transforming ui-tooling-preview-release.aar (androidx.compose.ui:ui-tooling-preview-android:1.6.2) with JetifyTransform
Transforming ui-tooling-preview-release.aar (androidx.compose.ui:ui-tooling-preview-android:1.6.2) with ExtractAarTransform
Transforming ui-tooling-preview-release.aar (androidx.compose.ui:ui-tooling-preview-android:1.6.2) with AarTransform
Transforming ui-graphics-release.aar (androidx.compose.ui:ui-graphics-android:1.6.2) with JetifyTransform
Transforming ui-graphics-release.aar (androidx.compose.ui:ui-graphics-android:1.6.2) with ExtractAarTransform
Transforming ui-graphics-release.aar (androidx.compose.ui:ui-graphics-android:1.6.2) with AarTransform
Transforming recyclerview-1.3.2.aar (androidx.recyclerview:recyclerview:1.3.2) with JetifyTransform
Transforming recyclerview-1.3.2.aar (androidx.recyclerview:recyclerview:1.3.2) with ExtractAarTransform
Transforming recyclerview-1.3.2.aar (androidx.recyclerview:recyclerview:1.3.2) with AarTransform
Transforming drawerlayout-1.1.1.aar (androidx.drawerlayout:drawerlayout:1.1.1) with JetifyTransform
Transforming drawerlayout-1.1.1.aar (androidx.drawerlayout:drawerlayout:1.1.1) with ExtractAarTransform
Transforming drawerlayout-1.1.1.aar (androidx.drawerlayout:drawerlayout:1.1.1) with AarTransform
Transforming coordinatorlayout-1.1.0.aar (androidx.coordinatorlayout:coordinatorlayout:1.1.0) with JetifyTransform
Transforming coordinatorlayout-1.1.0.aar (androidx.coordinatorlayout:coordinatorlayout:1.1.0) with ExtractAarTransform
Transforming coordinatorlayout-1.1.0.aar (androidx.coordinatorlayout:coordinatorlayout:1.1.0) with AarTransform
Transforming dynamicanimation-1.0.0.aar (androidx.dynamicanimation:dynamicanimation:1.0.0) with JetifyTransform
Transforming dynamicanimation-1.0.0.aar (androidx.dynamicanimation:dynamicanimation:1.0.0) with ExtractAarTransform
Transforming dynamicanimation-1.0.0.aar (androidx.dynamicanimation:dynamicanimation:1.0.0) with AarTransform
Transforming transition-1.5.0.aar (androidx.transition:transition:1.5.0) with JetifyTransform
Transforming transition-1.5.0.aar (androidx.transition:transition:1.5.0) with ExtractAarTransform
Transforming transition-1.5.0.aar (androidx.transition:transition:1.5.0) with AarTransform
Transforming vectordrawable-animated-1.1.0.aar (androidx.vectordrawable:vectordrawable-animated:1.1.0) with JetifyTransform
Transforming vectordrawable-animated-1.1.0.aar (androidx.vectordrawable:vectordrawable-animated:1.1.0) with ExtractAarTransform
Transforming vectordrawable-animated-1.1.0.aar (androidx.vectordrawable:vectordrawable-animated:1.1.0) with AarTransform
Transforming vectordrawable-1.1.0.aar (androidx.vectordrawable:vectordrawable:1.1.0) with JetifyTransform
Transforming vectordrawable-1.1.0.aar (androidx.vectordrawable:vectordrawable:1.1.0) with ExtractAarTransform
Transforming vectordrawable-1.1.0.aar (androidx.vectordrawable:vectordrawable:1.1.0) with AarTransform
Transforming vectordrawable-1.1.0.aar (androidx.vectordrawable:vectordrawable:1.1.0) with JetifyTransform
Transforming vectordrawable-1.1.0.aar (androidx.vectordrawable:vectordrawable:1.1.0) with ExtractAarTransform
Transforming vectordrawable-1.1.0.aar (androidx.vectordrawable:vectordrawable:1.1.0) with AarTransform
Transforming viewpager-1.0.0.aar (androidx.viewpager:viewpager:1.0.0) with JetifyTransform
Transforming viewpager-1.0.0.aar (androidx.viewpager:viewpager:1.0.0) with ExtractAarTransform
Transforming viewpager-1.0.0.aar (androidx.viewpager:viewpager:1.0.0) with AarTransform
Transforming slidingpanelayout-1.2.0.aar (androidx.slidingpanelayout:slidingpanelayout:1.2.0) with JetifyTransform
Transforming slidingpanelayout-1.2.0.aar (androidx.slidingpanelayout:slidingpanelayout:1.2.0) with ExtractAarTransform
Transforming slidingpanelayout-1.2.0.aar (androidx.slidingpanelayout:slidingpanelayout:1.2.0) with AarTransform
Transforming customview-1.1.0.aar (androidx.customview:customview:1.1.0) with JetifyTransform
Transforming customview-1.1.0.aar (androidx.customview:customview:1.1.0) with ExtractAarTransform
Transforming customview-1.1.0.aar (androidx.customview:customview:1.1.0) with AarTransform
Transforming customview-1.1.0.aar (androidx.customview:customview:1.1.0) with JetifyTransform
Transforming customview-1.1.0.aar (androidx.customview:customview:1.1.0) with ExtractAarTransform
Transforming customview-1.1.0.aar (androidx.customview:customview:1.1.0) with AarTransform
Transforming customview-1.1.0.aar (androidx.customview:customview:1.1.0) with JetifyTransform
Transforming customview-1.1.0.aar (androidx.customview:customview:1.1.0) with ExtractAarTransform
Transforming customview-1.1.0.aar (androidx.customview:customview:1.1.0) with AarTransform
Transforming customview-1.1.0.aar (androidx.customview:customview:1.1.0) with JetifyTransform
Transforming customview-1.1.0.aar (androidx.customview:customview:1.1.0) with ExtractAarTransform
Transforming customview-1.1.0.aar (androidx.customview:customview:1.1.0) with AarTransform
Transforming play-services-measurement-22.0.2.aar (com.google.android.gms:play-services-measurement:22.0.2) with JetifyTransform
Transforming play-services-measurement-22.0.2.aar (com.google.android.gms:play-services-measurement:22.0.2) with ExtractAarTransform
Transforming play-services-measurement-22.0.2.aar (com.google.android.gms:play-services-measurement:22.0.2) with AarTransform
Transforming play-services-measurement-sdk-22.0.2.aar (com.google.android.gms:play-services-measurement-sdk:22.0.2) with JetifyTransform
Transforming play-services-measurement-sdk-22.0.2.aar (com.google.android.gms:play-services-measurement-sdk:22.0.2) with ExtractAarTransform
Transforming play-services-measurement-sdk-22.0.2.aar (com.google.android.gms:play-services-measurement-sdk:22.0.2) with AarTransform
Transforming play-services-measurement-impl-22.0.2.aar (com.google.android.gms:play-services-measurement-impl:22.0.2) with JetifyTransform
Transforming play-services-measurement-impl-22.0.2.aar (com.google.android.gms:play-services-measurement-impl:22.0.2) with ExtractAarTransform
Transforming play-services-measurement-impl-22.0.2.aar (com.google.android.gms:play-services-measurement-impl:22.0.2) with AarTransform
Transforming play-services-measurement-impl-22.0.2.aar (com.google.android.gms:play-services-measurement-impl:22.0.2) with JetifyTransform
Transforming play-services-measurement-impl-22.0.2.aar (com.google.android.gms:play-services-measurement-impl:22.0.2) with ExtractAarTransform
Transforming play-services-measurement-impl-22.0.2.aar (com.google.android.gms:play-services-measurement-impl:22.0.2) with AarTransform
Transforming play-services-stats-17.0.2.aar (com.google.android.gms:play-services-stats:17.0.2) with JetifyTransform
Transforming play-services-stats-17.0.2.aar (com.google.android.gms:play-services-stats:17.0.2) with ExtractAarTransform
Transforming play-services-stats-17.0.2.aar (com.google.android.gms:play-services-stats:17.0.2) with AarTransform
Transforming play-services-stats-17.0.2.aar (com.google.android.gms:play-services-stats:17.0.2) with JetifyTransform
Transforming play-services-stats-17.0.2.aar (com.google.android.gms:play-services-stats:17.0.2) with ExtractAarTransform
Transforming play-services-stats-17.0.2.aar (com.google.android.gms:play-services-stats:17.0.2) with AarTransform
Transforming legacy-support-core-utils-1.0.0.aar (androidx.legacy:legacy-support-core-utils:1.0.0) with JetifyTransform
Transforming legacy-support-core-utils-1.0.0.aar (androidx.legacy:legacy-support-core-utils:1.0.0) with ExtractAarTransform
Transforming legacy-support-core-utils-1.0.0.aar (androidx.legacy:legacy-support-core-utils:1.0.0) with AarTransform
Transforming legacy-support-core-utils-1.0.0.aar (androidx.legacy:legacy-support-core-utils:1.0.0) with JetifyTransform
Transforming legacy-support-core-utils-1.0.0.aar (androidx.legacy:legacy-support-core-utils:1.0.0) with ExtractAarTransform
Transforming legacy-support-core-utils-1.0.0.aar (androidx.legacy:legacy-support-core-utils:1.0.0) with AarTransform
Transforming legacy-support-core-utils-1.0.0.aar (androidx.legacy:legacy-support-core-utils:1.0.0) with JetifyTransform
Transforming legacy-support-core-utils-1.0.0.aar (androidx.legacy:legacy-support-core-utils:1.0.0) with ExtractAarTransform
Transforming legacy-support-core-utils-1.0.0.aar (androidx.legacy:legacy-support-core-utils:1.0.0) with AarTransform
Transforming loader-1.0.0.aar (androidx.loader:loader:1.0.0) with JetifyTransform
Transforming loader-1.0.0.aar (androidx.loader:loader:1.0.0) with ExtractAarTransform
Transforming loader-1.0.0.aar (androidx.loader:loader:1.0.0) with AarTransform
Transforming loader-1.0.0.aar (androidx.loader:loader:1.0.0) with JetifyTransform
Transforming loader-1.0.0.aar (androidx.loader:loader:1.0.0) with ExtractAarTransform
Transforming loader-1.0.0.aar (androidx.loader:loader:1.0.0) with AarTransform
Transforming firebase-database-collection-18.0.1.aar (com.google.firebase:firebase-database-collection:18.0.1) with JetifyTransform
Transforming firebase-database-collection-18.0.1.aar (com.google.firebase:firebase-database-collection:18.0.1) with ExtractAarTransform
Transforming firebase-database-collection-18.0.1.aar (com.google.firebase:firebase-database-collection:18.0.1) with AarTransform
Transforming play-services-base-18.0.1.aar (com.google.android.gms:play-services-base:18.0.1) with JetifyTransform
Transforming play-services-base-18.0.1.aar (com.google.android.gms:play-services-base:18.0.1) with ExtractAarTransform
Transforming play-services-base-18.0.1.aar (com.google.android.gms:play-services-base:18.0.1) with AarTransform
Transforming play-services-base-18.0.1.aar (com.google.android.gms:play-services-base:18.0.1) with JetifyTransform
Transforming play-services-base-18.0.1.aar (com.google.android.gms:play-services-base:18.0.1) with ExtractAarTransform
Transforming play-services-base-18.0.1.aar (com.google.android.gms:play-services-base:18.0.1) with AarTransform
Transforming core-1.13.1.aar (androidx.core:core:1.13.1) with JetifyTransform
Transforming core-1.13.1.aar (androidx.core:core:1.13.1) with ExtractAarTransform
Transforming core-1.13.1.aar (androidx.core:core:1.13.1) with AarTransform
Transforming core-1.13.1.aar (androidx.core:core:1.13.1) with JetifyTransform
Transforming core-1.13.1.aar (androidx.core:core:1.13.1) with ExtractAarTransform
Transforming core-1.13.1.aar (androidx.core:core:1.13.1) with AarTransform
Transforming core-1.13.1.aar (androidx.core:core:1.13.1) with JetifyTransform
Transforming core-1.13.1.aar (androidx.core:core:1.13.1) with ExtractAarTransform
Transforming core-1.13.1.aar (androidx.core:core:1.13.1) with AarTransform
Transforming core-1.13.1.aar (androidx.core:core:1.13.1) with JetifyTransform
Transforming core-1.13.1.aar (androidx.core:core:1.13.1) with ExtractAarTransform
Transforming core-1.13.1.aar (androidx.core:core:1.13.1) with AarTransform
Transforming core-1.13.1.aar (androidx.core:core:1.13.1) with JetifyTransform
Transforming core-1.13.1.aar (androidx.core:core:1.13.1) with ExtractAarTransform
Transforming core-1.13.1.aar (androidx.core:core:1.13.1) with AarTransform
Transforming core-1.13.1.aar (androidx.core:core:1.13.1) with JetifyTransform
Transforming core-1.13.1.aar (androidx.core:core:1.13.1) with ExtractAarTransform
Transforming core-1.13.1.aar (androidx.core:core:1.13.1) with AarTransform
Transforming core-1.13.1.aar (androidx.core:core:1.13.1) with JetifyTransform
Transforming core-1.13.1.aar (androidx.core:core:1.13.1) with ExtractAarTransform
Transforming core-1.13.1.aar (androidx.core:core:1.13.1) with AarTransform
Transforming core-1.13.1.aar (androidx.core:core:1.13.1) with JetifyTransform
Transforming core-1.13.1.aar (androidx.core:core:1.13.1) with ExtractAarTransform
Transforming core-1.13.1.aar (androidx.core:core:1.13.1) with AarTransform
Transforming core-1.13.1.aar (androidx.core:core:1.13.1) with JetifyTransform
Transforming core-1.13.1.aar (androidx.core:core:1.13.1) with ExtractAarTransform
Transforming core-1.13.1.aar (androidx.core:core:1.13.1) with AarTransform
Transforming core-1.13.1.aar (androidx.core:core:1.13.1) with JetifyTransform
Transforming core-1.13.1.aar (androidx.core:core:1.13.1) with ExtractAarTransform
Transforming core-1.13.1.aar (androidx.core:core:1.13.1) with AarTransform
Transforming core-1.13.1.aar (androidx.core:core:1.13.1) with JetifyTransform
Transforming core-1.13.1.aar (androidx.core:core:1.13.1) with ExtractAarTransform
Transforming core-1.13.1.aar (androidx.core:core:1.13.1) with AarTransform
Transforming core-1.13.1.aar (androidx.core:core:1.13.1) with JetifyTransform
Transforming core-1.13.1.aar (androidx.core:core:1.13.1) with ExtractAarTransform
Transforming core-1.13.1.aar (androidx.core:core:1.13.1) with AarTransform
Transforming lifecycle-viewmodel-2.8.7.aar (androidx.lifecycle:lifecycle-viewmodel:2.8.7) with JetifyTransform
Transforming lifecycle-viewmodel-2.8.7.aar (androidx.lifecycle:lifecycle-viewmodel:2.8.7) with ExtractAarTransform
Transforming lifecycle-viewmodel-2.8.7.aar (androidx.lifecycle:lifecycle-viewmodel:2.8.7) with AarTransform
Transforming lifecycle-viewmodel-release.aar (androidx.lifecycle:lifecycle-viewmodel-android:2.8.7) with JetifyTransform
Transforming lifecycle-viewmodel-release.aar (androidx.lifecycle:lifecycle-viewmodel-android:2.8.7) with ExtractAarTransform
Transforming lifecycle-viewmodel-release.aar (androidx.lifecycle:lifecycle-viewmodel-android:2.8.7) with AarTransform
Transforming coil-2.6.0.aar (io.coil-kt:coil:2.6.0) with JetifyTransform
Transforming coil-2.6.0.aar (io.coil-kt:coil:2.6.0) with ExtractAarTransform
Transforming coil-2.6.0.aar (io.coil-kt:coil:2.6.0) with AarTransform
Transforming coil-base-2.6.0.aar (io.coil-kt:coil-base:2.6.0) with JetifyTransform
Transforming coil-base-2.6.0.aar (io.coil-kt:coil-base:2.6.0) with ExtractAarTransform
Transforming coil-base-2.6.0.aar (io.coil-kt:coil-base:2.6.0) with AarTransform
Transforming lifecycle-runtime-release.aar (androidx.lifecycle:lifecycle-runtime-android:2.8.7) with JetifyTransform
Transforming lifecycle-runtime-release.aar (androidx.lifecycle:lifecycle-runtime-android:2.8.7) with ExtractAarTransform
Transforming lifecycle-runtime-release.aar (androidx.lifecycle:lifecycle-runtime-android:2.8.7) with AarTransform
Transforming lifecycle-livedata-core-2.8.7.aar (androidx.lifecycle:lifecycle-livedata-core:2.8.7) with JetifyTransform
Transforming lifecycle-livedata-core-2.8.7.aar (androidx.lifecycle:lifecycle-livedata-core:2.8.7) with ExtractAarTransform
Transforming lifecycle-livedata-core-2.8.7.aar (androidx.lifecycle:lifecycle-livedata-core:2.8.7) with AarTransform
Transforming lifecycle-runtime-compose-release.aar (androidx.lifecycle:lifecycle-runtime-compose-android:2.8.7) with JetifyTransform
Transforming lifecycle-runtime-compose-release.aar (androidx.lifecycle:lifecycle-runtime-compose-android:2.8.7) with ExtractAarTransform
Transforming lifecycle-runtime-compose-release.aar (androidx.lifecycle:lifecycle-runtime-compose-android:2.8.7) with AarTransform
Transforming lifecycle-viewmodel-compose-release.aar (androidx.lifecycle:lifecycle-viewmodel-compose-android:2.8.7) with JetifyTransform
Transforming lifecycle-viewmodel-compose-release.aar (androidx.lifecycle:lifecycle-viewmodel-compose-android:2.8.7) with ExtractAarTransform
Transforming lifecycle-viewmodel-compose-release.aar (androidx.lifecycle:lifecycle-viewmodel-compose-android:2.8.7) with AarTransform
Transforming ui-release.aar (androidx.compose.ui:ui-android:1.6.2) with JetifyTransform
Transforming ui-release.aar (androidx.compose.ui:ui-android:1.6.2) with ExtractAarTransform
Transforming ui-release.aar (androidx.compose.ui:ui-android:1.6.2) with AarTransform
Transforming ui-tooling-release.aar (androidx.compose.ui:ui-tooling-android:1.6.2) with JetifyTransform
Transforming ui-tooling-release.aar (androidx.compose.ui:ui-tooling-android:1.6.2) with ExtractAarTransform
Transforming ui-tooling-release.aar (androidx.compose.ui:ui-tooling-android:1.6.2) with AarTransform
Transforming ui-test-manifest-1.6.2.aar (androidx.compose.ui:ui-test-manifest:1.6.2) with JetifyTransform
Transforming ui-test-manifest-1.6.2.aar (androidx.compose.ui:ui-test-manifest:1.6.2) with ExtractAarTransform
Transforming ui-test-manifest-1.6.2.aar (androidx.compose.ui:ui-test-manifest:1.6.2) with AarTransform
Transforming activity-1.9.3.aar (androidx.activity:activity:1.9.3) with JetifyTransform
Transforming activity-1.9.3.aar (androidx.activity:activity:1.9.3) with ExtractAarTransform
Transforming activity-1.9.3.aar (androidx.activity:activity:1.9.3) with AarTransform
Transforming lifecycle-viewmodel-savedstate-2.8.7.aar (androidx.lifecycle:lifecycle-viewmodel-savedstate:2.8.7) with JetifyTransform
Transforming lifecycle-viewmodel-savedstate-2.8.7.aar (androidx.lifecycle:lifecycle-viewmodel-savedstate:2.8.7) with ExtractAarTransform
Transforming lifecycle-viewmodel-savedstate-2.8.7.aar (androidx.lifecycle:lifecycle-viewmodel-savedstate:2.8.7) with AarTransform
Transforming lifecycle-runtime-ktx-release.aar (androidx.lifecycle:lifecycle-runtime-ktx-android:2.8.7) with JetifyTransform
Transforming lifecycle-runtime-ktx-release.aar (androidx.lifecycle:lifecycle-runtime-ktx-android:2.8.7) with ExtractAarTransform
Transforming lifecycle-runtime-ktx-release.aar (androidx.lifecycle:lifecycle-runtime-ktx-android:2.8.7) with AarTransform
Transforming work-runtime-ktx-2.9.1.aar (androidx.work:work-runtime-ktx:2.9.1) with JetifyTransform
Transforming work-runtime-ktx-2.9.1.aar (androidx.work:work-runtime-ktx:2.9.1) with ExtractAarTransform
Transforming work-runtime-ktx-2.9.1.aar (androidx.work:work-runtime-ktx:2.9.1) with AarTransform
Transforming work-runtime-2.9.1.aar (androidx.work:work-runtime:2.9.1) with JetifyTransform
Transforming work-runtime-2.9.1.aar (androidx.work:work-runtime:2.9.1) with ExtractAarTransform
Transforming work-runtime-2.9.1.aar (androidx.work:work-runtime:2.9.1) with AarTransform
Transforming lifecycle-livedata-2.8.7.aar (androidx.lifecycle:lifecycle-livedata:2.8.7) with JetifyTransform
Transforming lifecycle-livedata-2.8.7.aar (androidx.lifecycle:lifecycle-livedata:2.8.7) with ExtractAarTransform
Transforming lifecycle-livedata-2.8.7.aar (androidx.lifecycle:lifecycle-livedata:2.8.7) with AarTransform
Transforming lifecycle-livedata-2.8.7.aar (androidx.lifecycle:lifecycle-livedata:2.8.7) with JetifyTransform
Transforming lifecycle-livedata-2.8.7.aar (androidx.lifecycle:lifecycle-livedata:2.8.7) with ExtractAarTransform
Transforming lifecycle-livedata-2.8.7.aar (androidx.lifecycle:lifecycle-livedata:2.8.7) with AarTransform
Transforming lifecycle-livedata-core-ktx-2.8.7.aar (androidx.lifecycle:lifecycle-livedata-core-ktx:2.8.7) with JetifyTransform
Transforming lifecycle-livedata-core-ktx-2.8.7.aar (androidx.lifecycle:lifecycle-livedata-core-ktx:2.8.7) with ExtractAarTransform
Transforming lifecycle-livedata-core-ktx-2.8.7.aar (androidx.lifecycle:lifecycle-livedata-core-ktx:2.8.7) with AarTransform
Transforming lifecycle-livedata-ktx-2.8.7.aar (androidx.lifecycle:lifecycle-livedata-ktx:2.8.7) with JetifyTransform
Transforming lifecycle-livedata-ktx-2.8.7.aar (androidx.lifecycle:lifecycle-livedata-ktx:2.8.7) with ExtractAarTransform
Transforming lifecycle-livedata-ktx-2.8.7.aar (androidx.lifecycle:lifecycle-livedata-ktx:2.8.7) with AarTransform
Transforming lifecycle-viewmodel-ktx-2.8.7.aar (androidx.lifecycle:lifecycle-viewmodel-ktx:2.8.7) with JetifyTransform
Transforming lifecycle-viewmodel-ktx-2.8.7.aar (androidx.lifecycle:lifecycle-viewmodel-ktx:2.8.7) with ExtractAarTransform
Transforming lifecycle-viewmodel-ktx-2.8.7.aar (androidx.lifecycle:lifecycle-viewmodel-ktx:2.8.7) with AarTransform
Transforming runtime-saveable-release.aar (androidx.compose.runtime:runtime-saveable-android:1.7.1) with JetifyTransform
Transforming runtime-saveable-release.aar (androidx.compose.runtime:runtime-saveable-android:1.7.1) with ExtractAarTransform
Transforming runtime-saveable-release.aar (androidx.compose.runtime:runtime-saveable-android:1.7.1) with AarTransform
Transforming runtime-release.aar (androidx.compose.runtime:runtime-android:1.7.1) with JetifyTransform
Transforming runtime-release.aar (androidx.compose.runtime:runtime-android:1.7.1) with ExtractAarTransform
Transforming runtime-release.aar (androidx.compose.runtime:runtime-android:1.7.1) with AarTransform
Transforming ads-adservices-java-1.0.0-beta05.aar (androidx.privacysandbox.ads:ads-adservices-java:1.0.0-beta05) with JetifyTransform
Transforming ads-adservices-java-1.0.0-beta05.aar (androidx.privacysandbox.ads:ads-adservices-java:1.0.0-beta05) with ExtractAarTransform
Transforming ads-adservices-java-1.0.0-beta05.aar (androidx.privacysandbox.ads:ads-adservices-java:1.0.0-beta05) with AarTransform
Transforming ads-adservices-1.0.0-beta05.aar (androidx.privacysandbox.ads:ads-adservices:1.0.0-beta05) with JetifyTransform
Transforming ads-adservices-1.0.0-beta05.aar (androidx.privacysandbox.ads:ads-adservices:1.0.0-beta05) with ExtractAarTransform
Transforming ads-adservices-1.0.0-beta05.aar (androidx.privacysandbox.ads:ads-adservices:1.0.0-beta05) with AarTransform
Transforming firebase-installations-interop-17.1.1.aar (com.google.firebase:firebase-installations-interop:17.1.1) with JetifyTransform
Transforming firebase-installations-interop-17.1.1.aar (com.google.firebase:firebase-installations-interop:17.1.1) with ExtractAarTransform
Transforming firebase-installations-interop-17.1.1.aar (com.google.firebase:firebase-installations-interop:17.1.1) with AarTransform
Transforming firebase-installations-interop-17.1.1.aar (com.google.firebase:firebase-installations-interop:17.1.1) with JetifyTransform
Transforming firebase-installations-interop-17.1.1.aar (com.google.firebase:firebase-installations-interop:17.1.1) with ExtractAarTransform
Transforming firebase-installations-interop-17.1.1.aar (com.google.firebase:firebase-installations-interop:17.1.1) with AarTransform
Transforming play-services-tasks-18.2.0.aar (com.google.android.gms:play-services-tasks:18.2.0) with JetifyTransform
Transforming play-services-tasks-18.2.0.aar (com.google.android.gms:play-services-tasks:18.2.0) with ExtractAarTransform
Transforming play-services-tasks-18.2.0.aar (com.google.android.gms:play-services-tasks:18.2.0) with AarTransform
Transforming play-services-tasks-18.2.0.aar (com.google.android.gms:play-services-tasks:18.2.0) with JetifyTransform
Transforming play-services-tasks-18.2.0.aar (com.google.android.gms:play-services-tasks:18.2.0) with ExtractAarTransform
Transforming play-services-tasks-18.2.0.aar (com.google.android.gms:play-services-tasks:18.2.0) with AarTransform
Transforming play-services-tasks-18.2.0.aar (com.google.android.gms:play-services-tasks:18.2.0) with JetifyTransform
Transforming play-services-tasks-18.2.0.aar (com.google.android.gms:play-services-tasks:18.2.0) with ExtractAarTransform
Transforming play-services-tasks-18.2.0.aar (com.google.android.gms:play-services-tasks:18.2.0) with AarTransform
Transforming play-services-tasks-18.2.0.aar (com.google.android.gms:play-services-tasks:18.2.0) with JetifyTransform
Transforming play-services-tasks-18.2.0.aar (com.google.android.gms:play-services-tasks:18.2.0) with ExtractAarTransform
Transforming play-services-tasks-18.2.0.aar (com.google.android.gms:play-services-tasks:18.2.0) with AarTransform
Transforming play-services-tasks-18.2.0.aar (com.google.android.gms:play-services-tasks:18.2.0) with JetifyTransform
Transforming play-services-tasks-18.2.0.aar (com.google.android.gms:play-services-tasks:18.2.0) with ExtractAarTransform
Transforming play-services-tasks-18.2.0.aar (com.google.android.gms:play-services-tasks:18.2.0) with AarTransform
Transforming play-services-tasks-18.2.0.aar (com.google.android.gms:play-services-tasks:18.2.0) with JetifyTransform
Transforming play-services-tasks-18.2.0.aar (com.google.android.gms:play-services-tasks:18.2.0) with ExtractAarTransform
Transforming play-services-tasks-18.2.0.aar (com.google.android.gms:play-services-tasks:18.2.0) with AarTransform
Transforming play-services-tasks-18.2.0.aar (com.google.android.gms:play-services-tasks:18.2.0) with JetifyTransform
Transforming play-services-tasks-18.2.0.aar (com.google.android.gms:play-services-tasks:18.2.0) with ExtractAarTransform
Transforming play-services-tasks-18.2.0.aar (com.google.android.gms:play-services-tasks:18.2.0) with AarTransform
Transforming play-services-tasks-18.2.0.aar (com.google.android.gms:play-services-tasks:18.2.0) with JetifyTransform
Transforming play-services-tasks-18.2.0.aar (com.google.android.gms:play-services-tasks:18.2.0) with ExtractAarTransform
Transforming play-services-tasks-18.2.0.aar (com.google.android.gms:play-services-tasks:18.2.0) with AarTransform
Transforming play-services-ads-identifier-18.0.0.aar (com.google.android.gms:play-services-ads-identifier:18.0.0) with JetifyTransform
Transforming play-services-ads-identifier-18.0.0.aar (com.google.android.gms:play-services-ads-identifier:18.0.0) with ExtractAarTransform
Transforming play-services-ads-identifier-18.0.0.aar (com.google.android.gms:play-services-ads-identifier:18.0.0) with AarTransform
Transforming play-services-ads-identifier-18.0.0.aar (com.google.android.gms:play-services-ads-identifier:18.0.0) with JetifyTransform
Transforming play-services-ads-identifier-18.0.0.aar (com.google.android.gms:play-services-ads-identifier:18.0.0) with ExtractAarTransform
Transforming play-services-ads-identifier-18.0.0.aar (com.google.android.gms:play-services-ads-identifier:18.0.0) with AarTransform
Transforming play-services-ads-identifier-18.0.0.aar (com.google.android.gms:play-services-ads-identifier:18.0.0) with JetifyTransform
Transforming play-services-ads-identifier-18.0.0.aar (com.google.android.gms:play-services-ads-identifier:18.0.0) with ExtractAarTransform
Transforming play-services-ads-identifier-18.0.0.aar (com.google.android.gms:play-services-ads-identifier:18.0.0) with AarTransform
Transforming play-services-measurement-sdk-api-22.0.2.aar (com.google.android.gms:play-services-measurement-sdk-api:22.0.2) with JetifyTransform
Transforming play-services-measurement-sdk-api-22.0.2.aar (com.google.android.gms:play-services-measurement-sdk-api:22.0.2) with ExtractAarTransform
Transforming play-services-measurement-sdk-api-22.0.2.aar (com.google.android.gms:play-services-measurement-sdk-api:22.0.2) with AarTransform
Transforming play-services-measurement-base-22.0.2.aar (com.google.android.gms:play-services-measurement-base:22.0.2) with JetifyTransform
Transforming play-services-measurement-base-22.0.2.aar (com.google.android.gms:play-services-measurement-base:22.0.2) with ExtractAarTransform
Transforming play-services-measurement-base-22.0.2.aar (com.google.android.gms:play-services-measurement-base:22.0.2) with AarTransform
Transforming play-services-measurement-base-22.0.2.aar (com.google.android.gms:play-services-measurement-base:22.0.2) with JetifyTransform
Transforming play-services-measurement-base-22.0.2.aar (com.google.android.gms:play-services-measurement-base:22.0.2) with ExtractAarTransform
Transforming play-services-measurement-base-22.0.2.aar (com.google.android.gms:play-services-measurement-base:22.0.2) with AarTransform
Transforming play-services-measurement-base-22.0.2.aar (com.google.android.gms:play-services-measurement-base:22.0.2) with JetifyTransform
Transforming play-services-measurement-base-22.0.2.aar (com.google.android.gms:play-services-measurement-base:22.0.2) with ExtractAarTransform
Transforming play-services-measurement-base-22.0.2.aar (com.google.android.gms:play-services-measurement-base:22.0.2) with AarTransform
Transforming play-services-measurement-base-22.0.2.aar (com.google.android.gms:play-services-measurement-base:22.0.2) with JetifyTransform
Transforming play-services-measurement-base-22.0.2.aar (com.google.android.gms:play-services-measurement-base:22.0.2) with ExtractAarTransform
Transforming play-services-measurement-base-22.0.2.aar (com.google.android.gms:play-services-measurement-base:22.0.2) with AarTransform
Transforming play-services-measurement-base-22.0.2.aar (com.google.android.gms:play-services-measurement-base:22.0.2) with JetifyTransform
Transforming play-services-measurement-base-22.0.2.aar (com.google.android.gms:play-services-measurement-base:22.0.2) with ExtractAarTransform
Transforming play-services-measurement-base-22.0.2.aar (com.google.android.gms:play-services-measurement-base:22.0.2) with AarTransform
Transforming firebase-measurement-connector-19.0.0.aar (com.google.firebase:firebase-measurement-connector:19.0.0) with JetifyTransform
Transforming firebase-measurement-connector-19.0.0.aar (com.google.firebase:firebase-measurement-connector:19.0.0) with ExtractAarTransform
Transforming firebase-measurement-connector-19.0.0.aar (com.google.firebase:firebase-measurement-connector:19.0.0) with AarTransform
Transforming play-services-basement-18.4.0.aar (com.google.android.gms:play-services-basement:18.4.0) with JetifyTransform
Transforming play-services-basement-18.4.0.aar (com.google.android.gms:play-services-basement:18.4.0) with ExtractAarTransform
Transforming play-services-basement-18.4.0.aar (com.google.android.gms:play-services-basement:18.4.0) with AarTransform
Transforming play-services-basement-18.4.0.aar (com.google.android.gms:play-services-basement:18.4.0) with JetifyTransform
Transforming play-services-basement-18.4.0.aar (com.google.android.gms:play-services-basement:18.4.0) with ExtractAarTransform
Transforming play-services-basement-18.4.0.aar (com.google.android.gms:play-services-basement:18.4.0) with AarTransform
Transforming play-services-basement-18.4.0.aar (com.google.android.gms:play-services-basement:18.4.0) with JetifyTransform
Transforming play-services-basement-18.4.0.aar (com.google.android.gms:play-services-basement:18.4.0) with ExtractAarTransform
Transforming play-services-basement-18.4.0.aar (com.google.android.gms:play-services-basement:18.4.0) with AarTransform
Transforming play-services-basement-18.4.0.aar (com.google.android.gms:play-services-basement:18.4.0) with JetifyTransform
Transforming play-services-basement-18.4.0.aar (com.google.android.gms:play-services-basement:18.4.0) with ExtractAarTransform
Transforming play-services-basement-18.4.0.aar (com.google.android.gms:play-services-basement:18.4.0) with AarTransform
Transforming play-services-basement-18.4.0.aar (com.google.android.gms:play-services-basement:18.4.0) with JetifyTransform
Transforming play-services-basement-18.4.0.aar (com.google.android.gms:play-services-basement:18.4.0) with ExtractAarTransform
Transforming play-services-basement-18.4.0.aar (com.google.android.gms:play-services-basement:18.4.0) with AarTransform
Transforming play-services-basement-18.4.0.aar (com.google.android.gms:play-services-basement:18.4.0) with JetifyTransform
Transforming play-services-basement-18.4.0.aar (com.google.android.gms:play-services-basement:18.4.0) with ExtractAarTransform
Transforming play-services-basement-18.4.0.aar (com.google.android.gms:play-services-basement:18.4.0) with AarTransform
Transforming play-services-basement-18.4.0.aar (com.google.android.gms:play-services-basement:18.4.0) with JetifyTransform
Transforming play-services-basement-18.4.0.aar (com.google.android.gms:play-services-basement:18.4.0) with ExtractAarTransform
Transforming play-services-basement-18.4.0.aar (com.google.android.gms:play-services-basement:18.4.0) with AarTransform
Transforming play-services-basement-18.4.0.aar (com.google.android.gms:play-services-basement:18.4.0) with JetifyTransform
Transforming play-services-basement-18.4.0.aar (com.google.android.gms:play-services-basement:18.4.0) with ExtractAarTransform
Transforming play-services-basement-18.4.0.aar (com.google.android.gms:play-services-basement:18.4.0) with AarTransform
Transforming play-services-basement-18.4.0.aar (com.google.android.gms:play-services-basement:18.4.0) with JetifyTransform
Transforming play-services-basement-18.4.0.aar (com.google.android.gms:play-services-basement:18.4.0) with ExtractAarTransform
Transforming play-services-basement-18.4.0.aar (com.google.android.gms:play-services-basement:18.4.0) with AarTransform
Transforming play-services-basement-18.4.0.aar (com.google.android.gms:play-services-basement:18.4.0) with JetifyTransform
Transforming play-services-basement-18.4.0.aar (com.google.android.gms:play-services-basement:18.4.0) with ExtractAarTransform
Transforming play-services-basement-18.4.0.aar (com.google.android.gms:play-services-basement:18.4.0) with AarTransform
Transforming play-services-basement-18.4.0.aar (com.google.android.gms:play-services-basement:18.4.0) with JetifyTransform
Transforming play-services-basement-18.4.0.aar (com.google.android.gms:play-services-basement:18.4.0) with ExtractAarTransform
Transforming play-services-basement-18.4.0.aar (com.google.android.gms:play-services-basement:18.4.0) with AarTransform
Transforming play-services-basement-18.4.0.aar (com.google.android.gms:play-services-basement:18.4.0) with JetifyTransform
Transforming play-services-basement-18.4.0.aar (com.google.android.gms:play-services-basement:18.4.0) with ExtractAarTransform
Transforming play-services-basement-18.4.0.aar (com.google.android.gms:play-services-basement:18.4.0) with AarTransform
Transforming fragment-1.8.5.aar (androidx.fragment:fragment:1.8.5) with JetifyTransform
Transforming fragment-1.8.5.aar (androidx.fragment:fragment:1.8.5) with ExtractAarTransform
Transforming fragment-1.8.5.aar (androidx.fragment:fragment:1.8.5) with AarTransform
Transforming fragment-1.8.5.aar (androidx.fragment:fragment:1.8.5) with JetifyTransform
Transforming fragment-1.8.5.aar (androidx.fragment:fragment:1.8.5) with ExtractAarTransform
Transforming fragment-1.8.5.aar (androidx.fragment:fragment:1.8.5) with AarTransform
Transforming fragment-1.8.5.aar (androidx.fragment:fragment:1.8.5) with JetifyTransform
Transforming fragment-1.8.5.aar (androidx.fragment:fragment:1.8.5) with ExtractAarTransform
Transforming fragment-1.8.5.aar (androidx.fragment:fragment:1.8.5) with AarTransform
Transforming fragment-ktx-1.8.5.aar (androidx.fragment:fragment-ktx:1.8.5) with JetifyTransform
Transforming fragment-ktx-1.8.5.aar (androidx.fragment:fragment-ktx:1.8.5) with ExtractAarTransform
Transforming fragment-ktx-1.8.5.aar (androidx.fragment:fragment-ktx:1.8.5) with AarTransform
Transforming activity-ktx-1.9.3.aar (androidx.activity:activity-ktx:1.9.3) with JetifyTransform
Transforming activity-ktx-1.9.3.aar (androidx.activity:activity-ktx:1.9.3) with ExtractAarTransform
Transforming activity-ktx-1.9.3.aar (androidx.activity:activity-ktx:1.9.3) with AarTransform
Transforming core-ktx-1.13.1.aar (androidx.core:core-ktx:1.13.1) with JetifyTransform
Transforming core-ktx-1.13.1.aar (androidx.core:core-ktx:1.13.1) with ExtractAarTransform
Transforming core-ktx-1.13.1.aar (androidx.core:core-ktx:1.13.1) with AarTransform
Transforming savedstate-ktx-1.2.1.aar (androidx.savedstate:savedstate-ktx:1.2.1) with JetifyTransform
Transforming savedstate-ktx-1.2.1.aar (androidx.savedstate:savedstate-ktx:1.2.1) with ExtractAarTransform
Transforming savedstate-ktx-1.2.1.aar (androidx.savedstate:savedstate-ktx:1.2.1) with AarTransform
Transforming savedstate-1.2.1.aar (androidx.savedstate:savedstate:1.2.1) with JetifyTransform
Transforming savedstate-1.2.1.aar (androidx.savedstate:savedstate:1.2.1) with ExtractAarTransform
Transforming savedstate-1.2.1.aar (androidx.savedstate:savedstate:1.2.1) with AarTransform
Transforming media3-exoplayer-1.4.1.aar (androidx.media3:media3-exoplayer:1.4.1) with JetifyTransform
Transforming media3-exoplayer-1.4.1.aar (androidx.media3:media3-exoplayer:1.4.1) with ExtractAarTransform
Transforming media3-exoplayer-1.4.1.aar (androidx.media3:media3-exoplayer:1.4.1) with AarTransform
Transforming media3-container-1.4.1.aar (androidx.media3:media3-container:1.4.1) with JetifyTransform
Transforming media3-container-1.4.1.aar (androidx.media3:media3-container:1.4.1) with ExtractAarTransform
Transforming media3-container-1.4.1.aar (androidx.media3:media3-container:1.4.1) with AarTransform
Transforming media3-common-1.4.1.aar (androidx.media3:media3-common:1.4.1) with JetifyTransform
Transforming media3-common-1.4.1.aar (androidx.media3:media3-common:1.4.1) with ExtractAarTransform
Transforming media3-common-1.4.1.aar (androidx.media3:media3-common:1.4.1) with AarTransform
Transforming annotation-experimental-1.4.1.aar (androidx.annotation:annotation-experimental:1.4.1) with JetifyTransform
Transforming annotation-experimental-1.4.1.aar (androidx.annotation:annotation-experimental:1.4.1) with ExtractAarTransform
Transforming annotation-experimental-1.4.1.aar (androidx.annotation:annotation-experimental:1.4.1) with AarTransform
Transforming media3-datasource-okhttp-1.4.1.aar (androidx.media3:media3-datasource-okhttp:1.4.1) with JetifyTransform
Transforming media3-datasource-okhttp-1.4.1.aar (androidx.media3:media3-datasource-okhttp:1.4.1) with ExtractAarTransform
Transforming media3-datasource-okhttp-1.4.1.aar (androidx.media3:media3-datasource-okhttp:1.4.1) with AarTransform
Transforming security-crypto-1.1.0-alpha06.aar (androidx.security:security-crypto:1.1.0-alpha06) with JetifyTransform
Transforming security-crypto-1.1.0-alpha06.aar (androidx.security:security-crypto:1.1.0-alpha06) with ExtractAarTransform
Transforming security-crypto-1.1.0-alpha06.aar (androidx.security:security-crypto:1.1.0-alpha06) with AarTransform
Transforming cursoradapter-1.0.0.aar (androidx.cursoradapter:cursoradapter:1.0.0) with JetifyTransform
Transforming cursoradapter-1.0.0.aar (androidx.cursoradapter:cursoradapter:1.0.0) with ExtractAarTransform
Transforming cursoradapter-1.0.0.aar (androidx.cursoradapter:cursoradapter:1.0.0) with AarTransform
Transforming cardview-1.0.0.aar (androidx.cardview:cardview:1.0.0) with JetifyTransform
Transforming cardview-1.0.0.aar (androidx.cardview:cardview:1.0.0) with ExtractAarTransform
Transforming cardview-1.0.0.aar (androidx.cardview:cardview:1.0.0) with AarTransform
Transforming sqlite-framework-2.4.0.aar (androidx.sqlite:sqlite-framework:2.4.0) with JetifyTransform
Transforming sqlite-framework-2.4.0.aar (androidx.sqlite:sqlite-framework:2.4.0) with ExtractAarTransform
Transforming sqlite-framework-2.4.0.aar (androidx.sqlite:sqlite-framework:2.4.0) with AarTransform
Transforming sqlite-2.4.0.aar (androidx.sqlite:sqlite:2.4.0) with JetifyTransform
Transforming sqlite-2.4.0.aar (androidx.sqlite:sqlite:2.4.0) with ExtractAarTransform
Transforming sqlite-2.4.0.aar (androidx.sqlite:sqlite:2.4.0) with AarTransform
Transforming gifdecoder-4.16.0.aar (com.github.bumptech.glide:gifdecoder:4.16.0) with JetifyTransform
Transforming gifdecoder-4.16.0.aar (com.github.bumptech.glide:gifdecoder:4.16.0) with ExtractAarTransform
Transforming gifdecoder-4.16.0.aar (com.github.bumptech.glide:gifdecoder:4.16.0) with AarTransform
Transforming versionedparcelable-1.1.1.aar (androidx.versionedparcelable:versionedparcelable:1.1.1) with JetifyTransform
Transforming versionedparcelable-1.1.1.aar (androidx.versionedparcelable:versionedparcelable:1.1.1) with ExtractAarTransform
Transforming versionedparcelable-1.1.1.aar (androidx.versionedparcelable:versionedparcelable:1.1.1) with AarTransform
Transforming core-runtime-2.2.0.aar (androidx.arch.core:core-runtime:2.2.0) with JetifyTransform
Transforming core-runtime-2.2.0.aar (androidx.arch.core:core-runtime:2.2.0) with ExtractAarTransform
Transforming core-runtime-2.2.0.aar (androidx.arch.core:core-runtime:2.2.0) with AarTransform
Transforming interpolator-1.0.0.aar (androidx.interpolator:interpolator:1.0.0) with JetifyTransform
Transforming interpolator-1.0.0.aar (androidx.interpolator:interpolator:1.0.0) with ExtractAarTransform
Transforming interpolator-1.0.0.aar (androidx.interpolator:interpolator:1.0.0) with AarTransform
Transforming documentfile-1.0.0.aar (androidx.documentfile:documentfile:1.0.0) with JetifyTransform
Transforming documentfile-1.0.0.aar (androidx.documentfile:documentfile:1.0.0) with ExtractAarTransform
Transforming documentfile-1.0.0.aar (androidx.documentfile:documentfile:1.0.0) with AarTransform
Transforming localbroadcastmanager-1.0.0.aar (androidx.localbroadcastmanager:localbroadcastmanager:1.0.0) with JetifyTransform
Transforming localbroadcastmanager-1.0.0.aar (androidx.localbroadcastmanager:localbroadcastmanager:1.0.0) with ExtractAarTransform
Transforming localbroadcastmanager-1.0.0.aar (androidx.localbroadcastmanager:localbroadcastmanager:1.0.0) with AarTransform
Transforming print-1.0.0.aar (androidx.print:print:1.0.0) with JetifyTransform
Transforming print-1.0.0.aar (androidx.print:print:1.0.0) with ExtractAarTransform
Transforming print-1.0.0.aar (androidx.print:print:1.0.0) with AarTransform
Transforming multidex-2.0.1.aar (androidx.multidex:multidex:2.0.1) with JetifyTransform
Transforming multidex-2.0.1.aar (androidx.multidex:multidex:2.0.1) with ExtractAarTransform
Transforming multidex-2.0.1.aar (androidx.multidex:multidex:2.0.1) with AarTransform
Transforming constraintlayout-2.1.4.aar (androidx.constraintlayout:constraintlayout:2.1.4) with JetifyTransform
Transforming constraintlayout-2.1.4.aar (androidx.constraintlayout:constraintlayout:2.1.4) with ExtractAarTransform
Transforming constraintlayout-2.1.4.aar (androidx.constraintlayout:constraintlayout:2.1.4) with AarTransform
Transforming media3-exoplayer-hls-1.4.1.aar (androidx.media3:media3-exoplayer-hls:1.4.1) with JetifyTransform
Transforming media3-exoplayer-hls-1.4.1.aar (androidx.media3:media3-exoplayer-hls:1.4.1) with ExtractAarTransform
Transforming media3-exoplayer-hls-1.4.1.aar (androidx.media3:media3-exoplayer-hls:1.4.1) with AarTransform
Transforming media3-ui-1.4.1.aar (androidx.media3:media3-ui:1.4.1) with JetifyTransform
Transforming media3-ui-1.4.1.aar (androidx.media3:media3-ui:1.4.1) with ExtractAarTransform
Transforming media3-ui-1.4.1.aar (androidx.media3:media3-ui:1.4.1) with AarTransform
Transforming media3-extractor-1.4.1.aar (androidx.media3:media3-extractor:1.4.1) with JetifyTransform
Transforming media3-extractor-1.4.1.aar (androidx.media3:media3-extractor:1.4.1) with ExtractAarTransform
Transforming media3-extractor-1.4.1.aar (androidx.media3:media3-extractor:1.4.1) with AarTransform
Transforming zxing-android-embedded-4.3.0.aar (com.journeyapps:zxing-android-embedded:4.3.0) with JetifyTransform
Transforming zxing-android-embedded-4.3.0.aar (com.journeyapps:zxing-android-embedded:4.3.0) with ExtractAarTransform
Transforming zxing-android-embedded-4.3.0.aar (com.journeyapps:zxing-android-embedded:4.3.0) with AarTransform
Transforming startup-runtime-1.1.1.aar (androidx.startup:startup-runtime:1.1.1) with JetifyTransform
Transforming startup-runtime-1.1.1.aar (androidx.startup:startup-runtime:1.1.1) with ExtractAarTransform
Transforming startup-runtime-1.1.1.aar (androidx.startup:startup-runtime:1.1.1) with AarTransform
Transforming tracing-1.0.0.aar (androidx.tracing:tracing:1.0.0) with JetifyTransform
Transforming tracing-1.0.0.aar (androidx.tracing:tracing:1.0.0) with ExtractAarTransform
Transforming tracing-1.0.0.aar (androidx.tracing:tracing:1.0.0) with AarTransform
Transforming exifinterface-1.3.7.aar (androidx.exifinterface:exifinterface:1.3.7) with JetifyTransform
Transforming exifinterface-1.3.7.aar (androidx.exifinterface:exifinterface:1.3.7) with ExtractAarTransform
Transforming exifinterface-1.3.7.aar (androidx.exifinterface:exifinterface:1.3.7) with AarTransform
Transforming media3-database-1.4.1.aar (androidx.media3:media3-database:1.4.1) with JetifyTransform
Transforming media3-database-1.4.1.aar (androidx.media3:media3-database:1.4.1) with ExtractAarTransform
Transforming media3-database-1.4.1.aar (androidx.media3:media3-database:1.4.1) with AarTransform
Transforming media3-datasource-1.4.1.aar (androidx.media3:media3-datasource:1.4.1) with JetifyTransform
Transforming media3-datasource-1.4.1.aar (androidx.media3:media3-datasource:1.4.1) with ExtractAarTransform
Transforming media3-datasource-1.4.1.aar (androidx.media3:media3-datasource:1.4.1) with AarTransform
Transforming media3-decoder-1.4.1.aar (androidx.media3:media3-decoder:1.4.1) with JetifyTransform
Transforming media3-decoder-1.4.1.aar (androidx.media3:media3-decoder:1.4.1) with ExtractAarTransform
Transforming media3-decoder-1.4.1.aar (androidx.media3:media3-decoder:1.4.1) with AarTransform
Transforming firebase-components-18.0.0.aar (com.google.firebase:firebase-components:18.0.0) with JetifyTransform
Transforming firebase-components-18.0.0.aar (com.google.firebase:firebase-components:18.0.0) with ExtractAarTransform
Transforming firebase-components-18.0.0.aar (com.google.firebase:firebase-components:18.0.0) with AarTransform
Transforming firebase-components-18.0.0.aar (com.google.firebase:firebase-components:18.0.0) with JetifyTransform
Transforming firebase-components-18.0.0.aar (com.google.firebase:firebase-components:18.0.0) with ExtractAarTransform
Transforming firebase-components-18.0.0.aar (com.google.firebase:firebase-components:18.0.0) with AarTransform
Transforming firebase-components-18.0.0.aar (com.google.firebase:firebase-components:18.0.0) with JetifyTransform
Transforming firebase-components-18.0.0.aar (com.google.firebase:firebase-components:18.0.0) with ExtractAarTransform
Transforming firebase-components-18.0.0.aar (com.google.firebase:firebase-components:18.0.0) with AarTransform
Transforming firebase-components-18.0.0.aar (com.google.firebase:firebase-components:18.0.0) with JetifyTransform
Transforming firebase-components-18.0.0.aar (com.google.firebase:firebase-components:18.0.0) with ExtractAarTransform
Transforming firebase-components-18.0.0.aar (com.google.firebase:firebase-components:18.0.0) with AarTransform
Transforming firebase-components-18.0.0.aar (com.google.firebase:firebase-components:18.0.0) with JetifyTransform
Transforming firebase-components-18.0.0.aar (com.google.firebase:firebase-components:18.0.0) with ExtractAarTransform
Transforming firebase-components-18.0.0.aar (com.google.firebase:firebase-components:18.0.0) with AarTransform
Transforming dagger-lint-aar-2.51.1.aar (com.google.dagger:dagger-lint-aar:2.51.1) with JetifyTransform
Transforming dagger-lint-aar-2.51.1.aar (com.google.dagger:dagger-lint-aar:2.51.1) with ExtractAarTransform
Transforming dagger-lint-aar-2.51.1.aar (com.google.dagger:dagger-lint-aar:2.51.1) with AarTransform
Transforming protolite-well-known-types-18.0.0.aar (com.google.firebase:protolite-well-known-types:18.0.0) with JetifyTransform
Transforming protolite-well-known-types-18.0.0.aar (com.google.firebase:protolite-well-known-types:18.0.0) with ExtractAarTransform
Transforming protolite-well-known-types-18.0.0.aar (com.google.firebase:protolite-well-known-types:18.0.0) with AarTransform
Build cache key for task ':app:dataBindingGenBaseClassesDebug' is b110697115931550a72003d04695b76d
Skipping task ':app:dataBindingGenBaseClassesDebug' as it is up-to-date.
Resolve mutations for :app:generateDebugBuildConfig (Thread[#75,Execution worker Thread 3,5,main]) started.
:app:generateDebugBuildConfig (Thread[#75,Execution worker Thread 3,5,main]) started.

> Task :app:generateDebugBuildConfig UP-TO-DATE
Build cache key for task ':app:generateDebugBuildConfig' is 388fca09c992c129900bc84bcbf08d87
Skipping task ':app:generateDebugBuildConfig' as it is up-to-date.
Resolve mutations for :app:checkDebugAarMetadata (Thread[#75,Execution worker Thread 3,5,main]) started.
:app:checkDebugAarMetadata (Thread[#75,Execution worker Thread 3,5,main]) started.

> Task :app:checkDebugAarMetadata UP-TO-DATE
Transforming viewbinding-8.7.1.aar (androidx.databinding:viewbinding:8.7.1) with JetifyTransform
Transforming viewbinding-8.7.1.aar (androidx.databinding:viewbinding:8.7.1) with ExtractAarTransform
Transforming viewbinding-8.7.1.aar (androidx.databinding:viewbinding:8.7.1) with AarTransform
Transforming material-1.12.0.aar (com.google.android.material:material:1.12.0) with JetifyTransform
Transforming material-1.12.0.aar (com.google.android.material:material:1.12.0) with ExtractAarTransform
Transforming material-1.12.0.aar (com.google.android.material:material:1.12.0) with AarTransform
Transforming constraintlayout-2.1.4.aar (androidx.constraintlayout:constraintlayout:2.1.4) with JetifyTransform
Transforming constraintlayout-2.1.4.aar (androidx.constraintlayout:constraintlayout:2.1.4) with ExtractAarTransform
Transforming constraintlayout-2.1.4.aar (androidx.constraintlayout:constraintlayout:2.1.4) with AarTransform
Transforming coil-compose-2.6.0.aar (io.coil-kt:coil-compose:2.6.0) with JetifyTransform
Transforming coil-compose-2.6.0.aar (io.coil-kt:coil-compose:2.6.0) with ExtractAarTransform
Transforming coil-compose-2.6.0.aar (io.coil-kt:coil-compose:2.6.0) with AarTransform
Transforming coil-compose-base-2.6.0.aar (io.coil-kt:coil-compose-base:2.6.0) with JetifyTransform
Transforming coil-compose-base-2.6.0.aar (io.coil-kt:coil-compose-base:2.6.0) with ExtractAarTransform
Transforming coil-compose-base-2.6.0.aar (io.coil-kt:coil-compose-base:2.6.0) with AarTransform
Transforming coil-2.6.0.aar (io.coil-kt:coil:2.6.0) with JetifyTransform
Transforming coil-2.6.0.aar (io.coil-kt:coil:2.6.0) with ExtractAarTransform
Transforming coil-2.6.0.aar (io.coil-kt:coil:2.6.0) with AarTransform
Transforming coil-base-2.6.0.aar (io.coil-kt:coil-base:2.6.0) with JetifyTransform
Transforming coil-base-2.6.0.aar (io.coil-kt:coil-base:2.6.0) with ExtractAarTransform
Transforming coil-base-2.6.0.aar (io.coil-kt:coil-base:2.6.0) with AarTransform
Transforming appcompat-resources-1.7.0.aar (androidx.appcompat:appcompat-resources:1.7.0) with JetifyTransform
Transforming appcompat-resources-1.7.0.aar (androidx.appcompat:appcompat-resources:1.7.0) with ExtractAarTransform
Transforming appcompat-resources-1.7.0.aar (androidx.appcompat:appcompat-resources:1.7.0) with AarTransform
Transforming preference-ktx-1.2.1.aar (androidx.preference:preference-ktx:1.2.1) with JetifyTransform
Transforming preference-ktx-1.2.1.aar (androidx.preference:preference-ktx:1.2.1) with ExtractAarTransform
Transforming preference-ktx-1.2.1.aar (androidx.preference:preference-ktx:1.2.1) with AarTransform
Transforming preference-1.2.1.aar (androidx.preference:preference:1.2.1) with JetifyTransform
Transforming preference-1.2.1.aar (androidx.preference:preference:1.2.1) with ExtractAarTransform
Transforming preference-1.2.1.aar (androidx.preference:preference:1.2.1) with AarTransform
Transforming appcompat-1.7.0.aar (androidx.appcompat:appcompat:1.7.0) with JetifyTransform
Transforming appcompat-1.7.0.aar (androidx.appcompat:appcompat:1.7.0) with ExtractAarTransform
Transforming appcompat-1.7.0.aar (androidx.appcompat:appcompat:1.7.0) with AarTransform
Transforming glide-4.16.0.aar (com.github.bumptech.glide:glide:4.16.0) with JetifyTransform
Transforming glide-4.16.0.aar (com.github.bumptech.glide:glide:4.16.0) with ExtractAarTransform
Transforming glide-4.16.0.aar (com.github.bumptech.glide:glide:4.16.0) with AarTransform
Transforming hilt-work-1.2.0.aar (androidx.hilt:hilt-work:1.2.0) with JetifyTransform
Transforming hilt-work-1.2.0.aar (androidx.hilt:hilt-work:1.2.0) with ExtractAarTransform
Transforming hilt-work-1.2.0.aar (androidx.hilt:hilt-work:1.2.0) with AarTransform
Transforming hilt-android-2.51.1.aar (com.google.dagger:hilt-android:2.51.1) with JetifyTransform
Transforming hilt-android-2.51.1.aar (com.google.dagger:hilt-android:2.51.1) with ExtractAarTransform
Transforming hilt-android-2.51.1.aar (com.google.dagger:hilt-android:2.51.1) with AarTransform
Transforming media3-exoplayer-hls-1.4.1.aar (androidx.media3:media3-exoplayer-hls:1.4.1) with JetifyTransform
Transforming media3-exoplayer-hls-1.4.1.aar (androidx.media3:media3-exoplayer-hls:1.4.1) with ExtractAarTransform
Transforming media3-exoplayer-hls-1.4.1.aar (androidx.media3:media3-exoplayer-hls:1.4.1) with AarTransform
Transforming media3-exoplayer-1.4.1.aar (androidx.media3:media3-exoplayer:1.4.1) with JetifyTransform
Transforming media3-exoplayer-1.4.1.aar (androidx.media3:media3-exoplayer:1.4.1) with ExtractAarTransform
Transforming media3-exoplayer-1.4.1.aar (androidx.media3:media3-exoplayer:1.4.1) with AarTransform
Transforming media3-datasource-okhttp-1.4.1.aar (androidx.media3:media3-datasource-okhttp:1.4.1) with JetifyTransform
Transforming media3-datasource-okhttp-1.4.1.aar (androidx.media3:media3-datasource-okhttp:1.4.1) with ExtractAarTransform
Transforming media3-datasource-okhttp-1.4.1.aar (androidx.media3:media3-datasource-okhttp:1.4.1) with AarTransform
Transforming media3-extractor-1.4.1.aar (androidx.media3:media3-extractor:1.4.1) with JetifyTransform
Transforming media3-extractor-1.4.1.aar (androidx.media3:media3-extractor:1.4.1) with ExtractAarTransform
Transforming media3-extractor-1.4.1.aar (androidx.media3:media3-extractor:1.4.1) with AarTransform
Transforming media3-container-1.4.1.aar (androidx.media3:media3-container:1.4.1) with JetifyTransform
Transforming media3-container-1.4.1.aar (androidx.media3:media3-container:1.4.1) with ExtractAarTransform
Transforming media3-container-1.4.1.aar (androidx.media3:media3-container:1.4.1) with AarTransform
Transforming media3-datasource-1.4.1.aar (androidx.media3:media3-datasource:1.4.1) with JetifyTransform
Transforming media3-datasource-1.4.1.aar (androidx.media3:media3-datasource:1.4.1) with ExtractAarTransform
Transforming media3-datasource-1.4.1.aar (androidx.media3:media3-datasource:1.4.1) with AarTransform
Transforming media3-decoder-1.4.1.aar (androidx.media3:media3-decoder:1.4.1) with JetifyTransform
Transforming media3-decoder-1.4.1.aar (androidx.media3:media3-decoder:1.4.1) with ExtractAarTransform
Transforming media3-decoder-1.4.1.aar (androidx.media3:media3-decoder:1.4.1) with AarTransform
Transforming media3-database-1.4.1.aar (androidx.media3:media3-database:1.4.1) with JetifyTransform
Transforming media3-database-1.4.1.aar (androidx.media3:media3-database:1.4.1) with ExtractAarTransform
Transforming media3-database-1.4.1.aar (androidx.media3:media3-database:1.4.1) with AarTransform
Transforming media3-common-1.4.1.aar (androidx.media3:media3-common:1.4.1) with JetifyTransform
Transforming media3-common-1.4.1.aar (androidx.media3:media3-common:1.4.1) with ExtractAarTransform
Transforming media3-common-1.4.1.aar (androidx.media3:media3-common:1.4.1) with AarTransform
Transforming media3-ui-1.4.1.aar (androidx.media3:media3-ui:1.4.1) with JetifyTransform
Transforming media3-ui-1.4.1.aar (androidx.media3:media3-ui:1.4.1) with ExtractAarTransform
Transforming media3-ui-1.4.1.aar (androidx.media3:media3-ui:1.4.1) with AarTransform
Transforming work-runtime-ktx-2.9.1.aar (androidx.work:work-runtime-ktx:2.9.1) with JetifyTransform
Transforming work-runtime-ktx-2.9.1.aar (androidx.work:work-runtime-ktx:2.9.1) with ExtractAarTransform
Transforming work-runtime-ktx-2.9.1.aar (androidx.work:work-runtime-ktx:2.9.1) with AarTransform
Transforming work-runtime-2.9.1.aar (androidx.work:work-runtime:2.9.1) with JetifyTransform
Transforming work-runtime-2.9.1.aar (androidx.work:work-runtime:2.9.1) with ExtractAarTransform
Transforming work-runtime-2.9.1.aar (androidx.work:work-runtime:2.9.1) with AarTransform
Transforming room-ktx-2.6.1.aar (androidx.room:room-ktx:2.6.1) with JetifyTransform
Transforming room-ktx-2.6.1.aar (androidx.room:room-ktx:2.6.1) with ExtractAarTransform
Transforming room-ktx-2.6.1.aar (androidx.room:room-ktx:2.6.1) with AarTransform
Transforming room-runtime-2.6.1.aar (androidx.room:room-runtime:2.6.1) with JetifyTransform
Transforming room-runtime-2.6.1.aar (androidx.room:room-runtime:2.6.1) with ExtractAarTransform
Transforming room-runtime-2.6.1.aar (androidx.room:room-runtime:2.6.1) with AarTransform
Transforming room-paging-2.6.1.aar (androidx.room:room-paging:2.6.1) with JetifyTransform
Transforming room-paging-2.6.1.aar (androidx.room:room-paging:2.6.1) with ExtractAarTransform
Transforming room-paging-2.6.1.aar (androidx.room:room-paging:2.6.1) with AarTransform
Transforming paging-common-release.aar (androidx.paging:paging-common-android:3.3.2) with JetifyTransform
Transforming paging-common-release.aar (androidx.paging:paging-common-android:3.3.2) with ExtractAarTransform
Transforming paging-common-release.aar (androidx.paging:paging-common-android:3.3.2) with AarTransform
Transforming paging-runtime-ktx-3.3.2.aar (androidx.paging:paging-runtime-ktx:3.3.2) with JetifyTransform
Transforming paging-runtime-ktx-3.3.2.aar (androidx.paging:paging-runtime-ktx:3.3.2) with ExtractAarTransform
Transforming paging-runtime-ktx-3.3.2.aar (androidx.paging:paging-runtime-ktx:3.3.2) with AarTransform
Transforming paging-runtime-3.3.2.aar (androidx.paging:paging-runtime:3.3.2) with JetifyTransform
Transforming paging-runtime-3.3.2.aar (androidx.paging:paging-runtime:3.3.2) with ExtractAarTransform
Transforming paging-runtime-3.3.2.aar (androidx.paging:paging-runtime:3.3.2) with AarTransform
Transforming recyclerview-1.3.2.aar (androidx.recyclerview:recyclerview:1.3.2) with JetifyTransform
Transforming recyclerview-1.3.2.aar (androidx.recyclerview:recyclerview:1.3.2) with ExtractAarTransform
Transforming recyclerview-1.3.2.aar (androidx.recyclerview:recyclerview:1.3.2) with AarTransform
Transforming viewpager2-1.1.0-beta02.aar (androidx.viewpager2:viewpager2:1.1.0-beta02) with JetifyTransform
Transforming viewpager2-1.1.0-beta02.aar (androidx.viewpager2:viewpager2:1.1.0-beta02) with ExtractAarTransform
Transforming viewpager2-1.1.0-beta02.aar (androidx.viewpager2:viewpager2:1.1.0-beta02) with AarTransform
Transforming firebase-firestore-ktx-25.0.0.aar (com.google.firebase:firebase-firestore-ktx:25.0.0) with JetifyTransform
Transforming firebase-firestore-ktx-25.0.0.aar (com.google.firebase:firebase-firestore-ktx:25.0.0) with ExtractAarTransform
Transforming firebase-firestore-ktx-25.0.0.aar (com.google.firebase:firebase-firestore-ktx:25.0.0) with AarTransform
Transforming firebase-firestore-25.0.0.aar (com.google.firebase:firebase-firestore:25.0.0) with JetifyTransform
Transforming firebase-firestore-25.0.0.aar (com.google.firebase:firebase-firestore:25.0.0) with ExtractAarTransform
Transforming firebase-firestore-25.0.0.aar (com.google.firebase:firebase-firestore:25.0.0) with AarTransform
Transforming firebase-appcheck-interop-17.0.0.aar (com.google.firebase:firebase-appcheck-interop:17.0.0) with JetifyTransform
Transforming firebase-appcheck-interop-17.0.0.aar (com.google.firebase:firebase-appcheck-interop:17.0.0) with ExtractAarTransform
Transforming firebase-appcheck-interop-17.0.0.aar (com.google.firebase:firebase-appcheck-interop:17.0.0) with AarTransform
Transforming firebase-database-collection-18.0.1.aar (com.google.firebase:firebase-database-collection:18.0.1) with JetifyTransform
Transforming firebase-database-collection-18.0.1.aar (com.google.firebase:firebase-database-collection:18.0.1) with ExtractAarTransform
Transforming firebase-database-collection-18.0.1.aar (com.google.firebase:firebase-database-collection:18.0.1) with AarTransform
Transforming play-services-base-18.0.1.aar (com.google.android.gms:play-services-base:18.0.1) with JetifyTransform
Transforming play-services-base-18.0.1.aar (com.google.android.gms:play-services-base:18.0.1) with ExtractAarTransform
Transforming play-services-base-18.0.1.aar (com.google.android.gms:play-services-base:18.0.1) with AarTransform
Transforming play-services-base-18.0.1.aar (com.google.android.gms:play-services-base:18.0.1) with JetifyTransform
Transforming play-services-base-18.0.1.aar (com.google.android.gms:play-services-base:18.0.1) with ExtractAarTransform
Transforming play-services-base-18.0.1.aar (com.google.android.gms:play-services-base:18.0.1) with AarTransform
Transforming play-services-base-18.0.1.aar (com.google.android.gms:play-services-base:18.0.1) with JetifyTransform
Transforming play-services-base-18.0.1.aar (com.google.android.gms:play-services-base:18.0.1) with ExtractAarTransform
Transforming play-services-base-18.0.1.aar (com.google.android.gms:play-services-base:18.0.1) with AarTransform
Transforming firebase-analytics-ktx-22.0.2.aar (com.google.firebase:firebase-analytics-ktx:22.0.2) with JetifyTransform
Transforming firebase-analytics-ktx-22.0.2.aar (com.google.firebase:firebase-analytics-ktx:22.0.2) with ExtractAarTransform
Transforming firebase-analytics-ktx-22.0.2.aar (com.google.firebase:firebase-analytics-ktx:22.0.2) with AarTransform
Transforming firebase-analytics-22.0.2.aar (com.google.firebase:firebase-analytics:22.0.2) with JetifyTransform
Transforming firebase-analytics-22.0.2.aar (com.google.firebase:firebase-analytics:22.0.2) with ExtractAarTransform
Transforming firebase-analytics-22.0.2.aar (com.google.firebase:firebase-analytics:22.0.2) with AarTransform
Transforming play-services-measurement-api-22.0.2.aar (com.google.android.gms:play-services-measurement-api:22.0.2) with JetifyTransform
Transforming play-services-measurement-api-22.0.2.aar (com.google.android.gms:play-services-measurement-api:22.0.2) with ExtractAarTransform
Transforming play-services-measurement-api-22.0.2.aar (com.google.android.gms:play-services-measurement-api:22.0.2) with AarTransform
Transforming firebase-installations-18.0.0.aar (com.google.firebase:firebase-installations:18.0.0) with JetifyTransform
Transforming firebase-installations-18.0.0.aar (com.google.firebase:firebase-installations:18.0.0) with ExtractAarTransform
Transforming firebase-installations-18.0.0.aar (com.google.firebase:firebase-installations:18.0.0) with AarTransform
Transforming firebase-common-ktx-21.0.0.aar (com.google.firebase:firebase-common-ktx:21.0.0) with JetifyTransform
Transforming firebase-common-ktx-21.0.0.aar (com.google.firebase:firebase-common-ktx:21.0.0) with ExtractAarTransform
Transforming firebase-common-ktx-21.0.0.aar (com.google.firebase:firebase-common-ktx:21.0.0) with AarTransform
Transforming firebase-common-ktx-21.0.0.aar (com.google.firebase:firebase-common-ktx:21.0.0) with JetifyTransform
Transforming firebase-common-ktx-21.0.0.aar (com.google.firebase:firebase-common-ktx:21.0.0) with ExtractAarTransform
Transforming firebase-common-ktx-21.0.0.aar (com.google.firebase:firebase-common-ktx:21.0.0) with AarTransform
Transforming firebase-common-ktx-21.0.0.aar (com.google.firebase:firebase-common-ktx:21.0.0) with JetifyTransform
Transforming firebase-common-ktx-21.0.0.aar (com.google.firebase:firebase-common-ktx:21.0.0) with ExtractAarTransform
Transforming firebase-common-ktx-21.0.0.aar (com.google.firebase:firebase-common-ktx:21.0.0) with AarTransform
Transforming firebase-common-ktx-21.0.0.aar (com.google.firebase:firebase-common-ktx:21.0.0) with JetifyTransform
Transforming firebase-common-ktx-21.0.0.aar (com.google.firebase:firebase-common-ktx:21.0.0) with ExtractAarTransform
Transforming firebase-common-ktx-21.0.0.aar (com.google.firebase:firebase-common-ktx:21.0.0) with AarTransform
Transforming firebase-common-ktx-21.0.0.aar (com.google.firebase:firebase-common-ktx:21.0.0) with JetifyTransform
Transforming firebase-common-ktx-21.0.0.aar (com.google.firebase:firebase-common-ktx:21.0.0) with ExtractAarTransform
Transforming firebase-common-ktx-21.0.0.aar (com.google.firebase:firebase-common-ktx:21.0.0) with AarTransform
Transforming firebase-common-21.0.0.aar (com.google.firebase:firebase-common:21.0.0) with JetifyTransform
Transforming firebase-common-21.0.0.aar (com.google.firebase:firebase-common:21.0.0) with ExtractAarTransform
Transforming firebase-common-21.0.0.aar (com.google.firebase:firebase-common:21.0.0) with AarTransform
Transforming firebase-common-21.0.0.aar (com.google.firebase:firebase-common:21.0.0) with JetifyTransform
Transforming firebase-common-21.0.0.aar (com.google.firebase:firebase-common:21.0.0) with ExtractAarTransform
Transforming firebase-common-21.0.0.aar (com.google.firebase:firebase-common:21.0.0) with AarTransform
Transforming firebase-common-21.0.0.aar (com.google.firebase:firebase-common:21.0.0) with JetifyTransform
Transforming firebase-common-21.0.0.aar (com.google.firebase:firebase-common:21.0.0) with ExtractAarTransform
Transforming firebase-common-21.0.0.aar (com.google.firebase:firebase-common:21.0.0) with AarTransform
Transforming firebase-common-21.0.0.aar (com.google.firebase:firebase-common:21.0.0) with JetifyTransform
Transforming firebase-common-21.0.0.aar (com.google.firebase:firebase-common:21.0.0) with ExtractAarTransform
Transforming firebase-common-21.0.0.aar (com.google.firebase:firebase-common:21.0.0) with AarTransform
Transforming firebase-common-21.0.0.aar (com.google.firebase:firebase-common:21.0.0) with JetifyTransform
Transforming firebase-common-21.0.0.aar (com.google.firebase:firebase-common:21.0.0) with ExtractAarTransform
Transforming firebase-common-21.0.0.aar (com.google.firebase:firebase-common:21.0.0) with AarTransform
Transforming firebase-common-21.0.0.aar (com.google.firebase:firebase-common:21.0.0) with JetifyTransform
Transforming firebase-common-21.0.0.aar (com.google.firebase:firebase-common:21.0.0) with ExtractAarTransform
Transforming firebase-common-21.0.0.aar (com.google.firebase:firebase-common:21.0.0) with AarTransform
Transforming play-services-measurement-22.0.2.aar (com.google.android.gms:play-services-measurement:22.0.2) with JetifyTransform
Transforming play-services-measurement-22.0.2.aar (com.google.android.gms:play-services-measurement:22.0.2) with ExtractAarTransform
Transforming play-services-measurement-22.0.2.aar (com.google.android.gms:play-services-measurement:22.0.2) with AarTransform
Transforming play-services-measurement-sdk-22.0.2.aar (com.google.android.gms:play-services-measurement-sdk:22.0.2) with JetifyTransform
Transforming play-services-measurement-sdk-22.0.2.aar (com.google.android.gms:play-services-measurement-sdk:22.0.2) with ExtractAarTransform
Transforming play-services-measurement-sdk-22.0.2.aar (com.google.android.gms:play-services-measurement-sdk:22.0.2) with AarTransform
Transforming firebase-auth-interop-19.0.2.aar (com.google.firebase:firebase-auth-interop:19.0.2) with JetifyTransform
Transforming firebase-auth-interop-19.0.2.aar (com.google.firebase:firebase-auth-interop:19.0.2) with ExtractAarTransform
Transforming firebase-auth-interop-19.0.2.aar (com.google.firebase:firebase-auth-interop:19.0.2) with AarTransform
Transforming play-services-measurement-impl-22.0.2.aar (com.google.android.gms:play-services-measurement-impl:22.0.2) with JetifyTransform
Transforming play-services-measurement-impl-22.0.2.aar (com.google.android.gms:play-services-measurement-impl:22.0.2) with ExtractAarTransform
Transforming play-services-measurement-impl-22.0.2.aar (com.google.android.gms:play-services-measurement-impl:22.0.2) with AarTransform
Transforming play-services-measurement-impl-22.0.2.aar (com.google.android.gms:play-services-measurement-impl:22.0.2) with JetifyTransform
Transforming play-services-measurement-impl-22.0.2.aar (com.google.android.gms:play-services-measurement-impl:22.0.2) with ExtractAarTransform
Transforming play-services-measurement-impl-22.0.2.aar (com.google.android.gms:play-services-measurement-impl:22.0.2) with AarTransform
Transforming play-services-ads-identifier-18.0.0.aar (com.google.android.gms:play-services-ads-identifier:18.0.0) with JetifyTransform
Transforming play-services-ads-identifier-18.0.0.aar (com.google.android.gms:play-services-ads-identifier:18.0.0) with ExtractAarTransform
Transforming play-services-ads-identifier-18.0.0.aar (com.google.android.gms:play-services-ads-identifier:18.0.0) with AarTransform
Transforming play-services-ads-identifier-18.0.0.aar (com.google.android.gms:play-services-ads-identifier:18.0.0) with JetifyTransform
Transforming play-services-ads-identifier-18.0.0.aar (com.google.android.gms:play-services-ads-identifier:18.0.0) with ExtractAarTransform
Transforming play-services-ads-identifier-18.0.0.aar (com.google.android.gms:play-services-ads-identifier:18.0.0) with AarTransform
Transforming play-services-ads-identifier-18.0.0.aar (com.google.android.gms:play-services-ads-identifier:18.0.0) with JetifyTransform
Transforming play-services-ads-identifier-18.0.0.aar (com.google.android.gms:play-services-ads-identifier:18.0.0) with ExtractAarTransform
Transforming play-services-ads-identifier-18.0.0.aar (com.google.android.gms:play-services-ads-identifier:18.0.0) with AarTransform
Transforming play-services-measurement-sdk-api-22.0.2.aar (com.google.android.gms:play-services-measurement-sdk-api:22.0.2) with JetifyTransform
Transforming play-services-measurement-sdk-api-22.0.2.aar (com.google.android.gms:play-services-measurement-sdk-api:22.0.2) with ExtractAarTransform
Transforming play-services-measurement-sdk-api-22.0.2.aar (com.google.android.gms:play-services-measurement-sdk-api:22.0.2) with AarTransform
Transforming play-services-measurement-base-22.0.2.aar (com.google.android.gms:play-services-measurement-base:22.0.2) with JetifyTransform
Transforming play-services-measurement-base-22.0.2.aar (com.google.android.gms:play-services-measurement-base:22.0.2) with ExtractAarTransform
Transforming play-services-measurement-base-22.0.2.aar (com.google.android.gms:play-services-measurement-base:22.0.2) with AarTransform
Transforming play-services-measurement-base-22.0.2.aar (com.google.android.gms:play-services-measurement-base:22.0.2) with JetifyTransform
Transforming play-services-measurement-base-22.0.2.aar (com.google.android.gms:play-services-measurement-base:22.0.2) with ExtractAarTransform
Transforming play-services-measurement-base-22.0.2.aar (com.google.android.gms:play-services-measurement-base:22.0.2) with AarTransform
Transforming play-services-measurement-base-22.0.2.aar (com.google.android.gms:play-services-measurement-base:22.0.2) with JetifyTransform
Transforming play-services-measurement-base-22.0.2.aar (com.google.android.gms:play-services-measurement-base:22.0.2) with ExtractAarTransform
Transforming play-services-measurement-base-22.0.2.aar (com.google.android.gms:play-services-measurement-base:22.0.2) with AarTransform
Transforming play-services-measurement-base-22.0.2.aar (com.google.android.gms:play-services-measurement-base:22.0.2) with JetifyTransform
Transforming play-services-measurement-base-22.0.2.aar (com.google.android.gms:play-services-measurement-base:22.0.2) with ExtractAarTransform
Transforming play-services-measurement-base-22.0.2.aar (com.google.android.gms:play-services-measurement-base:22.0.2) with AarTransform
Transforming play-services-measurement-base-22.0.2.aar (com.google.android.gms:play-services-measurement-base:22.0.2) with JetifyTransform
Transforming play-services-measurement-base-22.0.2.aar (com.google.android.gms:play-services-measurement-base:22.0.2) with ExtractAarTransform
Transforming play-services-measurement-base-22.0.2.aar (com.google.android.gms:play-services-measurement-base:22.0.2) with AarTransform
Transforming play-services-stats-17.0.2.aar (com.google.android.gms:play-services-stats:17.0.2) with JetifyTransform
Transforming play-services-stats-17.0.2.aar (com.google.android.gms:play-services-stats:17.0.2) with ExtractAarTransform
Transforming play-services-stats-17.0.2.aar (com.google.android.gms:play-services-stats:17.0.2) with AarTransform
Transforming play-services-stats-17.0.2.aar (com.google.android.gms:play-services-stats:17.0.2) with JetifyTransform
Transforming play-services-stats-17.0.2.aar (com.google.android.gms:play-services-stats:17.0.2) with ExtractAarTransform
Transforming play-services-stats-17.0.2.aar (com.google.android.gms:play-services-stats:17.0.2) with AarTransform
Transforming material3-release.aar (androidx.compose.material3:material3-android:1.2.0) with JetifyTransform
Transforming material3-release.aar (androidx.compose.material3:material3-android:1.2.0) with ExtractAarTransform
Transforming material3-release.aar (androidx.compose.material3:material3-android:1.2.0) with AarTransform
Transforming material-ripple-release.aar (androidx.compose.material:material-ripple-android:1.6.2) with JetifyTransform
Transforming material-ripple-release.aar (androidx.compose.material:material-ripple-android:1.6.2) with ExtractAarTransform
Transforming material-ripple-release.aar (androidx.compose.material:material-ripple-android:1.6.2) with AarTransform
Transforming material-icons-core-release.aar (androidx.compose.material:material-icons-core-android:1.6.2) with JetifyTransform
Transforming material-icons-core-release.aar (androidx.compose.material:material-icons-core-android:1.6.2) with ExtractAarTransform
Transforming material-icons-core-release.aar (androidx.compose.material:material-icons-core-android:1.6.2) with AarTransform
Transforming material-release.aar (androidx.compose.material:material-android:1.6.2) with JetifyTransform
Transforming material-release.aar (androidx.compose.material:material-android:1.6.2) with ExtractAarTransform
Transforming material-release.aar (androidx.compose.material:material-android:1.6.2) with AarTransform
Transforming animation-core-release.aar (androidx.compose.animation:animation-core-android:1.6.2) with JetifyTransform
Transforming animation-core-release.aar (androidx.compose.animation:animation-core-android:1.6.2) with ExtractAarTransform
Transforming animation-core-release.aar (androidx.compose.animation:animation-core-android:1.6.2) with AarTransform
Transforming animation-release.aar (androidx.compose.animation:animation-android:1.6.2) with JetifyTransform
Transforming animation-release.aar (androidx.compose.animation:animation-android:1.6.2) with ExtractAarTransform
Transforming animation-release.aar (androidx.compose.animation:animation-android:1.6.2) with AarTransform
Transforming foundation-layout-release.aar (androidx.compose.foundation:foundation-layout-android:1.6.2) with JetifyTransform
Transforming foundation-layout-release.aar (androidx.compose.foundation:foundation-layout-android:1.6.2) with ExtractAarTransform
Transforming foundation-layout-release.aar (androidx.compose.foundation:foundation-layout-android:1.6.2) with AarTransform
Transforming foundation-release.aar (androidx.compose.foundation:foundation-android:1.6.2) with JetifyTransform
Transforming foundation-release.aar (androidx.compose.foundation:foundation-android:1.6.2) with ExtractAarTransform
Transforming foundation-release.aar (androidx.compose.foundation:foundation-android:1.6.2) with AarTransform
Transforming ui-tooling-data-release.aar (androidx.compose.ui:ui-tooling-data-android:1.6.2) with JetifyTransform
Transforming ui-tooling-data-release.aar (androidx.compose.ui:ui-tooling-data-android:1.6.2) with ExtractAarTransform
Transforming ui-tooling-data-release.aar (androidx.compose.ui:ui-tooling-data-android:1.6.2) with AarTransform
Transforming ui-unit-release.aar (androidx.compose.ui:ui-unit-android:1.6.2) with JetifyTransform
Transforming ui-unit-release.aar (androidx.compose.ui:ui-unit-android:1.6.2) with ExtractAarTransform
Transforming ui-unit-release.aar (androidx.compose.ui:ui-unit-android:1.6.2) with AarTransform
Transforming ui-geometry-release.aar (androidx.compose.ui:ui-geometry-android:1.6.2) with JetifyTransform
Transforming ui-geometry-release.aar (androidx.compose.ui:ui-geometry-android:1.6.2) with ExtractAarTransform
Transforming ui-geometry-release.aar (androidx.compose.ui:ui-geometry-android:1.6.2) with AarTransform
Transforming ui-util-release.aar (androidx.compose.ui:ui-util-android:1.6.2) with JetifyTransform
Transforming ui-util-release.aar (androidx.compose.ui:ui-util-android:1.6.2) with ExtractAarTransform
Transforming ui-util-release.aar (androidx.compose.ui:ui-util-android:1.6.2) with AarTransform
Transforming ui-text-release.aar (androidx.compose.ui:ui-text-android:1.6.2) with JetifyTransform
Transforming ui-text-release.aar (androidx.compose.ui:ui-text-android:1.6.2) with ExtractAarTransform
Transforming ui-text-release.aar (androidx.compose.ui:ui-text-android:1.6.2) with AarTransform
Transforming ui-tooling-preview-release.aar (androidx.compose.ui:ui-tooling-preview-android:1.6.2) with JetifyTransform
Transforming ui-tooling-preview-release.aar (androidx.compose.ui:ui-tooling-preview-android:1.6.2) with ExtractAarTransform
Transforming ui-tooling-preview-release.aar (androidx.compose.ui:ui-tooling-preview-android:1.6.2) with AarTransform
Transforming ui-graphics-release.aar (androidx.compose.ui:ui-graphics-android:1.6.2) with JetifyTransform
Transforming ui-graphics-release.aar (androidx.compose.ui:ui-graphics-android:1.6.2) with ExtractAarTransform
Transforming ui-graphics-release.aar (androidx.compose.ui:ui-graphics-android:1.6.2) with AarTransform
Transforming ui-tooling-release.aar (androidx.compose.ui:ui-tooling-android:1.6.2) with JetifyTransform
Transforming ui-tooling-release.aar (androidx.compose.ui:ui-tooling-android:1.6.2) with ExtractAarTransform
Transforming ui-tooling-release.aar (androidx.compose.ui:ui-tooling-android:1.6.2) with AarTransform
Transforming activity-compose-1.9.3.aar (androidx.activity:activity-compose:1.9.3) with JetifyTransform
Transforming activity-compose-1.9.3.aar (androidx.activity:activity-compose:1.9.3) with ExtractAarTransform
Transforming activity-compose-1.9.3.aar (androidx.activity:activity-compose:1.9.3) with AarTransform
Transforming emoji2-views-helper-1.3.0.aar (androidx.emoji2:emoji2-views-helper:1.3.0) with JetifyTransform
Transforming emoji2-views-helper-1.3.0.aar (androidx.emoji2:emoji2-views-helper:1.3.0) with ExtractAarTransform
Transforming emoji2-views-helper-1.3.0.aar (androidx.emoji2:emoji2-views-helper:1.3.0) with AarTransform
Transforming emoji2-1.3.0.aar (androidx.emoji2:emoji2:1.3.0) with JetifyTransform
Transforming emoji2-1.3.0.aar (androidx.emoji2:emoji2:1.3.0) with ExtractAarTransform
Transforming emoji2-1.3.0.aar (androidx.emoji2:emoji2:1.3.0) with AarTransform
Transforming slidingpanelayout-1.2.0.aar (androidx.slidingpanelayout:slidingpanelayout:1.2.0) with JetifyTransform
Transforming slidingpanelayout-1.2.0.aar (androidx.slidingpanelayout:slidingpanelayout:1.2.0) with ExtractAarTransform
Transforming slidingpanelayout-1.2.0.aar (androidx.slidingpanelayout:slidingpanelayout:1.2.0) with AarTransform
Transforming transition-1.5.0.aar (androidx.transition:transition:1.5.0) with JetifyTransform
Transforming transition-1.5.0.aar (androidx.transition:transition:1.5.0) with ExtractAarTransform
Transforming transition-1.5.0.aar (androidx.transition:transition:1.5.0) with AarTransform
Transforming dynamicanimation-1.0.0.aar (androidx.dynamicanimation:dynamicanimation:1.0.0) with JetifyTransform
Transforming dynamicanimation-1.0.0.aar (androidx.dynamicanimation:dynamicanimation:1.0.0) with ExtractAarTransform
Transforming dynamicanimation-1.0.0.aar (androidx.dynamicanimation:dynamicanimation:1.0.0) with AarTransform
Transforming legacy-support-core-utils-1.0.0.aar (androidx.legacy:legacy-support-core-utils:1.0.0) with JetifyTransform
Transforming legacy-support-core-utils-1.0.0.aar (androidx.legacy:legacy-support-core-utils:1.0.0) with ExtractAarTransform
Transforming legacy-support-core-utils-1.0.0.aar (androidx.legacy:legacy-support-core-utils:1.0.0) with AarTransform
Transforming legacy-support-core-utils-1.0.0.aar (androidx.legacy:legacy-support-core-utils:1.0.0) with JetifyTransform
Transforming legacy-support-core-utils-1.0.0.aar (androidx.legacy:legacy-support-core-utils:1.0.0) with ExtractAarTransform
Transforming legacy-support-core-utils-1.0.0.aar (androidx.legacy:legacy-support-core-utils:1.0.0) with AarTransform
Transforming legacy-support-core-utils-1.0.0.aar (androidx.legacy:legacy-support-core-utils:1.0.0) with JetifyTransform
Transforming legacy-support-core-utils-1.0.0.aar (androidx.legacy:legacy-support-core-utils:1.0.0) with ExtractAarTransform
Transforming legacy-support-core-utils-1.0.0.aar (androidx.legacy:legacy-support-core-utils:1.0.0) with AarTransform
Transforming loader-1.0.0.aar (androidx.loader:loader:1.0.0) with JetifyTransform
Transforming loader-1.0.0.aar (androidx.loader:loader:1.0.0) with ExtractAarTransform
Transforming loader-1.0.0.aar (androidx.loader:loader:1.0.0) with AarTransform
Transforming loader-1.0.0.aar (androidx.loader:loader:1.0.0) with JetifyTransform
Transforming loader-1.0.0.aar (androidx.loader:loader:1.0.0) with ExtractAarTransform
Transforming loader-1.0.0.aar (androidx.loader:loader:1.0.0) with AarTransform
Transforming drawerlayout-1.1.1.aar (androidx.drawerlayout:drawerlayout:1.1.1) with JetifyTransform
Transforming drawerlayout-1.1.1.aar (androidx.drawerlayout:drawerlayout:1.1.1) with ExtractAarTransform
Transforming drawerlayout-1.1.1.aar (androidx.drawerlayout:drawerlayout:1.1.1) with AarTransform
Transforming coordinatorlayout-1.1.0.aar (androidx.coordinatorlayout:coordinatorlayout:1.1.0) with JetifyTransform
Transforming coordinatorlayout-1.1.0.aar (androidx.coordinatorlayout:coordinatorlayout:1.1.0) with ExtractAarTransform
Transforming coordinatorlayout-1.1.0.aar (androidx.coordinatorlayout:coordinatorlayout:1.1.0) with AarTransform
Transforming vectordrawable-animated-1.1.0.aar (androidx.vectordrawable:vectordrawable-animated:1.1.0) with JetifyTransform
Transforming vectordrawable-animated-1.1.0.aar (androidx.vectordrawable:vectordrawable-animated:1.1.0) with ExtractAarTransform
Transforming vectordrawable-animated-1.1.0.aar (androidx.vectordrawable:vectordrawable-animated:1.1.0) with AarTransform
Transforming vectordrawable-1.1.0.aar (androidx.vectordrawable:vectordrawable:1.1.0) with JetifyTransform
Transforming vectordrawable-1.1.0.aar (androidx.vectordrawable:vectordrawable:1.1.0) with ExtractAarTransform
Transforming vectordrawable-1.1.0.aar (androidx.vectordrawable:vectordrawable:1.1.0) with AarTransform
Transforming vectordrawable-1.1.0.aar (androidx.vectordrawable:vectordrawable:1.1.0) with JetifyTransform
Transforming vectordrawable-1.1.0.aar (androidx.vectordrawable:vectordrawable:1.1.0) with ExtractAarTransform
Transforming vectordrawable-1.1.0.aar (androidx.vectordrawable:vectordrawable:1.1.0) with AarTransform
Transforming media-1.7.0.aar (androidx.media:media:1.7.0) with JetifyTransform
Transforming media-1.7.0.aar (androidx.media:media:1.7.0) with ExtractAarTransform
Transforming media-1.7.0.aar (androidx.media:media:1.7.0) with AarTransform
Transforming viewpager-1.0.0.aar (androidx.viewpager:viewpager:1.0.0) with JetifyTransform
Transforming viewpager-1.0.0.aar (androidx.viewpager:viewpager:1.0.0) with ExtractAarTransform
Transforming viewpager-1.0.0.aar (androidx.viewpager:viewpager:1.0.0) with AarTransform
Transforming customview-1.1.0.aar (androidx.customview:customview:1.1.0) with JetifyTransform
Transforming customview-1.1.0.aar (androidx.customview:customview:1.1.0) with ExtractAarTransform
Transforming customview-1.1.0.aar (androidx.customview:customview:1.1.0) with AarTransform
Transforming customview-1.1.0.aar (androidx.customview:customview:1.1.0) with JetifyTransform
Transforming customview-1.1.0.aar (androidx.customview:customview:1.1.0) with ExtractAarTransform
Transforming customview-1.1.0.aar (androidx.customview:customview:1.1.0) with AarTransform
Transforming customview-1.1.0.aar (androidx.customview:customview:1.1.0) with JetifyTransform
Transforming customview-1.1.0.aar (androidx.customview:customview:1.1.0) with ExtractAarTransform
Transforming customview-1.1.0.aar (androidx.customview:customview:1.1.0) with AarTransform
Transforming customview-1.1.0.aar (androidx.customview:customview:1.1.0) with JetifyTransform
Transforming customview-1.1.0.aar (androidx.customview:customview:1.1.0) with ExtractAarTransform
Transforming customview-1.1.0.aar (androidx.customview:customview:1.1.0) with AarTransform
Transforming autofill-1.0.0.aar (androidx.autofill:autofill:1.0.0) with JetifyTransform
Transforming autofill-1.0.0.aar (androidx.autofill:autofill:1.0.0) with ExtractAarTransform
Transforming autofill-1.0.0.aar (androidx.autofill:autofill:1.0.0) with AarTransform
Transforming window-1.0.0.aar (androidx.window:window:1.0.0) with JetifyTransform
Transforming window-1.0.0.aar (androidx.window:window:1.0.0) with ExtractAarTransform
Transforming window-1.0.0.aar (androidx.window:window:1.0.0) with AarTransform
Transforming core-1.13.1.aar (androidx.core:core:1.13.1) with JetifyTransform
Transforming core-1.13.1.aar (androidx.core:core:1.13.1) with ExtractAarTransform
Transforming core-1.13.1.aar (androidx.core:core:1.13.1) with AarTransform
Transforming core-1.13.1.aar (androidx.core:core:1.13.1) with JetifyTransform
Transforming core-1.13.1.aar (androidx.core:core:1.13.1) with ExtractAarTransform
Transforming core-1.13.1.aar (androidx.core:core:1.13.1) with AarTransform
Transforming core-1.13.1.aar (androidx.core:core:1.13.1) with JetifyTransform
Transforming core-1.13.1.aar (androidx.core:core:1.13.1) with ExtractAarTransform
Transforming core-1.13.1.aar (androidx.core:core:1.13.1) with AarTransform
Transforming core-1.13.1.aar (androidx.core:core:1.13.1) with JetifyTransform
Transforming core-1.13.1.aar (androidx.core:core:1.13.1) with ExtractAarTransform
Transforming core-1.13.1.aar (androidx.core:core:1.13.1) with AarTransform
Transforming core-1.13.1.aar (androidx.core:core:1.13.1) with JetifyTransform
Transforming core-1.13.1.aar (androidx.core:core:1.13.1) with ExtractAarTransform
Transforming core-1.13.1.aar (androidx.core:core:1.13.1) with AarTransform
Transforming core-1.13.1.aar (androidx.core:core:1.13.1) with JetifyTransform
Transforming core-1.13.1.aar (androidx.core:core:1.13.1) with ExtractAarTransform
Transforming core-1.13.1.aar (androidx.core:core:1.13.1) with AarTransform
Transforming core-1.13.1.aar (androidx.core:core:1.13.1) with JetifyTransform
Transforming core-1.13.1.aar (androidx.core:core:1.13.1) with ExtractAarTransform
Transforming core-1.13.1.aar (androidx.core:core:1.13.1) with AarTransform
Transforming core-1.13.1.aar (androidx.core:core:1.13.1) with JetifyTransform
Transforming core-1.13.1.aar (androidx.core:core:1.13.1) with ExtractAarTransform
Transforming core-1.13.1.aar (androidx.core:core:1.13.1) with AarTransform
Transforming core-1.13.1.aar (androidx.core:core:1.13.1) with JetifyTransform
Transforming core-1.13.1.aar (androidx.core:core:1.13.1) with ExtractAarTransform
Transforming core-1.13.1.aar (androidx.core:core:1.13.1) with AarTransform
Transforming core-1.13.1.aar (androidx.core:core:1.13.1) with JetifyTransform
Transforming core-1.13.1.aar (androidx.core:core:1.13.1) with ExtractAarTransform
Transforming core-1.13.1.aar (androidx.core:core:1.13.1) with AarTransform
Transforming core-1.13.1.aar (androidx.core:core:1.13.1) with JetifyTransform
Transforming core-1.13.1.aar (androidx.core:core:1.13.1) with ExtractAarTransform
Transforming core-1.13.1.aar (androidx.core:core:1.13.1) with AarTransform
Transforming core-1.13.1.aar (androidx.core:core:1.13.1) with JetifyTransform
Transforming core-1.13.1.aar (androidx.core:core:1.13.1) with ExtractAarTransform
Transforming core-1.13.1.aar (androidx.core:core:1.13.1) with AarTransform
Transforming core-1.13.1.aar (androidx.core:core:1.13.1) with JetifyTransform
Transforming core-1.13.1.aar (androidx.core:core:1.13.1) with ExtractAarTransform
Transforming core-1.13.1.aar (androidx.core:core:1.13.1) with AarTransform
Transforming savedstate-ktx-1.2.1.aar (androidx.savedstate:savedstate-ktx:1.2.1) with JetifyTransform
Transforming savedstate-ktx-1.2.1.aar (androidx.savedstate:savedstate-ktx:1.2.1) with ExtractAarTransform
Transforming savedstate-ktx-1.2.1.aar (androidx.savedstate:savedstate-ktx:1.2.1) with AarTransform
Transforming savedstate-1.2.1.aar (androidx.savedstate:savedstate:1.2.1) with JetifyTransform
Transforming savedstate-1.2.1.aar (androidx.savedstate:savedstate:1.2.1) with ExtractAarTransform
Transforming savedstate-1.2.1.aar (androidx.savedstate:savedstate:1.2.1) with AarTransform
Transforming lifecycle-service-2.8.7.aar (androidx.lifecycle:lifecycle-service:2.8.7) with JetifyTransform
Transforming lifecycle-service-2.8.7.aar (androidx.lifecycle:lifecycle-service:2.8.7) with ExtractAarTransform
Transforming lifecycle-service-2.8.7.aar (androidx.lifecycle:lifecycle-service:2.8.7) with AarTransform
Transforming lifecycle-runtime-release.aar (androidx.lifecycle:lifecycle-runtime-android:2.8.7) with JetifyTransform
Transforming lifecycle-runtime-release.aar (androidx.lifecycle:lifecycle-runtime-android:2.8.7) with ExtractAarTransform
Transforming lifecycle-runtime-release.aar (androidx.lifecycle:lifecycle-runtime-android:2.8.7) with AarTransform
Transforming lifecycle-viewmodel-2.8.7.aar (androidx.lifecycle:lifecycle-viewmodel:2.8.7) with JetifyTransform
Transforming lifecycle-viewmodel-2.8.7.aar (androidx.lifecycle:lifecycle-viewmodel:2.8.7) with ExtractAarTransform
Transforming lifecycle-viewmodel-2.8.7.aar (androidx.lifecycle:lifecycle-viewmodel:2.8.7) with AarTransform
Transforming lifecycle-viewmodel-release.aar (androidx.lifecycle:lifecycle-viewmodel-android:2.8.7) with JetifyTransform
Transforming lifecycle-viewmodel-release.aar (androidx.lifecycle:lifecycle-viewmodel-android:2.8.7) with ExtractAarTransform
Transforming lifecycle-viewmodel-release.aar (androidx.lifecycle:lifecycle-viewmodel-android:2.8.7) with AarTransform
Transforming lifecycle-livedata-core-2.8.7.aar (androidx.lifecycle:lifecycle-livedata-core:2.8.7) with JetifyTransform
Transforming lifecycle-livedata-core-2.8.7.aar (androidx.lifecycle:lifecycle-livedata-core:2.8.7) with ExtractAarTransform
Transforming lifecycle-livedata-core-2.8.7.aar (androidx.lifecycle:lifecycle-livedata-core:2.8.7) with AarTransform
Transforming lifecycle-process-2.8.7.aar (androidx.lifecycle:lifecycle-process:2.8.7) with JetifyTransform
Transforming lifecycle-process-2.8.7.aar (androidx.lifecycle:lifecycle-process:2.8.7) with ExtractAarTransform
Transforming lifecycle-process-2.8.7.aar (androidx.lifecycle:lifecycle-process:2.8.7) with AarTransform
Transforming lifecycle-runtime-compose-release.aar (androidx.lifecycle:lifecycle-runtime-compose-android:2.8.7) with JetifyTransform
Transforming lifecycle-runtime-compose-release.aar (androidx.lifecycle:lifecycle-runtime-compose-android:2.8.7) with ExtractAarTransform
Transforming lifecycle-runtime-compose-release.aar (androidx.lifecycle:lifecycle-runtime-compose-android:2.8.7) with AarTransform
Transforming lifecycle-viewmodel-compose-release.aar (androidx.lifecycle:lifecycle-viewmodel-compose-android:2.8.7) with JetifyTransform
Transforming lifecycle-viewmodel-compose-release.aar (androidx.lifecycle:lifecycle-viewmodel-compose-android:2.8.7) with ExtractAarTransform
Transforming lifecycle-viewmodel-compose-release.aar (androidx.lifecycle:lifecycle-viewmodel-compose-android:2.8.7) with AarTransform
Transforming accompanist-drawablepainter-0.32.0.aar (com.google.accompanist:accompanist-drawablepainter:0.32.0) with JetifyTransform
Transforming accompanist-drawablepainter-0.32.0.aar (com.google.accompanist:accompanist-drawablepainter:0.32.0) with ExtractAarTransform
Transforming accompanist-drawablepainter-0.32.0.aar (com.google.accompanist:accompanist-drawablepainter:0.32.0) with AarTransform
Transforming ui-release.aar (androidx.compose.ui:ui-android:1.6.2) with JetifyTransform
Transforming ui-release.aar (androidx.compose.ui:ui-android:1.6.2) with ExtractAarTransform
Transforming ui-release.aar (androidx.compose.ui:ui-android:1.6.2) with AarTransform
Transforming ui-test-manifest-1.6.2.aar (androidx.compose.ui:ui-test-manifest:1.6.2) with JetifyTransform
Transforming ui-test-manifest-1.6.2.aar (androidx.compose.ui:ui-test-manifest:1.6.2) with ExtractAarTransform
Transforming ui-test-manifest-1.6.2.aar (androidx.compose.ui:ui-test-manifest:1.6.2) with AarTransform
Transforming activity-1.9.3.aar (androidx.activity:activity:1.9.3) with JetifyTransform
Transforming activity-1.9.3.aar (androidx.activity:activity:1.9.3) with ExtractAarTransform
Transforming activity-1.9.3.aar (androidx.activity:activity:1.9.3) with AarTransform
Transforming lifecycle-viewmodel-savedstate-2.8.7.aar (androidx.lifecycle:lifecycle-viewmodel-savedstate:2.8.7) with JetifyTransform
Transforming lifecycle-viewmodel-savedstate-2.8.7.aar (androidx.lifecycle:lifecycle-viewmodel-savedstate:2.8.7) with ExtractAarTransform
Transforming lifecycle-viewmodel-savedstate-2.8.7.aar (androidx.lifecycle:lifecycle-viewmodel-savedstate:2.8.7) with AarTransform
Transforming lifecycle-runtime-ktx-release.aar (androidx.lifecycle:lifecycle-runtime-ktx-android:2.8.7) with JetifyTransform
Transforming lifecycle-runtime-ktx-release.aar (androidx.lifecycle:lifecycle-runtime-ktx-android:2.8.7) with ExtractAarTransform
Transforming lifecycle-runtime-ktx-release.aar (androidx.lifecycle:lifecycle-runtime-ktx-android:2.8.7) with AarTransform
Transforming lifecycle-livedata-2.8.7.aar (androidx.lifecycle:lifecycle-livedata:2.8.7) with JetifyTransform
Transforming lifecycle-livedata-2.8.7.aar (androidx.lifecycle:lifecycle-livedata:2.8.7) with ExtractAarTransform
Transforming lifecycle-livedata-2.8.7.aar (androidx.lifecycle:lifecycle-livedata:2.8.7) with AarTransform
Transforming lifecycle-livedata-2.8.7.aar (androidx.lifecycle:lifecycle-livedata:2.8.7) with JetifyTransform
Transforming lifecycle-livedata-2.8.7.aar (androidx.lifecycle:lifecycle-livedata:2.8.7) with ExtractAarTransform
Transforming lifecycle-livedata-2.8.7.aar (androidx.lifecycle:lifecycle-livedata:2.8.7) with AarTransform
Transforming lifecycle-livedata-core-ktx-2.8.7.aar (androidx.lifecycle:lifecycle-livedata-core-ktx:2.8.7) with JetifyTransform
Transforming lifecycle-livedata-core-ktx-2.8.7.aar (androidx.lifecycle:lifecycle-livedata-core-ktx:2.8.7) with ExtractAarTransform
Transforming lifecycle-livedata-core-ktx-2.8.7.aar (androidx.lifecycle:lifecycle-livedata-core-ktx:2.8.7) with AarTransform
Transforming lifecycle-livedata-ktx-2.8.7.aar (androidx.lifecycle:lifecycle-livedata-ktx:2.8.7) with JetifyTransform
Transforming lifecycle-livedata-ktx-2.8.7.aar (androidx.lifecycle:lifecycle-livedata-ktx:2.8.7) with ExtractAarTransform
Transforming lifecycle-livedata-ktx-2.8.7.aar (androidx.lifecycle:lifecycle-livedata-ktx:2.8.7) with AarTransform
Transforming lifecycle-viewmodel-ktx-2.8.7.aar (androidx.lifecycle:lifecycle-viewmodel-ktx:2.8.7) with JetifyTransform
Transforming lifecycle-viewmodel-ktx-2.8.7.aar (androidx.lifecycle:lifecycle-viewmodel-ktx:2.8.7) with ExtractAarTransform
Transforming lifecycle-viewmodel-ktx-2.8.7.aar (androidx.lifecycle:lifecycle-viewmodel-ktx:2.8.7) with AarTransform
Transforming runtime-saveable-release.aar (androidx.compose.runtime:runtime-saveable-android:1.7.1) with JetifyTransform
Transforming runtime-saveable-release.aar (androidx.compose.runtime:runtime-saveable-android:1.7.1) with ExtractAarTransform
Transforming runtime-saveable-release.aar (androidx.compose.runtime:runtime-saveable-android:1.7.1) with AarTransform
Transforming runtime-release.aar (androidx.compose.runtime:runtime-android:1.7.1) with JetifyTransform
Transforming runtime-release.aar (androidx.compose.runtime:runtime-android:1.7.1) with ExtractAarTransform
Transforming runtime-release.aar (androidx.compose.runtime:runtime-android:1.7.1) with AarTransform
Transforming ads-adservices-java-1.0.0-beta05.aar (androidx.privacysandbox.ads:ads-adservices-java:1.0.0-beta05) with JetifyTransform
Transforming ads-adservices-java-1.0.0-beta05.aar (androidx.privacysandbox.ads:ads-adservices-java:1.0.0-beta05) with ExtractAarTransform
Transforming ads-adservices-java-1.0.0-beta05.aar (androidx.privacysandbox.ads:ads-adservices-java:1.0.0-beta05) with AarTransform
Transforming ads-adservices-1.0.0-beta05.aar (androidx.privacysandbox.ads:ads-adservices:1.0.0-beta05) with JetifyTransform
Transforming ads-adservices-1.0.0-beta05.aar (androidx.privacysandbox.ads:ads-adservices:1.0.0-beta05) with ExtractAarTransform
Transforming ads-adservices-1.0.0-beta05.aar (androidx.privacysandbox.ads:ads-adservices:1.0.0-beta05) with AarTransform
Transforming ads-adservices-1.0.0-beta05.aar (androidx.privacysandbox.ads:ads-adservices:1.0.0-beta05) with JetifyTransform
Transforming ads-adservices-1.0.0-beta05.aar (androidx.privacysandbox.ads:ads-adservices:1.0.0-beta05) with ExtractAarTransform
Transforming ads-adservices-1.0.0-beta05.aar (androidx.privacysandbox.ads:ads-adservices:1.0.0-beta05) with AarTransform
Transforming firebase-installations-interop-17.1.1.aar (com.google.firebase:firebase-installations-interop:17.1.1) with JetifyTransform
Transforming firebase-installations-interop-17.1.1.aar (com.google.firebase:firebase-installations-interop:17.1.1) with ExtractAarTransform
Transforming firebase-installations-interop-17.1.1.aar (com.google.firebase:firebase-installations-interop:17.1.1) with AarTransform
Transforming firebase-installations-interop-17.1.1.aar (com.google.firebase:firebase-installations-interop:17.1.1) with JetifyTransform
Transforming firebase-installations-interop-17.1.1.aar (com.google.firebase:firebase-installations-interop:17.1.1) with ExtractAarTransform
Transforming firebase-installations-interop-17.1.1.aar (com.google.firebase:firebase-installations-interop:17.1.1) with AarTransform
Transforming play-services-tasks-18.2.0.aar (com.google.android.gms:play-services-tasks:18.2.0) with JetifyTransform
Transforming play-services-tasks-18.2.0.aar (com.google.android.gms:play-services-tasks:18.2.0) with ExtractAarTransform
Transforming play-services-tasks-18.2.0.aar (com.google.android.gms:play-services-tasks:18.2.0) with AarTransform
Transforming play-services-tasks-18.2.0.aar (com.google.android.gms:play-services-tasks:18.2.0) with JetifyTransform
Transforming play-services-tasks-18.2.0.aar (com.google.android.gms:play-services-tasks:18.2.0) with ExtractAarTransform
Transforming play-services-tasks-18.2.0.aar (com.google.android.gms:play-services-tasks:18.2.0) with AarTransform
Transforming play-services-tasks-18.2.0.aar (com.google.android.gms:play-services-tasks:18.2.0) with JetifyTransform
Transforming play-services-tasks-18.2.0.aar (com.google.android.gms:play-services-tasks:18.2.0) with ExtractAarTransform
Transforming play-services-tasks-18.2.0.aar (com.google.android.gms:play-services-tasks:18.2.0) with AarTransform
Transforming play-services-tasks-18.2.0.aar (com.google.android.gms:play-services-tasks:18.2.0) with JetifyTransform
Transforming play-services-tasks-18.2.0.aar (com.google.android.gms:play-services-tasks:18.2.0) with ExtractAarTransform
Transforming play-services-tasks-18.2.0.aar (com.google.android.gms:play-services-tasks:18.2.0) with AarTransform
Transforming play-services-tasks-18.2.0.aar (com.google.android.gms:play-services-tasks:18.2.0) with JetifyTransform
Transforming play-services-tasks-18.2.0.aar (com.google.android.gms:play-services-tasks:18.2.0) with ExtractAarTransform
Transforming play-services-tasks-18.2.0.aar (com.google.android.gms:play-services-tasks:18.2.0) with AarTransform
Transforming play-services-tasks-18.2.0.aar (com.google.android.gms:play-services-tasks:18.2.0) with JetifyTransform
Transforming play-services-tasks-18.2.0.aar (com.google.android.gms:play-services-tasks:18.2.0) with ExtractAarTransform
Transforming play-services-tasks-18.2.0.aar (com.google.android.gms:play-services-tasks:18.2.0) with AarTransform
Transforming play-services-tasks-18.2.0.aar (com.google.android.gms:play-services-tasks:18.2.0) with JetifyTransform
Transforming play-services-tasks-18.2.0.aar (com.google.android.gms:play-services-tasks:18.2.0) with ExtractAarTransform
Transforming play-services-tasks-18.2.0.aar (com.google.android.gms:play-services-tasks:18.2.0) with AarTransform
Transforming play-services-tasks-18.2.0.aar (com.google.android.gms:play-services-tasks:18.2.0) with JetifyTransform
Transforming play-services-tasks-18.2.0.aar (com.google.android.gms:play-services-tasks:18.2.0) with ExtractAarTransform
Transforming play-services-tasks-18.2.0.aar (com.google.android.gms:play-services-tasks:18.2.0) with AarTransform
Transforming play-services-tasks-18.2.0.aar (com.google.android.gms:play-services-tasks:18.2.0) with JetifyTransform
Transforming play-services-tasks-18.2.0.aar (com.google.android.gms:play-services-tasks:18.2.0) with ExtractAarTransform
Transforming play-services-tasks-18.2.0.aar (com.google.android.gms:play-services-tasks:18.2.0) with AarTransform
Transforming firebase-measurement-connector-19.0.0.aar (com.google.firebase:firebase-measurement-connector:19.0.0) with JetifyTransform
Transforming firebase-measurement-connector-19.0.0.aar (com.google.firebase:firebase-measurement-connector:19.0.0) with ExtractAarTransform
Transforming firebase-measurement-connector-19.0.0.aar (com.google.firebase:firebase-measurement-connector:19.0.0) with AarTransform
Transforming play-services-basement-18.4.0.aar (com.google.android.gms:play-services-basement:18.4.0) with JetifyTransform
Transforming play-services-basement-18.4.0.aar (com.google.android.gms:play-services-basement:18.4.0) with ExtractAarTransform
Transforming play-services-basement-18.4.0.aar (com.google.android.gms:play-services-basement:18.4.0) with AarTransform
Transforming play-services-basement-18.4.0.aar (com.google.android.gms:play-services-basement:18.4.0) with JetifyTransform
Transforming play-services-basement-18.4.0.aar (com.google.android.gms:play-services-basement:18.4.0) with ExtractAarTransform
Transforming play-services-basement-18.4.0.aar (com.google.android.gms:play-services-basement:18.4.0) with AarTransform
Transforming play-services-basement-18.4.0.aar (com.google.android.gms:play-services-basement:18.4.0) with JetifyTransform
Transforming play-services-basement-18.4.0.aar (com.google.android.gms:play-services-basement:18.4.0) with ExtractAarTransform
Transforming play-services-basement-18.4.0.aar (com.google.android.gms:play-services-basement:18.4.0) with AarTransform
Transforming play-services-basement-18.4.0.aar (com.google.android.gms:play-services-basement:18.4.0) with JetifyTransform
Transforming play-services-basement-18.4.0.aar (com.google.android.gms:play-services-basement:18.4.0) with ExtractAarTransform
Transforming play-services-basement-18.4.0.aar (com.google.android.gms:play-services-basement:18.4.0) with AarTransform
Transforming play-services-basement-18.4.0.aar (com.google.android.gms:play-services-basement:18.4.0) with JetifyTransform
Transforming play-services-basement-18.4.0.aar (com.google.android.gms:play-services-basement:18.4.0) with ExtractAarTransform
Transforming play-services-basement-18.4.0.aar (com.google.android.gms:play-services-basement:18.4.0) with AarTransform
Transforming play-services-basement-18.4.0.aar (com.google.android.gms:play-services-basement:18.4.0) with JetifyTransform
Transforming play-services-basement-18.4.0.aar (com.google.android.gms:play-services-basement:18.4.0) with ExtractAarTransform
Transforming play-services-basement-18.4.0.aar (com.google.android.gms:play-services-basement:18.4.0) with AarTransform
Transforming play-services-basement-18.4.0.aar (com.google.android.gms:play-services-basement:18.4.0) with JetifyTransform
Transforming play-services-basement-18.4.0.aar (com.google.android.gms:play-services-basement:18.4.0) with ExtractAarTransform
Transforming play-services-basement-18.4.0.aar (com.google.android.gms:play-services-basement:18.4.0) with AarTransform
Transforming play-services-basement-18.4.0.aar (com.google.android.gms:play-services-basement:18.4.0) with JetifyTransform
Transforming play-services-basement-18.4.0.aar (com.google.android.gms:play-services-basement:18.4.0) with ExtractAarTransform
Transforming play-services-basement-18.4.0.aar (com.google.android.gms:play-services-basement:18.4.0) with AarTransform
Transforming play-services-basement-18.4.0.aar (com.google.android.gms:play-services-basement:18.4.0) with JetifyTransform
Transforming play-services-basement-18.4.0.aar (com.google.android.gms:play-services-basement:18.4.0) with ExtractAarTransform
Transforming play-services-basement-18.4.0.aar (com.google.android.gms:play-services-basement:18.4.0) with AarTransform
Transforming play-services-basement-18.4.0.aar (com.google.android.gms:play-services-basement:18.4.0) with JetifyTransform
Transforming play-services-basement-18.4.0.aar (com.google.android.gms:play-services-basement:18.4.0) with ExtractAarTransform
Transforming play-services-basement-18.4.0.aar (com.google.android.gms:play-services-basement:18.4.0) with AarTransform
Transforming play-services-basement-18.4.0.aar (com.google.android.gms:play-services-basement:18.4.0) with JetifyTransform
Transforming play-services-basement-18.4.0.aar (com.google.android.gms:play-services-basement:18.4.0) with ExtractAarTransform
Transforming play-services-basement-18.4.0.aar (com.google.android.gms:play-services-basement:18.4.0) with AarTransform
Transforming play-services-basement-18.4.0.aar (com.google.android.gms:play-services-basement:18.4.0) with JetifyTransform
Transforming play-services-basement-18.4.0.aar (com.google.android.gms:play-services-basement:18.4.0) with ExtractAarTransform
Transforming play-services-basement-18.4.0.aar (com.google.android.gms:play-services-basement:18.4.0) with AarTransform
Transforming play-services-basement-18.4.0.aar (com.google.android.gms:play-services-basement:18.4.0) with JetifyTransform
Transforming play-services-basement-18.4.0.aar (com.google.android.gms:play-services-basement:18.4.0) with ExtractAarTransform
Transforming play-services-basement-18.4.0.aar (com.google.android.gms:play-services-basement:18.4.0) with AarTransform
Transforming play-services-basement-18.4.0.aar (com.google.android.gms:play-services-basement:18.4.0) with JetifyTransform
Transforming play-services-basement-18.4.0.aar (com.google.android.gms:play-services-basement:18.4.0) with ExtractAarTransform
Transforming play-services-basement-18.4.0.aar (com.google.android.gms:play-services-basement:18.4.0) with AarTransform
Transforming fragment-1.8.5.aar (androidx.fragment:fragment:1.8.5) with JetifyTransform
Transforming fragment-1.8.5.aar (androidx.fragment:fragment:1.8.5) with ExtractAarTransform
Transforming fragment-1.8.5.aar (androidx.fragment:fragment:1.8.5) with AarTransform
Transforming fragment-1.8.5.aar (androidx.fragment:fragment:1.8.5) with JetifyTransform
Transforming fragment-1.8.5.aar (androidx.fragment:fragment:1.8.5) with ExtractAarTransform
Transforming fragment-1.8.5.aar (androidx.fragment:fragment:1.8.5) with AarTransform
Transforming fragment-1.8.5.aar (androidx.fragment:fragment:1.8.5) with JetifyTransform
Transforming fragment-1.8.5.aar (androidx.fragment:fragment:1.8.5) with ExtractAarTransform
Transforming fragment-1.8.5.aar (androidx.fragment:fragment:1.8.5) with AarTransform
Transforming fragment-ktx-1.8.5.aar (androidx.fragment:fragment-ktx:1.8.5) with JetifyTransform
Transforming fragment-ktx-1.8.5.aar (androidx.fragment:fragment-ktx:1.8.5) with ExtractAarTransform
Transforming fragment-ktx-1.8.5.aar (androidx.fragment:fragment-ktx:1.8.5) with AarTransform
Transforming activity-ktx-1.9.3.aar (androidx.activity:activity-ktx:1.9.3) with JetifyTransform
Transforming activity-ktx-1.9.3.aar (androidx.activity:activity-ktx:1.9.3) with ExtractAarTransform
Transforming activity-ktx-1.9.3.aar (androidx.activity:activity-ktx:1.9.3) with AarTransform
Transforming customview-poolingcontainer-1.0.0.aar (androidx.customview:customview-poolingcontainer:1.0.0) with JetifyTransform
Transforming customview-poolingcontainer-1.0.0.aar (androidx.customview:customview-poolingcontainer:1.0.0) with ExtractAarTransform
Transforming customview-poolingcontainer-1.0.0.aar (androidx.customview:customview-poolingcontainer:1.0.0) with AarTransform
Transforming core-ktx-1.13.1.aar (androidx.core:core-ktx:1.13.1) with JetifyTransform
Transforming core-ktx-1.13.1.aar (androidx.core:core-ktx:1.13.1) with ExtractAarTransform
Transforming core-ktx-1.13.1.aar (androidx.core:core-ktx:1.13.1) with AarTransform
Transforming sqlite-framework-2.4.0.aar (androidx.sqlite:sqlite-framework:2.4.0) with JetifyTransform
Transforming sqlite-framework-2.4.0.aar (androidx.sqlite:sqlite-framework:2.4.0) with ExtractAarTransform
Transforming sqlite-framework-2.4.0.aar (androidx.sqlite:sqlite-framework:2.4.0) with AarTransform
Transforming sqlite-2.4.0.aar (androidx.sqlite:sqlite:2.4.0) with JetifyTransform
Transforming sqlite-2.4.0.aar (androidx.sqlite:sqlite:2.4.0) with ExtractAarTransform
Transforming sqlite-2.4.0.aar (androidx.sqlite:sqlite:2.4.0) with AarTransform
Transforming security-crypto-1.1.0-alpha06.aar (androidx.security:security-crypto:1.1.0-alpha06) with JetifyTransform
Transforming security-crypto-1.1.0-alpha06.aar (androidx.security:security-crypto:1.1.0-alpha06) with ExtractAarTransform
Transforming security-crypto-1.1.0-alpha06.aar (androidx.security:security-crypto:1.1.0-alpha06) with AarTransform
Transforming cursoradapter-1.0.0.aar (androidx.cursoradapter:cursoradapter:1.0.0) with JetifyTransform
Transforming cursoradapter-1.0.0.aar (androidx.cursoradapter:cursoradapter:1.0.0) with ExtractAarTransform
Transforming cursoradapter-1.0.0.aar (androidx.cursoradapter:cursoradapter:1.0.0) with AarTransform
Transforming profileinstaller-1.3.1.aar (androidx.profileinstaller:profileinstaller:1.3.1) with JetifyTransform
Transforming profileinstaller-1.3.1.aar (androidx.profileinstaller:profileinstaller:1.3.1) with ExtractAarTransform
Transforming profileinstaller-1.3.1.aar (androidx.profileinstaller:profileinstaller:1.3.1) with AarTransform
Transforming cardview-1.0.0.aar (androidx.cardview:cardview:1.0.0) with JetifyTransform
Transforming cardview-1.0.0.aar (androidx.cardview:cardview:1.0.0) with ExtractAarTransform
Transforming cardview-1.0.0.aar (androidx.cardview:cardview:1.0.0) with AarTransform
Transforming core-runtime-2.2.0.aar (androidx.arch.core:core-runtime:2.2.0) with JetifyTransform
Transforming core-runtime-2.2.0.aar (androidx.arch.core:core-runtime:2.2.0) with ExtractAarTransform
Transforming core-runtime-2.2.0.aar (androidx.arch.core:core-runtime:2.2.0) with AarTransform
Transforming gifdecoder-4.16.0.aar (com.github.bumptech.glide:gifdecoder:4.16.0) with JetifyTransform
Transforming gifdecoder-4.16.0.aar (com.github.bumptech.glide:gifdecoder:4.16.0) with ExtractAarTransform
Transforming gifdecoder-4.16.0.aar (com.github.bumptech.glide:gifdecoder:4.16.0) with AarTransform
Transforming startup-runtime-1.1.1.aar (androidx.startup:startup-runtime:1.1.1) with JetifyTransform
Transforming startup-runtime-1.1.1.aar (androidx.startup:startup-runtime:1.1.1) with ExtractAarTransform
Transforming startup-runtime-1.1.1.aar (androidx.startup:startup-runtime:1.1.1) with AarTransform
Transforming tracing-1.0.0.aar (androidx.tracing:tracing:1.0.0) with JetifyTransform
Transforming tracing-1.0.0.aar (androidx.tracing:tracing:1.0.0) with ExtractAarTransform
Transforming tracing-1.0.0.aar (androidx.tracing:tracing:1.0.0) with AarTransform
Transforming firebase-components-18.0.0.aar (com.google.firebase:firebase-components:18.0.0) with JetifyTransform
Transforming firebase-components-18.0.0.aar (com.google.firebase:firebase-components:18.0.0) with ExtractAarTransform
Transforming firebase-components-18.0.0.aar (com.google.firebase:firebase-components:18.0.0) with AarTransform
Transforming firebase-components-18.0.0.aar (com.google.firebase:firebase-components:18.0.0) with JetifyTransform
Transforming firebase-components-18.0.0.aar (com.google.firebase:firebase-components:18.0.0) with ExtractAarTransform
Transforming firebase-components-18.0.0.aar (com.google.firebase:firebase-components:18.0.0) with AarTransform
Transforming firebase-components-18.0.0.aar (com.google.firebase:firebase-components:18.0.0) with JetifyTransform
Transforming firebase-components-18.0.0.aar (com.google.firebase:firebase-components:18.0.0) with ExtractAarTransform
Transforming firebase-components-18.0.0.aar (com.google.firebase:firebase-components:18.0.0) with AarTransform
Transforming firebase-components-18.0.0.aar (com.google.firebase:firebase-components:18.0.0) with JetifyTransform
Transforming firebase-components-18.0.0.aar (com.google.firebase:firebase-components:18.0.0) with ExtractAarTransform
Transforming firebase-components-18.0.0.aar (com.google.firebase:firebase-components:18.0.0) with AarTransform
Transforming firebase-components-18.0.0.aar (com.google.firebase:firebase-components:18.0.0) with JetifyTransform
Transforming firebase-components-18.0.0.aar (com.google.firebase:firebase-components:18.0.0) with ExtractAarTransform
Transforming firebase-components-18.0.0.aar (com.google.firebase:firebase-components:18.0.0) with AarTransform
Transforming firebase-components-18.0.0.aar (com.google.firebase:firebase-components:18.0.0) with JetifyTransform
Transforming firebase-components-18.0.0.aar (com.google.firebase:firebase-components:18.0.0) with ExtractAarTransform
Transforming firebase-components-18.0.0.aar (com.google.firebase:firebase-components:18.0.0) with AarTransform
Transforming firebase-components-18.0.0.aar (com.google.firebase:firebase-components:18.0.0) with JetifyTransform
Transforming firebase-components-18.0.0.aar (com.google.firebase:firebase-components:18.0.0) with ExtractAarTransform
Transforming firebase-components-18.0.0.aar (com.google.firebase:firebase-components:18.0.0) with AarTransform
Transforming interpolator-1.0.0.aar (androidx.interpolator:interpolator:1.0.0) with JetifyTransform
Transforming interpolator-1.0.0.aar (androidx.interpolator:interpolator:1.0.0) with ExtractAarTransform
Transforming interpolator-1.0.0.aar (androidx.interpolator:interpolator:1.0.0) with AarTransform
Transforming interpolator-1.0.0.aar (androidx.interpolator:interpolator:1.0.0) with JetifyTransform
Transforming interpolator-1.0.0.aar (androidx.interpolator:interpolator:1.0.0) with ExtractAarTransform
Transforming interpolator-1.0.0.aar (androidx.interpolator:interpolator:1.0.0) with AarTransform
Transforming versionedparcelable-1.1.1.aar (androidx.versionedparcelable:versionedparcelable:1.1.1) with JetifyTransform
Transforming versionedparcelable-1.1.1.aar (androidx.versionedparcelable:versionedparcelable:1.1.1) with ExtractAarTransform
Transforming versionedparcelable-1.1.1.aar (androidx.versionedparcelable:versionedparcelable:1.1.1) with AarTransform
Transforming documentfile-1.0.0.aar (androidx.documentfile:documentfile:1.0.0) with JetifyTransform
Transforming documentfile-1.0.0.aar (androidx.documentfile:documentfile:1.0.0) with ExtractAarTransform
Transforming documentfile-1.0.0.aar (androidx.documentfile:documentfile:1.0.0) with AarTransform
Transforming localbroadcastmanager-1.0.0.aar (androidx.localbroadcastmanager:localbroadcastmanager:1.0.0) with JetifyTransform
Transforming localbroadcastmanager-1.0.0.aar (androidx.localbroadcastmanager:localbroadcastmanager:1.0.0) with ExtractAarTransform
Transforming localbroadcastmanager-1.0.0.aar (androidx.localbroadcastmanager:localbroadcastmanager:1.0.0) with AarTransform
Transforming print-1.0.0.aar (androidx.print:print:1.0.0) with JetifyTransform
Transforming print-1.0.0.aar (androidx.print:print:1.0.0) with ExtractAarTransform
Transforming print-1.0.0.aar (androidx.print:print:1.0.0) with AarTransform
Transforming exifinterface-1.3.7.aar (androidx.exifinterface:exifinterface:1.3.7) with JetifyTransform
Transforming exifinterface-1.3.7.aar (androidx.exifinterface:exifinterface:1.3.7) with ExtractAarTransform
Transforming exifinterface-1.3.7.aar (androidx.exifinterface:exifinterface:1.3.7) with AarTransform
Transforming annotation-experimental-1.4.1.aar (androidx.annotation:annotation-experimental:1.4.1) with JetifyTransform
Transforming annotation-experimental-1.4.1.aar (androidx.annotation:annotation-experimental:1.4.1) with ExtractAarTransform
Transforming annotation-experimental-1.4.1.aar (androidx.annotation:annotation-experimental:1.4.1) with AarTransform
Transforming multidex-2.0.1.aar (androidx.multidex:multidex:2.0.1) with JetifyTransform
Transforming multidex-2.0.1.aar (androidx.multidex:multidex:2.0.1) with ExtractAarTransform
Transforming multidex-2.0.1.aar (androidx.multidex:multidex:2.0.1) with AarTransform
Transforming grpc-android-1.57.2.aar (io.grpc:grpc-android:1.57.2) with JetifyTransform
Transforming grpc-android-1.57.2.aar (io.grpc:grpc-android:1.57.2) with ExtractAarTransform
Transforming grpc-android-1.57.2.aar (io.grpc:grpc-android:1.57.2) with AarTransform
Transforming zxing-android-embedded-4.3.0.aar (com.journeyapps:zxing-android-embedded:4.3.0) with JetifyTransform
Transforming zxing-android-embedded-4.3.0.aar (com.journeyapps:zxing-android-embedded:4.3.0) with ExtractAarTransform
Transforming zxing-android-embedded-4.3.0.aar (com.journeyapps:zxing-android-embedded:4.3.0) with AarTransform
Transforming dagger-lint-aar-2.51.1.aar (com.google.dagger:dagger-lint-aar:2.51.1) with JetifyTransform
Transforming dagger-lint-aar-2.51.1.aar (com.google.dagger:dagger-lint-aar:2.51.1) with ExtractAarTransform
Transforming dagger-lint-aar-2.51.1.aar (com.google.dagger:dagger-lint-aar:2.51.1) with AarTransform
Transforming protolite-well-known-types-18.0.0.aar (com.google.firebase:protolite-well-known-types:18.0.0) with JetifyTransform
Transforming protolite-well-known-types-18.0.0.aar (com.google.firebase:protolite-well-known-types:18.0.0) with ExtractAarTransform
Transforming protolite-well-known-types-18.0.0.aar (com.google.firebase:protolite-well-known-types:18.0.0) with AarTransform
Caching disabled for task ':app:checkDebugAarMetadata' because:
  Caching has been disabled for the task
Skipping task ':app:checkDebugAarMetadata' as it is up-to-date.
Resolve mutations for :app:mapDebugSourceSetPaths (Thread[#75,Execution worker Thread 3,5,main]) started.
:app:mapDebugSourceSetPaths (Thread[#75,Execution worker Thread 3,5,main]) started.

> Task :app:mapDebugSourceSetPaths UP-TO-DATE
Caching disabled for task ':app:mapDebugSourceSetPaths' because:
  Caching has been disabled for the task
Skipping task ':app:mapDebugSourceSetPaths' as it is up-to-date.
Resolve mutations for :app:createDebugCompatibleScreenManifests (Thread[#75,Execution worker Thread 3,5,main]) started.
:app:createDebugCompatibleScreenManifests (Thread[#75,Execution worker Thread 3,5,main]) started.

> Task :app:createDebugCompatibleScreenManifests UP-TO-DATE
Caching disabled for task ':app:createDebugCompatibleScreenManifests' because:
  Caching has been disabled for the task
Skipping task ':app:createDebugCompatibleScreenManifests' as it is up-to-date.
Resolve mutations for :app:extractDeepLinksDebug (Thread[#75,Execution worker Thread 3,5,main]) started.
:app:extractDeepLinksDebug (Thread[#75,Execution worker Thread 3,5,main]) started.

> Task :app:extractDeepLinksDebug UP-TO-DATE
Build cache key for task ':app:extractDeepLinksDebug' is 9af69a0333f9a10c3d2fd5c626b1442b
Skipping task ':app:extractDeepLinksDebug' as it is up-to-date.
Resolve mutations for :app:processDebugMainManifest (Thread[#75,Execution worker Thread 3,5,main]) started.
:app:processDebugMainManifest (Thread[#75,Execution worker Thread 3,5,main]) started.

> Task :app:processDebugMainManifest UP-TO-DATE
Transforming viewbinding-8.7.1.aar (androidx.databinding:viewbinding:8.7.1) with JetifyTransform
Transforming viewbinding-8.7.1.aar (androidx.databinding:viewbinding:8.7.1) with ExtractAarTransform
Transforming viewbinding-8.7.1.aar (androidx.databinding:viewbinding:8.7.1) with AarTransform
Transforming material-1.12.0.aar (com.google.android.material:material:1.12.0) with JetifyTransform
Transforming material-1.12.0.aar (com.google.android.material:material:1.12.0) with ExtractAarTransform
Transforming material-1.12.0.aar (com.google.android.material:material:1.12.0) with AarTransform
Transforming constraintlayout-2.1.4.aar (androidx.constraintlayout:constraintlayout:2.1.4) with JetifyTransform
Transforming constraintlayout-2.1.4.aar (androidx.constraintlayout:constraintlayout:2.1.4) with ExtractAarTransform
Transforming constraintlayout-2.1.4.aar (androidx.constraintlayout:constraintlayout:2.1.4) with AarTransform
Transforming coil-compose-2.6.0.aar (io.coil-kt:coil-compose:2.6.0) with JetifyTransform
Transforming coil-compose-2.6.0.aar (io.coil-kt:coil-compose:2.6.0) with ExtractAarTransform
Transforming coil-compose-2.6.0.aar (io.coil-kt:coil-compose:2.6.0) with AarTransform
Transforming coil-compose-base-2.6.0.aar (io.coil-kt:coil-compose-base:2.6.0) with JetifyTransform
Transforming coil-compose-base-2.6.0.aar (io.coil-kt:coil-compose-base:2.6.0) with ExtractAarTransform
Transforming coil-compose-base-2.6.0.aar (io.coil-kt:coil-compose-base:2.6.0) with AarTransform
Transforming coil-2.6.0.aar (io.coil-kt:coil:2.6.0) with JetifyTransform
Transforming coil-2.6.0.aar (io.coil-kt:coil:2.6.0) with ExtractAarTransform
Transforming coil-2.6.0.aar (io.coil-kt:coil:2.6.0) with AarTransform
Transforming coil-base-2.6.0.aar (io.coil-kt:coil-base:2.6.0) with JetifyTransform
Transforming coil-base-2.6.0.aar (io.coil-kt:coil-base:2.6.0) with ExtractAarTransform
Transforming coil-base-2.6.0.aar (io.coil-kt:coil-base:2.6.0) with AarTransform
Transforming appcompat-resources-1.7.0.aar (androidx.appcompat:appcompat-resources:1.7.0) with JetifyTransform
Transforming appcompat-resources-1.7.0.aar (androidx.appcompat:appcompat-resources:1.7.0) with ExtractAarTransform
Transforming appcompat-resources-1.7.0.aar (androidx.appcompat:appcompat-resources:1.7.0) with AarTransform
Transforming preference-ktx-1.2.1.aar (androidx.preference:preference-ktx:1.2.1) with JetifyTransform
Transforming preference-ktx-1.2.1.aar (androidx.preference:preference-ktx:1.2.1) with ExtractAarTransform
Transforming preference-ktx-1.2.1.aar (androidx.preference:preference-ktx:1.2.1) with AarTransform
Transforming preference-1.2.1.aar (androidx.preference:preference:1.2.1) with JetifyTransform
Transforming preference-1.2.1.aar (androidx.preference:preference:1.2.1) with ExtractAarTransform
Transforming preference-1.2.1.aar (androidx.preference:preference:1.2.1) with AarTransform
Transforming appcompat-1.7.0.aar (androidx.appcompat:appcompat:1.7.0) with JetifyTransform
Transforming appcompat-1.7.0.aar (androidx.appcompat:appcompat:1.7.0) with ExtractAarTransform
Transforming appcompat-1.7.0.aar (androidx.appcompat:appcompat:1.7.0) with AarTransform
Transforming glide-4.16.0.aar (com.github.bumptech.glide:glide:4.16.0) with JetifyTransform
Transforming glide-4.16.0.aar (com.github.bumptech.glide:glide:4.16.0) with ExtractAarTransform
Transforming glide-4.16.0.aar (com.github.bumptech.glide:glide:4.16.0) with AarTransform
Transforming hilt-work-1.2.0.aar (androidx.hilt:hilt-work:1.2.0) with JetifyTransform
Transforming hilt-work-1.2.0.aar (androidx.hilt:hilt-work:1.2.0) with ExtractAarTransform
Transforming hilt-work-1.2.0.aar (androidx.hilt:hilt-work:1.2.0) with AarTransform
Transforming hilt-android-2.51.1.aar (com.google.dagger:hilt-android:2.51.1) with JetifyTransform
Transforming hilt-android-2.51.1.aar (com.google.dagger:hilt-android:2.51.1) with ExtractAarTransform
Transforming hilt-android-2.51.1.aar (com.google.dagger:hilt-android:2.51.1) with AarTransform
Transforming media3-exoplayer-hls-1.4.1.aar (androidx.media3:media3-exoplayer-hls:1.4.1) with JetifyTransform
Transforming media3-exoplayer-hls-1.4.1.aar (androidx.media3:media3-exoplayer-hls:1.4.1) with ExtractAarTransform
Transforming media3-exoplayer-hls-1.4.1.aar (androidx.media3:media3-exoplayer-hls:1.4.1) with AarTransform
Transforming media3-exoplayer-1.4.1.aar (androidx.media3:media3-exoplayer:1.4.1) with JetifyTransform
Transforming media3-exoplayer-1.4.1.aar (androidx.media3:media3-exoplayer:1.4.1) with ExtractAarTransform
Transforming media3-exoplayer-1.4.1.aar (androidx.media3:media3-exoplayer:1.4.1) with AarTransform
Transforming media3-datasource-okhttp-1.4.1.aar (androidx.media3:media3-datasource-okhttp:1.4.1) with JetifyTransform
Transforming media3-datasource-okhttp-1.4.1.aar (androidx.media3:media3-datasource-okhttp:1.4.1) with ExtractAarTransform
Transforming media3-datasource-okhttp-1.4.1.aar (androidx.media3:media3-datasource-okhttp:1.4.1) with AarTransform
Transforming media3-extractor-1.4.1.aar (androidx.media3:media3-extractor:1.4.1) with JetifyTransform
Transforming media3-extractor-1.4.1.aar (androidx.media3:media3-extractor:1.4.1) with ExtractAarTransform
Transforming media3-extractor-1.4.1.aar (androidx.media3:media3-extractor:1.4.1) with AarTransform
Transforming media3-container-1.4.1.aar (androidx.media3:media3-container:1.4.1) with JetifyTransform
Transforming media3-container-1.4.1.aar (androidx.media3:media3-container:1.4.1) with ExtractAarTransform
Transforming media3-container-1.4.1.aar (androidx.media3:media3-container:1.4.1) with AarTransform
Transforming media3-datasource-1.4.1.aar (androidx.media3:media3-datasource:1.4.1) with JetifyTransform
Transforming media3-datasource-1.4.1.aar (androidx.media3:media3-datasource:1.4.1) with ExtractAarTransform
Transforming media3-datasource-1.4.1.aar (androidx.media3:media3-datasource:1.4.1) with AarTransform
Transforming media3-decoder-1.4.1.aar (androidx.media3:media3-decoder:1.4.1) with JetifyTransform
Transforming media3-decoder-1.4.1.aar (androidx.media3:media3-decoder:1.4.1) with ExtractAarTransform
Transforming media3-decoder-1.4.1.aar (androidx.media3:media3-decoder:1.4.1) with AarTransform
Transforming media3-database-1.4.1.aar (androidx.media3:media3-database:1.4.1) with JetifyTransform
Transforming media3-database-1.4.1.aar (androidx.media3:media3-database:1.4.1) with ExtractAarTransform
Transforming media3-database-1.4.1.aar (androidx.media3:media3-database:1.4.1) with AarTransform
Transforming media3-common-1.4.1.aar (androidx.media3:media3-common:1.4.1) with JetifyTransform
Transforming media3-common-1.4.1.aar (androidx.media3:media3-common:1.4.1) with ExtractAarTransform
Transforming media3-common-1.4.1.aar (androidx.media3:media3-common:1.4.1) with AarTransform
Transforming media3-ui-1.4.1.aar (androidx.media3:media3-ui:1.4.1) with JetifyTransform
Transforming media3-ui-1.4.1.aar (androidx.media3:media3-ui:1.4.1) with ExtractAarTransform
Transforming media3-ui-1.4.1.aar (androidx.media3:media3-ui:1.4.1) with AarTransform
Transforming work-runtime-ktx-2.9.1.aar (androidx.work:work-runtime-ktx:2.9.1) with JetifyTransform
Transforming work-runtime-ktx-2.9.1.aar (androidx.work:work-runtime-ktx:2.9.1) with ExtractAarTransform
Transforming work-runtime-ktx-2.9.1.aar (androidx.work:work-runtime-ktx:2.9.1) with AarTransform
Transforming work-runtime-2.9.1.aar (androidx.work:work-runtime:2.9.1) with JetifyTransform
Transforming work-runtime-2.9.1.aar (androidx.work:work-runtime:2.9.1) with ExtractAarTransform
Transforming work-runtime-2.9.1.aar (androidx.work:work-runtime:2.9.1) with AarTransform
Transforming room-ktx-2.6.1.aar (androidx.room:room-ktx:2.6.1) with JetifyTransform
Transforming room-ktx-2.6.1.aar (androidx.room:room-ktx:2.6.1) with ExtractAarTransform
Transforming room-ktx-2.6.1.aar (androidx.room:room-ktx:2.6.1) with AarTransform
Transforming room-runtime-2.6.1.aar (androidx.room:room-runtime:2.6.1) with JetifyTransform
Transforming room-runtime-2.6.1.aar (androidx.room:room-runtime:2.6.1) with ExtractAarTransform
Transforming room-runtime-2.6.1.aar (androidx.room:room-runtime:2.6.1) with AarTransform
Transforming room-paging-2.6.1.aar (androidx.room:room-paging:2.6.1) with JetifyTransform
Transforming room-paging-2.6.1.aar (androidx.room:room-paging:2.6.1) with ExtractAarTransform
Transforming room-paging-2.6.1.aar (androidx.room:room-paging:2.6.1) with AarTransform
Transforming paging-common-release.aar (androidx.paging:paging-common-android:3.3.2) with JetifyTransform
Transforming paging-common-release.aar (androidx.paging:paging-common-android:3.3.2) with ExtractAarTransform
Transforming paging-common-release.aar (androidx.paging:paging-common-android:3.3.2) with AarTransform
Transforming paging-runtime-ktx-3.3.2.aar (androidx.paging:paging-runtime-ktx:3.3.2) with JetifyTransform
Transforming paging-runtime-ktx-3.3.2.aar (androidx.paging:paging-runtime-ktx:3.3.2) with ExtractAarTransform
Transforming paging-runtime-ktx-3.3.2.aar (androidx.paging:paging-runtime-ktx:3.3.2) with AarTransform
Transforming paging-runtime-3.3.2.aar (androidx.paging:paging-runtime:3.3.2) with JetifyTransform
Transforming paging-runtime-3.3.2.aar (androidx.paging:paging-runtime:3.3.2) with ExtractAarTransform
Transforming paging-runtime-3.3.2.aar (androidx.paging:paging-runtime:3.3.2) with AarTransform
Transforming recyclerview-1.3.2.aar (androidx.recyclerview:recyclerview:1.3.2) with JetifyTransform
Transforming recyclerview-1.3.2.aar (androidx.recyclerview:recyclerview:1.3.2) with ExtractAarTransform
Transforming recyclerview-1.3.2.aar (androidx.recyclerview:recyclerview:1.3.2) with AarTransform
Transforming viewpager2-1.1.0-beta02.aar (androidx.viewpager2:viewpager2:1.1.0-beta02) with JetifyTransform
Transforming viewpager2-1.1.0-beta02.aar (androidx.viewpager2:viewpager2:1.1.0-beta02) with ExtractAarTransform
Transforming viewpager2-1.1.0-beta02.aar (androidx.viewpager2:viewpager2:1.1.0-beta02) with AarTransform
Transforming firebase-firestore-ktx-25.0.0.aar (com.google.firebase:firebase-firestore-ktx:25.0.0) with JetifyTransform
Transforming firebase-firestore-ktx-25.0.0.aar (com.google.firebase:firebase-firestore-ktx:25.0.0) with ExtractAarTransform
Transforming firebase-firestore-ktx-25.0.0.aar (com.google.firebase:firebase-firestore-ktx:25.0.0) with AarTransform
Transforming firebase-firestore-25.0.0.aar (com.google.firebase:firebase-firestore:25.0.0) with JetifyTransform
Transforming firebase-firestore-25.0.0.aar (com.google.firebase:firebase-firestore:25.0.0) with ExtractAarTransform
Transforming firebase-firestore-25.0.0.aar (com.google.firebase:firebase-firestore:25.0.0) with AarTransform
Transforming firebase-appcheck-interop-17.0.0.aar (com.google.firebase:firebase-appcheck-interop:17.0.0) with JetifyTransform
Transforming firebase-appcheck-interop-17.0.0.aar (com.google.firebase:firebase-appcheck-interop:17.0.0) with ExtractAarTransform
Transforming firebase-appcheck-interop-17.0.0.aar (com.google.firebase:firebase-appcheck-interop:17.0.0) with AarTransform
Transforming firebase-database-collection-18.0.1.aar (com.google.firebase:firebase-database-collection:18.0.1) with JetifyTransform
Transforming firebase-database-collection-18.0.1.aar (com.google.firebase:firebase-database-collection:18.0.1) with ExtractAarTransform
Transforming firebase-database-collection-18.0.1.aar (com.google.firebase:firebase-database-collection:18.0.1) with AarTransform
Transforming play-services-base-18.0.1.aar (com.google.android.gms:play-services-base:18.0.1) with JetifyTransform
Transforming play-services-base-18.0.1.aar (com.google.android.gms:play-services-base:18.0.1) with ExtractAarTransform
Transforming play-services-base-18.0.1.aar (com.google.android.gms:play-services-base:18.0.1) with AarTransform
Transforming play-services-base-18.0.1.aar (com.google.android.gms:play-services-base:18.0.1) with JetifyTransform
Transforming play-services-base-18.0.1.aar (com.google.android.gms:play-services-base:18.0.1) with ExtractAarTransform
Transforming play-services-base-18.0.1.aar (com.google.android.gms:play-services-base:18.0.1) with AarTransform
Transforming play-services-base-18.0.1.aar (com.google.android.gms:play-services-base:18.0.1) with JetifyTransform
Transforming play-services-base-18.0.1.aar (com.google.android.gms:play-services-base:18.0.1) with ExtractAarTransform
Transforming play-services-base-18.0.1.aar (com.google.android.gms:play-services-base:18.0.1) with AarTransform
Transforming firebase-analytics-ktx-22.0.2.aar (com.google.firebase:firebase-analytics-ktx:22.0.2) with JetifyTransform
Transforming firebase-analytics-ktx-22.0.2.aar (com.google.firebase:firebase-analytics-ktx:22.0.2) with ExtractAarTransform
Transforming firebase-analytics-ktx-22.0.2.aar (com.google.firebase:firebase-analytics-ktx:22.0.2) with AarTransform
Transforming firebase-analytics-22.0.2.aar (com.google.firebase:firebase-analytics:22.0.2) with JetifyTransform
Transforming firebase-analytics-22.0.2.aar (com.google.firebase:firebase-analytics:22.0.2) with ExtractAarTransform
Transforming firebase-analytics-22.0.2.aar (com.google.firebase:firebase-analytics:22.0.2) with AarTransform
Transforming play-services-measurement-api-22.0.2.aar (com.google.android.gms:play-services-measurement-api:22.0.2) with JetifyTransform
Transforming play-services-measurement-api-22.0.2.aar (com.google.android.gms:play-services-measurement-api:22.0.2) with ExtractAarTransform
Transforming play-services-measurement-api-22.0.2.aar (com.google.android.gms:play-services-measurement-api:22.0.2) with AarTransform
Transforming firebase-installations-18.0.0.aar (com.google.firebase:firebase-installations:18.0.0) with JetifyTransform
Transforming firebase-installations-18.0.0.aar (com.google.firebase:firebase-installations:18.0.0) with ExtractAarTransform
Transforming firebase-installations-18.0.0.aar (com.google.firebase:firebase-installations:18.0.0) with AarTransform
Transforming firebase-common-ktx-21.0.0.aar (com.google.firebase:firebase-common-ktx:21.0.0) with JetifyTransform
Transforming firebase-common-ktx-21.0.0.aar (com.google.firebase:firebase-common-ktx:21.0.0) with ExtractAarTransform
Transforming firebase-common-ktx-21.0.0.aar (com.google.firebase:firebase-common-ktx:21.0.0) with AarTransform
Transforming firebase-common-ktx-21.0.0.aar (com.google.firebase:firebase-common-ktx:21.0.0) with JetifyTransform
Transforming firebase-common-ktx-21.0.0.aar (com.google.firebase:firebase-common-ktx:21.0.0) with ExtractAarTransform
Transforming firebase-common-ktx-21.0.0.aar (com.google.firebase:firebase-common-ktx:21.0.0) with AarTransform
Transforming firebase-common-ktx-21.0.0.aar (com.google.firebase:firebase-common-ktx:21.0.0) with JetifyTransform
Transforming firebase-common-ktx-21.0.0.aar (com.google.firebase:firebase-common-ktx:21.0.0) with ExtractAarTransform
Transforming firebase-common-ktx-21.0.0.aar (com.google.firebase:firebase-common-ktx:21.0.0) with AarTransform
Transforming firebase-common-ktx-21.0.0.aar (com.google.firebase:firebase-common-ktx:21.0.0) with JetifyTransform
Transforming firebase-common-ktx-21.0.0.aar (com.google.firebase:firebase-common-ktx:21.0.0) with ExtractAarTransform
Transforming firebase-common-ktx-21.0.0.aar (com.google.firebase:firebase-common-ktx:21.0.0) with AarTransform
Transforming firebase-common-ktx-21.0.0.aar (com.google.firebase:firebase-common-ktx:21.0.0) with JetifyTransform
Transforming firebase-common-ktx-21.0.0.aar (com.google.firebase:firebase-common-ktx:21.0.0) with ExtractAarTransform
Transforming firebase-common-ktx-21.0.0.aar (com.google.firebase:firebase-common-ktx:21.0.0) with AarTransform
Transforming firebase-common-21.0.0.aar (com.google.firebase:firebase-common:21.0.0) with JetifyTransform
Transforming firebase-common-21.0.0.aar (com.google.firebase:firebase-common:21.0.0) with ExtractAarTransform
Transforming firebase-common-21.0.0.aar (com.google.firebase:firebase-common:21.0.0) with AarTransform
Transforming firebase-common-21.0.0.aar (com.google.firebase:firebase-common:21.0.0) with JetifyTransform
Transforming firebase-common-21.0.0.aar (com.google.firebase:firebase-common:21.0.0) with ExtractAarTransform
Transforming firebase-common-21.0.0.aar (com.google.firebase:firebase-common:21.0.0) with AarTransform
Transforming firebase-common-21.0.0.aar (com.google.firebase:firebase-common:21.0.0) with JetifyTransform
Transforming firebase-common-21.0.0.aar (com.google.firebase:firebase-common:21.0.0) with ExtractAarTransform
Transforming firebase-common-21.0.0.aar (com.google.firebase:firebase-common:21.0.0) with AarTransform
Transforming firebase-common-21.0.0.aar (com.google.firebase:firebase-common:21.0.0) with JetifyTransform
Transforming firebase-common-21.0.0.aar (com.google.firebase:firebase-common:21.0.0) with ExtractAarTransform
Transforming firebase-common-21.0.0.aar (com.google.firebase:firebase-common:21.0.0) with AarTransform
Transforming firebase-common-21.0.0.aar (com.google.firebase:firebase-common:21.0.0) with JetifyTransform
Transforming firebase-common-21.0.0.aar (com.google.firebase:firebase-common:21.0.0) with ExtractAarTransform
Transforming firebase-common-21.0.0.aar (com.google.firebase:firebase-common:21.0.0) with AarTransform
Transforming firebase-common-21.0.0.aar (com.google.firebase:firebase-common:21.0.0) with JetifyTransform
Transforming firebase-common-21.0.0.aar (com.google.firebase:firebase-common:21.0.0) with ExtractAarTransform
Transforming firebase-common-21.0.0.aar (com.google.firebase:firebase-common:21.0.0) with AarTransform
Transforming play-services-measurement-22.0.2.aar (com.google.android.gms:play-services-measurement:22.0.2) with JetifyTransform
Transforming play-services-measurement-22.0.2.aar (com.google.android.gms:play-services-measurement:22.0.2) with ExtractAarTransform
Transforming play-services-measurement-22.0.2.aar (com.google.android.gms:play-services-measurement:22.0.2) with AarTransform
Transforming play-services-measurement-sdk-22.0.2.aar (com.google.android.gms:play-services-measurement-sdk:22.0.2) with JetifyTransform
Transforming play-services-measurement-sdk-22.0.2.aar (com.google.android.gms:play-services-measurement-sdk:22.0.2) with ExtractAarTransform
Transforming play-services-measurement-sdk-22.0.2.aar (com.google.android.gms:play-services-measurement-sdk:22.0.2) with AarTransform
Transforming firebase-auth-interop-19.0.2.aar (com.google.firebase:firebase-auth-interop:19.0.2) with JetifyTransform
Transforming firebase-auth-interop-19.0.2.aar (com.google.firebase:firebase-auth-interop:19.0.2) with ExtractAarTransform
Transforming firebase-auth-interop-19.0.2.aar (com.google.firebase:firebase-auth-interop:19.0.2) with AarTransform
Transforming play-services-measurement-impl-22.0.2.aar (com.google.android.gms:play-services-measurement-impl:22.0.2) with JetifyTransform
Transforming play-services-measurement-impl-22.0.2.aar (com.google.android.gms:play-services-measurement-impl:22.0.2) with ExtractAarTransform
Transforming play-services-measurement-impl-22.0.2.aar (com.google.android.gms:play-services-measurement-impl:22.0.2) with AarTransform
Transforming play-services-measurement-impl-22.0.2.aar (com.google.android.gms:play-services-measurement-impl:22.0.2) with JetifyTransform
Transforming play-services-measurement-impl-22.0.2.aar (com.google.android.gms:play-services-measurement-impl:22.0.2) with ExtractAarTransform
Transforming play-services-measurement-impl-22.0.2.aar (com.google.android.gms:play-services-measurement-impl:22.0.2) with AarTransform
Transforming play-services-ads-identifier-18.0.0.aar (com.google.android.gms:play-services-ads-identifier:18.0.0) with JetifyTransform
Transforming play-services-ads-identifier-18.0.0.aar (com.google.android.gms:play-services-ads-identifier:18.0.0) with ExtractAarTransform
Transforming play-services-ads-identifier-18.0.0.aar (com.google.android.gms:play-services-ads-identifier:18.0.0) with AarTransform
Transforming play-services-ads-identifier-18.0.0.aar (com.google.android.gms:play-services-ads-identifier:18.0.0) with JetifyTransform
Transforming play-services-ads-identifier-18.0.0.aar (com.google.android.gms:play-services-ads-identifier:18.0.0) with ExtractAarTransform
Transforming play-services-ads-identifier-18.0.0.aar (com.google.android.gms:play-services-ads-identifier:18.0.0) with AarTransform
Transforming play-services-ads-identifier-18.0.0.aar (com.google.android.gms:play-services-ads-identifier:18.0.0) with JetifyTransform
Transforming play-services-ads-identifier-18.0.0.aar (com.google.android.gms:play-services-ads-identifier:18.0.0) with ExtractAarTransform
Transforming play-services-ads-identifier-18.0.0.aar (com.google.android.gms:play-services-ads-identifier:18.0.0) with AarTransform
Transforming play-services-measurement-sdk-api-22.0.2.aar (com.google.android.gms:play-services-measurement-sdk-api:22.0.2) with JetifyTransform
Transforming play-services-measurement-sdk-api-22.0.2.aar (com.google.android.gms:play-services-measurement-sdk-api:22.0.2) with ExtractAarTransform
Transforming play-services-measurement-sdk-api-22.0.2.aar (com.google.android.gms:play-services-measurement-sdk-api:22.0.2) with AarTransform
Transforming play-services-measurement-base-22.0.2.aar (com.google.android.gms:play-services-measurement-base:22.0.2) with JetifyTransform
Transforming play-services-measurement-base-22.0.2.aar (com.google.android.gms:play-services-measurement-base:22.0.2) with ExtractAarTransform
Transforming play-services-measurement-base-22.0.2.aar (com.google.android.gms:play-services-measurement-base:22.0.2) with AarTransform
Transforming play-services-measurement-base-22.0.2.aar (com.google.android.gms:play-services-measurement-base:22.0.2) with JetifyTransform
Transforming play-services-measurement-base-22.0.2.aar (com.google.android.gms:play-services-measurement-base:22.0.2) with ExtractAarTransform
Transforming play-services-measurement-base-22.0.2.aar (com.google.android.gms:play-services-measurement-base:22.0.2) with AarTransform
Transforming play-services-measurement-base-22.0.2.aar (com.google.android.gms:play-services-measurement-base:22.0.2) with JetifyTransform
Transforming play-services-measurement-base-22.0.2.aar (com.google.android.gms:play-services-measurement-base:22.0.2) with ExtractAarTransform
Transforming play-services-measurement-base-22.0.2.aar (com.google.android.gms:play-services-measurement-base:22.0.2) with AarTransform
Transforming play-services-measurement-base-22.0.2.aar (com.google.android.gms:play-services-measurement-base:22.0.2) with JetifyTransform
Transforming play-services-measurement-base-22.0.2.aar (com.google.android.gms:play-services-measurement-base:22.0.2) with ExtractAarTransform
Transforming play-services-measurement-base-22.0.2.aar (com.google.android.gms:play-services-measurement-base:22.0.2) with AarTransform
Transforming play-services-measurement-base-22.0.2.aar (com.google.android.gms:play-services-measurement-base:22.0.2) with JetifyTransform
Transforming play-services-measurement-base-22.0.2.aar (com.google.android.gms:play-services-measurement-base:22.0.2) with ExtractAarTransform
Transforming play-services-measurement-base-22.0.2.aar (com.google.android.gms:play-services-measurement-base:22.0.2) with AarTransform
Transforming play-services-stats-17.0.2.aar (com.google.android.gms:play-services-stats:17.0.2) with JetifyTransform
Transforming play-services-stats-17.0.2.aar (com.google.android.gms:play-services-stats:17.0.2) with ExtractAarTransform
Transforming play-services-stats-17.0.2.aar (com.google.android.gms:play-services-stats:17.0.2) with AarTransform
Transforming play-services-stats-17.0.2.aar (com.google.android.gms:play-services-stats:17.0.2) with JetifyTransform
Transforming play-services-stats-17.0.2.aar (com.google.android.gms:play-services-stats:17.0.2) with ExtractAarTransform
Transforming play-services-stats-17.0.2.aar (com.google.android.gms:play-services-stats:17.0.2) with AarTransform
Transforming material3-release.aar (androidx.compose.material3:material3-android:1.2.0) with JetifyTransform
Transforming material3-release.aar (androidx.compose.material3:material3-android:1.2.0) with ExtractAarTransform
Transforming material3-release.aar (androidx.compose.material3:material3-android:1.2.0) with AarTransform
Transforming material-ripple-release.aar (androidx.compose.material:material-ripple-android:1.6.2) with JetifyTransform
Transforming material-ripple-release.aar (androidx.compose.material:material-ripple-android:1.6.2) with ExtractAarTransform
Transforming material-ripple-release.aar (androidx.compose.material:material-ripple-android:1.6.2) with AarTransform
Transforming material-icons-core-release.aar (androidx.compose.material:material-icons-core-android:1.6.2) with JetifyTransform
Transforming material-icons-core-release.aar (androidx.compose.material:material-icons-core-android:1.6.2) with ExtractAarTransform
Transforming material-icons-core-release.aar (androidx.compose.material:material-icons-core-android:1.6.2) with AarTransform
Transforming material-release.aar (androidx.compose.material:material-android:1.6.2) with JetifyTransform
Transforming material-release.aar (androidx.compose.material:material-android:1.6.2) with ExtractAarTransform
Transforming material-release.aar (androidx.compose.material:material-android:1.6.2) with AarTransform
Transforming animation-core-release.aar (androidx.compose.animation:animation-core-android:1.6.2) with JetifyTransform
Transforming animation-core-release.aar (androidx.compose.animation:animation-core-android:1.6.2) with ExtractAarTransform
Transforming animation-core-release.aar (androidx.compose.animation:animation-core-android:1.6.2) with AarTransform
Transforming animation-release.aar (androidx.compose.animation:animation-android:1.6.2) with JetifyTransform
Transforming animation-release.aar (androidx.compose.animation:animation-android:1.6.2) with ExtractAarTransform
Transforming animation-release.aar (androidx.compose.animation:animation-android:1.6.2) with AarTransform
Transforming foundation-layout-release.aar (androidx.compose.foundation:foundation-layout-android:1.6.2) with JetifyTransform
Transforming foundation-layout-release.aar (androidx.compose.foundation:foundation-layout-android:1.6.2) with ExtractAarTransform
Transforming foundation-layout-release.aar (androidx.compose.foundation:foundation-layout-android:1.6.2) with AarTransform
Transforming foundation-release.aar (androidx.compose.foundation:foundation-android:1.6.2) with JetifyTransform
Transforming foundation-release.aar (androidx.compose.foundation:foundation-android:1.6.2) with ExtractAarTransform
Transforming foundation-release.aar (androidx.compose.foundation:foundation-android:1.6.2) with AarTransform
Transforming ui-tooling-data-release.aar (androidx.compose.ui:ui-tooling-data-android:1.6.2) with JetifyTransform
Transforming ui-tooling-data-release.aar (androidx.compose.ui:ui-tooling-data-android:1.6.2) with ExtractAarTransform
Transforming ui-tooling-data-release.aar (androidx.compose.ui:ui-tooling-data-android:1.6.2) with AarTransform
Transforming ui-unit-release.aar (androidx.compose.ui:ui-unit-android:1.6.2) with JetifyTransform
Transforming ui-unit-release.aar (androidx.compose.ui:ui-unit-android:1.6.2) with ExtractAarTransform
Transforming ui-unit-release.aar (androidx.compose.ui:ui-unit-android:1.6.2) with AarTransform
Transforming ui-geometry-release.aar (androidx.compose.ui:ui-geometry-android:1.6.2) with JetifyTransform
Transforming ui-geometry-release.aar (androidx.compose.ui:ui-geometry-android:1.6.2) with ExtractAarTransform
Transforming ui-geometry-release.aar (androidx.compose.ui:ui-geometry-android:1.6.2) with AarTransform
Transforming ui-util-release.aar (androidx.compose.ui:ui-util-android:1.6.2) with JetifyTransform
Transforming ui-util-release.aar (androidx.compose.ui:ui-util-android:1.6.2) with ExtractAarTransform
Transforming ui-util-release.aar (androidx.compose.ui:ui-util-android:1.6.2) with AarTransform
Transforming ui-text-release.aar (androidx.compose.ui:ui-text-android:1.6.2) with JetifyTransform
Transforming ui-text-release.aar (androidx.compose.ui:ui-text-android:1.6.2) with ExtractAarTransform
Transforming ui-text-release.aar (androidx.compose.ui:ui-text-android:1.6.2) with AarTransform
Transforming ui-tooling-preview-release.aar (androidx.compose.ui:ui-tooling-preview-android:1.6.2) with JetifyTransform
Transforming ui-tooling-preview-release.aar (androidx.compose.ui:ui-tooling-preview-android:1.6.2) with ExtractAarTransform
Transforming ui-tooling-preview-release.aar (androidx.compose.ui:ui-tooling-preview-android:1.6.2) with AarTransform
Transforming ui-graphics-release.aar (androidx.compose.ui:ui-graphics-android:1.6.2) with JetifyTransform
Transforming ui-graphics-release.aar (androidx.compose.ui:ui-graphics-android:1.6.2) with ExtractAarTransform
Transforming ui-graphics-release.aar (androidx.compose.ui:ui-graphics-android:1.6.2) with AarTransform
Transforming ui-tooling-release.aar (androidx.compose.ui:ui-tooling-android:1.6.2) with JetifyTransform
Transforming ui-tooling-release.aar (androidx.compose.ui:ui-tooling-android:1.6.2) with ExtractAarTransform
Transforming ui-tooling-release.aar (androidx.compose.ui:ui-tooling-android:1.6.2) with AarTransform
Transforming activity-compose-1.9.3.aar (androidx.activity:activity-compose:1.9.3) with JetifyTransform
Transforming activity-compose-1.9.3.aar (androidx.activity:activity-compose:1.9.3) with ExtractAarTransform
Transforming activity-compose-1.9.3.aar (androidx.activity:activity-compose:1.9.3) with AarTransform
Transforming emoji2-views-helper-1.3.0.aar (androidx.emoji2:emoji2-views-helper:1.3.0) with JetifyTransform
Transforming emoji2-views-helper-1.3.0.aar (androidx.emoji2:emoji2-views-helper:1.3.0) with ExtractAarTransform
Transforming emoji2-views-helper-1.3.0.aar (androidx.emoji2:emoji2-views-helper:1.3.0) with AarTransform
Transforming emoji2-1.3.0.aar (androidx.emoji2:emoji2:1.3.0) with JetifyTransform
Transforming emoji2-1.3.0.aar (androidx.emoji2:emoji2:1.3.0) with ExtractAarTransform
Transforming emoji2-1.3.0.aar (androidx.emoji2:emoji2:1.3.0) with AarTransform
Transforming slidingpanelayout-1.2.0.aar (androidx.slidingpanelayout:slidingpanelayout:1.2.0) with JetifyTransform
Transforming slidingpanelayout-1.2.0.aar (androidx.slidingpanelayout:slidingpanelayout:1.2.0) with ExtractAarTransform
Transforming slidingpanelayout-1.2.0.aar (androidx.slidingpanelayout:slidingpanelayout:1.2.0) with AarTransform
Transforming transition-1.5.0.aar (androidx.transition:transition:1.5.0) with JetifyTransform
Transforming transition-1.5.0.aar (androidx.transition:transition:1.5.0) with ExtractAarTransform
Transforming transition-1.5.0.aar (androidx.transition:transition:1.5.0) with AarTransform
Transforming dynamicanimation-1.0.0.aar (androidx.dynamicanimation:dynamicanimation:1.0.0) with JetifyTransform
Transforming dynamicanimation-1.0.0.aar (androidx.dynamicanimation:dynamicanimation:1.0.0) with ExtractAarTransform
Transforming dynamicanimation-1.0.0.aar (androidx.dynamicanimation:dynamicanimation:1.0.0) with AarTransform
Transforming legacy-support-core-utils-1.0.0.aar (androidx.legacy:legacy-support-core-utils:1.0.0) with JetifyTransform
Transforming legacy-support-core-utils-1.0.0.aar (androidx.legacy:legacy-support-core-utils:1.0.0) with ExtractAarTransform
Transforming legacy-support-core-utils-1.0.0.aar (androidx.legacy:legacy-support-core-utils:1.0.0) with AarTransform
Transforming legacy-support-core-utils-1.0.0.aar (androidx.legacy:legacy-support-core-utils:1.0.0) with JetifyTransform
Transforming legacy-support-core-utils-1.0.0.aar (androidx.legacy:legacy-support-core-utils:1.0.0) with ExtractAarTransform
Transforming legacy-support-core-utils-1.0.0.aar (androidx.legacy:legacy-support-core-utils:1.0.0) with AarTransform
Transforming legacy-support-core-utils-1.0.0.aar (androidx.legacy:legacy-support-core-utils:1.0.0) with JetifyTransform
Transforming legacy-support-core-utils-1.0.0.aar (androidx.legacy:legacy-support-core-utils:1.0.0) with ExtractAarTransform
Transforming legacy-support-core-utils-1.0.0.aar (androidx.legacy:legacy-support-core-utils:1.0.0) with AarTransform
Transforming loader-1.0.0.aar (androidx.loader:loader:1.0.0) with JetifyTransform
Transforming loader-1.0.0.aar (androidx.loader:loader:1.0.0) with ExtractAarTransform
Transforming loader-1.0.0.aar (androidx.loader:loader:1.0.0) with AarTransform
Transforming loader-1.0.0.aar (androidx.loader:loader:1.0.0) with JetifyTransform
Transforming loader-1.0.0.aar (androidx.loader:loader:1.0.0) with ExtractAarTransform
Transforming loader-1.0.0.aar (androidx.loader:loader:1.0.0) with AarTransform
Transforming drawerlayout-1.1.1.aar (androidx.drawerlayout:drawerlayout:1.1.1) with JetifyTransform
Transforming drawerlayout-1.1.1.aar (androidx.drawerlayout:drawerlayout:1.1.1) with ExtractAarTransform
Transforming drawerlayout-1.1.1.aar (androidx.drawerlayout:drawerlayout:1.1.1) with AarTransform
Transforming coordinatorlayout-1.1.0.aar (androidx.coordinatorlayout:coordinatorlayout:1.1.0) with JetifyTransform
Transforming coordinatorlayout-1.1.0.aar (androidx.coordinatorlayout:coordinatorlayout:1.1.0) with ExtractAarTransform
Transforming coordinatorlayout-1.1.0.aar (androidx.coordinatorlayout:coordinatorlayout:1.1.0) with AarTransform
Transforming vectordrawable-animated-1.1.0.aar (androidx.vectordrawable:vectordrawable-animated:1.1.0) with JetifyTransform
Transforming vectordrawable-animated-1.1.0.aar (androidx.vectordrawable:vectordrawable-animated:1.1.0) with ExtractAarTransform
Transforming vectordrawable-animated-1.1.0.aar (androidx.vectordrawable:vectordrawable-animated:1.1.0) with AarTransform
Transforming vectordrawable-1.1.0.aar (androidx.vectordrawable:vectordrawable:1.1.0) with JetifyTransform
Transforming vectordrawable-1.1.0.aar (androidx.vectordrawable:vectordrawable:1.1.0) with ExtractAarTransform
Transforming vectordrawable-1.1.0.aar (androidx.vectordrawable:vectordrawable:1.1.0) with AarTransform
Transforming vectordrawable-1.1.0.aar (androidx.vectordrawable:vectordrawable:1.1.0) with JetifyTransform
Transforming vectordrawable-1.1.0.aar (androidx.vectordrawable:vectordrawable:1.1.0) with ExtractAarTransform
Transforming vectordrawable-1.1.0.aar (androidx.vectordrawable:vectordrawable:1.1.0) with AarTransform
Transforming media-1.7.0.aar (androidx.media:media:1.7.0) with JetifyTransform
Transforming media-1.7.0.aar (androidx.media:media:1.7.0) with ExtractAarTransform
Transforming media-1.7.0.aar (androidx.media:media:1.7.0) with AarTransform
Transforming viewpager-1.0.0.aar (androidx.viewpager:viewpager:1.0.0) with JetifyTransform
Transforming viewpager-1.0.0.aar (androidx.viewpager:viewpager:1.0.0) with ExtractAarTransform
Transforming viewpager-1.0.0.aar (androidx.viewpager:viewpager:1.0.0) with AarTransform
Transforming customview-1.1.0.aar (androidx.customview:customview:1.1.0) with JetifyTransform
Transforming customview-1.1.0.aar (androidx.customview:customview:1.1.0) with ExtractAarTransform
Transforming customview-1.1.0.aar (androidx.customview:customview:1.1.0) with AarTransform
Transforming customview-1.1.0.aar (androidx.customview:customview:1.1.0) with JetifyTransform
Transforming customview-1.1.0.aar (androidx.customview:customview:1.1.0) with ExtractAarTransform
Transforming customview-1.1.0.aar (androidx.customview:customview:1.1.0) with AarTransform
Transforming customview-1.1.0.aar (androidx.customview:customview:1.1.0) with JetifyTransform
Transforming customview-1.1.0.aar (androidx.customview:customview:1.1.0) with ExtractAarTransform
Transforming customview-1.1.0.aar (androidx.customview:customview:1.1.0) with AarTransform
Transforming customview-1.1.0.aar (androidx.customview:customview:1.1.0) with JetifyTransform
Transforming customview-1.1.0.aar (androidx.customview:customview:1.1.0) with ExtractAarTransform
Transforming customview-1.1.0.aar (androidx.customview:customview:1.1.0) with AarTransform
Transforming autofill-1.0.0.aar (androidx.autofill:autofill:1.0.0) with JetifyTransform
Transforming autofill-1.0.0.aar (androidx.autofill:autofill:1.0.0) with ExtractAarTransform
Transforming autofill-1.0.0.aar (androidx.autofill:autofill:1.0.0) with AarTransform
Transforming window-1.0.0.aar (androidx.window:window:1.0.0) with JetifyTransform
Transforming window-1.0.0.aar (androidx.window:window:1.0.0) with ExtractAarTransform
Transforming window-1.0.0.aar (androidx.window:window:1.0.0) with AarTransform
Transforming core-1.13.1.aar (androidx.core:core:1.13.1) with JetifyTransform
Transforming core-1.13.1.aar (androidx.core:core:1.13.1) with ExtractAarTransform
Transforming core-1.13.1.aar (androidx.core:core:1.13.1) with AarTransform
Transforming core-1.13.1.aar (androidx.core:core:1.13.1) with JetifyTransform
Transforming core-1.13.1.aar (androidx.core:core:1.13.1) with ExtractAarTransform
Transforming core-1.13.1.aar (androidx.core:core:1.13.1) with AarTransform
Transforming core-1.13.1.aar (androidx.core:core:1.13.1) with JetifyTransform
Transforming core-1.13.1.aar (androidx.core:core:1.13.1) with ExtractAarTransform
Transforming core-1.13.1.aar (androidx.core:core:1.13.1) with AarTransform
Transforming core-1.13.1.aar (androidx.core:core:1.13.1) with JetifyTransform
Transforming core-1.13.1.aar (androidx.core:core:1.13.1) with ExtractAarTransform
Transforming core-1.13.1.aar (androidx.core:core:1.13.1) with AarTransform
Transforming core-1.13.1.aar (androidx.core:core:1.13.1) with JetifyTransform
Transforming core-1.13.1.aar (androidx.core:core:1.13.1) with ExtractAarTransform
Transforming core-1.13.1.aar (androidx.core:core:1.13.1) with AarTransform
Transforming core-1.13.1.aar (androidx.core:core:1.13.1) with JetifyTransform
Transforming core-1.13.1.aar (androidx.core:core:1.13.1) with ExtractAarTransform
Transforming core-1.13.1.aar (androidx.core:core:1.13.1) with AarTransform
Transforming core-1.13.1.aar (androidx.core:core:1.13.1) with JetifyTransform
Transforming core-1.13.1.aar (androidx.core:core:1.13.1) with ExtractAarTransform
Transforming core-1.13.1.aar (androidx.core:core:1.13.1) with AarTransform
Transforming core-1.13.1.aar (androidx.core:core:1.13.1) with JetifyTransform
Transforming core-1.13.1.aar (androidx.core:core:1.13.1) with ExtractAarTransform
Transforming core-1.13.1.aar (androidx.core:core:1.13.1) with AarTransform
Transforming core-1.13.1.aar (androidx.core:core:1.13.1) with JetifyTransform
Transforming core-1.13.1.aar (androidx.core:core:1.13.1) with ExtractAarTransform
Transforming core-1.13.1.aar (androidx.core:core:1.13.1) with AarTransform
Transforming core-1.13.1.aar (androidx.core:core:1.13.1) with JetifyTransform
Transforming core-1.13.1.aar (androidx.core:core:1.13.1) with ExtractAarTransform
Transforming core-1.13.1.aar (androidx.core:core:1.13.1) with AarTransform
Transforming core-1.13.1.aar (androidx.core:core:1.13.1) with JetifyTransform
Transforming core-1.13.1.aar (androidx.core:core:1.13.1) with ExtractAarTransform
Transforming core-1.13.1.aar (androidx.core:core:1.13.1) with AarTransform
Transforming core-1.13.1.aar (androidx.core:core:1.13.1) with JetifyTransform
Transforming core-1.13.1.aar (androidx.core:core:1.13.1) with ExtractAarTransform
Transforming core-1.13.1.aar (androidx.core:core:1.13.1) with AarTransform
Transforming core-1.13.1.aar (androidx.core:core:1.13.1) with JetifyTransform
Transforming core-1.13.1.aar (androidx.core:core:1.13.1) with ExtractAarTransform
Transforming core-1.13.1.aar (androidx.core:core:1.13.1) with AarTransform
Transforming savedstate-ktx-1.2.1.aar (androidx.savedstate:savedstate-ktx:1.2.1) with JetifyTransform
Transforming savedstate-ktx-1.2.1.aar (androidx.savedstate:savedstate-ktx:1.2.1) with ExtractAarTransform
Transforming savedstate-ktx-1.2.1.aar (androidx.savedstate:savedstate-ktx:1.2.1) with AarTransform
Transforming savedstate-1.2.1.aar (androidx.savedstate:savedstate:1.2.1) with JetifyTransform
Transforming savedstate-1.2.1.aar (androidx.savedstate:savedstate:1.2.1) with ExtractAarTransform
Transforming savedstate-1.2.1.aar (androidx.savedstate:savedstate:1.2.1) with AarTransform
Transforming lifecycle-service-2.8.7.aar (androidx.lifecycle:lifecycle-service:2.8.7) with JetifyTransform
Transforming lifecycle-service-2.8.7.aar (androidx.lifecycle:lifecycle-service:2.8.7) with ExtractAarTransform
Transforming lifecycle-service-2.8.7.aar (androidx.lifecycle:lifecycle-service:2.8.7) with AarTransform
Transforming lifecycle-runtime-release.aar (androidx.lifecycle:lifecycle-runtime-android:2.8.7) with JetifyTransform
Transforming lifecycle-runtime-release.aar (androidx.lifecycle:lifecycle-runtime-android:2.8.7) with ExtractAarTransform
Transforming lifecycle-runtime-release.aar (androidx.lifecycle:lifecycle-runtime-android:2.8.7) with AarTransform
Transforming lifecycle-viewmodel-2.8.7.aar (androidx.lifecycle:lifecycle-viewmodel:2.8.7) with JetifyTransform
Transforming lifecycle-viewmodel-2.8.7.aar (androidx.lifecycle:lifecycle-viewmodel:2.8.7) with ExtractAarTransform
Transforming lifecycle-viewmodel-2.8.7.aar (androidx.lifecycle:lifecycle-viewmodel:2.8.7) with AarTransform
Transforming lifecycle-viewmodel-release.aar (androidx.lifecycle:lifecycle-viewmodel-android:2.8.7) with JetifyTransform
Transforming lifecycle-viewmodel-release.aar (androidx.lifecycle:lifecycle-viewmodel-android:2.8.7) with ExtractAarTransform
Transforming lifecycle-viewmodel-release.aar (androidx.lifecycle:lifecycle-viewmodel-android:2.8.7) with AarTransform
Transforming lifecycle-livedata-core-2.8.7.aar (androidx.lifecycle:lifecycle-livedata-core:2.8.7) with JetifyTransform
Transforming lifecycle-livedata-core-2.8.7.aar (androidx.lifecycle:lifecycle-livedata-core:2.8.7) with ExtractAarTransform
Transforming lifecycle-livedata-core-2.8.7.aar (androidx.lifecycle:lifecycle-livedata-core:2.8.7) with AarTransform
Transforming lifecycle-process-2.8.7.aar (androidx.lifecycle:lifecycle-process:2.8.7) with JetifyTransform
Transforming lifecycle-process-2.8.7.aar (androidx.lifecycle:lifecycle-process:2.8.7) with ExtractAarTransform
Transforming lifecycle-process-2.8.7.aar (androidx.lifecycle:lifecycle-process:2.8.7) with AarTransform
Transforming lifecycle-runtime-compose-release.aar (androidx.lifecycle:lifecycle-runtime-compose-android:2.8.7) with JetifyTransform
Transforming lifecycle-runtime-compose-release.aar (androidx.lifecycle:lifecycle-runtime-compose-android:2.8.7) with ExtractAarTransform
Transforming lifecycle-runtime-compose-release.aar (androidx.lifecycle:lifecycle-runtime-compose-android:2.8.7) with AarTransform
Transforming lifecycle-viewmodel-compose-release.aar (androidx.lifecycle:lifecycle-viewmodel-compose-android:2.8.7) with JetifyTransform
Transforming lifecycle-viewmodel-compose-release.aar (androidx.lifecycle:lifecycle-viewmodel-compose-android:2.8.7) with ExtractAarTransform
Transforming lifecycle-viewmodel-compose-release.aar (androidx.lifecycle:lifecycle-viewmodel-compose-android:2.8.7) with AarTransform
Transforming accompanist-drawablepainter-0.32.0.aar (com.google.accompanist:accompanist-drawablepainter:0.32.0) with JetifyTransform
Transforming accompanist-drawablepainter-0.32.0.aar (com.google.accompanist:accompanist-drawablepainter:0.32.0) with ExtractAarTransform
Transforming accompanist-drawablepainter-0.32.0.aar (com.google.accompanist:accompanist-drawablepainter:0.32.0) with AarTransform
Transforming ui-release.aar (androidx.compose.ui:ui-android:1.6.2) with JetifyTransform
Transforming ui-release.aar (androidx.compose.ui:ui-android:1.6.2) with ExtractAarTransform
Transforming ui-release.aar (androidx.compose.ui:ui-android:1.6.2) with AarTransform
Transforming ui-test-manifest-1.6.2.aar (androidx.compose.ui:ui-test-manifest:1.6.2) with JetifyTransform
Transforming ui-test-manifest-1.6.2.aar (androidx.compose.ui:ui-test-manifest:1.6.2) with ExtractAarTransform
Transforming ui-test-manifest-1.6.2.aar (androidx.compose.ui:ui-test-manifest:1.6.2) with AarTransform
Transforming activity-1.9.3.aar (androidx.activity:activity:1.9.3) with JetifyTransform
Transforming activity-1.9.3.aar (androidx.activity:activity:1.9.3) with ExtractAarTransform
Transforming activity-1.9.3.aar (androidx.activity:activity:1.9.3) with AarTransform
Transforming lifecycle-viewmodel-savedstate-2.8.7.aar (androidx.lifecycle:lifecycle-viewmodel-savedstate:2.8.7) with JetifyTransform
Transforming lifecycle-viewmodel-savedstate-2.8.7.aar (androidx.lifecycle:lifecycle-viewmodel-savedstate:2.8.7) with ExtractAarTransform
Transforming lifecycle-viewmodel-savedstate-2.8.7.aar (androidx.lifecycle:lifecycle-viewmodel-savedstate:2.8.7) with AarTransform
Transforming lifecycle-runtime-ktx-release.aar (androidx.lifecycle:lifecycle-runtime-ktx-android:2.8.7) with JetifyTransform
Transforming lifecycle-runtime-ktx-release.aar (androidx.lifecycle:lifecycle-runtime-ktx-android:2.8.7) with ExtractAarTransform
Transforming lifecycle-runtime-ktx-release.aar (androidx.lifecycle:lifecycle-runtime-ktx-android:2.8.7) with AarTransform
Transforming lifecycle-livedata-2.8.7.aar (androidx.lifecycle:lifecycle-livedata:2.8.7) with JetifyTransform
Transforming lifecycle-livedata-2.8.7.aar (androidx.lifecycle:lifecycle-livedata:2.8.7) with ExtractAarTransform
Transforming lifecycle-livedata-2.8.7.aar (androidx.lifecycle:lifecycle-livedata:2.8.7) with AarTransform
Transforming lifecycle-livedata-2.8.7.aar (androidx.lifecycle:lifecycle-livedata:2.8.7) with JetifyTransform
Transforming lifecycle-livedata-2.8.7.aar (androidx.lifecycle:lifecycle-livedata:2.8.7) with ExtractAarTransform
Transforming lifecycle-livedata-2.8.7.aar (androidx.lifecycle:lifecycle-livedata:2.8.7) with AarTransform
Transforming lifecycle-livedata-core-ktx-2.8.7.aar (androidx.lifecycle:lifecycle-livedata-core-ktx:2.8.7) with JetifyTransform
Transforming lifecycle-livedata-core-ktx-2.8.7.aar (androidx.lifecycle:lifecycle-livedata-core-ktx:2.8.7) with ExtractAarTransform
Transforming lifecycle-livedata-core-ktx-2.8.7.aar (androidx.lifecycle:lifecycle-livedata-core-ktx:2.8.7) with AarTransform
Transforming lifecycle-livedata-ktx-2.8.7.aar (androidx.lifecycle:lifecycle-livedata-ktx:2.8.7) with JetifyTransform
Transforming lifecycle-livedata-ktx-2.8.7.aar (androidx.lifecycle:lifecycle-livedata-ktx:2.8.7) with ExtractAarTransform
Transforming lifecycle-livedata-ktx-2.8.7.aar (androidx.lifecycle:lifecycle-livedata-ktx:2.8.7) with AarTransform
Transforming lifecycle-viewmodel-ktx-2.8.7.aar (androidx.lifecycle:lifecycle-viewmodel-ktx:2.8.7) with JetifyTransform
Transforming lifecycle-viewmodel-ktx-2.8.7.aar (androidx.lifecycle:lifecycle-viewmodel-ktx:2.8.7) with ExtractAarTransform
Transforming lifecycle-viewmodel-ktx-2.8.7.aar (androidx.lifecycle:lifecycle-viewmodel-ktx:2.8.7) with AarTransform
Transforming runtime-saveable-release.aar (androidx.compose.runtime:runtime-saveable-android:1.7.1) with JetifyTransform
Transforming runtime-saveable-release.aar (androidx.compose.runtime:runtime-saveable-android:1.7.1) with ExtractAarTransform
Transforming runtime-saveable-release.aar (androidx.compose.runtime:runtime-saveable-android:1.7.1) with AarTransform
Transforming runtime-release.aar (androidx.compose.runtime:runtime-android:1.7.1) with JetifyTransform
Transforming runtime-release.aar (androidx.compose.runtime:runtime-android:1.7.1) with ExtractAarTransform
Transforming runtime-release.aar (androidx.compose.runtime:runtime-android:1.7.1) with AarTransform
Transforming ads-adservices-java-1.0.0-beta05.aar (androidx.privacysandbox.ads:ads-adservices-java:1.0.0-beta05) with JetifyTransform
Transforming ads-adservices-java-1.0.0-beta05.aar (androidx.privacysandbox.ads:ads-adservices-java:1.0.0-beta05) with ExtractAarTransform
Transforming ads-adservices-java-1.0.0-beta05.aar (androidx.privacysandbox.ads:ads-adservices-java:1.0.0-beta05) with AarTransform
Transforming ads-adservices-1.0.0-beta05.aar (androidx.privacysandbox.ads:ads-adservices:1.0.0-beta05) with JetifyTransform
Transforming ads-adservices-1.0.0-beta05.aar (androidx.privacysandbox.ads:ads-adservices:1.0.0-beta05) with ExtractAarTransform
Transforming ads-adservices-1.0.0-beta05.aar (androidx.privacysandbox.ads:ads-adservices:1.0.0-beta05) with AarTransform
Transforming ads-adservices-1.0.0-beta05.aar (androidx.privacysandbox.ads:ads-adservices:1.0.0-beta05) with JetifyTransform
Transforming ads-adservices-1.0.0-beta05.aar (androidx.privacysandbox.ads:ads-adservices:1.0.0-beta05) with ExtractAarTransform
Transforming ads-adservices-1.0.0-beta05.aar (androidx.privacysandbox.ads:ads-adservices:1.0.0-beta05) with AarTransform
Transforming firebase-installations-interop-17.1.1.aar (com.google.firebase:firebase-installations-interop:17.1.1) with JetifyTransform
Transforming firebase-installations-interop-17.1.1.aar (com.google.firebase:firebase-installations-interop:17.1.1) with ExtractAarTransform
Transforming firebase-installations-interop-17.1.1.aar (com.google.firebase:firebase-installations-interop:17.1.1) with AarTransform
Transforming firebase-installations-interop-17.1.1.aar (com.google.firebase:firebase-installations-interop:17.1.1) with JetifyTransform
Transforming firebase-installations-interop-17.1.1.aar (com.google.firebase:firebase-installations-interop:17.1.1) with ExtractAarTransform
Transforming firebase-installations-interop-17.1.1.aar (com.google.firebase:firebase-installations-interop:17.1.1) with AarTransform
Transforming play-services-tasks-18.2.0.aar (com.google.android.gms:play-services-tasks:18.2.0) with JetifyTransform
Transforming play-services-tasks-18.2.0.aar (com.google.android.gms:play-services-tasks:18.2.0) with ExtractAarTransform
Transforming play-services-tasks-18.2.0.aar (com.google.android.gms:play-services-tasks:18.2.0) with AarTransform
Transforming play-services-tasks-18.2.0.aar (com.google.android.gms:play-services-tasks:18.2.0) with JetifyTransform
Transforming play-services-tasks-18.2.0.aar (com.google.android.gms:play-services-tasks:18.2.0) with ExtractAarTransform
Transforming play-services-tasks-18.2.0.aar (com.google.android.gms:play-services-tasks:18.2.0) with AarTransform
Transforming play-services-tasks-18.2.0.aar (com.google.android.gms:play-services-tasks:18.2.0) with JetifyTransform
Transforming play-services-tasks-18.2.0.aar (com.google.android.gms:play-services-tasks:18.2.0) with ExtractAarTransform
Transforming play-services-tasks-18.2.0.aar (com.google.android.gms:play-services-tasks:18.2.0) with AarTransform
Transforming play-services-tasks-18.2.0.aar (com.google.android.gms:play-services-tasks:18.2.0) with JetifyTransform
Transforming play-services-tasks-18.2.0.aar (com.google.android.gms:play-services-tasks:18.2.0) with ExtractAarTransform
Transforming play-services-tasks-18.2.0.aar (com.google.android.gms:play-services-tasks:18.2.0) with AarTransform
Transforming play-services-tasks-18.2.0.aar (com.google.android.gms:play-services-tasks:18.2.0) with JetifyTransform
Transforming play-services-tasks-18.2.0.aar (com.google.android.gms:play-services-tasks:18.2.0) with ExtractAarTransform
Transforming play-services-tasks-18.2.0.aar (com.google.android.gms:play-services-tasks:18.2.0) with AarTransform
Transforming play-services-tasks-18.2.0.aar (com.google.android.gms:play-services-tasks:18.2.0) with JetifyTransform
Transforming play-services-tasks-18.2.0.aar (com.google.android.gms:play-services-tasks:18.2.0) with ExtractAarTransform
Transforming play-services-tasks-18.2.0.aar (com.google.android.gms:play-services-tasks:18.2.0) with AarTransform
Transforming play-services-tasks-18.2.0.aar (com.google.android.gms:play-services-tasks:18.2.0) with JetifyTransform
Transforming play-services-tasks-18.2.0.aar (com.google.android.gms:play-services-tasks:18.2.0) with ExtractAarTransform
Transforming play-services-tasks-18.2.0.aar (com.google.android.gms:play-services-tasks:18.2.0) with AarTransform
Transforming play-services-tasks-18.2.0.aar (com.google.android.gms:play-services-tasks:18.2.0) with JetifyTransform
Transforming play-services-tasks-18.2.0.aar (com.google.android.gms:play-services-tasks:18.2.0) with ExtractAarTransform
Transforming play-services-tasks-18.2.0.aar (com.google.android.gms:play-services-tasks:18.2.0) with AarTransform
Transforming play-services-tasks-18.2.0.aar (com.google.android.gms:play-services-tasks:18.2.0) with JetifyTransform
Transforming play-services-tasks-18.2.0.aar (com.google.android.gms:play-services-tasks:18.2.0) with ExtractAarTransform
Transforming play-services-tasks-18.2.0.aar (com.google.android.gms:play-services-tasks:18.2.0) with AarTransform
Transforming firebase-measurement-connector-19.0.0.aar (com.google.firebase:firebase-measurement-connector:19.0.0) with JetifyTransform
Transforming firebase-measurement-connector-19.0.0.aar (com.google.firebase:firebase-measurement-connector:19.0.0) with ExtractAarTransform
Transforming firebase-measurement-connector-19.0.0.aar (com.google.firebase:firebase-measurement-connector:19.0.0) with AarTransform
Transforming play-services-basement-18.4.0.aar (com.google.android.gms:play-services-basement:18.4.0) with JetifyTransform
Transforming play-services-basement-18.4.0.aar (com.google.android.gms:play-services-basement:18.4.0) with ExtractAarTransform
Transforming play-services-basement-18.4.0.aar (com.google.android.gms:play-services-basement:18.4.0) with AarTransform
Transforming play-services-basement-18.4.0.aar (com.google.android.gms:play-services-basement:18.4.0) with JetifyTransform
Transforming play-services-basement-18.4.0.aar (com.google.android.gms:play-services-basement:18.4.0) with ExtractAarTransform
Transforming play-services-basement-18.4.0.aar (com.google.android.gms:play-services-basement:18.4.0) with AarTransform
Transforming play-services-basement-18.4.0.aar (com.google.android.gms:play-services-basement:18.4.0) with JetifyTransform
Transforming play-services-basement-18.4.0.aar (com.google.android.gms:play-services-basement:18.4.0) with ExtractAarTransform
Transforming play-services-basement-18.4.0.aar (com.google.android.gms:play-services-basement:18.4.0) with AarTransform
Transforming play-services-basement-18.4.0.aar (com.google.android.gms:play-services-basement:18.4.0) with JetifyTransform
Transforming play-services-basement-18.4.0.aar (com.google.android.gms:play-services-basement:18.4.0) with ExtractAarTransform
Transforming play-services-basement-18.4.0.aar (com.google.android.gms:play-services-basement:18.4.0) with AarTransform
Transforming play-services-basement-18.4.0.aar (com.google.android.gms:play-services-basement:18.4.0) with JetifyTransform
Transforming play-services-basement-18.4.0.aar (com.google.android.gms:play-services-basement:18.4.0) with ExtractAarTransform
Transforming play-services-basement-18.4.0.aar (com.google.android.gms:play-services-basement:18.4.0) with AarTransform
Transforming play-services-basement-18.4.0.aar (com.google.android.gms:play-services-basement:18.4.0) with JetifyTransform
Transforming play-services-basement-18.4.0.aar (com.google.android.gms:play-services-basement:18.4.0) with ExtractAarTransform
Transforming play-services-basement-18.4.0.aar (com.google.android.gms:play-services-basement:18.4.0) with AarTransform
Transforming play-services-basement-18.4.0.aar (com.google.android.gms:play-services-basement:18.4.0) with JetifyTransform
Transforming play-services-basement-18.4.0.aar (com.google.android.gms:play-services-basement:18.4.0) with ExtractAarTransform
Transforming play-services-basement-18.4.0.aar (com.google.android.gms:play-services-basement:18.4.0) with AarTransform
Transforming play-services-basement-18.4.0.aar (com.google.android.gms:play-services-basement:18.4.0) with JetifyTransform
Transforming play-services-basement-18.4.0.aar (com.google.android.gms:play-services-basement:18.4.0) with ExtractAarTransform
Transforming play-services-basement-18.4.0.aar (com.google.android.gms:play-services-basement:18.4.0) with AarTransform
Transforming play-services-basement-18.4.0.aar (com.google.android.gms:play-services-basement:18.4.0) with JetifyTransform
Transforming play-services-basement-18.4.0.aar (com.google.android.gms:play-services-basement:18.4.0) with ExtractAarTransform
Transforming play-services-basement-18.4.0.aar (com.google.android.gms:play-services-basement:18.4.0) with AarTransform
Transforming play-services-basement-18.4.0.aar (com.google.android.gms:play-services-basement:18.4.0) with JetifyTransform
Transforming play-services-basement-18.4.0.aar (com.google.android.gms:play-services-basement:18.4.0) with ExtractAarTransform
Transforming play-services-basement-18.4.0.aar (com.google.android.gms:play-services-basement:18.4.0) with AarTransform
Transforming play-services-basement-18.4.0.aar (com.google.android.gms:play-services-basement:18.4.0) with JetifyTransform
Transforming play-services-basement-18.4.0.aar (com.google.android.gms:play-services-basement:18.4.0) with ExtractAarTransform
Transforming play-services-basement-18.4.0.aar (com.google.android.gms:play-services-basement:18.4.0) with AarTransform
Transforming play-services-basement-18.4.0.aar (com.google.android.gms:play-services-basement:18.4.0) with JetifyTransform
Transforming play-services-basement-18.4.0.aar (com.google.android.gms:play-services-basement:18.4.0) with ExtractAarTransform
Transforming play-services-basement-18.4.0.aar (com.google.android.gms:play-services-basement:18.4.0) with AarTransform
Transforming play-services-basement-18.4.0.aar (com.google.android.gms:play-services-basement:18.4.0) with JetifyTransform
Transforming play-services-basement-18.4.0.aar (com.google.android.gms:play-services-basement:18.4.0) with ExtractAarTransform
Transforming play-services-basement-18.4.0.aar (com.google.android.gms:play-services-basement:18.4.0) with AarTransform
Transforming play-services-basement-18.4.0.aar (com.google.android.gms:play-services-basement:18.4.0) with JetifyTransform
Transforming play-services-basement-18.4.0.aar (com.google.android.gms:play-services-basement:18.4.0) with ExtractAarTransform
Transforming play-services-basement-18.4.0.aar (com.google.android.gms:play-services-basement:18.4.0) with AarTransform
Transforming fragment-1.8.5.aar (androidx.fragment:fragment:1.8.5) with JetifyTransform
Transforming fragment-1.8.5.aar (androidx.fragment:fragment:1.8.5) with ExtractAarTransform
Transforming fragment-1.8.5.aar (androidx.fragment:fragment:1.8.5) with AarTransform
Transforming fragment-1.8.5.aar (androidx.fragment:fragment:1.8.5) with JetifyTransform
Transforming fragment-1.8.5.aar (androidx.fragment:fragment:1.8.5) with ExtractAarTransform
Transforming fragment-1.8.5.aar (androidx.fragment:fragment:1.8.5) with AarTransform
Transforming fragment-1.8.5.aar (androidx.fragment:fragment:1.8.5) with JetifyTransform
Transforming fragment-1.8.5.aar (androidx.fragment:fragment:1.8.5) with ExtractAarTransform
Transforming fragment-1.8.5.aar (androidx.fragment:fragment:1.8.5) with AarTransform
Transforming fragment-ktx-1.8.5.aar (androidx.fragment:fragment-ktx:1.8.5) with JetifyTransform
Transforming fragment-ktx-1.8.5.aar (androidx.fragment:fragment-ktx:1.8.5) with ExtractAarTransform
Transforming fragment-ktx-1.8.5.aar (androidx.fragment:fragment-ktx:1.8.5) with AarTransform
Transforming activity-ktx-1.9.3.aar (androidx.activity:activity-ktx:1.9.3) with JetifyTransform
Transforming activity-ktx-1.9.3.aar (androidx.activity:activity-ktx:1.9.3) with ExtractAarTransform
Transforming activity-ktx-1.9.3.aar (androidx.activity:activity-ktx:1.9.3) with AarTransform
Transforming customview-poolingcontainer-1.0.0.aar (androidx.customview:customview-poolingcontainer:1.0.0) with JetifyTransform
Transforming customview-poolingcontainer-1.0.0.aar (androidx.customview:customview-poolingcontainer:1.0.0) with ExtractAarTransform
Transforming customview-poolingcontainer-1.0.0.aar (androidx.customview:customview-poolingcontainer:1.0.0) with AarTransform
Transforming core-ktx-1.13.1.aar (androidx.core:core-ktx:1.13.1) with JetifyTransform
Transforming core-ktx-1.13.1.aar (androidx.core:core-ktx:1.13.1) with ExtractAarTransform
Transforming core-ktx-1.13.1.aar (androidx.core:core-ktx:1.13.1) with AarTransform
Transforming sqlite-framework-2.4.0.aar (androidx.sqlite:sqlite-framework:2.4.0) with JetifyTransform
Transforming sqlite-framework-2.4.0.aar (androidx.sqlite:sqlite-framework:2.4.0) with ExtractAarTransform
Transforming sqlite-framework-2.4.0.aar (androidx.sqlite:sqlite-framework:2.4.0) with AarTransform
Transforming sqlite-2.4.0.aar (androidx.sqlite:sqlite:2.4.0) with JetifyTransform
Transforming sqlite-2.4.0.aar (androidx.sqlite:sqlite:2.4.0) with ExtractAarTransform
Transforming sqlite-2.4.0.aar (androidx.sqlite:sqlite:2.4.0) with AarTransform
Transforming security-crypto-1.1.0-alpha06.aar (androidx.security:security-crypto:1.1.0-alpha06) with JetifyTransform
Transforming security-crypto-1.1.0-alpha06.aar (androidx.security:security-crypto:1.1.0-alpha06) with ExtractAarTransform
Transforming security-crypto-1.1.0-alpha06.aar (androidx.security:security-crypto:1.1.0-alpha06) with AarTransform
Transforming cursoradapter-1.0.0.aar (androidx.cursoradapter:cursoradapter:1.0.0) with JetifyTransform
Transforming cursoradapter-1.0.0.aar (androidx.cursoradapter:cursoradapter:1.0.0) with ExtractAarTransform
Transforming cursoradapter-1.0.0.aar (androidx.cursoradapter:cursoradapter:1.0.0) with AarTransform
Transforming profileinstaller-1.3.1.aar (androidx.profileinstaller:profileinstaller:1.3.1) with JetifyTransform
Transforming profileinstaller-1.3.1.aar (androidx.profileinstaller:profileinstaller:1.3.1) with ExtractAarTransform
Transforming profileinstaller-1.3.1.aar (androidx.profileinstaller:profileinstaller:1.3.1) with AarTransform
Transforming cardview-1.0.0.aar (androidx.cardview:cardview:1.0.0) with JetifyTransform
Transforming cardview-1.0.0.aar (androidx.cardview:cardview:1.0.0) with ExtractAarTransform
Transforming cardview-1.0.0.aar (androidx.cardview:cardview:1.0.0) with AarTransform
Transforming core-runtime-2.2.0.aar (androidx.arch.core:core-runtime:2.2.0) with JetifyTransform
Transforming core-runtime-2.2.0.aar (androidx.arch.core:core-runtime:2.2.0) with ExtractAarTransform
Transforming core-runtime-2.2.0.aar (androidx.arch.core:core-runtime:2.2.0) with AarTransform
Transforming gifdecoder-4.16.0.aar (com.github.bumptech.glide:gifdecoder:4.16.0) with JetifyTransform
Transforming gifdecoder-4.16.0.aar (com.github.bumptech.glide:gifdecoder:4.16.0) with ExtractAarTransform
Transforming gifdecoder-4.16.0.aar (com.github.bumptech.glide:gifdecoder:4.16.0) with AarTransform
Transforming startup-runtime-1.1.1.aar (androidx.startup:startup-runtime:1.1.1) with JetifyTransform
Transforming startup-runtime-1.1.1.aar (androidx.startup:startup-runtime:1.1.1) with ExtractAarTransform
Transforming startup-runtime-1.1.1.aar (androidx.startup:startup-runtime:1.1.1) with AarTransform
Transforming tracing-1.0.0.aar (androidx.tracing:tracing:1.0.0) with JetifyTransform
Transforming tracing-1.0.0.aar (androidx.tracing:tracing:1.0.0) with ExtractAarTransform
Transforming tracing-1.0.0.aar (androidx.tracing:tracing:1.0.0) with AarTransform
Transforming firebase-components-18.0.0.aar (com.google.firebase:firebase-components:18.0.0) with JetifyTransform
Transforming firebase-components-18.0.0.aar (com.google.firebase:firebase-components:18.0.0) with ExtractAarTransform
Transforming firebase-components-18.0.0.aar (com.google.firebase:firebase-components:18.0.0) with AarTransform
Transforming firebase-components-18.0.0.aar (com.google.firebase:firebase-components:18.0.0) with JetifyTransform
Transforming firebase-components-18.0.0.aar (com.google.firebase:firebase-components:18.0.0) with ExtractAarTransform
Transforming firebase-components-18.0.0.aar (com.google.firebase:firebase-components:18.0.0) with AarTransform
Transforming firebase-components-18.0.0.aar (com.google.firebase:firebase-components:18.0.0) with JetifyTransform
Transforming firebase-components-18.0.0.aar (com.google.firebase:firebase-components:18.0.0) with ExtractAarTransform
Transforming firebase-components-18.0.0.aar (com.google.firebase:firebase-components:18.0.0) with AarTransform
Transforming firebase-components-18.0.0.aar (com.google.firebase:firebase-components:18.0.0) with JetifyTransform
Transforming firebase-components-18.0.0.aar (com.google.firebase:firebase-components:18.0.0) with ExtractAarTransform
Transforming firebase-components-18.0.0.aar (com.google.firebase:firebase-components:18.0.0) with AarTransform
Transforming firebase-components-18.0.0.aar (com.google.firebase:firebase-components:18.0.0) with JetifyTransform
Transforming firebase-components-18.0.0.aar (com.google.firebase:firebase-components:18.0.0) with ExtractAarTransform
Transforming firebase-components-18.0.0.aar (com.google.firebase:firebase-components:18.0.0) with AarTransform
Transforming firebase-components-18.0.0.aar (com.google.firebase:firebase-components:18.0.0) with JetifyTransform
Transforming firebase-components-18.0.0.aar (com.google.firebase:firebase-components:18.0.0) with ExtractAarTransform
Transforming firebase-components-18.0.0.aar (com.google.firebase:firebase-components:18.0.0) with AarTransform
Transforming firebase-components-18.0.0.aar (com.google.firebase:firebase-components:18.0.0) with JetifyTransform
Transforming firebase-components-18.0.0.aar (com.google.firebase:firebase-components:18.0.0) with ExtractAarTransform
Transforming firebase-components-18.0.0.aar (com.google.firebase:firebase-components:18.0.0) with AarTransform
Transforming interpolator-1.0.0.aar (androidx.interpolator:interpolator:1.0.0) with JetifyTransform
Transforming interpolator-1.0.0.aar (androidx.interpolator:interpolator:1.0.0) with ExtractAarTransform
Transforming interpolator-1.0.0.aar (androidx.interpolator:interpolator:1.0.0) with AarTransform
Transforming interpolator-1.0.0.aar (androidx.interpolator:interpolator:1.0.0) with JetifyTransform
Transforming interpolator-1.0.0.aar (androidx.interpolator:interpolator:1.0.0) with ExtractAarTransform
Transforming interpolator-1.0.0.aar (androidx.interpolator:interpolator:1.0.0) with AarTransform
Transforming versionedparcelable-1.1.1.aar (androidx.versionedparcelable:versionedparcelable:1.1.1) with JetifyTransform
Transforming versionedparcelable-1.1.1.aar (androidx.versionedparcelable:versionedparcelable:1.1.1) with ExtractAarTransform
Transforming versionedparcelable-1.1.1.aar (androidx.versionedparcelable:versionedparcelable:1.1.1) with AarTransform
Transforming documentfile-1.0.0.aar (androidx.documentfile:documentfile:1.0.0) with JetifyTransform
Transforming documentfile-1.0.0.aar (androidx.documentfile:documentfile:1.0.0) with ExtractAarTransform
Transforming documentfile-1.0.0.aar (androidx.documentfile:documentfile:1.0.0) with AarTransform
Transforming localbroadcastmanager-1.0.0.aar (androidx.localbroadcastmanager:localbroadcastmanager:1.0.0) with JetifyTransform
Transforming localbroadcastmanager-1.0.0.aar (androidx.localbroadcastmanager:localbroadcastmanager:1.0.0) with ExtractAarTransform
Transforming localbroadcastmanager-1.0.0.aar (androidx.localbroadcastmanager:localbroadcastmanager:1.0.0) with AarTransform
Transforming print-1.0.0.aar (androidx.print:print:1.0.0) with JetifyTransform
Transforming print-1.0.0.aar (androidx.print:print:1.0.0) with ExtractAarTransform
Transforming print-1.0.0.aar (androidx.print:print:1.0.0) with AarTransform
Transforming exifinterface-1.3.7.aar (androidx.exifinterface:exifinterface:1.3.7) with JetifyTransform
Transforming exifinterface-1.3.7.aar (androidx.exifinterface:exifinterface:1.3.7) with ExtractAarTransform
Transforming exifinterface-1.3.7.aar (androidx.exifinterface:exifinterface:1.3.7) with AarTransform
Transforming annotation-experimental-1.4.1.aar (androidx.annotation:annotation-experimental:1.4.1) with JetifyTransform
Transforming annotation-experimental-1.4.1.aar (androidx.annotation:annotation-experimental:1.4.1) with ExtractAarTransform
Transforming annotation-experimental-1.4.1.aar (androidx.annotation:annotation-experimental:1.4.1) with AarTransform
Transforming multidex-2.0.1.aar (androidx.multidex:multidex:2.0.1) with JetifyTransform
Transforming multidex-2.0.1.aar (androidx.multidex:multidex:2.0.1) with ExtractAarTransform
Transforming multidex-2.0.1.aar (androidx.multidex:multidex:2.0.1) with AarTransform
Transforming grpc-android-1.57.2.aar (io.grpc:grpc-android:1.57.2) with JetifyTransform
Transforming grpc-android-1.57.2.aar (io.grpc:grpc-android:1.57.2) with ExtractAarTransform
Transforming grpc-android-1.57.2.aar (io.grpc:grpc-android:1.57.2) with AarTransform
Transforming zxing-android-embedded-4.3.0.aar (com.journeyapps:zxing-android-embedded:4.3.0) with JetifyTransform
Transforming zxing-android-embedded-4.3.0.aar (com.journeyapps:zxing-android-embedded:4.3.0) with ExtractAarTransform
Transforming zxing-android-embedded-4.3.0.aar (com.journeyapps:zxing-android-embedded:4.3.0) with AarTransform
Transforming dagger-lint-aar-2.51.1.aar (com.google.dagger:dagger-lint-aar:2.51.1) with JetifyTransform
Transforming dagger-lint-aar-2.51.1.aar (com.google.dagger:dagger-lint-aar:2.51.1) with ExtractAarTransform
Transforming dagger-lint-aar-2.51.1.aar (com.google.dagger:dagger-lint-aar:2.51.1) with AarTransform
Transforming protolite-well-known-types-18.0.0.aar (com.google.firebase:protolite-well-known-types:18.0.0) with JetifyTransform
Transforming protolite-well-known-types-18.0.0.aar (com.google.firebase:protolite-well-known-types:18.0.0) with ExtractAarTransform
Transforming protolite-well-known-types-18.0.0.aar (com.google.firebase:protolite-well-known-types:18.0.0) with AarTransform
Transforming viewbinding-8.7.1.aar (androidx.databinding:viewbinding:8.7.1) with JetifyTransform
Transforming viewbinding-8.7.1.aar (androidx.databinding:viewbinding:8.7.1) with ExtractAarTransform
Transforming viewbinding-8.7.1.aar (androidx.databinding:viewbinding:8.7.1) with AarTransform
Transforming material-1.12.0.aar (com.google.android.material:material:1.12.0) with JetifyTransform
Transforming material-1.12.0.aar (com.google.android.material:material:1.12.0) with ExtractAarTransform
Transforming material-1.12.0.aar (com.google.android.material:material:1.12.0) with AarTransform
Transforming constraintlayout-2.1.4.aar (androidx.constraintlayout:constraintlayout:2.1.4) with JetifyTransform
Transforming constraintlayout-2.1.4.aar (androidx.constraintlayout:constraintlayout:2.1.4) with ExtractAarTransform
Transforming constraintlayout-2.1.4.aar (androidx.constraintlayout:constraintlayout:2.1.4) with AarTransform
Transforming coil-compose-2.6.0.aar (io.coil-kt:coil-compose:2.6.0) with JetifyTransform
Transforming coil-compose-2.6.0.aar (io.coil-kt:coil-compose:2.6.0) with ExtractAarTransform
Transforming coil-compose-2.6.0.aar (io.coil-kt:coil-compose:2.6.0) with AarTransform
Transforming coil-compose-base-2.6.0.aar (io.coil-kt:coil-compose-base:2.6.0) with JetifyTransform
Transforming coil-compose-base-2.6.0.aar (io.coil-kt:coil-compose-base:2.6.0) with ExtractAarTransform
Transforming coil-compose-base-2.6.0.aar (io.coil-kt:coil-compose-base:2.6.0) with AarTransform
Transforming coil-2.6.0.aar (io.coil-kt:coil:2.6.0) with JetifyTransform
Transforming coil-2.6.0.aar (io.coil-kt:coil:2.6.0) with ExtractAarTransform
Transforming coil-2.6.0.aar (io.coil-kt:coil:2.6.0) with AarTransform
Transforming coil-base-2.6.0.aar (io.coil-kt:coil-base:2.6.0) with JetifyTransform
Transforming coil-base-2.6.0.aar (io.coil-kt:coil-base:2.6.0) with ExtractAarTransform
Transforming coil-base-2.6.0.aar (io.coil-kt:coil-base:2.6.0) with AarTransform
Transforming appcompat-resources-1.7.0.aar (androidx.appcompat:appcompat-resources:1.7.0) with JetifyTransform
Transforming appcompat-resources-1.7.0.aar (androidx.appcompat:appcompat-resources:1.7.0) with ExtractAarTransform
Transforming appcompat-resources-1.7.0.aar (androidx.appcompat:appcompat-resources:1.7.0) with AarTransform
Transforming preference-ktx-1.2.1.aar (androidx.preference:preference-ktx:1.2.1) with JetifyTransform
Transforming preference-ktx-1.2.1.aar (androidx.preference:preference-ktx:1.2.1) with ExtractAarTransform
Transforming preference-ktx-1.2.1.aar (androidx.preference:preference-ktx:1.2.1) with AarTransform
Transforming preference-1.2.1.aar (androidx.preference:preference:1.2.1) with JetifyTransform
Transforming preference-1.2.1.aar (androidx.preference:preference:1.2.1) with ExtractAarTransform
Transforming preference-1.2.1.aar (androidx.preference:preference:1.2.1) with AarTransform
Transforming appcompat-1.7.0.aar (androidx.appcompat:appcompat:1.7.0) with JetifyTransform
Transforming appcompat-1.7.0.aar (androidx.appcompat:appcompat:1.7.0) with ExtractAarTransform
Transforming appcompat-1.7.0.aar (androidx.appcompat:appcompat:1.7.0) with AarTransform
Transforming glide-4.16.0.aar (com.github.bumptech.glide:glide:4.16.0) with JetifyTransform
Transforming glide-4.16.0.aar (com.github.bumptech.glide:glide:4.16.0) with ExtractAarTransform
Transforming glide-4.16.0.aar (com.github.bumptech.glide:glide:4.16.0) with AarTransform
Transforming hilt-work-1.2.0.aar (androidx.hilt:hilt-work:1.2.0) with JetifyTransform
Transforming hilt-work-1.2.0.aar (androidx.hilt:hilt-work:1.2.0) with ExtractAarTransform
Transforming hilt-work-1.2.0.aar (androidx.hilt:hilt-work:1.2.0) with AarTransform
Transforming hilt-android-2.51.1.aar (com.google.dagger:hilt-android:2.51.1) with JetifyTransform
Transforming hilt-android-2.51.1.aar (com.google.dagger:hilt-android:2.51.1) with ExtractAarTransform
Transforming hilt-android-2.51.1.aar (com.google.dagger:hilt-android:2.51.1) with AarTransform
Transforming media3-exoplayer-hls-1.4.1.aar (androidx.media3:media3-exoplayer-hls:1.4.1) with JetifyTransform
Transforming media3-exoplayer-hls-1.4.1.aar (androidx.media3:media3-exoplayer-hls:1.4.1) with ExtractAarTransform
Transforming media3-exoplayer-hls-1.4.1.aar (androidx.media3:media3-exoplayer-hls:1.4.1) with AarTransform
Transforming media3-exoplayer-1.4.1.aar (androidx.media3:media3-exoplayer:1.4.1) with JetifyTransform
Transforming media3-exoplayer-1.4.1.aar (androidx.media3:media3-exoplayer:1.4.1) with ExtractAarTransform
Transforming media3-exoplayer-1.4.1.aar (androidx.media3:media3-exoplayer:1.4.1) with AarTransform
Transforming media3-datasource-okhttp-1.4.1.aar (androidx.media3:media3-datasource-okhttp:1.4.1) with JetifyTransform
Transforming media3-datasource-okhttp-1.4.1.aar (androidx.media3:media3-datasource-okhttp:1.4.1) with ExtractAarTransform
Transforming media3-datasource-okhttp-1.4.1.aar (androidx.media3:media3-datasource-okhttp:1.4.1) with AarTransform
Transforming media3-extractor-1.4.1.aar (androidx.media3:media3-extractor:1.4.1) with JetifyTransform
Transforming media3-extractor-1.4.1.aar (androidx.media3:media3-extractor:1.4.1) with ExtractAarTransform
Transforming media3-extractor-1.4.1.aar (androidx.media3:media3-extractor:1.4.1) with AarTransform
Transforming media3-container-1.4.1.aar (androidx.media3:media3-container:1.4.1) with JetifyTransform
Transforming media3-container-1.4.1.aar (androidx.media3:media3-container:1.4.1) with ExtractAarTransform
Transforming media3-container-1.4.1.aar (androidx.media3:media3-container:1.4.1) with AarTransform
Transforming media3-datasource-1.4.1.aar (androidx.media3:media3-datasource:1.4.1) with JetifyTransform
Transforming media3-datasource-1.4.1.aar (androidx.media3:media3-datasource:1.4.1) with ExtractAarTransform
Transforming media3-datasource-1.4.1.aar (androidx.media3:media3-datasource:1.4.1) with AarTransform
Transforming media3-decoder-1.4.1.aar (androidx.media3:media3-decoder:1.4.1) with JetifyTransform
Transforming media3-decoder-1.4.1.aar (androidx.media3:media3-decoder:1.4.1) with ExtractAarTransform
Transforming media3-decoder-1.4.1.aar (androidx.media3:media3-decoder:1.4.1) with AarTransform
Transforming media3-database-1.4.1.aar (androidx.media3:media3-database:1.4.1) with JetifyTransform
Transforming media3-database-1.4.1.aar (androidx.media3:media3-database:1.4.1) with ExtractAarTransform
Transforming media3-database-1.4.1.aar (androidx.media3:media3-database:1.4.1) with AarTransform
Transforming media3-common-1.4.1.aar (androidx.media3:media3-common:1.4.1) with JetifyTransform
Transforming media3-common-1.4.1.aar (androidx.media3:media3-common:1.4.1) with ExtractAarTransform
Transforming media3-common-1.4.1.aar (androidx.media3:media3-common:1.4.1) with AarTransform
Transforming media3-ui-1.4.1.aar (androidx.media3:media3-ui:1.4.1) with JetifyTransform
Transforming media3-ui-1.4.1.aar (androidx.media3:media3-ui:1.4.1) with ExtractAarTransform
Transforming media3-ui-1.4.1.aar (androidx.media3:media3-ui:1.4.1) with AarTransform
Transforming work-runtime-ktx-2.9.1.aar (androidx.work:work-runtime-ktx:2.9.1) with JetifyTransform
Transforming work-runtime-ktx-2.9.1.aar (androidx.work:work-runtime-ktx:2.9.1) with ExtractAarTransform
Transforming work-runtime-ktx-2.9.1.aar (androidx.work:work-runtime-ktx:2.9.1) with AarTransform
Transforming work-runtime-2.9.1.aar (androidx.work:work-runtime:2.9.1) with JetifyTransform
Transforming work-runtime-2.9.1.aar (androidx.work:work-runtime:2.9.1) with ExtractAarTransform
Transforming work-runtime-2.9.1.aar (androidx.work:work-runtime:2.9.1) with AarTransform
Transforming room-ktx-2.6.1.aar (androidx.room:room-ktx:2.6.1) with JetifyTransform
Transforming room-ktx-2.6.1.aar (androidx.room:room-ktx:2.6.1) with ExtractAarTransform
Transforming room-ktx-2.6.1.aar (androidx.room:room-ktx:2.6.1) with AarTransform
Transforming room-runtime-2.6.1.aar (androidx.room:room-runtime:2.6.1) with JetifyTransform
Transforming room-runtime-2.6.1.aar (androidx.room:room-runtime:2.6.1) with ExtractAarTransform
Transforming room-runtime-2.6.1.aar (androidx.room:room-runtime:2.6.1) with AarTransform
Transforming room-paging-2.6.1.aar (androidx.room:room-paging:2.6.1) with JetifyTransform
Transforming room-paging-2.6.1.aar (androidx.room:room-paging:2.6.1) with ExtractAarTransform
Transforming room-paging-2.6.1.aar (androidx.room:room-paging:2.6.1) with AarTransform
Transforming paging-common-release.aar (androidx.paging:paging-common-android:3.3.2) with JetifyTransform
Transforming paging-common-release.aar (androidx.paging:paging-common-android:3.3.2) with ExtractAarTransform
Transforming paging-common-release.aar (androidx.paging:paging-common-android:3.3.2) with AarTransform
Transforming paging-runtime-ktx-3.3.2.aar (androidx.paging:paging-runtime-ktx:3.3.2) with JetifyTransform
Transforming paging-runtime-ktx-3.3.2.aar (androidx.paging:paging-runtime-ktx:3.3.2) with ExtractAarTransform
Transforming paging-runtime-ktx-3.3.2.aar (androidx.paging:paging-runtime-ktx:3.3.2) with AarTransform
Transforming paging-runtime-3.3.2.aar (androidx.paging:paging-runtime:3.3.2) with JetifyTransform
Transforming paging-runtime-3.3.2.aar (androidx.paging:paging-runtime:3.3.2) with ExtractAarTransform
Transforming paging-runtime-3.3.2.aar (androidx.paging:paging-runtime:3.3.2) with AarTransform
Transforming recyclerview-1.3.2.aar (androidx.recyclerview:recyclerview:1.3.2) with JetifyTransform
Transforming recyclerview-1.3.2.aar (androidx.recyclerview:recyclerview:1.3.2) with ExtractAarTransform
Transforming recyclerview-1.3.2.aar (androidx.recyclerview:recyclerview:1.3.2) with AarTransform
Transforming viewpager2-1.1.0-beta02.aar (androidx.viewpager2:viewpager2:1.1.0-beta02) with JetifyTransform
Transforming viewpager2-1.1.0-beta02.aar (androidx.viewpager2:viewpager2:1.1.0-beta02) with ExtractAarTransform
Transforming viewpager2-1.1.0-beta02.aar (androidx.viewpager2:viewpager2:1.1.0-beta02) with AarTransform
Transforming firebase-firestore-ktx-25.0.0.aar (com.google.firebase:firebase-firestore-ktx:25.0.0) with JetifyTransform
Transforming firebase-firestore-ktx-25.0.0.aar (com.google.firebase:firebase-firestore-ktx:25.0.0) with ExtractAarTransform
Transforming firebase-firestore-ktx-25.0.0.aar (com.google.firebase:firebase-firestore-ktx:25.0.0) with AarTransform
Transforming firebase-firestore-25.0.0.aar (com.google.firebase:firebase-firestore:25.0.0) with JetifyTransform
Transforming firebase-firestore-25.0.0.aar (com.google.firebase:firebase-firestore:25.0.0) with ExtractAarTransform
Transforming firebase-firestore-25.0.0.aar (com.google.firebase:firebase-firestore:25.0.0) with AarTransform
Transforming firebase-appcheck-interop-17.0.0.aar (com.google.firebase:firebase-appcheck-interop:17.0.0) with JetifyTransform
Transforming firebase-appcheck-interop-17.0.0.aar (com.google.firebase:firebase-appcheck-interop:17.0.0) with ExtractAarTransform
Transforming firebase-appcheck-interop-17.0.0.aar (com.google.firebase:firebase-appcheck-interop:17.0.0) with AarTransform
Transforming firebase-database-collection-18.0.1.aar (com.google.firebase:firebase-database-collection:18.0.1) with JetifyTransform
Transforming firebase-database-collection-18.0.1.aar (com.google.firebase:firebase-database-collection:18.0.1) with ExtractAarTransform
Transforming firebase-database-collection-18.0.1.aar (com.google.firebase:firebase-database-collection:18.0.1) with AarTransform
Transforming play-services-base-18.0.1.aar (com.google.android.gms:play-services-base:18.0.1) with JetifyTransform
Transforming play-services-base-18.0.1.aar (com.google.android.gms:play-services-base:18.0.1) with ExtractAarTransform
Transforming play-services-base-18.0.1.aar (com.google.android.gms:play-services-base:18.0.1) with AarTransform
Transforming play-services-base-18.0.1.aar (com.google.android.gms:play-services-base:18.0.1) with JetifyTransform
Transforming play-services-base-18.0.1.aar (com.google.android.gms:play-services-base:18.0.1) with ExtractAarTransform
Transforming play-services-base-18.0.1.aar (com.google.android.gms:play-services-base:18.0.1) with AarTransform
Transforming play-services-base-18.0.1.aar (com.google.android.gms:play-services-base:18.0.1) with JetifyTransform
Transforming play-services-base-18.0.1.aar (com.google.android.gms:play-services-base:18.0.1) with ExtractAarTransform
Transforming play-services-base-18.0.1.aar (com.google.android.gms:play-services-base:18.0.1) with AarTransform
Transforming firebase-analytics-ktx-22.0.2.aar (com.google.firebase:firebase-analytics-ktx:22.0.2) with JetifyTransform
Transforming firebase-analytics-ktx-22.0.2.aar (com.google.firebase:firebase-analytics-ktx:22.0.2) with ExtractAarTransform
Transforming firebase-analytics-ktx-22.0.2.aar (com.google.firebase:firebase-analytics-ktx:22.0.2) with AarTransform
Transforming firebase-analytics-22.0.2.aar (com.google.firebase:firebase-analytics:22.0.2) with JetifyTransform
Transforming firebase-analytics-22.0.2.aar (com.google.firebase:firebase-analytics:22.0.2) with ExtractAarTransform
Transforming firebase-analytics-22.0.2.aar (com.google.firebase:firebase-analytics:22.0.2) with AarTransform
Transforming play-services-measurement-api-22.0.2.aar (com.google.android.gms:play-services-measurement-api:22.0.2) with JetifyTransform
Transforming play-services-measurement-api-22.0.2.aar (com.google.android.gms:play-services-measurement-api:22.0.2) with ExtractAarTransform
Transforming play-services-measurement-api-22.0.2.aar (com.google.android.gms:play-services-measurement-api:22.0.2) with AarTransform
Transforming firebase-installations-18.0.0.aar (com.google.firebase:firebase-installations:18.0.0) with JetifyTransform
Transforming firebase-installations-18.0.0.aar (com.google.firebase:firebase-installations:18.0.0) with ExtractAarTransform
Transforming firebase-installations-18.0.0.aar (com.google.firebase:firebase-installations:18.0.0) with AarTransform
Transforming firebase-common-ktx-21.0.0.aar (com.google.firebase:firebase-common-ktx:21.0.0) with JetifyTransform
Transforming firebase-common-ktx-21.0.0.aar (com.google.firebase:firebase-common-ktx:21.0.0) with ExtractAarTransform
Transforming firebase-common-ktx-21.0.0.aar (com.google.firebase:firebase-common-ktx:21.0.0) with AarTransform
Transforming firebase-common-ktx-21.0.0.aar (com.google.firebase:firebase-common-ktx:21.0.0) with JetifyTransform
Transforming firebase-common-ktx-21.0.0.aar (com.google.firebase:firebase-common-ktx:21.0.0) with ExtractAarTransform
Transforming firebase-common-ktx-21.0.0.aar (com.google.firebase:firebase-common-ktx:21.0.0) with AarTransform
Transforming firebase-common-ktx-21.0.0.aar (com.google.firebase:firebase-common-ktx:21.0.0) with JetifyTransform
Transforming firebase-common-ktx-21.0.0.aar (com.google.firebase:firebase-common-ktx:21.0.0) with ExtractAarTransform
Transforming firebase-common-ktx-21.0.0.aar (com.google.firebase:firebase-common-ktx:21.0.0) with AarTransform
Transforming firebase-common-ktx-21.0.0.aar (com.google.firebase:firebase-common-ktx:21.0.0) with JetifyTransform
Transforming firebase-common-ktx-21.0.0.aar (com.google.firebase:firebase-common-ktx:21.0.0) with ExtractAarTransform
Transforming firebase-common-ktx-21.0.0.aar (com.google.firebase:firebase-common-ktx:21.0.0) with AarTransform
Transforming firebase-common-ktx-21.0.0.aar (com.google.firebase:firebase-common-ktx:21.0.0) with JetifyTransform
Transforming firebase-common-ktx-21.0.0.aar (com.google.firebase:firebase-common-ktx:21.0.0) with ExtractAarTransform
Transforming firebase-common-ktx-21.0.0.aar (com.google.firebase:firebase-common-ktx:21.0.0) with AarTransform
Transforming firebase-common-21.0.0.aar (com.google.firebase:firebase-common:21.0.0) with JetifyTransform
Transforming firebase-common-21.0.0.aar (com.google.firebase:firebase-common:21.0.0) with ExtractAarTransform
Transforming firebase-common-21.0.0.aar (com.google.firebase:firebase-common:21.0.0) with AarTransform
Transforming firebase-common-21.0.0.aar (com.google.firebase:firebase-common:21.0.0) with JetifyTransform
Transforming firebase-common-21.0.0.aar (com.google.firebase:firebase-common:21.0.0) with ExtractAarTransform
Transforming firebase-common-21.0.0.aar (com.google.firebase:firebase-common:21.0.0) with AarTransform
Transforming firebase-common-21.0.0.aar (com.google.firebase:firebase-common:21.0.0) with JetifyTransform
Transforming firebase-common-21.0.0.aar (com.google.firebase:firebase-common:21.0.0) with ExtractAarTransform
Transforming firebase-common-21.0.0.aar (com.google.firebase:firebase-common:21.0.0) with AarTransform
Transforming firebase-common-21.0.0.aar (com.google.firebase:firebase-common:21.0.0) with JetifyTransform
Transforming firebase-common-21.0.0.aar (com.google.firebase:firebase-common:21.0.0) with ExtractAarTransform
Transforming firebase-common-21.0.0.aar (com.google.firebase:firebase-common:21.0.0) with AarTransform
Transforming firebase-common-21.0.0.aar (com.google.firebase:firebase-common:21.0.0) with JetifyTransform
Transforming firebase-common-21.0.0.aar (com.google.firebase:firebase-common:21.0.0) with ExtractAarTransform
Transforming firebase-common-21.0.0.aar (com.google.firebase:firebase-common:21.0.0) with AarTransform
Transforming firebase-common-21.0.0.aar (com.google.firebase:firebase-common:21.0.0) with JetifyTransform
Transforming firebase-common-21.0.0.aar (com.google.firebase:firebase-common:21.0.0) with ExtractAarTransform
Transforming firebase-common-21.0.0.aar (com.google.firebase:firebase-common:21.0.0) with AarTransform
Transforming play-services-measurement-22.0.2.aar (com.google.android.gms:play-services-measurement:22.0.2) with JetifyTransform
Transforming play-services-measurement-22.0.2.aar (com.google.android.gms:play-services-measurement:22.0.2) with ExtractAarTransform
Transforming play-services-measurement-22.0.2.aar (com.google.android.gms:play-services-measurement:22.0.2) with AarTransform
Transforming play-services-measurement-sdk-22.0.2.aar (com.google.android.gms:play-services-measurement-sdk:22.0.2) with JetifyTransform
Transforming play-services-measurement-sdk-22.0.2.aar (com.google.android.gms:play-services-measurement-sdk:22.0.2) with ExtractAarTransform
Transforming play-services-measurement-sdk-22.0.2.aar (com.google.android.gms:play-services-measurement-sdk:22.0.2) with AarTransform
Transforming firebase-auth-interop-19.0.2.aar (com.google.firebase:firebase-auth-interop:19.0.2) with JetifyTransform
Transforming firebase-auth-interop-19.0.2.aar (com.google.firebase:firebase-auth-interop:19.0.2) with ExtractAarTransform
Transforming firebase-auth-interop-19.0.2.aar (com.google.firebase:firebase-auth-interop:19.0.2) with AarTransform
Transforming play-services-measurement-impl-22.0.2.aar (com.google.android.gms:play-services-measurement-impl:22.0.2) with JetifyTransform
Transforming play-services-measurement-impl-22.0.2.aar (com.google.android.gms:play-services-measurement-impl:22.0.2) with ExtractAarTransform
Transforming play-services-measurement-impl-22.0.2.aar (com.google.android.gms:play-services-measurement-impl:22.0.2) with AarTransform
Transforming play-services-measurement-impl-22.0.2.aar (com.google.android.gms:play-services-measurement-impl:22.0.2) with JetifyTransform
Transforming play-services-measurement-impl-22.0.2.aar (com.google.android.gms:play-services-measurement-impl:22.0.2) with ExtractAarTransform
Transforming play-services-measurement-impl-22.0.2.aar (com.google.android.gms:play-services-measurement-impl:22.0.2) with AarTransform
Transforming play-services-ads-identifier-18.0.0.aar (com.google.android.gms:play-services-ads-identifier:18.0.0) with JetifyTransform
Transforming play-services-ads-identifier-18.0.0.aar (com.google.android.gms:play-services-ads-identifier:18.0.0) with ExtractAarTransform
Transforming play-services-ads-identifier-18.0.0.aar (com.google.android.gms:play-services-ads-identifier:18.0.0) with AarTransform
Transforming play-services-ads-identifier-18.0.0.aar (com.google.android.gms:play-services-ads-identifier:18.0.0) with JetifyTransform
Transforming play-services-ads-identifier-18.0.0.aar (com.google.android.gms:play-services-ads-identifier:18.0.0) with ExtractAarTransform
Transforming play-services-ads-identifier-18.0.0.aar (com.google.android.gms:play-services-ads-identifier:18.0.0) with AarTransform
Transforming play-services-ads-identifier-18.0.0.aar (com.google.android.gms:play-services-ads-identifier:18.0.0) with JetifyTransform
Transforming play-services-ads-identifier-18.0.0.aar (com.google.android.gms:play-services-ads-identifier:18.0.0) with ExtractAarTransform
Transforming play-services-ads-identifier-18.0.0.aar (com.google.android.gms:play-services-ads-identifier:18.0.0) with AarTransform
Transforming play-services-measurement-sdk-api-22.0.2.aar (com.google.android.gms:play-services-measurement-sdk-api:22.0.2) with JetifyTransform
Transforming play-services-measurement-sdk-api-22.0.2.aar (com.google.android.gms:play-services-measurement-sdk-api:22.0.2) with ExtractAarTransform
Transforming play-services-measurement-sdk-api-22.0.2.aar (com.google.android.gms:play-services-measurement-sdk-api:22.0.2) with AarTransform
Transforming play-services-measurement-base-22.0.2.aar (com.google.android.gms:play-services-measurement-base:22.0.2) with JetifyTransform
Transforming play-services-measurement-base-22.0.2.aar (com.google.android.gms:play-services-measurement-base:22.0.2) with ExtractAarTransform
Transforming play-services-measurement-base-22.0.2.aar (com.google.android.gms:play-services-measurement-base:22.0.2) with AarTransform
Transforming play-services-measurement-base-22.0.2.aar (com.google.android.gms:play-services-measurement-base:22.0.2) with JetifyTransform
Transforming play-services-measurement-base-22.0.2.aar (com.google.android.gms:play-services-measurement-base:22.0.2) with ExtractAarTransform
Transforming play-services-measurement-base-22.0.2.aar (com.google.android.gms:play-services-measurement-base:22.0.2) with AarTransform
Transforming play-services-measurement-base-22.0.2.aar (com.google.android.gms:play-services-measurement-base:22.0.2) with JetifyTransform
Transforming play-services-measurement-base-22.0.2.aar (com.google.android.gms:play-services-measurement-base:22.0.2) with ExtractAarTransform
Transforming play-services-measurement-base-22.0.2.aar (com.google.android.gms:play-services-measurement-base:22.0.2) with AarTransform
Transforming play-services-measurement-base-22.0.2.aar (com.google.android.gms:play-services-measurement-base:22.0.2) with JetifyTransform
Transforming play-services-measurement-base-22.0.2.aar (com.google.android.gms:play-services-measurement-base:22.0.2) with ExtractAarTransform
Transforming play-services-measurement-base-22.0.2.aar (com.google.android.gms:play-services-measurement-base:22.0.2) with AarTransform
Transforming play-services-measurement-base-22.0.2.aar (com.google.android.gms:play-services-measurement-base:22.0.2) with JetifyTransform
Transforming play-services-measurement-base-22.0.2.aar (com.google.android.gms:play-services-measurement-base:22.0.2) with ExtractAarTransform
Transforming play-services-measurement-base-22.0.2.aar (com.google.android.gms:play-services-measurement-base:22.0.2) with AarTransform
Transforming play-services-stats-17.0.2.aar (com.google.android.gms:play-services-stats:17.0.2) with JetifyTransform
Transforming play-services-stats-17.0.2.aar (com.google.android.gms:play-services-stats:17.0.2) with ExtractAarTransform
Transforming play-services-stats-17.0.2.aar (com.google.android.gms:play-services-stats:17.0.2) with AarTransform
Transforming play-services-stats-17.0.2.aar (com.google.android.gms:play-services-stats:17.0.2) with JetifyTransform
Transforming play-services-stats-17.0.2.aar (com.google.android.gms:play-services-stats:17.0.2) with ExtractAarTransform
Transforming play-services-stats-17.0.2.aar (com.google.android.gms:play-services-stats:17.0.2) with AarTransform
Transforming material3-release.aar (androidx.compose.material3:material3-android:1.2.0) with JetifyTransform
Transforming material3-release.aar (androidx.compose.material3:material3-android:1.2.0) with ExtractAarTransform
Transforming material3-release.aar (androidx.compose.material3:material3-android:1.2.0) with AarTransform
Transforming material-ripple-release.aar (androidx.compose.material:material-ripple-android:1.6.2) with JetifyTransform
Transforming material-ripple-release.aar (androidx.compose.material:material-ripple-android:1.6.2) with ExtractAarTransform
Transforming material-ripple-release.aar (androidx.compose.material:material-ripple-android:1.6.2) with AarTransform
Transforming material-icons-core-release.aar (androidx.compose.material:material-icons-core-android:1.6.2) with JetifyTransform
Transforming material-icons-core-release.aar (androidx.compose.material:material-icons-core-android:1.6.2) with ExtractAarTransform
Transforming material-icons-core-release.aar (androidx.compose.material:material-icons-core-android:1.6.2) with AarTransform
Transforming material-release.aar (androidx.compose.material:material-android:1.6.2) with JetifyTransform
Transforming material-release.aar (androidx.compose.material:material-android:1.6.2) with ExtractAarTransform
Transforming material-release.aar (androidx.compose.material:material-android:1.6.2) with AarTransform
Transforming animation-core-release.aar (androidx.compose.animation:animation-core-android:1.6.2) with JetifyTransform
Transforming animation-core-release.aar (androidx.compose.animation:animation-core-android:1.6.2) with ExtractAarTransform
Transforming animation-core-release.aar (androidx.compose.animation:animation-core-android:1.6.2) with AarTransform
Transforming animation-release.aar (androidx.compose.animation:animation-android:1.6.2) with JetifyTransform
Transforming animation-release.aar (androidx.compose.animation:animation-android:1.6.2) with ExtractAarTransform
Transforming animation-release.aar (androidx.compose.animation:animation-android:1.6.2) with AarTransform
Transforming foundation-layout-release.aar (androidx.compose.foundation:foundation-layout-android:1.6.2) with JetifyTransform
Transforming foundation-layout-release.aar (androidx.compose.foundation:foundation-layout-android:1.6.2) with ExtractAarTransform
Transforming foundation-layout-release.aar (androidx.compose.foundation:foundation-layout-android:1.6.2) with AarTransform
Transforming foundation-release.aar (androidx.compose.foundation:foundation-android:1.6.2) with JetifyTransform
Transforming foundation-release.aar (androidx.compose.foundation:foundation-android:1.6.2) with ExtractAarTransform
Transforming foundation-release.aar (androidx.compose.foundation:foundation-android:1.6.2) with AarTransform
Transforming ui-tooling-data-release.aar (androidx.compose.ui:ui-tooling-data-android:1.6.2) with JetifyTransform
Transforming ui-tooling-data-release.aar (androidx.compose.ui:ui-tooling-data-android:1.6.2) with ExtractAarTransform
Transforming ui-tooling-data-release.aar (androidx.compose.ui:ui-tooling-data-android:1.6.2) with AarTransform
Transforming ui-unit-release.aar (androidx.compose.ui:ui-unit-android:1.6.2) with JetifyTransform
Transforming ui-unit-release.aar (androidx.compose.ui:ui-unit-android:1.6.2) with ExtractAarTransform
Transforming ui-unit-release.aar (androidx.compose.ui:ui-unit-android:1.6.2) with AarTransform
Transforming ui-geometry-release.aar (androidx.compose.ui:ui-geometry-android:1.6.2) with JetifyTransform
Transforming ui-geometry-release.aar (androidx.compose.ui:ui-geometry-android:1.6.2) with ExtractAarTransform
Transforming ui-geometry-release.aar (androidx.compose.ui:ui-geometry-android:1.6.2) with AarTransform
Transforming ui-util-release.aar (androidx.compose.ui:ui-util-android:1.6.2) with JetifyTransform
Transforming ui-util-release.aar (androidx.compose.ui:ui-util-android:1.6.2) with ExtractAarTransform
Transforming ui-util-release.aar (androidx.compose.ui:ui-util-android:1.6.2) with AarTransform
Transforming ui-text-release.aar (androidx.compose.ui:ui-text-android:1.6.2) with JetifyTransform
Transforming ui-text-release.aar (androidx.compose.ui:ui-text-android:1.6.2) with ExtractAarTransform
Transforming ui-text-release.aar (androidx.compose.ui:ui-text-android:1.6.2) with AarTransform
Transforming ui-tooling-preview-release.aar (androidx.compose.ui:ui-tooling-preview-android:1.6.2) with JetifyTransform
Transforming ui-tooling-preview-release.aar (androidx.compose.ui:ui-tooling-preview-android:1.6.2) with ExtractAarTransform
Transforming ui-tooling-preview-release.aar (androidx.compose.ui:ui-tooling-preview-android:1.6.2) with AarTransform
Transforming ui-graphics-release.aar (androidx.compose.ui:ui-graphics-android:1.6.2) with JetifyTransform
Transforming ui-graphics-release.aar (androidx.compose.ui:ui-graphics-android:1.6.2) with ExtractAarTransform
Transforming ui-graphics-release.aar (androidx.compose.ui:ui-graphics-android:1.6.2) with AarTransform
Transforming ui-tooling-release.aar (androidx.compose.ui:ui-tooling-android:1.6.2) with JetifyTransform
Transforming ui-tooling-release.aar (androidx.compose.ui:ui-tooling-android:1.6.2) with ExtractAarTransform
Transforming ui-tooling-release.aar (androidx.compose.ui:ui-tooling-android:1.6.2) with AarTransform
Transforming activity-compose-1.9.3.aar (androidx.activity:activity-compose:1.9.3) with JetifyTransform
Transforming activity-compose-1.9.3.aar (androidx.activity:activity-compose:1.9.3) with ExtractAarTransform
Transforming activity-compose-1.9.3.aar (androidx.activity:activity-compose:1.9.3) with AarTransform
Transforming emoji2-views-helper-1.3.0.aar (androidx.emoji2:emoji2-views-helper:1.3.0) with JetifyTransform
Transforming emoji2-views-helper-1.3.0.aar (androidx.emoji2:emoji2-views-helper:1.3.0) with ExtractAarTransform
Transforming emoji2-views-helper-1.3.0.aar (androidx.emoji2:emoji2-views-helper:1.3.0) with AarTransform
Transforming emoji2-1.3.0.aar (androidx.emoji2:emoji2:1.3.0) with JetifyTransform
Transforming emoji2-1.3.0.aar (androidx.emoji2:emoji2:1.3.0) with ExtractAarTransform
Transforming emoji2-1.3.0.aar (androidx.emoji2:emoji2:1.3.0) with AarTransform
Transforming slidingpanelayout-1.2.0.aar (androidx.slidingpanelayout:slidingpanelayout:1.2.0) with JetifyTransform
Transforming slidingpanelayout-1.2.0.aar (androidx.slidingpanelayout:slidingpanelayout:1.2.0) with ExtractAarTransform
Transforming slidingpanelayout-1.2.0.aar (androidx.slidingpanelayout:slidingpanelayout:1.2.0) with AarTransform
Transforming transition-1.5.0.aar (androidx.transition:transition:1.5.0) with JetifyTransform
Transforming transition-1.5.0.aar (androidx.transition:transition:1.5.0) with ExtractAarTransform
Transforming transition-1.5.0.aar (androidx.transition:transition:1.5.0) with AarTransform
Transforming dynamicanimation-1.0.0.aar (androidx.dynamicanimation:dynamicanimation:1.0.0) with JetifyTransform
Transforming dynamicanimation-1.0.0.aar (androidx.dynamicanimation:dynamicanimation:1.0.0) with ExtractAarTransform
Transforming dynamicanimation-1.0.0.aar (androidx.dynamicanimation:dynamicanimation:1.0.0) with AarTransform
Transforming legacy-support-core-utils-1.0.0.aar (androidx.legacy:legacy-support-core-utils:1.0.0) with JetifyTransform
Transforming legacy-support-core-utils-1.0.0.aar (androidx.legacy:legacy-support-core-utils:1.0.0) with ExtractAarTransform
Transforming legacy-support-core-utils-1.0.0.aar (androidx.legacy:legacy-support-core-utils:1.0.0) with AarTransform
Transforming legacy-support-core-utils-1.0.0.aar (androidx.legacy:legacy-support-core-utils:1.0.0) with JetifyTransform
Transforming legacy-support-core-utils-1.0.0.aar (androidx.legacy:legacy-support-core-utils:1.0.0) with ExtractAarTransform
Transforming legacy-support-core-utils-1.0.0.aar (androidx.legacy:legacy-support-core-utils:1.0.0) with AarTransform
Transforming legacy-support-core-utils-1.0.0.aar (androidx.legacy:legacy-support-core-utils:1.0.0) with JetifyTransform
Transforming legacy-support-core-utils-1.0.0.aar (androidx.legacy:legacy-support-core-utils:1.0.0) with ExtractAarTransform
Transforming legacy-support-core-utils-1.0.0.aar (androidx.legacy:legacy-support-core-utils:1.0.0) with AarTransform
Transforming loader-1.0.0.aar (androidx.loader:loader:1.0.0) with JetifyTransform
Transforming loader-1.0.0.aar (androidx.loader:loader:1.0.0) with ExtractAarTransform
Transforming loader-1.0.0.aar (androidx.loader:loader:1.0.0) with AarTransform
Transforming loader-1.0.0.aar (androidx.loader:loader:1.0.0) with JetifyTransform
Transforming loader-1.0.0.aar (androidx.loader:loader:1.0.0) with ExtractAarTransform
Transforming loader-1.0.0.aar (androidx.loader:loader:1.0.0) with AarTransform
Transforming drawerlayout-1.1.1.aar (androidx.drawerlayout:drawerlayout:1.1.1) with JetifyTransform
Transforming drawerlayout-1.1.1.aar (androidx.drawerlayout:drawerlayout:1.1.1) with ExtractAarTransform
Transforming drawerlayout-1.1.1.aar (androidx.drawerlayout:drawerlayout:1.1.1) with AarTransform
Transforming coordinatorlayout-1.1.0.aar (androidx.coordinatorlayout:coordinatorlayout:1.1.0) with JetifyTransform
Transforming coordinatorlayout-1.1.0.aar (androidx.coordinatorlayout:coordinatorlayout:1.1.0) with ExtractAarTransform
Transforming coordinatorlayout-1.1.0.aar (androidx.coordinatorlayout:coordinatorlayout:1.1.0) with AarTransform
Transforming vectordrawable-animated-1.1.0.aar (androidx.vectordrawable:vectordrawable-animated:1.1.0) with JetifyTransform
Transforming vectordrawable-animated-1.1.0.aar (androidx.vectordrawable:vectordrawable-animated:1.1.0) with ExtractAarTransform
Transforming vectordrawable-animated-1.1.0.aar (androidx.vectordrawable:vectordrawable-animated:1.1.0) with AarTransform
Transforming vectordrawable-1.1.0.aar (androidx.vectordrawable:vectordrawable:1.1.0) with JetifyTransform
Transforming vectordrawable-1.1.0.aar (androidx.vectordrawable:vectordrawable:1.1.0) with ExtractAarTransform
Transforming vectordrawable-1.1.0.aar (androidx.vectordrawable:vectordrawable:1.1.0) with AarTransform
Transforming vectordrawable-1.1.0.aar (androidx.vectordrawable:vectordrawable:1.1.0) with JetifyTransform
Transforming vectordrawable-1.1.0.aar (androidx.vectordrawable:vectordrawable:1.1.0) with ExtractAarTransform
Transforming vectordrawable-1.1.0.aar (androidx.vectordrawable:vectordrawable:1.1.0) with AarTransform
Transforming media-1.7.0.aar (androidx.media:media:1.7.0) with JetifyTransform
Transforming media-1.7.0.aar (androidx.media:media:1.7.0) with ExtractAarTransform
Transforming media-1.7.0.aar (androidx.media:media:1.7.0) with AarTransform
Transforming viewpager-1.0.0.aar (androidx.viewpager:viewpager:1.0.0) with JetifyTransform
Transforming viewpager-1.0.0.aar (androidx.viewpager:viewpager:1.0.0) with ExtractAarTransform
Transforming viewpager-1.0.0.aar (androidx.viewpager:viewpager:1.0.0) with AarTransform
Transforming customview-1.1.0.aar (androidx.customview:customview:1.1.0) with JetifyTransform
Transforming customview-1.1.0.aar (androidx.customview:customview:1.1.0) with ExtractAarTransform
Transforming customview-1.1.0.aar (androidx.customview:customview:1.1.0) with AarTransform
Transforming customview-1.1.0.aar (androidx.customview:customview:1.1.0) with JetifyTransform
Transforming customview-1.1.0.aar (androidx.customview:customview:1.1.0) with ExtractAarTransform
Transforming customview-1.1.0.aar (androidx.customview:customview:1.1.0) with AarTransform
Transforming customview-1.1.0.aar (androidx.customview:customview:1.1.0) with JetifyTransform
Transforming customview-1.1.0.aar (androidx.customview:customview:1.1.0) with ExtractAarTransform
Transforming customview-1.1.0.aar (androidx.customview:customview:1.1.0) with AarTransform
Transforming customview-1.1.0.aar (androidx.customview:customview:1.1.0) with JetifyTransform
Transforming customview-1.1.0.aar (androidx.customview:customview:1.1.0) with ExtractAarTransform
Transforming customview-1.1.0.aar (androidx.customview:customview:1.1.0) with AarTransform
Transforming autofill-1.0.0.aar (androidx.autofill:autofill:1.0.0) with JetifyTransform
Transforming autofill-1.0.0.aar (androidx.autofill:autofill:1.0.0) with ExtractAarTransform
Transforming autofill-1.0.0.aar (androidx.autofill:autofill:1.0.0) with AarTransform
Transforming window-1.0.0.aar (androidx.window:window:1.0.0) with JetifyTransform
Transforming window-1.0.0.aar (androidx.window:window:1.0.0) with ExtractAarTransform
Transforming window-1.0.0.aar (androidx.window:window:1.0.0) with AarTransform
Transforming core-1.13.1.aar (androidx.core:core:1.13.1) with JetifyTransform
Transforming core-1.13.1.aar (androidx.core:core:1.13.1) with ExtractAarTransform
Transforming core-1.13.1.aar (androidx.core:core:1.13.1) with AarTransform
Transforming core-1.13.1.aar (androidx.core:core:1.13.1) with JetifyTransform
Transforming core-1.13.1.aar (androidx.core:core:1.13.1) with ExtractAarTransform
Transforming core-1.13.1.aar (androidx.core:core:1.13.1) with AarTransform
Transforming core-1.13.1.aar (androidx.core:core:1.13.1) with JetifyTransform
Transforming core-1.13.1.aar (androidx.core:core:1.13.1) with ExtractAarTransform
Transforming core-1.13.1.aar (androidx.core:core:1.13.1) with AarTransform
Transforming core-1.13.1.aar (androidx.core:core:1.13.1) with JetifyTransform
Transforming core-1.13.1.aar (androidx.core:core:1.13.1) with ExtractAarTransform
Transforming core-1.13.1.aar (androidx.core:core:1.13.1) with AarTransform
Transforming core-1.13.1.aar (androidx.core:core:1.13.1) with JetifyTransform
Transforming core-1.13.1.aar (androidx.core:core:1.13.1) with ExtractAarTransform
Transforming core-1.13.1.aar (androidx.core:core:1.13.1) with AarTransform
Transforming core-1.13.1.aar (androidx.core:core:1.13.1) with JetifyTransform
Transforming core-1.13.1.aar (androidx.core:core:1.13.1) with ExtractAarTransform
Transforming core-1.13.1.aar (androidx.core:core:1.13.1) with AarTransform
Transforming core-1.13.1.aar (androidx.core:core:1.13.1) with JetifyTransform
Transforming core-1.13.1.aar (androidx.core:core:1.13.1) with ExtractAarTransform
Transforming core-1.13.1.aar (androidx.core:core:1.13.1) with AarTransform
Transforming core-1.13.1.aar (androidx.core:core:1.13.1) with JetifyTransform
Transforming core-1.13.1.aar (androidx.core:core:1.13.1) with ExtractAarTransform
Transforming core-1.13.1.aar (androidx.core:core:1.13.1) with AarTransform
Transforming core-1.13.1.aar (androidx.core:core:1.13.1) with JetifyTransform
Transforming core-1.13.1.aar (androidx.core:core:1.13.1) with ExtractAarTransform
Transforming core-1.13.1.aar (androidx.core:core:1.13.1) with AarTransform
Transforming core-1.13.1.aar (androidx.core:core:1.13.1) with JetifyTransform
Transforming core-1.13.1.aar (androidx.core:core:1.13.1) with ExtractAarTransform
Transforming core-1.13.1.aar (androidx.core:core:1.13.1) with AarTransform
Transforming core-1.13.1.aar (androidx.core:core:1.13.1) with JetifyTransform
Transforming core-1.13.1.aar (androidx.core:core:1.13.1) with ExtractAarTransform
Transforming core-1.13.1.aar (androidx.core:core:1.13.1) with AarTransform
Transforming core-1.13.1.aar (androidx.core:core:1.13.1) with JetifyTransform
Transforming core-1.13.1.aar (androidx.core:core:1.13.1) with ExtractAarTransform
Transforming core-1.13.1.aar (androidx.core:core:1.13.1) with AarTransform
Transforming core-1.13.1.aar (androidx.core:core:1.13.1) with JetifyTransform
Transforming core-1.13.1.aar (androidx.core:core:1.13.1) with ExtractAarTransform
Transforming core-1.13.1.aar (androidx.core:core:1.13.1) with AarTransform
Transforming savedstate-ktx-1.2.1.aar (androidx.savedstate:savedstate-ktx:1.2.1) with JetifyTransform
Transforming savedstate-ktx-1.2.1.aar (androidx.savedstate:savedstate-ktx:1.2.1) with ExtractAarTransform
Transforming savedstate-ktx-1.2.1.aar (androidx.savedstate:savedstate-ktx:1.2.1) with AarTransform
Transforming savedstate-1.2.1.aar (androidx.savedstate:savedstate:1.2.1) with JetifyTransform
Transforming savedstate-1.2.1.aar (androidx.savedstate:savedstate:1.2.1) with ExtractAarTransform
Transforming savedstate-1.2.1.aar (androidx.savedstate:savedstate:1.2.1) with AarTransform
Transforming lifecycle-service-2.8.7.aar (androidx.lifecycle:lifecycle-service:2.8.7) with JetifyTransform
Transforming lifecycle-service-2.8.7.aar (androidx.lifecycle:lifecycle-service:2.8.7) with ExtractAarTransform
Transforming lifecycle-service-2.8.7.aar (androidx.lifecycle:lifecycle-service:2.8.7) with AarTransform
Transforming lifecycle-runtime-release.aar (androidx.lifecycle:lifecycle-runtime-android:2.8.7) with JetifyTransform
Transforming lifecycle-runtime-release.aar (androidx.lifecycle:lifecycle-runtime-android:2.8.7) with ExtractAarTransform
Transforming lifecycle-runtime-release.aar (androidx.lifecycle:lifecycle-runtime-android:2.8.7) with AarTransform
Transforming lifecycle-viewmodel-2.8.7.aar (androidx.lifecycle:lifecycle-viewmodel:2.8.7) with JetifyTransform
Transforming lifecycle-viewmodel-2.8.7.aar (androidx.lifecycle:lifecycle-viewmodel:2.8.7) with ExtractAarTransform
Transforming lifecycle-viewmodel-2.8.7.aar (androidx.lifecycle:lifecycle-viewmodel:2.8.7) with AarTransform
Transforming lifecycle-viewmodel-release.aar (androidx.lifecycle:lifecycle-viewmodel-android:2.8.7) with JetifyTransform
Transforming lifecycle-viewmodel-release.aar (androidx.lifecycle:lifecycle-viewmodel-android:2.8.7) with ExtractAarTransform
Transforming lifecycle-viewmodel-release.aar (androidx.lifecycle:lifecycle-viewmodel-android:2.8.7) with AarTransform
Transforming lifecycle-livedata-core-2.8.7.aar (androidx.lifecycle:lifecycle-livedata-core:2.8.7) with JetifyTransform
Transforming lifecycle-livedata-core-2.8.7.aar (androidx.lifecycle:lifecycle-livedata-core:2.8.7) with ExtractAarTransform
Transforming lifecycle-livedata-core-2.8.7.aar (androidx.lifecycle:lifecycle-livedata-core:2.8.7) with AarTransform
Transforming lifecycle-process-2.8.7.aar (androidx.lifecycle:lifecycle-process:2.8.7) with JetifyTransform
Transforming lifecycle-process-2.8.7.aar (androidx.lifecycle:lifecycle-process:2.8.7) with ExtractAarTransform
Transforming lifecycle-process-2.8.7.aar (androidx.lifecycle:lifecycle-process:2.8.7) with AarTransform
Transforming lifecycle-runtime-compose-release.aar (androidx.lifecycle:lifecycle-runtime-compose-android:2.8.7) with JetifyTransform
Transforming lifecycle-runtime-compose-release.aar (androidx.lifecycle:lifecycle-runtime-compose-android:2.8.7) with ExtractAarTransform
Transforming lifecycle-runtime-compose-release.aar (androidx.lifecycle:lifecycle-runtime-compose-android:2.8.7) with AarTransform
Transforming lifecycle-viewmodel-compose-release.aar (androidx.lifecycle:lifecycle-viewmodel-compose-android:2.8.7) with JetifyTransform
Transforming lifecycle-viewmodel-compose-release.aar (androidx.lifecycle:lifecycle-viewmodel-compose-android:2.8.7) with ExtractAarTransform
Transforming lifecycle-viewmodel-compose-release.aar (androidx.lifecycle:lifecycle-viewmodel-compose-android:2.8.7) with AarTransform
Transforming accompanist-drawablepainter-0.32.0.aar (com.google.accompanist:accompanist-drawablepainter:0.32.0) with JetifyTransform
Transforming accompanist-drawablepainter-0.32.0.aar (com.google.accompanist:accompanist-drawablepainter:0.32.0) with ExtractAarTransform
Transforming accompanist-drawablepainter-0.32.0.aar (com.google.accompanist:accompanist-drawablepainter:0.32.0) with AarTransform
Transforming ui-release.aar (androidx.compose.ui:ui-android:1.6.2) with JetifyTransform
Transforming ui-release.aar (androidx.compose.ui:ui-android:1.6.2) with ExtractAarTransform
Transforming ui-release.aar (androidx.compose.ui:ui-android:1.6.2) with AarTransform
Transforming ui-test-manifest-1.6.2.aar (androidx.compose.ui:ui-test-manifest:1.6.2) with JetifyTransform
Transforming ui-test-manifest-1.6.2.aar (androidx.compose.ui:ui-test-manifest:1.6.2) with ExtractAarTransform
Transforming ui-test-manifest-1.6.2.aar (androidx.compose.ui:ui-test-manifest:1.6.2) with AarTransform
Transforming activity-1.9.3.aar (androidx.activity:activity:1.9.3) with JetifyTransform
Transforming activity-1.9.3.aar (androidx.activity:activity:1.9.3) with ExtractAarTransform
Transforming activity-1.9.3.aar (androidx.activity:activity:1.9.3) with AarTransform
Transforming lifecycle-viewmodel-savedstate-2.8.7.aar (androidx.lifecycle:lifecycle-viewmodel-savedstate:2.8.7) with JetifyTransform
Transforming lifecycle-viewmodel-savedstate-2.8.7.aar (androidx.lifecycle:lifecycle-viewmodel-savedstate:2.8.7) with ExtractAarTransform
Transforming lifecycle-viewmodel-savedstate-2.8.7.aar (androidx.lifecycle:lifecycle-viewmodel-savedstate:2.8.7) with AarTransform
Transforming lifecycle-runtime-ktx-release.aar (androidx.lifecycle:lifecycle-runtime-ktx-android:2.8.7) with JetifyTransform
Transforming lifecycle-runtime-ktx-release.aar (androidx.lifecycle:lifecycle-runtime-ktx-android:2.8.7) with ExtractAarTransform
Transforming lifecycle-runtime-ktx-release.aar (androidx.lifecycle:lifecycle-runtime-ktx-android:2.8.7) with AarTransform
Transforming lifecycle-livedata-2.8.7.aar (androidx.lifecycle:lifecycle-livedata:2.8.7) with JetifyTransform
Transforming lifecycle-livedata-2.8.7.aar (androidx.lifecycle:lifecycle-livedata:2.8.7) with ExtractAarTransform
Transforming lifecycle-livedata-2.8.7.aar (androidx.lifecycle:lifecycle-livedata:2.8.7) with AarTransform
Transforming lifecycle-livedata-2.8.7.aar (androidx.lifecycle:lifecycle-livedata:2.8.7) with JetifyTransform
Transforming lifecycle-livedata-2.8.7.aar (androidx.lifecycle:lifecycle-livedata:2.8.7) with ExtractAarTransform
Transforming lifecycle-livedata-2.8.7.aar (androidx.lifecycle:lifecycle-livedata:2.8.7) with AarTransform
Transforming lifecycle-livedata-core-ktx-2.8.7.aar (androidx.lifecycle:lifecycle-livedata-core-ktx:2.8.7) with JetifyTransform
Transforming lifecycle-livedata-core-ktx-2.8.7.aar (androidx.lifecycle:lifecycle-livedata-core-ktx:2.8.7) with ExtractAarTransform
Transforming lifecycle-livedata-core-ktx-2.8.7.aar (androidx.lifecycle:lifecycle-livedata-core-ktx:2.8.7) with AarTransform
Transforming lifecycle-livedata-ktx-2.8.7.aar (androidx.lifecycle:lifecycle-livedata-ktx:2.8.7) with JetifyTransform
Transforming lifecycle-livedata-ktx-2.8.7.aar (androidx.lifecycle:lifecycle-livedata-ktx:2.8.7) with ExtractAarTransform
Transforming lifecycle-livedata-ktx-2.8.7.aar (androidx.lifecycle:lifecycle-livedata-ktx:2.8.7) with AarTransform
Transforming lifecycle-viewmodel-ktx-2.8.7.aar (androidx.lifecycle:lifecycle-viewmodel-ktx:2.8.7) with JetifyTransform
Transforming lifecycle-viewmodel-ktx-2.8.7.aar (androidx.lifecycle:lifecycle-viewmodel-ktx:2.8.7) with ExtractAarTransform
Transforming lifecycle-viewmodel-ktx-2.8.7.aar (androidx.lifecycle:lifecycle-viewmodel-ktx:2.8.7) with AarTransform
Transforming runtime-saveable-release.aar (androidx.compose.runtime:runtime-saveable-android:1.7.1) with JetifyTransform
Transforming runtime-saveable-release.aar (androidx.compose.runtime:runtime-saveable-android:1.7.1) with ExtractAarTransform
Transforming runtime-saveable-release.aar (androidx.compose.runtime:runtime-saveable-android:1.7.1) with AarTransform
Transforming runtime-release.aar (androidx.compose.runtime:runtime-android:1.7.1) with JetifyTransform
Transforming runtime-release.aar (androidx.compose.runtime:runtime-android:1.7.1) with ExtractAarTransform
Transforming runtime-release.aar (androidx.compose.runtime:runtime-android:1.7.1) with AarTransform
Transforming ads-adservices-java-1.0.0-beta05.aar (androidx.privacysandbox.ads:ads-adservices-java:1.0.0-beta05) with JetifyTransform
Transforming ads-adservices-java-1.0.0-beta05.aar (androidx.privacysandbox.ads:ads-adservices-java:1.0.0-beta05) with ExtractAarTransform
Transforming ads-adservices-java-1.0.0-beta05.aar (androidx.privacysandbox.ads:ads-adservices-java:1.0.0-beta05) with AarTransform
Transforming ads-adservices-1.0.0-beta05.aar (androidx.privacysandbox.ads:ads-adservices:1.0.0-beta05) with JetifyTransform
Transforming ads-adservices-1.0.0-beta05.aar (androidx.privacysandbox.ads:ads-adservices:1.0.0-beta05) with ExtractAarTransform
Transforming ads-adservices-1.0.0-beta05.aar (androidx.privacysandbox.ads:ads-adservices:1.0.0-beta05) with AarTransform
Transforming ads-adservices-1.0.0-beta05.aar (androidx.privacysandbox.ads:ads-adservices:1.0.0-beta05) with JetifyTransform
Transforming ads-adservices-1.0.0-beta05.aar (androidx.privacysandbox.ads:ads-adservices:1.0.0-beta05) with ExtractAarTransform
Transforming ads-adservices-1.0.0-beta05.aar (androidx.privacysandbox.ads:ads-adservices:1.0.0-beta05) with AarTransform
Transforming firebase-installations-interop-17.1.1.aar (com.google.firebase:firebase-installations-interop:17.1.1) with JetifyTransform
Transforming firebase-installations-interop-17.1.1.aar (com.google.firebase:firebase-installations-interop:17.1.1) with ExtractAarTransform
Transforming firebase-installations-interop-17.1.1.aar (com.google.firebase:firebase-installations-interop:17.1.1) with AarTransform
Transforming firebase-installations-interop-17.1.1.aar (com.google.firebase:firebase-installations-interop:17.1.1) with JetifyTransform
Transforming firebase-installations-interop-17.1.1.aar (com.google.firebase:firebase-installations-interop:17.1.1) with ExtractAarTransform
Transforming firebase-installations-interop-17.1.1.aar (com.google.firebase:firebase-installations-interop:17.1.1) with AarTransform
Transforming play-services-tasks-18.2.0.aar (com.google.android.gms:play-services-tasks:18.2.0) with JetifyTransform
Transforming play-services-tasks-18.2.0.aar (com.google.android.gms:play-services-tasks:18.2.0) with ExtractAarTransform
Transforming play-services-tasks-18.2.0.aar (com.google.android.gms:play-services-tasks:18.2.0) with AarTransform
Transforming play-services-tasks-18.2.0.aar (com.google.android.gms:play-services-tasks:18.2.0) with JetifyTransform
Transforming play-services-tasks-18.2.0.aar (com.google.android.gms:play-services-tasks:18.2.0) with ExtractAarTransform
Transforming play-services-tasks-18.2.0.aar (com.google.android.gms:play-services-tasks:18.2.0) with AarTransform
Transforming play-services-tasks-18.2.0.aar (com.google.android.gms:play-services-tasks:18.2.0) with JetifyTransform
Transforming play-services-tasks-18.2.0.aar (com.google.android.gms:play-services-tasks:18.2.0) with ExtractAarTransform
Transforming play-services-tasks-18.2.0.aar (com.google.android.gms:play-services-tasks:18.2.0) with AarTransform
Transforming play-services-tasks-18.2.0.aar (com.google.android.gms:play-services-tasks:18.2.0) with JetifyTransform
Transforming play-services-tasks-18.2.0.aar (com.google.android.gms:play-services-tasks:18.2.0) with ExtractAarTransform
Transforming play-services-tasks-18.2.0.aar (com.google.android.gms:play-services-tasks:18.2.0) with AarTransform
Transforming play-services-tasks-18.2.0.aar (com.google.android.gms:play-services-tasks:18.2.0) with JetifyTransform
Transforming play-services-tasks-18.2.0.aar (com.google.android.gms:play-services-tasks:18.2.0) with ExtractAarTransform
Transforming play-services-tasks-18.2.0.aar (com.google.android.gms:play-services-tasks:18.2.0) with AarTransform
Transforming play-services-tasks-18.2.0.aar (com.google.android.gms:play-services-tasks:18.2.0) with JetifyTransform
Transforming play-services-tasks-18.2.0.aar (com.google.android.gms:play-services-tasks:18.2.0) with ExtractAarTransform
Transforming play-services-tasks-18.2.0.aar (com.google.android.gms:play-services-tasks:18.2.0) with AarTransform
Transforming play-services-tasks-18.2.0.aar (com.google.android.gms:play-services-tasks:18.2.0) with JetifyTransform
Transforming play-services-tasks-18.2.0.aar (com.google.android.gms:play-services-tasks:18.2.0) with ExtractAarTransform
Transforming play-services-tasks-18.2.0.aar (com.google.android.gms:play-services-tasks:18.2.0) with AarTransform
Transforming play-services-tasks-18.2.0.aar (com.google.android.gms:play-services-tasks:18.2.0) with JetifyTransform
Transforming play-services-tasks-18.2.0.aar (com.google.android.gms:play-services-tasks:18.2.0) with ExtractAarTransform
Transforming play-services-tasks-18.2.0.aar (com.google.android.gms:play-services-tasks:18.2.0) with AarTransform
Transforming play-services-tasks-18.2.0.aar (com.google.android.gms:play-services-tasks:18.2.0) with JetifyTransform
Transforming play-services-tasks-18.2.0.aar (com.google.android.gms:play-services-tasks:18.2.0) with ExtractAarTransform
Transforming play-services-tasks-18.2.0.aar (com.google.android.gms:play-services-tasks:18.2.0) with AarTransform
Transforming firebase-measurement-connector-19.0.0.aar (com.google.firebase:firebase-measurement-connector:19.0.0) with JetifyTransform
Transforming firebase-measurement-connector-19.0.0.aar (com.google.firebase:firebase-measurement-connector:19.0.0) with ExtractAarTransform
Transforming firebase-measurement-connector-19.0.0.aar (com.google.firebase:firebase-measurement-connector:19.0.0) with AarTransform
Transforming play-services-basement-18.4.0.aar (com.google.android.gms:play-services-basement:18.4.0) with JetifyTransform
Transforming play-services-basement-18.4.0.aar (com.google.android.gms:play-services-basement:18.4.0) with ExtractAarTransform
Transforming play-services-basement-18.4.0.aar (com.google.android.gms:play-services-basement:18.4.0) with AarTransform
Transforming play-services-basement-18.4.0.aar (com.google.android.gms:play-services-basement:18.4.0) with JetifyTransform
Transforming play-services-basement-18.4.0.aar (com.google.android.gms:play-services-basement:18.4.0) with ExtractAarTransform
Transforming play-services-basement-18.4.0.aar (com.google.android.gms:play-services-basement:18.4.0) with AarTransform
Transforming play-services-basement-18.4.0.aar (com.google.android.gms:play-services-basement:18.4.0) with JetifyTransform
Transforming play-services-basement-18.4.0.aar (com.google.android.gms:play-services-basement:18.4.0) with ExtractAarTransform
Transforming play-services-basement-18.4.0.aar (com.google.android.gms:play-services-basement:18.4.0) with AarTransform
Transforming play-services-basement-18.4.0.aar (com.google.android.gms:play-services-basement:18.4.0) with JetifyTransform
Transforming play-services-basement-18.4.0.aar (com.google.android.gms:play-services-basement:18.4.0) with ExtractAarTransform
Transforming play-services-basement-18.4.0.aar (com.google.android.gms:play-services-basement:18.4.0) with AarTransform
Transforming play-services-basement-18.4.0.aar (com.google.android.gms:play-services-basement:18.4.0) with JetifyTransform
Transforming play-services-basement-18.4.0.aar (com.google.android.gms:play-services-basement:18.4.0) with ExtractAarTransform
Transforming play-services-basement-18.4.0.aar (com.google.android.gms:play-services-basement:18.4.0) with AarTransform
Transforming play-services-basement-18.4.0.aar (com.google.android.gms:play-services-basement:18.4.0) with JetifyTransform
Transforming play-services-basement-18.4.0.aar (com.google.android.gms:play-services-basement:18.4.0) with ExtractAarTransform
Transforming play-services-basement-18.4.0.aar (com.google.android.gms:play-services-basement:18.4.0) with AarTransform
Transforming play-services-basement-18.4.0.aar (com.google.android.gms:play-services-basement:18.4.0) with JetifyTransform
Transforming play-services-basement-18.4.0.aar (com.google.android.gms:play-services-basement:18.4.0) with ExtractAarTransform
Transforming play-services-basement-18.4.0.aar (com.google.android.gms:play-services-basement:18.4.0) with AarTransform
Transforming play-services-basement-18.4.0.aar (com.google.android.gms:play-services-basement:18.4.0) with JetifyTransform
Transforming play-services-basement-18.4.0.aar (com.google.android.gms:play-services-basement:18.4.0) with ExtractAarTransform
Transforming play-services-basement-18.4.0.aar (com.google.android.gms:play-services-basement:18.4.0) with AarTransform
Transforming play-services-basement-18.4.0.aar (com.google.android.gms:play-services-basement:18.4.0) with JetifyTransform
Transforming play-services-basement-18.4.0.aar (com.google.android.gms:play-services-basement:18.4.0) with ExtractAarTransform
Transforming play-services-basement-18.4.0.aar (com.google.android.gms:play-services-basement:18.4.0) with AarTransform
Transforming play-services-basement-18.4.0.aar (com.google.android.gms:play-services-basement:18.4.0) with JetifyTransform
Transforming play-services-basement-18.4.0.aar (com.google.android.gms:play-services-basement:18.4.0) with ExtractAarTransform
Transforming play-services-basement-18.4.0.aar (com.google.android.gms:play-services-basement:18.4.0) with AarTransform
Transforming play-services-basement-18.4.0.aar (com.google.android.gms:play-services-basement:18.4.0) with JetifyTransform
Transforming play-services-basement-18.4.0.aar (com.google.android.gms:play-services-basement:18.4.0) with ExtractAarTransform
Transforming play-services-basement-18.4.0.aar (com.google.android.gms:play-services-basement:18.4.0) with AarTransform
Transforming play-services-basement-18.4.0.aar (com.google.android.gms:play-services-basement:18.4.0) with JetifyTransform
Transforming play-services-basement-18.4.0.aar (com.google.android.gms:play-services-basement:18.4.0) with ExtractAarTransform
Transforming play-services-basement-18.4.0.aar (com.google.android.gms:play-services-basement:18.4.0) with AarTransform
Transforming play-services-basement-18.4.0.aar (com.google.android.gms:play-services-basement:18.4.0) with JetifyTransform
Transforming play-services-basement-18.4.0.aar (com.google.android.gms:play-services-basement:18.4.0) with ExtractAarTransform
Transforming play-services-basement-18.4.0.aar (com.google.android.gms:play-services-basement:18.4.0) with AarTransform
Transforming play-services-basement-18.4.0.aar (com.google.android.gms:play-services-basement:18.4.0) with JetifyTransform
Transforming play-services-basement-18.4.0.aar (com.google.android.gms:play-services-basement:18.4.0) with ExtractAarTransform
Transforming play-services-basement-18.4.0.aar (com.google.android.gms:play-services-basement:18.4.0) with AarTransform
Transforming fragment-1.8.5.aar (androidx.fragment:fragment:1.8.5) with JetifyTransform
Transforming fragment-1.8.5.aar (androidx.fragment:fragment:1.8.5) with ExtractAarTransform
Transforming fragment-1.8.5.aar (androidx.fragment:fragment:1.8.5) with AarTransform
Transforming fragment-1.8.5.aar (androidx.fragment:fragment:1.8.5) with JetifyTransform
Transforming fragment-1.8.5.aar (androidx.fragment:fragment:1.8.5) with ExtractAarTransform
Transforming fragment-1.8.5.aar (androidx.fragment:fragment:1.8.5) with AarTransform
Transforming fragment-1.8.5.aar (androidx.fragment:fragment:1.8.5) with JetifyTransform
Transforming fragment-1.8.5.aar (androidx.fragment:fragment:1.8.5) with ExtractAarTransform
Transforming fragment-1.8.5.aar (androidx.fragment:fragment:1.8.5) with AarTransform
Transforming fragment-ktx-1.8.5.aar (androidx.fragment:fragment-ktx:1.8.5) with JetifyTransform
Transforming fragment-ktx-1.8.5.aar (androidx.fragment:fragment-ktx:1.8.5) with ExtractAarTransform
Transforming fragment-ktx-1.8.5.aar (androidx.fragment:fragment-ktx:1.8.5) with AarTransform
Transforming activity-ktx-1.9.3.aar (androidx.activity:activity-ktx:1.9.3) with JetifyTransform
Transforming activity-ktx-1.9.3.aar (androidx.activity:activity-ktx:1.9.3) with ExtractAarTransform
Transforming activity-ktx-1.9.3.aar (androidx.activity:activity-ktx:1.9.3) with AarTransform
Transforming customview-poolingcontainer-1.0.0.aar (androidx.customview:customview-poolingcontainer:1.0.0) with JetifyTransform
Transforming customview-poolingcontainer-1.0.0.aar (androidx.customview:customview-poolingcontainer:1.0.0) with ExtractAarTransform
Transforming customview-poolingcontainer-1.0.0.aar (androidx.customview:customview-poolingcontainer:1.0.0) with AarTransform
Transforming core-ktx-1.13.1.aar (androidx.core:core-ktx:1.13.1) with JetifyTransform
Transforming core-ktx-1.13.1.aar (androidx.core:core-ktx:1.13.1) with ExtractAarTransform
Transforming core-ktx-1.13.1.aar (androidx.core:core-ktx:1.13.1) with AarTransform
Transforming sqlite-framework-2.4.0.aar (androidx.sqlite:sqlite-framework:2.4.0) with JetifyTransform
Transforming sqlite-framework-2.4.0.aar (androidx.sqlite:sqlite-framework:2.4.0) with ExtractAarTransform
Transforming sqlite-framework-2.4.0.aar (androidx.sqlite:sqlite-framework:2.4.0) with AarTransform
Transforming sqlite-2.4.0.aar (androidx.sqlite:sqlite:2.4.0) with JetifyTransform
Transforming sqlite-2.4.0.aar (androidx.sqlite:sqlite:2.4.0) with ExtractAarTransform
Transforming sqlite-2.4.0.aar (androidx.sqlite:sqlite:2.4.0) with AarTransform
Transforming security-crypto-1.1.0-alpha06.aar (androidx.security:security-crypto:1.1.0-alpha06) with JetifyTransform
Transforming security-crypto-1.1.0-alpha06.aar (androidx.security:security-crypto:1.1.0-alpha06) with ExtractAarTransform
Transforming security-crypto-1.1.0-alpha06.aar (androidx.security:security-crypto:1.1.0-alpha06) with AarTransform
Transforming cursoradapter-1.0.0.aar (androidx.cursoradapter:cursoradapter:1.0.0) with JetifyTransform
Transforming cursoradapter-1.0.0.aar (androidx.cursoradapter:cursoradapter:1.0.0) with ExtractAarTransform
Transforming cursoradapter-1.0.0.aar (androidx.cursoradapter:cursoradapter:1.0.0) with AarTransform
Transforming profileinstaller-1.3.1.aar (androidx.profileinstaller:profileinstaller:1.3.1) with JetifyTransform
Transforming profileinstaller-1.3.1.aar (androidx.profileinstaller:profileinstaller:1.3.1) with ExtractAarTransform
Transforming profileinstaller-1.3.1.aar (androidx.profileinstaller:profileinstaller:1.3.1) with AarTransform
Transforming cardview-1.0.0.aar (androidx.cardview:cardview:1.0.0) with JetifyTransform
Transforming cardview-1.0.0.aar (androidx.cardview:cardview:1.0.0) with ExtractAarTransform
Transforming cardview-1.0.0.aar (androidx.cardview:cardview:1.0.0) with AarTransform
Transforming core-runtime-2.2.0.aar (androidx.arch.core:core-runtime:2.2.0) with JetifyTransform
Transforming core-runtime-2.2.0.aar (androidx.arch.core:core-runtime:2.2.0) with ExtractAarTransform
Transforming core-runtime-2.2.0.aar (androidx.arch.core:core-runtime:2.2.0) with AarTransform
Transforming gifdecoder-4.16.0.aar (com.github.bumptech.glide:gifdecoder:4.16.0) with JetifyTransform
Transforming gifdecoder-4.16.0.aar (com.github.bumptech.glide:gifdecoder:4.16.0) with ExtractAarTransform
Transforming gifdecoder-4.16.0.aar (com.github.bumptech.glide:gifdecoder:4.16.0) with AarTransform
Transforming startup-runtime-1.1.1.aar (androidx.startup:startup-runtime:1.1.1) with JetifyTransform
Transforming startup-runtime-1.1.1.aar (androidx.startup:startup-runtime:1.1.1) with ExtractAarTransform
Transforming startup-runtime-1.1.1.aar (androidx.startup:startup-runtime:1.1.1) with AarTransform
Transforming tracing-1.0.0.aar (androidx.tracing:tracing:1.0.0) with JetifyTransform
Transforming tracing-1.0.0.aar (androidx.tracing:tracing:1.0.0) with ExtractAarTransform
Transforming tracing-1.0.0.aar (androidx.tracing:tracing:1.0.0) with AarTransform
Transforming firebase-components-18.0.0.aar (com.google.firebase:firebase-components:18.0.0) with JetifyTransform
Transforming firebase-components-18.0.0.aar (com.google.firebase:firebase-components:18.0.0) with ExtractAarTransform
Transforming firebase-components-18.0.0.aar (com.google.firebase:firebase-components:18.0.0) with AarTransform
Transforming firebase-components-18.0.0.aar (com.google.firebase:firebase-components:18.0.0) with JetifyTransform
Transforming firebase-components-18.0.0.aar (com.google.firebase:firebase-components:18.0.0) with ExtractAarTransform
Transforming firebase-components-18.0.0.aar (com.google.firebase:firebase-components:18.0.0) with AarTransform
Transforming firebase-components-18.0.0.aar (com.google.firebase:firebase-components:18.0.0) with JetifyTransform
Transforming firebase-components-18.0.0.aar (com.google.firebase:firebase-components:18.0.0) with ExtractAarTransform
Transforming firebase-components-18.0.0.aar (com.google.firebase:firebase-components:18.0.0) with AarTransform
Transforming firebase-components-18.0.0.aar (com.google.firebase:firebase-components:18.0.0) with JetifyTransform
Transforming firebase-components-18.0.0.aar (com.google.firebase:firebase-components:18.0.0) with ExtractAarTransform
Transforming firebase-components-18.0.0.aar (com.google.firebase:firebase-components:18.0.0) with AarTransform
Transforming firebase-components-18.0.0.aar (com.google.firebase:firebase-components:18.0.0) with JetifyTransform
Transforming firebase-components-18.0.0.aar (com.google.firebase:firebase-components:18.0.0) with ExtractAarTransform
Transforming firebase-components-18.0.0.aar (com.google.firebase:firebase-components:18.0.0) with AarTransform
Transforming firebase-components-18.0.0.aar (com.google.firebase:firebase-components:18.0.0) with JetifyTransform
Transforming firebase-components-18.0.0.aar (com.google.firebase:firebase-components:18.0.0) with ExtractAarTransform
Transforming firebase-components-18.0.0.aar (com.google.firebase:firebase-components:18.0.0) with AarTransform
Transforming firebase-components-18.0.0.aar (com.google.firebase:firebase-components:18.0.0) with JetifyTransform
Transforming firebase-components-18.0.0.aar (com.google.firebase:firebase-components:18.0.0) with ExtractAarTransform
Transforming firebase-components-18.0.0.aar (com.google.firebase:firebase-components:18.0.0) with AarTransform
Transforming interpolator-1.0.0.aar (androidx.interpolator:interpolator:1.0.0) with JetifyTransform
Transforming interpolator-1.0.0.aar (androidx.interpolator:interpolator:1.0.0) with ExtractAarTransform
Transforming interpolator-1.0.0.aar (androidx.interpolator:interpolator:1.0.0) with AarTransform
Transforming interpolator-1.0.0.aar (androidx.interpolator:interpolator:1.0.0) with JetifyTransform
Transforming interpolator-1.0.0.aar (androidx.interpolator:interpolator:1.0.0) with ExtractAarTransform
Transforming interpolator-1.0.0.aar (androidx.interpolator:interpolator:1.0.0) with AarTransform
Transforming versionedparcelable-1.1.1.aar (androidx.versionedparcelable:versionedparcelable:1.1.1) with JetifyTransform
Transforming versionedparcelable-1.1.1.aar (androidx.versionedparcelable:versionedparcelable:1.1.1) with ExtractAarTransform
Transforming versionedparcelable-1.1.1.aar (androidx.versionedparcelable:versionedparcelable:1.1.1) with AarTransform
Transforming documentfile-1.0.0.aar (androidx.documentfile:documentfile:1.0.0) with JetifyTransform
Transforming documentfile-1.0.0.aar (androidx.documentfile:documentfile:1.0.0) with ExtractAarTransform
Transforming documentfile-1.0.0.aar (androidx.documentfile:documentfile:1.0.0) with AarTransform
Transforming localbroadcastmanager-1.0.0.aar (androidx.localbroadcastmanager:localbroadcastmanager:1.0.0) with JetifyTransform
Transforming localbroadcastmanager-1.0.0.aar (androidx.localbroadcastmanager:localbroadcastmanager:1.0.0) with ExtractAarTransform
Transforming localbroadcastmanager-1.0.0.aar (androidx.localbroadcastmanager:localbroadcastmanager:1.0.0) with AarTransform
Transforming print-1.0.0.aar (androidx.print:print:1.0.0) with JetifyTransform
Transforming print-1.0.0.aar (androidx.print:print:1.0.0) with ExtractAarTransform
Transforming print-1.0.0.aar (androidx.print:print:1.0.0) with AarTransform
Transforming exifinterface-1.3.7.aar (androidx.exifinterface:exifinterface:1.3.7) with JetifyTransform
Transforming exifinterface-1.3.7.aar (androidx.exifinterface:exifinterface:1.3.7) with ExtractAarTransform
Transforming exifinterface-1.3.7.aar (androidx.exifinterface:exifinterface:1.3.7) with AarTransform
Transforming annotation-experimental-1.4.1.aar (androidx.annotation:annotation-experimental:1.4.1) with JetifyTransform
Transforming annotation-experimental-1.4.1.aar (androidx.annotation:annotation-experimental:1.4.1) with ExtractAarTransform
Transforming annotation-experimental-1.4.1.aar (androidx.annotation:annotation-experimental:1.4.1) with AarTransform
Transforming multidex-2.0.1.aar (androidx.multidex:multidex:2.0.1) with JetifyTransform
Transforming multidex-2.0.1.aar (androidx.multidex:multidex:2.0.1) with ExtractAarTransform
Transforming multidex-2.0.1.aar (androidx.multidex:multidex:2.0.1) with AarTransform
Transforming grpc-android-1.57.2.aar (io.grpc:grpc-android:1.57.2) with JetifyTransform
Transforming grpc-android-1.57.2.aar (io.grpc:grpc-android:1.57.2) with ExtractAarTransform
Transforming grpc-android-1.57.2.aar (io.grpc:grpc-android:1.57.2) with AarTransform
Transforming zxing-android-embedded-4.3.0.aar (com.journeyapps:zxing-android-embedded:4.3.0) with JetifyTransform
Transforming zxing-android-embedded-4.3.0.aar (com.journeyapps:zxing-android-embedded:4.3.0) with ExtractAarTransform
Transforming zxing-android-embedded-4.3.0.aar (com.journeyapps:zxing-android-embedded:4.3.0) with AarTransform
Transforming dagger-lint-aar-2.51.1.aar (com.google.dagger:dagger-lint-aar:2.51.1) with JetifyTransform
Transforming dagger-lint-aar-2.51.1.aar (com.google.dagger:dagger-lint-aar:2.51.1) with ExtractAarTransform
Transforming dagger-lint-aar-2.51.1.aar (com.google.dagger:dagger-lint-aar:2.51.1) with AarTransform
Transforming protolite-well-known-types-18.0.0.aar (com.google.firebase:protolite-well-known-types:18.0.0) with JetifyTransform
Transforming protolite-well-known-types-18.0.0.aar (com.google.firebase:protolite-well-known-types:18.0.0) with ExtractAarTransform
Transforming protolite-well-known-types-18.0.0.aar (com.google.firebase:protolite-well-known-types:18.0.0) with AarTransform
Build cache key for task ':app:processDebugMainManifest' is 6ed500700ec8f9e808390bb4d42007c3
Skipping task ':app:processDebugMainManifest' as it is up-to-date.
Resolve mutations for :app:processDebugManifest (Thread[#75,Execution worker Thread 3,5,main]) started.
:app:processDebugManifest (Thread[#75,Execution worker Thread 3,5,main]) started.

> Task :app:processDebugManifest UP-TO-DATE
Build cache key for task ':app:processDebugManifest' is b8f348fe7d2d385b3cee2590d21d3d45
Skipping task ':app:processDebugManifest' as it is up-to-date.
Resolve mutations for :app:processDebugManifestForPackage (Thread[#75,Execution worker Thread 3,5,main]) started.
:app:processDebugManifestForPackage (Thread[#75,Execution worker Thread 3,5,main]) started.

> Task :app:processDebugManifestForPackage UP-TO-DATE
Custom actions are attached to task ':app:processDebugManifestForPackage'.
Build cache key for task ':app:processDebugManifestForPackage' is b4c130742062ceb3cd1ada64c51c0d4f
Skipping task ':app:processDebugManifestForPackage' as it is up-to-date.
Resolve mutations for :app:processDebugResources (Thread[#73,Execution worker,5,main]) started.
:app:processDebugResources (Thread[#73,Execution worker,5,main]) started.

> Task :app:processDebugResources UP-TO-DATE
Transforming aapt2-8.7.1-12006047-windows.jar (com.android.tools.build:aapt2:8.7.1-12006047) with Aapt2Extractor
Transforming viewbinding-8.7.1.aar (androidx.databinding:viewbinding:8.7.1) with JetifyTransform
Transforming viewbinding-8.7.1.aar (androidx.databinding:viewbinding:8.7.1) with ExtractAarTransform
Transforming viewbinding-8.7.1.aar (androidx.databinding:viewbinding:8.7.1) with AarResourcesCompilerTransform
Transforming material-1.12.0.aar (com.google.android.material:material:1.12.0) with JetifyTransform
Transforming material-1.12.0.aar (com.google.android.material:material:1.12.0) with ExtractAarTransform
Transforming material-1.12.0.aar (com.google.android.material:material:1.12.0) with AarResourcesCompilerTransform
Transforming constraintlayout-2.1.4.aar (androidx.constraintlayout:constraintlayout:2.1.4) with JetifyTransform
Transforming constraintlayout-2.1.4.aar (androidx.constraintlayout:constraintlayout:2.1.4) with ExtractAarTransform
Transforming constraintlayout-2.1.4.aar (androidx.constraintlayout:constraintlayout:2.1.4) with AarResourcesCompilerTransform
Transforming coil-compose-2.6.0.aar (io.coil-kt:coil-compose:2.6.0) with JetifyTransform
Transforming coil-compose-2.6.0.aar (io.coil-kt:coil-compose:2.6.0) with ExtractAarTransform
Transforming coil-compose-2.6.0.aar (io.coil-kt:coil-compose:2.6.0) with AarResourcesCompilerTransform
Transforming coil-compose-base-2.6.0.aar (io.coil-kt:coil-compose-base:2.6.0) with JetifyTransform
Transforming coil-compose-base-2.6.0.aar (io.coil-kt:coil-compose-base:2.6.0) with ExtractAarTransform
Transforming coil-compose-base-2.6.0.aar (io.coil-kt:coil-compose-base:2.6.0) with AarResourcesCompilerTransform
Transforming coil-2.6.0.aar (io.coil-kt:coil:2.6.0) with JetifyTransform
Transforming coil-2.6.0.aar (io.coil-kt:coil:2.6.0) with ExtractAarTransform
Transforming coil-2.6.0.aar (io.coil-kt:coil:2.6.0) with AarResourcesCompilerTransform
Transforming coil-base-2.6.0.aar (io.coil-kt:coil-base:2.6.0) with JetifyTransform
Transforming coil-base-2.6.0.aar (io.coil-kt:coil-base:2.6.0) with ExtractAarTransform
Transforming coil-base-2.6.0.aar (io.coil-kt:coil-base:2.6.0) with AarResourcesCompilerTransform
Transforming appcompat-resources-1.7.0.aar (androidx.appcompat:appcompat-resources:1.7.0) with JetifyTransform
Transforming appcompat-resources-1.7.0.aar (androidx.appcompat:appcompat-resources:1.7.0) with ExtractAarTransform
Transforming appcompat-resources-1.7.0.aar (androidx.appcompat:appcompat-resources:1.7.0) with AarResourcesCompilerTransform
Transforming preference-ktx-1.2.1.aar (androidx.preference:preference-ktx:1.2.1) with JetifyTransform
Transforming preference-ktx-1.2.1.aar (androidx.preference:preference-ktx:1.2.1) with ExtractAarTransform
Transforming preference-ktx-1.2.1.aar (androidx.preference:preference-ktx:1.2.1) with AarResourcesCompilerTransform
Transforming preference-1.2.1.aar (androidx.preference:preference:1.2.1) with JetifyTransform
Transforming preference-1.2.1.aar (androidx.preference:preference:1.2.1) with ExtractAarTransform
Transforming preference-1.2.1.aar (androidx.preference:preference:1.2.1) with AarResourcesCompilerTransform
Transforming appcompat-1.7.0.aar (androidx.appcompat:appcompat:1.7.0) with JetifyTransform
Transforming appcompat-1.7.0.aar (androidx.appcompat:appcompat:1.7.0) with ExtractAarTransform
Transforming appcompat-1.7.0.aar (androidx.appcompat:appcompat:1.7.0) with AarResourcesCompilerTransform
Transforming glide-4.16.0.aar (com.github.bumptech.glide:glide:4.16.0) with JetifyTransform
Transforming glide-4.16.0.aar (com.github.bumptech.glide:glide:4.16.0) with ExtractAarTransform
Transforming glide-4.16.0.aar (com.github.bumptech.glide:glide:4.16.0) with AarResourcesCompilerTransform
Transforming hilt-work-1.2.0.aar (androidx.hilt:hilt-work:1.2.0) with JetifyTransform
Transforming hilt-work-1.2.0.aar (androidx.hilt:hilt-work:1.2.0) with ExtractAarTransform
Transforming hilt-work-1.2.0.aar (androidx.hilt:hilt-work:1.2.0) with AarResourcesCompilerTransform
Transforming hilt-android-2.51.1.aar (com.google.dagger:hilt-android:2.51.1) with JetifyTransform
Transforming hilt-android-2.51.1.aar (com.google.dagger:hilt-android:2.51.1) with ExtractAarTransform
Transforming hilt-android-2.51.1.aar (com.google.dagger:hilt-android:2.51.1) with AarResourcesCompilerTransform
Transforming media3-exoplayer-hls-1.4.1.aar (androidx.media3:media3-exoplayer-hls:1.4.1) with JetifyTransform
Transforming media3-exoplayer-hls-1.4.1.aar (androidx.media3:media3-exoplayer-hls:1.4.1) with ExtractAarTransform
Transforming media3-exoplayer-hls-1.4.1.aar (androidx.media3:media3-exoplayer-hls:1.4.1) with AarResourcesCompilerTransform
Transforming media3-exoplayer-1.4.1.aar (androidx.media3:media3-exoplayer:1.4.1) with JetifyTransform
Transforming media3-exoplayer-1.4.1.aar (androidx.media3:media3-exoplayer:1.4.1) with ExtractAarTransform
Transforming media3-exoplayer-1.4.1.aar (androidx.media3:media3-exoplayer:1.4.1) with AarResourcesCompilerTransform
Transforming media3-datasource-okhttp-1.4.1.aar (androidx.media3:media3-datasource-okhttp:1.4.1) with JetifyTransform
Transforming media3-datasource-okhttp-1.4.1.aar (androidx.media3:media3-datasource-okhttp:1.4.1) with ExtractAarTransform
Transforming media3-datasource-okhttp-1.4.1.aar (androidx.media3:media3-datasource-okhttp:1.4.1) with AarResourcesCompilerTransform
Transforming media3-extractor-1.4.1.aar (androidx.media3:media3-extractor:1.4.1) with JetifyTransform
Transforming media3-extractor-1.4.1.aar (androidx.media3:media3-extractor:1.4.1) with ExtractAarTransform
Transforming media3-extractor-1.4.1.aar (androidx.media3:media3-extractor:1.4.1) with AarResourcesCompilerTransform
Transforming media3-container-1.4.1.aar (androidx.media3:media3-container:1.4.1) with JetifyTransform
Transforming media3-container-1.4.1.aar (androidx.media3:media3-container:1.4.1) with ExtractAarTransform
Transforming media3-container-1.4.1.aar (androidx.media3:media3-container:1.4.1) with AarResourcesCompilerTransform
Transforming media3-datasource-1.4.1.aar (androidx.media3:media3-datasource:1.4.1) with JetifyTransform
Transforming media3-datasource-1.4.1.aar (androidx.media3:media3-datasource:1.4.1) with ExtractAarTransform
Transforming media3-datasource-1.4.1.aar (androidx.media3:media3-datasource:1.4.1) with AarResourcesCompilerTransform
Transforming media3-decoder-1.4.1.aar (androidx.media3:media3-decoder:1.4.1) with JetifyTransform
Transforming media3-decoder-1.4.1.aar (androidx.media3:media3-decoder:1.4.1) with ExtractAarTransform
Transforming media3-decoder-1.4.1.aar (androidx.media3:media3-decoder:1.4.1) with AarResourcesCompilerTransform
Transforming media3-database-1.4.1.aar (androidx.media3:media3-database:1.4.1) with JetifyTransform
Transforming media3-database-1.4.1.aar (androidx.media3:media3-database:1.4.1) with ExtractAarTransform
Transforming media3-database-1.4.1.aar (androidx.media3:media3-database:1.4.1) with AarResourcesCompilerTransform
Transforming media3-common-1.4.1.aar (androidx.media3:media3-common:1.4.1) with JetifyTransform
Transforming media3-common-1.4.1.aar (androidx.media3:media3-common:1.4.1) with ExtractAarTransform
Transforming media3-common-1.4.1.aar (androidx.media3:media3-common:1.4.1) with AarResourcesCompilerTransform
Transforming media3-ui-1.4.1.aar (androidx.media3:media3-ui:1.4.1) with JetifyTransform
Transforming media3-ui-1.4.1.aar (androidx.media3:media3-ui:1.4.1) with ExtractAarTransform
Transforming media3-ui-1.4.1.aar (androidx.media3:media3-ui:1.4.1) with AarResourcesCompilerTransform
Transforming work-runtime-ktx-2.9.1.aar (androidx.work:work-runtime-ktx:2.9.1) with JetifyTransform
Transforming work-runtime-ktx-2.9.1.aar (androidx.work:work-runtime-ktx:2.9.1) with ExtractAarTransform
Transforming work-runtime-ktx-2.9.1.aar (androidx.work:work-runtime-ktx:2.9.1) with AarResourcesCompilerTransform
Transforming work-runtime-2.9.1.aar (androidx.work:work-runtime:2.9.1) with JetifyTransform
Transforming work-runtime-2.9.1.aar (androidx.work:work-runtime:2.9.1) with ExtractAarTransform
Transforming work-runtime-2.9.1.aar (androidx.work:work-runtime:2.9.1) with AarResourcesCompilerTransform
Transforming room-ktx-2.6.1.aar (androidx.room:room-ktx:2.6.1) with JetifyTransform
Transforming room-ktx-2.6.1.aar (androidx.room:room-ktx:2.6.1) with ExtractAarTransform
Transforming room-ktx-2.6.1.aar (androidx.room:room-ktx:2.6.1) with AarResourcesCompilerTransform
Transforming room-runtime-2.6.1.aar (androidx.room:room-runtime:2.6.1) with JetifyTransform
Transforming room-runtime-2.6.1.aar (androidx.room:room-runtime:2.6.1) with ExtractAarTransform
Transforming room-runtime-2.6.1.aar (androidx.room:room-runtime:2.6.1) with AarResourcesCompilerTransform
Transforming room-paging-2.6.1.aar (androidx.room:room-paging:2.6.1) with JetifyTransform
Transforming room-paging-2.6.1.aar (androidx.room:room-paging:2.6.1) with ExtractAarTransform
Transforming room-paging-2.6.1.aar (androidx.room:room-paging:2.6.1) with AarResourcesCompilerTransform
Transforming paging-common-release.aar (androidx.paging:paging-common-android:3.3.2) with JetifyTransform
Transforming paging-common-release.aar (androidx.paging:paging-common-android:3.3.2) with ExtractAarTransform
Transforming paging-common-release.aar (androidx.paging:paging-common-android:3.3.2) with AarResourcesCompilerTransform
Transforming paging-runtime-ktx-3.3.2.aar (androidx.paging:paging-runtime-ktx:3.3.2) with JetifyTransform
Transforming paging-runtime-ktx-3.3.2.aar (androidx.paging:paging-runtime-ktx:3.3.2) with ExtractAarTransform
Transforming paging-runtime-ktx-3.3.2.aar (androidx.paging:paging-runtime-ktx:3.3.2) with AarResourcesCompilerTransform
Transforming paging-runtime-3.3.2.aar (androidx.paging:paging-runtime:3.3.2) with JetifyTransform
Transforming paging-runtime-3.3.2.aar (androidx.paging:paging-runtime:3.3.2) with ExtractAarTransform
Transforming paging-runtime-3.3.2.aar (androidx.paging:paging-runtime:3.3.2) with AarResourcesCompilerTransform
Transforming recyclerview-1.3.2.aar (androidx.recyclerview:recyclerview:1.3.2) with JetifyTransform
Transforming recyclerview-1.3.2.aar (androidx.recyclerview:recyclerview:1.3.2) with ExtractAarTransform
Transforming recyclerview-1.3.2.aar (androidx.recyclerview:recyclerview:1.3.2) with AarResourcesCompilerTransform
Transforming viewpager2-1.1.0-beta02.aar (androidx.viewpager2:viewpager2:1.1.0-beta02) with JetifyTransform
Transforming viewpager2-1.1.0-beta02.aar (androidx.viewpager2:viewpager2:1.1.0-beta02) with ExtractAarTransform
Transforming viewpager2-1.1.0-beta02.aar (androidx.viewpager2:viewpager2:1.1.0-beta02) with AarResourcesCompilerTransform
Transforming firebase-firestore-ktx-25.0.0.aar (com.google.firebase:firebase-firestore-ktx:25.0.0) with JetifyTransform
Transforming firebase-firestore-ktx-25.0.0.aar (com.google.firebase:firebase-firestore-ktx:25.0.0) with ExtractAarTransform
Transforming firebase-firestore-ktx-25.0.0.aar (com.google.firebase:firebase-firestore-ktx:25.0.0) with AarResourcesCompilerTransform
Transforming firebase-firestore-25.0.0.aar (com.google.firebase:firebase-firestore:25.0.0) with JetifyTransform
Transforming firebase-firestore-25.0.0.aar (com.google.firebase:firebase-firestore:25.0.0) with ExtractAarTransform
Transforming firebase-firestore-25.0.0.aar (com.google.firebase:firebase-firestore:25.0.0) with AarResourcesCompilerTransform
Transforming firebase-appcheck-interop-17.0.0.aar (com.google.firebase:firebase-appcheck-interop:17.0.0) with JetifyTransform
Transforming firebase-appcheck-interop-17.0.0.aar (com.google.firebase:firebase-appcheck-interop:17.0.0) with ExtractAarTransform
Transforming firebase-appcheck-interop-17.0.0.aar (com.google.firebase:firebase-appcheck-interop:17.0.0) with AarResourcesCompilerTransform
Transforming firebase-database-collection-18.0.1.aar (com.google.firebase:firebase-database-collection:18.0.1) with JetifyTransform
Transforming firebase-database-collection-18.0.1.aar (com.google.firebase:firebase-database-collection:18.0.1) with ExtractAarTransform
Transforming firebase-database-collection-18.0.1.aar (com.google.firebase:firebase-database-collection:18.0.1) with AarResourcesCompilerTransform
Transforming play-services-base-18.0.1.aar (com.google.android.gms:play-services-base:18.0.1) with JetifyTransform
Transforming play-services-base-18.0.1.aar (com.google.android.gms:play-services-base:18.0.1) with ExtractAarTransform
Transforming play-services-base-18.0.1.aar (com.google.android.gms:play-services-base:18.0.1) with AarResourcesCompilerTransform
Transforming play-services-base-18.0.1.aar (com.google.android.gms:play-services-base:18.0.1) with JetifyTransform
Transforming play-services-base-18.0.1.aar (com.google.android.gms:play-services-base:18.0.1) with ExtractAarTransform
Transforming play-services-base-18.0.1.aar (com.google.android.gms:play-services-base:18.0.1) with AarResourcesCompilerTransform
Transforming play-services-base-18.0.1.aar (com.google.android.gms:play-services-base:18.0.1) with JetifyTransform
Transforming play-services-base-18.0.1.aar (com.google.android.gms:play-services-base:18.0.1) with ExtractAarTransform
Transforming play-services-base-18.0.1.aar (com.google.android.gms:play-services-base:18.0.1) with AarResourcesCompilerTransform
Transforming firebase-analytics-ktx-22.0.2.aar (com.google.firebase:firebase-analytics-ktx:22.0.2) with JetifyTransform
Transforming firebase-analytics-ktx-22.0.2.aar (com.google.firebase:firebase-analytics-ktx:22.0.2) with ExtractAarTransform
Transforming firebase-analytics-ktx-22.0.2.aar (com.google.firebase:firebase-analytics-ktx:22.0.2) with AarResourcesCompilerTransform
Transforming firebase-analytics-22.0.2.aar (com.google.firebase:firebase-analytics:22.0.2) with JetifyTransform
Transforming firebase-analytics-22.0.2.aar (com.google.firebase:firebase-analytics:22.0.2) with ExtractAarTransform
Transforming firebase-analytics-22.0.2.aar (com.google.firebase:firebase-analytics:22.0.2) with AarResourcesCompilerTransform
Transforming play-services-measurement-api-22.0.2.aar (com.google.android.gms:play-services-measurement-api:22.0.2) with JetifyTransform
Transforming play-services-measurement-api-22.0.2.aar (com.google.android.gms:play-services-measurement-api:22.0.2) with ExtractAarTransform
Transforming play-services-measurement-api-22.0.2.aar (com.google.android.gms:play-services-measurement-api:22.0.2) with AarResourcesCompilerTransform
Transforming firebase-installations-18.0.0.aar (com.google.firebase:firebase-installations:18.0.0) with JetifyTransform
Transforming firebase-installations-18.0.0.aar (com.google.firebase:firebase-installations:18.0.0) with ExtractAarTransform
Transforming firebase-installations-18.0.0.aar (com.google.firebase:firebase-installations:18.0.0) with AarResourcesCompilerTransform
Transforming firebase-common-ktx-21.0.0.aar (com.google.firebase:firebase-common-ktx:21.0.0) with JetifyTransform
Transforming firebase-common-ktx-21.0.0.aar (com.google.firebase:firebase-common-ktx:21.0.0) with ExtractAarTransform
Transforming firebase-common-ktx-21.0.0.aar (com.google.firebase:firebase-common-ktx:21.0.0) with AarResourcesCompilerTransform
Transforming firebase-common-ktx-21.0.0.aar (com.google.firebase:firebase-common-ktx:21.0.0) with JetifyTransform
Transforming firebase-common-ktx-21.0.0.aar (com.google.firebase:firebase-common-ktx:21.0.0) with ExtractAarTransform
Transforming firebase-common-ktx-21.0.0.aar (com.google.firebase:firebase-common-ktx:21.0.0) with AarResourcesCompilerTransform
Transforming firebase-common-ktx-21.0.0.aar (com.google.firebase:firebase-common-ktx:21.0.0) with JetifyTransform
Transforming firebase-common-ktx-21.0.0.aar (com.google.firebase:firebase-common-ktx:21.0.0) with ExtractAarTransform
Transforming firebase-common-ktx-21.0.0.aar (com.google.firebase:firebase-common-ktx:21.0.0) with AarResourcesCompilerTransform
Transforming firebase-common-ktx-21.0.0.aar (com.google.firebase:firebase-common-ktx:21.0.0) with JetifyTransform
Transforming firebase-common-ktx-21.0.0.aar (com.google.firebase:firebase-common-ktx:21.0.0) with ExtractAarTransform
Transforming firebase-common-ktx-21.0.0.aar (com.google.firebase:firebase-common-ktx:21.0.0) with AarResourcesCompilerTransform
Transforming firebase-common-ktx-21.0.0.aar (com.google.firebase:firebase-common-ktx:21.0.0) with JetifyTransform
Transforming firebase-common-ktx-21.0.0.aar (com.google.firebase:firebase-common-ktx:21.0.0) with ExtractAarTransform
Transforming firebase-common-ktx-21.0.0.aar (com.google.firebase:firebase-common-ktx:21.0.0) with AarResourcesCompilerTransform
Transforming firebase-common-21.0.0.aar (com.google.firebase:firebase-common:21.0.0) with JetifyTransform
Transforming firebase-common-21.0.0.aar (com.google.firebase:firebase-common:21.0.0) with ExtractAarTransform
Transforming firebase-common-21.0.0.aar (com.google.firebase:firebase-common:21.0.0) with AarResourcesCompilerTransform
Transforming firebase-common-21.0.0.aar (com.google.firebase:firebase-common:21.0.0) with JetifyTransform
Transforming firebase-common-21.0.0.aar (com.google.firebase:firebase-common:21.0.0) with ExtractAarTransform
Transforming firebase-common-21.0.0.aar (com.google.firebase:firebase-common:21.0.0) with AarResourcesCompilerTransform
Transforming firebase-common-21.0.0.aar (com.google.firebase:firebase-common:21.0.0) with JetifyTransform
Transforming firebase-common-21.0.0.aar (com.google.firebase:firebase-common:21.0.0) with ExtractAarTransform
Transforming firebase-common-21.0.0.aar (com.google.firebase:firebase-common:21.0.0) with AarResourcesCompilerTransform
Transforming firebase-common-21.0.0.aar (com.google.firebase:firebase-common:21.0.0) with JetifyTransform
Transforming firebase-common-21.0.0.aar (com.google.firebase:firebase-common:21.0.0) with ExtractAarTransform
Transforming firebase-common-21.0.0.aar (com.google.firebase:firebase-common:21.0.0) with AarResourcesCompilerTransform
Transforming firebase-common-21.0.0.aar (com.google.firebase:firebase-common:21.0.0) with JetifyTransform
Transforming firebase-common-21.0.0.aar (com.google.firebase:firebase-common:21.0.0) with ExtractAarTransform
Transforming firebase-common-21.0.0.aar (com.google.firebase:firebase-common:21.0.0) with AarResourcesCompilerTransform
Transforming firebase-common-21.0.0.aar (com.google.firebase:firebase-common:21.0.0) with JetifyTransform
Transforming firebase-common-21.0.0.aar (com.google.firebase:firebase-common:21.0.0) with ExtractAarTransform
Transforming firebase-common-21.0.0.aar (com.google.firebase:firebase-common:21.0.0) with AarResourcesCompilerTransform
Transforming play-services-measurement-22.0.2.aar (com.google.android.gms:play-services-measurement:22.0.2) with JetifyTransform
Transforming play-services-measurement-22.0.2.aar (com.google.android.gms:play-services-measurement:22.0.2) with ExtractAarTransform
Transforming play-services-measurement-22.0.2.aar (com.google.android.gms:play-services-measurement:22.0.2) with AarResourcesCompilerTransform
Transforming play-services-measurement-sdk-22.0.2.aar (com.google.android.gms:play-services-measurement-sdk:22.0.2) with JetifyTransform
Transforming play-services-measurement-sdk-22.0.2.aar (com.google.android.gms:play-services-measurement-sdk:22.0.2) with ExtractAarTransform
Transforming play-services-measurement-sdk-22.0.2.aar (com.google.android.gms:play-services-measurement-sdk:22.0.2) with AarResourcesCompilerTransform
Transforming firebase-auth-interop-19.0.2.aar (com.google.firebase:firebase-auth-interop:19.0.2) with JetifyTransform
Transforming firebase-auth-interop-19.0.2.aar (com.google.firebase:firebase-auth-interop:19.0.2) with ExtractAarTransform
Transforming firebase-auth-interop-19.0.2.aar (com.google.firebase:firebase-auth-interop:19.0.2) with AarResourcesCompilerTransform
Transforming play-services-measurement-impl-22.0.2.aar (com.google.android.gms:play-services-measurement-impl:22.0.2) with JetifyTransform
Transforming play-services-measurement-impl-22.0.2.aar (com.google.android.gms:play-services-measurement-impl:22.0.2) with ExtractAarTransform
Transforming play-services-measurement-impl-22.0.2.aar (com.google.android.gms:play-services-measurement-impl:22.0.2) with AarResourcesCompilerTransform
Transforming play-services-measurement-impl-22.0.2.aar (com.google.android.gms:play-services-measurement-impl:22.0.2) with JetifyTransform
Transforming play-services-measurement-impl-22.0.2.aar (com.google.android.gms:play-services-measurement-impl:22.0.2) with ExtractAarTransform
Transforming play-services-measurement-impl-22.0.2.aar (com.google.android.gms:play-services-measurement-impl:22.0.2) with AarResourcesCompilerTransform
Transforming play-services-ads-identifier-18.0.0.aar (com.google.android.gms:play-services-ads-identifier:18.0.0) with JetifyTransform
Transforming play-services-ads-identifier-18.0.0.aar (com.google.android.gms:play-services-ads-identifier:18.0.0) with ExtractAarTransform
Transforming play-services-ads-identifier-18.0.0.aar (com.google.android.gms:play-services-ads-identifier:18.0.0) with AarResourcesCompilerTransform
Transforming play-services-ads-identifier-18.0.0.aar (com.google.android.gms:play-services-ads-identifier:18.0.0) with JetifyTransform
Transforming play-services-ads-identifier-18.0.0.aar (com.google.android.gms:play-services-ads-identifier:18.0.0) with ExtractAarTransform
Transforming play-services-ads-identifier-18.0.0.aar (com.google.android.gms:play-services-ads-identifier:18.0.0) with AarResourcesCompilerTransform
Transforming play-services-ads-identifier-18.0.0.aar (com.google.android.gms:play-services-ads-identifier:18.0.0) with JetifyTransform
Transforming play-services-ads-identifier-18.0.0.aar (com.google.android.gms:play-services-ads-identifier:18.0.0) with ExtractAarTransform
Transforming play-services-ads-identifier-18.0.0.aar (com.google.android.gms:play-services-ads-identifier:18.0.0) with AarResourcesCompilerTransform
Transforming play-services-measurement-sdk-api-22.0.2.aar (com.google.android.gms:play-services-measurement-sdk-api:22.0.2) with JetifyTransform
Transforming play-services-measurement-sdk-api-22.0.2.aar (com.google.android.gms:play-services-measurement-sdk-api:22.0.2) with ExtractAarTransform
Transforming play-services-measurement-sdk-api-22.0.2.aar (com.google.android.gms:play-services-measurement-sdk-api:22.0.2) with AarResourcesCompilerTransform
Transforming play-services-measurement-base-22.0.2.aar (com.google.android.gms:play-services-measurement-base:22.0.2) with JetifyTransform
Transforming play-services-measurement-base-22.0.2.aar (com.google.android.gms:play-services-measurement-base:22.0.2) with ExtractAarTransform
Transforming play-services-measurement-base-22.0.2.aar (com.google.android.gms:play-services-measurement-base:22.0.2) with AarResourcesCompilerTransform
Transforming play-services-measurement-base-22.0.2.aar (com.google.android.gms:play-services-measurement-base:22.0.2) with JetifyTransform
Transforming play-services-measurement-base-22.0.2.aar (com.google.android.gms:play-services-measurement-base:22.0.2) with ExtractAarTransform
Transforming play-services-measurement-base-22.0.2.aar (com.google.android.gms:play-services-measurement-base:22.0.2) with AarResourcesCompilerTransform
Transforming play-services-measurement-base-22.0.2.aar (com.google.android.gms:play-services-measurement-base:22.0.2) with JetifyTransform
Transforming play-services-measurement-base-22.0.2.aar (com.google.android.gms:play-services-measurement-base:22.0.2) with ExtractAarTransform
Transforming play-services-measurement-base-22.0.2.aar (com.google.android.gms:play-services-measurement-base:22.0.2) with AarResourcesCompilerTransform
Transforming play-services-measurement-base-22.0.2.aar (com.google.android.gms:play-services-measurement-base:22.0.2) with JetifyTransform
Transforming play-services-measurement-base-22.0.2.aar (com.google.android.gms:play-services-measurement-base:22.0.2) with ExtractAarTransform
Transforming play-services-measurement-base-22.0.2.aar (com.google.android.gms:play-services-measurement-base:22.0.2) with AarResourcesCompilerTransform
Transforming play-services-measurement-base-22.0.2.aar (com.google.android.gms:play-services-measurement-base:22.0.2) with JetifyTransform
Transforming play-services-measurement-base-22.0.2.aar (com.google.android.gms:play-services-measurement-base:22.0.2) with ExtractAarTransform
Transforming play-services-measurement-base-22.0.2.aar (com.google.android.gms:play-services-measurement-base:22.0.2) with AarResourcesCompilerTransform
Transforming play-services-stats-17.0.2.aar (com.google.android.gms:play-services-stats:17.0.2) with JetifyTransform
Transforming play-services-stats-17.0.2.aar (com.google.android.gms:play-services-stats:17.0.2) with ExtractAarTransform
Transforming play-services-stats-17.0.2.aar (com.google.android.gms:play-services-stats:17.0.2) with AarResourcesCompilerTransform
Transforming play-services-stats-17.0.2.aar (com.google.android.gms:play-services-stats:17.0.2) with JetifyTransform
Transforming play-services-stats-17.0.2.aar (com.google.android.gms:play-services-stats:17.0.2) with ExtractAarTransform
Transforming play-services-stats-17.0.2.aar (com.google.android.gms:play-services-stats:17.0.2) with AarResourcesCompilerTransform
Transforming material3-release.aar (androidx.compose.material3:material3-android:1.2.0) with JetifyTransform
Transforming material3-release.aar (androidx.compose.material3:material3-android:1.2.0) with ExtractAarTransform
Transforming material3-release.aar (androidx.compose.material3:material3-android:1.2.0) with AarResourcesCompilerTransform
Transforming material-ripple-release.aar (androidx.compose.material:material-ripple-android:1.6.2) with JetifyTransform
Transforming material-ripple-release.aar (androidx.compose.material:material-ripple-android:1.6.2) with ExtractAarTransform
Transforming material-ripple-release.aar (androidx.compose.material:material-ripple-android:1.6.2) with AarResourcesCompilerTransform
Transforming material-icons-core-release.aar (androidx.compose.material:material-icons-core-android:1.6.2) with JetifyTransform
Transforming material-icons-core-release.aar (androidx.compose.material:material-icons-core-android:1.6.2) with ExtractAarTransform
Transforming material-icons-core-release.aar (androidx.compose.material:material-icons-core-android:1.6.2) with AarResourcesCompilerTransform
Transforming material-release.aar (androidx.compose.material:material-android:1.6.2) with JetifyTransform
Transforming material-release.aar (androidx.compose.material:material-android:1.6.2) with ExtractAarTransform
Transforming material-release.aar (androidx.compose.material:material-android:1.6.2) with AarResourcesCompilerTransform
Transforming animation-core-release.aar (androidx.compose.animation:animation-core-android:1.6.2) with JetifyTransform
Transforming animation-core-release.aar (androidx.compose.animation:animation-core-android:1.6.2) with ExtractAarTransform
Transforming animation-core-release.aar (androidx.compose.animation:animation-core-android:1.6.2) with AarResourcesCompilerTransform
Transforming animation-release.aar (androidx.compose.animation:animation-android:1.6.2) with JetifyTransform
Transforming animation-release.aar (androidx.compose.animation:animation-android:1.6.2) with ExtractAarTransform
Transforming animation-release.aar (androidx.compose.animation:animation-android:1.6.2) with AarResourcesCompilerTransform
Transforming foundation-layout-release.aar (androidx.compose.foundation:foundation-layout-android:1.6.2) with JetifyTransform
Transforming foundation-layout-release.aar (androidx.compose.foundation:foundation-layout-android:1.6.2) with ExtractAarTransform
Transforming foundation-layout-release.aar (androidx.compose.foundation:foundation-layout-android:1.6.2) with AarResourcesCompilerTransform
Transforming foundation-release.aar (androidx.compose.foundation:foundation-android:1.6.2) with JetifyTransform
Transforming foundation-release.aar (androidx.compose.foundation:foundation-android:1.6.2) with ExtractAarTransform
Transforming foundation-release.aar (androidx.compose.foundation:foundation-android:1.6.2) with AarResourcesCompilerTransform
Transforming ui-tooling-data-release.aar (androidx.compose.ui:ui-tooling-data-android:1.6.2) with JetifyTransform
Transforming ui-tooling-data-release.aar (androidx.compose.ui:ui-tooling-data-android:1.6.2) with ExtractAarTransform
Transforming ui-tooling-data-release.aar (androidx.compose.ui:ui-tooling-data-android:1.6.2) with AarResourcesCompilerTransform
Transforming ui-unit-release.aar (androidx.compose.ui:ui-unit-android:1.6.2) with JetifyTransform
Transforming ui-unit-release.aar (androidx.compose.ui:ui-unit-android:1.6.2) with ExtractAarTransform
Transforming ui-unit-release.aar (androidx.compose.ui:ui-unit-android:1.6.2) with AarResourcesCompilerTransform
Transforming ui-geometry-release.aar (androidx.compose.ui:ui-geometry-android:1.6.2) with JetifyTransform
Transforming ui-geometry-release.aar (androidx.compose.ui:ui-geometry-android:1.6.2) with ExtractAarTransform
Transforming ui-geometry-release.aar (androidx.compose.ui:ui-geometry-android:1.6.2) with AarResourcesCompilerTransform
Transforming ui-util-release.aar (androidx.compose.ui:ui-util-android:1.6.2) with JetifyTransform
Transforming ui-util-release.aar (androidx.compose.ui:ui-util-android:1.6.2) with ExtractAarTransform
Transforming ui-util-release.aar (androidx.compose.ui:ui-util-android:1.6.2) with AarResourcesCompilerTransform
Transforming ui-text-release.aar (androidx.compose.ui:ui-text-android:1.6.2) with JetifyTransform
Transforming ui-text-release.aar (androidx.compose.ui:ui-text-android:1.6.2) with ExtractAarTransform
Transforming ui-text-release.aar (androidx.compose.ui:ui-text-android:1.6.2) with AarResourcesCompilerTransform
Transforming ui-tooling-preview-release.aar (androidx.compose.ui:ui-tooling-preview-android:1.6.2) with JetifyTransform
Transforming ui-tooling-preview-release.aar (androidx.compose.ui:ui-tooling-preview-android:1.6.2) with ExtractAarTransform
Transforming ui-tooling-preview-release.aar (androidx.compose.ui:ui-tooling-preview-android:1.6.2) with AarResourcesCompilerTransform
Transforming ui-graphics-release.aar (androidx.compose.ui:ui-graphics-android:1.6.2) with JetifyTransform
Transforming ui-graphics-release.aar (androidx.compose.ui:ui-graphics-android:1.6.2) with ExtractAarTransform
Transforming ui-graphics-release.aar (androidx.compose.ui:ui-graphics-android:1.6.2) with AarResourcesCompilerTransform
Transforming ui-tooling-release.aar (androidx.compose.ui:ui-tooling-android:1.6.2) with JetifyTransform
Transforming ui-tooling-release.aar (androidx.compose.ui:ui-tooling-android:1.6.2) with ExtractAarTransform
Transforming ui-tooling-release.aar (androidx.compose.ui:ui-tooling-android:1.6.2) with AarResourcesCompilerTransform
Transforming activity-compose-1.9.3.aar (androidx.activity:activity-compose:1.9.3) with JetifyTransform
Transforming activity-compose-1.9.3.aar (androidx.activity:activity-compose:1.9.3) with ExtractAarTransform
Transforming activity-compose-1.9.3.aar (androidx.activity:activity-compose:1.9.3) with AarResourcesCompilerTransform
Transforming emoji2-views-helper-1.3.0.aar (androidx.emoji2:emoji2-views-helper:1.3.0) with JetifyTransform
Transforming emoji2-views-helper-1.3.0.aar (androidx.emoji2:emoji2-views-helper:1.3.0) with ExtractAarTransform
Transforming emoji2-views-helper-1.3.0.aar (androidx.emoji2:emoji2-views-helper:1.3.0) with AarResourcesCompilerTransform
Transforming emoji2-1.3.0.aar (androidx.emoji2:emoji2:1.3.0) with JetifyTransform
Transforming emoji2-1.3.0.aar (androidx.emoji2:emoji2:1.3.0) with ExtractAarTransform
Transforming emoji2-1.3.0.aar (androidx.emoji2:emoji2:1.3.0) with AarResourcesCompilerTransform
Transforming slidingpanelayout-1.2.0.aar (androidx.slidingpanelayout:slidingpanelayout:1.2.0) with JetifyTransform
Transforming slidingpanelayout-1.2.0.aar (androidx.slidingpanelayout:slidingpanelayout:1.2.0) with ExtractAarTransform
Transforming slidingpanelayout-1.2.0.aar (androidx.slidingpanelayout:slidingpanelayout:1.2.0) with AarResourcesCompilerTransform
Transforming transition-1.5.0.aar (androidx.transition:transition:1.5.0) with JetifyTransform
Transforming transition-1.5.0.aar (androidx.transition:transition:1.5.0) with ExtractAarTransform
Transforming transition-1.5.0.aar (androidx.transition:transition:1.5.0) with AarResourcesCompilerTransform
Transforming dynamicanimation-1.0.0.aar (androidx.dynamicanimation:dynamicanimation:1.0.0) with JetifyTransform
Transforming dynamicanimation-1.0.0.aar (androidx.dynamicanimation:dynamicanimation:1.0.0) with ExtractAarTransform
Transforming dynamicanimation-1.0.0.aar (androidx.dynamicanimation:dynamicanimation:1.0.0) with AarResourcesCompilerTransform
Transforming legacy-support-core-utils-1.0.0.aar (androidx.legacy:legacy-support-core-utils:1.0.0) with JetifyTransform
Transforming legacy-support-core-utils-1.0.0.aar (androidx.legacy:legacy-support-core-utils:1.0.0) with ExtractAarTransform
Transforming legacy-support-core-utils-1.0.0.aar (androidx.legacy:legacy-support-core-utils:1.0.0) with AarResourcesCompilerTransform
Transforming legacy-support-core-utils-1.0.0.aar (androidx.legacy:legacy-support-core-utils:1.0.0) with JetifyTransform
Transforming legacy-support-core-utils-1.0.0.aar (androidx.legacy:legacy-support-core-utils:1.0.0) with ExtractAarTransform
Transforming legacy-support-core-utils-1.0.0.aar (androidx.legacy:legacy-support-core-utils:1.0.0) with AarResourcesCompilerTransform
Transforming legacy-support-core-utils-1.0.0.aar (androidx.legacy:legacy-support-core-utils:1.0.0) with JetifyTransform
Transforming legacy-support-core-utils-1.0.0.aar (androidx.legacy:legacy-support-core-utils:1.0.0) with ExtractAarTransform
Transforming legacy-support-core-utils-1.0.0.aar (androidx.legacy:legacy-support-core-utils:1.0.0) with AarResourcesCompilerTransform
Transforming loader-1.0.0.aar (androidx.loader:loader:1.0.0) with JetifyTransform
Transforming loader-1.0.0.aar (androidx.loader:loader:1.0.0) with ExtractAarTransform
Transforming loader-1.0.0.aar (androidx.loader:loader:1.0.0) with AarResourcesCompilerTransform
Transforming loader-1.0.0.aar (androidx.loader:loader:1.0.0) with JetifyTransform
Transforming loader-1.0.0.aar (androidx.loader:loader:1.0.0) with ExtractAarTransform
Transforming loader-1.0.0.aar (androidx.loader:loader:1.0.0) with AarResourcesCompilerTransform
Transforming drawerlayout-1.1.1.aar (androidx.drawerlayout:drawerlayout:1.1.1) with JetifyTransform
Transforming drawerlayout-1.1.1.aar (androidx.drawerlayout:drawerlayout:1.1.1) with ExtractAarTransform
Transforming drawerlayout-1.1.1.aar (androidx.drawerlayout:drawerlayout:1.1.1) with AarResourcesCompilerTransform
Transforming coordinatorlayout-1.1.0.aar (androidx.coordinatorlayout:coordinatorlayout:1.1.0) with JetifyTransform
Transforming coordinatorlayout-1.1.0.aar (androidx.coordinatorlayout:coordinatorlayout:1.1.0) with ExtractAarTransform
Transforming coordinatorlayout-1.1.0.aar (androidx.coordinatorlayout:coordinatorlayout:1.1.0) with AarResourcesCompilerTransform
Transforming vectordrawable-animated-1.1.0.aar (androidx.vectordrawable:vectordrawable-animated:1.1.0) with JetifyTransform
Transforming vectordrawable-animated-1.1.0.aar (androidx.vectordrawable:vectordrawable-animated:1.1.0) with ExtractAarTransform
Transforming vectordrawable-animated-1.1.0.aar (androidx.vectordrawable:vectordrawable-animated:1.1.0) with AarResourcesCompilerTransform
Transforming vectordrawable-1.1.0.aar (androidx.vectordrawable:vectordrawable:1.1.0) with JetifyTransform
Transforming vectordrawable-1.1.0.aar (androidx.vectordrawable:vectordrawable:1.1.0) with ExtractAarTransform
Transforming vectordrawable-1.1.0.aar (androidx.vectordrawable:vectordrawable:1.1.0) with AarResourcesCompilerTransform
Transforming vectordrawable-1.1.0.aar (androidx.vectordrawable:vectordrawable:1.1.0) with JetifyTransform
Transforming vectordrawable-1.1.0.aar (androidx.vectordrawable:vectordrawable:1.1.0) with ExtractAarTransform
Transforming vectordrawable-1.1.0.aar (androidx.vectordrawable:vectordrawable:1.1.0) with AarResourcesCompilerTransform
Transforming media-1.7.0.aar (androidx.media:media:1.7.0) with JetifyTransform
Transforming media-1.7.0.aar (androidx.media:media:1.7.0) with ExtractAarTransform
Transforming media-1.7.0.aar (androidx.media:media:1.7.0) with AarResourcesCompilerTransform
Transforming viewpager-1.0.0.aar (androidx.viewpager:viewpager:1.0.0) with JetifyTransform
Transforming viewpager-1.0.0.aar (androidx.viewpager:viewpager:1.0.0) with ExtractAarTransform
Transforming viewpager-1.0.0.aar (androidx.viewpager:viewpager:1.0.0) with AarResourcesCompilerTransform
Transforming customview-1.1.0.aar (androidx.customview:customview:1.1.0) with JetifyTransform
Transforming customview-1.1.0.aar (androidx.customview:customview:1.1.0) with ExtractAarTransform
Transforming customview-1.1.0.aar (androidx.customview:customview:1.1.0) with AarResourcesCompilerTransform
Transforming customview-1.1.0.aar (androidx.customview:customview:1.1.0) with JetifyTransform
Transforming customview-1.1.0.aar (androidx.customview:customview:1.1.0) with ExtractAarTransform
Transforming customview-1.1.0.aar (androidx.customview:customview:1.1.0) with AarResourcesCompilerTransform
Transforming customview-1.1.0.aar (androidx.customview:customview:1.1.0) with JetifyTransform
Transforming customview-1.1.0.aar (androidx.customview:customview:1.1.0) with ExtractAarTransform
Transforming customview-1.1.0.aar (androidx.customview:customview:1.1.0) with AarResourcesCompilerTransform
Transforming customview-1.1.0.aar (androidx.customview:customview:1.1.0) with JetifyTransform
Transforming customview-1.1.0.aar (androidx.customview:customview:1.1.0) with ExtractAarTransform
Transforming customview-1.1.0.aar (androidx.customview:customview:1.1.0) with AarResourcesCompilerTransform
Transforming autofill-1.0.0.aar (androidx.autofill:autofill:1.0.0) with JetifyTransform
Transforming autofill-1.0.0.aar (androidx.autofill:autofill:1.0.0) with ExtractAarTransform
Transforming autofill-1.0.0.aar (androidx.autofill:autofill:1.0.0) with AarResourcesCompilerTransform
Transforming window-1.0.0.aar (androidx.window:window:1.0.0) with JetifyTransform
Transforming window-1.0.0.aar (androidx.window:window:1.0.0) with ExtractAarTransform
Transforming window-1.0.0.aar (androidx.window:window:1.0.0) with AarResourcesCompilerTransform
Transforming core-1.13.1.aar (androidx.core:core:1.13.1) with JetifyTransform
Transforming core-1.13.1.aar (androidx.core:core:1.13.1) with ExtractAarTransform
Transforming core-1.13.1.aar (androidx.core:core:1.13.1) with AarResourcesCompilerTransform
Transforming core-1.13.1.aar (androidx.core:core:1.13.1) with JetifyTransform
Transforming core-1.13.1.aar (androidx.core:core:1.13.1) with ExtractAarTransform
Transforming core-1.13.1.aar (androidx.core:core:1.13.1) with AarResourcesCompilerTransform
Transforming core-1.13.1.aar (androidx.core:core:1.13.1) with JetifyTransform
Transforming core-1.13.1.aar (androidx.core:core:1.13.1) with ExtractAarTransform
Transforming core-1.13.1.aar (androidx.core:core:1.13.1) with AarResourcesCompilerTransform
Transforming core-1.13.1.aar (androidx.core:core:1.13.1) with JetifyTransform
Transforming core-1.13.1.aar (androidx.core:core:1.13.1) with ExtractAarTransform
Transforming core-1.13.1.aar (androidx.core:core:1.13.1) with AarResourcesCompilerTransform
Transforming core-1.13.1.aar (androidx.core:core:1.13.1) with JetifyTransform
Transforming core-1.13.1.aar (androidx.core:core:1.13.1) with ExtractAarTransform
Transforming core-1.13.1.aar (androidx.core:core:1.13.1) with AarResourcesCompilerTransform
Transforming core-1.13.1.aar (androidx.core:core:1.13.1) with JetifyTransform
Transforming core-1.13.1.aar (androidx.core:core:1.13.1) with ExtractAarTransform
Transforming core-1.13.1.aar (androidx.core:core:1.13.1) with AarResourcesCompilerTransform
Transforming core-1.13.1.aar (androidx.core:core:1.13.1) with JetifyTransform
Transforming core-1.13.1.aar (androidx.core:core:1.13.1) with ExtractAarTransform
Transforming core-1.13.1.aar (androidx.core:core:1.13.1) with AarResourcesCompilerTransform
Transforming core-1.13.1.aar (androidx.core:core:1.13.1) with JetifyTransform
Transforming core-1.13.1.aar (androidx.core:core:1.13.1) with ExtractAarTransform
Transforming core-1.13.1.aar (androidx.core:core:1.13.1) with AarResourcesCompilerTransform
Transforming core-1.13.1.aar (androidx.core:core:1.13.1) with JetifyTransform
Transforming core-1.13.1.aar (androidx.core:core:1.13.1) with ExtractAarTransform
Transforming core-1.13.1.aar (androidx.core:core:1.13.1) with AarResourcesCompilerTransform
Transforming core-1.13.1.aar (androidx.core:core:1.13.1) with JetifyTransform
Transforming core-1.13.1.aar (androidx.core:core:1.13.1) with ExtractAarTransform
Transforming core-1.13.1.aar (androidx.core:core:1.13.1) with AarResourcesCompilerTransform
Transforming core-1.13.1.aar (androidx.core:core:1.13.1) with JetifyTransform
Transforming core-1.13.1.aar (androidx.core:core:1.13.1) with ExtractAarTransform
Transforming core-1.13.1.aar (androidx.core:core:1.13.1) with AarResourcesCompilerTransform
Transforming core-1.13.1.aar (androidx.core:core:1.13.1) with JetifyTransform
Transforming core-1.13.1.aar (androidx.core:core:1.13.1) with ExtractAarTransform
Transforming core-1.13.1.aar (androidx.core:core:1.13.1) with AarResourcesCompilerTransform
Transforming core-1.13.1.aar (androidx.core:core:1.13.1) with JetifyTransform
Transforming core-1.13.1.aar (androidx.core:core:1.13.1) with ExtractAarTransform
Transforming core-1.13.1.aar (androidx.core:core:1.13.1) with AarResourcesCompilerTransform
Transforming savedstate-ktx-1.2.1.aar (androidx.savedstate:savedstate-ktx:1.2.1) with JetifyTransform
Transforming savedstate-ktx-1.2.1.aar (androidx.savedstate:savedstate-ktx:1.2.1) with ExtractAarTransform
Transforming savedstate-ktx-1.2.1.aar (androidx.savedstate:savedstate-ktx:1.2.1) with AarResourcesCompilerTransform
Transforming savedstate-1.2.1.aar (androidx.savedstate:savedstate:1.2.1) with JetifyTransform
Transforming savedstate-1.2.1.aar (androidx.savedstate:savedstate:1.2.1) with ExtractAarTransform
Transforming savedstate-1.2.1.aar (androidx.savedstate:savedstate:1.2.1) with AarResourcesCompilerTransform
Transforming lifecycle-service-2.8.7.aar (androidx.lifecycle:lifecycle-service:2.8.7) with JetifyTransform
Transforming lifecycle-service-2.8.7.aar (androidx.lifecycle:lifecycle-service:2.8.7) with ExtractAarTransform
Transforming lifecycle-service-2.8.7.aar (androidx.lifecycle:lifecycle-service:2.8.7) with AarResourcesCompilerTransform
Transforming lifecycle-runtime-release.aar (androidx.lifecycle:lifecycle-runtime-android:2.8.7) with JetifyTransform
Transforming lifecycle-runtime-release.aar (androidx.lifecycle:lifecycle-runtime-android:2.8.7) with ExtractAarTransform
Transforming lifecycle-runtime-release.aar (androidx.lifecycle:lifecycle-runtime-android:2.8.7) with AarResourcesCompilerTransform
Transforming lifecycle-viewmodel-2.8.7.aar (androidx.lifecycle:lifecycle-viewmodel:2.8.7) with JetifyTransform
Transforming lifecycle-viewmodel-2.8.7.aar (androidx.lifecycle:lifecycle-viewmodel:2.8.7) with ExtractAarTransform
Transforming lifecycle-viewmodel-2.8.7.aar (androidx.lifecycle:lifecycle-viewmodel:2.8.7) with AarResourcesCompilerTransform
Transforming lifecycle-viewmodel-release.aar (androidx.lifecycle:lifecycle-viewmodel-android:2.8.7) with JetifyTransform
Transforming lifecycle-viewmodel-release.aar (androidx.lifecycle:lifecycle-viewmodel-android:2.8.7) with ExtractAarTransform
Transforming lifecycle-viewmodel-release.aar (androidx.lifecycle:lifecycle-viewmodel-android:2.8.7) with AarResourcesCompilerTransform
Transforming lifecycle-livedata-core-2.8.7.aar (androidx.lifecycle:lifecycle-livedata-core:2.8.7) with JetifyTransform
Transforming lifecycle-livedata-core-2.8.7.aar (androidx.lifecycle:lifecycle-livedata-core:2.8.7) with ExtractAarTransform
Transforming lifecycle-livedata-core-2.8.7.aar (androidx.lifecycle:lifecycle-livedata-core:2.8.7) with AarResourcesCompilerTransform
Transforming lifecycle-process-2.8.7.aar (androidx.lifecycle:lifecycle-process:2.8.7) with JetifyTransform
Transforming lifecycle-process-2.8.7.aar (androidx.lifecycle:lifecycle-process:2.8.7) with ExtractAarTransform
Transforming lifecycle-process-2.8.7.aar (androidx.lifecycle:lifecycle-process:2.8.7) with AarResourcesCompilerTransform
Transforming lifecycle-runtime-compose-release.aar (androidx.lifecycle:lifecycle-runtime-compose-android:2.8.7) with JetifyTransform
Transforming lifecycle-runtime-compose-release.aar (androidx.lifecycle:lifecycle-runtime-compose-android:2.8.7) with ExtractAarTransform
Transforming lifecycle-runtime-compose-release.aar (androidx.lifecycle:lifecycle-runtime-compose-android:2.8.7) with AarResourcesCompilerTransform
Transforming lifecycle-viewmodel-compose-release.aar (androidx.lifecycle:lifecycle-viewmodel-compose-android:2.8.7) with JetifyTransform
Transforming lifecycle-viewmodel-compose-release.aar (androidx.lifecycle:lifecycle-viewmodel-compose-android:2.8.7) with ExtractAarTransform
Transforming lifecycle-viewmodel-compose-release.aar (androidx.lifecycle:lifecycle-viewmodel-compose-android:2.8.7) with AarResourcesCompilerTransform
Transforming accompanist-drawablepainter-0.32.0.aar (com.google.accompanist:accompanist-drawablepainter:0.32.0) with JetifyTransform
Transforming accompanist-drawablepainter-0.32.0.aar (com.google.accompanist:accompanist-drawablepainter:0.32.0) with ExtractAarTransform
Transforming accompanist-drawablepainter-0.32.0.aar (com.google.accompanist:accompanist-drawablepainter:0.32.0) with AarResourcesCompilerTransform
Transforming ui-release.aar (androidx.compose.ui:ui-android:1.6.2) with JetifyTransform
Transforming ui-release.aar (androidx.compose.ui:ui-android:1.6.2) with ExtractAarTransform
Transforming ui-release.aar (androidx.compose.ui:ui-android:1.6.2) with AarResourcesCompilerTransform
Transforming ui-test-manifest-1.6.2.aar (androidx.compose.ui:ui-test-manifest:1.6.2) with JetifyTransform
Transforming ui-test-manifest-1.6.2.aar (androidx.compose.ui:ui-test-manifest:1.6.2) with ExtractAarTransform
Transforming ui-test-manifest-1.6.2.aar (androidx.compose.ui:ui-test-manifest:1.6.2) with AarResourcesCompilerTransform
Transforming activity-1.9.3.aar (androidx.activity:activity:1.9.3) with JetifyTransform
Transforming activity-1.9.3.aar (androidx.activity:activity:1.9.3) with ExtractAarTransform
Transforming activity-1.9.3.aar (androidx.activity:activity:1.9.3) with AarResourcesCompilerTransform
Transforming lifecycle-viewmodel-savedstate-2.8.7.aar (androidx.lifecycle:lifecycle-viewmodel-savedstate:2.8.7) with JetifyTransform
Transforming lifecycle-viewmodel-savedstate-2.8.7.aar (androidx.lifecycle:lifecycle-viewmodel-savedstate:2.8.7) with ExtractAarTransform
Transforming lifecycle-viewmodel-savedstate-2.8.7.aar (androidx.lifecycle:lifecycle-viewmodel-savedstate:2.8.7) with AarResourcesCompilerTransform
Transforming lifecycle-runtime-ktx-release.aar (androidx.lifecycle:lifecycle-runtime-ktx-android:2.8.7) with JetifyTransform
Transforming lifecycle-runtime-ktx-release.aar (androidx.lifecycle:lifecycle-runtime-ktx-android:2.8.7) with ExtractAarTransform
Transforming lifecycle-runtime-ktx-release.aar (androidx.lifecycle:lifecycle-runtime-ktx-android:2.8.7) with AarResourcesCompilerTransform
Transforming lifecycle-livedata-2.8.7.aar (androidx.lifecycle:lifecycle-livedata:2.8.7) with JetifyTransform
Transforming lifecycle-livedata-2.8.7.aar (androidx.lifecycle:lifecycle-livedata:2.8.7) with ExtractAarTransform
Transforming lifecycle-livedata-2.8.7.aar (androidx.lifecycle:lifecycle-livedata:2.8.7) with AarResourcesCompilerTransform
Transforming lifecycle-livedata-2.8.7.aar (androidx.lifecycle:lifecycle-livedata:2.8.7) with JetifyTransform
Transforming lifecycle-livedata-2.8.7.aar (androidx.lifecycle:lifecycle-livedata:2.8.7) with ExtractAarTransform
Transforming lifecycle-livedata-2.8.7.aar (androidx.lifecycle:lifecycle-livedata:2.8.7) with AarResourcesCompilerTransform
Transforming lifecycle-livedata-core-ktx-2.8.7.aar (androidx.lifecycle:lifecycle-livedata-core-ktx:2.8.7) with JetifyTransform
Transforming lifecycle-livedata-core-ktx-2.8.7.aar (androidx.lifecycle:lifecycle-livedata-core-ktx:2.8.7) with ExtractAarTransform
Transforming lifecycle-livedata-core-ktx-2.8.7.aar (androidx.lifecycle:lifecycle-livedata-core-ktx:2.8.7) with AarResourcesCompilerTransform
Transforming lifecycle-livedata-ktx-2.8.7.aar (androidx.lifecycle:lifecycle-livedata-ktx:2.8.7) with JetifyTransform
Transforming lifecycle-livedata-ktx-2.8.7.aar (androidx.lifecycle:lifecycle-livedata-ktx:2.8.7) with ExtractAarTransform
Transforming lifecycle-livedata-ktx-2.8.7.aar (androidx.lifecycle:lifecycle-livedata-ktx:2.8.7) with AarResourcesCompilerTransform
Transforming lifecycle-viewmodel-ktx-2.8.7.aar (androidx.lifecycle:lifecycle-viewmodel-ktx:2.8.7) with JetifyTransform
Transforming lifecycle-viewmodel-ktx-2.8.7.aar (androidx.lifecycle:lifecycle-viewmodel-ktx:2.8.7) with ExtractAarTransform
Transforming lifecycle-viewmodel-ktx-2.8.7.aar (androidx.lifecycle:lifecycle-viewmodel-ktx:2.8.7) with AarResourcesCompilerTransform
Transforming runtime-saveable-release.aar (androidx.compose.runtime:runtime-saveable-android:1.7.1) with JetifyTransform
Transforming runtime-saveable-release.aar (androidx.compose.runtime:runtime-saveable-android:1.7.1) with ExtractAarTransform
Transforming runtime-saveable-release.aar (androidx.compose.runtime:runtime-saveable-android:1.7.1) with AarResourcesCompilerTransform
Transforming runtime-release.aar (androidx.compose.runtime:runtime-android:1.7.1) with JetifyTransform
Transforming runtime-release.aar (androidx.compose.runtime:runtime-android:1.7.1) with ExtractAarTransform
Transforming runtime-release.aar (androidx.compose.runtime:runtime-android:1.7.1) with AarResourcesCompilerTransform
Transforming ads-adservices-java-1.0.0-beta05.aar (androidx.privacysandbox.ads:ads-adservices-java:1.0.0-beta05) with JetifyTransform
Transforming ads-adservices-java-1.0.0-beta05.aar (androidx.privacysandbox.ads:ads-adservices-java:1.0.0-beta05) with ExtractAarTransform
Transforming ads-adservices-java-1.0.0-beta05.aar (androidx.privacysandbox.ads:ads-adservices-java:1.0.0-beta05) with AarResourcesCompilerTransform
Transforming ads-adservices-1.0.0-beta05.aar (androidx.privacysandbox.ads:ads-adservices:1.0.0-beta05) with JetifyTransform
Transforming ads-adservices-1.0.0-beta05.aar (androidx.privacysandbox.ads:ads-adservices:1.0.0-beta05) with ExtractAarTransform
Transforming ads-adservices-1.0.0-beta05.aar (androidx.privacysandbox.ads:ads-adservices:1.0.0-beta05) with AarResourcesCompilerTransform
Transforming ads-adservices-1.0.0-beta05.aar (androidx.privacysandbox.ads:ads-adservices:1.0.0-beta05) with JetifyTransform
Transforming ads-adservices-1.0.0-beta05.aar (androidx.privacysandbox.ads:ads-adservices:1.0.0-beta05) with ExtractAarTransform
Transforming ads-adservices-1.0.0-beta05.aar (androidx.privacysandbox.ads:ads-adservices:1.0.0-beta05) with AarResourcesCompilerTransform
Transforming firebase-installations-interop-17.1.1.aar (com.google.firebase:firebase-installations-interop:17.1.1) with JetifyTransform
Transforming firebase-installations-interop-17.1.1.aar (com.google.firebase:firebase-installations-interop:17.1.1) with ExtractAarTransform
Transforming firebase-installations-interop-17.1.1.aar (com.google.firebase:firebase-installations-interop:17.1.1) with AarResourcesCompilerTransform
Transforming firebase-installations-interop-17.1.1.aar (com.google.firebase:firebase-installations-interop:17.1.1) with JetifyTransform
Transforming firebase-installations-interop-17.1.1.aar (com.google.firebase:firebase-installations-interop:17.1.1) with ExtractAarTransform
Transforming firebase-installations-interop-17.1.1.aar (com.google.firebase:firebase-installations-interop:17.1.1) with AarResourcesCompilerTransform
Transforming play-services-tasks-18.2.0.aar (com.google.android.gms:play-services-tasks:18.2.0) with JetifyTransform
Transforming play-services-tasks-18.2.0.aar (com.google.android.gms:play-services-tasks:18.2.0) with ExtractAarTransform
Transforming play-services-tasks-18.2.0.aar (com.google.android.gms:play-services-tasks:18.2.0) with AarResourcesCompilerTransform
Transforming play-services-tasks-18.2.0.aar (com.google.android.gms:play-services-tasks:18.2.0) with JetifyTransform
Transforming play-services-tasks-18.2.0.aar (com.google.android.gms:play-services-tasks:18.2.0) with ExtractAarTransform
Transforming play-services-tasks-18.2.0.aar (com.google.android.gms:play-services-tasks:18.2.0) with AarResourcesCompilerTransform
Transforming play-services-tasks-18.2.0.aar (com.google.android.gms:play-services-tasks:18.2.0) with JetifyTransform
Transforming play-services-tasks-18.2.0.aar (com.google.android.gms:play-services-tasks:18.2.0) with ExtractAarTransform
Transforming play-services-tasks-18.2.0.aar (com.google.android.gms:play-services-tasks:18.2.0) with AarResourcesCompilerTransform
Transforming play-services-tasks-18.2.0.aar (com.google.android.gms:play-services-tasks:18.2.0) with JetifyTransform
Transforming play-services-tasks-18.2.0.aar (com.google.android.gms:play-services-tasks:18.2.0) with ExtractAarTransform
Transforming play-services-tasks-18.2.0.aar (com.google.android.gms:play-services-tasks:18.2.0) with AarResourcesCompilerTransform
Transforming play-services-tasks-18.2.0.aar (com.google.android.gms:play-services-tasks:18.2.0) with JetifyTransform
Transforming play-services-tasks-18.2.0.aar (com.google.android.gms:play-services-tasks:18.2.0) with ExtractAarTransform
Transforming play-services-tasks-18.2.0.aar (com.google.android.gms:play-services-tasks:18.2.0) with AarResourcesCompilerTransform
Transforming play-services-tasks-18.2.0.aar (com.google.android.gms:play-services-tasks:18.2.0) with JetifyTransform
Transforming play-services-tasks-18.2.0.aar (com.google.android.gms:play-services-tasks:18.2.0) with ExtractAarTransform
Transforming play-services-tasks-18.2.0.aar (com.google.android.gms:play-services-tasks:18.2.0) with AarResourcesCompilerTransform
Transforming play-services-tasks-18.2.0.aar (com.google.android.gms:play-services-tasks:18.2.0) with JetifyTransform
Transforming play-services-tasks-18.2.0.aar (com.google.android.gms:play-services-tasks:18.2.0) with ExtractAarTransform
Transforming play-services-tasks-18.2.0.aar (com.google.android.gms:play-services-tasks:18.2.0) with AarResourcesCompilerTransform
Transforming play-services-tasks-18.2.0.aar (com.google.android.gms:play-services-tasks:18.2.0) with JetifyTransform
Transforming play-services-tasks-18.2.0.aar (com.google.android.gms:play-services-tasks:18.2.0) with ExtractAarTransform
Transforming play-services-tasks-18.2.0.aar (com.google.android.gms:play-services-tasks:18.2.0) with AarResourcesCompilerTransform
Transforming play-services-tasks-18.2.0.aar (com.google.android.gms:play-services-tasks:18.2.0) with JetifyTransform
Transforming play-services-tasks-18.2.0.aar (com.google.android.gms:play-services-tasks:18.2.0) with ExtractAarTransform
Transforming play-services-tasks-18.2.0.aar (com.google.android.gms:play-services-tasks:18.2.0) with AarResourcesCompilerTransform
Transforming firebase-measurement-connector-19.0.0.aar (com.google.firebase:firebase-measurement-connector:19.0.0) with JetifyTransform
Transforming firebase-measurement-connector-19.0.0.aar (com.google.firebase:firebase-measurement-connector:19.0.0) with ExtractAarTransform
Transforming firebase-measurement-connector-19.0.0.aar (com.google.firebase:firebase-measurement-connector:19.0.0) with AarResourcesCompilerTransform
Transforming play-services-basement-18.4.0.aar (com.google.android.gms:play-services-basement:18.4.0) with JetifyTransform
Transforming play-services-basement-18.4.0.aar (com.google.android.gms:play-services-basement:18.4.0) with ExtractAarTransform
Transforming play-services-basement-18.4.0.aar (com.google.android.gms:play-services-basement:18.4.0) with AarResourcesCompilerTransform
Transforming play-services-basement-18.4.0.aar (com.google.android.gms:play-services-basement:18.4.0) with JetifyTransform
Transforming play-services-basement-18.4.0.aar (com.google.android.gms:play-services-basement:18.4.0) with ExtractAarTransform
Transforming play-services-basement-18.4.0.aar (com.google.android.gms:play-services-basement:18.4.0) with AarResourcesCompilerTransform
Transforming play-services-basement-18.4.0.aar (com.google.android.gms:play-services-basement:18.4.0) with JetifyTransform
Transforming play-services-basement-18.4.0.aar (com.google.android.gms:play-services-basement:18.4.0) with ExtractAarTransform
Transforming play-services-basement-18.4.0.aar (com.google.android.gms:play-services-basement:18.4.0) with AarResourcesCompilerTransform
Transforming play-services-basement-18.4.0.aar (com.google.android.gms:play-services-basement:18.4.0) with JetifyTransform
Transforming play-services-basement-18.4.0.aar (com.google.android.gms:play-services-basement:18.4.0) with ExtractAarTransform
Transforming play-services-basement-18.4.0.aar (com.google.android.gms:play-services-basement:18.4.0) with AarResourcesCompilerTransform
Transforming play-services-basement-18.4.0.aar (com.google.android.gms:play-services-basement:18.4.0) with JetifyTransform
Transforming play-services-basement-18.4.0.aar (com.google.android.gms:play-services-basement:18.4.0) with ExtractAarTransform
Transforming play-services-basement-18.4.0.aar (com.google.android.gms:play-services-basement:18.4.0) with AarResourcesCompilerTransform
Transforming play-services-basement-18.4.0.aar (com.google.android.gms:play-services-basement:18.4.0) with JetifyTransform
Transforming play-services-basement-18.4.0.aar (com.google.android.gms:play-services-basement:18.4.0) with ExtractAarTransform
Transforming play-services-basement-18.4.0.aar (com.google.android.gms:play-services-basement:18.4.0) with AarResourcesCompilerTransform
Transforming play-services-basement-18.4.0.aar (com.google.android.gms:play-services-basement:18.4.0) with JetifyTransform
Transforming play-services-basement-18.4.0.aar (com.google.android.gms:play-services-basement:18.4.0) with ExtractAarTransform
Transforming play-services-basement-18.4.0.aar (com.google.android.gms:play-services-basement:18.4.0) with AarResourcesCompilerTransform
Transforming play-services-basement-18.4.0.aar (com.google.android.gms:play-services-basement:18.4.0) with JetifyTransform
Transforming play-services-basement-18.4.0.aar (com.google.android.gms:play-services-basement:18.4.0) with ExtractAarTransform
Transforming play-services-basement-18.4.0.aar (com.google.android.gms:play-services-basement:18.4.0) with AarResourcesCompilerTransform
Transforming play-services-basement-18.4.0.aar (com.google.android.gms:play-services-basement:18.4.0) with JetifyTransform
Transforming play-services-basement-18.4.0.aar (com.google.android.gms:play-services-basement:18.4.0) with ExtractAarTransform
Transforming play-services-basement-18.4.0.aar (com.google.android.gms:play-services-basement:18.4.0) with AarResourcesCompilerTransform
Transforming play-services-basement-18.4.0.aar (com.google.android.gms:play-services-basement:18.4.0) with JetifyTransform
Transforming play-services-basement-18.4.0.aar (com.google.android.gms:play-services-basement:18.4.0) with ExtractAarTransform
Transforming play-services-basement-18.4.0.aar (com.google.android.gms:play-services-basement:18.4.0) with AarResourcesCompilerTransform
Transforming play-services-basement-18.4.0.aar (com.google.android.gms:play-services-basement:18.4.0) with JetifyTransform
Transforming play-services-basement-18.4.0.aar (com.google.android.gms:play-services-basement:18.4.0) with ExtractAarTransform
Transforming play-services-basement-18.4.0.aar (com.google.android.gms:play-services-basement:18.4.0) with AarResourcesCompilerTransform
Transforming play-services-basement-18.4.0.aar (com.google.android.gms:play-services-basement:18.4.0) with JetifyTransform
Transforming play-services-basement-18.4.0.aar (com.google.android.gms:play-services-basement:18.4.0) with ExtractAarTransform
Transforming play-services-basement-18.4.0.aar (com.google.android.gms:play-services-basement:18.4.0) with AarResourcesCompilerTransform
Transforming play-services-basement-18.4.0.aar (com.google.android.gms:play-services-basement:18.4.0) with JetifyTransform
Transforming play-services-basement-18.4.0.aar (com.google.android.gms:play-services-basement:18.4.0) with ExtractAarTransform
Transforming play-services-basement-18.4.0.aar (com.google.android.gms:play-services-basement:18.4.0) with AarResourcesCompilerTransform
Transforming play-services-basement-18.4.0.aar (com.google.android.gms:play-services-basement:18.4.0) with JetifyTransform
Transforming play-services-basement-18.4.0.aar (com.google.android.gms:play-services-basement:18.4.0) with ExtractAarTransform
Transforming play-services-basement-18.4.0.aar (com.google.android.gms:play-services-basement:18.4.0) with AarResourcesCompilerTransform
Transforming fragment-1.8.5.aar (androidx.fragment:fragment:1.8.5) with JetifyTransform
Transforming fragment-1.8.5.aar (androidx.fragment:fragment:1.8.5) with ExtractAarTransform
Transforming fragment-1.8.5.aar (androidx.fragment:fragment:1.8.5) with AarResourcesCompilerTransform
Transforming fragment-1.8.5.aar (androidx.fragment:fragment:1.8.5) with JetifyTransform
Transforming fragment-1.8.5.aar (androidx.fragment:fragment:1.8.5) with ExtractAarTransform
Transforming fragment-1.8.5.aar (androidx.fragment:fragment:1.8.5) with AarResourcesCompilerTransform
Transforming fragment-1.8.5.aar (androidx.fragment:fragment:1.8.5) with JetifyTransform
Transforming fragment-1.8.5.aar (androidx.fragment:fragment:1.8.5) with ExtractAarTransform
Transforming fragment-1.8.5.aar (androidx.fragment:fragment:1.8.5) with AarResourcesCompilerTransform
Transforming fragment-ktx-1.8.5.aar (androidx.fragment:fragment-ktx:1.8.5) with JetifyTransform
Transforming fragment-ktx-1.8.5.aar (androidx.fragment:fragment-ktx:1.8.5) with ExtractAarTransform
Transforming fragment-ktx-1.8.5.aar (androidx.fragment:fragment-ktx:1.8.5) with AarResourcesCompilerTransform
Transforming activity-ktx-1.9.3.aar (androidx.activity:activity-ktx:1.9.3) with JetifyTransform
Transforming activity-ktx-1.9.3.aar (androidx.activity:activity-ktx:1.9.3) with ExtractAarTransform
Transforming activity-ktx-1.9.3.aar (androidx.activity:activity-ktx:1.9.3) with AarResourcesCompilerTransform
Transforming customview-poolingcontainer-1.0.0.aar (androidx.customview:customview-poolingcontainer:1.0.0) with JetifyTransform
Transforming customview-poolingcontainer-1.0.0.aar (androidx.customview:customview-poolingcontainer:1.0.0) with ExtractAarTransform
Transforming customview-poolingcontainer-1.0.0.aar (androidx.customview:customview-poolingcontainer:1.0.0) with AarResourcesCompilerTransform
Transforming core-ktx-1.13.1.aar (androidx.core:core-ktx:1.13.1) with JetifyTransform
Transforming core-ktx-1.13.1.aar (androidx.core:core-ktx:1.13.1) with ExtractAarTransform
Transforming core-ktx-1.13.1.aar (androidx.core:core-ktx:1.13.1) with AarResourcesCompilerTransform
Transforming sqlite-framework-2.4.0.aar (androidx.sqlite:sqlite-framework:2.4.0) with JetifyTransform
Transforming sqlite-framework-2.4.0.aar (androidx.sqlite:sqlite-framework:2.4.0) with ExtractAarTransform
Transforming sqlite-framework-2.4.0.aar (androidx.sqlite:sqlite-framework:2.4.0) with AarResourcesCompilerTransform
Transforming sqlite-2.4.0.aar (androidx.sqlite:sqlite:2.4.0) with JetifyTransform
Transforming sqlite-2.4.0.aar (androidx.sqlite:sqlite:2.4.0) with ExtractAarTransform
Transforming sqlite-2.4.0.aar (androidx.sqlite:sqlite:2.4.0) with AarResourcesCompilerTransform
Transforming security-crypto-1.1.0-alpha06.aar (androidx.security:security-crypto:1.1.0-alpha06) with JetifyTransform
Transforming security-crypto-1.1.0-alpha06.aar (androidx.security:security-crypto:1.1.0-alpha06) with ExtractAarTransform
Transforming security-crypto-1.1.0-alpha06.aar (androidx.security:security-crypto:1.1.0-alpha06) with AarResourcesCompilerTransform
Transforming cursoradapter-1.0.0.aar (androidx.cursoradapter:cursoradapter:1.0.0) with JetifyTransform
Transforming cursoradapter-1.0.0.aar (androidx.cursoradapter:cursoradapter:1.0.0) with ExtractAarTransform
Transforming cursoradapter-1.0.0.aar (androidx.cursoradapter:cursoradapter:1.0.0) with AarResourcesCompilerTransform
Transforming profileinstaller-1.3.1.aar (androidx.profileinstaller:profileinstaller:1.3.1) with JetifyTransform
Transforming profileinstaller-1.3.1.aar (androidx.profileinstaller:profileinstaller:1.3.1) with ExtractAarTransform
Transforming profileinstaller-1.3.1.aar (androidx.profileinstaller:profileinstaller:1.3.1) with AarResourcesCompilerTransform
Transforming cardview-1.0.0.aar (androidx.cardview:cardview:1.0.0) with JetifyTransform
Transforming cardview-1.0.0.aar (androidx.cardview:cardview:1.0.0) with ExtractAarTransform
Transforming cardview-1.0.0.aar (androidx.cardview:cardview:1.0.0) with AarResourcesCompilerTransform
Transforming core-runtime-2.2.0.aar (androidx.arch.core:core-runtime:2.2.0) with JetifyTransform
Transforming core-runtime-2.2.0.aar (androidx.arch.core:core-runtime:2.2.0) with ExtractAarTransform
Transforming core-runtime-2.2.0.aar (androidx.arch.core:core-runtime:2.2.0) with AarResourcesCompilerTransform
Transforming gifdecoder-4.16.0.aar (com.github.bumptech.glide:gifdecoder:4.16.0) with JetifyTransform
Transforming gifdecoder-4.16.0.aar (com.github.bumptech.glide:gifdecoder:4.16.0) with ExtractAarTransform
Transforming gifdecoder-4.16.0.aar (com.github.bumptech.glide:gifdecoder:4.16.0) with AarResourcesCompilerTransform
Transforming startup-runtime-1.1.1.aar (androidx.startup:startup-runtime:1.1.1) with JetifyTransform
Transforming startup-runtime-1.1.1.aar (androidx.startup:startup-runtime:1.1.1) with ExtractAarTransform
Transforming startup-runtime-1.1.1.aar (androidx.startup:startup-runtime:1.1.1) with AarResourcesCompilerTransform
Transforming tracing-1.0.0.aar (androidx.tracing:tracing:1.0.0) with JetifyTransform
Transforming tracing-1.0.0.aar (androidx.tracing:tracing:1.0.0) with ExtractAarTransform
Transforming tracing-1.0.0.aar (androidx.tracing:tracing:1.0.0) with AarResourcesCompilerTransform
Transforming firebase-components-18.0.0.aar (com.google.firebase:firebase-components:18.0.0) with JetifyTransform
Transforming firebase-components-18.0.0.aar (com.google.firebase:firebase-components:18.0.0) with ExtractAarTransform
Transforming firebase-components-18.0.0.aar (com.google.firebase:firebase-components:18.0.0) with AarResourcesCompilerTransform
Transforming firebase-components-18.0.0.aar (com.google.firebase:firebase-components:18.0.0) with JetifyTransform
Transforming firebase-components-18.0.0.aar (com.google.firebase:firebase-components:18.0.0) with ExtractAarTransform
Transforming firebase-components-18.0.0.aar (com.google.firebase:firebase-components:18.0.0) with AarResourcesCompilerTransform
Transforming firebase-components-18.0.0.aar (com.google.firebase:firebase-components:18.0.0) with JetifyTransform
Transforming firebase-components-18.0.0.aar (com.google.firebase:firebase-components:18.0.0) with ExtractAarTransform
Transforming firebase-components-18.0.0.aar (com.google.firebase:firebase-components:18.0.0) with AarResourcesCompilerTransform
Transforming firebase-components-18.0.0.aar (com.google.firebase:firebase-components:18.0.0) with JetifyTransform
Transforming firebase-components-18.0.0.aar (com.google.firebase:firebase-components:18.0.0) with ExtractAarTransform
Transforming firebase-components-18.0.0.aar (com.google.firebase:firebase-components:18.0.0) with AarResourcesCompilerTransform
Transforming firebase-components-18.0.0.aar (com.google.firebase:firebase-components:18.0.0) with JetifyTransform
Transforming firebase-components-18.0.0.aar (com.google.firebase:firebase-components:18.0.0) with ExtractAarTransform
Transforming firebase-components-18.0.0.aar (com.google.firebase:firebase-components:18.0.0) with AarResourcesCompilerTransform
Transforming firebase-components-18.0.0.aar (com.google.firebase:firebase-components:18.0.0) with JetifyTransform
Transforming firebase-components-18.0.0.aar (com.google.firebase:firebase-components:18.0.0) with ExtractAarTransform
Transforming firebase-components-18.0.0.aar (com.google.firebase:firebase-components:18.0.0) with AarResourcesCompilerTransform
Transforming firebase-components-18.0.0.aar (com.google.firebase:firebase-components:18.0.0) with JetifyTransform
Transforming firebase-components-18.0.0.aar (com.google.firebase:firebase-components:18.0.0) with ExtractAarTransform
Transforming firebase-components-18.0.0.aar (com.google.firebase:firebase-components:18.0.0) with AarResourcesCompilerTransform
Transforming interpolator-1.0.0.aar (androidx.interpolator:interpolator:1.0.0) with JetifyTransform
Transforming interpolator-1.0.0.aar (androidx.interpolator:interpolator:1.0.0) with ExtractAarTransform
Transforming interpolator-1.0.0.aar (androidx.interpolator:interpolator:1.0.0) with AarResourcesCompilerTransform
Transforming interpolator-1.0.0.aar (androidx.interpolator:interpolator:1.0.0) with JetifyTransform
Transforming interpolator-1.0.0.aar (androidx.interpolator:interpolator:1.0.0) with ExtractAarTransform
Transforming interpolator-1.0.0.aar (androidx.interpolator:interpolator:1.0.0) with AarResourcesCompilerTransform
Transforming versionedparcelable-1.1.1.aar (androidx.versionedparcelable:versionedparcelable:1.1.1) with JetifyTransform
Transforming versionedparcelable-1.1.1.aar (androidx.versionedparcelable:versionedparcelable:1.1.1) with ExtractAarTransform
Transforming versionedparcelable-1.1.1.aar (androidx.versionedparcelable:versionedparcelable:1.1.1) with AarResourcesCompilerTransform
Transforming documentfile-1.0.0.aar (androidx.documentfile:documentfile:1.0.0) with JetifyTransform
Transforming documentfile-1.0.0.aar (androidx.documentfile:documentfile:1.0.0) with ExtractAarTransform
Transforming documentfile-1.0.0.aar (androidx.documentfile:documentfile:1.0.0) with AarResourcesCompilerTransform
Transforming localbroadcastmanager-1.0.0.aar (androidx.localbroadcastmanager:localbroadcastmanager:1.0.0) with JetifyTransform
Transforming localbroadcastmanager-1.0.0.aar (androidx.localbroadcastmanager:localbroadcastmanager:1.0.0) with ExtractAarTransform
Transforming localbroadcastmanager-1.0.0.aar (androidx.localbroadcastmanager:localbroadcastmanager:1.0.0) with AarResourcesCompilerTransform
Transforming print-1.0.0.aar (androidx.print:print:1.0.0) with JetifyTransform
Transforming print-1.0.0.aar (androidx.print:print:1.0.0) with ExtractAarTransform
Transforming print-1.0.0.aar (androidx.print:print:1.0.0) with AarResourcesCompilerTransform
Transforming exifinterface-1.3.7.aar (androidx.exifinterface:exifinterface:1.3.7) with JetifyTransform
Transforming exifinterface-1.3.7.aar (androidx.exifinterface:exifinterface:1.3.7) with ExtractAarTransform
Transforming exifinterface-1.3.7.aar (androidx.exifinterface:exifinterface:1.3.7) with AarResourcesCompilerTransform
Transforming annotation-experimental-1.4.1.aar (androidx.annotation:annotation-experimental:1.4.1) with JetifyTransform
Transforming annotation-experimental-1.4.1.aar (androidx.annotation:annotation-experimental:1.4.1) with ExtractAarTransform
Transforming annotation-experimental-1.4.1.aar (androidx.annotation:annotation-experimental:1.4.1) with AarResourcesCompilerTransform
Transforming multidex-2.0.1.aar (androidx.multidex:multidex:2.0.1) with JetifyTransform
Transforming multidex-2.0.1.aar (androidx.multidex:multidex:2.0.1) with ExtractAarTransform
Transforming multidex-2.0.1.aar (androidx.multidex:multidex:2.0.1) with AarResourcesCompilerTransform
Transforming grpc-android-1.57.2.aar (io.grpc:grpc-android:1.57.2) with JetifyTransform
Transforming grpc-android-1.57.2.aar (io.grpc:grpc-android:1.57.2) with ExtractAarTransform
Transforming grpc-android-1.57.2.aar (io.grpc:grpc-android:1.57.2) with AarResourcesCompilerTransform
Transforming zxing-android-embedded-4.3.0.aar (com.journeyapps:zxing-android-embedded:4.3.0) with JetifyTransform
Transforming zxing-android-embedded-4.3.0.aar (com.journeyapps:zxing-android-embedded:4.3.0) with ExtractAarTransform
Transforming zxing-android-embedded-4.3.0.aar (com.journeyapps:zxing-android-embedded:4.3.0) with AarResourcesCompilerTransform
Transforming dagger-lint-aar-2.51.1.aar (com.google.dagger:dagger-lint-aar:2.51.1) with JetifyTransform
Transforming dagger-lint-aar-2.51.1.aar (com.google.dagger:dagger-lint-aar:2.51.1) with ExtractAarTransform
Transforming dagger-lint-aar-2.51.1.aar (com.google.dagger:dagger-lint-aar:2.51.1) with AarResourcesCompilerTransform
Transforming protolite-well-known-types-18.0.0.aar (com.google.firebase:protolite-well-known-types:18.0.0) with JetifyTransform
Transforming protolite-well-known-types-18.0.0.aar (com.google.firebase:protolite-well-known-types:18.0.0) with ExtractAarTransform
Transforming protolite-well-known-types-18.0.0.aar (com.google.firebase:protolite-well-known-types:18.0.0) with AarResourcesCompilerTransform
Build cache key for task ':app:processDebugResources' is b4923fb8fdade9f323ee3f8d528957cb
Skipping task ':app:processDebugResources' as it is up-to-date.
Resolve mutations for :app:kaptGenerateStubsDebugKotlin (Thread[#73,Execution worker,5,main]) started.
:app:kaptGenerateStubsDebugKotlin (Thread[#73,Execution worker,5,main]) started.

> Task :app:kaptGenerateStubsDebugKotlin UP-TO-DATE
Transforming javapoet-1.13.0.jar (com.squareup:javapoet:1.13.0) with JetifyTransform
Transforming kotlin-stdlib-1.9.20.jar (org.jetbrains.kotlin:kotlin-stdlib:1.9.20) with JetifyTransform
Transforming room-migration-2.6.1.jar (androidx.room:room-migration:2.6.1) with JetifyTransform
Transforming jsr305-3.0.2.jar (com.google.code.findbugs:jsr305:3.0.2) with JetifyTransform
Transforming javax.inject-1.jar (javax.inject:javax.inject:1) with JetifyTransform
Transforming listenablefuture-9999.0-empty-to-avoid-conflict-with-guava.jar (com.google.guava:listenablefuture:9999.0-empty-to-avoid-conflict-with-guava) with JetifyTransform
Transforming room-compiler-processing-2.6.1.jar (androidx.room:room-compiler-processing:2.6.1) with JetifyTransform
Transforming room-common-2.6.1.jar (androidx.room:room-common:2.6.1) with JetifyTransform
Transforming hilt-compiler-1.2.0.jar (androidx.hilt:hilt-compiler:1.2.0) with JetifyTransform
Transforming room-compiler-2.6.1.jar (androidx.room:room-compiler:2.6.1) with JetifyTransform
Transforming compiler-4.16.0.jar (com.github.bumptech.glide:compiler:4.16.0) with JetifyTransform
Transforming hilt-compiler-2.51.1.jar (com.google.dagger:hilt-compiler:2.51.1) with JetifyTransform
Transforming dagger-compiler-2.51.1.jar (com.google.dagger:dagger-compiler:2.51.1) with JetifyTransform
Transforming auto-common-0.11.jar (com.google.auto:auto-common:0.11) with JetifyTransform
Transforming auto-value-annotations-1.6.3.jar (com.google.auto.value:auto-value-annotations:1.6.3) with JetifyTransform
Transforming dagger-spi-2.51.1.jar (com.google.dagger:dagger-spi:2.51.1) with JetifyTransform
Transforming symbol-processing-api-1.9.22-1.0.17.jar (com.google.devtools.ksp:symbol-processing-api:1.9.22-1.0.17) with JetifyTransform
Transforming annotations-12.0.jar (com.intellij:annotations:12.0) with JetifyTransform
Transforming kotlinpoet-javapoet-1.14.2.jar (com.squareup:kotlinpoet-javapoet:1.14.2) with JetifyTransform
Transforming kotlinpoet-1.14.2.jar (com.squareup:kotlinpoet:1.14.2) with JetifyTransform
Transforming commons-codec-1.15.jar (commons-codec:commons-codec:1.15) with JetifyTransform
Transforming kotlin-reflect-1.8.21.jar (org.jetbrains.kotlin:kotlin-reflect:1.8.21) with JetifyTransform
Transforming kotlin-stdlib-jdk8-1.9.0.jar (org.jetbrains.kotlin:kotlin-stdlib-jdk8:1.9.0) with JetifyTransform
Transforming kotlin-stdlib-jdk7-1.9.0.jar (org.jetbrains.kotlin:kotlin-stdlib-jdk7:1.9.0) with JetifyTransform
Transforming sqlite-jdbc-3.41.2.2.jar (org.xerial:sqlite-jdbc:3.41.2.2) with JetifyTransform
Transforming annotations-4.16.0.jar (com.github.bumptech.glide:annotations:4.16.0) with JetifyTransform
Transforming dagger-2.51.1.jar (com.google.dagger:dagger:2.51.1) with JetifyTransform
Transforming google-java-format-1.5.jar (com.google.googlejavaformat:google-java-format:1.5) with JetifyTransform
Transforming guava-33.0.0-jre.jar (com.google.guava:guava:33.0.0-jre) with JetifyTransform
Transforming failureaccess-1.0.2.jar (com.google.guava:failureaccess:1.0.2) with JetifyTransform
Transforming incap-0.2.jar (net.ltgt.gradle.incap:incap:0.2) with JetifyTransform
Transforming annotation-1.3.0.jar (androidx.annotation:annotation:1.3.0) with JetifyTransform
Transforming checker-compat-qual-2.5.5.jar (org.checkerframework:checker-compat-qual:2.5.5) with JetifyTransform
Transforming gson-2.9.0.jar (com.google.code.gson:gson:2.9.0) with JetifyTransform
Transforming annotations-13.0.jar (org.jetbrains:annotations:13.0) with JetifyTransform
Transforming checker-qual-3.41.0.jar (org.checkerframework:checker-qual:3.41.0) with JetifyTransform
Transforming error_prone_annotations-2.23.0.jar (com.google.errorprone:error_prone_annotations:2.23.0) with JetifyTransform
Transforming javac-shaded-9-dev-r4023-3.jar (com.google.errorprone:javac-shaded:9-dev-r4023-3) with JetifyTransform
Transforming viewbinding-8.7.1.aar (androidx.databinding:viewbinding:8.7.1) with JetifyTransform
Transforming viewbinding-8.7.1.aar (androidx.databinding:viewbinding:8.7.1) with AarToClassTransform
Transforming preference-ktx-1.2.1.aar (androidx.preference:preference-ktx:1.2.1) with JetifyTransform
Transforming preference-ktx-1.2.1.aar (androidx.preference:preference-ktx:1.2.1) with AarToClassTransform
Transforming material-1.12.0.aar (com.google.android.material:material:1.12.0) with JetifyTransform
Transforming material-1.12.0.aar (com.google.android.material:material:1.12.0) with AarToClassTransform
Transforming kotlin-parcelize-runtime-1.9.25.jar (org.jetbrains.kotlin:kotlin-parcelize-runtime:1.9.25) with JetifyTransform
Transforming appcompat-resources-1.7.0.aar (androidx.appcompat:appcompat-resources:1.7.0) with JetifyTransform
Transforming appcompat-resources-1.7.0.aar (androidx.appcompat:appcompat-resources:1.7.0) with AarToClassTransform
Transforming preference-1.2.1.aar (androidx.preference:preference:1.2.1) with JetifyTransform
Transforming preference-1.2.1.aar (androidx.preference:preference:1.2.1) with AarToClassTransform
Transforming appcompat-1.7.0.aar (androidx.appcompat:appcompat:1.7.0) with JetifyTransform
Transforming appcompat-1.7.0.aar (androidx.appcompat:appcompat:1.7.0) with AarToClassTransform
Transforming glide-4.16.0.aar (com.github.bumptech.glide:glide:4.16.0) with JetifyTransform
Transforming glide-4.16.0.aar (com.github.bumptech.glide:glide:4.16.0) with AarToClassTransform
Transforming hilt-work-1.2.0.aar (androidx.hilt:hilt-work:1.2.0) with JetifyTransform
Transforming hilt-work-1.2.0.aar (androidx.hilt:hilt-work:1.2.0) with AarToClassTransform
Transforming hilt-android-2.51.1.aar (com.google.dagger:hilt-android:2.51.1) with JetifyTransform
Transforming hilt-android-2.51.1.aar (com.google.dagger:hilt-android:2.51.1) with AarToClassTransform
Transforming viewpager2-1.1.0-beta02.aar (androidx.viewpager2:viewpager2:1.1.0-beta02) with JetifyTransform
Transforming viewpager2-1.1.0-beta02.aar (androidx.viewpager2:viewpager2:1.1.0-beta02) with AarToClassTransform
Transforming firebase-firestore-ktx-25.0.0.aar (com.google.firebase:firebase-firestore-ktx:25.0.0) with JetifyTransform
Transforming firebase-firestore-ktx-25.0.0.aar (com.google.firebase:firebase-firestore-ktx:25.0.0) with AarToClassTransform
Transforming firebase-firestore-25.0.0.aar (com.google.firebase:firebase-firestore:25.0.0) with JetifyTransform
Transforming firebase-firestore-25.0.0.aar (com.google.firebase:firebase-firestore:25.0.0) with AarToClassTransform
Transforming firebase-appcheck-interop-17.0.0.aar (com.google.firebase:firebase-appcheck-interop:17.0.0) with JetifyTransform
Transforming firebase-appcheck-interop-17.0.0.aar (com.google.firebase:firebase-appcheck-interop:17.0.0) with AarToClassTransform
Transforming firebase-auth-interop-19.0.2.aar (com.google.firebase:firebase-auth-interop:19.0.2) with JetifyTransform
Transforming firebase-auth-interop-19.0.2.aar (com.google.firebase:firebase-auth-interop:19.0.2) with AarToClassTransform
Transforming firebase-analytics-ktx-22.0.2.aar (com.google.firebase:firebase-analytics-ktx:22.0.2) with JetifyTransform
Transforming firebase-analytics-ktx-22.0.2.aar (com.google.firebase:firebase-analytics-ktx:22.0.2) with AarToClassTransform
Transforming firebase-analytics-22.0.2.aar (com.google.firebase:firebase-analytics:22.0.2) with JetifyTransform
Transforming firebase-analytics-22.0.2.aar (com.google.firebase:firebase-analytics:22.0.2) with AarToClassTransform
Transforming play-services-measurement-api-22.0.2.aar (com.google.android.gms:play-services-measurement-api:22.0.2) with JetifyTransform
Transforming play-services-measurement-api-22.0.2.aar (com.google.android.gms:play-services-measurement-api:22.0.2) with AarToClassTransform
Transforming firebase-installations-18.0.0.aar (com.google.firebase:firebase-installations:18.0.0) with JetifyTransform
Transforming firebase-installations-18.0.0.aar (com.google.firebase:firebase-installations:18.0.0) with AarToClassTransform
Transforming firebase-common-ktx-21.0.0.aar (com.google.firebase:firebase-common-ktx:21.0.0) with JetifyTransform
Transforming firebase-common-ktx-21.0.0.aar (com.google.firebase:firebase-common-ktx:21.0.0) with AarToClassTransform
Transforming firebase-common-ktx-21.0.0.aar (com.google.firebase:firebase-common-ktx:21.0.0) with JetifyTransform
Transforming firebase-common-ktx-21.0.0.aar (com.google.firebase:firebase-common-ktx:21.0.0) with AarToClassTransform
Transforming firebase-common-ktx-21.0.0.aar (com.google.firebase:firebase-common-ktx:21.0.0) with JetifyTransform
Transforming firebase-common-ktx-21.0.0.aar (com.google.firebase:firebase-common-ktx:21.0.0) with AarToClassTransform
Transforming firebase-common-ktx-21.0.0.aar (com.google.firebase:firebase-common-ktx:21.0.0) with JetifyTransform
Transforming firebase-common-ktx-21.0.0.aar (com.google.firebase:firebase-common-ktx:21.0.0) with AarToClassTransform
Transforming firebase-common-ktx-21.0.0.aar (com.google.firebase:firebase-common-ktx:21.0.0) with JetifyTransform
Transforming firebase-common-ktx-21.0.0.aar (com.google.firebase:firebase-common-ktx:21.0.0) with AarToClassTransform
Transforming firebase-common-21.0.0.aar (com.google.firebase:firebase-common:21.0.0) with JetifyTransform
Transforming firebase-common-21.0.0.aar (com.google.firebase:firebase-common:21.0.0) with AarToClassTransform
Transforming firebase-common-21.0.0.aar (com.google.firebase:firebase-common:21.0.0) with JetifyTransform
Transforming firebase-common-21.0.0.aar (com.google.firebase:firebase-common:21.0.0) with AarToClassTransform
Transforming firebase-common-21.0.0.aar (com.google.firebase:firebase-common:21.0.0) with JetifyTransform
Transforming firebase-common-21.0.0.aar (com.google.firebase:firebase-common:21.0.0) with AarToClassTransform
Transforming firebase-common-21.0.0.aar (com.google.firebase:firebase-common:21.0.0) with JetifyTransform
Transforming firebase-common-21.0.0.aar (com.google.firebase:firebase-common:21.0.0) with AarToClassTransform
Transforming firebase-common-21.0.0.aar (com.google.firebase:firebase-common:21.0.0) with JetifyTransform
Transforming firebase-common-21.0.0.aar (com.google.firebase:firebase-common:21.0.0) with AarToClassTransform
Transforming firebase-common-21.0.0.aar (com.google.firebase:firebase-common:21.0.0) with JetifyTransform
Transforming firebase-common-21.0.0.aar (com.google.firebase:firebase-common:21.0.0) with AarToClassTransform
Transforming room-common-2.6.1.jar (androidx.room:room-common:2.6.1) with JetifyTransform
Transforming room-common-2.6.1.jar (androidx.room:room-common:2.6.1) with IdentityTransform
Transforming room-ktx-2.6.1.aar (androidx.room:room-ktx:2.6.1) with JetifyTransform
Transforming room-ktx-2.6.1.aar (androidx.room:room-ktx:2.6.1) with AarToClassTransform
Transforming room-runtime-2.6.1.aar (androidx.room:room-runtime:2.6.1) with JetifyTransform
Transforming room-runtime-2.6.1.aar (androidx.room:room-runtime:2.6.1) with AarToClassTransform
Transforming room-paging-2.6.1.aar (androidx.room:room-paging:2.6.1) with JetifyTransform
Transforming room-paging-2.6.1.aar (androidx.room:room-paging:2.6.1) with AarToClassTransform
Transforming paging-common-release.aar (androidx.paging:paging-common-android:3.3.2) with JetifyTransform
Transforming paging-common-release.aar (androidx.paging:paging-common-android:3.3.2) with AarToClassTransform
Transforming paging-runtime-ktx-3.3.2.aar (androidx.paging:paging-runtime-ktx:3.3.2) with JetifyTransform
Transforming paging-runtime-ktx-3.3.2.aar (androidx.paging:paging-runtime-ktx:3.3.2) with AarToClassTransform
Transforming paging-runtime-3.3.2.aar (androidx.paging:paging-runtime:3.3.2) with JetifyTransform
Transforming paging-runtime-3.3.2.aar (androidx.paging:paging-runtime:3.3.2) with AarToClassTransform
Transforming activity-compose-1.9.3.aar (androidx.activity:activity-compose:1.9.3) with JetifyTransform
Transforming activity-compose-1.9.3.aar (androidx.activity:activity-compose:1.9.3) with AarToClassTransform
Transforming material3-release.aar (androidx.compose.material3:material3-android:1.2.0) with JetifyTransform
Transforming material3-release.aar (androidx.compose.material3:material3-android:1.2.0) with AarToClassTransform
Transforming ui-util-release.aar (androidx.compose.ui:ui-util-android:1.6.2) with JetifyTransform
Transforming ui-util-release.aar (androidx.compose.ui:ui-util-android:1.6.2) with AarToClassTransform
Transforming ui-unit-release.aar (androidx.compose.ui:ui-unit-android:1.6.2) with JetifyTransform
Transforming ui-unit-release.aar (androidx.compose.ui:ui-unit-android:1.6.2) with AarToClassTransform
Transforming ui-text-release.aar (androidx.compose.ui:ui-text-android:1.6.2) with JetifyTransform
Transforming ui-text-release.aar (androidx.compose.ui:ui-text-android:1.6.2) with AarToClassTransform
Transforming coil-compose-2.6.0.aar (io.coil-kt:coil-compose:2.6.0) with JetifyTransform
Transforming coil-compose-2.6.0.aar (io.coil-kt:coil-compose:2.6.0) with AarToClassTransform
Transforming coil-compose-base-2.6.0.aar (io.coil-kt:coil-compose-base:2.6.0) with JetifyTransform
Transforming coil-compose-base-2.6.0.aar (io.coil-kt:coil-compose-base:2.6.0) with AarToClassTransform
Transforming foundation-layout-release.aar (androidx.compose.foundation:foundation-layout-android:1.6.2) with JetifyTransform
Transforming foundation-layout-release.aar (androidx.compose.foundation:foundation-layout-android:1.6.2) with AarToClassTransform
Transforming material-icons-core-release.aar (androidx.compose.material:material-icons-core-android:1.6.2) with JetifyTransform
Transforming material-icons-core-release.aar (androidx.compose.material:material-icons-core-android:1.6.2) with AarToClassTransform
Transforming material-ripple-release.aar (androidx.compose.material:material-ripple-android:1.6.2) with JetifyTransform
Transforming kotlin-parcelize-runtime-1.9.25.jar (org.jetbrains.kotlin:kotlin-parcelize-runtime:1.9.25) with IdentityTransform
Transforming material-ripple-release.aar (androidx.compose.material:material-ripple-android:1.6.2) with AarToClassTransform
Transforming foundation-release.aar (androidx.compose.foundation:foundation-android:1.6.2) with JetifyTransform
Transforming foundation-release.aar (androidx.compose.foundation:foundation-android:1.6.2) with AarToClassTransform
Transforming animation-core-release.aar (androidx.compose.animation:animation-core-android:1.6.2) with JetifyTransform
Transforming animation-core-release.aar (androidx.compose.animation:animation-core-android:1.6.2) with AarToClassTransform
Transforming animation-release.aar (androidx.compose.animation:animation-android:1.6.2) with JetifyTransform
Transforming animation-release.aar (androidx.compose.animation:animation-android:1.6.2) with AarToClassTransform
Transforming ui-geometry-release.aar (androidx.compose.ui:ui-geometry-android:1.6.2) with JetifyTransform
Transforming ui-geometry-release.aar (androidx.compose.ui:ui-geometry-android:1.6.2) with AarToClassTransform
Transforming ui-tooling-data-release.aar (androidx.compose.ui:ui-tooling-data-android:1.6.2) with JetifyTransform
Transforming ui-tooling-data-release.aar (androidx.compose.ui:ui-tooling-data-android:1.6.2) with AarToClassTransform
Transforming ui-tooling-preview-release.aar (androidx.compose.ui:ui-tooling-preview-android:1.6.2) with JetifyTransform
Transforming ui-tooling-preview-release.aar (androidx.compose.ui:ui-tooling-preview-android:1.6.2) with AarToClassTransform
Transforming ui-graphics-release.aar (androidx.compose.ui:ui-graphics-android:1.6.2) with JetifyTransform
Transforming ui-graphics-release.aar (androidx.compose.ui:ui-graphics-android:1.6.2) with AarToClassTransform
Transforming recyclerview-1.3.2.aar (androidx.recyclerview:recyclerview:1.3.2) with JetifyTransform
Transforming recyclerview-1.3.2.aar (androidx.recyclerview:recyclerview:1.3.2) with AarToClassTransform
Transforming drawerlayout-1.1.1.aar (androidx.drawerlayout:drawerlayout:1.1.1) with JetifyTransform
Transforming drawerlayout-1.1.1.aar (androidx.drawerlayout:drawerlayout:1.1.1) with AarToClassTransform
Transforming coordinatorlayout-1.1.0.aar (androidx.coordinatorlayout:coordinatorlayout:1.1.0) with JetifyTransform
Transforming coordinatorlayout-1.1.0.aar (androidx.coordinatorlayout:coordinatorlayout:1.1.0) with AarToClassTransform
Transforming dynamicanimation-1.0.0.aar (androidx.dynamicanimation:dynamicanimation:1.0.0) with JetifyTransform
Transforming dynamicanimation-1.0.0.aar (androidx.dynamicanimation:dynamicanimation:1.0.0) with AarToClassTransform
Transforming transition-1.5.0.aar (androidx.transition:transition:1.5.0) with JetifyTransform
Transforming transition-1.5.0.aar (androidx.transition:transition:1.5.0) with AarToClassTransform
Transforming vectordrawable-animated-1.1.0.aar (androidx.vectordrawable:vectordrawable-animated:1.1.0) with JetifyTransform
Transforming vectordrawable-animated-1.1.0.aar (androidx.vectordrawable:vectordrawable-animated:1.1.0) with AarToClassTransform
Transforming vectordrawable-1.1.0.aar (androidx.vectordrawable:vectordrawable:1.1.0) with JetifyTransform
Transforming vectordrawable-1.1.0.aar (androidx.vectordrawable:vectordrawable:1.1.0) with AarToClassTransform
Transforming vectordrawable-1.1.0.aar (androidx.vectordrawable:vectordrawable:1.1.0) with JetifyTransform
Transforming vectordrawable-1.1.0.aar (androidx.vectordrawable:vectordrawable:1.1.0) with AarToClassTransform
Transforming viewpager-1.0.0.aar (androidx.viewpager:viewpager:1.0.0) with JetifyTransform
Transforming viewpager-1.0.0.aar (androidx.viewpager:viewpager:1.0.0) with AarToClassTransform
Transforming slidingpanelayout-1.2.0.aar (androidx.slidingpanelayout:slidingpanelayout:1.2.0) with JetifyTransform
Transforming slidingpanelayout-1.2.0.aar (androidx.slidingpanelayout:slidingpanelayout:1.2.0) with AarToClassTransform
Transforming customview-1.1.0.aar (androidx.customview:customview:1.1.0) with JetifyTransform
Transforming customview-1.1.0.aar (androidx.customview:customview:1.1.0) with AarToClassTransform
Transforming customview-1.1.0.aar (androidx.customview:customview:1.1.0) with JetifyTransform
Transforming customview-1.1.0.aar (androidx.customview:customview:1.1.0) with AarToClassTransform
Transforming customview-1.1.0.aar (androidx.customview:customview:1.1.0) with JetifyTransform
Transforming customview-1.1.0.aar (androidx.customview:customview:1.1.0) with AarToClassTransform
Transforming customview-1.1.0.aar (androidx.customview:customview:1.1.0) with JetifyTransform
Transforming customview-1.1.0.aar (androidx.customview:customview:1.1.0) with AarToClassTransform
Transforming play-services-measurement-22.0.2.aar (com.google.android.gms:play-services-measurement:22.0.2) with JetifyTransform
Transforming play-services-measurement-22.0.2.aar (com.google.android.gms:play-services-measurement:22.0.2) with AarToClassTransform
Transforming play-services-measurement-sdk-22.0.2.aar (com.google.android.gms:play-services-measurement-sdk:22.0.2) with JetifyTransform
Transforming play-services-measurement-sdk-22.0.2.aar (com.google.android.gms:play-services-measurement-sdk:22.0.2) with AarToClassTransform
Transforming play-services-measurement-impl-22.0.2.aar (com.google.android.gms:play-services-measurement-impl:22.0.2) with JetifyTransform
Transforming play-services-measurement-impl-22.0.2.aar (com.google.android.gms:play-services-measurement-impl:22.0.2) with AarToClassTransform
Transforming play-services-measurement-impl-22.0.2.aar (com.google.android.gms:play-services-measurement-impl:22.0.2) with JetifyTransform
Transforming play-services-measurement-impl-22.0.2.aar (com.google.android.gms:play-services-measurement-impl:22.0.2) with AarToClassTransform
Transforming play-services-stats-17.0.2.aar (com.google.android.gms:play-services-stats:17.0.2) with JetifyTransform
Transforming play-services-stats-17.0.2.aar (com.google.android.gms:play-services-stats:17.0.2) with AarToClassTransform
Transforming play-services-stats-17.0.2.aar (com.google.android.gms:play-services-stats:17.0.2) with JetifyTransform
Transforming play-services-stats-17.0.2.aar (com.google.android.gms:play-services-stats:17.0.2) with AarToClassTransform
Transforming legacy-support-core-utils-1.0.0.aar (androidx.legacy:legacy-support-core-utils:1.0.0) with JetifyTransform
Transforming legacy-support-core-utils-1.0.0.aar (androidx.legacy:legacy-support-core-utils:1.0.0) with AarToClassTransform
Transforming legacy-support-core-utils-1.0.0.aar (androidx.legacy:legacy-support-core-utils:1.0.0) with JetifyTransform
Transforming legacy-support-core-utils-1.0.0.aar (androidx.legacy:legacy-support-core-utils:1.0.0) with AarToClassTransform
Transforming legacy-support-core-utils-1.0.0.aar (androidx.legacy:legacy-support-core-utils:1.0.0) with JetifyTransform
Transforming legacy-support-core-utils-1.0.0.aar (androidx.legacy:legacy-support-core-utils:1.0.0) with AarToClassTransform
Transforming loader-1.0.0.aar (androidx.loader:loader:1.0.0) with JetifyTransform
Transforming loader-1.0.0.aar (androidx.loader:loader:1.0.0) with AarToClassTransform
Transforming loader-1.0.0.aar (androidx.loader:loader:1.0.0) with JetifyTransform
Transforming loader-1.0.0.aar (androidx.loader:loader:1.0.0) with AarToClassTransform
Transforming firebase-database-collection-18.0.1.aar (com.google.firebase:firebase-database-collection:18.0.1) with JetifyTransform
Transforming firebase-database-collection-18.0.1.aar (com.google.firebase:firebase-database-collection:18.0.1) with AarToClassTransform
Transforming play-services-base-18.0.1.aar (com.google.android.gms:play-services-base:18.0.1) with JetifyTransform
Transforming play-services-base-18.0.1.aar (com.google.android.gms:play-services-base:18.0.1) with AarToClassTransform
Transforming play-services-base-18.0.1.aar (com.google.android.gms:play-services-base:18.0.1) with JetifyTransform
Transforming play-services-base-18.0.1.aar (com.google.android.gms:play-services-base:18.0.1) with AarToClassTransform
Transforming core-1.13.1.aar (androidx.core:core:1.13.1) with JetifyTransform
Transforming core-1.13.1.aar (androidx.core:core:1.13.1) with AarToClassTransform
Transforming core-1.13.1.aar (androidx.core:core:1.13.1) with JetifyTransform
Transforming core-1.13.1.aar (androidx.core:core:1.13.1) with AarToClassTransform
Transforming core-1.13.1.aar (androidx.core:core:1.13.1) with JetifyTransform
Transforming core-1.13.1.aar (androidx.core:core:1.13.1) with AarToClassTransform
Transforming core-1.13.1.aar (androidx.core:core:1.13.1) with JetifyTransform
Transforming core-1.13.1.aar (androidx.core:core:1.13.1) with AarToClassTransform
Transforming core-1.13.1.aar (androidx.core:core:1.13.1) with JetifyTransform
Transforming core-1.13.1.aar (androidx.core:core:1.13.1) with AarToClassTransform
Transforming core-1.13.1.aar (androidx.core:core:1.13.1) with JetifyTransform
Transforming core-1.13.1.aar (androidx.core:core:1.13.1) with AarToClassTransform
Transforming core-1.13.1.aar (androidx.core:core:1.13.1) with JetifyTransform
Transforming core-1.13.1.aar (androidx.core:core:1.13.1) with AarToClassTransform
Transforming core-1.13.1.aar (androidx.core:core:1.13.1) with JetifyTransform
Transforming core-1.13.1.aar (androidx.core:core:1.13.1) with AarToClassTransform
Transforming core-1.13.1.aar (androidx.core:core:1.13.1) with JetifyTransform
Transforming core-1.13.1.aar (androidx.core:core:1.13.1) with AarToClassTransform
Transforming core-1.13.1.aar (androidx.core:core:1.13.1) with JetifyTransform
Transforming core-1.13.1.aar (androidx.core:core:1.13.1) with AarToClassTransform
Transforming core-1.13.1.aar (androidx.core:core:1.13.1) with JetifyTransform
Transforming core-1.13.1.aar (androidx.core:core:1.13.1) with AarToClassTransform
Transforming core-1.13.1.aar (androidx.core:core:1.13.1) with JetifyTransform
Transforming core-1.13.1.aar (androidx.core:core:1.13.1) with AarToClassTransform
Transforming lifecycle-viewmodel-2.8.7.aar (androidx.lifecycle:lifecycle-viewmodel:2.8.7) with JetifyTransform
Transforming lifecycle-viewmodel-2.8.7.aar (androidx.lifecycle:lifecycle-viewmodel:2.8.7) with AarToClassTransform
Transforming lifecycle-viewmodel-release.aar (androidx.lifecycle:lifecycle-viewmodel-android:2.8.7) with JetifyTransform
Transforming lifecycle-viewmodel-release.aar (androidx.lifecycle:lifecycle-viewmodel-android:2.8.7) with AarToClassTransform
Transforming coil-2.6.0.aar (io.coil-kt:coil:2.6.0) with JetifyTransform
Transforming coil-2.6.0.aar (io.coil-kt:coil:2.6.0) with AarToClassTransform
Transforming coil-base-2.6.0.aar (io.coil-kt:coil-base:2.6.0) with JetifyTransform
Transforming coil-base-2.6.0.aar (io.coil-kt:coil-base:2.6.0) with AarToClassTransform
Transforming lifecycle-runtime-release.aar (androidx.lifecycle:lifecycle-runtime-android:2.8.7) with JetifyTransform
Transforming lifecycle-runtime-release.aar (androidx.lifecycle:lifecycle-runtime-android:2.8.7) with AarToClassTransform
Transforming lifecycle-livedata-core-2.8.7.aar (androidx.lifecycle:lifecycle-livedata-core:2.8.7) with JetifyTransform
Transforming lifecycle-livedata-core-2.8.7.aar (androidx.lifecycle:lifecycle-livedata-core:2.8.7) with AarToClassTransform
Transforming lifecycle-runtime-compose-release.aar (androidx.lifecycle:lifecycle-runtime-compose-android:2.8.7) with JetifyTransform
Transforming lifecycle-runtime-compose-release.aar (androidx.lifecycle:lifecycle-runtime-compose-android:2.8.7) with AarToClassTransform
Transforming lifecycle-viewmodel-compose-release.aar (androidx.lifecycle:lifecycle-viewmodel-compose-android:2.8.7) with JetifyTransform
Transforming lifecycle-viewmodel-compose-release.aar (androidx.lifecycle:lifecycle-viewmodel-compose-android:2.8.7) with AarToClassTransform
Transforming ui-release.aar (androidx.compose.ui:ui-android:1.6.2) with JetifyTransform
Transforming ui-release.aar (androidx.compose.ui:ui-android:1.6.2) with AarToClassTransform
Transforming ui-tooling-release.aar (androidx.compose.ui:ui-tooling-android:1.6.2) with JetifyTransform
Transforming ui-tooling-release.aar (androidx.compose.ui:ui-tooling-android:1.6.2) with AarToClassTransform
Transforming ui-test-manifest-1.6.2.aar (androidx.compose.ui:ui-test-manifest:1.6.2) with JetifyTransform
Transforming ui-test-manifest-1.6.2.aar (androidx.compose.ui:ui-test-manifest:1.6.2) with AarToClassTransform
Transforming activity-1.9.3.aar (androidx.activity:activity:1.9.3) with JetifyTransform
Transforming activity-1.9.3.aar (androidx.activity:activity:1.9.3) with AarToClassTransform
Transforming lifecycle-viewmodel-savedstate-2.8.7.aar (androidx.lifecycle:lifecycle-viewmodel-savedstate:2.8.7) with JetifyTransform
Transforming lifecycle-viewmodel-savedstate-2.8.7.aar (androidx.lifecycle:lifecycle-viewmodel-savedstate:2.8.7) with AarToClassTransform
Transforming lifecycle-runtime-ktx-release.aar (androidx.lifecycle:lifecycle-runtime-ktx-android:2.8.7) with JetifyTransform
Transforming lifecycle-runtime-ktx-release.aar (androidx.lifecycle:lifecycle-runtime-ktx-android:2.8.7) with AarToClassTransform
Transforming work-runtime-ktx-2.9.1.aar (androidx.work:work-runtime-ktx:2.9.1) with JetifyTransform
Transforming work-runtime-ktx-2.9.1.aar (androidx.work:work-runtime-ktx:2.9.1) with AarToClassTransform
Transforming work-runtime-2.9.1.aar (androidx.work:work-runtime:2.9.1) with JetifyTransform
Transforming work-runtime-2.9.1.aar (androidx.work:work-runtime:2.9.1) with AarToClassTransform
Transforming lifecycle-livedata-2.8.7.aar (androidx.lifecycle:lifecycle-livedata:2.8.7) with JetifyTransform
Transforming lifecycle-livedata-2.8.7.aar (androidx.lifecycle:lifecycle-livedata:2.8.7) with AarToClassTransform
Transforming lifecycle-livedata-2.8.7.aar (androidx.lifecycle:lifecycle-livedata:2.8.7) with JetifyTransform
Transforming lifecycle-livedata-2.8.7.aar (androidx.lifecycle:lifecycle-livedata:2.8.7) with AarToClassTransform
Transforming lifecycle-livedata-core-ktx-2.8.7.aar (androidx.lifecycle:lifecycle-livedata-core-ktx:2.8.7) with JetifyTransform
Transforming lifecycle-livedata-core-ktx-2.8.7.aar (androidx.lifecycle:lifecycle-livedata-core-ktx:2.8.7) with AarToClassTransform
Transforming lifecycle-livedata-ktx-2.8.7.aar (androidx.lifecycle:lifecycle-livedata-ktx:2.8.7) with JetifyTransform
Transforming lifecycle-livedata-ktx-2.8.7.aar (androidx.lifecycle:lifecycle-livedata-ktx:2.8.7) with AarToClassTransform
Transforming lifecycle-viewmodel-ktx-2.8.7.aar (androidx.lifecycle:lifecycle-viewmodel-ktx:2.8.7) with JetifyTransform
Transforming lifecycle-viewmodel-ktx-2.8.7.aar (androidx.lifecycle:lifecycle-viewmodel-ktx:2.8.7) with AarToClassTransform
Transforming runtime-saveable-release.aar (androidx.compose.runtime:runtime-saveable-android:1.7.1) with JetifyTransform
Transforming runtime-saveable-release.aar (androidx.compose.runtime:runtime-saveable-android:1.7.1) with AarToClassTransform
Transforming runtime-release.aar (androidx.compose.runtime:runtime-android:1.7.1) with JetifyTransform
Transforming runtime-release.aar (androidx.compose.runtime:runtime-android:1.7.1) with AarToClassTransform
Transforming ads-adservices-java-1.0.0-beta05.aar (androidx.privacysandbox.ads:ads-adservices-java:1.0.0-beta05) with JetifyTransform
Transforming ads-adservices-java-1.0.0-beta05.aar (androidx.privacysandbox.ads:ads-adservices-java:1.0.0-beta05) with AarToClassTransform
Transforming ads-adservices-1.0.0-beta05.aar (androidx.privacysandbox.ads:ads-adservices:1.0.0-beta05) with JetifyTransform
Transforming ads-adservices-1.0.0-beta05.aar (androidx.privacysandbox.ads:ads-adservices:1.0.0-beta05) with AarToClassTransform
Transforming firebase-installations-interop-17.1.1.aar (com.google.firebase:firebase-installations-interop:17.1.1) with JetifyTransform
Transforming firebase-installations-interop-17.1.1.aar (com.google.firebase:firebase-installations-interop:17.1.1) with AarToClassTransform
Transforming firebase-installations-interop-17.1.1.aar (com.google.firebase:firebase-installations-interop:17.1.1) with JetifyTransform
Transforming firebase-installations-interop-17.1.1.aar (com.google.firebase:firebase-installations-interop:17.1.1) with AarToClassTransform
Transforming play-services-tasks-18.2.0.aar (com.google.android.gms:play-services-tasks:18.2.0) with JetifyTransform
Transforming play-services-tasks-18.2.0.aar (com.google.android.gms:play-services-tasks:18.2.0) with AarToClassTransform
Transforming play-services-tasks-18.2.0.aar (com.google.android.gms:play-services-tasks:18.2.0) with JetifyTransform
Transforming play-services-tasks-18.2.0.aar (com.google.android.gms:play-services-tasks:18.2.0) with AarToClassTransform
Transforming play-services-tasks-18.2.0.aar (com.google.android.gms:play-services-tasks:18.2.0) with JetifyTransform
Transforming play-services-tasks-18.2.0.aar (com.google.android.gms:play-services-tasks:18.2.0) with AarToClassTransform
Transforming play-services-tasks-18.2.0.aar (com.google.android.gms:play-services-tasks:18.2.0) with JetifyTransform
Transforming play-services-tasks-18.2.0.aar (com.google.android.gms:play-services-tasks:18.2.0) with AarToClassTransform
Transforming play-services-tasks-18.2.0.aar (com.google.android.gms:play-services-tasks:18.2.0) with JetifyTransform
Transforming play-services-tasks-18.2.0.aar (com.google.android.gms:play-services-tasks:18.2.0) with AarToClassTransform
Transforming play-services-tasks-18.2.0.aar (com.google.android.gms:play-services-tasks:18.2.0) with JetifyTransform
Transforming play-services-tasks-18.2.0.aar (com.google.android.gms:play-services-tasks:18.2.0) with AarToClassTransform
Transforming play-services-tasks-18.2.0.aar (com.google.android.gms:play-services-tasks:18.2.0) with JetifyTransform
Transforming play-services-tasks-18.2.0.aar (com.google.android.gms:play-services-tasks:18.2.0) with AarToClassTransform
Transforming play-services-tasks-18.2.0.aar (com.google.android.gms:play-services-tasks:18.2.0) with JetifyTransform
Transforming play-services-tasks-18.2.0.aar (com.google.android.gms:play-services-tasks:18.2.0) with AarToClassTransform
Transforming play-services-ads-identifier-18.0.0.aar (com.google.android.gms:play-services-ads-identifier:18.0.0) with JetifyTransform
Transforming play-services-ads-identifier-18.0.0.aar (com.google.android.gms:play-services-ads-identifier:18.0.0) with AarToClassTransform
Transforming play-services-ads-identifier-18.0.0.aar (com.google.android.gms:play-services-ads-identifier:18.0.0) with JetifyTransform
Transforming play-services-ads-identifier-18.0.0.aar (com.google.android.gms:play-services-ads-identifier:18.0.0) with AarToClassTransform
Transforming play-services-ads-identifier-18.0.0.aar (com.google.android.gms:play-services-ads-identifier:18.0.0) with JetifyTransform
Transforming play-services-ads-identifier-18.0.0.aar (com.google.android.gms:play-services-ads-identifier:18.0.0) with AarToClassTransform
Transforming play-services-measurement-sdk-api-22.0.2.aar (com.google.android.gms:play-services-measurement-sdk-api:22.0.2) with JetifyTransform
Transforming play-services-measurement-sdk-api-22.0.2.aar (com.google.android.gms:play-services-measurement-sdk-api:22.0.2) with AarToClassTransform
Transforming play-services-measurement-base-22.0.2.aar (com.google.android.gms:play-services-measurement-base:22.0.2) with JetifyTransform
Transforming play-services-measurement-base-22.0.2.aar (com.google.android.gms:play-services-measurement-base:22.0.2) with AarToClassTransform
Transforming play-services-measurement-base-22.0.2.aar (com.google.android.gms:play-services-measurement-base:22.0.2) with JetifyTransform
Transforming play-services-measurement-base-22.0.2.aar (com.google.android.gms:play-services-measurement-base:22.0.2) with AarToClassTransform
Transforming play-services-measurement-base-22.0.2.aar (com.google.android.gms:play-services-measurement-base:22.0.2) with JetifyTransform
Transforming play-services-measurement-base-22.0.2.aar (com.google.android.gms:play-services-measurement-base:22.0.2) with AarToClassTransform
Transforming play-services-measurement-base-22.0.2.aar (com.google.android.gms:play-services-measurement-base:22.0.2) with JetifyTransform
Transforming play-services-measurement-base-22.0.2.aar (com.google.android.gms:play-services-measurement-base:22.0.2) with AarToClassTransform
Transforming play-services-measurement-base-22.0.2.aar (com.google.android.gms:play-services-measurement-base:22.0.2) with JetifyTransform
Transforming play-services-measurement-base-22.0.2.aar (com.google.android.gms:play-services-measurement-base:22.0.2) with AarToClassTransform
Transforming firebase-measurement-connector-19.0.0.aar (com.google.firebase:firebase-measurement-connector:19.0.0) with JetifyTransform
Transforming firebase-measurement-connector-19.0.0.aar (com.google.firebase:firebase-measurement-connector:19.0.0) with AarToClassTransform
Transforming play-services-basement-18.4.0.aar (com.google.android.gms:play-services-basement:18.4.0) with JetifyTransform
Transforming play-services-basement-18.4.0.aar (com.google.android.gms:play-services-basement:18.4.0) with AarToClassTransform
Transforming play-services-basement-18.4.0.aar (com.google.android.gms:play-services-basement:18.4.0) with JetifyTransform
Transforming play-services-basement-18.4.0.aar (com.google.android.gms:play-services-basement:18.4.0) with AarToClassTransform
Transforming play-services-basement-18.4.0.aar (com.google.android.gms:play-services-basement:18.4.0) with JetifyTransform
Transforming play-services-basement-18.4.0.aar (com.google.android.gms:play-services-basement:18.4.0) with AarToClassTransform
Transforming play-services-basement-18.4.0.aar (com.google.android.gms:play-services-basement:18.4.0) with JetifyTransform
Transforming play-services-basement-18.4.0.aar (com.google.android.gms:play-services-basement:18.4.0) with AarToClassTransform
Transforming play-services-basement-18.4.0.aar (com.google.android.gms:play-services-basement:18.4.0) with JetifyTransform
Transforming play-services-basement-18.4.0.aar (com.google.android.gms:play-services-basement:18.4.0) with AarToClassTransform
Transforming play-services-basement-18.4.0.aar (com.google.android.gms:play-services-basement:18.4.0) with JetifyTransform
Transforming play-services-basement-18.4.0.aar (com.google.android.gms:play-services-basement:18.4.0) with AarToClassTransform
Transforming play-services-basement-18.4.0.aar (com.google.android.gms:play-services-basement:18.4.0) with JetifyTransform
Transforming play-services-basement-18.4.0.aar (com.google.android.gms:play-services-basement:18.4.0) with AarToClassTransform
Transforming play-services-basement-18.4.0.aar (com.google.android.gms:play-services-basement:18.4.0) with JetifyTransform
Transforming play-services-basement-18.4.0.aar (com.google.android.gms:play-services-basement:18.4.0) with AarToClassTransform
Transforming play-services-basement-18.4.0.aar (com.google.android.gms:play-services-basement:18.4.0) with JetifyTransform
Transforming play-services-basement-18.4.0.aar (com.google.android.gms:play-services-basement:18.4.0) with AarToClassTransform
Transforming play-services-basement-18.4.0.aar (com.google.android.gms:play-services-basement:18.4.0) with JetifyTransform
Transforming play-services-basement-18.4.0.aar (com.google.android.gms:play-services-basement:18.4.0) with AarToClassTransform
Transforming play-services-basement-18.4.0.aar (com.google.android.gms:play-services-basement:18.4.0) with JetifyTransform
Transforming play-services-basement-18.4.0.aar (com.google.android.gms:play-services-basement:18.4.0) with AarToClassTransform
Transforming play-services-basement-18.4.0.aar (com.google.android.gms:play-services-basement:18.4.0) with JetifyTransform
Transforming play-services-basement-18.4.0.aar (com.google.android.gms:play-services-basement:18.4.0) with AarToClassTransform
Transforming fragment-1.8.5.aar (androidx.fragment:fragment:1.8.5) with JetifyTransform
Transforming fragment-1.8.5.aar (androidx.fragment:fragment:1.8.5) with AarToClassTransform
Transforming fragment-1.8.5.aar (androidx.fragment:fragment:1.8.5) with JetifyTransform
Transforming fragment-1.8.5.aar (androidx.fragment:fragment:1.8.5) with AarToClassTransform
Transforming fragment-1.8.5.aar (androidx.fragment:fragment:1.8.5) with JetifyTransform
Transforming fragment-1.8.5.aar (androidx.fragment:fragment:1.8.5) with AarToClassTransform
Transforming fragment-ktx-1.8.5.aar (androidx.fragment:fragment-ktx:1.8.5) with JetifyTransform
Transforming fragment-ktx-1.8.5.aar (androidx.fragment:fragment-ktx:1.8.5) with AarToClassTransform
Transforming activity-ktx-1.9.3.aar (androidx.activity:activity-ktx:1.9.3) with JetifyTransform
Transforming activity-ktx-1.9.3.aar (androidx.activity:activity-ktx:1.9.3) with AarToClassTransform
Transforming core-ktx-1.13.1.aar (androidx.core:core-ktx:1.13.1) with JetifyTransform
Transforming core-ktx-1.13.1.aar (androidx.core:core-ktx:1.13.1) with AarToClassTransform
Transforming savedstate-ktx-1.2.1.aar (androidx.savedstate:savedstate-ktx:1.2.1) with JetifyTransform
Transforming savedstate-ktx-1.2.1.aar (androidx.savedstate:savedstate-ktx:1.2.1) with AarToClassTransform
Transforming savedstate-1.2.1.aar (androidx.savedstate:savedstate:1.2.1) with JetifyTransform
Transforming savedstate-1.2.1.aar (androidx.savedstate:savedstate:1.2.1) with AarToClassTransform
Transforming media3-exoplayer-1.4.1.aar (androidx.media3:media3-exoplayer:1.4.1) with JetifyTransform
Transforming media3-exoplayer-1.4.1.aar (androidx.media3:media3-exoplayer:1.4.1) with AarToClassTransform
Transforming media3-container-1.4.1.aar (androidx.media3:media3-container:1.4.1) with JetifyTransform
Transforming media3-container-1.4.1.aar (androidx.media3:media3-container:1.4.1) with AarToClassTransform
Transforming media3-common-1.4.1.aar (androidx.media3:media3-common:1.4.1) with JetifyTransform
Transforming media3-common-1.4.1.aar (androidx.media3:media3-common:1.4.1) with AarToClassTransform
Transforming annotation-experimental-1.4.1.aar (androidx.annotation:annotation-experimental:1.4.1) with JetifyTransform
Transforming annotation-experimental-1.4.1.aar (androidx.annotation:annotation-experimental:1.4.1) with AarToClassTransform
Transforming media3-datasource-okhttp-1.4.1.aar (androidx.media3:media3-datasource-okhttp:1.4.1) with JetifyTransform
Transforming media3-datasource-okhttp-1.4.1.aar (androidx.media3:media3-datasource-okhttp:1.4.1) with AarToClassTransform
Transforming kotlin-stdlib-jdk8-1.9.0.jar (org.jetbrains.kotlin:kotlin-stdlib-jdk8:1.9.0) with JetifyTransform
Transforming kotlin-stdlib-jdk8-1.9.0.jar (org.jetbrains.kotlin:kotlin-stdlib-jdk8:1.9.0) with IdentityTransform
Transforming security-crypto-1.1.0-alpha06.aar (androidx.security:security-crypto:1.1.0-alpha06) with JetifyTransform
Transforming security-crypto-1.1.0-alpha06.aar (androidx.security:security-crypto:1.1.0-alpha06) with AarToClassTransform
Transforming cursoradapter-1.0.0.aar (androidx.cursoradapter:cursoradapter:1.0.0) with JetifyTransform
Transforming cursoradapter-1.0.0.aar (androidx.cursoradapter:cursoradapter:1.0.0) with AarToClassTransform
Transforming cardview-1.0.0.aar (androidx.cardview:cardview:1.0.0) with JetifyTransform
Transforming cardview-1.0.0.aar (androidx.cardview:cardview:1.0.0) with AarToClassTransform
Transforming sqlite-framework-2.4.0.aar (androidx.sqlite:sqlite-framework:2.4.0) with JetifyTransform
Transforming sqlite-framework-2.4.0.aar (androidx.sqlite:sqlite-framework:2.4.0) with AarToClassTransform
Transforming sqlite-2.4.0.aar (androidx.sqlite:sqlite:2.4.0) with JetifyTransform
Transforming sqlite-2.4.0.aar (androidx.sqlite:sqlite:2.4.0) with AarToClassTransform
Transforming gifdecoder-4.16.0.aar (com.github.bumptech.glide:gifdecoder:4.16.0) with JetifyTransform
Transforming gifdecoder-4.16.0.aar (com.github.bumptech.glide:gifdecoder:4.16.0) with AarToClassTransform
Transforming versionedparcelable-1.1.1.aar (androidx.versionedparcelable:versionedparcelable:1.1.1) with JetifyTransform
Transforming versionedparcelable-1.1.1.aar (androidx.versionedparcelable:versionedparcelable:1.1.1) with AarToClassTransform
Transforming core-runtime-2.2.0.aar (androidx.arch.core:core-runtime:2.2.0) with JetifyTransform
Transforming core-runtime-2.2.0.aar (androidx.arch.core:core-runtime:2.2.0) with AarToClassTransform
Transforming interpolator-1.0.0.aar (androidx.interpolator:interpolator:1.0.0) with JetifyTransform
Transforming interpolator-1.0.0.aar (androidx.interpolator:interpolator:1.0.0) with AarToClassTransform
Transforming documentfile-1.0.0.aar (androidx.documentfile:documentfile:1.0.0) with JetifyTransform
Transforming documentfile-1.0.0.aar (androidx.documentfile:documentfile:1.0.0) with AarToClassTransform
Transforming localbroadcastmanager-1.0.0.aar (androidx.localbroadcastmanager:localbroadcastmanager:1.0.0) with JetifyTransform
Transforming localbroadcastmanager-1.0.0.aar (androidx.localbroadcastmanager:localbroadcastmanager:1.0.0) with AarToClassTransform
Transforming print-1.0.0.aar (androidx.print:print:1.0.0) with JetifyTransform
Transforming print-1.0.0.aar (androidx.print:print:1.0.0) with AarToClassTransform
Transforming kotlin-stdlib-jdk7-1.9.0.jar (org.jetbrains.kotlin:kotlin-stdlib-jdk7:1.9.0) with JetifyTransform
Transforming kotlin-stdlib-jdk7-1.9.0.jar (org.jetbrains.kotlin:kotlin-stdlib-jdk7:1.9.0) with IdentityTransform
Transforming multidex-2.0.1.aar (androidx.multidex:multidex:2.0.1) with JetifyTransform
Transforming multidex-2.0.1.aar (androidx.multidex:multidex:2.0.1) with AarToClassTransform
Transforming constraintlayout-2.1.4.aar (androidx.constraintlayout:constraintlayout:2.1.4) with JetifyTransform
Transforming constraintlayout-2.1.4.aar (androidx.constraintlayout:constraintlayout:2.1.4) with AarToClassTransform
Transforming gson-2.10.1.jar (com.google.code.gson:gson:2.10.1) with JetifyTransform
Transforming media3-exoplayer-hls-1.4.1.aar (androidx.media3:media3-exoplayer-hls:1.4.1) with JetifyTransform
Transforming media3-exoplayer-hls-1.4.1.aar (androidx.media3:media3-exoplayer-hls:1.4.1) with AarToClassTransform
Transforming media3-ui-1.4.1.aar (androidx.media3:media3-ui:1.4.1) with JetifyTransform
Transforming media3-ui-1.4.1.aar (androidx.media3:media3-ui:1.4.1) with AarToClassTransform
Transforming media3-extractor-1.4.1.aar (androidx.media3:media3-extractor:1.4.1) with JetifyTransform
Transforming media3-extractor-1.4.1.aar (androidx.media3:media3-extractor:1.4.1) with AarToClassTransform
Transforming zxing-android-embedded-4.3.0.aar (com.journeyapps:zxing-android-embedded:4.3.0) with JetifyTransform
Transforming zxing-android-embedded-4.3.0.aar (com.journeyapps:zxing-android-embedded:4.3.0) with AarToClassTransform
Transforming annotations-23.0.0.jar (org.jetbrains:annotations:23.0.0) with JetifyTransform
Transforming listenablefuture-9999.0-empty-to-avoid-conflict-with-guava.jar (com.google.guava:listenablefuture:9999.0-empty-to-avoid-conflict-with-guava) with JetifyTransform
Transforming listenablefuture-9999.0-empty-to-avoid-conflict-with-guava.jar (com.google.guava:listenablefuture:9999.0-empty-to-avoid-conflict-with-guava) with IdentityTransform
Transforming startup-runtime-1.1.1.aar (androidx.startup:startup-runtime:1.1.1) with JetifyTransform
Transforming startup-runtime-1.1.1.aar (androidx.startup:startup-runtime:1.1.1) with AarToClassTransform
Transforming tracing-1.0.0.aar (androidx.tracing:tracing:1.0.0) with JetifyTransform
Transforming tracing-1.0.0.aar (androidx.tracing:tracing:1.0.0) with AarToClassTransform
Transforming exifinterface-1.3.7.aar (androidx.exifinterface:exifinterface:1.3.7) with JetifyTransform
Transforming exifinterface-1.3.7.aar (androidx.exifinterface:exifinterface:1.3.7) with AarToClassTransform
Transforming failureaccess-1.0.2.jar (com.google.guava:failureaccess:1.0.2) with JetifyTransform
Transforming failureaccess-1.0.2.jar (com.google.guava:failureaccess:1.0.2) with IdentityTransform
Transforming jsr305-3.0.2.jar (com.google.code.findbugs:jsr305:3.0.2) with JetifyTransform
Transforming jsr305-3.0.2.jar (com.google.code.findbugs:jsr305:3.0.2) with IdentityTransform
Transforming checker-qual-3.41.0.jar (org.checkerframework:checker-qual:3.41.0) with JetifyTransform
Transforming checker-qual-3.41.0.jar (org.checkerframework:checker-qual:3.41.0) with IdentityTransform
Transforming media3-database-1.4.1.aar (androidx.media3:media3-database:1.4.1) with JetifyTransform
Transforming media3-database-1.4.1.aar (androidx.media3:media3-database:1.4.1) with AarToClassTransform
Transforming media3-datasource-1.4.1.aar (androidx.media3:media3-datasource:1.4.1) with JetifyTransform
Transforming media3-datasource-1.4.1.aar (androidx.media3:media3-datasource:1.4.1) with AarToClassTransform
Transforming media3-decoder-1.4.1.aar (androidx.media3:media3-decoder:1.4.1) with JetifyTransform
Transforming media3-decoder-1.4.1.aar (androidx.media3:media3-decoder:1.4.1) with AarToClassTransform
Transforming annotations-4.16.0.jar (com.github.bumptech.glide:annotations:4.16.0) with JetifyTransform
Transforming annotations-4.16.0.jar (com.github.bumptech.glide:annotations:4.16.0) with IdentityTransform
Transforming dagger-2.51.1.jar (com.google.dagger:dagger:2.51.1) with JetifyTransform
Transforming dagger-2.51.1.jar (com.google.dagger:dagger:2.51.1) with IdentityTransform
Transforming firebase-components-18.0.0.aar (com.google.firebase:firebase-components:18.0.0) with JetifyTransform
Transforming firebase-components-18.0.0.aar (com.google.firebase:firebase-components:18.0.0) with AarToClassTransform
Transforming firebase-components-18.0.0.aar (com.google.firebase:firebase-components:18.0.0) with JetifyTransform
Transforming firebase-components-18.0.0.aar (com.google.firebase:firebase-components:18.0.0) with AarToClassTransform
Transforming firebase-components-18.0.0.aar (com.google.firebase:firebase-components:18.0.0) with JetifyTransform
Transforming firebase-components-18.0.0.aar (com.google.firebase:firebase-components:18.0.0) with AarToClassTransform
Transforming firebase-components-18.0.0.aar (com.google.firebase:firebase-components:18.0.0) with JetifyTransform
Transforming firebase-components-18.0.0.aar (com.google.firebase:firebase-components:18.0.0) with AarToClassTransform
Transforming firebase-components-18.0.0.aar (com.google.firebase:firebase-components:18.0.0) with JetifyTransform
Transforming firebase-components-18.0.0.aar (com.google.firebase:firebase-components:18.0.0) with AarToClassTransform
Transforming javax.inject-1.jar (javax.inject:javax.inject:1) with JetifyTransform
Transforming javax.inject-1.jar (javax.inject:javax.inject:1) with IdentityTransform
Transforming dagger-lint-aar-2.51.1.aar (com.google.dagger:dagger-lint-aar:2.51.1) with JetifyTransform
Transforming dagger-lint-aar-2.51.1.aar (com.google.dagger:dagger-lint-aar:2.51.1) with AarToClassTransform
Transforming protolite-well-known-types-18.0.0.aar (com.google.firebase:protolite-well-known-types:18.0.0) with JetifyTransform
Transforming protolite-well-known-types-18.0.0.aar (com.google.firebase:protolite-well-known-types:18.0.0) with AarToClassTransform
Transforming j2objc-annotations-2.8.jar (com.google.j2objc:j2objc-annotations:2.8) with JetifyTransform
Transforming paging-common-ktx-3.3.2.jar (androidx.paging:paging-common-ktx:3.3.2) with JetifyTransform
Transforming paging-common-ktx-3.3.2.jar (androidx.paging:paging-common-ktx:3.3.2) with IdentityTransform
Transforming lifecycle-common-jvm-2.8.7.jar (androidx.lifecycle:lifecycle-common-jvm:2.8.7) with JetifyTransform
Transforming lifecycle-common-jvm-2.8.7.jar (androidx.lifecycle:lifecycle-common-jvm:2.8.7) with IdentityTransform
Transforming kotlinx-coroutines-android-1.9.0.jar (org.jetbrains.kotlinx:kotlinx-coroutines-android:1.9.0) with JetifyTransform
Transforming ktor-server-content-negotiation-jvm-2.3.7.jar (io.ktor:ktor-server-content-negotiation-jvm:2.3.7) with JetifyTransform
Transforming ktor-server-cors-jvm-2.3.7.jar (io.ktor:ktor-server-cors-jvm:2.3.7) with JetifyTransform
Transforming kotlinx-coroutines-android-1.9.0.jar (org.jetbrains.kotlinx:kotlinx-coroutines-android:1.9.0) with IdentityTransform
Transforming ktor-server-content-negotiation-jvm-2.3.7.jar (io.ktor:ktor-server-content-negotiation-jvm:2.3.7) with IdentityTransform
Transforming ktor-server-status-pages-jvm-2.3.7.jar (io.ktor:ktor-server-status-pages-jvm:2.3.7) with JetifyTransform
Transforming ktor-server-cors-jvm-2.3.7.jar (io.ktor:ktor-server-cors-jvm:2.3.7) with IdentityTransform
Transforming ktor-server-cio-jvm-2.3.7.jar (io.ktor:ktor-server-cio-jvm:2.3.7) with JetifyTransform
Transforming ktor-server-status-pages-jvm-2.3.7.jar (io.ktor:ktor-server-status-pages-jvm:2.3.7) with IdentityTransform
Transforming ktor-server-host-common-jvm-2.3.7.jar (io.ktor:ktor-server-host-common-jvm:2.3.7) with JetifyTransform
Transforming ktor-server-core-jvm-2.3.7.jar (io.ktor:ktor-server-core-jvm:2.3.7) with JetifyTransform
Transforming ktor-server-cio-jvm-2.3.7.jar (io.ktor:ktor-server-cio-jvm:2.3.7) with IdentityTransform
Transforming ktor-server-host-common-jvm-2.3.7.jar (io.ktor:ktor-server-host-common-jvm:2.3.7) with IdentityTransform
Transforming ktor-serialization-gson-jvm-2.3.7.jar (io.ktor:ktor-serialization-gson-jvm:2.3.7) with JetifyTransform
Transforming ktor-server-core-jvm-2.3.7.jar (io.ktor:ktor-server-core-jvm:2.3.7) with IdentityTransform
Transforming ktor-events-jvm-2.3.7.jar (io.ktor:ktor-events-jvm:2.3.7) with JetifyTransform
Transforming ktor-serialization-gson-jvm-2.3.7.jar (io.ktor:ktor-serialization-gson-jvm:2.3.7) with IdentityTransform
Transforming ktor-events-jvm-2.3.7.jar (io.ktor:ktor-events-jvm:2.3.7) with IdentityTransform
Transforming ktor-serialization-jvm-2.3.7.jar (io.ktor:ktor-serialization-jvm:2.3.7) with JetifyTransform
Transforming ktor-http-cio-jvm-2.3.7.jar (io.ktor:ktor-http-cio-jvm:2.3.7) with JetifyTransform
Transforming ktor-websockets-jvm-2.3.7.jar (io.ktor:ktor-websockets-jvm:2.3.7) with JetifyTransform
Transforming ktor-websockets-jvm-2.3.7.jar (io.ktor:ktor-websockets-jvm:2.3.7) with IdentityTransform
Transforming ktor-http-cio-jvm-2.3.7.jar (io.ktor:ktor-http-cio-jvm:2.3.7) with IdentityTransform
Transforming ktor-serialization-jvm-2.3.7.jar (io.ktor:ktor-serialization-jvm:2.3.7) with IdentityTransform
Transforming ktor-http-jvm-2.3.7.jar (io.ktor:ktor-http-jvm:2.3.7) with JetifyTransform
Transforming ktor-network-jvm-2.3.7.jar (io.ktor:ktor-network-jvm:2.3.7) with JetifyTransform
Transforming ktor-utils-jvm-2.3.7.jar (io.ktor:ktor-utils-jvm:2.3.7) with JetifyTransform
Transforming ktor-io-jvm-2.3.7.jar (io.ktor:ktor-io-jvm:2.3.7) with JetifyTransform
Transforming ktor-http-jvm-2.3.7.jar (io.ktor:ktor-http-jvm:2.3.7) with IdentityTransform
Transforming kotlinx-coroutines-jdk8-1.9.0.jar (org.jetbrains.kotlinx:kotlinx-coroutines-jdk8:1.9.0) with JetifyTransform
Transforming ktor-utils-jvm-2.3.7.jar (io.ktor:ktor-utils-jvm:2.3.7) with IdentityTransform
Transforming kotlinx-coroutines-jdk8-1.9.0.jar (org.jetbrains.kotlinx:kotlinx-coroutines-jdk8:1.9.0) with IdentityTransform
Transforming ktor-io-jvm-2.3.7.jar (io.ktor:ktor-io-jvm:2.3.7) with IdentityTransform
Transforming ktor-network-jvm-2.3.7.jar (io.ktor:ktor-network-jvm:2.3.7) with IdentityTransform
Transforming kotlinx-coroutines-core-jvm-1.9.0.jar (org.jetbrains.kotlinx:kotlinx-coroutines-core-jvm:1.9.0) with JetifyTransform
Transforming kotlinx-coroutines-play-services-1.9.0.jar (org.jetbrains.kotlinx:kotlinx-coroutines-play-services:1.9.0) with JetifyTransform
Transforming kotlinx-coroutines-core-jvm-1.9.0.jar (org.jetbrains.kotlinx:kotlinx-coroutines-core-jvm:1.9.0) with IdentityTransform
Transforming kotlinx-coroutines-play-services-1.9.0.jar (org.jetbrains.kotlinx:kotlinx-coroutines-play-services:1.9.0) with IdentityTransform
Transforming kotlin-android-extensions-runtime-1.9.25.jar (org.jetbrains.kotlin:kotlin-android-extensions-runtime:1.9.25) with JetifyTransform
Transforming kotlin-android-extensions-runtime-1.9.25.jar (org.jetbrains.kotlin:kotlin-android-extensions-runtime:1.9.25) with IdentityTransform
Transforming logging-interceptor-4.12.0.jar (com.squareup.okhttp3:logging-interceptor:4.12.0) with JetifyTransform
Transforming converter-gson-2.9.0.jar (com.squareup.retrofit2:converter-gson:2.9.0) with JetifyTransform
Transforming converter-scalars-2.9.0.jar (com.squareup.retrofit2:converter-scalars:2.9.0) with JetifyTransform
Transforming logging-interceptor-4.12.0.jar (com.squareup.okhttp3:logging-interceptor:4.12.0) with IdentityTransform
Transforming retrofit-2.9.0.jar (com.squareup.retrofit2:retrofit:2.9.0) with JetifyTransform
Transforming converter-gson-2.9.0.jar (com.squareup.retrofit2:converter-gson:2.9.0) with IdentityTransform
Transforming converter-scalars-2.9.0.jar (com.squareup.retrofit2:converter-scalars:2.9.0) with IdentityTransform
Transforming retrofit-2.9.0.jar (com.squareup.retrofit2:retrofit:2.9.0) with IdentityTransform
Transforming okhttp-4.12.0.jar (com.squareup.okhttp3:okhttp:4.12.0) with JetifyTransform
Transforming okhttp-4.12.0.jar (com.squareup.okhttp3:okhttp:4.12.0) with IdentityTransform
Transforming collection-ktx-1.4.0.jar (androidx.collection:collection-ktx:1.4.0) with JetifyTransform
Transforming collection-jvm-1.4.0.jar (androidx.collection:collection-jvm:1.4.0) with JetifyTransform
Transforming collection-ktx-1.4.0.jar (androidx.collection:collection-ktx:1.4.0) with IdentityTransform
Transforming collection-jvm-1.4.0.jar (androidx.collection:collection-jvm:1.4.0) with IdentityTransform
Transforming core-common-2.2.0.jar (androidx.arch.core:core-common:2.2.0) with JetifyTransform
Transforming annotation-jvm-1.8.1.jar (androidx.annotation:annotation-jvm:1.8.1) with JetifyTransform
Transforming core-common-2.2.0.jar (androidx.arch.core:core-common:2.2.0) with IdentityTransform
Transforming kotlin-reflect-1.8.22.jar (org.jetbrains.kotlin:kotlin-reflect:1.8.22) with JetifyTransform
Transforming okio-jvm-3.8.0.jar (com.squareup.okio:okio-jvm:3.8.0) with JetifyTransform
Transforming annotation-jvm-1.8.1.jar (androidx.annotation:annotation-jvm:1.8.1) with IdentityTransform
Transforming kotlin-stdlib-2.0.0.jar (org.jetbrains.kotlin:kotlin-stdlib:2.0.0) with JetifyTransform
Transforming kotlin-reflect-1.8.22.jar (org.jetbrains.kotlin:kotlin-reflect:1.8.22) with IdentityTransform
Transforming okio-jvm-3.8.0.jar (com.squareup.okio:okio-jvm:3.8.0) with IdentityTransform
Transforming kotlin-stdlib-2.0.0.jar (org.jetbrains.kotlin:kotlin-stdlib:2.0.0) with IdentityTransform
Transforming gson-2.10.1.jar (com.google.code.gson:gson:2.10.1) with IdentityTransform
Transforming core-3.5.2.jar (com.google.zxing:core:3.5.2) with JetifyTransform
Transforming guava-33.0.0-android.jar (com.google.guava:guava:33.0.0-android) with JetifyTransform
Transforming annotations-23.0.0.jar (org.jetbrains:annotations:23.0.0) with IdentityTransform
Transforming core-3.5.2.jar (com.google.zxing:core:3.5.2) with IdentityTransform
Transforming guava-33.0.0-android.jar (com.google.guava:guava:33.0.0-android) with IdentityTransform
Transforming resourceinspection-annotation-1.0.1.jar (androidx.resourceinspection:resourceinspection-annotation:1.0.1) with JetifyTransform
Transforming error_prone_annotations-2.26.0.jar (com.google.errorprone:error_prone_annotations:2.26.0) with JetifyTransform
Transforming resourceinspection-annotation-1.0.1.jar (androidx.resourceinspection:resourceinspection-annotation:1.0.1) with IdentityTransform
Transforming hilt-core-2.51.1.jar (com.google.dagger:hilt-core:2.51.1) with JetifyTransform
Transforming error_prone_annotations-2.26.0.jar (com.google.errorprone:error_prone_annotations:2.26.0) with IdentityTransform
Transforming hilt-core-2.51.1.jar (com.google.dagger:hilt-core:2.51.1) with IdentityTransform
Transforming disklrucache-4.16.0.jar (com.github.bumptech.glide:disklrucache:4.16.0) with JetifyTransform
Transforming firebase-annotations-16.2.0.jar (com.google.firebase:firebase-annotations:16.2.0) with JetifyTransform
Transforming disklrucache-4.16.0.jar (com.github.bumptech.glide:disklrucache:4.16.0) with IdentityTransform
Transforming hilt-common-1.2.0.jar (androidx.hilt:hilt-common:1.2.0) with JetifyTransform
Transforming firebase-annotations-16.2.0.jar (com.google.firebase:firebase-annotations:16.2.0) with IdentityTransform
Transforming protobuf-javalite-3.22.3.jar (com.google.protobuf:protobuf-javalite:3.22.3) with JetifyTransform
Transforming slf4j-api-1.7.36.jar (org.slf4j:slf4j-api:1.7.36) with JetifyTransform
Transforming config-1.4.2.jar (com.typesafe:config:1.4.2) with JetifyTransform
Transforming protobuf-javalite-3.22.3.jar (com.google.protobuf:protobuf-javalite:3.22.3) with IdentityTransform
Transforming hilt-common-1.2.0.jar (androidx.hilt:hilt-common:1.2.0) with IdentityTransform
Transforming slf4j-api-1.7.36.jar (org.slf4j:slf4j-api:1.7.36) with IdentityTransform
Transforming config-1.4.2.jar (com.typesafe:config:1.4.2) with IdentityTransform
Transforming j2objc-annotations-2.8.jar (com.google.j2objc:j2objc-annotations:2.8) with IdentityTransform
Transforming R.jar with ClasspathEntrySnapshotTransform
Transforming jetified-viewbinding-8.7.1-api.jar with ClasspathEntrySnapshotTransform
Transforming jetified-kotlin-parcelize-runtime-1.9.25.jar with ClasspathEntrySnapshotTransform
Transforming jetified-preference-ktx-1.2.1-api.jar with ClasspathEntrySnapshotTransform
Transforming material-1.12.0-api.jar with ClasspathEntrySnapshotTransform
Transforming jetified-appcompat-resources-1.7.0-api.jar with ClasspathEntrySnapshotTransform
Transforming preference-1.2.1-api.jar with ClasspathEntrySnapshotTransform
Transforming appcompat-1.7.0-api.jar with ClasspathEntrySnapshotTransform
Transforming jetified-glide-4.16.0-api.jar with ClasspathEntrySnapshotTransform
Transforming jetified-hilt-work-1.2.0-api.jar with ClasspathEntrySnapshotTransform
Transforming jetified-hilt-android-2.51.1-api.jar with ClasspathEntrySnapshotTransform
Transforming jetified-viewpager2-1.1.0-beta02-api.jar with ClasspathEntrySnapshotTransform
Transforming jetified-firebase-firestore-ktx-25.0.0-api.jar with ClasspathEntrySnapshotTransform
Transforming jetified-firebase-firestore-25.0.0-api.jar with ClasspathEntrySnapshotTransform
Transforming jetified-firebase-appcheck-interop-17.0.0-api.jar with ClasspathEntrySnapshotTransform
Transforming jetified-firebase-auth-interop-19.0.2-api.jar with ClasspathEntrySnapshotTransform
Transforming jetified-firebase-analytics-ktx-22.0.2-api.jar with ClasspathEntrySnapshotTransform
Transforming jetified-firebase-analytics-22.0.2-api.jar with ClasspathEntrySnapshotTransform
Transforming jetified-play-services-measurement-api-22.0.2-api.jar with ClasspathEntrySnapshotTransform
Transforming jetified-firebase-installations-18.0.0-api.jar with ClasspathEntrySnapshotTransform
Transforming jetified-firebase-common-ktx-21.0.0-api.jar with ClasspathEntrySnapshotTransform
Transforming jetified-firebase-common-21.0.0-api.jar with ClasspathEntrySnapshotTransform
Transforming room-common-2.6.1.jar with ClasspathEntrySnapshotTransform
Transforming jetified-room-ktx-2.6.1-api.jar with ClasspathEntrySnapshotTransform
Transforming room-runtime-2.6.1-api.jar with ClasspathEntrySnapshotTransform
Transforming jetified-room-paging-2.6.1-api.jar with ClasspathEntrySnapshotTransform
Transforming jetified-paging-common-release-api.jar with ClasspathEntrySnapshotTransform
Transforming jetified-paging-common-ktx-3.3.2.jar with ClasspathEntrySnapshotTransform
Transforming jetified-paging-runtime-ktx-3.3.2-api.jar with ClasspathEntrySnapshotTransform
Transforming paging-runtime-3.3.2-api.jar with ClasspathEntrySnapshotTransform
Transforming jetified-activity-compose-1.9.3-api.jar with ClasspathEntrySnapshotTransform
Transforming jetified-material3-release-api.jar with ClasspathEntrySnapshotTransform
Transforming jetified-ui-util-release-api.jar with ClasspathEntrySnapshotTransform
Transforming jetified-ui-unit-release-api.jar with ClasspathEntrySnapshotTransform
Transforming jetified-ui-text-release-api.jar with ClasspathEntrySnapshotTransform
Transforming jetified-coil-compose-2.6.0-api.jar with ClasspathEntrySnapshotTransform
Transforming jetified-coil-compose-base-2.6.0-api.jar with ClasspathEntrySnapshotTransform
Transforming jetified-foundation-layout-release-api.jar with ClasspathEntrySnapshotTransform
Transforming jetified-material-icons-core-release-api.jar with ClasspathEntrySnapshotTransform
Transforming jetified-material-ripple-release-api.jar with ClasspathEntrySnapshotTransform
Transforming jetified-foundation-release-api.jar with ClasspathEntrySnapshotTransform
Transforming jetified-animation-core-release-api.jar with ClasspathEntrySnapshotTransform
Transforming jetified-animation-release-api.jar with ClasspathEntrySnapshotTransform
Transforming jetified-ui-geometry-release-api.jar with ClasspathEntrySnapshotTransform
Transforming jetified-ui-tooling-data-release-api.jar with ClasspathEntrySnapshotTransform
Transforming jetified-ui-tooling-preview-release-api.jar with ClasspathEntrySnapshotTransform
Transforming jetified-ui-graphics-release-api.jar with ClasspathEntrySnapshotTransform
Transforming recyclerview-1.3.2-api.jar with ClasspathEntrySnapshotTransform
Transforming drawerlayout-1.1.1-api.jar with ClasspathEntrySnapshotTransform
Transforming coordinatorlayout-1.1.0-api.jar with ClasspathEntrySnapshotTransform
Transforming dynamicanimation-1.0.0-api.jar with ClasspathEntrySnapshotTransform
Transforming transition-1.5.0-api.jar with ClasspathEntrySnapshotTransform
Transforming vectordrawable-animated-1.1.0-api.jar with ClasspathEntrySnapshotTransform
Transforming vectordrawable-1.1.0-api.jar with ClasspathEntrySnapshotTransform
Transforming viewpager-1.0.0-api.jar with ClasspathEntrySnapshotTransform
Transforming slidingpanelayout-1.2.0-api.jar with ClasspathEntrySnapshotTransform
Transforming customview-1.1.0-api.jar with ClasspathEntrySnapshotTransform
Transforming jetified-play-services-measurement-22.0.2-api.jar with ClasspathEntrySnapshotTransform
Transforming jetified-play-services-measurement-sdk-22.0.2-api.jar with ClasspathEntrySnapshotTransform
Transforming jetified-play-services-measurement-impl-22.0.2-api.jar with ClasspathEntrySnapshotTransform
Transforming jetified-play-services-stats-17.0.2-api.jar with ClasspathEntrySnapshotTransform
Transforming legacy-support-core-utils-1.0.0-api.jar with ClasspathEntrySnapshotTransform
Transforming loader-1.0.0-api.jar with ClasspathEntrySnapshotTransform
Transforming jetified-firebase-database-collection-18.0.1-api.jar with ClasspathEntrySnapshotTransform
Transforming jetified-play-services-base-18.0.1-api.jar with ClasspathEntrySnapshotTransform
Transforming core-1.13.1-api.jar with ClasspathEntrySnapshotTransform
Transforming jetified-lifecycle-common-jvm-2.8.7.jar with ClasspathEntrySnapshotTransform
Transforming lifecycle-viewmodel-2.8.7-api.jar with ClasspathEntrySnapshotTransform
Transforming jetified-lifecycle-viewmodel-release-api.jar with ClasspathEntrySnapshotTransform
Transforming jetified-coil-2.6.0-api.jar with ClasspathEntrySnapshotTransform
Transforming jetified-coil-base-2.6.0-api.jar with ClasspathEntrySnapshotTransform
Transforming jetified-lifecycle-runtime-release-api.jar with ClasspathEntrySnapshotTransform
Transforming lifecycle-livedata-core-2.8.7-api.jar with ClasspathEntrySnapshotTransform
Transforming jetified-lifecycle-runtime-compose-release-api.jar with ClasspathEntrySnapshotTransform
Transforming jetified-lifecycle-viewmodel-compose-release-api.jar with ClasspathEntrySnapshotTransform
Transforming jetified-ui-release-api.jar with ClasspathEntrySnapshotTransform
Transforming jetified-ui-tooling-release-api.jar with ClasspathEntrySnapshotTransform
Transforming jetified-ui-test-manifest-1.6.2-api.jar with ClasspathEntrySnapshotTransform
Transforming jetified-activity-1.9.3-api.jar with ClasspathEntrySnapshotTransform
Transforming jetified-lifecycle-viewmodel-savedstate-2.8.7-api.jar with ClasspathEntrySnapshotTransform
Transforming jetified-lifecycle-runtime-ktx-release-api.jar with ClasspathEntrySnapshotTransform
Transforming work-runtime-ktx-2.9.1-api.jar with ClasspathEntrySnapshotTransform
Transforming work-runtime-2.9.1-api.jar with ClasspathEntrySnapshotTransform
Transforming lifecycle-livedata-2.8.7-api.jar with ClasspathEntrySnapshotTransform
Transforming jetified-lifecycle-livedata-core-ktx-2.8.7-api.jar with ClasspathEntrySnapshotTransform
Transforming jetified-lifecycle-livedata-ktx-2.8.7-api.jar with ClasspathEntrySnapshotTransform
Transforming jetified-lifecycle-viewmodel-ktx-2.8.7-api.jar with ClasspathEntrySnapshotTransform
Transforming jetified-runtime-saveable-release-api.jar with ClasspathEntrySnapshotTransform
Transforming jetified-runtime-release-api.jar with ClasspathEntrySnapshotTransform
Transforming jetified-kotlinx-coroutines-android-1.9.0.jar with ClasspathEntrySnapshotTransform
Transforming jetified-ktor-server-content-negotiation-jvm-2.3.7.jar with ClasspathEntrySnapshotTransform
Transforming jetified-ktor-server-cors-jvm-2.3.7.jar with ClasspathEntrySnapshotTransform
Transforming jetified-ktor-server-status-pages-jvm-2.3.7.jar with ClasspathEntrySnapshotTransform
Transforming jetified-ktor-server-cio-jvm-2.3.7.jar with ClasspathEntrySnapshotTransform
Transforming jetified-ktor-server-host-common-jvm-2.3.7.jar with ClasspathEntrySnapshotTransform
Transforming jetified-ktor-server-core-jvm-2.3.7.jar with ClasspathEntrySnapshotTransform
Transforming jetified-ktor-serialization-gson-jvm-2.3.7.jar with ClasspathEntrySnapshotTransform
Transforming jetified-ktor-serialization-jvm-2.3.7.jar with ClasspathEntrySnapshotTransform
Transforming jetified-ktor-events-jvm-2.3.7.jar with ClasspathEntrySnapshotTransform
Transforming jetified-ktor-http-cio-jvm-2.3.7.jar with ClasspathEntrySnapshotTransform
Transforming jetified-ktor-websockets-jvm-2.3.7.jar with ClasspathEntrySnapshotTransform
Transforming jetified-ktor-http-jvm-2.3.7.jar with ClasspathEntrySnapshotTransform
Transforming jetified-ktor-network-jvm-2.3.7.jar with ClasspathEntrySnapshotTransform
Transforming jetified-ktor-utils-jvm-2.3.7.jar with ClasspathEntrySnapshotTransform
Transforming jetified-ktor-io-jvm-2.3.7.jar with ClasspathEntrySnapshotTransform
Transforming jetified-kotlinx-coroutines-jdk8-1.9.0.jar with ClasspathEntrySnapshotTransform
Transforming jetified-ads-adservices-java-1.0.0-beta05-api.jar with ClasspathEntrySnapshotTransform
Transforming jetified-ads-adservices-1.0.0-beta05-api.jar with ClasspathEntrySnapshotTransform
Transforming jetified-kotlinx-coroutines-core-jvm-1.9.0.jar with ClasspathEntrySnapshotTransform
Transforming jetified-kotlinx-coroutines-play-services-1.9.0.jar with ClasspathEntrySnapshotTransform
Transforming jetified-firebase-installations-interop-17.1.1-api.jar with ClasspathEntrySnapshotTransform
Transforming jetified-play-services-tasks-18.2.0-api.jar with ClasspathEntrySnapshotTransform
Transforming jetified-play-services-ads-identifier-18.0.0-api.jar with ClasspathEntrySnapshotTransform
Transforming jetified-play-services-measurement-sdk-api-22.0.2-api.jar with ClasspathEntrySnapshotTransform
Transforming jetified-play-services-measurement-base-22.0.2-api.jar with ClasspathEntrySnapshotTransform
Transforming jetified-firebase-measurement-connector-19.0.0-api.jar with ClasspathEntrySnapshotTransform
Transforming jetified-play-services-basement-18.4.0-api.jar with ClasspathEntrySnapshotTransform
Transforming fragment-1.8.5-api.jar with ClasspathEntrySnapshotTransform
Transforming jetified-fragment-ktx-1.8.5-api.jar with ClasspathEntrySnapshotTransform
Transforming jetified-activity-ktx-1.9.3-api.jar with ClasspathEntrySnapshotTransform
Transforming jetified-core-ktx-1.13.1-api.jar with ClasspathEntrySnapshotTransform
Transforming jetified-kotlin-android-extensions-runtime-1.9.25.jar with ClasspathEntrySnapshotTransform
Transforming jetified-savedstate-ktx-1.2.1-api.jar with ClasspathEntrySnapshotTransform
Transforming jetified-savedstate-1.2.1-api.jar with ClasspathEntrySnapshotTransform
Transforming jetified-media3-exoplayer-1.4.1-api.jar with ClasspathEntrySnapshotTransform
Transforming jetified-media3-container-1.4.1-api.jar with ClasspathEntrySnapshotTransform
Transforming jetified-media3-common-1.4.1-api.jar with ClasspathEntrySnapshotTransform
Transforming jetified-annotation-experimental-1.4.1-api.jar with ClasspathEntrySnapshotTransform
Transforming jetified-logging-interceptor-4.12.0.jar with ClasspathEntrySnapshotTransform
Transforming jetified-converter-gson-2.9.0.jar with ClasspathEntrySnapshotTransform
Transforming jetified-converter-scalars-2.9.0.jar with ClasspathEntrySnapshotTransform
Transforming jetified-retrofit-2.9.0.jar with ClasspathEntrySnapshotTransform
Transforming jetified-media3-datasource-okhttp-1.4.1-api.jar with ClasspathEntrySnapshotTransform
Transforming jetified-okhttp-4.12.0.jar with ClasspathEntrySnapshotTransform
Transforming jetified-kotlin-stdlib-jdk8-1.9.0.jar with ClasspathEntrySnapshotTransform
Transforming jetified-security-crypto-1.1.0-alpha06-api.jar with ClasspathEntrySnapshotTransform
Transforming cursoradapter-1.0.0-api.jar with ClasspathEntrySnapshotTransform
Transforming cardview-1.0.0-api.jar with ClasspathEntrySnapshotTransform
Transforming sqlite-framework-2.4.0-api.jar with ClasspathEntrySnapshotTransform
Transforming sqlite-2.4.0-api.jar with ClasspathEntrySnapshotTransform
Transforming jetified-gifdecoder-4.16.0-api.jar with ClasspathEntrySnapshotTransform
Transforming versionedparcelable-1.1.1-api.jar with ClasspathEntrySnapshotTransform
Transforming core-runtime-2.2.0-api.jar with ClasspathEntrySnapshotTransform
Transforming interpolator-1.0.0-api.jar with ClasspathEntrySnapshotTransform
Transforming jetified-collection-ktx-1.4.0.jar with ClasspathEntrySnapshotTransform
Transforming jetified-collection-jvm-1.4.0.jar with ClasspathEntrySnapshotTransform
Transforming documentfile-1.0.0-api.jar with ClasspathEntrySnapshotTransform
Transforming localbroadcastmanager-1.0.0-api.jar with ClasspathEntrySnapshotTransform
Transforming print-1.0.0-api.jar with ClasspathEntrySnapshotTransform
Transforming core-common-2.2.0.jar with ClasspathEntrySnapshotTransform
Transforming jetified-annotation-jvm-1.8.1.jar with ClasspathEntrySnapshotTransform
Transforming jetified-kotlin-stdlib-jdk7-1.9.0.jar with ClasspathEntrySnapshotTransform
Transforming jetified-kotlin-reflect-1.8.22.jar with ClasspathEntrySnapshotTransform
Transforming jetified-okio-jvm-3.8.0.jar with ClasspathEntrySnapshotTransform
Transforming jetified-kotlin-stdlib-2.0.0.jar with ClasspathEntrySnapshotTransform
Transforming multidex-2.0.1-api.jar with ClasspathEntrySnapshotTransform
Transforming constraintlayout-2.1.4-api.jar with ClasspathEntrySnapshotTransform
Transforming jetified-gson-2.10.1.jar with ClasspathEntrySnapshotTransform
Transforming jetified-media3-exoplayer-hls-1.4.1-api.jar with ClasspathEntrySnapshotTransform
Transforming jetified-media3-ui-1.4.1-api.jar with ClasspathEntrySnapshotTransform
Transforming jetified-media3-extractor-1.4.1-api.jar with ClasspathEntrySnapshotTransform
Transforming jetified-zxing-android-embedded-4.3.0-api.jar with ClasspathEntrySnapshotTransform
Transforming jetified-core-3.5.2.jar with ClasspathEntrySnapshotTransform
Transforming jetified-annotations-23.0.0.jar with ClasspathEntrySnapshotTransform
Transforming jetified-guava-33.0.0-android.jar with ClasspathEntrySnapshotTransform
Transforming jetified-listenablefuture-9999.0-empty-to-avoid-conflict-with-guava.jar with ClasspathEntrySnapshotTransform
Transforming jetified-startup-runtime-1.1.1-api.jar with ClasspathEntrySnapshotTransform
Transforming jetified-tracing-1.0.0-api.jar with ClasspathEntrySnapshotTransform
Transforming jetified-resourceinspection-annotation-1.0.1.jar with ClasspathEntrySnapshotTransform
Transforming jetified-error_prone_annotations-2.26.0.jar with ClasspathEntrySnapshotTransform
Transforming exifinterface-1.3.7-api.jar with ClasspathEntrySnapshotTransform
Transforming jetified-failureaccess-1.0.2.jar with ClasspathEntrySnapshotTransform
Transforming jetified-hilt-core-2.51.1.jar with ClasspathEntrySnapshotTransform
Transforming jetified-jsr305-3.0.2.jar with ClasspathEntrySnapshotTransform
Transforming jetified-checker-qual-3.41.0.jar with ClasspathEntrySnapshotTransform
Transforming jetified-media3-database-1.4.1-api.jar with ClasspathEntrySnapshotTransform
Transforming jetified-media3-datasource-1.4.1-api.jar with ClasspathEntrySnapshotTransform
Transforming jetified-media3-decoder-1.4.1-api.jar with ClasspathEntrySnapshotTransform
Transforming jetified-disklrucache-4.16.0.jar with ClasspathEntrySnapshotTransform
Transforming jetified-annotations-4.16.0.jar with ClasspathEntrySnapshotTransform
Transforming jetified-dagger-2.51.1.jar with ClasspathEntrySnapshotTransform
Transforming jetified-firebase-components-18.0.0-api.jar with ClasspathEntrySnapshotTransform
Transforming jetified-firebase-annotations-16.2.0.jar with ClasspathEntrySnapshotTransform
Transforming jetified-javax.inject-1.jar with ClasspathEntrySnapshotTransform
Transforming jetified-dagger-lint-aar-2.51.1-api.jar with ClasspathEntrySnapshotTransform
Transforming jetified-hilt-common-1.2.0.jar with ClasspathEntrySnapshotTransform
Transforming jetified-protolite-well-known-types-18.0.0-api.jar with ClasspathEntrySnapshotTransform
Transforming jetified-protobuf-javalite-3.22.3.jar with ClasspathEntrySnapshotTransform
Transforming jetified-slf4j-api-1.7.36.jar with ClasspathEntrySnapshotTransform
Transforming jetified-config-1.4.2.jar with ClasspathEntrySnapshotTransform
Transforming jetified-j2objc-annotations-2.8.jar with ClasspathEntrySnapshotTransform
Transforming android.jar with ClasspathEntrySnapshotTransform
Transforming core-lambda-stubs.jar with ClasspathEntrySnapshotTransform
Registered task dependencies: app:kotlinCompilerClasspath
Starting dependency analysis
Registered task dependencies: app:kotlinCompilerPluginClasspathDebug
Starting dependency analysis
Build cache key for task ':app:kaptGenerateStubsDebugKotlin' is ff151b3dabf61f6efa7e300f5a23b818
Skipping task ':app:kaptGenerateStubsDebugKotlin' as it is up-to-date.
Resolve mutations for :app:kaptDebugKotlin (Thread[#73,Execution worker,5,main]) started.
:app:kaptDebugKotlin (Thread[#74,Execution worker Thread 2,5,main]) started.

> Task :app:kaptDebugKotlin
Transforming R.jar with StructureTransformAction
Transforming jetified-viewbinding-8.7.1-api.jar with StructureTransformAction
Transforming jetified-kotlin-parcelize-runtime-1.9.25.jar with StructureTransformAction
Transforming jetified-preference-ktx-1.2.1-api.jar with StructureTransformAction
Transforming material-1.12.0-api.jar with StructureTransformAction
Transforming jetified-appcompat-resources-1.7.0-api.jar with StructureTransformAction
Transforming preference-1.2.1-api.jar with StructureTransformAction
Transforming appcompat-1.7.0-api.jar with StructureTransformAction
Transforming jetified-glide-4.16.0-api.jar with StructureTransformAction
Transforming jetified-hilt-work-1.2.0-api.jar with StructureTransformAction
Transforming jetified-hilt-android-2.51.1-api.jar with StructureTransformAction
Transforming jetified-viewpager2-1.1.0-beta02-api.jar with StructureTransformAction
Transforming jetified-firebase-firestore-ktx-25.0.0-api.jar with StructureTransformAction
Transforming jetified-firebase-firestore-25.0.0-api.jar with StructureTransformAction
Transforming jetified-firebase-appcheck-interop-17.0.0-api.jar with StructureTransformAction
Transforming jetified-firebase-auth-interop-19.0.2-api.jar with StructureTransformAction
Transforming jetified-firebase-analytics-ktx-22.0.2-api.jar with StructureTransformAction
Transforming jetified-firebase-analytics-22.0.2-api.jar with StructureTransformAction
Transforming jetified-play-services-measurement-api-22.0.2-api.jar with StructureTransformAction
Transforming jetified-firebase-installations-18.0.0-api.jar with StructureTransformAction
Transforming jetified-firebase-common-ktx-21.0.0-api.jar with StructureTransformAction
Transforming jetified-firebase-common-21.0.0-api.jar with StructureTransformAction
Transforming room-common-2.6.1.jar with StructureTransformAction
Transforming jetified-room-ktx-2.6.1-api.jar with StructureTransformAction
Transforming room-runtime-2.6.1-api.jar with StructureTransformAction
Transforming jetified-room-paging-2.6.1-api.jar with StructureTransformAction
Transforming jetified-paging-common-release-api.jar with StructureTransformAction
Transforming jetified-paging-common-ktx-3.3.2.jar with StructureTransformAction
Transforming jetified-paging-runtime-ktx-3.3.2-api.jar with StructureTransformAction
Transforming paging-runtime-3.3.2-api.jar with StructureTransformAction
Transforming jetified-activity-compose-1.9.3-api.jar with StructureTransformAction
Transforming jetified-material3-release-api.jar with StructureTransformAction
Transforming jetified-ui-util-release-api.jar with StructureTransformAction
Transforming jetified-ui-unit-release-api.jar with StructureTransformAction
Transforming jetified-ui-text-release-api.jar with StructureTransformAction
Transforming jetified-coil-compose-2.6.0-api.jar with StructureTransformAction
Transforming jetified-coil-compose-base-2.6.0-api.jar with StructureTransformAction
Transforming jetified-foundation-layout-release-api.jar with StructureTransformAction
Transforming jetified-material-icons-core-release-api.jar with StructureTransformAction
Transforming jetified-material-ripple-release-api.jar with StructureTransformAction
Transforming jetified-foundation-release-api.jar with StructureTransformAction
Transforming jetified-animation-core-release-api.jar with StructureTransformAction
Transforming jetified-animation-release-api.jar with StructureTransformAction
Transforming jetified-ui-geometry-release-api.jar with StructureTransformAction
Transforming jetified-ui-tooling-data-release-api.jar with StructureTransformAction
Transforming jetified-ui-tooling-preview-release-api.jar with StructureTransformAction
Transforming jetified-ui-graphics-release-api.jar with StructureTransformAction
Transforming recyclerview-1.3.2-api.jar with StructureTransformAction
Transforming drawerlayout-1.1.1-api.jar with StructureTransformAction
Transforming coordinatorlayout-1.1.0-api.jar with StructureTransformAction
Transforming dynamicanimation-1.0.0-api.jar with StructureTransformAction
Transforming transition-1.5.0-api.jar with StructureTransformAction
Transforming vectordrawable-animated-1.1.0-api.jar with StructureTransformAction
Transforming vectordrawable-1.1.0-api.jar with StructureTransformAction
Transforming viewpager-1.0.0-api.jar with StructureTransformAction
Transforming slidingpanelayout-1.2.0-api.jar with StructureTransformAction
Transforming customview-1.1.0-api.jar with StructureTransformAction
Transforming jetified-play-services-measurement-22.0.2-api.jar with StructureTransformAction
Transforming jetified-play-services-measurement-sdk-22.0.2-api.jar with StructureTransformAction
Transforming jetified-play-services-measurement-impl-22.0.2-api.jar with StructureTransformAction
Transforming jetified-play-services-stats-17.0.2-api.jar with StructureTransformAction
Transforming legacy-support-core-utils-1.0.0-api.jar with StructureTransformAction
Transforming loader-1.0.0-api.jar with StructureTransformAction
Transforming jetified-firebase-database-collection-18.0.1-api.jar with StructureTransformAction
Transforming jetified-play-services-base-18.0.1-api.jar with StructureTransformAction
Transforming core-1.13.1-api.jar with StructureTransformAction
Transforming jetified-lifecycle-common-jvm-2.8.7.jar with StructureTransformAction
Transforming lifecycle-viewmodel-2.8.7-api.jar with StructureTransformAction
Transforming jetified-lifecycle-viewmodel-release-api.jar with StructureTransformAction
Transforming jetified-coil-2.6.0-api.jar with StructureTransformAction
Transforming jetified-coil-base-2.6.0-api.jar with StructureTransformAction
Transforming jetified-lifecycle-runtime-release-api.jar with StructureTransformAction
Transforming lifecycle-livedata-core-2.8.7-api.jar with StructureTransformAction
Transforming jetified-lifecycle-runtime-compose-release-api.jar with StructureTransformAction
Transforming jetified-lifecycle-viewmodel-compose-release-api.jar with StructureTransformAction
Transforming jetified-ui-release-api.jar with StructureTransformAction
Transforming jetified-ui-tooling-release-api.jar with StructureTransformAction
Transforming jetified-ui-test-manifest-1.6.2-api.jar with StructureTransformAction
Transforming jetified-activity-1.9.3-api.jar with StructureTransformAction
Transforming jetified-lifecycle-viewmodel-savedstate-2.8.7-api.jar with StructureTransformAction
Transforming jetified-lifecycle-runtime-ktx-release-api.jar with StructureTransformAction
Transforming work-runtime-ktx-2.9.1-api.jar with StructureTransformAction
Transforming work-runtime-2.9.1-api.jar with StructureTransformAction
Transforming lifecycle-livedata-2.8.7-api.jar with StructureTransformAction
Transforming jetified-lifecycle-livedata-core-ktx-2.8.7-api.jar with StructureTransformAction
Transforming jetified-lifecycle-livedata-ktx-2.8.7-api.jar with StructureTransformAction
Transforming jetified-lifecycle-viewmodel-ktx-2.8.7-api.jar with StructureTransformAction
Transforming jetified-runtime-saveable-release-api.jar with StructureTransformAction
Transforming jetified-runtime-release-api.jar with StructureTransformAction
Transforming jetified-kotlinx-coroutines-android-1.9.0.jar with StructureTransformAction
Transforming jetified-ktor-server-content-negotiation-jvm-2.3.7.jar with StructureTransformAction
Transforming jetified-ktor-server-cors-jvm-2.3.7.jar with StructureTransformAction
Transforming jetified-ktor-server-status-pages-jvm-2.3.7.jar with StructureTransformAction
Transforming jetified-ktor-server-cio-jvm-2.3.7.jar with StructureTransformAction
Transforming jetified-ktor-server-host-common-jvm-2.3.7.jar with StructureTransformAction
Transforming jetified-ktor-server-core-jvm-2.3.7.jar with StructureTransformAction
Transforming jetified-ktor-serialization-gson-jvm-2.3.7.jar with StructureTransformAction
Transforming jetified-ktor-serialization-jvm-2.3.7.jar with StructureTransformAction
Transforming jetified-ktor-events-jvm-2.3.7.jar with StructureTransformAction
Transforming jetified-ktor-http-cio-jvm-2.3.7.jar with StructureTransformAction
Transforming jetified-ktor-websockets-jvm-2.3.7.jar with StructureTransformAction
Transforming jetified-ktor-http-jvm-2.3.7.jar with StructureTransformAction
Transforming jetified-ktor-network-jvm-2.3.7.jar with StructureTransformAction
Transforming jetified-ktor-utils-jvm-2.3.7.jar with StructureTransformAction
Transforming jetified-ktor-io-jvm-2.3.7.jar with StructureTransformAction
Transforming jetified-kotlinx-coroutines-jdk8-1.9.0.jar with StructureTransformAction
Transforming jetified-ads-adservices-java-1.0.0-beta05-api.jar with StructureTransformAction
Transforming jetified-ads-adservices-1.0.0-beta05-api.jar with StructureTransformAction
Transforming jetified-kotlinx-coroutines-core-jvm-1.9.0.jar with StructureTransformAction
Transforming jetified-kotlinx-coroutines-play-services-1.9.0.jar with StructureTransformAction
Transforming jetified-firebase-installations-interop-17.1.1-api.jar with StructureTransformAction
Transforming jetified-play-services-tasks-18.2.0-api.jar with StructureTransformAction
Transforming jetified-play-services-ads-identifier-18.0.0-api.jar with StructureTransformAction
Transforming jetified-play-services-measurement-sdk-api-22.0.2-api.jar with StructureTransformAction
Transforming jetified-play-services-measurement-base-22.0.2-api.jar with StructureTransformAction
Transforming jetified-firebase-measurement-connector-19.0.0-api.jar with StructureTransformAction
Transforming jetified-play-services-basement-18.4.0-api.jar with StructureTransformAction
Transforming fragment-1.8.5-api.jar with StructureTransformAction
Transforming jetified-fragment-ktx-1.8.5-api.jar with StructureTransformAction
Transforming jetified-activity-ktx-1.9.3-api.jar with StructureTransformAction
Transforming jetified-core-ktx-1.13.1-api.jar with StructureTransformAction
Transforming jetified-kotlin-android-extensions-runtime-1.9.25.jar with StructureTransformAction
Transforming jetified-savedstate-ktx-1.2.1-api.jar with StructureTransformAction
Transforming jetified-savedstate-1.2.1-api.jar with StructureTransformAction
Transforming jetified-media3-exoplayer-1.4.1-api.jar with StructureTransformAction
Transforming jetified-media3-container-1.4.1-api.jar with StructureTransformAction
Transforming jetified-media3-common-1.4.1-api.jar with StructureTransformAction
Transforming jetified-annotation-experimental-1.4.1-api.jar with StructureTransformAction
Transforming jetified-logging-interceptor-4.12.0.jar with StructureTransformAction
Transforming jetified-converter-gson-2.9.0.jar with StructureTransformAction
Transforming jetified-converter-scalars-2.9.0.jar with StructureTransformAction
Transforming jetified-retrofit-2.9.0.jar with StructureTransformAction
Transforming jetified-media3-datasource-okhttp-1.4.1-api.jar with StructureTransformAction
Transforming jetified-okhttp-4.12.0.jar with StructureTransformAction
Transforming jetified-kotlin-stdlib-jdk8-1.9.0.jar with StructureTransformAction
Transforming jetified-security-crypto-1.1.0-alpha06-api.jar with StructureTransformAction
Transforming cursoradapter-1.0.0-api.jar with StructureTransformAction
Transforming cardview-1.0.0-api.jar with StructureTransformAction
Transforming sqlite-framework-2.4.0-api.jar with StructureTransformAction
Transforming sqlite-2.4.0-api.jar with StructureTransformAction
Transforming jetified-gifdecoder-4.16.0-api.jar with StructureTransformAction
Transforming versionedparcelable-1.1.1-api.jar with StructureTransformAction
Transforming core-runtime-2.2.0-api.jar with StructureTransformAction
Transforming interpolator-1.0.0-api.jar with StructureTransformAction
Transforming jetified-collection-ktx-1.4.0.jar with StructureTransformAction
Transforming jetified-collection-jvm-1.4.0.jar with StructureTransformAction
Transforming documentfile-1.0.0-api.jar with StructureTransformAction
Transforming localbroadcastmanager-1.0.0-api.jar with StructureTransformAction
Transforming print-1.0.0-api.jar with StructureTransformAction
Transforming core-common-2.2.0.jar with StructureTransformAction
Transforming jetified-annotation-jvm-1.8.1.jar with StructureTransformAction
Transforming jetified-kotlin-stdlib-jdk7-1.9.0.jar with StructureTransformAction
Transforming jetified-kotlin-reflect-1.8.22.jar with StructureTransformAction
Transforming jetified-okio-jvm-3.8.0.jar with StructureTransformAction
Transforming jetified-kotlin-stdlib-2.0.0.jar with StructureTransformAction
Transforming multidex-2.0.1-api.jar with StructureTransformAction
Transforming constraintlayout-2.1.4-api.jar with StructureTransformAction
Transforming jetified-gson-2.10.1.jar with StructureTransformAction
Transforming jetified-media3-exoplayer-hls-1.4.1-api.jar with StructureTransformAction
Transforming jetified-media3-ui-1.4.1-api.jar with StructureTransformAction
Transforming jetified-media3-extractor-1.4.1-api.jar with StructureTransformAction
Transforming jetified-zxing-android-embedded-4.3.0-api.jar with StructureTransformAction
Transforming jetified-core-3.5.2.jar with StructureTransformAction
Transforming jetified-annotations-23.0.0.jar with StructureTransformAction
Transforming jetified-guava-33.0.0-android.jar with StructureTransformAction
Transforming jetified-listenablefuture-9999.0-empty-to-avoid-conflict-with-guava.jar with StructureTransformAction
Transforming jetified-startup-runtime-1.1.1-api.jar with StructureTransformAction
Transforming jetified-tracing-1.0.0-api.jar with StructureTransformAction
Transforming jetified-resourceinspection-annotation-1.0.1.jar with StructureTransformAction
Transforming jetified-error_prone_annotations-2.26.0.jar with StructureTransformAction
Transforming exifinterface-1.3.7-api.jar with StructureTransformAction
Transforming jetified-failureaccess-1.0.2.jar with StructureTransformAction
Transforming jetified-hilt-core-2.51.1.jar with StructureTransformAction
Transforming jetified-jsr305-3.0.2.jar with StructureTransformAction
Transforming jetified-checker-qual-3.41.0.jar with StructureTransformAction
Transforming jetified-media3-database-1.4.1-api.jar with StructureTransformAction
Transforming jetified-media3-datasource-1.4.1-api.jar with StructureTransformAction
Transforming jetified-media3-decoder-1.4.1-api.jar with StructureTransformAction
Transforming jetified-disklrucache-4.16.0.jar with StructureTransformAction
Transforming jetified-annotations-4.16.0.jar with StructureTransformAction
Transforming jetified-dagger-2.51.1.jar with StructureTransformAction
Transforming jetified-firebase-components-18.0.0-api.jar with StructureTransformAction
Transforming jetified-firebase-annotations-16.2.0.jar with StructureTransformAction
Transforming jetified-javax.inject-1.jar with StructureTransformAction
Transforming jetified-dagger-lint-aar-2.51.1-api.jar with StructureTransformAction
Transforming jetified-hilt-common-1.2.0.jar with StructureTransformAction
Transforming jetified-protolite-well-known-types-18.0.0-api.jar with StructureTransformAction
Transforming jetified-protobuf-javalite-3.22.3.jar with StructureTransformAction
Transforming jetified-slf4j-api-1.7.36.jar with StructureTransformAction
Transforming jetified-config-1.4.2.jar with StructureTransformAction
Transforming jetified-j2objc-annotations-2.8.jar with StructureTransformAction
Transforming android.jar with StructureTransformAction
Transforming core-lambda-stubs.jar with StructureTransformAction
file or directory 'D:\cursor working\debxtrem\app\src\debug\kotlin', not found
file or directory 'D:\cursor working\debxtrem\app\src\debug\kotlin', not found
file or directory 'D:\cursor working\debxtrem\app\src\debug\kotlin', not found
file or directory 'D:\cursor working\debxtrem\app\src\main\kotlin', not found
file or directory 'D:\cursor working\debxtrem\app\src\main\kotlin', not found
file or directory 'D:\cursor working\debxtrem\app\src\main\kotlin', not found
file or directory 'D:\cursor working\debxtrem\app\src\main\kotlin', not found
file or directory 'D:\cursor working\debxtrem\app\src\main\kotlin', not found
file or directory 'D:\cursor working\debxtrem\app\src\main\kotlin', not found
file or directory 'D:\cursor working\debxtrem\app\src\debug\kotlin', not found
file or directory 'D:\cursor working\debxtrem\app\src\debug\kotlin', not found
file or directory 'D:\cursor working\debxtrem\app\src\debug\kotlin', not found
Build cache key for task ':app:kaptDebugKotlin' is 1ea2269e2d1459c58ba0b258410054dc
Skipping task ':app:kaptDebugKotlin' as it is up-to-date.

> Task :app:kaptDebugKotlin UP-TO-DATE
Resolve mutations for :app:compileDebugKotlin (Thread[#74,Execution worker Thread 2,5,main]) started.
:app:compileDebugKotlin (Thread[#74,Execution worker Thread 2,5,main]) started.

> Task :app:compileDebugKotlin
Transforming R.jar with ClasspathEntrySnapshotTransform
Transforming jetified-viewbinding-8.7.1-api.jar with ClasspathEntrySnapshotTransform
Transforming jetified-kotlin-parcelize-runtime-1.9.25.jar with ClasspathEntrySnapshotTransform
Transforming jetified-preference-ktx-1.2.1-api.jar with ClasspathEntrySnapshotTransform
Transforming material-1.12.0-api.jar with ClasspathEntrySnapshotTransform
Transforming jetified-appcompat-resources-1.7.0-api.jar with ClasspathEntrySnapshotTransform
Transforming preference-1.2.1-api.jar with ClasspathEntrySnapshotTransform
Transforming appcompat-1.7.0-api.jar with ClasspathEntrySnapshotTransform
Transforming jetified-glide-4.16.0-api.jar with ClasspathEntrySnapshotTransform
Transforming jetified-hilt-work-1.2.0-api.jar with ClasspathEntrySnapshotTransform
Transforming jetified-hilt-android-2.51.1-api.jar with ClasspathEntrySnapshotTransform
Transforming jetified-viewpager2-1.1.0-beta02-api.jar with ClasspathEntrySnapshotTransform
Transforming jetified-firebase-firestore-ktx-25.0.0-api.jar with ClasspathEntrySnapshotTransform
Transforming jetified-firebase-firestore-25.0.0-api.jar with ClasspathEntrySnapshotTransform
Transforming jetified-firebase-appcheck-interop-17.0.0-api.jar with ClasspathEntrySnapshotTransform
Transforming jetified-firebase-auth-interop-19.0.2-api.jar with ClasspathEntrySnapshotTransform
Transforming jetified-firebase-analytics-ktx-22.0.2-api.jar with ClasspathEntrySnapshotTransform
Transforming jetified-firebase-analytics-22.0.2-api.jar with ClasspathEntrySnapshotTransform
Transforming jetified-play-services-measurement-api-22.0.2-api.jar with ClasspathEntrySnapshotTransform
Transforming jetified-firebase-installations-18.0.0-api.jar with ClasspathEntrySnapshotTransform
Transforming jetified-firebase-common-ktx-21.0.0-api.jar with ClasspathEntrySnapshotTransform
Transforming jetified-firebase-common-21.0.0-api.jar with ClasspathEntrySnapshotTransform
Transforming room-common-2.6.1.jar with ClasspathEntrySnapshotTransform
Transforming jetified-room-ktx-2.6.1-api.jar with ClasspathEntrySnapshotTransform
Transforming room-runtime-2.6.1-api.jar with ClasspathEntrySnapshotTransform
Transforming jetified-room-paging-2.6.1-api.jar with ClasspathEntrySnapshotTransform
Transforming jetified-paging-common-release-api.jar with ClasspathEntrySnapshotTransform
Transforming jetified-paging-common-ktx-3.3.2.jar with ClasspathEntrySnapshotTransform
Transforming jetified-paging-runtime-ktx-3.3.2-api.jar with ClasspathEntrySnapshotTransform
Transforming paging-runtime-3.3.2-api.jar with ClasspathEntrySnapshotTransform
Transforming jetified-activity-compose-1.9.3-api.jar with ClasspathEntrySnapshotTransform
Transforming jetified-material3-release-api.jar with ClasspathEntrySnapshotTransform
Transforming jetified-ui-util-release-api.jar with ClasspathEntrySnapshotTransform
Transforming jetified-ui-unit-release-api.jar with ClasspathEntrySnapshotTransform
Transforming jetified-ui-text-release-api.jar with ClasspathEntrySnapshotTransform
Transforming jetified-coil-compose-2.6.0-api.jar with ClasspathEntrySnapshotTransform
Transforming jetified-coil-compose-base-2.6.0-api.jar with ClasspathEntrySnapshotTransform
Transforming jetified-foundation-layout-release-api.jar with ClasspathEntrySnapshotTransform
Transforming jetified-material-icons-core-release-api.jar with ClasspathEntrySnapshotTransform
Transforming jetified-material-ripple-release-api.jar with ClasspathEntrySnapshotTransform
Transforming jetified-foundation-release-api.jar with ClasspathEntrySnapshotTransform
Transforming jetified-animation-core-release-api.jar with ClasspathEntrySnapshotTransform
Transforming jetified-animation-release-api.jar with ClasspathEntrySnapshotTransform
Transforming jetified-ui-geometry-release-api.jar with ClasspathEntrySnapshotTransform
Transforming jetified-ui-tooling-data-release-api.jar with ClasspathEntrySnapshotTransform
Transforming jetified-ui-tooling-preview-release-api.jar with ClasspathEntrySnapshotTransform
Transforming jetified-ui-graphics-release-api.jar with ClasspathEntrySnapshotTransform
Transforming recyclerview-1.3.2-api.jar with ClasspathEntrySnapshotTransform
Transforming drawerlayout-1.1.1-api.jar with ClasspathEntrySnapshotTransform
Transforming coordinatorlayout-1.1.0-api.jar with ClasspathEntrySnapshotTransform
Transforming dynamicanimation-1.0.0-api.jar with ClasspathEntrySnapshotTransform
Transforming transition-1.5.0-api.jar with ClasspathEntrySnapshotTransform
Transforming vectordrawable-animated-1.1.0-api.jar with ClasspathEntrySnapshotTransform
Transforming vectordrawable-1.1.0-api.jar with ClasspathEntrySnapshotTransform
Transforming viewpager-1.0.0-api.jar with ClasspathEntrySnapshotTransform
Transforming slidingpanelayout-1.2.0-api.jar with ClasspathEntrySnapshotTransform
Transforming customview-1.1.0-api.jar with ClasspathEntrySnapshotTransform
Transforming jetified-play-services-measurement-22.0.2-api.jar with ClasspathEntrySnapshotTransform
Transforming jetified-play-services-measurement-sdk-22.0.2-api.jar with ClasspathEntrySnapshotTransform
Transforming jetified-play-services-measurement-impl-22.0.2-api.jar with ClasspathEntrySnapshotTransform
Transforming jetified-play-services-stats-17.0.2-api.jar with ClasspathEntrySnapshotTransform
Transforming legacy-support-core-utils-1.0.0-api.jar with ClasspathEntrySnapshotTransform
Transforming loader-1.0.0-api.jar with ClasspathEntrySnapshotTransform
Transforming jetified-firebase-database-collection-18.0.1-api.jar with ClasspathEntrySnapshotTransform
Transforming jetified-play-services-base-18.0.1-api.jar with ClasspathEntrySnapshotTransform
Transforming core-1.13.1-api.jar with ClasspathEntrySnapshotTransform
Transforming jetified-lifecycle-common-jvm-2.8.7.jar with ClasspathEntrySnapshotTransform
Transforming lifecycle-viewmodel-2.8.7-api.jar with ClasspathEntrySnapshotTransform
Transforming jetified-lifecycle-viewmodel-release-api.jar with ClasspathEntrySnapshotTransform
Transforming jetified-coil-2.6.0-api.jar with ClasspathEntrySnapshotTransform
Transforming jetified-coil-base-2.6.0-api.jar with ClasspathEntrySnapshotTransform
Transforming jetified-lifecycle-runtime-release-api.jar with ClasspathEntrySnapshotTransform
Transforming lifecycle-livedata-core-2.8.7-api.jar with ClasspathEntrySnapshotTransform
Transforming jetified-lifecycle-runtime-compose-release-api.jar with ClasspathEntrySnapshotTransform
Transforming jetified-lifecycle-viewmodel-compose-release-api.jar with ClasspathEntrySnapshotTransform
Transforming jetified-ui-release-api.jar with ClasspathEntrySnapshotTransform
Transforming jetified-ui-tooling-release-api.jar with ClasspathEntrySnapshotTransform
Transforming jetified-ui-test-manifest-1.6.2-api.jar with ClasspathEntrySnapshotTransform
Transforming jetified-activity-1.9.3-api.jar with ClasspathEntrySnapshotTransform
Transforming jetified-lifecycle-viewmodel-savedstate-2.8.7-api.jar with ClasspathEntrySnapshotTransform
Transforming jetified-lifecycle-runtime-ktx-release-api.jar with ClasspathEntrySnapshotTransform
Transforming work-runtime-ktx-2.9.1-api.jar with ClasspathEntrySnapshotTransform
Transforming work-runtime-2.9.1-api.jar with ClasspathEntrySnapshotTransform
Transforming lifecycle-livedata-2.8.7-api.jar with ClasspathEntrySnapshotTransform
Transforming jetified-lifecycle-livedata-core-ktx-2.8.7-api.jar with ClasspathEntrySnapshotTransform
Transforming jetified-lifecycle-livedata-ktx-2.8.7-api.jar with ClasspathEntrySnapshotTransform
Transforming jetified-lifecycle-viewmodel-ktx-2.8.7-api.jar with ClasspathEntrySnapshotTransform
Transforming jetified-runtime-saveable-release-api.jar with ClasspathEntrySnapshotTransform
Transforming jetified-runtime-release-api.jar with ClasspathEntrySnapshotTransform
Transforming jetified-kotlinx-coroutines-android-1.9.0.jar with ClasspathEntrySnapshotTransform
Transforming jetified-ktor-server-content-negotiation-jvm-2.3.7.jar with ClasspathEntrySnapshotTransform
Transforming jetified-ktor-server-cors-jvm-2.3.7.jar with ClasspathEntrySnapshotTransform
Transforming jetified-ktor-server-status-pages-jvm-2.3.7.jar with ClasspathEntrySnapshotTransform
Transforming jetified-ktor-server-cio-jvm-2.3.7.jar with ClasspathEntrySnapshotTransform
Transforming jetified-ktor-server-host-common-jvm-2.3.7.jar with ClasspathEntrySnapshotTransform
Transforming jetified-ktor-server-core-jvm-2.3.7.jar with ClasspathEntrySnapshotTransform
Transforming jetified-ktor-serialization-gson-jvm-2.3.7.jar with ClasspathEntrySnapshotTransform
Transforming jetified-ktor-serialization-jvm-2.3.7.jar with ClasspathEntrySnapshotTransform
Transforming jetified-ktor-events-jvm-2.3.7.jar with ClasspathEntrySnapshotTransform
Transforming jetified-ktor-http-cio-jvm-2.3.7.jar with ClasspathEntrySnapshotTransform
Transforming jetified-ktor-websockets-jvm-2.3.7.jar with ClasspathEntrySnapshotTransform
Transforming jetified-ktor-http-jvm-2.3.7.jar with ClasspathEntrySnapshotTransform
Transforming jetified-ktor-network-jvm-2.3.7.jar with ClasspathEntrySnapshotTransform
Transforming jetified-ktor-utils-jvm-2.3.7.jar with ClasspathEntrySnapshotTransform
Transforming jetified-ktor-io-jvm-2.3.7.jar with ClasspathEntrySnapshotTransform
Transforming jetified-kotlinx-coroutines-jdk8-1.9.0.jar with ClasspathEntrySnapshotTransform
Transforming jetified-ads-adservices-java-1.0.0-beta05-api.jar with ClasspathEntrySnapshotTransform
Transforming jetified-ads-adservices-1.0.0-beta05-api.jar with ClasspathEntrySnapshotTransform
Transforming jetified-kotlinx-coroutines-core-jvm-1.9.0.jar with ClasspathEntrySnapshotTransform
Transforming jetified-kotlinx-coroutines-play-services-1.9.0.jar with ClasspathEntrySnapshotTransform
Transforming jetified-firebase-installations-interop-17.1.1-api.jar with ClasspathEntrySnapshotTransform
Transforming jetified-play-services-tasks-18.2.0-api.jar with ClasspathEntrySnapshotTransform
Transforming jetified-play-services-ads-identifier-18.0.0-api.jar with ClasspathEntrySnapshotTransform
Transforming jetified-play-services-measurement-sdk-api-22.0.2-api.jar with ClasspathEntrySnapshotTransform
Transforming jetified-play-services-measurement-base-22.0.2-api.jar with ClasspathEntrySnapshotTransform
Transforming jetified-firebase-measurement-connector-19.0.0-api.jar with ClasspathEntrySnapshotTransform
Transforming jetified-play-services-basement-18.4.0-api.jar with ClasspathEntrySnapshotTransform
Transforming fragment-1.8.5-api.jar with ClasspathEntrySnapshotTransform
Transforming jetified-fragment-ktx-1.8.5-api.jar with ClasspathEntrySnapshotTransform
Transforming jetified-activity-ktx-1.9.3-api.jar with ClasspathEntrySnapshotTransform
Transforming jetified-core-ktx-1.13.1-api.jar with ClasspathEntrySnapshotTransform
Transforming jetified-kotlin-android-extensions-runtime-1.9.25.jar with ClasspathEntrySnapshotTransform
Transforming jetified-savedstate-ktx-1.2.1-api.jar with ClasspathEntrySnapshotTransform
Transforming jetified-savedstate-1.2.1-api.jar with ClasspathEntrySnapshotTransform
Transforming jetified-media3-exoplayer-1.4.1-api.jar with ClasspathEntrySnapshotTransform
Transforming jetified-media3-container-1.4.1-api.jar with ClasspathEntrySnapshotTransform
Transforming jetified-media3-common-1.4.1-api.jar with ClasspathEntrySnapshotTransform
Transforming jetified-annotation-experimental-1.4.1-api.jar with ClasspathEntrySnapshotTransform
Transforming jetified-logging-interceptor-4.12.0.jar with ClasspathEntrySnapshotTransform
Transforming jetified-converter-gson-2.9.0.jar with ClasspathEntrySnapshotTransform
Transforming jetified-converter-scalars-2.9.0.jar with ClasspathEntrySnapshotTransform
Transforming jetified-retrofit-2.9.0.jar with ClasspathEntrySnapshotTransform
Transforming jetified-media3-datasource-okhttp-1.4.1-api.jar with ClasspathEntrySnapshotTransform
Transforming jetified-okhttp-4.12.0.jar with ClasspathEntrySnapshotTransform
Transforming jetified-kotlin-stdlib-jdk8-1.9.0.jar with ClasspathEntrySnapshotTransform
Transforming jetified-security-crypto-1.1.0-alpha06-api.jar with ClasspathEntrySnapshotTransform
Transforming cursoradapter-1.0.0-api.jar with ClasspathEntrySnapshotTransform
Transforming cardview-1.0.0-api.jar with ClasspathEntrySnapshotTransform
Transforming sqlite-framework-2.4.0-api.jar with ClasspathEntrySnapshotTransform
Transforming sqlite-2.4.0-api.jar with ClasspathEntrySnapshotTransform
Transforming jetified-gifdecoder-4.16.0-api.jar with ClasspathEntrySnapshotTransform
Transforming versionedparcelable-1.1.1-api.jar with ClasspathEntrySnapshotTransform
Transforming core-runtime-2.2.0-api.jar with ClasspathEntrySnapshotTransform
Transforming interpolator-1.0.0-api.jar with ClasspathEntrySnapshotTransform
Transforming jetified-collection-ktx-1.4.0.jar with ClasspathEntrySnapshotTransform
Transforming jetified-collection-jvm-1.4.0.jar with ClasspathEntrySnapshotTransform
Transforming documentfile-1.0.0-api.jar with ClasspathEntrySnapshotTransform
Transforming localbroadcastmanager-1.0.0-api.jar with ClasspathEntrySnapshotTransform
Transforming print-1.0.0-api.jar with ClasspathEntrySnapshotTransform
Transforming core-common-2.2.0.jar with ClasspathEntrySnapshotTransform
Transforming jetified-annotation-jvm-1.8.1.jar with ClasspathEntrySnapshotTransform
Transforming jetified-kotlin-stdlib-jdk7-1.9.0.jar with ClasspathEntrySnapshotTransform
Transforming jetified-kotlin-reflect-1.8.22.jar with ClasspathEntrySnapshotTransform
Transforming jetified-okio-jvm-3.8.0.jar with ClasspathEntrySnapshotTransform
Transforming jetified-kotlin-stdlib-2.0.0.jar with ClasspathEntrySnapshotTransform
Transforming multidex-2.0.1-api.jar with ClasspathEntrySnapshotTransform
Transforming constraintlayout-2.1.4-api.jar with ClasspathEntrySnapshotTransform
Transforming jetified-gson-2.10.1.jar with ClasspathEntrySnapshotTransform
Transforming jetified-media3-exoplayer-hls-1.4.1-api.jar with ClasspathEntrySnapshotTransform
Transforming jetified-media3-ui-1.4.1-api.jar with ClasspathEntrySnapshotTransform
Transforming jetified-media3-extractor-1.4.1-api.jar with ClasspathEntrySnapshotTransform
Transforming jetified-zxing-android-embedded-4.3.0-api.jar with ClasspathEntrySnapshotTransform
Transforming jetified-core-3.5.2.jar with ClasspathEntrySnapshotTransform
Transforming jetified-annotations-23.0.0.jar with ClasspathEntrySnapshotTransform
Transforming jetified-guava-33.0.0-android.jar with ClasspathEntrySnapshotTransform
Transforming jetified-listenablefuture-9999.0-empty-to-avoid-conflict-with-guava.jar with ClasspathEntrySnapshotTransform
Transforming jetified-startup-runtime-1.1.1-api.jar with ClasspathEntrySnapshotTransform
Transforming jetified-tracing-1.0.0-api.jar with ClasspathEntrySnapshotTransform
Transforming jetified-resourceinspection-annotation-1.0.1.jar with ClasspathEntrySnapshotTransform
Transforming jetified-error_prone_annotations-2.26.0.jar with ClasspathEntrySnapshotTransform
Transforming exifinterface-1.3.7-api.jar with ClasspathEntrySnapshotTransform
Transforming jetified-failureaccess-1.0.2.jar with ClasspathEntrySnapshotTransform
Transforming jetified-hilt-core-2.51.1.jar with ClasspathEntrySnapshotTransform
Transforming jetified-jsr305-3.0.2.jar with ClasspathEntrySnapshotTransform
Transforming jetified-checker-qual-3.41.0.jar with ClasspathEntrySnapshotTransform
Transforming jetified-media3-database-1.4.1-api.jar with ClasspathEntrySnapshotTransform
Transforming jetified-media3-datasource-1.4.1-api.jar with ClasspathEntrySnapshotTransform
Transforming jetified-media3-decoder-1.4.1-api.jar with ClasspathEntrySnapshotTransform
Transforming jetified-disklrucache-4.16.0.jar with ClasspathEntrySnapshotTransform
Transforming jetified-annotations-4.16.0.jar with ClasspathEntrySnapshotTransform
Transforming jetified-dagger-2.51.1.jar with ClasspathEntrySnapshotTransform
Transforming jetified-firebase-components-18.0.0-api.jar with ClasspathEntrySnapshotTransform
Transforming jetified-firebase-annotations-16.2.0.jar with ClasspathEntrySnapshotTransform
Transforming jetified-javax.inject-1.jar with ClasspathEntrySnapshotTransform
Transforming jetified-dagger-lint-aar-2.51.1-api.jar with ClasspathEntrySnapshotTransform
Transforming jetified-hilt-common-1.2.0.jar with ClasspathEntrySnapshotTransform
Transforming jetified-protolite-well-known-types-18.0.0-api.jar with ClasspathEntrySnapshotTransform
Transforming jetified-protobuf-javalite-3.22.3.jar with ClasspathEntrySnapshotTransform
Transforming jetified-slf4j-api-1.7.36.jar with ClasspathEntrySnapshotTransform
Transforming jetified-config-1.4.2.jar with ClasspathEntrySnapshotTransform
Transforming jetified-j2objc-annotations-2.8.jar with ClasspathEntrySnapshotTransform
Transforming android.jar with ClasspathEntrySnapshotTransform
Transforming core-lambda-stubs.jar with ClasspathEntrySnapshotTransform
Transforming debug with ClasspathEntrySnapshotTransform
Build cache key for task ':app:compileDebugKotlin' is 5c9259b2f39542a9b477274f578c34f9
Task ':app:compileDebugKotlin' is not up-to-date because:
  Task has failed previously.
The input changes require a full rebuild for incremental task ':app:compileDebugKotlin'.
file or directory 'D:\cursor working\debxtrem\app\src\debug\kotlin', not found
file or directory 'D:\cursor working\debxtrem\app\src\debug\kotlin', not found
file or directory 'D:\cursor working\debxtrem\app\src\debug\kotlin', not found
file or directory 'D:\cursor working\debxtrem\app\src\debug\kotlin', not found
file or directory 'D:\cursor working\debxtrem\app\src\debug\kotlin', not found
file or directory 'D:\cursor working\debxtrem\app\src\debug\kotlin', not found
file or directory 'D:\cursor working\debxtrem\app\src\main\kotlin', not found
file or directory 'D:\cursor working\debxtrem\app\src\main\kotlin', not found
file or directory 'D:\cursor working\debxtrem\app\src\main\kotlin', not found
file or directory 'D:\cursor working\debxtrem\app\src\main\kotlin', not found
file or directory 'D:\cursor working\debxtrem\app\src\main\kotlin', not found
file or directory 'D:\cursor working\debxtrem\app\src\main\kotlin', not found
file or directory 'D:\cursor working\debxtrem\app\src\debug\kotlin', not found
file or directory 'D:\cursor working\debxtrem\app\src\debug\kotlin', not found
file or directory 'D:\cursor working\debxtrem\app\src\debug\kotlin', not found
file or directory 'D:\cursor working\debxtrem\app\src\debug\kotlin', not found
file or directory 'D:\cursor working\debxtrem\app\src\debug\kotlin', not found
file or directory 'D:\cursor working\debxtrem\app\src\debug\kotlin', not found
file or directory 'D:\cursor working\debxtrem\app\src\main\kotlin', not found
file or directory 'D:\cursor working\debxtrem\app\src\main\kotlin', not found
file or directory 'D:\cursor working\debxtrem\app\src\debug\kotlin', not found
file or directory 'D:\cursor working\debxtrem\app\src\debug\kotlin', not found
file or directory 'D:\cursor working\debxtrem\app\src\debug\kotlin', not found
file or directory 'D:\cursor working\debxtrem\app\src\debug\kotlin', not found
file or directory 'D:\cursor working\debxtrem\app\src\debug\kotlin', not found
file or directory 'D:\cursor working\debxtrem\app\src\debug\kotlin', not found
file or directory 'D:\cursor working\debxtrem\app\src\main\kotlin', not found
file or directory 'D:\cursor working\debxtrem\app\src\main\kotlin', not found
file or directory 'D:\cursor working\debxtrem\app\src\main\kotlin', not found
file or directory 'D:\cursor working\debxtrem\app\src\main\kotlin', not found
file or directory 'D:\cursor working\debxtrem\app\src\main\kotlin', not found
file or directory 'D:\cursor working\debxtrem\app\src\main\kotlin', not found
file or directory 'D:\cursor working\debxtrem\app\src\debug\kotlin', not found
file or directory 'D:\cursor working\debxtrem\app\src\debug\kotlin', not found
file or directory 'D:\cursor working\debxtrem\app\src\debug\kotlin', not found
file or directory 'D:\cursor working\debxtrem\app\src\debug\kotlin', not found
file or directory 'D:\cursor working\debxtrem\app\src\debug\kotlin', not found
file or directory 'D:\cursor working\debxtrem\app\src\debug\kotlin', not found
file or directory 'D:\cursor working\debxtrem\app\src\main\kotlin', not found
file or directory 'D:\cursor working\debxtrem\app\src\main\kotlin', not found
file or directory 'D:\cursor working\debxtrem\app\src\main\kotlin', not found
file or directory 'D:\cursor working\debxtrem\app\src\main\kotlin', not found
file or directory 'D:\cursor working\debxtrem\app\src\main\kotlin', not found
file or directory 'D:\cursor working\debxtrem\app\src\main\kotlin', not found
file or directory 'D:\cursor working\debxtrem\app\src\debug\kotlin', not found
file or directory 'D:\cursor working\debxtrem\app\src\debug\kotlin', not found
file or directory 'D:\cursor working\debxtrem\app\src\debug\kotlin', not found
file or directory 'D:\cursor working\debxtrem\app\src\debug\kotlin', not found
file or directory 'D:\cursor working\debxtrem\app\src\debug\kotlin', not found
file or directory 'D:\cursor working\debxtrem\app\src\debug\kotlin', not found
file or directory 'D:\cursor working\debxtrem\app\src\main\kotlin', not found
file or directory 'D:\cursor working\debxtrem\app\src\main\kotlin', not found
file or directory 'D:\cursor working\debxtrem\app\src\main\kotlin', not found
file or directory 'D:\cursor working\debxtrem\app\src\main\kotlin', not found
file or directory 'D:\cursor working\debxtrem\app\src\main\kotlin', not found
file or directory 'D:\cursor working\debxtrem\app\src\main\kotlin', not found
Kotlin source files: D:\cursor working\debxtrem\app\src\main\java\com\tvonnet\debridxtreamiptv\App.kt, D:\cursor working\debxtrem\app\src\main\java\com\tvonnet\debridxtreamiptv\core\featureflag\FeatureFlagManager.kt, D:\cursor working\debxtrem\app\src\main\java\com\tvonnet\debridxtreamiptv\core\network\NetworkExtensions.kt, D:\cursor working\debxtrem\app\src\main\java\com\tvonnet\debridxtreamiptv\core\network\NetworkResult.kt, D:\cursor working\debxtrem\app\src\main\java\com\tvonnet\debridxtreamiptv\data\cache\CachedData.kt, D:\cursor working\debxtrem\app\src\main\java\com\tvonnet\debridxtreamiptv\data\cache\CacheHelper.kt, D:\cursor working\debxtrem\app\src\main\java\com\tvonnet\debridxtreamiptv\data\cache\CacheManager.kt, D:\cursor working\debxtrem\app\src\main\java\com\tvonnet\debridxtreamiptv\data\cache\FavoritesCache.kt, D:\cursor working\debxtrem\app\src\main\java\com\tvonnet\debridxtreamiptv\data\debrid\api\AddonCatalogService.kt, D:\cursor working\debxtrem\app\src\main\java\com\tvonnet\debridxtreamiptv\data\debrid\api\AddonCatalogServiceFactory.kt, D:\cursor working\debxtrem\app\src\main\java\com\tvonnet\debridxtreamiptv\data\debrid\api\RealDebridApiService.kt, D:\cursor working\debxtrem\app\src\main\java\com\tvonnet\debridxtreamiptv\data\debrid\api\RealDebridAuthInterceptor.kt, D:\cursor working\debxtrem\app\src\main\java\com\tvonnet\debridxtreamiptv\data\debrid\api\RealDebridServiceFactory.kt, D:\cursor working\debxtrem\app\src\main\java\com\tvonnet\debridxtreamiptv\data\debrid\api\TmdbApiService.kt, D:\cursor working\debxtrem\app\src\main\java\com\tvonnet\debridxtreamiptv\data\debrid\di\DebridModule.kt, D:\cursor working\debxtrem\app\src\main\java\com\tvonnet\debridxtreamiptv\data\debrid\di\RealDebridQualifiers.kt, D:\cursor working\debxtrem\app\src\main\java\com\tvonnet\debridxtreamiptv\data\debrid\model\AddonMappers.kt, D:\cursor working\debxtrem\app\src\main\java\com\tvonnet\debridxtreamiptv\data\debrid\model\AddonModels.kt, D:\cursor working\debxtrem\app\src\main\java\com\tvonnet\debridxtreamiptv\data\debrid\model\DebridRowConfig.kt, D:\cursor working\debxtrem\app\src\main\java\com\tvonnet\debridxtreamiptv\data\debrid\model\RealDebridConstants.kt, D:\cursor working\debxtrem\app\src\main\java\com\tvonnet\debridxtreamiptv\data\debrid\model\RealDebridModels.kt, D:\cursor working\debxtrem\app\src\main\java\com\tvonnet\debridxtreamiptv\data\debrid\model\TmdbModels.kt, D:\cursor working\debxtrem\app\src\main\java\com\tvonnet\debridxtreamiptv\data\debrid\model\TmdbVideoResponse.kt, D:\cursor working\debxtrem\app\src\main\java\com\tvonnet\debridxtreamiptv\data\debrid\repository\AddonCatalogRepository.kt, D:\cursor working\debxtrem\app\src\main\java\com\tvonnet\debridxtreamiptv\data\debrid\repository\DebridAccountRepository.kt, D:\cursor working\debxtrem\app\src\main\java\com\tvonnet\debridxtreamiptv\data\debrid\repository\DebridCatalogItem.kt, D:\cursor working\debxtrem\app\src\main\java\com\tvonnet\debridxtreamiptv\data\debrid\repository\DebridPlaybackRepository.kt, D:\cursor working\debxtrem\app\src\main\java\com\tvonnet\debridxtreamiptv\data\debrid\repository\UnifiedSourceProvider.kt, D:\cursor working\debxtrem\app\src\main\java\com\tvonnet\debridxtreamiptv\data\debrid\source\AddonRemoteDataSource.kt, D:\cursor working\debxtrem\app\src\main\java\com\tvonnet\debridxtreamiptv\data\debrid\source\MediaFusionFetcher.kt, D:\cursor working\debxtrem\app\src\main\java\com\tvonnet\debridxtreamiptv\data\debrid\source\RealDebridRemoteDataSource.kt, D:\cursor working\debxtrem\app\src\main\java\com\tvonnet\debridxtreamiptv\data\debrid\source\SimplifiedPureFireFetcher.kt, D:\cursor working\debxtrem\app\src\main\java\com\tvonnet\debridxtreamiptv\data\debrid\source\TmdbRemoteDataSource.kt, D:\cursor working\debxtrem\app\src\main\java\com\tvonnet\debridxtreamiptv\data\debrid\util\LanguageParser.kt, D:\cursor working\debxtrem\app\src\main\java\com\tvonnet\debridxtreamiptv\data\epg\EpgParser.kt, D:\cursor working\debxtrem\app\src\main\java\com\tvonnet\debridxtreamiptv\data\local\AppDatabase.kt, D:\cursor working\debxtrem\app\src\main\java\com\tvonnet\debridxtreamiptv\data\local\converters\DatabaseConverters.kt, D:\cursor working\debxtrem\app\src\main\java\com\tvonnet\debridxtreamiptv\data\local\dao\CategoryDao.kt, D:\cursor working\debxtrem\app\src\main\java\com\tvonnet\debridxtreamiptv\data\local\dao\ChannelDao.kt, D:\cursor working\debxtrem\app\src\main\java\com\tvonnet\debridxtreamiptv\data\local\dao\EpgDao.kt, D:\cursor working\debxtrem\app\src\main\java\com\tvonnet\debridxtreamiptv\data\local\dao\FavoriteDao.kt, D:\cursor working\debxtrem\app\src\main\java\com\tvonnet\debridxtreamiptv\data\local\dao\SearchHistoryDao.kt, D:\cursor working\debxtrem\app\src\main\java\com\tvonnet\debridxtreamiptv\data\local\dao\SeriesDao.kt, D:\cursor working\debxtrem\app\src\main\java\com\tvonnet\debridxtreamiptv\data\local\dao\VodDao.kt, D:\cursor working\debxtrem\app\src\main\java\com\tvonnet\debridxtreamiptv\data\local\entity\CategoryEntity.kt, D:\cursor working\debxtrem\app\src\main\java\com\tvonnet\debridxtreamiptv\data\local\entity\ChannelEntity.kt, D:\cursor working\debxtrem\app\src\main\java\com\tvonnet\debridxtreamiptv\data\local\entity\EpgEntity.kt, D:\cursor working\debxtrem\app\src\main\java\com\tvonnet\debridxtreamiptv\data\local\entity\EpisodeEntity.kt, D:\cursor working\debxtrem\app\src\main\java\com\tvonnet\debridxtreamiptv\data\local\entity\FavoriteEntity.kt, D:\cursor working\debxtrem\app\src\main\java\com\tvonnet\debridxtreamiptv\data\local\entity\SearchHistoryEntity.kt, D:\cursor working\debxtrem\app\src\main\java\com\tvonnet\debridxtreamiptv\data\local\entity\SeasonEntity.kt, D:\cursor working\debxtrem\app\src\main\java\com\tvonnet\debridxtreamiptv\data\local\entity\SeriesEntity.kt, D:\cursor working\debxtrem\app\src\main\java\com\tvonnet\debridxtreamiptv\data\local\entity\VodEntity.kt, D:\cursor working\debxtrem\app\src\main\java\com\tvonnet\debridxtreamiptv\data\local\migrations\DatabaseMigrations.kt, D:\cursor working\debxtrem\app\src\main\java\com\tvonnet\debridxtreamiptv\data\local\relation\SeriesWithSeasonsAndEpisodes.kt, D:\cursor working\debxtrem\app\src\main\java\com\tvonnet\debridxtreamiptv\data\mapper\TmdbToXtreamMapper.kt, D:\cursor working\debxtrem\app\src\main\java\com\tvonnet\debridxtreamiptv\data\model\CacheModel.kt, D:\cursor working\debxtrem\app\src\main\java\com\tvonnet\debridxtreamiptv\data\model\HomeScreenModels.kt, D:\cursor working\debxtrem\app\src\main\java\com\tvonnet\debridxtreamiptv\data\model\SeriesCategoryStatus.kt, D:\cursor working\debxtrem\app\src\main\java\com\tvonnet\debridxtreamiptv\data\model\SyncProgress.kt, D:\cursor working\debxtrem\app\src\main\java\com\tvonnet\debridxtreamiptv\data\model\XtreamEpgModels.kt, D:\cursor working\debxtrem\app\src\main\java\com\tvonnet\debridxtreamiptv\data\model\XtreamModels.kt, D:\cursor working\debxtrem\app\src\main\java\com\tvonnet\debridxtreamiptv\data\network\NetworkMonitor.kt, D:\cursor working\debxtrem\app\src\main\java\com\tvonnet\debridxtreamiptv\data\network\NetworkQualityManager.kt, D:\cursor working\debxtrem\app\src\main\java\com\tvonnet\debridxtreamiptv\data\paging\BasePagingSource.kt, D:\cursor working\debxtrem\app\src\main\java\com\tvonnet\debridxtreamiptv\data\paging\ChannelPagingSource.kt, D:\cursor working\debxtrem\app\src\main\java\com\tvonnet\debridxtreamiptv\data\paging\SeriesPagingSource.kt, D:\cursor working\debxtrem\app\src\main\java\com\tvonnet\debridxtreamiptv\data\paging\VodPagingSource.kt, D:\cursor working\debxtrem\app\src\main\java\com\tvonnet\debridxtreamiptv\data\prefs\CredentialsPreferences.kt, D:\cursor working\debxtrem\app\src\main\java\com\tvonnet\debridxtreamiptv\data\prefs\DebridPreferences.kt, D:\cursor working\debxtrem\app\src\main\java\com\tvonnet\debridxtreamiptv\data\prefs\HomePreferences.kt, D:\cursor working\debxtrem\app\src\main\java\com\tvonnet\debridxtreamiptv\data\prefs\SettingsPreferences.kt, D:\cursor working\debxtrem\app\src\main\java\com\tvonnet\debridxtreamiptv\data\prefs\WatchHistoryPreferences.kt, D:\cursor working\debxtrem\app\src\main\java\com\tvonnet\debridxtreamiptv\data\remote\adapter\EpisodeDetailJsonAdapter.kt, D:\cursor working\debxtrem\app\src\main\java\com\tvonnet\debridxtreamiptv\data\remote\adapter\SeriesEpisodesJsonAdapter.kt, D:\cursor working\debxtrem\app\src\main\java\com\tvonnet\debridxtreamiptv\data\remote\interceptor\CacheInterceptor.kt, D:\cursor working\debxtrem\app\src\main\java\com\tvonnet\debridxtreamiptv\data\remote\XtreamApiService.kt, D:\cursor working\debxtrem\app\src\main\java\com\tvonnet\debridxtreamiptv\data\remote\XtreamResponseParser.kt, D:\cursor working\debxtrem\app\src\main\java\com\tvonnet\debridxtreamiptv\data\remote\XtreamRetrofitClient.kt, D:\cursor working\debxtrem\app\src\main\java\com\tvonnet\debridxtreamiptv\data\repository\XtreamRepository.kt, D:\cursor working\debxtrem\app\src\main\java\com\tvonnet\debridxtreamiptv\data\Result.kt, D:\cursor working\debxtrem\app\src\main\java\com\tvonnet\debridxtreamiptv\di\AppModule.kt, D:\cursor working\debxtrem\app\src\main\java\com\tvonnet\debridxtreamiptv\di\CoroutinesModule.kt, D:\cursor working\debxtrem\app\src\main\java\com\tvonnet\debridxtreamiptv\di\WorkerModule.kt, D:\cursor working\debxtrem\app\src\main\java\com\tvonnet\debridxtreamiptv\features\seriesv2\data\dao\EpisodeDaoV2.kt, D:\cursor working\debxtrem\app\src\main\java\com\tvonnet\debridxtreamiptv\features\seriesv2\data\dao\SeriesDaoV2.kt, D:\cursor working\debxtrem\app\src\main\java\com\tvonnet\debridxtreamiptv\features\seriesv2\data\model\EpisodeEntityV2.kt, D:\cursor working\debxtrem\app\src\main\java\com\tvonnet\debridxtreamiptv\features\seriesv2\data\model\SeriesEntityV2.kt, D:\cursor working\debxtrem\app\src\main\java\com\tvonnet\debridxtreamiptv\features\seriesv2\data\model\SeriesMeta.kt, D:\cursor working\debxtrem\app\src\main\java\com\tvonnet\debridxtreamiptv\features\seriesv2\data\repository\SeriesRemoteMediatorV2.kt, D:\cursor working\debxtrem\app\src\main\java\com\tvonnet\debridxtreamiptv\features\seriesv2\data\repository\XtreamSeriesRepositoryV2.kt, D:\cursor working\debxtrem\app\src\main\java\com\tvonnet\debridxtreamiptv\features\seriesv2\domain\logic\RetentionPolicy.kt, D:\cursor working\debxtrem\app\src\main\java\com\tvonnet\debridxtreamiptv\features\seriesv2\ui\EpisodesAdapterV2.kt, D:\cursor working\debxtrem\app\src\main\java\com\tvonnet\debridxtreamiptv\features\seriesv2\ui\model\SeriesDetailUiState.kt, D:\cursor working\debxtrem\app\src\main\java\com\tvonnet\debridxtreamiptv\features\seriesv2\ui\SeasonsAdapterV2.kt, D:\cursor working\debxtrem\app\src\main\java\com\tvonnet\debridxtreamiptv\features\seriesv2\ui\SeriesDetailFragmentV2.kt, D:\cursor working\debxtrem\app\src\main\java\com\tvonnet\debridxtreamiptv\features\seriesv2\ui\SeriesDetailViewModelV2.kt, D:\cursor working\debxtrem\app\src\main\java\com\tvonnet\debridxtreamiptv\features\seriesv2\worker\SeriesCachePruningWorker.kt, D:\cursor working\debxtrem\app\src\main\java\com\tvonnet\debridxtreamiptv\features\vodv2\ui\MovieDetailFragmentV2.kt, D:\cursor working\debxtrem\app\src\main\java\com\tvonnet\debridxtreamiptv\features\vodv2\ui\MovieDetailViewModelV2.kt, D:\cursor working\debxtrem\app\src\main\java\com\tvonnet\debridxtreamiptv\network\CompanionConfigServer.kt, D:\cursor working\debxtrem\app\src\main\java\com\tvonnet\debridxtreamiptv\network\RemotePairingManager.kt, D:\cursor working\debxtrem\app\src\main\java\com\tvonnet\debridxtreamiptv\player\BrowserAdapters.kt, D:\cursor working\debxtrem\app\src\main\java\com\tvonnet\debridxtreamiptv\player\PlaybackSource.kt, D:\cursor working\debxtrem\app\src\main\java\com\tvonnet\debridxtreamiptv\player\PlayerActivity.kt, D:\cursor working\debxtrem\app\src\main\java\com\tvonnet\debridxtreamiptv\player\PlayerViewModel.kt, D:\cursor working\debxtrem\app\src\main\java\com\tvonnet\debridxtreamiptv\ui\base\BaseViewModel.kt, D:\cursor working\debxtrem\app\src\main\java\com\tvonnet\debridxtreamiptv\ui\base\UiState.kt, D:\cursor working\debxtrem\app\src\main\java\com\tvonnet\debridxtreamiptv\ui\companion\CompanionSetupActivity.kt, D:\cursor working\debxtrem\app\src\main\java\com\tvonnet\debridxtreamiptv\ui\compose\components\BackdropHeader.kt, D:\cursor working\debxtrem\app\src\main\java\com\tvonnet\debridxtreamiptv\ui\compose\components\MovieInfoSection.kt, D:\cursor working\debxtrem\app\src\main\java\com\tvonnet\debridxtreamiptv\ui\compose\components\SourceListSection.kt, D:\cursor working\debxtrem\app\src\main\java\com\tvonnet\debridxtreamiptv\ui\compose\ComposeModels.kt, D:\cursor working\debxtrem\app\src\main\java\com\tvonnet\debridxtreamiptv\ui\compose\ComposeMovieDetailActivity.kt, D:\cursor working\debxtrem\app\src\main\java\com\tvonnet\debridxtreamiptv\ui\compose\ComposeMovieDetailViewModel.kt, D:\cursor working\debxtrem\app\src\main\java\com\tvonnet\debridxtreamiptv\ui\compose\MovieDetailScreen.kt, D:\cursor working\debxtrem\app\src\main\java\com\tvonnet\debridxtreamiptv\ui\compose\MovieMapper.kt, D:\cursor working\debxtrem\app\src\main\java\com\tvonnet\debridxtreamiptv\ui\debrid\DebridAuthFragment.kt, D:\cursor working\debxtrem\app\src\main\java\com\tvonnet\debridxtreamiptv\ui\debrid\DebridAuthViewModel.kt, D:\cursor working\debxtrem\app\src\main\java\com\tvonnet\debridxtreamiptv\ui\debrid\DebridFragment.kt, D:\cursor working\debxtrem\app\src\main\java\com\tvonnet\debridxtreamiptv\ui\debrid\DebridRowsAdapter.kt, D:\cursor working\debxtrem\app\src\main\java\com\tvonnet\debridxtreamiptv\ui\debrid\DebridViewModel.kt, D:\cursor working\debxtrem\app\src\main\java\com\tvonnet\debridxtreamiptv\ui\debrid\LockableLinearLayoutManager.kt, D:\cursor working\debxtrem\app\src\main\java\com\tvonnet\debridxtreamiptv\ui\debrid\search\DebridSearchActivity.kt, D:\cursor working\debxtrem\app\src\main\java\com\tvonnet\debridxtreamiptv\ui\debrid\search\DebridSearchAdapter.kt, D:\cursor working\debxtrem\app\src\main\java\com\tvonnet\debridxtreamiptv\ui\debrid\search\DebridSearchViewModel.kt, D:\cursor working\debxtrem\app\src\main\java\com\tvonnet\debridxtreamiptv\ui\dialog\ExitDialog.kt, D:\cursor working\debxtrem\app\src\main\java\com\tvonnet\debridxtreamiptv\ui\epg\EpgAdapter.kt, D:\cursor working\debxtrem\app\src\main\java\com\tvonnet\debridxtreamiptv\ui\epg\EpgFragment.kt, D:\cursor working\debxtrem\app\src\main\java\com\tvonnet\debridxtreamiptv\ui\epg\EpgViewModel.kt, D:\cursor working\debxtrem\app\src\main\java\com\tvonnet\debridxtreamiptv\ui\favorites\FavoritesAdapter.kt, D:\cursor working\debxtrem\app\src\main\java\com\tvonnet\debridxtreamiptv\ui\favorites\FavoritesFragment.kt, D:\cursor working\debxtrem\app\src\main\java\com\tvonnet\debridxtreamiptv\ui\favorites\FavoritesViewModel.kt, D:\cursor working\debxtrem\app\src\main\java\com\tvonnet\debridxtreamiptv\ui\home\ContinueWatchingAdapter.kt, D:\cursor working\debxtrem\app\src\main\java\com\tvonnet\debridxtreamiptv\ui\home\FavoritesAdapter.kt, D:\cursor working\debxtrem\app\src\main\java\com\tvonnet\debridxtreamiptv\ui\home\FeaturedAdapter.kt, D:\cursor working\debxtrem\app\src\main\java\com\tvonnet\debridxtreamiptv\ui\home\HomeAdaptersModern.kt, D:\cursor working\debxtrem\app\src\main\java\com\tvonnet\debridxtreamiptv\ui\home\HomeFavoriteMapper.kt, D:\cursor working\debxtrem\app\src\main\java\com\tvonnet\debridxtreamiptv\ui\home\HomeFragment.kt, D:\cursor working\debxtrem\app\src\main\java\com\tvonnet\debridxtreamiptv\ui\home\HomeFragmentModern.kt, D:\cursor working\debxtrem\app\src\main\java\com\tvonnet\debridxtreamiptv\ui\home\HomeFragmentRedesign.kt, D:\cursor working\debxtrem\app\src\main\java\com\tvonnet\debridxtreamiptv\ui\home\HomeSampleData.kt, D:\cursor working\debxtrem\app\src\main\java\com\tvonnet\debridxtreamiptv\ui\home\HomeSectionAdapter.kt, D:\cursor working\debxtrem\app\src\main\java\com\tvonnet\debridxtreamiptv\ui\home\HomeViewModel.kt, D:\cursor working\debxtrem\app\src\main\java\com\tvonnet\debridxtreamiptv\ui\home\NewAddedAdapter.kt, D:\cursor working\debxtrem\app\src\main\java\com\tvonnet\debridxtreamiptv\ui\home\RecentLiveChannelsAdapter.kt, D:\cursor working\debxtrem\app\src\main\java\com\tvonnet\debridxtreamiptv\ui\home\RecentlyWatchedAdapter.kt, D:\cursor working\debxtrem\app\src\main\java\com\tvonnet\debridxtreamiptv\ui\HomeShellFragment.kt, D:\cursor working\debxtrem\app\src\main\java\com\tvonnet\debridxtreamiptv\ui\InitialSyncFragment.kt, D:\cursor working\debxtrem\app\src\main\java\com\tvonnet\debridxtreamiptv\ui\live\ChannelAdapter.kt, D:\cursor working\debxtrem\app\src\main\java\com\tvonnet\debridxtreamiptv\ui\live\ChannelPagingAdapter.kt, D:\cursor working\debxtrem\app\src\main\java\com\tvonnet\debridxtreamiptv\ui\live\LiveFragment.kt, D:\cursor working\debxtrem\app\src\main\java\com\tvonnet\debridxtreamiptv\ui\live\LiveViewModel.kt, D:\cursor working\debxtrem\app\src\main\java\com\tvonnet\debridxtreamiptv\ui\live\PreviewPlayerPanel.kt, D:\cursor working\debxtrem\app\src\main\java\com\tvonnet\debridxtreamiptv\ui\live\SidebarCategoryAdapter.kt, D:\cursor working\debxtrem\app\src\main\java\com\tvonnet\debridxtreamiptv\ui\LoginFragment.kt, D:\cursor working\debxtrem\app\src\main\java\com\tvonnet\debridxtreamiptv\ui\MainActivity.kt, D:\cursor working\debxtrem\app\src\main\java\com\tvonnet\debridxtreamiptv\ui\search\RecentSearchesAdapter.kt, D:\cursor working\debxtrem\app\src\main\java\com\tvonnet\debridxtreamiptv\ui\search\SearchEpgAdapter.kt, D:\cursor working\debxtrem\app\src\main\java\com\tvonnet\debridxtreamiptv\ui\search\SearchFragment.kt, D:\cursor working\debxtrem\app\src\main\java\com\tvonnet\debridxtreamiptv\ui\search\SearchLiveAdapter.kt, D:\cursor working\debxtrem\app\src\main\java\com\tvonnet\debridxtreamiptv\ui\search\SearchSeriesAdapter.kt, D:\cursor working\debxtrem\app\src\main\java\com\tvonnet\debridxtreamiptv\ui\search\SearchViewModel.kt, D:\cursor working\debxtrem\app\src\main\java\com\tvonnet\debridxtreamiptv\ui\search\SearchVodAdapter.kt, D:\cursor working\debxtrem\app\src\main\java\com\tvonnet\debridxtreamiptv\ui\series\LanguageFilterAdapter.kt, D:\cursor working\debxtrem\app\src\main\java\com\tvonnet\debridxtreamiptv\ui\series\SeriesDetailActivity.kt, D:\cursor working\debxtrem\app\src\main\java\com\tvonnet\debridxtreamiptv\ui\series\SeriesDetailViewModel.kt, D:\cursor working\debxtrem\app\src\main\java\com\tvonnet\debridxtreamiptv\ui\series\SeriesEpisodeAdapter.kt, D:\cursor working\debxtrem\app\src\main\java\com\tvonnet\debridxtreamiptv\ui\series\SeriesFragment.kt, D:\cursor working\debxtrem\app\src\main\java\com\tvonnet\debridxtreamiptv\ui\series\SeriesPagingAdapter.kt, D:\cursor working\debxtrem\app\src\main\java\com\tvonnet\debridxtreamiptv\ui\series\SeriesSeasonAdapter.kt, D:\cursor working\debxtrem\app\src\main\java\com\tvonnet\debridxtreamiptv\ui\series\SeriesViewModel.kt, D:\cursor working\debxtrem\app\src\main\java\com\tvonnet\debridxtreamiptv\ui\series\SourceSelectionBottomSheet.kt, D:\cursor working\debxtrem\app\src\main\java\com\tvonnet\debridxtreamiptv\ui\settings\adapters\SettingsCategoryAdapter.kt, D:\cursor working\debxtrem\app\src\main\java\com\tvonnet\debridxtreamiptv\ui\settings\adapters\SettingsDetailAdapter.kt, D:\cursor working\debxtrem\app\src\main\java\com\tvonnet\debridxtreamiptv\ui\settings\CategorySelectionDialog.kt, D:\cursor working\debxtrem\app\src\main\java\com\tvonnet\debridxtreamiptv\ui\settings\CompanionSetupFragment.kt, D:\cursor working\debxtrem\app\src\main\java\com\tvonnet\debridxtreamiptv\ui\settings\EpgSettingsFragment.kt, D:\cursor working\debxtrem\app\src\main\java\com\tvonnet\debridxtreamiptv\ui\settings\MediaFusionConfigActivity.kt, D:\cursor working\debxtrem\app\src\main\java\com\tvonnet\debridxtreamiptv\ui\settings\SettingsFragment.kt, D:\cursor working\debxtrem\app\src\main\java\com\tvonnet\debridxtreamiptv\ui\settings\SettingsFragmentNew.kt, D:\cursor working\debxtrem\app\src\main\java\com\tvonnet\debridxtreamiptv\ui\settings\SettingsViewModel.kt, D:\cursor working\debxtrem\app\src\main\java\com\tvonnet\debridxtreamiptv\ui\sources\FilterChipAdapter.kt, D:\cursor working\debxtrem\app\src\main\java\com\tvonnet\debridxtreamiptv\ui\sources\SizeFilterAdapter.kt, D:\cursor working\debxtrem\app\src\main\java\com\tvonnet\debridxtreamiptv\ui\sources\SourceFilterUtils.kt, D:\cursor working\debxtrem\app\src\main\java\com\tvonnet\debridxtreamiptv\ui\TestActivity.kt, D:\cursor working\debxtrem\app\src\main\java\com\tvonnet\debridxtreamiptv\ui\trailer\TrailerActivity.kt, D:\cursor working\debxtrem\app\src\main\java\com\tvonnet\debridxtreamiptv\ui\vod\CategorySidebarAdapter.kt, D:\cursor working\debxtrem\app\src\main\java\com\tvonnet\debridxtreamiptv\ui\vod\MovieDetailActivity.kt, D:\cursor working\debxtrem\app\src\main\java\com\tvonnet\debridxtreamiptv\ui\vod\MovieSourceAdapter.kt, D:\cursor working\debxtrem\app\src\main\java\com\tvonnet\debridxtreamiptv\ui\vod\VodFragment.kt, D:\cursor working\debxtrem\app\src\main\java\com\tvonnet\debridxtreamiptv\ui\vod\VodPagingAdapter.kt, D:\cursor working\debxtrem\app\src\main\java\com\tvonnet\debridxtreamiptv\ui\vod\VodViewModel.kt, D:\cursor working\debxtrem\app\src\main\java\com\tvonnet\debridxtreamiptv\util\AppGlideModule.kt, D:\cursor working\debxtrem\app\src\main\java\com\tvonnet\debridxtreamiptv\util\ContentEnricher.kt, D:\cursor working\debxtrem\app\src\main\java\com\tvonnet\debridxtreamiptv\util\DeviceProfile.kt, D:\cursor working\debxtrem\app\src\main\java\com\tvonnet\debridxtreamiptv\util\EpgCache.kt, D:\cursor working\debxtrem\app\src\main\java\com\tvonnet\debridxtreamiptv\util\FavoritesCategory.kt, D:\cursor working\debxtrem\app\src\main\java\com\tvonnet\debridxtreamiptv\util\GlideUtils.kt, D:\cursor working\debxtrem\app\src\main\java\com\tvonnet\debridxtreamiptv\util\GlobalCrashHandler.kt, D:\cursor working\debxtrem\app\src\main\java\com\tvonnet\debridxtreamiptv\util\ImageUrlUtils.kt, D:\cursor working\debxtrem\app\src\main\java\com\tvonnet\debridxtreamiptv\util\ImageViewExtensions.kt, D:\cursor working\debxtrem\app\src\main\java\com\tvonnet\debridxtreamiptv\util\LetterDrawable.kt, D:\cursor working\debxtrem\app\src\main\java\com\tvonnet\debridxtreamiptv\util\Media3Utils.kt, D:\cursor working\debxtrem\app\src\main\java\com\tvonnet\debridxtreamiptv\util\QrGenerator.kt, D:\cursor working\debxtrem\app\src\main\java\com\tvonnet\debridxtreamiptv\util\VoiceSearchManager.kt, D:\cursor working\debxtrem\app\src\main\java\com\tvonnet\debridxtreamiptv\utils\error\ErrorManagerTemp.kt, D:\cursor working\debxtrem\app\src\main\java\com\tvonnet\debridxtreamiptv\utils\MagneticFocusHelper.kt, D:\cursor working\debxtrem\app\src\main\java\com\tvonnet\debridxtreamiptv\utils\memory\MemoryManager.kt, D:\cursor working\debxtrem\app\src\main\java\com\tvonnet\debridxtreamiptv\utils\PerformanceMonitor.kt, D:\cursor working\debxtrem\app\src\main\java\com\tvonnet\debridxtreamiptv\utils\RecyclerViewAnimations.kt, D:\cursor working\debxtrem\app\src\main\java\com\tvonnet\debridxtreamiptv\worker\DebridAuthRefreshScheduler.kt, D:\cursor working\debxtrem\app\src\main\java\com\tvonnet\debridxtreamiptv\worker\DebridAuthRefreshWorker.kt, D:\cursor working\debxtrem\app\src\main\java\com\tvonnet\debridxtreamiptv\worker\EpgSyncController.kt, D:\cursor working\debxtrem\app\src\main\java\com\tvonnet\debridxtreamiptv\worker\EpgSyncScheduler.kt, D:\cursor working\debxtrem\app\src\main\java\com\tvonnet\debridxtreamiptv\worker\EpgSyncWorker.kt, D:\cursor working\debxtrem\app\src\main\java\com\tvonnet\debridxtreamiptv\worker\SeriesSyncScheduler.kt, D:\cursor working\debxtrem\app\src\main\java\com\tvonnet\debridxtreamiptv\worker\SeriesSyncWorker.kt
Java source files: D:\cursor working\debxtrem\app\build\generated\source\buildConfig\debug\com\tvonnet\debridxtreamiptv\BuildConfig.java, D:\cursor working\debxtrem\app\build\generated\data_binding_base_class_source_out\debug\out\com\tvonnet\debridxtreamiptv\databinding\ActivityCompanionSetupBinding.java, D:\cursor working\debxtrem\app\build\generated\data_binding_base_class_source_out\debug\out\com\tvonnet\debridxtreamiptv\databinding\ActivityDebridSearchBinding.java, D:\cursor working\debxtrem\app\build\generated\data_binding_base_class_source_out\debug\out\com\tvonnet\debridxtreamiptv\databinding\ActivityMainBinding.java, D:\cursor working\debxtrem\app\build\generated\data_binding_base_class_source_out\debug\out\com\tvonnet\debridxtreamiptv\databinding\ActivityMovieDetailBinding.java, D:\cursor working\debxtrem\app\build\generated\data_binding_base_class_source_out\debug\out\com\tvonnet\debridxtreamiptv\databinding\ActivityPlayerBinding.java, D:\cursor working\debxtrem\app\build\generated\data_binding_base_class_source_out\debug\out\com\tvonnet\debridxtreamiptv\databinding\ActivitySeriesDetailBinding.java, D:\cursor working\debxtrem\app\build\generated\data_binding_base_class_source_out\debug\out\com\tvonnet\debridxtreamiptv\databinding\ActivityTrailerBinding.java, D:\cursor working\debxtrem\app\build\generated\data_binding_base_class_source_out\debug\out\com\tvonnet\debridxtreamiptv\databinding\ActivityWebviewBinding.java, D:\cursor working\debxtrem\app\build\generated\data_binding_base_class_source_out\debug\out\com\tvonnet\debridxtreamiptv\databinding\CustomPlayerControlViewBinding.java, D:\cursor working\debxtrem\app\build\generated\data_binding_base_class_source_out\debug\out\com\tvonnet\debridxtreamiptv\databinding\DialogCategorySelectionBinding.java, D:\cursor working\debxtrem\app\build\generated\data_binding_base_class_source_out\debug\out\com\tvonnet\debridxtreamiptv\databinding\DialogExitAppBinding.java, D:\cursor working\debxtrem\app\build\generated\data_binding_base_class_source_out\debug\out\com\tvonnet\debridxtreamiptv\databinding\DialogSearchChannelsBinding.java, D:\cursor working\debxtrem\app\build\generated\data_binding_base_class_source_out\debug\out\com\tvonnet\debridxtreamiptv\databinding\DialogSourceSelectionBinding.java, D:\cursor working\debxtrem\app\build\generated\data_binding_base_class_source_out\debug\out\com\tvonnet\debridxtreamiptv\databinding\FragmentCompanionSetupBinding.java, D:\cursor working\debxtrem\app\build\generated\data_binding_base_class_source_out\debug\out\com\tvonnet\debridxtreamiptv\databinding\FragmentDebridAuthBinding.java, D:\cursor working\debxtrem\app\build\generated\data_binding_base_class_source_out\debug\out\com\tvonnet\debridxtreamiptv\databinding\FragmentDebridBinding.java, D:\cursor working\debxtrem\app\build\generated\data_binding_base_class_source_out\debug\out\com\tvonnet\debridxtreamiptv\databinding\FragmentEpgBinding.java, D:\cursor working\debxtrem\app\build\generated\data_binding_base_class_source_out\debug\out\com\tvonnet\debridxtreamiptv\databinding\FragmentFavoritesBinding.java, D:\cursor working\debxtrem\app\build\generated\data_binding_base_class_source_out\debug\out\com\tvonnet\debridxtreamiptv\databinding\FragmentHomeModernBinding.java, D:\cursor working\debxtrem\app\build\generated\data_binding_base_class_source_out\debug\out\com\tvonnet\debridxtreamiptv\databinding\FragmentHomeModernV2Binding.java, D:\cursor working\debxtrem\app\build\generated\data_binding_base_class_source_out\debug\out\com\tvonnet\debridxtreamiptv\databinding\FragmentHomeRedesignBinding.java, D:\cursor working\debxtrem\app\build\generated\data_binding_base_class_source_out\debug\out\com\tvonnet\debridxtreamiptv\databinding\FragmentHomeShellBinding.java, D:\cursor working\debxtrem\app\build\generated\data_binding_base_class_source_out\debug\out\com\tvonnet\debridxtreamiptv\databinding\FragmentInitialSyncBinding.java, D:\cursor working\debxtrem\app\build\generated\data_binding_base_class_source_out\debug\out\com\tvonnet\debridxtreamiptv\databinding\FragmentLive3columnBinding.java, D:\cursor working\debxtrem\app\build\generated\data_binding_base_class_source_out\debug\out\com\tvonnet\debridxtreamiptv\databinding\FragmentLiveBinding.java, D:\cursor working\debxtrem\app\build\generated\data_binding_base_class_source_out\debug\out\com\tvonnet\debridxtreamiptv\databinding\FragmentLiveNewBinding.java, D:\cursor working\debxtrem\app\build\generated\data_binding_base_class_source_out\debug\out\com\tvonnet\debridxtreamiptv\databinding\FragmentLoginBinding.java, D:\cursor working\debxtrem\app\build\generated\data_binding_base_class_source_out\debug\out\com\tvonnet\debridxtreamiptv\databinding\FragmentMovieDetailV2Binding.java, D:\cursor working\debxtrem\app\build\generated\data_binding_base_class_source_out\debug\out\com\tvonnet\debridxtreamiptv\databinding\FragmentNewHomeBinding.java, D:\cursor working\debxtrem\app\build\generated\data_binding_base_class_source_out\debug\out\com\tvonnet\debridxtreamiptv\databinding\FragmentSearchBinding.java, D:\cursor working\debxtrem\app\build\generated\data_binding_base_class_source_out\debug\out\com\tvonnet\debridxtreamiptv\databinding\FragmentSeriesDetailV2Binding.java, D:\cursor working\debxtrem\app\build\generated\data_binding_base_class_source_out\debug\out\com\tvonnet\debridxtreamiptv\databinding\FragmentSeriesVodBinding.java, D:\cursor working\debxtrem\app\build\generated\data_binding_base_class_source_out\debug\out\com\tvonnet\debridxtreamiptv\databinding\FragmentSettingsBinding.java, D:\cursor working\debxtrem\app\build\generated\data_binding_base_class_source_out\debug\out\com\tvonnet\debridxtreamiptv\databinding\FragmentSettingsV2Binding.java, D:\cursor working\debxtrem\app\build\generated\data_binding_base_class_source_out\debug\out\com\tvonnet\debridxtreamiptv\databinding\FragmentVodBinding.java, D:\cursor working\debxtrem\app\build\generated\data_binding_base_class_source_out\debug\out\com\tvonnet\debridxtreamiptv\databinding\ItemBrowserChannelModernBinding.java, D:\cursor working\debxtrem\app\build\generated\data_binding_base_class_source_out\debug\out\com\tvonnet\debridxtreamiptv\databinding\ItemCategoryChipBinding.java, D:\cursor working\debxtrem\app\build\generated\data_binding_base_class_source_out\debug\out\com\tvonnet\debridxtreamiptv\databinding\ItemCategoryPillNewBinding.java, D:\cursor working\debxtrem\app\build\generated\data_binding_base_class_source_out\debug\out\com\tvonnet\debridxtreamiptv\databinding\ItemCategorySidebarBinding.java, D:\cursor working\debxtrem\app\build\generated\data_binding_base_class_source_out\debug\out\com\tvonnet\debridxtreamiptv\databinding\ItemChannelCardBinding.java, D:\cursor working\debxtrem\app\build\generated\data_binding_base_class_source_out\debug\out\com\tvonnet\debridxtreamiptv\databinding\ItemChannelCardNewBinding.java, D:\cursor working\debxtrem\app\build\generated\data_binding_base_class_source_out\debug\out\com\tvonnet\debridxtreamiptv\databinding\ItemChannelCircularBinding.java, D:\cursor working\debxtrem\app\build\generated\data_binding_base_class_source_out\debug\out\com\tvonnet\debridxtreamiptv\databinding\ItemChannelHorizontalBinding.java, D:\cursor working\debxtrem\app\build\generated\data_binding_base_class_source_out\debug\out\com\tvonnet\debridxtreamiptv\databinding\ItemContinueWatchingCardBinding.java, D:\cursor working\debxtrem\app\build\generated\data_binding_base_class_source_out\debug\out\com\tvonnet\debridxtreamiptv\databinding\ItemDebridContentBinding.java, D:\cursor working\debxtrem\app\build\generated\data_binding_base_class_source_out\debug\out\com\tvonnet\debridxtreamiptv\databinding\ItemDebridLoadingBinding.java, D:\cursor working\debxtrem\app\build\generated\data_binding_base_class_source_out\debug\out\com\tvonnet\debridxtreamiptv\databinding\ItemDebridRowBinding.java, D:\cursor working\debxtrem\app\build\generated\data_binding_base_class_source_out\debug\out\com\tvonnet\debridxtreamiptv\databinding\ItemEpgProgramBinding.java, D:\cursor working\debxtrem\app\build\generated\data_binding_base_class_source_out\debug\out\com\tvonnet\debridxtreamiptv\databinding\ItemEpisodeRowBinding.java, D:\cursor working\debxtrem\app\build\generated\data_binding_base_class_source_out\debug\out\com\tvonnet\debridxtreamiptv\databinding\ItemEpisodeSkeletonBinding.java, D:\cursor working\debxtrem\app\build\generated\data_binding_base_class_source_out\debug\out\com\tvonnet\debridxtreamiptv\databinding\ItemEpisodeV2Binding.java, D:\cursor working\debxtrem\app\build\generated\data_binding_base_class_source_out\debug\out\com\tvonnet\debridxtreamiptv\databinding\ItemFavoriteBinding.java, D:\cursor working\debxtrem\app\build\generated\data_binding_base_class_source_out\debug\out\com\tvonnet\debridxtreamiptv\databinding\ItemFavoriteCardBinding.java, D:\cursor working\debxtrem\app\build\generated\data_binding_base_class_source_out\debug\out\com\tvonnet\debridxtreamiptv\databinding\ItemFeaturedCardBinding.java, D:\cursor working\debxtrem\app\build\generated\data_binding_base_class_source_out\debug\out\com\tvonnet\debridxtreamiptv\databinding\ItemFeaturedCardCinematicBinding.java, D:\cursor working\debxtrem\app\build\generated\data_binding_base_class_source_out\debug\out\com\tvonnet\debridxtreamiptv\databinding\ItemFilterChipBinding.java, D:\cursor working\debxtrem\app\build\generated\data_binding_base_class_source_out\debug\out\com\tvonnet\debridxtreamiptv\databinding\ItemHeroBannerBinding.java, D:\cursor working\debxtrem\app\build\generated\data_binding_base_class_source_out\debug\out\com\tvonnet\debridxtreamiptv\databinding\ItemHeroCardBinding.java, D:\cursor working\debxtrem\app\build\generated\data_binding_base_class_source_out\debug\out\com\tvonnet\debridxtreamiptv\databinding\ItemHomeSectionRowBinding.java, D:\cursor working\debxtrem\app\build\generated\data_binding_base_class_source_out\debug\out\com\tvonnet\debridxtreamiptv\databinding\ItemIntervalOptionBinding.java, D:\cursor working\debxtrem\app\build\generated\data_binding_base_class_source_out\debug\out\com\tvonnet\debridxtreamiptv\databinding\ItemLanguageChipBinding.java, D:\cursor working\debxtrem\app\build\generated\data_binding_base_class_source_out\debug\out\com\tvonnet\debridxtreamiptv\databinding\ItemMovieCardBinding.java, D:\cursor working\debxtrem\app\build\generated\data_binding_base_class_source_out\debug\out\com\tvonnet\debridxtreamiptv\databinding\ItemMovieCinematicBinding.java, D:\cursor working\debxtrem\app\build\generated\data_binding_base_class_source_out\debug\out\com\tvonnet\debridxtreamiptv\databinding\ItemMovieSourceBinding.java, D:\cursor working\debxtrem\app\build\generated\data_binding_base_class_source_out\debug\out\com\tvonnet\debridxtreamiptv\databinding\ItemNavMenuBinding.java, D:\cursor working\debxtrem\app\build\generated\data_binding_base_class_source_out\debug\out\com\tvonnet\debridxtreamiptv\databinding\ItemNewAddedCardBinding.java, D:\cursor working\debxtrem\app\build\generated\data_binding_base_class_source_out\debug\out\com\tvonnet\debridxtreamiptv\databinding\ItemPosterCinematicBinding.java, D:\cursor working\debxtrem\app\build\generated\data_binding_base_class_source_out\debug\out\com\tvonnet\debridxtreamiptv\databinding\ItemRecentLiveCardBinding.java, D:\cursor working\debxtrem\app\build\generated\data_binding_base_class_source_out\debug\out\com\tvonnet\debridxtreamiptv\databinding\ItemRecentLiveCinematicBinding.java, D:\cursor working\debxtrem\app\build\generated\data_binding_base_class_source_out\debug\out\com\tvonnet\debridxtreamiptv\databinding\ItemRecentSearchBinding.java, D:\cursor working\debxtrem\app\build\generated\data_binding_base_class_source_out\debug\out\com\tvonnet\debridxtreamiptv\databinding\ItemSearchResultBinding.java, D:\cursor working\debxtrem\app\build\generated\data_binding_base_class_source_out\debug\out\com\tvonnet\debridxtreamiptv\databinding\ItemSeasonChipBinding.java, D:\cursor working\debxtrem\app\build\generated\data_binding_base_class_source_out\debug\out\com\tvonnet\debridxtreamiptv\databinding\ItemSeasonPillV2Binding.java, D:\cursor working\debxtrem\app\build\generated\data_binding_base_class_source_out\debug\out\com\tvonnet\debridxtreamiptv\databinding\ItemSeriesCardBinding.java, D:\cursor working\debxtrem\app\build\generated\data_binding_base_class_source_out\debug\out\com\tvonnet\debridxtreamiptv\databinding\ItemSettingsCategoryBinding.java, D:\cursor working\debxtrem\app\build\generated\data_binding_base_class_source_out\debug\out\com\tvonnet\debridxtreamiptv\databinding\ItemSettingsSelectionBinding.java, D:\cursor working\debxtrem\app\build\generated\data_binding_base_class_source_out\debug\out\com\tvonnet\debridxtreamiptv\databinding\ItemSettingsToggleBinding.java, D:\cursor working\debxtrem\app\build\generated\data_binding_base_class_source_out\debug\out\com\tvonnet\debridxtreamiptv\databinding\ItemSidebarCategoryBinding.java, D:\cursor working\debxtrem\app\build\generated\data_binding_base_class_source_out\debug\out\com\tvonnet\debridxtreamiptv\databinding\TvErrorDialogBinding.java, D:\cursor working\debxtrem\app\build\generated\data_binding_base_class_source_out\debug\out\com\tvonnet\debridxtreamiptv\databinding\ViewNextEpisodePromptBinding.java, D:\cursor working\debxtrem\app\build\generated\data_binding_base_class_source_out\debug\out\com\tvonnet\debridxtreamiptv\databinding\ViewPlayerChannelBrowserBinding.java, D:\cursor working\debxtrem\app\build\generated\data_binding_base_class_source_out\debug\out\com\tvonnet\debridxtreamiptv\databinding\ViewPlayerEpgOverlayBinding.java, D:\cursor working\debxtrem\app\build\generated\data_binding_base_class_source_out\debug\out\com\tvonnet\debridxtreamiptv\databinding\ViewPlayerVodInfoOverlayBinding.java, D:\cursor working\debxtrem\app\build\generated\source\kapt\debug\com\bumptech\glide\GeneratedAppGlideModuleImpl.java, D:\cursor working\debxtrem\app\build\generated\source\kapt\debug\com\bumptech\glide\GeneratedRequestManagerFactory.java, D:\cursor working\debxtrem\app\build\generated\source\kapt\debug\com\tvonnet\debridxtreamiptv\App_GeneratedInjector.java, D:\cursor working\debxtrem\app\build\generated\source\kapt\debug\com\tvonnet\debridxtreamiptv\App_MembersInjector.java, D:\cursor working\debxtrem\app\build\generated\source\kapt\debug\com\tvonnet\debridxtreamiptv\data\cache\CacheManager_Factory.java, D:\cursor working\debxtrem\app\build\generated\source\kapt\debug\com\tvonnet\debridxtreamiptv\data\cache\FavoritesCache_Factory.java, D:\cursor working\debxtrem\app\build\generated\source\kapt\debug\com\tvonnet\debridxtreamiptv\data\debrid\api\RealDebridAuthInterceptor_Factory.java, D:\cursor working\debxtrem\app\build\generated\source\kapt\debug\com\tvonnet\debridxtreamiptv\data\debrid\di\DebridModule_ProvideAddonCatalogServiceFactory.java, D:\cursor working\debxtrem\app\build\generated\source\kapt\debug\com\tvonnet\debridxtreamiptv\data\debrid\di\DebridModule_ProvideGsonFactory.java, D:\cursor working\debxtrem\app\build\generated\source\kapt\debug\com\tvonnet\debridxtreamiptv\data\debrid\di\DebridModule_ProvideMediaFusionFetcherFactory.java, D:\cursor working\debxtrem\app\build\generated\source\kapt\debug\com\tvonnet\debridxtreamiptv\data\debrid\di\DebridModule_ProvideRealDebridAuthorizedServiceFactory.java, D:\cursor working\debxtrem\app\build\generated\source\kapt\debug\com\tvonnet\debridxtreamiptv\data\debrid\di\DebridModule_ProvideRealDebridOAuthServiceFactory.java, D:\cursor working\debxtrem\app\build\generated\source\kapt\debug\com\tvonnet\debridxtreamiptv\data\debrid\di\DebridModule_ProvideTmdbApiServiceFactory.java, D:\cursor working\debxtrem\app\build\generated\source\kapt\debug\com\tvonnet\debridxtreamiptv\data\debrid\repository\AddonCatalogRepository_Factory.java, D:\cursor working\debxtrem\app\build\generated\source\kapt\debug\com\tvonnet\debridxtreamiptv\data\debrid\repository\DebridAccountRepository_Factory.java, D:\cursor working\debxtrem\app\build\generated\source\kapt\debug\com\tvonnet\debridxtreamiptv\data\debrid\repository\DebridPlaybackRepository_Factory.java, D:\cursor working\debxtrem\app\build\generated\source\kapt\debug\com\tvonnet\debridxtreamiptv\data\debrid\repository\UnifiedSourceProvider_Factory.java, D:\cursor working\debxtrem\app\build\generated\source\kapt\debug\com\tvonnet\debridxtreamiptv\data\debrid\source\AddonRemoteDataSource_Factory.java, D:\cursor working\debxtrem\app\build\generated\source\kapt\debug\com\tvonnet\debridxtreamiptv\data\debrid\source\MediaFusionFetcher_Factory.java, D:\cursor working\debxtrem\app\build\generated\source\kapt\debug\com\tvonnet\debridxtreamiptv\data\debrid\source\RealDebridRemoteDataSource_Factory.java, D:\cursor working\debxtrem\app\build\generated\source\kapt\debug\com\tvonnet\debridxtreamiptv\data\debrid\source\SimplifiedPureFireFetcher_Factory.java, D:\cursor working\debxtrem\app\build\generated\source\kapt\debug\com\tvonnet\debridxtreamiptv\data\debrid\source\TmdbRemoteDataSource_Factory.java, D:\cursor working\debxtrem\app\build\generated\source\kapt\debug\com\tvonnet\debridxtreamiptv\data\local\AppDatabase_Impl.java, D:\cursor working\debxtrem\app\build\generated\source\kapt\debug\com\tvonnet\debridxtreamiptv\data\local\dao\CategoryDao_Impl.java, D:\cursor working\debxtrem\app\build\generated\source\kapt\debug\com\tvonnet\debridxtreamiptv\data\local\dao\ChannelDao_Impl.java, D:\cursor working\debxtrem\app\build\generated\source\kapt\debug\com\tvonnet\debridxtreamiptv\data\local\dao\EpgDao_Impl.java, D:\cursor working\debxtrem\app\build\generated\source\kapt\debug\com\tvonnet\debridxtreamiptv\data\local\dao\FavoriteDao_Impl.java, D:\cursor working\debxtrem\app\build\generated\source\kapt\debug\com\tvonnet\debridxtreamiptv\data\local\dao\SearchHistoryDao_Impl.java, D:\cursor working\debxtrem\app\build\generated\source\kapt\debug\com\tvonnet\debridxtreamiptv\data\local\dao\SeriesDao_Impl.java, D:\cursor working\debxtrem\app\build\generated\source\kapt\debug\com\tvonnet\debridxtreamiptv\data\local\dao\VodDao_Impl.java, D:\cursor working\debxtrem\app\build\generated\source\kapt\debug\com\tvonnet\debridxtreamiptv\data\network\NetworkMonitor_Factory.java, D:\cursor working\debxtrem\app\build\generated\source\kapt\debug\com\tvonnet\debridxtreamiptv\data\network\NetworkQualityManager_Factory.java, D:\cursor working\debxtrem\app\build\generated\source\kapt\debug\com\tvonnet\debridxtreamiptv\data\prefs\DebridPreferences_Factory.java, D:\cursor working\debxtrem\app\build\generated\source\kapt\debug\com\tvonnet\debridxtreamiptv\data\prefs\HomePreferences_Factory.java, D:\cursor working\debxtrem\app\build\generated\source\kapt\debug\com\tvonnet\debridxtreamiptv\data\repository\XtreamRepository_Factory.java, D:\cursor working\debxtrem\app\build\generated\source\kapt\debug\com\tvonnet\debridxtreamiptv\di\AppModule_ProvideAppDatabaseFactory.java, D:\cursor working\debxtrem\app\build\generated\source\kapt\debug\com\tvonnet\debridxtreamiptv\di\AppModule_ProvideCacheHelperFactory.java, D:\cursor working\debxtrem\app\build\generated\source\kapt\debug\com\tvonnet\debridxtreamiptv\di\AppModule_ProvideCacheManagerFactory.java, D:\cursor working\debxtrem\app\build\generated\source\kapt\debug\com\tvonnet\debridxtreamiptv\di\AppModule_ProvideCategoryDaoFactory.java, D:\cursor working\debxtrem\app\build\generated\source\kapt\debug\com\tvonnet\debridxtreamiptv\di\AppModule_ProvideChannelDaoFactory.java, D:\cursor working\debxtrem\app\build\generated\source\kapt\debug\com\tvonnet\debridxtreamiptv\di\AppModule_ProvideCredentialsPreferencesFactory.java, D:\cursor working\debxtrem\app\build\generated\source\kapt\debug\com\tvonnet\debridxtreamiptv\di\AppModule_ProvideEpgDaoFactory.java, D:\cursor working\debxtrem\app\build\generated\source\kapt\debug\com\tvonnet\debridxtreamiptv\di\AppModule_ProvideEpisodeDaoV2Factory.java, D:\cursor working\debxtrem\app\build\generated\source\kapt\debug\com\tvonnet\debridxtreamiptv\di\AppModule_ProvideFavoriteDaoFactory.java, D:\cursor working\debxtrem\app\build\generated\source\kapt\debug\com\tvonnet\debridxtreamiptv\di\AppModule_ProvideFavoritesCacheFactory.java, D:\cursor working\debxtrem\app\build\generated\source\kapt\debug\com\tvonnet\debridxtreamiptv\di\AppModule_ProvideMemoryManagerFactory.java, D:\cursor working\debxtrem\app\build\generated\source\kapt\debug\com\tvonnet\debridxtreamiptv\di\AppModule_ProvideNetworkMonitorFactory.java, D:\cursor working\debxtrem\app\build\generated\source\kapt\debug\com\tvonnet\debridxtreamiptv\di\AppModule_ProvideOkHttpClientFactory.java, D:\cursor working\debxtrem\app\build\generated\source\kapt\debug\com\tvonnet\debridxtreamiptv\di\AppModule_ProvideSearchHistoryDaoFactory.java, D:\cursor working\debxtrem\app\build\generated\source\kapt\debug\com\tvonnet\debridxtreamiptv\di\AppModule_ProvideSeriesDaoFactory.java, D:\cursor working\debxtrem\app\build\generated\source\kapt\debug\com\tvonnet\debridxtreamiptv\di\AppModule_ProvideSeriesDaoV2Factory.java, D:\cursor working\debxtrem\app\build\generated\source\kapt\debug\com\tvonnet\debridxtreamiptv\di\AppModule_ProvideSettingsPreferencesFactory.java, D:\cursor working\debxtrem\app\build\generated\source\kapt\debug\com\tvonnet\debridxtreamiptv\di\AppModule_ProvideVodDaoFactory.java, D:\cursor working\debxtrem\app\build\generated\source\kapt\debug\com\tvonnet\debridxtreamiptv\di\AppModule_ProvideWatchHistoryPreferencesFactory.java, D:\cursor working\debxtrem\app\build\generated\source\kapt\debug\com\tvonnet\debridxtreamiptv\di\AppModule_ProvideXtreamRepositoryFactory.java, D:\cursor working\debxtrem\app\build\generated\source\kapt\debug\com\tvonnet\debridxtreamiptv\di\CoroutinesModule_ProvideIoDispatcherFactory.java, D:\cursor working\debxtrem\app\build\generated\source\kapt\debug\com\tvonnet\debridxtreamiptv\features\seriesv2\data\dao\EpisodeDaoV2_Impl.java, D:\cursor working\debxtrem\app\build\generated\source\kapt\debug\com\tvonnet\debridxtreamiptv\features\seriesv2\data\dao\SeriesDaoV2_Impl.java, D:\cursor working\debxtrem\app\build\generated\source\kapt\debug\com\tvonnet\debridxtreamiptv\features\seriesv2\data\repository\XtreamSeriesRepositoryV2_Factory.java, D:\cursor working\debxtrem\app\build\generated\source\kapt\debug\com\tvonnet\debridxtreamiptv\features\seriesv2\domain\logic\RetentionPolicy_Factory.java, D:\cursor working\debxtrem\app\build\generated\source\kapt\debug\com\tvonnet\debridxtreamiptv\features\seriesv2\ui\Hilt_SeriesDetailFragmentV2.java, D:\cursor working\debxtrem\app\build\generated\source\kapt\debug\com\tvonnet\debridxtreamiptv\features\seriesv2\ui\SeriesDetailFragmentV2_GeneratedInjector.java, D:\cursor working\debxtrem\app\build\generated\source\kapt\debug\com\tvonnet\debridxtreamiptv\features\seriesv2\ui\SeriesDetailViewModelV2_Factory.java, D:\cursor working\debxtrem\app\build\generated\source\kapt\debug\com\tvonnet\debridxtreamiptv\features\seriesv2\ui\SeriesDetailViewModelV2_HiltModules.java, D:\cursor working\debxtrem\app\build\generated\source\kapt\debug\com\tvonnet\debridxtreamiptv\features\seriesv2\ui\SeriesDetailViewModelV2_HiltModules_KeyModule_ProvideFactory.java, D:\cursor working\debxtrem\app\build\generated\source\kapt\debug\com\tvonnet\debridxtreamiptv\features\seriesv2\worker\SeriesCachePruningWorker_AssistedFactory.java, D:\cursor working\debxtrem\app\build\generated\source\kapt\debug\com\tvonnet\debridxtreamiptv\features\seriesv2\worker\SeriesCachePruningWorker_AssistedFactory_Impl.java, D:\cursor working\debxtrem\app\build\generated\source\kapt\debug\com\tvonnet\debridxtreamiptv\features\seriesv2\worker\SeriesCachePruningWorker_Factory.java, D:\cursor working\debxtrem\app\build\generated\source\kapt\debug\com\tvonnet\debridxtreamiptv\features\seriesv2\worker\SeriesCachePruningWorker_HiltModule.java, D:\cursor working\debxtrem\app\build\generated\source\kapt\debug\com\tvonnet\debridxtreamiptv\features\vodv2\ui\Hilt_MovieDetailFragmentV2.java, D:\cursor working\debxtrem\app\build\generated\source\kapt\debug\com\tvonnet\debridxtreamiptv\features\vodv2\ui\MovieDetailFragmentV2_GeneratedInjector.java, D:\cursor working\debxtrem\app\build\generated\source\kapt\debug\com\tvonnet\debridxtreamiptv\features\vodv2\ui\MovieDetailViewModelV2_Factory.java, D:\cursor working\debxtrem\app\build\generated\source\kapt\debug\com\tvonnet\debridxtreamiptv\features\vodv2\ui\MovieDetailViewModelV2_HiltModules.java, D:\cursor working\debxtrem\app\build\generated\source\kapt\debug\com\tvonnet\debridxtreamiptv\features\vodv2\ui\MovieDetailViewModelV2_HiltModules_KeyModule_ProvideFactory.java, D:\cursor working\debxtrem\app\build\generated\source\kapt\debug\com\tvonnet\debridxtreamiptv\network\CompanionConfigServer_Factory.java, D:\cursor working\debxtrem\app\build\generated\source\kapt\debug\com\tvonnet\debridxtreamiptv\network\RemotePairingManager_Factory.java, D:\cursor working\debxtrem\app\build\generated\source\kapt\debug\com\tvonnet\debridxtreamiptv\player\Hilt_PlayerActivity.java, D:\cursor working\debxtrem\app\build\generated\source\kapt\debug\com\tvonnet\debridxtreamiptv\player\PlayerActivity_GeneratedInjector.java, D:\cursor working\debxtrem\app\build\generated\source\kapt\debug\com\tvonnet\debridxtreamiptv\player\PlayerActivity_MembersInjector.java, D:\cursor working\debxtrem\app\build\generated\source\kapt\debug\com\tvonnet\debridxtreamiptv\player\PlayerViewModel_Factory.java, D:\cursor working\debxtrem\app\build\generated\source\kapt\debug\com\tvonnet\debridxtreamiptv\player\PlayerViewModel_HiltModules.java, D:\cursor working\debxtrem\app\build\generated\source\kapt\debug\com\tvonnet\debridxtreamiptv\player\PlayerViewModel_HiltModules_KeyModule_ProvideFactory.java, D:\cursor working\debxtrem\app\build\generated\source\kapt\debug\com\tvonnet\debridxtreamiptv\ui\compose\ComposeMovieDetailActivity_GeneratedInjector.java, D:\cursor working\debxtrem\app\build\generated\source\kapt\debug\com\tvonnet\debridxtreamiptv\ui\compose\ComposeMovieDetailViewModel_Factory.java, D:\cursor working\debxtrem\app\build\generated\source\kapt\debug\com\tvonnet\debridxtreamiptv\ui\compose\ComposeMovieDetailViewModel_HiltModules.java, D:\cursor working\debxtrem\app\build\generated\source\kapt\debug\com\tvonnet\debridxtreamiptv\ui\compose\ComposeMovieDetailViewModel_HiltModules_KeyModule_ProvideFactory.java, D:\cursor working\debxtrem\app\build\generated\source\kapt\debug\com\tvonnet\debridxtreamiptv\ui\compose\Hilt_ComposeMovieDetailActivity.java, D:\cursor working\debxtrem\app\build\generated\source\kapt\debug\com\tvonnet\debridxtreamiptv\ui\debrid\DebridAuthFragment_GeneratedInjector.java, D:\cursor working\debxtrem\app\build\generated\source\kapt\debug\com\tvonnet\debridxtreamiptv\ui\debrid\DebridAuthViewModel_Factory.java, D:\cursor working\debxtrem\app\build\generated\source\kapt\debug\com\tvonnet\debridxtreamiptv\ui\debrid\DebridAuthViewModel_HiltModules.java, D:\cursor working\debxtrem\app\build\generated\source\kapt\debug\com\tvonnet\debridxtreamiptv\ui\debrid\DebridAuthViewModel_HiltModules_KeyModule_ProvideFactory.java, D:\cursor working\debxtrem\app\build\generated\source\kapt\debug\com\tvonnet\debridxtreamiptv\ui\debrid\DebridFragment_GeneratedInjector.java, D:\cursor working\debxtrem\app\build\generated\source\kapt\debug\com\tvonnet\debridxtreamiptv\ui\debrid\DebridFragment_MembersInjector.java, D:\cursor working\debxtrem\app\build\generated\source\kapt\debug\com\tvonnet\debridxtreamiptv\ui\debrid\DebridViewModel_Factory.java, D:\cursor working\debxtrem\app\build\generated\source\kapt\debug\com\tvonnet\debridxtreamiptv\ui\debrid\DebridViewModel_HiltModules.java, D:\cursor working\debxtrem\app\build\generated\source\kapt\debug\com\tvonnet\debridxtreamiptv\ui\debrid\DebridViewModel_HiltModules_KeyModule_ProvideFactory.java, D:\cursor working\debxtrem\app\build\generated\source\kapt\debug\com\tvonnet\debridxtreamiptv\ui\debrid\Hilt_DebridAuthFragment.java, D:\cursor working\debxtrem\app\build\generated\source\kapt\debug\com\tvonnet\debridxtreamiptv\ui\debrid\Hilt_DebridFragment.java, D:\cursor working\debxtrem\app\build\generated\source\kapt\debug\com\tvonnet\debridxtreamiptv\ui\debrid\search\DebridSearchActivity_GeneratedInjector.java, D:\cursor working\debxtrem\app\build\generated\source\kapt\debug\com\tvonnet\debridxtreamiptv\ui\debrid\search\DebridSearchViewModel_Factory.java, D:\cursor working\debxtrem\app\build\generated\source\kapt\debug\com\tvonnet\debridxtreamiptv\ui\debrid\search\DebridSearchViewModel_HiltModules.java, D:\cursor working\debxtrem\app\build\generated\source\kapt\debug\com\tvonnet\debridxtreamiptv\ui\debrid\search\DebridSearchViewModel_HiltModules_KeyModule_ProvideFactory.java, D:\cursor working\debxtrem\app\build\generated\source\kapt\debug\com\tvonnet\debridxtreamiptv\ui\debrid\search\Hilt_DebridSearchActivity.java, D:\cursor working\debxtrem\app\build\generated\source\kapt\debug\com\tvonnet\debridxtreamiptv\ui\epg\EpgFragment_GeneratedInjector.java, D:\cursor working\debxtrem\app\build\generated\source\kapt\debug\com\tvonnet\debridxtreamiptv\ui\epg\EpgViewModel_Factory.java, D:\cursor working\debxtrem\app\build\generated\source\kapt\debug\com\tvonnet\debridxtreamiptv\ui\epg\EpgViewModel_HiltModules.java, D:\cursor working\debxtrem\app\build\generated\source\kapt\debug\com\tvonnet\debridxtreamiptv\ui\epg\EpgViewModel_HiltModules_KeyModule_ProvideFactory.java, D:\cursor working\debxtrem\app\build\generated\source\kapt\debug\com\tvonnet\debridxtreamiptv\ui\epg\Hilt_EpgFragment.java, D:\cursor working\debxtrem\app\build\generated\source\kapt\debug\com\tvonnet\debridxtreamiptv\ui\favorites\FavoritesFragment_GeneratedInjector.java, D:\cursor working\debxtrem\app\build\generated\source\kapt\debug\com\tvonnet\debridxtreamiptv\ui\favorites\FavoritesViewModel_Factory.java, D:\cursor working\debxtrem\app\build\generated\source\kapt\debug\com\tvonnet\debridxtreamiptv\ui\favorites\FavoritesViewModel_HiltModules.java, D:\cursor working\debxtrem\app\build\generated\source\kapt\debug\com\tvonnet\debridxtreamiptv\ui\favorites\FavoritesViewModel_HiltModules_KeyModule_ProvideFactory.java, D:\cursor working\debxtrem\app\build\generated\source\kapt\debug\com\tvonnet\debridxtreamiptv\ui\favorites\Hilt_FavoritesFragment.java, D:\cursor working\debxtrem\app\build\generated\source\kapt\debug\com\tvonnet\debridxtreamiptv\ui\Hilt_HomeShellFragment.java, D:\cursor working\debxtrem\app\build\generated\source\kapt\debug\com\tvonnet\debridxtreamiptv\ui\Hilt_InitialSyncFragment.java, D:\cursor working\debxtrem\app\build\generated\source\kapt\debug\com\tvonnet\debridxtreamiptv\ui\Hilt_LoginFragment.java, D:\cursor working\debxtrem\app\build\generated\source\kapt\debug\com\tvonnet\debridxtreamiptv\ui\Hilt_MainActivity.java, D:\cursor working\debxtrem\app\build\generated\source\kapt\debug\com\tvonnet\debridxtreamiptv\ui\home\Hilt_HomeFragment.java, D:\cursor working\debxtrem\app\build\generated\source\kapt\debug\com\tvonnet\debridxtreamiptv\ui\home\Hilt_HomeFragmentModern.java, D:\cursor working\debxtrem\app\build\generated\source\kapt\debug\com\tvonnet\debridxtreamiptv\ui\home\Hilt_HomeFragmentRedesign.java, D:\cursor working\debxtrem\app\build\generated\source\kapt\debug\com\tvonnet\debridxtreamiptv\ui\home\HomeFragmentModern_GeneratedInjector.java, D:\cursor working\debxtrem\app\build\generated\source\kapt\debug\com\tvonnet\debridxtreamiptv\ui\home\HomeFragmentModern_MembersInjector.java, D:\cursor working\debxtrem\app\build\generated\source\kapt\debug\com\tvonnet\debridxtreamiptv\ui\home\HomeFragmentRedesign_GeneratedInjector.java, D:\cursor working\debxtrem\app\build\generated\source\kapt\debug\com\tvonnet\debridxtreamiptv\ui\home\HomeFragmentRedesign_MembersInjector.java, D:\cursor working\debxtrem\app\build\generated\source\kapt\debug\com\tvonnet\debridxtreamiptv\ui\home\HomeFragment_GeneratedInjector.java, D:\cursor working\debxtrem\app\build\generated\source\kapt\debug\com\tvonnet\debridxtreamiptv\ui\home\HomeFragment_MembersInjector.java, D:\cursor working\debxtrem\app\build\generated\source\kapt\debug\com\tvonnet\debridxtreamiptv\ui\home\HomeViewModel_Factory.java, D:\cursor working\debxtrem\app\build\generated\source\kapt\debug\com\tvonnet\debridxtreamiptv\ui\home\HomeViewModel_HiltModules.java, D:\cursor working\debxtrem\app\build\generated\source\kapt\debug\com\tvonnet\debridxtreamiptv\ui\home\HomeViewModel_HiltModules_KeyModule_ProvideFactory.java, D:\cursor working\debxtrem\app\build\generated\source\kapt\debug\com\tvonnet\debridxtreamiptv\ui\HomeShellFragment_GeneratedInjector.java, D:\cursor working\debxtrem\app\build\generated\source\kapt\debug\com\tvonnet\debridxtreamiptv\ui\HomeShellFragment_MembersInjector.java, D:\cursor working\debxtrem\app\build\generated\source\kapt\debug\com\tvonnet\debridxtreamiptv\ui\InitialSyncFragment_GeneratedInjector.java, D:\cursor working\debxtrem\app\build\generated\source\kapt\debug\com\tvonnet\debridxtreamiptv\ui\InitialSyncFragment_MembersInjector.java, D:\cursor working\debxtrem\app\build\generated\source\kapt\debug\com\tvonnet\debridxtreamiptv\ui\live\Hilt_LiveFragment.java, D:\cursor working\debxtrem\app\build\generated\source\kapt\debug\com\tvonnet\debridxtreamiptv\ui\live\LiveFragment_GeneratedInjector.java, D:\cursor working\debxtrem\app\build\generated\source\kapt\debug\com\tvonnet\debridxtreamiptv\ui\live\LiveFragment_MembersInjector.java, D:\cursor working\debxtrem\app\build\generated\source\kapt\debug\com\tvonnet\debridxtreamiptv\ui\live\LiveViewModel_Factory.java, D:\cursor working\debxtrem\app\build\generated\source\kapt\debug\com\tvonnet\debridxtreamiptv\ui\live\LiveViewModel_HiltModules.java, D:\cursor working\debxtrem\app\build\generated\source\kapt\debug\com\tvonnet\debridxtreamiptv\ui\live\LiveViewModel_HiltModules_KeyModule_ProvideFactory.java, D:\cursor working\debxtrem\app\build\generated\source\kapt\debug\com\tvonnet\debridxtreamiptv\ui\LoginFragment_GeneratedInjector.java, D:\cursor working\debxtrem\app\build\generated\source\kapt\debug\com\tvonnet\debridxtreamiptv\ui\LoginFragment_MembersInjector.java, D:\cursor working\debxtrem\app\build\generated\source\kapt\debug\com\tvonnet\debridxtreamiptv\ui\MainActivity_GeneratedInjector.java, D:\cursor working\debxtrem\app\build\generated\source\kapt\debug\com\tvonnet\debridxtreamiptv\ui\MainActivity_MembersInjector.java, D:\cursor working\debxtrem\app\build\generated\source\kapt\debug\com\tvonnet\debridxtreamiptv\ui\search\Hilt_SearchFragment.java, D:\cursor working\debxtrem\app\build\generated\source\kapt\debug\com\tvonnet\debridxtreamiptv\ui\search\SearchFragment_GeneratedInjector.java, D:\cursor working\debxtrem\app\build\generated\source\kapt\debug\com\tvonnet\debridxtreamiptv\ui\search\SearchViewModel_Factory.java, D:\cursor working\debxtrem\app\build\generated\source\kapt\debug\com\tvonnet\debridxtreamiptv\ui\search\SearchViewModel_HiltModules.java, D:\cursor working\debxtrem\app\build\generated\source\kapt\debug\com\tvonnet\debridxtreamiptv\ui\search\SearchViewModel_HiltModules_KeyModule_ProvideFactory.java, D:\cursor working\debxtrem\app\build\generated\source\kapt\debug\com\tvonnet\debridxtreamiptv\ui\series\Hilt_SeriesDetailActivity.java, D:\cursor working\debxtrem\app\build\generated\source\kapt\debug\com\tvonnet\debridxtreamiptv\ui\series\Hilt_SeriesFragment.java, D:\cursor working\debxtrem\app\build\generated\source\kapt\debug\com\tvonnet\debridxtreamiptv\ui\series\SeriesDetailActivity_GeneratedInjector.java, D:\cursor working\debxtrem\app\build\generated\source\kapt\debug\com\tvonnet\debridxtreamiptv\ui\series\SeriesDetailActivity_MembersInjector.java, D:\cursor working\debxtrem\app\build\generated\source\kapt\debug\com\tvonnet\debridxtreamiptv\ui\series\SeriesDetailViewModel_Factory.java, D:\cursor working\debxtrem\app\build\generated\source\kapt\debug\com\tvonnet\debridxtreamiptv\ui\series\SeriesDetailViewModel_HiltModules.java, D:\cursor working\debxtrem\app\build\generated\source\kapt\debug\com\tvonnet\debridxtreamiptv\ui\series\SeriesDetailViewModel_HiltModules_KeyModule_ProvideFactory.java, D:\cursor working\debxtrem\app\build\generated\source\kapt\debug\com\tvonnet\debridxtreamiptv\ui\series\SeriesFragment_GeneratedInjector.java, D:\cursor working\debxtrem\app\build\generated\source\kapt\debug\com\tvonnet\debridxtreamiptv\ui\series\SeriesViewModel_Factory.java, D:\cursor working\debxtrem\app\build\generated\source\kapt\debug\com\tvonnet\debridxtreamiptv\ui\series\SeriesViewModel_HiltModules.java, D:\cursor working\debxtrem\app\build\generated\source\kapt\debug\com\tvonnet\debridxtreamiptv\ui\series\SeriesViewModel_HiltModules_KeyModule_ProvideFactory.java, D:\cursor working\debxtrem\app\build\generated\source\kapt\debug\com\tvonnet\debridxtreamiptv\ui\settings\CategorySelectionDialog_GeneratedInjector.java, D:\cursor working\debxtrem\app\build\generated\source\kapt\debug\com\tvonnet\debridxtreamiptv\ui\settings\CategorySelectionDialog_MembersInjector.java, D:\cursor working\debxtrem\app\build\generated\source\kapt\debug\com\tvonnet\debridxtreamiptv\ui\settings\CompanionSetupFragment_GeneratedInjector.java, D:\cursor working\debxtrem\app\build\generated\source\kapt\debug\com\tvonnet\debridxtreamiptv\ui\settings\CompanionSetupFragment_MembersInjector.java, D:\cursor working\debxtrem\app\build\generated\source\kapt\debug\com\tvonnet\debridxtreamiptv\ui\settings\Hilt_CategorySelectionDialog.java, D:\cursor working\debxtrem\app\build\generated\source\kapt\debug\com\tvonnet\debridxtreamiptv\ui\settings\Hilt_CompanionSetupFragment.java, D:\cursor working\debxtrem\app\build\generated\source\kapt\debug\com\tvonnet\debridxtreamiptv\ui\settings\Hilt_MediaFusionConfigActivity.java, D:\cursor working\debxtrem\app\build\generated\source\kapt\debug\com\tvonnet\debridxtreamiptv\ui\settings\Hilt_SettingsFragment.java, D:\cursor working\debxtrem\app\build\generated\source\kapt\debug\com\tvonnet\debridxtreamiptv\ui\settings\Hilt_SettingsFragmentNew.java, D:\cursor working\debxtrem\app\build\generated\source\kapt\debug\com\tvonnet\debridxtreamiptv\ui\settings\MediaFusionConfigActivity_GeneratedInjector.java, D:\cursor working\debxtrem\app\build\generated\source\kapt\debug\com\tvonnet\debridxtreamiptv\ui\settings\MediaFusionConfigActivity_MembersInjector.java, D:\cursor working\debxtrem\app\build\generated\source\kapt\debug\com\tvonnet\debridxtreamiptv\ui\settings\SettingsFragmentNew_GeneratedInjector.java, D:\cursor working\debxtrem\app\build\generated\source\kapt\debug\com\tvonnet\debridxtreamiptv\ui\settings\SettingsFragmentNew_MembersInjector.java, D:\cursor working\debxtrem\app\build\generated\source\kapt\debug\com\tvonnet\debridxtreamiptv\ui\settings\SettingsFragment_GeneratedInjector.java, D:\cursor working\debxtrem\app\build\generated\source\kapt\debug\com\tvonnet\debridxtreamiptv\ui\settings\SettingsFragment_MembersInjector.java, D:\cursor working\debxtrem\app\build\generated\source\kapt\debug\com\tvonnet\debridxtreamiptv\ui\settings\SettingsViewModel_Factory.java, D:\cursor working\debxtrem\app\build\generated\source\kapt\debug\com\tvonnet\debridxtreamiptv\ui\settings\SettingsViewModel_HiltModules.java, D:\cursor working\debxtrem\app\build\generated\source\kapt\debug\com\tvonnet\debridxtreamiptv\ui\settings\SettingsViewModel_HiltModules_KeyModule_ProvideFactory.java, D:\cursor working\debxtrem\app\build\generated\source\kapt\debug\com\tvonnet\debridxtreamiptv\ui\vod\Hilt_MovieDetailActivity.java, D:\cursor working\debxtrem\app\build\generated\source\kapt\debug\com\tvonnet\debridxtreamiptv\ui\vod\Hilt_VodFragment.java, D:\cursor working\debxtrem\app\build\generated\source\kapt\debug\com\tvonnet\debridxtreamiptv\ui\vod\MovieDetailActivity_GeneratedInjector.java, D:\cursor working\debxtrem\app\build\generated\source\kapt\debug\com\tvonnet\debridxtreamiptv\ui\vod\MovieDetailActivity_MembersInjector.java, D:\cursor working\debxtrem\app\build\generated\source\kapt\debug\com\tvonnet\debridxtreamiptv\ui\vod\VodFragment_GeneratedInjector.java, D:\cursor working\debxtrem\app\build\generated\source\kapt\debug\com\tvonnet\debridxtreamiptv\ui\vod\VodFragment_MembersInjector.java, D:\cursor working\debxtrem\app\build\generated\source\kapt\debug\com\tvonnet\debridxtreamiptv\ui\vod\VodViewModel_Factory.java, D:\cursor working\debxtrem\app\build\generated\source\kapt\debug\com\tvonnet\debridxtreamiptv\ui\vod\VodViewModel_HiltModules.java, D:\cursor working\debxtrem\app\build\generated\source\kapt\debug\com\tvonnet\debridxtreamiptv\ui\vod\VodViewModel_HiltModules_KeyModule_ProvideFactory.java, D:\cursor working\debxtrem\app\build\generated\source\kapt\debug\com\tvonnet\debridxtreamiptv\util\GlideApp.java, D:\cursor working\debxtrem\app\build\generated\source\kapt\debug\com\tvonnet\debridxtreamiptv\util\GlideOptions.java, D:\cursor working\debxtrem\app\build\generated\source\kapt\debug\com\tvonnet\debridxtreamiptv\util\GlideRequest.java, D:\cursor working\debxtrem\app\build\generated\source\kapt\debug\com\tvonnet\debridxtreamiptv\util\GlideRequests.java, D:\cursor working\debxtrem\app\build\generated\source\kapt\debug\com\tvonnet\debridxtreamiptv\worker\DebridAuthRefreshWorker_AssistedFactory.java, D:\cursor working\debxtrem\app\build\generated\source\kapt\debug\com\tvonnet\debridxtreamiptv\worker\DebridAuthRefreshWorker_AssistedFactory_Impl.java, D:\cursor working\debxtrem\app\build\generated\source\kapt\debug\com\tvonnet\debridxtreamiptv\worker\DebridAuthRefreshWorker_Factory.java, D:\cursor working\debxtrem\app\build\generated\source\kapt\debug\com\tvonnet\debridxtreamiptv\worker\DebridAuthRefreshWorker_HiltModule.java, D:\cursor working\debxtrem\app\build\generated\source\kapt\debug\com\tvonnet\debridxtreamiptv\worker\EpgSyncWorker_AssistedFactory.java, D:\cursor working\debxtrem\app\build\generated\source\kapt\debug\com\tvonnet\debridxtreamiptv\worker\EpgSyncWorker_AssistedFactory_Impl.java, D:\cursor working\debxtrem\app\build\generated\source\kapt\debug\com\tvonnet\debridxtreamiptv\worker\EpgSyncWorker_Factory.java, D:\cursor working\debxtrem\app\build\generated\source\kapt\debug\com\tvonnet\debridxtreamiptv\worker\EpgSyncWorker_HiltModule.java, D:\cursor working\debxtrem\app\build\generated\source\kapt\debug\com\tvonnet\debridxtreamiptv\worker\SeriesSyncSchedulerImpl_Factory.java, D:\cursor working\debxtrem\app\build\generated\source\kapt\debug\com\tvonnet\debridxtreamiptv\worker\SeriesSyncWorker_AssistedFactory.java, D:\cursor working\debxtrem\app\build\generated\source\kapt\debug\com\tvonnet\debridxtreamiptv\worker\SeriesSyncWorker_AssistedFactory_Impl.java, D:\cursor working\debxtrem\app\build\generated\source\kapt\debug\com\tvonnet\debridxtreamiptv\worker\SeriesSyncWorker_Factory.java, D:\cursor working\debxtrem\app\build\generated\source\kapt\debug\com\tvonnet\debridxtreamiptv\worker\SeriesSyncWorker_HiltModule.java, D:\cursor working\debxtrem\app\build\generated\source\kapt\debug\dagger\hilt\internal\aggregatedroot\codegen\_com_tvonnet_debridxtreamiptv_App.java, D:\cursor working\debxtrem\app\build\generated\source\kapt\debug\hilt_aggregated_deps\_com_tvonnet_debridxtreamiptv_App_GeneratedInjector.java, D:\cursor working\debxtrem\app\build\generated\source\kapt\debug\hilt_aggregated_deps\_com_tvonnet_debridxtreamiptv_data_debrid_di_DebridModule.java, D:\cursor working\debxtrem\app\build\generated\source\kapt\debug\hilt_aggregated_deps\_com_tvonnet_debridxtreamiptv_di_AppModule.java, D:\cursor working\debxtrem\app\build\generated\source\kapt\debug\hilt_aggregated_deps\_com_tvonnet_debridxtreamiptv_di_CoroutinesModule.java, D:\cursor working\debxtrem\app\build\generated\source\kapt\debug\hilt_aggregated_deps\_com_tvonnet_debridxtreamiptv_di_WorkerModule.java, D:\cursor working\debxtrem\app\build\generated\source\kapt\debug\hilt_aggregated_deps\_com_tvonnet_debridxtreamiptv_features_seriesv2_ui_SeriesDetailFragmentV2_GeneratedInjector.java, D:\cursor working\debxtrem\app\build\generated\source\kapt\debug\hilt_aggregated_deps\_com_tvonnet_debridxtreamiptv_features_seriesv2_ui_SeriesDetailViewModelV2_HiltModules_BindsModule.java, D:\cursor working\debxtrem\app\build\generated\source\kapt\debug\hilt_aggregated_deps\_com_tvonnet_debridxtreamiptv_features_seriesv2_ui_SeriesDetailViewModelV2_HiltModules_KeyModule.java, D:\cursor working\debxtrem\app\build\generated\source\kapt\debug\hilt_aggregated_deps\_com_tvonnet_debridxtreamiptv_features_seriesv2_worker_SeriesCachePruningWorker_HiltModule.java, D:\cursor working\debxtrem\app\build\generated\source\kapt\debug\hilt_aggregated_deps\_com_tvonnet_debridxtreamiptv_features_vodv2_ui_MovieDetailFragmentV2_GeneratedInjector.java, D:\cursor working\debxtrem\app\build\generated\source\kapt\debug\hilt_aggregated_deps\_com_tvonnet_debridxtreamiptv_features_vodv2_ui_MovieDetailViewModelV2_HiltModules_BindsModule.java, D:\cursor working\debxtrem\app\build\generated\source\kapt\debug\hilt_aggregated_deps\_com_tvonnet_debridxtreamiptv_features_vodv2_ui_MovieDetailViewModelV2_HiltModules_KeyModule.java, D:\cursor working\debxtrem\app\build\generated\source\kapt\debug\hilt_aggregated_deps\_com_tvonnet_debridxtreamiptv_player_PlayerActivity_GeneratedInjector.java, D:\cursor working\debxtrem\app\build\generated\source\kapt\debug\hilt_aggregated_deps\_com_tvonnet_debridxtreamiptv_player_PlayerViewModel_HiltModules_BindsModule.java, D:\cursor working\debxtrem\app\build\generated\source\kapt\debug\hilt_aggregated_deps\_com_tvonnet_debridxtreamiptv_player_PlayerViewModel_HiltModules_KeyModule.java, D:\cursor working\debxtrem\app\build\generated\source\kapt\debug\hilt_aggregated_deps\_com_tvonnet_debridxtreamiptv_ui_compose_ComposeMovieDetailActivity_GeneratedInjector.java, D:\cursor working\debxtrem\app\build\generated\source\kapt\debug\hilt_aggregated_deps\_com_tvonnet_debridxtreamiptv_ui_compose_ComposeMovieDetailViewModel_HiltModules_BindsModule.java, D:\cursor working\debxtrem\app\build\generated\source\kapt\debug\hilt_aggregated_deps\_com_tvonnet_debridxtreamiptv_ui_compose_ComposeMovieDetailViewModel_HiltModules_KeyModule.java, D:\cursor working\debxtrem\app\build\generated\source\kapt\debug\hilt_aggregated_deps\_com_tvonnet_debridxtreamiptv_ui_debrid_DebridAuthFragment_GeneratedInjector.java, D:\cursor working\debxtrem\app\build\generated\source\kapt\debug\hilt_aggregated_deps\_com_tvonnet_debridxtreamiptv_ui_debrid_DebridAuthViewModel_HiltModules_BindsModule.java, D:\cursor working\debxtrem\app\build\generated\source\kapt\debug\hilt_aggregated_deps\_com_tvonnet_debridxtreamiptv_ui_debrid_DebridAuthViewModel_HiltModules_KeyModule.java, D:\cursor working\debxtrem\app\build\generated\source\kapt\debug\hilt_aggregated_deps\_com_tvonnet_debridxtreamiptv_ui_debrid_DebridFragment_GeneratedInjector.java, D:\cursor working\debxtrem\app\build\generated\source\kapt\debug\hilt_aggregated_deps\_com_tvonnet_debridxtreamiptv_ui_debrid_DebridViewModel_HiltModules_BindsModule.java, D:\cursor working\debxtrem\app\build\generated\source\kapt\debug\hilt_aggregated_deps\_com_tvonnet_debridxtreamiptv_ui_debrid_DebridViewModel_HiltModules_KeyModule.java, D:\cursor working\debxtrem\app\build\generated\source\kapt\debug\hilt_aggregated_deps\_com_tvonnet_debridxtreamiptv_ui_debrid_search_DebridSearchActivity_GeneratedInjector.java, D:\cursor working\debxtrem\app\build\generated\source\kapt\debug\hilt_aggregated_deps\_com_tvonnet_debridxtreamiptv_ui_debrid_search_DebridSearchViewModel_HiltModules_BindsModule.java, D:\cursor working\debxtrem\app\build\generated\source\kapt\debug\hilt_aggregated_deps\_com_tvonnet_debridxtreamiptv_ui_debrid_search_DebridSearchViewModel_HiltModules_KeyModule.java, D:\cursor working\debxtrem\app\build\generated\source\kapt\debug\hilt_aggregated_deps\_com_tvonnet_debridxtreamiptv_ui_epg_EpgFragment_GeneratedInjector.java, D:\cursor working\debxtrem\app\build\generated\source\kapt\debug\hilt_aggregated_deps\_com_tvonnet_debridxtreamiptv_ui_epg_EpgViewModel_HiltModules_BindsModule.java, D:\cursor working\debxtrem\app\build\generated\source\kapt\debug\hilt_aggregated_deps\_com_tvonnet_debridxtreamiptv_ui_epg_EpgViewModel_HiltModules_KeyModule.java, D:\cursor working\debxtrem\app\build\generated\source\kapt\debug\hilt_aggregated_deps\_com_tvonnet_debridxtreamiptv_ui_favorites_FavoritesFragment_GeneratedInjector.java, D:\cursor working\debxtrem\app\build\generated\source\kapt\debug\hilt_aggregated_deps\_com_tvonnet_debridxtreamiptv_ui_favorites_FavoritesViewModel_HiltModules_BindsModule.java, D:\cursor working\debxtrem\app\build\generated\source\kapt\debug\hilt_aggregated_deps\_com_tvonnet_debridxtreamiptv_ui_favorites_FavoritesViewModel_HiltModules_KeyModule.java, D:\cursor working\debxtrem\app\build\generated\source\kapt\debug\hilt_aggregated_deps\_com_tvonnet_debridxtreamiptv_ui_HomeShellFragment_GeneratedInjector.java, D:\cursor working\debxtrem\app\build\generated\source\kapt\debug\hilt_aggregated_deps\_com_tvonnet_debridxtreamiptv_ui_home_HomeFragmentModern_GeneratedInjector.java, D:\cursor working\debxtrem\app\build\generated\source\kapt\debug\hilt_aggregated_deps\_com_tvonnet_debridxtreamiptv_ui_home_HomeFragmentRedesign_GeneratedInjector.java, D:\cursor working\debxtrem\app\build\generated\source\kapt\debug\hilt_aggregated_deps\_com_tvonnet_debridxtreamiptv_ui_home_HomeFragment_GeneratedInjector.java, D:\cursor working\debxtrem\app\build\generated\source\kapt\debug\hilt_aggregated_deps\_com_tvonnet_debridxtreamiptv_ui_home_HomeViewModel_HiltModules_BindsModule.java, D:\cursor working\debxtrem\app\build\generated\source\kapt\debug\hilt_aggregated_deps\_com_tvonnet_debridxtreamiptv_ui_home_HomeViewModel_HiltModules_KeyModule.java, D:\cursor working\debxtrem\app\build\generated\source\kapt\debug\hilt_aggregated_deps\_com_tvonnet_debridxtreamiptv_ui_InitialSyncFragment_GeneratedInjector.java, D:\cursor working\debxtrem\app\build\generated\source\kapt\debug\hilt_aggregated_deps\_com_tvonnet_debridxtreamiptv_ui_live_LiveFragment_GeneratedInjector.java, D:\cursor working\debxtrem\app\build\generated\source\kapt\debug\hilt_aggregated_deps\_com_tvonnet_debridxtreamiptv_ui_live_LiveViewModel_HiltModules_BindsModule.java, D:\cursor working\debxtrem\app\build\generated\source\kapt\debug\hilt_aggregated_deps\_com_tvonnet_debridxtreamiptv_ui_live_LiveViewModel_HiltModules_KeyModule.java, D:\cursor working\debxtrem\app\build\generated\source\kapt\debug\hilt_aggregated_deps\_com_tvonnet_debridxtreamiptv_ui_LoginFragment_GeneratedInjector.java, D:\cursor working\debxtrem\app\build\generated\source\kapt\debug\hilt_aggregated_deps\_com_tvonnet_debridxtreamiptv_ui_MainActivity_GeneratedInjector.java, D:\cursor working\debxtrem\app\build\generated\source\kapt\debug\hilt_aggregated_deps\_com_tvonnet_debridxtreamiptv_ui_search_SearchFragment_GeneratedInjector.java, D:\cursor working\debxtrem\app\build\generated\source\kapt\debug\hilt_aggregated_deps\_com_tvonnet_debridxtreamiptv_ui_search_SearchViewModel_HiltModules_BindsModule.java, D:\cursor working\debxtrem\app\build\generated\source\kapt\debug\hilt_aggregated_deps\_com_tvonnet_debridxtreamiptv_ui_search_SearchViewModel_HiltModules_KeyModule.java, D:\cursor working\debxtrem\app\build\generated\source\kapt\debug\hilt_aggregated_deps\_com_tvonnet_debridxtreamiptv_ui_series_SeriesDetailActivity_GeneratedInjector.java, D:\cursor working\debxtrem\app\build\generated\source\kapt\debug\hilt_aggregated_deps\_com_tvonnet_debridxtreamiptv_ui_series_SeriesDetailViewModel_HiltModules_BindsModule.java, D:\cursor working\debxtrem\app\build\generated\source\kapt\debug\hilt_aggregated_deps\_com_tvonnet_debridxtreamiptv_ui_series_SeriesDetailViewModel_HiltModules_KeyModule.java, D:\cursor working\debxtrem\app\build\generated\source\kapt\debug\hilt_aggregated_deps\_com_tvonnet_debridxtreamiptv_ui_series_SeriesFragment_GeneratedInjector.java, D:\cursor working\debxtrem\app\build\generated\source\kapt\debug\hilt_aggregated_deps\_com_tvonnet_debridxtreamiptv_ui_series_SeriesViewModel_HiltModules_BindsModule.java, D:\cursor working\debxtrem\app\build\generated\source\kapt\debug\hilt_aggregated_deps\_com_tvonnet_debridxtreamiptv_ui_series_SeriesViewModel_HiltModules_KeyModule.java, D:\cursor working\debxtrem\app\build\generated\source\kapt\debug\hilt_aggregated_deps\_com_tvonnet_debridxtreamiptv_ui_settings_CategorySelectionDialog_GeneratedInjector.java, D:\cursor working\debxtrem\app\build\generated\source\kapt\debug\hilt_aggregated_deps\_com_tvonnet_debridxtreamiptv_ui_settings_CompanionSetupFragment_GeneratedInjector.java, D:\cursor working\debxtrem\app\build\generated\source\kapt\debug\hilt_aggregated_deps\_com_tvonnet_debridxtreamiptv_ui_settings_MediaFusionConfigActivity_GeneratedInjector.java, D:\cursor working\debxtrem\app\build\generated\source\kapt\debug\hilt_aggregated_deps\_com_tvonnet_debridxtreamiptv_ui_settings_SettingsFragmentNew_GeneratedInjector.java, D:\cursor working\debxtrem\app\build\generated\source\kapt\debug\hilt_aggregated_deps\_com_tvonnet_debridxtreamiptv_ui_settings_SettingsFragment_GeneratedInjector.java, D:\cursor working\debxtrem\app\build\generated\source\kapt\debug\hilt_aggregated_deps\_com_tvonnet_debridxtreamiptv_ui_settings_SettingsViewModel_HiltModules_BindsModule.java, D:\cursor working\debxtrem\app\build\generated\source\kapt\debug\hilt_aggregated_deps\_com_tvonnet_debridxtreamiptv_ui_settings_SettingsViewModel_HiltModules_KeyModule.java, D:\cursor working\debxtrem\app\build\generated\source\kapt\debug\hilt_aggregated_deps\_com_tvonnet_debridxtreamiptv_ui_vod_MovieDetailActivity_GeneratedInjector.java, D:\cursor working\debxtrem\app\build\generated\source\kapt\debug\hilt_aggregated_deps\_com_tvonnet_debridxtreamiptv_ui_vod_VodFragment_GeneratedInjector.java, D:\cursor working\debxtrem\app\build\generated\source\kapt\debug\hilt_aggregated_deps\_com_tvonnet_debridxtreamiptv_ui_vod_VodViewModel_HiltModules_BindsModule.java, D:\cursor working\debxtrem\app\build\generated\source\kapt\debug\hilt_aggregated_deps\_com_tvonnet_debridxtreamiptv_ui_vod_VodViewModel_HiltModules_KeyModule.java, D:\cursor working\debxtrem\app\build\generated\source\kapt\debug\hilt_aggregated_deps\_com_tvonnet_debridxtreamiptv_worker_DebridAuthRefreshWorker_HiltModule.java, D:\cursor working\debxtrem\app\build\generated\source\kapt\debug\hilt_aggregated_deps\_com_tvonnet_debridxtreamiptv_worker_EpgSyncWorker_HiltModule.java, D:\cursor working\debxtrem\app\build\generated\source\kapt\debug\hilt_aggregated_deps\_com_tvonnet_debridxtreamiptv_worker_SeriesSyncWorker_HiltModule.java
Script source files: 
Script file extensions: 
Using Kotlin/JVM incremental compilation
[KOTLIN] Kotlin compilation 'jdkHome' argument: null
./gradlew : e: file:///D:/cursor%20w
orking/debxtrem/app/src/main/java/co
m/tvonnet/debridxtreamiptv/ui/vod/Mo
vieDetailActivity.kt:651:20 
Unresolved reference. None of the 
following candidates is applicable 
because of receiver type mismatch: 
At line:1 char:1
+ ./gradlew compileDebugKotlin 2>&1 
| Out-File -FilePath "compile_error 
...
+ ~~~~~~~~~~~~~~~~~~~~~~~~~~~~~~~~~
    + CategoryInfo          : NotSp 
   ecified: (e: file:///D:/c...typ  
  e mismatch: :String) [], Remote   
 Exception
    + FullyQualifiedErrorId : Nativ 
   eCommandError
 
public inline fun <T> Result<TypeVar
iable(T)>.onSuccess(action: (value: 
TypeVariable(T)) -> Unit): 
Result<TypeVariable(T)> defined in 
kotlin
e: file:///D:/cursor%20working/debxt
rem/app/src/main/java/com/tvonnet/de
bridxtreamiptv/ui/vod/MovieDetailAct
ivity.kt:651:32 Cannot infer a type 
for this parameter. Please specify 
it explicitly.
e: file:///D:/cursor%20working/debxt
rem/app/src/main/java/com/tvonnet/de
bridxtreamiptv/ui/vod/MovieDetailAct
ivity.kt:653:21 Unresolved 
reference: it
e: file:///D:/cursor%20working/debxt
rem/app/src/main/java/com/tvonnet/de
bridxtreamiptv/ui/vod/MovieDetailAct
ivity.kt:653:58 Unresolved 
reference: it
e: file:///D:/cursor%20working/debxt
rem/app/src/main/java/com/tvonnet/de
bridxtreamiptv/ui/vod/MovieDetailAct
ivity.kt:655:21 Unresolved 
reference: it
e: file:///D:/cursor%20working/debxt
rem/app/src/main/java/com/tvonnet/de
bridxtreamiptv/ui/vod/MovieDetailAct
ivity.kt:957:20 Unresolved 
reference. None of the following 
candidates is applicable because of 
receiver type mismatch: 
public inline fun <T> Result<TypeVar
iable(T)>.onSuccess(action: (value: 
TypeVariable(T)) -> Unit): 
Result<TypeVariable(T)> defined in 
kotlin
e: file:///D:/cursor%20working/debxt
rem/app/src/main/java/com/tvonnet/de
bridxtreamiptv/ui/vod/MovieDetailAct
ivity.kt:957:32 Cannot infer a type 
for this parameter. Please specify 
it explicitly.
e: file:///D:/cursor%20working/debxt
rem/app/src/main/java/com/tvonnet/de
bridxtreamiptv/ui/vod/MovieDetailAct
ivity.kt:980:27 Cannot infer a type 
for this parameter. Please specify 
it explicitly.
e: file:///D:/cursor%20working/debxt
rem/app/src/main/java/com/tvonnet/de
bridxtreamiptv/ui/vod/MovieDetailAct
ivity.kt:1085:20 Unresolved 
reference. None of the following 
candidates is applicable because of 
receiver type mismatch: 
public inline fun <T> Result<TypeVar
iable(T)>.onSuccess(action: (value: 
TypeVariable(T)) -> Unit): 
Result<TypeVariable(T)> defined in 
kotlin
e: file:///D:/cursor%20working/debxt
rem/app/src/main/java/com/tvonnet/de
bridxtreamiptv/ui/vod/MovieDetailAct
ivity.kt:1085:32 Cannot infer a 
type for this parameter. Please 
specify it explicitly.
e: file:///D:/cursor%20working/debxt
rem/app/src/main/java/com/tvonnet/de
bridxtreamiptv/ui/vod/MovieDetailAct
ivity.kt:1105:27 Cannot infer a 
type for this parameter. Please 
specify it explicitly.

> Task :app:compileDebugKotlin FAILED
Kotlin build report is written to file:///D:/cursor%20working/debxtrem/build/reports/kotlin-build/DebridXtreamIPTV-build-2026-02-13-19-36-26-0.txt

FAILURE: Build failed with an 
exception.

* What went wrong:
Execution failed for task 
':app:compileDebugKotlin'.
> A failure occurred while 
executing org.jetbrains.kotlin.compi
lerRunner.GradleCompilerRunnerWithWo
rkers$GradleKotlinCompilerWorkAction
   > Compilation error. See log for 
more details

* Try:
> Run with --stacktrace option to 
get the stack trace.
> Run with --debug option to get 
more log output.
> Run with --scan to get full 
insights.
> Get more help at 
https://help.gradle.org.

Deprecated Gradle features were used in this build, making it incompatible with Gradle 9.0.

You can use '--warning-mode all' to show the individual deprecation warnings and determine if they come from your own scripts or plugins.

For more on this, please refer to https://docs.gradle.org/8.9/userguide/command_line_interface.html#sec:command_line_warnings in the Gradle documentation.

BUILD FAILED in 2m 44s
21 actionable tasks: 2 executed, 19 up-to-date
Watched directory hierarchies: [D:\cursor working\debxtrem]
